
==========================================================================
resizer report_tns
--------------------------------------------------------------------------
tns max 0.00

==========================================================================
resizer report_wns
--------------------------------------------------------------------------
wns max 0.00

==========================================================================
resizer report_worst_slack
--------------------------------------------------------------------------
worst slack max 7.29

==========================================================================
resizer report_clock_min_period
--------------------------------------------------------------------------
clk period_min = 12.71 fmax = 78.68

==========================================================================
resizer report_checks -path_delay min
--------------------------------------------------------------------------
Startpoint: load_q[541]$_DFFE_PN0P_
            (rising edge-triggered flip-flop clocked by clk)
Endpoint: load_q[541]$_DFFE_PN0P_
          (rising edge-triggered flip-flop clocked by clk)
Path Group: clk
Path Type: min

Fanout     Cap    Slew   Delay    Time   Description
-----------------------------------------------------------------------------
                  0.00    0.00    0.00   clock clk (rise edge)
                          0.00    0.00   clock network delay (ideal)
                  0.00    0.00    0.00 ^ load_q[541]$_DFFE_PN0P_/CLK (sky130_fd_sc_hd__dfrtp_1)
     2    0.01    0.07    0.32    0.32 ^ load_q[541]$_DFFE_PN0P_/Q (sky130_fd_sc_hd__dfrtp_1)
                                         load_q[541] (net)
                  0.07    0.00    0.32 ^ _17733_/A (sky130_fd_sc_hd__nand2_1)
     1    0.00    0.03    0.05    0.36 v _17733_/Y (sky130_fd_sc_hd__nand2_1)
                                         _14451_ (net)
                  0.03    0.00    0.36 v _17734_/B1 (sky130_fd_sc_hd__o21ai_0)
     1    0.00    0.06    0.06    0.42 ^ _17734_/Y (sky130_fd_sc_hd__o21ai_0)
                                         _01068_ (net)
                  0.06    0.00    0.42 ^ load_q[541]$_DFFE_PN0P_/D (sky130_fd_sc_hd__dfrtp_1)
                                  0.42   data arrival time

                  0.00    0.00    0.00   clock clk (rise edge)
                          0.00    0.00   clock network delay (ideal)
                          0.25    0.25   clock uncertainty
                          0.00    0.25   clock reconvergence pessimism
                                  0.25 ^ load_q[541]$_DFFE_PN0P_/CLK (sky130_fd_sc_hd__dfrtp_1)
                         -0.04    0.21   library hold time
                                  0.21   data required time
-----------------------------------------------------------------------------
                                  0.21   data required time
                                 -0.42   data arrival time
-----------------------------------------------------------------------------
                                  0.21   slack (MET)



==========================================================================
resizer report_checks -path_delay max
--------------------------------------------------------------------------
Startpoint: lane_idx[0] (input port clocked by clk)
Endpoint: lane_rdata[40] (output port clocked by clk)
Path Group: clk
Path Type: max

Fanout     Cap    Slew   Delay    Time   Description
-----------------------------------------------------------------------------
                  0.00    0.00    0.00   clock clk (rise edge)
                          0.00    0.00   clock network delay (ideal)
                          4.00    4.00 ^ input external delay
     1    0.01    0.00    0.00    4.00 ^ lane_idx[0] (in)
                                         lane_idx[0] (net)
                  0.00    0.00    4.00 ^ input1/A (sky130_fd_sc_hd__buf_8)
    62    0.43    0.69    0.48    4.48 ^ input1/X (sky130_fd_sc_hd__buf_8)
                                         net1 (net)
                  0.69    0.04    4.52 ^ place1313/A (sky130_fd_sc_hd__buf_4)
    32    0.26    0.69    0.68    5.19 ^ place1313/X (sky130_fd_sc_hd__buf_4)
                                         net1313 (net)
                  0.70    0.04    5.24 ^ place1312/A (sky130_fd_sc_hd__buf_4)
    27    0.21    0.56    0.58    5.82 ^ place1312/X (sky130_fd_sc_hd__buf_4)
                                         net1312 (net)
                  0.56    0.04    5.86 ^ place1311/A (sky130_fd_sc_hd__buf_4)
    38    0.27    0.73    0.68    6.54 ^ place1311/X (sky130_fd_sc_hd__buf_4)
                                         net1311 (net)
                  0.74    0.06    6.60 ^ _28773_/S0 (sky130_fd_sc_hd__mux4_2)
     1    0.00    0.08    0.58    7.18 v _28773_/X (sky130_fd_sc_hd__mux4_2)
                                         _11901_ (net)
                  0.08    0.00    7.18 v _28774_/A1 (sky130_fd_sc_hd__mux2i_1)
     1    0.01    0.17    0.18    7.36 ^ _28774_/Y (sky130_fd_sc_hd__mux2i_1)
                                         _11902_ (net)
                  0.17    0.00    7.36 ^ _28775_/B1 (sky130_fd_sc_hd__o22ai_1)
     1    0.00    0.15    0.11    7.47 v _28775_/Y (sky130_fd_sc_hd__o22ai_1)
                                         _11903_ (net)
                  0.15    0.00    7.47 v _28776_/C1 (sky130_fd_sc_hd__a211o_1)
     1    0.03    0.17    0.39    7.86 v _28776_/X (sky130_fd_sc_hd__a211o_1)
                                         net110 (net)
                  0.17    0.00    7.87 v output110/A (sky130_fd_sc_hd__clkdlybuf4s50_1)
     1    0.02    0.18    0.59    8.46 v output110/X (sky130_fd_sc_hd__clkdlybuf4s50_1)
                                         lane_rdata[40] (net)
                  0.18    0.00    8.46 v lane_rdata[40] (out)
                                  8.46   data arrival time

                  0.00   20.00   20.00   clock clk (rise edge)
                          0.00   20.00   clock network delay (ideal)
                         -0.25   19.75   clock uncertainty
                          0.00   19.75   clock reconvergence pessimism
                         -4.00   15.75   output external delay
                                 15.75   data required time
-----------------------------------------------------------------------------
                                 15.75   data required time
                                 -8.46   data arrival time
-----------------------------------------------------------------------------
                                  7.29   slack (MET)



==========================================================================
resizer report_checks -unconstrained
--------------------------------------------------------------------------
Startpoint: lane_idx[0] (input port clocked by clk)
Endpoint: lane_rdata[40] (output port clocked by clk)
Path Group: clk
Path Type: max

Fanout     Cap    Slew   Delay    Time   Description
-----------------------------------------------------------------------------
                  0.00    0.00    0.00   clock clk (rise edge)
                          0.00    0.00   clock network delay (ideal)
                          4.00    4.00 ^ input external delay
     1    0.01    0.00    0.00    4.00 ^ lane_idx[0] (in)
                                         lane_idx[0] (net)
                  0.00    0.00    4.00 ^ input1/A (sky130_fd_sc_hd__buf_8)
    62    0.43    0.69    0.48    4.48 ^ input1/X (sky130_fd_sc_hd__buf_8)
                                         net1 (net)
                  0.69    0.04    4.52 ^ place1313/A (sky130_fd_sc_hd__buf_4)
    32    0.26    0.69    0.68    5.19 ^ place1313/X (sky130_fd_sc_hd__buf_4)
                                         net1313 (net)
                  0.70    0.04    5.24 ^ place1312/A (sky130_fd_sc_hd__buf_4)
    27    0.21    0.56    0.58    5.82 ^ place1312/X (sky130_fd_sc_hd__buf_4)
                                         net1312 (net)
                  0.56    0.04    5.86 ^ place1311/A (sky130_fd_sc_hd__buf_4)
    38    0.27    0.73    0.68    6.54 ^ place1311/X (sky130_fd_sc_hd__buf_4)
                                         net1311 (net)
                  0.74    0.06    6.60 ^ _28773_/S0 (sky130_fd_sc_hd__mux4_2)
     1    0.00    0.08    0.58    7.18 v _28773_/X (sky130_fd_sc_hd__mux4_2)
                                         _11901_ (net)
                  0.08    0.00    7.18 v _28774_/A1 (sky130_fd_sc_hd__mux2i_1)
     1    0.01    0.17    0.18    7.36 ^ _28774_/Y (sky130_fd_sc_hd__mux2i_1)
                                         _11902_ (net)
                  0.17    0.00    7.36 ^ _28775_/B1 (sky130_fd_sc_hd__o22ai_1)
     1    0.00    0.15    0.11    7.47 v _28775_/Y (sky130_fd_sc_hd__o22ai_1)
                                         _11903_ (net)
                  0.15    0.00    7.47 v _28776_/C1 (sky130_fd_sc_hd__a211o_1)
     1    0.03    0.17    0.39    7.86 v _28776_/X (sky130_fd_sc_hd__a211o_1)
                                         net110 (net)
                  0.17    0.00    7.87 v output110/A (sky130_fd_sc_hd__clkdlybuf4s50_1)
     1    0.02    0.18    0.59    8.46 v output110/X (sky130_fd_sc_hd__clkdlybuf4s50_1)
                                         lane_rdata[40] (net)
                  0.18    0.00    8.46 v lane_rdata[40] (out)
                                  8.46   data arrival time

                  0.00   20.00   20.00   clock clk (rise edge)
                          0.00   20.00   clock network delay (ideal)
                         -0.25   19.75   clock uncertainty
                          0.00   19.75   clock reconvergence pessimism
                         -4.00   15.75   output external delay
                                 15.75   data required time
-----------------------------------------------------------------------------
                                 15.75   data required time
                                 -8.46   data arrival time
-----------------------------------------------------------------------------
                                  7.29   slack (MET)



==========================================================================
resizer report_check_types -max_slew -max_cap -max_fanout -violators
--------------------------------------------------------------------------

==========================================================================
resizer max_slew_check_slack
--------------------------------------------------------------------------
0.19006818532943726

==========================================================================
resizer max_slew_check_limit
--------------------------------------------------------------------------
1.496662974357605

==========================================================================
resizer max_slew_check_slack_limit
--------------------------------------------------------------------------
0.1270

==========================================================================
resizer max_fanout_check_slack
--------------------------------------------------------------------------
1.0000000150474662e+30

==========================================================================
resizer max_fanout_check_limit
--------------------------------------------------------------------------
1.0000000150474662e+30

==========================================================================
resizer max_capacitance_check_slack
--------------------------------------------------------------------------
0.019185343757271767

==========================================================================
resizer max_capacitance_check_limit
--------------------------------------------------------------------------
0.03663099929690361

==========================================================================
resizer max_capacitance_check_slack_limit
--------------------------------------------------------------------------
0.5237

==========================================================================
resizer max_slew_violation_count
--------------------------------------------------------------------------
max slew violation count 0

==========================================================================
resizer max_fanout_violation_count
--------------------------------------------------------------------------
max fanout violation count 0

==========================================================================
resizer max_cap_violation_count
--------------------------------------------------------------------------
max cap violation count 0

==========================================================================
resizer setup_violation_count
--------------------------------------------------------------------------
setup violation count 0

==========================================================================
resizer hold_violation_count
--------------------------------------------------------------------------
hold violation count 0

==========================================================================
resizer report_checks -path_delay max reg to reg
--------------------------------------------------------------------------
Startpoint: u_core.busy$_DFF_PN0_
            (rising edge-triggered flip-flop clocked by clk)
Endpoint: u_core.state_out[920]$_DFFE_PN0P_
          (rising edge-triggered flip-flop clocked by clk)
Path Group: clk
Path Type: max

  Delay    Time   Description
---------------------------------------------------------
   0.00    0.00   clock clk (rise edge)
   0.00    0.00   clock network delay (ideal)
   0.00    0.00 ^ u_core.busy$_DFF_PN0_/CLK (sky130_fd_sc_hd__dfrtp_1)
   0.49    0.49 v u_core.busy$_DFF_PN0_/Q (sky130_fd_sc_hd__dfrtp_1)
   0.53    1.02 ^ _18862_/Y (sky130_fd_sc_hd__nand2b_4)
   0.70    1.71 ^ place1223/X (sky130_fd_sc_hd__buf_4)
   0.81    2.53 ^ place1218/X (sky130_fd_sc_hd__buf_4)
   0.86    3.39 ^ place1216/X (sky130_fd_sc_hd__buf_4)
   1.00    4.39 ^ place1215/X (sky130_fd_sc_hd__buf_4)
   0.25    4.64 v _23530_/Y (sky130_fd_sc_hd__o21ai_0)
   0.00    4.64 v u_core.state_out[920]$_DFFE_PN0P_/D (sky130_fd_sc_hd__dfrtp_1)
           4.64   data arrival time

  20.00   20.00   clock clk (rise edge)
   0.00   20.00   clock network delay (ideal)
  -0.25   19.75   clock uncertainty
   0.00   19.75   clock reconvergence pessimism
          19.75 ^ u_core.state_out[920]$_DFFE_PN0P_/CLK (sky130_fd_sc_hd__dfrtp_1)
  -0.18   19.57   library setup time
          19.57   data required time
---------------------------------------------------------
          19.57   data required time
          -4.64   data arrival time
---------------------------------------------------------
          14.94   slack (MET)



==========================================================================
resizer report_checks -path_delay min reg to reg
--------------------------------------------------------------------------
Startpoint: load_q[541]$_DFFE_PN0P_
            (rising edge-triggered flip-flop clocked by clk)
Endpoint: load_q[541]$_DFFE_PN0P_
          (rising edge-triggered flip-flop clocked by clk)
Path Group: clk
Path Type: min

  Delay    Time   Description
---------------------------------------------------------
   0.00    0.00   clock clk (rise edge)
   0.00    0.00   clock network delay (ideal)
   0.00    0.00 ^ load_q[541]$_DFFE_PN0P_/CLK (sky130_fd_sc_hd__dfrtp_1)
   0.32    0.32 ^ load_q[541]$_DFFE_PN0P_/Q (sky130_fd_sc_hd__dfrtp_1)
   0.05    0.36 v _17733_/Y (sky130_fd_sc_hd__nand2_1)
   0.06    0.42 ^ _17734_/Y (sky130_fd_sc_hd__o21ai_0)
   0.00    0.42 ^ load_q[541]$_DFFE_PN0P_/D (sky130_fd_sc_hd__dfrtp_1)
           0.42   data arrival time

   0.00    0.00   clock clk (rise edge)
   0.00    0.00   clock network delay (ideal)
   0.25    0.25   clock uncertainty
   0.00    0.25   clock reconvergence pessimism
           0.25 ^ load_q[541]$_DFFE_PN0P_/CLK (sky130_fd_sc_hd__dfrtp_1)
  -0.04    0.21   library hold time
           0.21   data required time
---------------------------------------------------------
           0.21   data required time
          -0.42   data arrival time
---------------------------------------------------------
           0.21   slack (MET)



==========================================================================
resizer critical path target clock latency max path
--------------------------------------------------------------------------
0.0000

==========================================================================
resizer critical path target clock latency min path
--------------------------------------------------------------------------
0.0000

==========================================================================
resizer critical path source clock latency min path
--------------------------------------------------------------------------
0.0000

==========================================================================
resizer critical path delay
--------------------------------------------------------------------------
8.4602

==========================================================================
resizer critical path slack
--------------------------------------------------------------------------
7.2898

==========================================================================
resizer slack div critical path delay
--------------------------------------------------------------------------
86.165812

==========================================================================
resizer report_power
--------------------------------------------------------------------------
Group                  Internal  Switching    Leakage      Total
                          Power      Power      Power      Power (Watts)
----------------------------------------------------------------
Sequential             8.50e-03   3.15e-03   4.43e-08   1.16e-02   6.0%
Combinational          5.57e-02   1.28e-01   5.85e-08   1.83e-01  94.0%
Clock                  0.00e+00   0.00e+00   0.00e+00   0.00e+00   0.0%
Macro                  0.00e+00   0.00e+00   0.00e+00   0.00e+00   0.0%
Pad                    0.00e+00   0.00e+00   0.00e+00   0.00e+00   0.0%
----------------------------------------------------------------
Total                  6.42e-02   1.31e-01   1.03e-07   1.95e-01 100.0%
                          32.9%      67.1%       0.0%
