
==========================================================================
global route report_tns
--------------------------------------------------------------------------
tns max 0.00

==========================================================================
global route report_wns
--------------------------------------------------------------------------
wns max 0.00

==========================================================================
global route report_worst_slack
--------------------------------------------------------------------------
worst slack max 7.01

==========================================================================
global route report_clock_min_period
--------------------------------------------------------------------------
clk period_min = 12.99 fmax = 76.96

==========================================================================
global route report_clock_skew
--------------------------------------------------------------------------
Clock clk
   1.09 source latency u_core.state_out[1024]$_DFFE_PN0P_/CLK ^
  -1.02 target latency u_core.state_out[1103]$_DFFE_PN0P_/CLK ^
   0.25 clock uncertainty
   0.00 CRPR
--------------
   0.32 setup skew


==========================================================================
global route report_checks -path_delay min
--------------------------------------------------------------------------
Startpoint: load_q[420]$_DFFE_PN0P_
            (rising edge-triggered flip-flop clocked by clk)
Endpoint: load_q[420]$_DFFE_PN0P_
          (rising edge-triggered flip-flop clocked by clk)
Path Group: clk
Path Type: min

Fanout     Cap    Slew   Delay    Time   Description
-----------------------------------------------------------------------------
                          0.00    0.00   clock clk (rise edge)
                          0.00    0.00   clock source latency
     2    0.13    0.00    0.00    0.00 ^ clk (in)
                                         clk (net)
                  0.01    0.01    0.01 ^ clkbuf_0_clk/A (sky130_fd_sc_hd__clkbuf_16)
     4    0.18    0.19    0.23    0.24 ^ clkbuf_0_clk/X (sky130_fd_sc_hd__clkbuf_16)
                                         clknet_0_clk (net)
                  0.19    0.01    0.24 ^ clkbuf_2_3_0_clk/A (sky130_fd_sc_hd__clkbuf_16)
     8    0.21    0.22    0.31    0.55 ^ clkbuf_2_3_0_clk/X (sky130_fd_sc_hd__clkbuf_16)
                                         clknet_2_3_0_clk (net)
                  0.22    0.01    0.56 ^ clkbuf_5_27__f_clk/A (sky130_fd_sc_hd__clkbuf_16)
    13    0.19    0.20    0.31    0.87 ^ clkbuf_5_27__f_clk/X (sky130_fd_sc_hd__clkbuf_16)
                                         clknet_5_27__leaf_clk (net)
                  0.20    0.00    0.87 ^ clkbuf_leaf_166_clk/A (sky130_fd_sc_hd__clkbuf_16)
     9    0.04    0.06    0.20    1.07 ^ clkbuf_leaf_166_clk/X (sky130_fd_sc_hd__clkbuf_16)
                                         clknet_leaf_166_clk (net)
                  0.06    0.00    1.07 ^ load_q[420]$_DFFE_PN0P_/CLK (sky130_fd_sc_hd__dfrtp_1)
     2    0.01    0.07    0.34    1.41 ^ load_q[420]$_DFFE_PN0P_/Q (sky130_fd_sc_hd__dfrtp_1)
                                         load_q[420] (net)
                  0.07    0.00    1.41 ^ _17997_/A (sky130_fd_sc_hd__nand2_1)
     1    0.00    0.04    0.06    1.47 v _17997_/Y (sky130_fd_sc_hd__nand2_1)
                                         _14594_ (net)
                  0.04    0.00    1.47 v _17998_/B1 (sky130_fd_sc_hd__o21ai_0)
     1    0.00    0.06    0.06    1.53 ^ _17998_/Y (sky130_fd_sc_hd__o21ai_0)
                                         _01189_ (net)
                  0.06    0.00    1.53 ^ load_q[420]$_DFFE_PN0P_/D (sky130_fd_sc_hd__dfrtp_1)
                                  1.53   data arrival time

                          0.00    0.00   clock clk (rise edge)
                          0.00    0.00   clock source latency
     2    0.13    0.00    0.00    0.00 ^ clk (in)
                                         clk (net)
                  0.01    0.01    0.01 ^ clkbuf_0_clk/A (sky130_fd_sc_hd__clkbuf_16)
     4    0.18    0.19    0.23    0.24 ^ clkbuf_0_clk/X (sky130_fd_sc_hd__clkbuf_16)
                                         clknet_0_clk (net)
                  0.19    0.01    0.24 ^ clkbuf_2_3_0_clk/A (sky130_fd_sc_hd__clkbuf_16)
     8    0.21    0.22    0.31    0.55 ^ clkbuf_2_3_0_clk/X (sky130_fd_sc_hd__clkbuf_16)
                                         clknet_2_3_0_clk (net)
                  0.22    0.01    0.56 ^ clkbuf_5_27__f_clk/A (sky130_fd_sc_hd__clkbuf_16)
    13    0.19    0.20    0.31    0.87 ^ clkbuf_5_27__f_clk/X (sky130_fd_sc_hd__clkbuf_16)
                                         clknet_5_27__leaf_clk (net)
                  0.20    0.00    0.87 ^ clkbuf_leaf_166_clk/A (sky130_fd_sc_hd__clkbuf_16)
     9    0.04    0.06    0.20    1.07 ^ clkbuf_leaf_166_clk/X (sky130_fd_sc_hd__clkbuf_16)
                                         clknet_leaf_166_clk (net)
                  0.06    0.00    1.07 ^ load_q[420]$_DFFE_PN0P_/CLK (sky130_fd_sc_hd__dfrtp_1)
                          0.25    1.32   clock uncertainty
                          0.00    1.32   clock reconvergence pessimism
                         -0.04    1.28   library hold time
                                  1.28   data required time
-----------------------------------------------------------------------------
                                  1.28   data required time
                                 -1.53   data arrival time
-----------------------------------------------------------------------------
                                  0.25   slack (MET)



==========================================================================
global route report_checks -path_delay max
--------------------------------------------------------------------------
Startpoint: lane_idx[0] (input port clocked by clk)
Endpoint: lane_rdata[39] (output port clocked by clk)
Path Group: clk
Path Type: max

Fanout     Cap    Slew   Delay    Time   Description
-----------------------------------------------------------------------------
                          0.00    0.00   clock clk (rise edge)
                          0.00    0.00   clock network delay (propagated)
                          4.00    4.00 ^ input external delay
     1    0.01    0.00    0.00    4.00 ^ lane_idx[0] (in)
                                         lane_idx[0] (net)
                  0.00    0.00    4.00 ^ input1/A (sky130_fd_sc_hd__buf_8)
    62    0.48    0.76    0.51    4.51 ^ input1/X (sky130_fd_sc_hd__buf_8)
                                         net1 (net)
                  0.77    0.05    4.56 ^ place1313/A (sky130_fd_sc_hd__buf_4)
    32    0.29    0.79    0.73    5.30 ^ place1313/X (sky130_fd_sc_hd__buf_4)
                                         net1313 (net)
                  0.80    0.06    5.36 ^ place1312/A (sky130_fd_sc_hd__buf_4)
    27    0.23    0.62    0.63    5.99 ^ place1312/X (sky130_fd_sc_hd__buf_4)
                                         net1312 (net)
                  0.62    0.04    6.03 ^ place1311/A (sky130_fd_sc_hd__buf_4)
    38    0.31    0.83    0.75    6.78 ^ place1311/X (sky130_fd_sc_hd__buf_4)
                                         net1311 (net)
                  0.84    0.07    6.85 ^ _28787_/S0 (sky130_fd_sc_hd__mux4_2)
     1    0.01    0.09    0.62    7.47 v _28787_/X (sky130_fd_sc_hd__mux4_2)
                                         _11914_ (net)
                  0.09    0.00    7.47 v _28788_/A1 (sky130_fd_sc_hd__mux2i_1)
     1    0.00    0.16    0.18    7.65 ^ _28788_/Y (sky130_fd_sc_hd__mux2i_1)
                                         _11915_ (net)
                  0.16    0.00    7.65 ^ _28789_/B1 (sky130_fd_sc_hd__o22ai_1)
     1    0.00    0.17    0.11    7.76 v _28789_/Y (sky130_fd_sc_hd__o22ai_1)
                                         _11916_ (net)
                  0.17    0.00    7.76 v _28790_/C1 (sky130_fd_sc_hd__a211o_1)
     1    0.03    0.16    0.39    8.15 v _28790_/X (sky130_fd_sc_hd__a211o_1)
                                         net108 (net)
                  0.16    0.00    8.15 v output108/A (sky130_fd_sc_hd__clkdlybuf4s50_1)
     1    0.02    0.19    0.59    8.74 v output108/X (sky130_fd_sc_hd__clkdlybuf4s50_1)
                                         lane_rdata[39] (net)
                  0.19    0.00    8.74 v lane_rdata[39] (out)
                                  8.74   data arrival time

                         20.00   20.00   clock clk (rise edge)
                          0.00   20.00   clock network delay (propagated)
                         -0.25   19.75   clock uncertainty
                          0.00   19.75   clock reconvergence pessimism
                         -4.00   15.75   output external delay
                                 15.75   data required time
-----------------------------------------------------------------------------
                                 15.75   data required time
                                 -8.74   data arrival time
-----------------------------------------------------------------------------
                                  7.01   slack (MET)



==========================================================================
global route report_checks -unconstrained
--------------------------------------------------------------------------
Startpoint: lane_idx[0] (input port clocked by clk)
Endpoint: lane_rdata[39] (output port clocked by clk)
Path Group: clk
Path Type: max

Fanout     Cap    Slew   Delay    Time   Description
-----------------------------------------------------------------------------
                          0.00    0.00   clock clk (rise edge)
                          0.00    0.00   clock network delay (propagated)
                          4.00    4.00 ^ input external delay
     1    0.01    0.00    0.00    4.00 ^ lane_idx[0] (in)
                                         lane_idx[0] (net)
                  0.00    0.00    4.00 ^ input1/A (sky130_fd_sc_hd__buf_8)
    62    0.48    0.76    0.51    4.51 ^ input1/X (sky130_fd_sc_hd__buf_8)
                                         net1 (net)
                  0.77    0.05    4.56 ^ place1313/A (sky130_fd_sc_hd__buf_4)
    32    0.29    0.79    0.73    5.30 ^ place1313/X (sky130_fd_sc_hd__buf_4)
                                         net1313 (net)
                  0.80    0.06    5.36 ^ place1312/A (sky130_fd_sc_hd__buf_4)
    27    0.23    0.62    0.63    5.99 ^ place1312/X (sky130_fd_sc_hd__buf_4)
                                         net1312 (net)
                  0.62    0.04    6.03 ^ place1311/A (sky130_fd_sc_hd__buf_4)
    38    0.31    0.83    0.75    6.78 ^ place1311/X (sky130_fd_sc_hd__buf_4)
                                         net1311 (net)
                  0.84    0.07    6.85 ^ _28787_/S0 (sky130_fd_sc_hd__mux4_2)
     1    0.01    0.09    0.62    7.47 v _28787_/X (sky130_fd_sc_hd__mux4_2)
                                         _11914_ (net)
                  0.09    0.00    7.47 v _28788_/A1 (sky130_fd_sc_hd__mux2i_1)
     1    0.00    0.16    0.18    7.65 ^ _28788_/Y (sky130_fd_sc_hd__mux2i_1)
                                         _11915_ (net)
                  0.16    0.00    7.65 ^ _28789_/B1 (sky130_fd_sc_hd__o22ai_1)
     1    0.00    0.17    0.11    7.76 v _28789_/Y (sky130_fd_sc_hd__o22ai_1)
                                         _11916_ (net)
                  0.17    0.00    7.76 v _28790_/C1 (sky130_fd_sc_hd__a211o_1)
     1    0.03    0.16    0.39    8.15 v _28790_/X (sky130_fd_sc_hd__a211o_1)
                                         net108 (net)
                  0.16    0.00    8.15 v output108/A (sky130_fd_sc_hd__clkdlybuf4s50_1)
     1    0.02    0.19    0.59    8.74 v output108/X (sky130_fd_sc_hd__clkdlybuf4s50_1)
                                         lane_rdata[39] (net)
                  0.19    0.00    8.74 v lane_rdata[39] (out)
                                  8.74   data arrival time

                         20.00   20.00   clock clk (rise edge)
                          0.00   20.00   clock network delay (propagated)
                         -0.25   19.75   clock uncertainty
                          0.00   19.75   clock reconvergence pessimism
                         -4.00   15.75   output external delay
                                 15.75   data required time
-----------------------------------------------------------------------------
                                 15.75   data required time
                                 -8.74   data arrival time
-----------------------------------------------------------------------------
                                  7.01   slack (MET)



==========================================================================
global route report_check_types -max_slew -max_cap -max_fanout -violators
--------------------------------------------------------------------------

==========================================================================
global route max_slew_check_slack
--------------------------------------------------------------------------
0.011140977032482624

==========================================================================
global route max_slew_check_limit
--------------------------------------------------------------------------
1.5

==========================================================================
global route max_slew_check_slack_limit
--------------------------------------------------------------------------
0.0074

==========================================================================
global route max_fanout_check_slack
--------------------------------------------------------------------------
1.0000000150474662e+30

==========================================================================
global route max_fanout_check_limit
--------------------------------------------------------------------------
1.0000000150474662e+30

==========================================================================
global route max_capacitance_check_slack
--------------------------------------------------------------------------
0.0014106419403105974

==========================================================================
global route max_capacitance_check_limit
--------------------------------------------------------------------------
0.15473400056362152

==========================================================================
global route max_capacitance_check_slack_limit
--------------------------------------------------------------------------
0.0091

==========================================================================
global route max_slew_violation_count
--------------------------------------------------------------------------
max slew violation count 0

==========================================================================
global route max_fanout_violation_count
--------------------------------------------------------------------------
max fanout violation count 0

==========================================================================
global route max_cap_violation_count
--------------------------------------------------------------------------
max cap violation count 0

==========================================================================
global route setup_violation_count
--------------------------------------------------------------------------
setup violation count 0

==========================================================================
global route hold_violation_count
--------------------------------------------------------------------------
hold violation count 0

==========================================================================
global route report_checks -path_delay max reg to reg
--------------------------------------------------------------------------
Startpoint: u_core.busy$_DFF_PN0_
            (rising edge-triggered flip-flop clocked by clk)
Endpoint: u_core.state_out[281]$_DFFE_PN0P_
          (rising edge-triggered flip-flop clocked by clk)
Path Group: clk
Path Type: max

  Delay    Time   Description
---------------------------------------------------------
   0.00    0.00   clock clk (rise edge)
   0.00    0.00   clock source latency
   0.00    0.00 ^ clk (in)
   0.24    0.24 ^ clkbuf_0_clk/X (sky130_fd_sc_hd__clkbuf_16)
   0.31    0.54 ^ clkbuf_2_0_0_clk/X (sky130_fd_sc_hd__clkbuf_16)
   0.33    0.87 ^ clkbuf_5_5__f_clk/X (sky130_fd_sc_hd__clkbuf_16)
   0.21    1.08 ^ clkbuf_leaf_325_clk/X (sky130_fd_sc_hd__clkbuf_16)
   0.00    1.08 ^ u_core.busy$_DFF_PN0_/CLK (sky130_fd_sc_hd__dfrtp_1)
   0.53    1.61 v u_core.busy$_DFF_PN0_/Q (sky130_fd_sc_hd__dfrtp_1)
   0.54    2.15 ^ _18862_/Y (sky130_fd_sc_hd__nand2b_4)
   0.72    2.88 ^ place1223/X (sky130_fd_sc_hd__buf_4)
   0.80    3.68 ^ place1218/X (sky130_fd_sc_hd__buf_4)
   0.94    4.62 ^ place1216/X (sky130_fd_sc_hd__buf_4)
   1.02    5.64 ^ place1215/X (sky130_fd_sc_hd__buf_4)
   0.34    5.98 v _26936_/Y (sky130_fd_sc_hd__o21ai_0)
   0.00    5.98 v u_core.state_out[281]$_DFFE_PN0P_/D (sky130_fd_sc_hd__dfrtp_1)
           5.98   data arrival time

  20.00   20.00   clock clk (rise edge)
   0.00   20.00   clock source latency
   0.00   20.00 ^ clk (in)
   0.24   20.24 ^ clkbuf_0_clk/X (sky130_fd_sc_hd__clkbuf_16)
   0.31   20.55 ^ clkbuf_2_1_0_clk/X (sky130_fd_sc_hd__clkbuf_16)
   0.31   20.86 ^ clkbuf_5_14__f_clk/X (sky130_fd_sc_hd__clkbuf_16)
   0.20   21.06 ^ clkbuf_leaf_103_clk/X (sky130_fd_sc_hd__clkbuf_16)
   0.00   21.06 ^ u_core.state_out[281]$_DFFE_PN0P_/CLK (sky130_fd_sc_hd__dfrtp_1)
  -0.25   20.81   clock uncertainty
   0.00   20.81   clock reconvergence pessimism
  -0.19   20.63   library setup time
          20.63   data required time
---------------------------------------------------------
          20.63   data required time
          -5.98   data arrival time
---------------------------------------------------------
          14.65   slack (MET)



==========================================================================
global route report_checks -path_delay min reg to reg
--------------------------------------------------------------------------
Startpoint: load_q[420]$_DFFE_PN0P_
            (rising edge-triggered flip-flop clocked by clk)
Endpoint: load_q[420]$_DFFE_PN0P_
          (rising edge-triggered flip-flop clocked by clk)
Path Group: clk
Path Type: min

  Delay    Time   Description
---------------------------------------------------------
   0.00    0.00   clock clk (rise edge)
   0.00    0.00   clock source latency
   0.00    0.00 ^ clk (in)
   0.24    0.24 ^ clkbuf_0_clk/X (sky130_fd_sc_hd__clkbuf_16)
   0.32    0.55 ^ clkbuf_2_3_0_clk/X (sky130_fd_sc_hd__clkbuf_16)
   0.32    0.87 ^ clkbuf_5_27__f_clk/X (sky130_fd_sc_hd__clkbuf_16)
   0.20    1.07 ^ clkbuf_leaf_166_clk/X (sky130_fd_sc_hd__clkbuf_16)
   0.00    1.07 ^ load_q[420]$_DFFE_PN0P_/CLK (sky130_fd_sc_hd__dfrtp_1)
   0.34    1.41 ^ load_q[420]$_DFFE_PN0P_/Q (sky130_fd_sc_hd__dfrtp_1)
   0.06    1.47 v _17997_/Y (sky130_fd_sc_hd__nand2_1)
   0.06    1.53 ^ _17998_/Y (sky130_fd_sc_hd__o21ai_0)
   0.00    1.53 ^ load_q[420]$_DFFE_PN0P_/D (sky130_fd_sc_hd__dfrtp_1)
           1.53   data arrival time

   0.00    0.00   clock clk (rise edge)
   0.00    0.00   clock source latency
   0.00    0.00 ^ clk (in)
   0.24    0.24 ^ clkbuf_0_clk/X (sky130_fd_sc_hd__clkbuf_16)
   0.32    0.55 ^ clkbuf_2_3_0_clk/X (sky130_fd_sc_hd__clkbuf_16)
   0.32    0.87 ^ clkbuf_5_27__f_clk/X (sky130_fd_sc_hd__clkbuf_16)
   0.20    1.07 ^ clkbuf_leaf_166_clk/X (sky130_fd_sc_hd__clkbuf_16)
   0.00    1.07 ^ load_q[420]$_DFFE_PN0P_/CLK (sky130_fd_sc_hd__dfrtp_1)
   0.25    1.32   clock uncertainty
   0.00    1.32   clock reconvergence pessimism
  -0.04    1.28   library hold time
           1.28   data required time
---------------------------------------------------------
           1.28   data required time
          -1.53   data arrival time
---------------------------------------------------------
           0.25   slack (MET)



==========================================================================
global route critical path target clock latency max path
--------------------------------------------------------------------------
1.0384

==========================================================================
global route critical path target clock latency min path
--------------------------------------------------------------------------
1.0842

==========================================================================
global route critical path source clock latency min path
--------------------------------------------------------------------------
0.0000

==========================================================================
global route critical path delay
--------------------------------------------------------------------------
8.7437

==========================================================================
global route critical path slack
--------------------------------------------------------------------------
7.0063

==========================================================================
global route slack div critical path delay
--------------------------------------------------------------------------
80.129693

==========================================================================
global route report_power
--------------------------------------------------------------------------
Group                  Internal  Switching    Leakage      Total
                          Power      Power      Power      Power (Watts)
----------------------------------------------------------------
Sequential             8.37e-03   3.33e-03   4.43e-08   1.17e-02   5.5%
Combinational          5.57e-02   1.37e-01   5.85e-08   1.92e-01  90.8%
Clock                  4.34e-03   3.51e-03   6.52e-09   7.86e-03   3.7%
Macro                  0.00e+00   0.00e+00   0.00e+00   0.00e+00   0.0%
Pad                    0.00e+00   0.00e+00   0.00e+00   0.00e+00   0.0%
----------------------------------------------------------------
Total                  6.85e-02   1.43e-01   1.09e-07   2.12e-01 100.0%
                          32.3%      67.7%       0.0%
