Clock: clk
Sources: clk 
Generated: no
Virtual: yes
Propagated: no
Period: 20.000000

===========================================================================
report_clock_properties
============================================================================
Clock                   Period          Waveform
----------------------------------------------------
clk                  20.000000    0.000000 10.000000

===========================================================================
report_clock_latency
============================================================================
Clock clk
rise -> rise
    min     max
0.000000 0.000000 source latency
0.191350         network latency _42_/CLK
        0.192537 network latency _43_/CLK
---------------
0.191350 0.192537 latency
        0.001188 skew

fall -> fall
    min     max
0.000000 0.000000 source latency
0.191170         network latency _42_/CLK
        0.192201 network latency _43_/CLK
---------------
0.191170 0.192201 latency
        0.001031 skew



===========================================================================
report_clock_min_period
============================================================================
clk period_min = 1.07 fmax = 935.30
