
===========================================================================
report_checks -path_delay max (Setup)
============================================================================
======================= nom_ff_n40C_1v95 Corner ===================================

Startpoint: _39_ (rising edge-triggered flip-flop clocked by clk)
Endpoint: count[4] (output port clocked by clk)
Path Group: clk
Path Type: max

Fanout         Cap        Slew       Delay        Time   Description
---------------------------------------------------------------------------------------------
                                  0.000000    0.000000   clock clk (rise edge)
                                  0.000000    0.000000   clock source latency
     1    0.010711    0.040930    0.026860    0.026860 ^ clk (in)
                                                         clk (net)
                      0.040933    0.000000    0.026860 ^ clkbuf_0_clk/A (sky130_fd_sc_hd__clkbuf_16)
     2    0.018077    0.029902    0.085919    0.112779 ^ clkbuf_0_clk/X (sky130_fd_sc_hd__clkbuf_16)
                                                         clknet_0_clk (net)
                      0.029909    0.000508    0.113287 ^ clkbuf_1_1__f_clk/A (sky130_fd_sc_hd__clkbuf_16)
     4    0.010795    0.025049    0.077870    0.191157 ^ clkbuf_1_1__f_clk/X (sky130_fd_sc_hd__clkbuf_16)
                                                         clknet_1_1__leaf_clk (net)
                      0.025050    0.000205    0.191362 ^ _39_/CLK (sky130_fd_sc_hd__dfrtp_1)
     5    0.013428    0.095418    0.245934    0.437295 ^ _39_/Q (sky130_fd_sc_hd__dfrtp_1)
                                                         net7 (net)
                      0.095418    0.000225    0.437520 ^ output7/A (sky130_fd_sc_hd__buf_2)
     1    0.034140    0.127698    0.153314    0.590834 ^ output7/X (sky130_fd_sc_hd__buf_2)
                                                         count[4] (net)
                      0.127741    0.000660    0.591494 ^ count[4] (out)
                                              0.591494   data arrival time

                                 20.000000   20.000000   clock clk (rise edge)
                                  0.000000   20.000000   clock network delay (propagated)
                                 -0.250000   19.750002   clock uncertainty
                                  0.000000   19.750002   clock reconvergence pessimism
                                 -4.000000   15.750001   output external delay
                                             15.750001   data required time
---------------------------------------------------------------------------------------------
                                             15.750001   data required time
                                             -0.591494   data arrival time
---------------------------------------------------------------------------------------------
                                             15.158506   slack (MET)


Startpoint: _40_ (rising edge-triggered flip-flop clocked by clk)
Endpoint: count[5] (output port clocked by clk)
Path Group: clk
Path Type: max

Fanout         Cap        Slew       Delay        Time   Description
---------------------------------------------------------------------------------------------
                                  0.000000    0.000000   clock clk (rise edge)
                                  0.000000    0.000000   clock source latency
     1    0.010711    0.040930    0.026860    0.026860 ^ clk (in)
                                                         clk (net)
                      0.040933    0.000000    0.026860 ^ clkbuf_0_clk/A (sky130_fd_sc_hd__clkbuf_16)
     2    0.018077    0.029902    0.085919    0.112779 ^ clkbuf_0_clk/X (sky130_fd_sc_hd__clkbuf_16)
                                                         clknet_0_clk (net)
                      0.029909    0.000508    0.113287 ^ clkbuf_1_1__f_clk/A (sky130_fd_sc_hd__clkbuf_16)
     4    0.010795    0.025049    0.077870    0.191157 ^ clkbuf_1_1__f_clk/X (sky130_fd_sc_hd__clkbuf_16)
                                                         clknet_1_1__leaf_clk (net)
                      0.025050    0.000199    0.191356 ^ _40_/CLK (sky130_fd_sc_hd__dfrtp_1)
     4    0.011005    0.080081    0.235001    0.426357 ^ _40_/Q (sky130_fd_sc_hd__dfrtp_1)
                                                         net8 (net)
                      0.080081    0.000263    0.426620 ^ output8/A (sky130_fd_sc_hd__buf_2)
     1    0.033971    0.127052    0.149411    0.576031 ^ output8/X (sky130_fd_sc_hd__buf_2)
                                                         count[5] (net)
                      0.127093    0.000616    0.576647 ^ count[5] (out)
                                              0.576647   data arrival time

                                 20.000000   20.000000   clock clk (rise edge)
                                  0.000000   20.000000   clock network delay (propagated)
                                 -0.250000   19.750002   clock uncertainty
                                  0.000000   19.750002   clock reconvergence pessimism
                                 -4.000000   15.750001   output external delay
                                             15.750001   data required time
---------------------------------------------------------------------------------------------
                                             15.750001   data required time
                                             -0.576647   data arrival time
---------------------------------------------------------------------------------------------
                                             15.173353   slack (MET)


Startpoint: _45_ (rising edge-triggered flip-flop clocked by clk)
Endpoint: count[2] (output port clocked by clk)
Path Group: clk
Path Type: max

Fanout         Cap        Slew       Delay        Time   Description
---------------------------------------------------------------------------------------------
                                  0.000000    0.000000   clock clk (rise edge)
                                  0.000000    0.000000   clock source latency
     1    0.010711    0.040930    0.026860    0.026860 ^ clk (in)
                                                         clk (net)
                      0.040933    0.000000    0.026860 ^ clkbuf_0_clk/A (sky130_fd_sc_hd__clkbuf_16)
     2    0.018077    0.029902    0.085919    0.112779 ^ clkbuf_0_clk/X (sky130_fd_sc_hd__clkbuf_16)
                                                         clknet_0_clk (net)
                      0.029911    0.000660    0.113439 ^ clkbuf_1_0__f_clk/A (sky130_fd_sc_hd__clkbuf_16)
     4    0.012207    0.025988    0.078834    0.192273 ^ clkbuf_1_0__f_clk/X (sky130_fd_sc_hd__clkbuf_16)
                                                         clknet_1_0__leaf_clk (net)
                      0.025988    0.000250    0.192523 ^ _45_/CLK (sky130_fd_sc_hd__dfrtp_1)
     4    0.010408    0.076595    0.232496    0.425019 ^ _45_/Q (sky130_fd_sc_hd__dfrtp_1)
                                                         net5 (net)
                      0.076595    0.000243    0.425261 ^ output5/A (sky130_fd_sc_hd__buf_2)
     1    0.034061    0.127373    0.148805    0.574066 ^ output5/X (sky130_fd_sc_hd__buf_2)
                                                         count[2] (net)
                      0.127415    0.000656    0.574722 ^ count[2] (out)
                                              0.574722   data arrival time

                                 20.000000   20.000000   clock clk (rise edge)
                                  0.000000   20.000000   clock network delay (propagated)
                                 -0.250000   19.750002   clock uncertainty
                                  0.000000   19.750002   clock reconvergence pessimism
                                 -4.000000   15.750001   output external delay
                                             15.750001   data required time
---------------------------------------------------------------------------------------------
                                             15.750001   data required time
                                             -0.574722   data arrival time
---------------------------------------------------------------------------------------------
                                             15.175281   slack (MET)


Startpoint: _41_ (rising edge-triggered flip-flop clocked by clk)
Endpoint: count[6] (output port clocked by clk)
Path Group: clk
Path Type: max

Fanout         Cap        Slew       Delay        Time   Description
---------------------------------------------------------------------------------------------
                                  0.000000    0.000000   clock clk (rise edge)
                                  0.000000    0.000000   clock source latency
     1    0.010711    0.040930    0.026860    0.026860 ^ clk (in)
                                                         clk (net)
                      0.040933    0.000000    0.026860 ^ clkbuf_0_clk/A (sky130_fd_sc_hd__clkbuf_16)
     2    0.018077    0.029902    0.085919    0.112779 ^ clkbuf_0_clk/X (sky130_fd_sc_hd__clkbuf_16)
                                                         clknet_0_clk (net)
                      0.029909    0.000508    0.113287 ^ clkbuf_1_1__f_clk/A (sky130_fd_sc_hd__clkbuf_16)
     4    0.010795    0.025049    0.077870    0.191157 ^ clkbuf_1_1__f_clk/X (sky130_fd_sc_hd__clkbuf_16)
                                                         clknet_1_1__leaf_clk (net)
                      0.025050    0.000219    0.191376 ^ _41_/CLK (sky130_fd_sc_hd__dfrtp_1)
     3    0.008042    0.062555    0.220864    0.412240 ^ _41_/Q (sky130_fd_sc_hd__dfrtp_1)
                                                         net9 (net)
                      0.062555    0.000097    0.412337 ^ output9/A (sky130_fd_sc_hd__buf_2)
     1    0.034221    0.127952    0.145959    0.558296 ^ output9/X (sky130_fd_sc_hd__buf_2)
                                                         count[6] (net)
                      0.127995    0.000682    0.558979 ^ count[6] (out)
                                              0.558979   data arrival time

                                 20.000000   20.000000   clock clk (rise edge)
                                  0.000000   20.000000   clock network delay (propagated)
                                 -0.250000   19.750002   clock uncertainty
                                  0.000000   19.750002   clock reconvergence pessimism
                                 -4.000000   15.750001   output external delay
                                             15.750001   data required time
---------------------------------------------------------------------------------------------
                                             15.750001   data required time
                                             -0.558979   data arrival time
---------------------------------------------------------------------------------------------
                                             15.191022   slack (MET)


Startpoint: _38_ (rising edge-triggered flip-flop clocked by clk)
Endpoint: count[3] (output port clocked by clk)
Path Group: clk
Path Type: max

Fanout         Cap        Slew       Delay        Time   Description
---------------------------------------------------------------------------------------------
                                  0.000000    0.000000   clock clk (rise edge)
                                  0.000000    0.000000   clock source latency
     1    0.010711    0.040930    0.026860    0.026860 ^ clk (in)
                                                         clk (net)
                      0.040933    0.000000    0.026860 ^ clkbuf_0_clk/A (sky130_fd_sc_hd__clkbuf_16)
     2    0.018077    0.029902    0.085919    0.112779 ^ clkbuf_0_clk/X (sky130_fd_sc_hd__clkbuf_16)
                                                         clknet_0_clk (net)
                      0.029911    0.000660    0.113439 ^ clkbuf_1_0__f_clk/A (sky130_fd_sc_hd__clkbuf_16)
     4    0.012207    0.025988    0.078834    0.192273 ^ clkbuf_1_0__f_clk/X (sky130_fd_sc_hd__clkbuf_16)
                                                         clknet_1_0__leaf_clk (net)
                      0.025988    0.000225    0.192498 ^ _38_/CLK (sky130_fd_sc_hd__dfrtp_1)
     3    0.007586    0.059789    0.218961    0.411458 ^ _38_/Q (sky130_fd_sc_hd__dfrtp_1)
                                                         net6 (net)
                      0.059789    0.000189    0.411648 ^ output6/A (sky130_fd_sc_hd__buf_2)
     1    0.034296    0.128264    0.145464    0.557112 ^ output6/X (sky130_fd_sc_hd__buf_2)
                                                         count[3] (net)
                      0.128270    0.000753    0.557865 ^ count[3] (out)
                                              0.557865   data arrival time

                                 20.000000   20.000000   clock clk (rise edge)
                                  0.000000   20.000000   clock network delay (propagated)
                                 -0.250000   19.750002   clock uncertainty
                                  0.000000   19.750002   clock reconvergence pessimism
                                 -4.000000   15.750001   output external delay
                                             15.750001   data required time
---------------------------------------------------------------------------------------------
                                             15.750001   data required time
                                             -0.557865   data arrival time
---------------------------------------------------------------------------------------------
                                             15.192136   slack (MET)


Startpoint: _43_ (rising edge-triggered flip-flop clocked by clk)
Endpoint: count[0] (output port clocked by clk)
Path Group: clk
Path Type: max

Fanout         Cap        Slew       Delay        Time   Description
---------------------------------------------------------------------------------------------
                                  0.000000    0.000000   clock clk (rise edge)
                                  0.000000    0.000000   clock source latency
     1    0.010711    0.040930    0.026860    0.026860 ^ clk (in)
                                                         clk (net)
                      0.040933    0.000000    0.026860 ^ clkbuf_0_clk/A (sky130_fd_sc_hd__clkbuf_16)
     2    0.018077    0.029902    0.085919    0.112779 ^ clkbuf_0_clk/X (sky130_fd_sc_hd__clkbuf_16)
                                                         clknet_0_clk (net)
                      0.029911    0.000660    0.113439 ^ clkbuf_1_0__f_clk/A (sky130_fd_sc_hd__clkbuf_16)
     4    0.012207    0.025988    0.078834    0.192273 ^ clkbuf_1_0__f_clk/X (sky130_fd_sc_hd__clkbuf_16)
                                                         clknet_1_0__leaf_clk (net)
                      0.025988    0.000264    0.192537 ^ _43_/CLK (sky130_fd_sc_hd__dfrtp_1)
     3    0.007097    0.056836    0.216586    0.409123 ^ _43_/Q (sky130_fd_sc_hd__dfrtp_1)
                                                         net3 (net)
                      0.056836    0.000178    0.409301 ^ output3/A (sky130_fd_sc_hd__buf_2)
     1    0.034246    0.128084    0.144678    0.553980 ^ output3/X (sky130_fd_sc_hd__buf_2)
                                                         count[0] (net)
                      0.128090    0.000728    0.554708 ^ count[0] (out)
                                              0.554708   data arrival time

                                 20.000000   20.000000   clock clk (rise edge)
                                  0.000000   20.000000   clock network delay (propagated)
                                 -0.250000   19.750002   clock uncertainty
                                  0.000000   19.750002   clock reconvergence pessimism
                                 -4.000000   15.750001   output external delay
                                             15.750001   data required time
---------------------------------------------------------------------------------------------
                                             15.750001   data required time
                                             -0.554708   data arrival time
---------------------------------------------------------------------------------------------
                                             15.195292   slack (MET)


Startpoint: _44_ (rising edge-triggered flip-flop clocked by clk)
Endpoint: count[1] (output port clocked by clk)
Path Group: clk
Path Type: max

Fanout         Cap        Slew       Delay        Time   Description
---------------------------------------------------------------------------------------------
                                  0.000000    0.000000   clock clk (rise edge)
                                  0.000000    0.000000   clock source latency
     1    0.010711    0.040930    0.026860    0.026860 ^ clk (in)
                                                         clk (net)
                      0.040933    0.000000    0.026860 ^ clkbuf_0_clk/A (sky130_fd_sc_hd__clkbuf_16)
     2    0.018077    0.029902    0.085919    0.112779 ^ clkbuf_0_clk/X (sky130_fd_sc_hd__clkbuf_16)
                                                         clknet_0_clk (net)
                      0.029911    0.000660    0.113439 ^ clkbuf_1_0__f_clk/A (sky130_fd_sc_hd__clkbuf_16)
     4    0.012207    0.025988    0.078834    0.192273 ^ clkbuf_1_0__f_clk/X (sky130_fd_sc_hd__clkbuf_16)
                                                         clknet_1_0__leaf_clk (net)
                      0.025988    0.000259    0.192532 ^ _44_/CLK (sky130_fd_sc_hd__dfrtp_1)
     3    0.007131    0.057040    0.216747    0.409279 ^ _44_/Q (sky130_fd_sc_hd__dfrtp_1)
                                                         net4 (net)
                      0.057040    0.000184    0.409463 ^ output4/A (sky130_fd_sc_hd__buf_2)
     1    0.034165    0.127794    0.144540    0.554004 ^ output4/X (sky130_fd_sc_hd__buf_2)
                                                         count[1] (net)
                      0.127800    0.000706    0.554710 ^ count[1] (out)
                                              0.554710   data arrival time

                                 20.000000   20.000000   clock clk (rise edge)
                                  0.000000   20.000000   clock network delay (propagated)
                                 -0.250000   19.750002   clock uncertainty
                                  0.000000   19.750002   clock reconvergence pessimism
                                 -4.000000   15.750001   output external delay
                                             15.750001   data required time
---------------------------------------------------------------------------------------------
                                             15.750001   data required time
                                             -0.554710   data arrival time
---------------------------------------------------------------------------------------------
                                             15.195291   slack (MET)


Startpoint: _42_ (rising edge-triggered flip-flop clocked by clk)
Endpoint: count[7] (output port clocked by clk)
Path Group: clk
Path Type: max

Fanout         Cap        Slew       Delay        Time   Description
---------------------------------------------------------------------------------------------
                                  0.000000    0.000000   clock clk (rise edge)
                                  0.000000    0.000000   clock source latency
     1    0.010711    0.040930    0.026860    0.026860 ^ clk (in)
                                                         clk (net)
                      0.040933    0.000000    0.026860 ^ clkbuf_0_clk/A (sky130_fd_sc_hd__clkbuf_16)
     2    0.018077    0.029902    0.085919    0.112779 ^ clkbuf_0_clk/X (sky130_fd_sc_hd__clkbuf_16)
                                                         clknet_0_clk (net)
                      0.029909    0.000508    0.113287 ^ clkbuf_1_1__f_clk/A (sky130_fd_sc_hd__clkbuf_16)
     4    0.010795    0.025049    0.077870    0.191157 ^ clkbuf_1_1__f_clk/X (sky130_fd_sc_hd__clkbuf_16)
                                                         clknet_1_1__leaf_clk (net)
                      0.025050    0.000193    0.191350 ^ _42_/CLK (sky130_fd_sc_hd__dfrtp_1)
     2    0.005135    0.045096    0.206899    0.398249 ^ _42_/Q (sky130_fd_sc_hd__dfrtp_1)
                                                         net10 (net)
                      0.045096    0.000136    0.398385 ^ output10/A (sky130_fd_sc_hd__buf_2)
     1    0.034421    0.128724    0.141812    0.540197 ^ output10/X (sky130_fd_sc_hd__buf_2)
                                                         count[7] (net)
                      0.128731    0.000746    0.540943 ^ count[7] (out)
                                              0.540943   data arrival time

                                 20.000000   20.000000   clock clk (rise edge)
                                  0.000000   20.000000   clock network delay (propagated)
                                 -0.250000   19.750002   clock uncertainty
                                  0.000000   19.750002   clock reconvergence pessimism
                                 -4.000000   15.750001   output external delay
                                             15.750001   data required time
---------------------------------------------------------------------------------------------
                                             15.750001   data required time
                                             -0.540943   data arrival time
---------------------------------------------------------------------------------------------
                                             15.209058   slack (MET)


Startpoint: en (input port clocked by clk)
Endpoint: _41_ (rising edge-triggered flip-flop clocked by clk)
Path Group: clk
Path Type: max

Fanout         Cap        Slew       Delay        Time   Description
---------------------------------------------------------------------------------------------
                                  0.000000    0.000000   clock clk (rise edge)
                                  0.000000    0.000000   clock network delay (propagated)
                                  4.000000    4.000000 ^ input external delay
     1    0.002877    0.014191    0.007442    4.007442 ^ en (in)
                                                         en (net)
                      0.014191    0.000000    4.007442 ^ input1/A (sky130_fd_sc_hd__buf_1)
     3    0.011043    0.101424    0.096000    4.103443 ^ input1/X (sky130_fd_sc_hd__buf_1)
                                                         net1 (net)
                      0.101425    0.000326    4.103768 ^ _19_/C (sky130_fd_sc_hd__and3_2)
     7    0.025234    0.103255    0.173713    4.277482 ^ _19_/X (sky130_fd_sc_hd__and3_2)
                                                         _08_ (net)
                      0.103260    0.000887    4.278368 ^ _29_/B (sky130_fd_sc_hd__and4_1)
     2    0.008810    0.074968    0.147402    4.425771 ^ _29_/X (sky130_fd_sc_hd__and4_1)
                                                         _15_ (net)
                      0.074968    0.000143    4.425914 ^ _31_/A_N (sky130_fd_sc_hd__and2b_1)
     1    0.002806    0.024759    0.111084    4.536998 v _31_/X (sky130_fd_sc_hd__and2b_1)
                                                         _03_ (net)
                      0.024759    0.000079    4.537077 v _41_/D (sky130_fd_sc_hd__dfrtp_1)
                                              4.537077   data arrival time

                                 20.000000   20.000000   clock clk (rise edge)
                                  0.000000   20.000000   clock source latency
     1    0.010711    0.040930    0.026860   20.026861 ^ clk (in)
                                                         clk (net)
                      0.040933    0.000000   20.026861 ^ clkbuf_0_clk/A (sky130_fd_sc_hd__clkbuf_16)
     2    0.018077    0.029902    0.085919   20.112780 ^ clkbuf_0_clk/X (sky130_fd_sc_hd__clkbuf_16)
                                                         clknet_0_clk (net)
                      0.029909    0.000508   20.113287 ^ clkbuf_1_1__f_clk/A (sky130_fd_sc_hd__clkbuf_16)
     4    0.010795    0.025049    0.077870   20.191158 ^ clkbuf_1_1__f_clk/X (sky130_fd_sc_hd__clkbuf_16)
                                                         clknet_1_1__leaf_clk (net)
                      0.025050    0.000218   20.191376 ^ _41_/CLK (sky130_fd_sc_hd__dfrtp_1)
                                 -0.250000   19.941378   clock uncertainty
                                  0.000000   19.941378   clock reconvergence pessimism
                                 -0.070527   19.870850   library setup time
                                             19.870850   data required time
---------------------------------------------------------------------------------------------
                                             19.870850   data required time
                                             -4.537077   data arrival time
---------------------------------------------------------------------------------------------
                                             15.333772   slack (MET)


Startpoint: en (input port clocked by clk)
Endpoint: _42_ (rising edge-triggered flip-flop clocked by clk)
Path Group: clk
Path Type: max

Fanout         Cap        Slew       Delay        Time   Description
---------------------------------------------------------------------------------------------
                                  0.000000    0.000000   clock clk (rise edge)
                                  0.000000    0.000000   clock network delay (propagated)
                                  4.000000    4.000000 ^ input external delay
     1    0.002877    0.014191    0.007442    4.007442 ^ en (in)
                                                         en (net)
                      0.014191    0.000000    4.007442 ^ input1/A (sky130_fd_sc_hd__buf_1)
     3    0.011043    0.101424    0.096000    4.103443 ^ input1/X (sky130_fd_sc_hd__buf_1)
                                                         net1 (net)
                      0.101425    0.000326    4.103768 ^ _19_/C (sky130_fd_sc_hd__and3_2)
     7    0.025234    0.103255    0.173713    4.277482 ^ _19_/X (sky130_fd_sc_hd__and3_2)
                                                         _08_ (net)
                      0.103260    0.000887    4.278368 ^ _29_/B (sky130_fd_sc_hd__and4_1)
     2    0.008810    0.074968    0.147402    4.425771 ^ _29_/X (sky130_fd_sc_hd__and4_1)
                                                         _15_ (net)
                      0.074968    0.000209    4.425979 ^ _32_/B (sky130_fd_sc_hd__xor2_1)
     1    0.003670    0.091101    0.100320    4.526299 ^ _32_/X (sky130_fd_sc_hd__xor2_1)
                                                         _04_ (net)
                      0.091101    0.000115    4.526415 ^ _42_/D (sky130_fd_sc_hd__dfrtp_1)
                                              4.526415   data arrival time

                                 20.000000   20.000000   clock clk (rise edge)
                                  0.000000   20.000000   clock source latency
     1    0.010711    0.040930    0.026860   20.026861 ^ clk (in)
                                                         clk (net)
                      0.040933    0.000000   20.026861 ^ clkbuf_0_clk/A (sky130_fd_sc_hd__clkbuf_16)
     2    0.018077    0.029902    0.085919   20.112780 ^ clkbuf_0_clk/X (sky130_fd_sc_hd__clkbuf_16)
                                                         clknet_0_clk (net)
                      0.029909    0.000508   20.113287 ^ clkbuf_1_1__f_clk/A (sky130_fd_sc_hd__clkbuf_16)
     4    0.010795    0.025049    0.077870   20.191158 ^ clkbuf_1_1__f_clk/X (sky130_fd_sc_hd__clkbuf_16)
                                                         clknet_1_1__leaf_clk (net)
                      0.025050    0.000192   20.191349 ^ _42_/CLK (sky130_fd_sc_hd__dfrtp_1)
                                 -0.250000   19.941351   clock uncertainty
                                  0.000000   19.941351   clock reconvergence pessimism
                                 -0.039733   19.901617   library setup time
                                             19.901617   data required time
---------------------------------------------------------------------------------------------
                                             19.901617   data required time
                                             -4.526415   data arrival time
---------------------------------------------------------------------------------------------
                                             15.375202   slack (MET)


Startpoint: en (input port clocked by clk)
Endpoint: _38_ (rising edge-triggered flip-flop clocked by clk)
Path Group: clk
Path Type: max

Fanout         Cap        Slew       Delay        Time   Description
---------------------------------------------------------------------------------------------
                                  0.000000    0.000000   clock clk (rise edge)
                                  0.000000    0.000000   clock network delay (propagated)
                                  4.000000    4.000000 v input external delay
     1    0.002689    0.004558    0.002180    4.002181 v en (in)
                                                         en (net)
                      0.004559    0.000000    4.002181 v input1/A (sky130_fd_sc_hd__buf_1)
     3    0.010348    0.045068    0.070099    4.072279 v input1/X (sky130_fd_sc_hd__buf_1)
                                                         net1 (net)
                      0.045069    0.000305    4.072584 v _19_/C (sky130_fd_sc_hd__and3_2)
     7    0.024054    0.060775    0.174201    4.246785 v _19_/X (sky130_fd_sc_hd__and3_2)
                                                         _08_ (net)
                      0.060782    0.000691    4.247476 v _22_/B (sky130_fd_sc_hd__and2_1)
     2    0.006430    0.035639    0.118911    4.366386 v _22_/X (sky130_fd_sc_hd__and2_1)
                                                         _11_ (net)
                      0.035639    0.000148    4.366534 v _23_/A2 (sky130_fd_sc_hd__o21a_1)
     1    0.003173    0.026132    0.104789    4.471323 v _23_/X (sky130_fd_sc_hd__o21a_1)
                                                         _00_ (net)
                      0.026132    0.000091    4.471415 v _38_/D (sky130_fd_sc_hd__dfrtp_1)
                                              4.471415   data arrival time

                                 20.000000   20.000000   clock clk (rise edge)
                                  0.000000   20.000000   clock source latency
     1    0.010711    0.040930    0.026860   20.026861 ^ clk (in)
                                                         clk (net)
                      0.040933    0.000000   20.026861 ^ clkbuf_0_clk/A (sky130_fd_sc_hd__clkbuf_16)
     2    0.018077    0.029902    0.085919   20.112780 ^ clkbuf_0_clk/X (sky130_fd_sc_hd__clkbuf_16)
                                                         clknet_0_clk (net)
                      0.029911    0.000661   20.113440 ^ clkbuf_1_0__f_clk/A (sky130_fd_sc_hd__clkbuf_16)
     4    0.012207    0.025988    0.078833   20.192274 ^ clkbuf_1_0__f_clk/X (sky130_fd_sc_hd__clkbuf_16)
                                                         clknet_1_0__leaf_clk (net)
                      0.025988    0.000226   20.192499 ^ _38_/CLK (sky130_fd_sc_hd__dfrtp_1)
                                 -0.250000   19.942499   clock uncertainty
                                  0.000000   19.942499   clock reconvergence pessimism
                                 -0.070927   19.871572   library setup time
                                             19.871572   data required time
---------------------------------------------------------------------------------------------
                                             19.871572   data required time
                                             -4.471415   data arrival time
---------------------------------------------------------------------------------------------
                                             15.400158   slack (MET)


Startpoint: en (input port clocked by clk)
Endpoint: _40_ (rising edge-triggered flip-flop clocked by clk)
Path Group: clk
Path Type: max

Fanout         Cap        Slew       Delay        Time   Description
---------------------------------------------------------------------------------------------
                                  0.000000    0.000000   clock clk (rise edge)
                                  0.000000    0.000000   clock network delay (propagated)
                                  4.000000    4.000000 ^ input external delay
     1    0.002877    0.014191    0.007442    4.007442 ^ en (in)
                                                         en (net)
                      0.014191    0.000000    4.007442 ^ input1/A (sky130_fd_sc_hd__buf_1)
     3    0.011043    0.101424    0.096000    4.103443 ^ input1/X (sky130_fd_sc_hd__buf_1)
                                                         net1 (net)
                      0.101425    0.000326    4.103768 ^ _19_/C (sky130_fd_sc_hd__and3_2)
     7    0.025234    0.103255    0.173713    4.277482 ^ _19_/X (sky130_fd_sc_hd__and3_2)
                                                         _08_ (net)
                      0.103257    0.000652    4.278133 ^ _21_/A (sky130_fd_sc_hd__nand2_1)
     3    0.011383    0.063096    0.068920    4.347054 v _21_/Y (sky130_fd_sc_hd__nand2_1)
                                                         _10_ (net)
                      0.063096    0.000135    4.347188 v _28_/A1 (sky130_fd_sc_hd__o21a_1)
     1    0.002343    0.023517    0.121912    4.469100 v _28_/X (sky130_fd_sc_hd__o21a_1)
                                                         _02_ (net)
                      0.023517    0.000067    4.469167 v _40_/D (sky130_fd_sc_hd__dfrtp_1)
                                              4.469167   data arrival time

                                 20.000000   20.000000   clock clk (rise edge)
                                  0.000000   20.000000   clock source latency
     1    0.010711    0.040930    0.026860   20.026861 ^ clk (in)
                                                         clk (net)
                      0.040933    0.000000   20.026861 ^ clkbuf_0_clk/A (sky130_fd_sc_hd__clkbuf_16)
     2    0.018077    0.029902    0.085919   20.112780 ^ clkbuf_0_clk/X (sky130_fd_sc_hd__clkbuf_16)
                                                         clknet_0_clk (net)
                      0.029909    0.000508   20.113287 ^ clkbuf_1_1__f_clk/A (sky130_fd_sc_hd__clkbuf_16)
     4    0.010795    0.025049    0.077870   20.191158 ^ clkbuf_1_1__f_clk/X (sky130_fd_sc_hd__clkbuf_16)
                                                         clknet_1_1__leaf_clk (net)
                      0.025050    0.000199   20.191357 ^ _40_/CLK (sky130_fd_sc_hd__dfrtp_1)
                                 -0.250000   19.941357   clock uncertainty
                                  0.000000   19.941357   clock reconvergence pessimism
                                 -0.070083   19.871275   library setup time
                                             19.871275   data required time
---------------------------------------------------------------------------------------------
                                             19.871275   data required time
                                             -4.469167   data arrival time
---------------------------------------------------------------------------------------------
                                             15.402108   slack (MET)


Startpoint: en (input port clocked by clk)
Endpoint: _39_ (rising edge-triggered flip-flop clocked by clk)
Path Group: clk
Path Type: max

Fanout         Cap        Slew       Delay        Time   Description
---------------------------------------------------------------------------------------------
                                  0.000000    0.000000   clock clk (rise edge)
                                  0.000000    0.000000   clock network delay (propagated)
                                  4.000000    4.000000 ^ input external delay
     1    0.002877    0.014191    0.007442    4.007442 ^ en (in)
                                                         en (net)
                      0.014191    0.000000    4.007442 ^ input1/A (sky130_fd_sc_hd__buf_1)
     3    0.011043    0.101424    0.096000    4.103443 ^ input1/X (sky130_fd_sc_hd__buf_1)
                                                         net1 (net)
                      0.101425    0.000326    4.103768 ^ _19_/C (sky130_fd_sc_hd__and3_2)
     7    0.025234    0.103255    0.173713    4.277482 ^ _19_/X (sky130_fd_sc_hd__and3_2)
                                                         _08_ (net)
                      0.103257    0.000652    4.278133 ^ _21_/A (sky130_fd_sc_hd__nand2_1)
     3    0.011383    0.063096    0.068920    4.347054 v _21_/Y (sky130_fd_sc_hd__nand2_1)
                                                         _10_ (net)
                      0.063098    0.000301    4.347354 v _24_/B (sky130_fd_sc_hd__xnor2_1)
     1    0.002349    0.027580    0.085916    4.433270 v _24_/Y (sky130_fd_sc_hd__xnor2_1)
                                                         _01_ (net)
                      0.027580    0.000046    4.433316 v _39_/D (sky130_fd_sc_hd__dfrtp_1)
                                              4.433316   data arrival time

                                 20.000000   20.000000   clock clk (rise edge)
                                  0.000000   20.000000   clock source latency
     1    0.010711    0.040930    0.026860   20.026861 ^ clk (in)
                                                         clk (net)
                      0.040933    0.000000   20.026861 ^ clkbuf_0_clk/A (sky130_fd_sc_hd__clkbuf_16)
     2    0.018077    0.029902    0.085919   20.112780 ^ clkbuf_0_clk/X (sky130_fd_sc_hd__clkbuf_16)
                                                         clknet_0_clk (net)
                      0.029909    0.000508   20.113287 ^ clkbuf_1_1__f_clk/A (sky130_fd_sc_hd__clkbuf_16)
     4    0.010795    0.025049    0.077870   20.191158 ^ clkbuf_1_1__f_clk/X (sky130_fd_sc_hd__clkbuf_16)
                                                         clknet_1_1__leaf_clk (net)
                      0.025050    0.000204   20.191362 ^ _39_/CLK (sky130_fd_sc_hd__dfrtp_1)
                                 -0.250000   19.941362   clock uncertainty
                                  0.000000   19.941362   clock reconvergence pessimism
                                 -0.071534   19.869829   library setup time
                                             19.869829   data required time
---------------------------------------------------------------------------------------------
                                             19.869829   data required time
                                             -4.433316   data arrival time
---------------------------------------------------------------------------------------------
                                             15.436513   slack (MET)


Startpoint: en (input port clocked by clk)
Endpoint: _45_ (rising edge-triggered flip-flop clocked by clk)
Path Group: clk
Path Type: max

Fanout         Cap        Slew       Delay        Time   Description
---------------------------------------------------------------------------------------------
                                  0.000000    0.000000   clock clk (rise edge)
                                  0.000000    0.000000   clock network delay (propagated)
                                  4.000000    4.000000 ^ input external delay
     1    0.002877    0.014191    0.007442    4.007442 ^ en (in)
                                                         en (net)
                      0.014191    0.000000    4.007442 ^ input1/A (sky130_fd_sc_hd__buf_1)
     3    0.011043    0.101424    0.096000    4.103443 ^ input1/X (sky130_fd_sc_hd__buf_1)
                                                         net1 (net)
                      0.101425    0.000326    4.103768 ^ _19_/C (sky130_fd_sc_hd__and3_2)
     7    0.025234    0.103255    0.173713    4.277482 ^ _19_/X (sky130_fd_sc_hd__and3_2)
                                                         _08_ (net)
                      0.103258    0.000730    4.278212 ^ _22_/B (sky130_fd_sc_hd__and2_1)
     2    0.006923    0.060263    0.106599    4.384810 ^ _22_/X (sky130_fd_sc_hd__and2_1)
                                                         _11_ (net)
                      0.060263    0.000157    4.384968 ^ _37_/A (sky130_fd_sc_hd__nor2_1)
     1    0.003719    0.026310    0.032311    4.417279 v _37_/Y (sky130_fd_sc_hd__nor2_1)
                                                         _07_ (net)
                      0.026310    0.000116    4.417395 v _45_/D (sky130_fd_sc_hd__dfrtp_1)
                                              4.417395   data arrival time

                                 20.000000   20.000000   clock clk (rise edge)
                                  0.000000   20.000000   clock source latency
     1    0.010711    0.040930    0.026860   20.026861 ^ clk (in)
                                                         clk (net)
                      0.040933    0.000000   20.026861 ^ clkbuf_0_clk/A (sky130_fd_sc_hd__clkbuf_16)
     2    0.018077    0.029902    0.085919   20.112780 ^ clkbuf_0_clk/X (sky130_fd_sc_hd__clkbuf_16)
                                                         clknet_0_clk (net)
                      0.029911    0.000661   20.113440 ^ clkbuf_1_0__f_clk/A (sky130_fd_sc_hd__clkbuf_16)
     4    0.012207    0.025988    0.078833   20.192274 ^ clkbuf_1_0__f_clk/X (sky130_fd_sc_hd__clkbuf_16)
                                                         clknet_1_0__leaf_clk (net)
                      0.025988    0.000250   20.192524 ^ _45_/CLK (sky130_fd_sc_hd__dfrtp_1)
                                 -0.250000   19.942524   clock uncertainty
                                  0.000000   19.942524   clock reconvergence pessimism
                                 -0.070991   19.871534   library setup time
                                             19.871534   data required time
---------------------------------------------------------------------------------------------
                                             19.871534   data required time
                                             -4.417395   data arrival time
---------------------------------------------------------------------------------------------
                                             15.454140   slack (MET)


Startpoint: en (input port clocked by clk)
Endpoint: _44_ (rising edge-triggered flip-flop clocked by clk)
Path Group: clk
Path Type: max

Fanout         Cap        Slew       Delay        Time   Description
---------------------------------------------------------------------------------------------
                                  0.000000    0.000000   clock clk (rise edge)
                                  0.000000    0.000000   clock network delay (propagated)
                                  4.000000    4.000000 ^ input external delay
     1    0.002877    0.014191    0.007442    4.007442 ^ en (in)
                                                         en (net)
                      0.014191    0.000000    4.007442 ^ input1/A (sky130_fd_sc_hd__buf_1)
     3    0.011043    0.101424    0.096000    4.103443 ^ input1/X (sky130_fd_sc_hd__buf_1)
                                                         net1 (net)
                      0.101425    0.000326    4.103768 ^ _19_/C (sky130_fd_sc_hd__and3_2)
     7    0.025234    0.103255    0.173713    4.277482 ^ _19_/X (sky130_fd_sc_hd__and3_2)
                                                         _08_ (net)
                      0.103256    0.000622    4.278104 ^ _35_/A (sky130_fd_sc_hd__nor2_1)
     1    0.002524    0.031140    0.031194    4.309298 v _35_/Y (sky130_fd_sc_hd__nor2_1)
                                                         _06_ (net)
                      0.031140    0.000072    4.309370 v _44_/D (sky130_fd_sc_hd__dfrtp_1)
                                              4.309370   data arrival time

                                 20.000000   20.000000   clock clk (rise edge)
                                  0.000000   20.000000   clock source latency
     1    0.010711    0.040930    0.026860   20.026861 ^ clk (in)
                                                         clk (net)
                      0.040933    0.000000   20.026861 ^ clkbuf_0_clk/A (sky130_fd_sc_hd__clkbuf_16)
     2    0.018077    0.029902    0.085919   20.112780 ^ clkbuf_0_clk/X (sky130_fd_sc_hd__clkbuf_16)
                                                         clknet_0_clk (net)
                      0.029911    0.000661   20.113440 ^ clkbuf_1_0__f_clk/A (sky130_fd_sc_hd__clkbuf_16)
     4    0.012207    0.025988    0.078833   20.192274 ^ clkbuf_1_0__f_clk/X (sky130_fd_sc_hd__clkbuf_16)
                                                         clknet_1_0__leaf_clk (net)
                      0.025988    0.000259   20.192533 ^ _44_/CLK (sky130_fd_sc_hd__dfrtp_1)
                                 -0.250000   19.942533   clock uncertainty
                                  0.000000   19.942533   clock reconvergence pessimism
                                 -0.072716   19.869816   library setup time
                                             19.869816   data required time
---------------------------------------------------------------------------------------------
                                             19.869816   data required time
                                             -4.309370   data arrival time
---------------------------------------------------------------------------------------------
                                             15.560446   slack (MET)


Startpoint: en (input port clocked by clk)
Endpoint: _43_ (rising edge-triggered flip-flop clocked by clk)
Path Group: clk
Path Type: max

Fanout         Cap        Slew       Delay        Time   Description
---------------------------------------------------------------------------------------------
                                  0.000000    0.000000   clock clk (rise edge)
                                  0.000000    0.000000   clock network delay (propagated)
                                  4.000000    4.000000 v input external delay
     1    0.002689    0.004558    0.002180    4.002181 v en (in)
                                                         en (net)
                      0.004559    0.000000    4.002181 v input1/A (sky130_fd_sc_hd__buf_1)
     3    0.010348    0.045068    0.070099    4.072279 v input1/X (sky130_fd_sc_hd__buf_1)
                                                         net1 (net)
                      0.045069    0.000310    4.072589 v _33_/B (sky130_fd_sc_hd__xor2_1)
     1    0.002845    0.039667    0.089524    4.162114 v _33_/X (sky130_fd_sc_hd__xor2_1)
                                                         _05_ (net)
                      0.039667    0.000087    4.162201 v _43_/D (sky130_fd_sc_hd__dfrtp_1)
                                              4.162201   data arrival time

                                 20.000000   20.000000   clock clk (rise edge)
                                  0.000000   20.000000   clock source latency
     1    0.010711    0.040930    0.026860   20.026861 ^ clk (in)
                                                         clk (net)
                      0.040933    0.000000   20.026861 ^ clkbuf_0_clk/A (sky130_fd_sc_hd__clkbuf_16)
     2    0.018077    0.029902    0.085919   20.112780 ^ clkbuf_0_clk/X (sky130_fd_sc_hd__clkbuf_16)
                                                         clknet_0_clk (net)
                      0.029911    0.000661   20.113440 ^ clkbuf_1_0__f_clk/A (sky130_fd_sc_hd__clkbuf_16)
     4    0.012207    0.025988    0.078833   20.192274 ^ clkbuf_1_0__f_clk/X (sky130_fd_sc_hd__clkbuf_16)
                                                         clknet_1_0__leaf_clk (net)
                      0.025988    0.000265   20.192537 ^ _43_/CLK (sky130_fd_sc_hd__dfrtp_1)
                                 -0.250000   19.942539   clock uncertainty
                                  0.000000   19.942539   clock reconvergence pessimism
                                 -0.075762   19.866777   library setup time
                                             19.866777   data required time
---------------------------------------------------------------------------------------------
                                             19.866777   data required time
                                             -4.162201   data arrival time
---------------------------------------------------------------------------------------------
                                             15.704576   slack (MET)


Startpoint: rst_n (input port clocked by clk)
Endpoint: _40_ (recovery check against rising-edge clock clk)
Path Group: asynchronous
Path Type: max

Fanout         Cap        Slew       Delay        Time   Description
---------------------------------------------------------------------------------------------
                                  0.000000    0.000000   clock clk (rise edge)
                                  0.000000    0.000000   clock network delay (propagated)
                                  4.000000    4.000000 ^ input external delay
     1    0.002521    0.012925    0.006506    4.006506 ^ rst_n (in)
                                                         rst_n (net)
                      0.012925    0.000000    4.006506 ^ input2/A (sky130_fd_sc_hd__buf_2)
     8    0.037969    0.141465    0.140744    4.147250 ^ input2/X (sky130_fd_sc_hd__buf_2)
                                                         net2 (net)
                      0.141473    0.000862    4.148112 ^ _40_/RESET_B (sky130_fd_sc_hd__dfrtp_1)
                                              4.148112   data arrival time

                                 20.000000   20.000000   clock clk (rise edge)
                                  0.000000   20.000000   clock source latency
     1    0.010711    0.040930    0.026860   20.026861 ^ clk (in)
                                                         clk (net)
                      0.040933    0.000000   20.026861 ^ clkbuf_0_clk/A (sky130_fd_sc_hd__clkbuf_16)
     2    0.018077    0.029902    0.085919   20.112780 ^ clkbuf_0_clk/X (sky130_fd_sc_hd__clkbuf_16)
                                                         clknet_0_clk (net)
                      0.029909    0.000508   20.113287 ^ clkbuf_1_1__f_clk/A (sky130_fd_sc_hd__clkbuf_16)
     4    0.010795    0.025049    0.077870   20.191158 ^ clkbuf_1_1__f_clk/X (sky130_fd_sc_hd__clkbuf_16)
                                                         clknet_1_1__leaf_clk (net)
                      0.025050    0.000199   20.191357 ^ _40_/CLK (sky130_fd_sc_hd__dfrtp_1)
                                 -0.250000   19.941357   clock uncertainty
                                  0.000000   19.941357   clock reconvergence pessimism
                                  0.122079   20.063437   library recovery time
                                             20.063437   data required time
---------------------------------------------------------------------------------------------
                                             20.063437   data required time
                                             -4.148112   data arrival time
---------------------------------------------------------------------------------------------
                                             15.915323   slack (MET)


Startpoint: rst_n (input port clocked by clk)
Endpoint: _39_ (recovery check against rising-edge clock clk)
Path Group: asynchronous
Path Type: max

Fanout         Cap        Slew       Delay        Time   Description
---------------------------------------------------------------------------------------------
                                  0.000000    0.000000   clock clk (rise edge)
                                  0.000000    0.000000   clock network delay (propagated)
                                  4.000000    4.000000 ^ input external delay
     1    0.002521    0.012925    0.006506    4.006506 ^ rst_n (in)
                                                         rst_n (net)
                      0.012925    0.000000    4.006506 ^ input2/A (sky130_fd_sc_hd__buf_2)
     8    0.037969    0.141465    0.140744    4.147250 ^ input2/X (sky130_fd_sc_hd__buf_2)
                                                         net2 (net)
                      0.141470    0.000668    4.147919 ^ _39_/RESET_B (sky130_fd_sc_hd__dfrtp_1)
                                              4.147919   data arrival time

                                 20.000000   20.000000   clock clk (rise edge)
                                  0.000000   20.000000   clock source latency
     1    0.010711    0.040930    0.026860   20.026861 ^ clk (in)
                                                         clk (net)
                      0.040933    0.000000   20.026861 ^ clkbuf_0_clk/A (sky130_fd_sc_hd__clkbuf_16)
     2    0.018077    0.029902    0.085919   20.112780 ^ clkbuf_0_clk/X (sky130_fd_sc_hd__clkbuf_16)
                                                         clknet_0_clk (net)
                      0.029909    0.000508   20.113287 ^ clkbuf_1_1__f_clk/A (sky130_fd_sc_hd__clkbuf_16)
     4    0.010795    0.025049    0.077870   20.191158 ^ clkbuf_1_1__f_clk/X (sky130_fd_sc_hd__clkbuf_16)
                                                         clknet_1_1__leaf_clk (net)
                      0.025050    0.000204   20.191362 ^ _39_/CLK (sky130_fd_sc_hd__dfrtp_1)
                                 -0.250000   19.941362   clock uncertainty
                                  0.000000   19.941362   clock reconvergence pessimism
                                  0.122080   20.063442   library recovery time
                                             20.063442   data required time
---------------------------------------------------------------------------------------------
                                             20.063442   data required time
                                             -4.147919   data arrival time
---------------------------------------------------------------------------------------------
                                             15.915525   slack (MET)


Startpoint: rst_n (input port clocked by clk)
Endpoint: _41_ (recovery check against rising-edge clock clk)
Path Group: asynchronous
Path Type: max

Fanout         Cap        Slew       Delay        Time   Description
---------------------------------------------------------------------------------------------
                                  0.000000    0.000000   clock clk (rise edge)
                                  0.000000    0.000000   clock network delay (propagated)
                                  4.000000    4.000000 ^ input external delay
     1    0.002521    0.012925    0.006506    4.006506 ^ rst_n (in)
                                                         rst_n (net)
                      0.012925    0.000000    4.006506 ^ input2/A (sky130_fd_sc_hd__buf_2)
     8    0.037969    0.141465    0.140744    4.147250 ^ input2/X (sky130_fd_sc_hd__buf_2)
                                                         net2 (net)
                      0.141468    0.000530    4.147780 ^ _41_/RESET_B (sky130_fd_sc_hd__dfrtp_1)
                                              4.147780   data arrival time

                                 20.000000   20.000000   clock clk (rise edge)
                                  0.000000   20.000000   clock source latency
     1    0.010711    0.040930    0.026860   20.026861 ^ clk (in)
                                                         clk (net)
                      0.040933    0.000000   20.026861 ^ clkbuf_0_clk/A (sky130_fd_sc_hd__clkbuf_16)
     2    0.018077    0.029902    0.085919   20.112780 ^ clkbuf_0_clk/X (sky130_fd_sc_hd__clkbuf_16)
                                                         clknet_0_clk (net)
                      0.029909    0.000508   20.113287 ^ clkbuf_1_1__f_clk/A (sky130_fd_sc_hd__clkbuf_16)
     4    0.010795    0.025049    0.077870   20.191158 ^ clkbuf_1_1__f_clk/X (sky130_fd_sc_hd__clkbuf_16)
                                                         clknet_1_1__leaf_clk (net)
                      0.025050    0.000218   20.191376 ^ _41_/CLK (sky130_fd_sc_hd__dfrtp_1)
                                 -0.250000   19.941378   clock uncertainty
                                  0.000000   19.941378   clock reconvergence pessimism
                                  0.122080   20.063457   library recovery time
                                             20.063457   data required time
---------------------------------------------------------------------------------------------
                                             20.063457   data required time
                                             -4.147780   data arrival time
---------------------------------------------------------------------------------------------
                                             15.915678   slack (MET)


Startpoint: rst_n (input port clocked by clk)
Endpoint: _42_ (recovery check against rising-edge clock clk)
Path Group: asynchronous
Path Type: max

Fanout         Cap        Slew       Delay        Time   Description
---------------------------------------------------------------------------------------------
                                  0.000000    0.000000   clock clk (rise edge)
                                  0.000000    0.000000   clock network delay (propagated)
                                  4.000000    4.000000 ^ input external delay
     1    0.002521    0.012925    0.006506    4.006506 ^ rst_n (in)
                                                         rst_n (net)
                      0.012925    0.000000    4.006506 ^ input2/A (sky130_fd_sc_hd__buf_2)
     8    0.037969    0.141465    0.140744    4.147250 ^ input2/X (sky130_fd_sc_hd__buf_2)
                                                         net2 (net)
                      0.141468    0.000501    4.147751 ^ _42_/RESET_B (sky130_fd_sc_hd__dfrtp_1)
                                              4.147751   data arrival time

                                 20.000000   20.000000   clock clk (rise edge)
                                  0.000000   20.000000   clock source latency
     1    0.010711    0.040930    0.026860   20.026861 ^ clk (in)
                                                         clk (net)
                      0.040933    0.000000   20.026861 ^ clkbuf_0_clk/A (sky130_fd_sc_hd__clkbuf_16)
     2    0.018077    0.029902    0.085919   20.112780 ^ clkbuf_0_clk/X (sky130_fd_sc_hd__clkbuf_16)
                                                         clknet_0_clk (net)
                      0.029909    0.000508   20.113287 ^ clkbuf_1_1__f_clk/A (sky130_fd_sc_hd__clkbuf_16)
     4    0.010795    0.025049    0.077870   20.191158 ^ clkbuf_1_1__f_clk/X (sky130_fd_sc_hd__clkbuf_16)
                                                         clknet_1_1__leaf_clk (net)
                      0.025050    0.000192   20.191349 ^ _42_/CLK (sky130_fd_sc_hd__dfrtp_1)
                                 -0.250000   19.941351   clock uncertainty
                                  0.000000   19.941351   clock reconvergence pessimism
                                  0.122080   20.063431   library recovery time
                                             20.063431   data required time
---------------------------------------------------------------------------------------------
                                             20.063431   data required time
                                             -4.147751   data arrival time
---------------------------------------------------------------------------------------------
                                             15.915680   slack (MET)


Startpoint: rst_n (input port clocked by clk)
Endpoint: _43_ (recovery check against rising-edge clock clk)
Path Group: asynchronous
Path Type: max

Fanout         Cap        Slew       Delay        Time   Description
---------------------------------------------------------------------------------------------
                                  0.000000    0.000000   clock clk (rise edge)
                                  0.000000    0.000000   clock network delay (propagated)
                                  4.000000    4.000000 ^ input external delay
     1    0.002521    0.012925    0.006506    4.006506 ^ rst_n (in)
                                                         rst_n (net)
                      0.012925    0.000000    4.006506 ^ input2/A (sky130_fd_sc_hd__buf_2)
     8    0.037969    0.141465    0.140744    4.147250 ^ input2/X (sky130_fd_sc_hd__buf_2)
                                                         net2 (net)
                      0.141486    0.001427    4.148677 ^ _43_/RESET_B (sky130_fd_sc_hd__dfrtp_1)
                                              4.148677   data arrival time

                                 20.000000   20.000000   clock clk (rise edge)
                                  0.000000   20.000000   clock source latency
     1    0.010711    0.040930    0.026860   20.026861 ^ clk (in)
                                                         clk (net)
                      0.040933    0.000000   20.026861 ^ clkbuf_0_clk/A (sky130_fd_sc_hd__clkbuf_16)
     2    0.018077    0.029902    0.085919   20.112780 ^ clkbuf_0_clk/X (sky130_fd_sc_hd__clkbuf_16)
                                                         clknet_0_clk (net)
                      0.029911    0.000661   20.113440 ^ clkbuf_1_0__f_clk/A (sky130_fd_sc_hd__clkbuf_16)
     4    0.012207    0.025988    0.078833   20.192274 ^ clkbuf_1_0__f_clk/X (sky130_fd_sc_hd__clkbuf_16)
                                                         clknet_1_0__leaf_clk (net)
                      0.025988    0.000265   20.192537 ^ _43_/CLK (sky130_fd_sc_hd__dfrtp_1)
                                 -0.250000   19.942539   clock uncertainty
                                  0.000000   19.942539   clock reconvergence pessimism
                                  0.122221   20.064760   library recovery time
                                             20.064760   data required time
---------------------------------------------------------------------------------------------
                                             20.064760   data required time
                                             -4.148677   data arrival time
---------------------------------------------------------------------------------------------
                                             15.916083   slack (MET)


Startpoint: rst_n (input port clocked by clk)
Endpoint: _44_ (recovery check against rising-edge clock clk)
Path Group: asynchronous
Path Type: max

Fanout         Cap        Slew       Delay        Time   Description
---------------------------------------------------------------------------------------------
                                  0.000000    0.000000   clock clk (rise edge)
                                  0.000000    0.000000   clock network delay (propagated)
                                  4.000000    4.000000 ^ input external delay
     1    0.002521    0.012925    0.006506    4.006506 ^ rst_n (in)
                                                         rst_n (net)
                      0.012925    0.000000    4.006506 ^ input2/A (sky130_fd_sc_hd__buf_2)
     8    0.037969    0.141465    0.140744    4.147250 ^ input2/X (sky130_fd_sc_hd__buf_2)
                                                         net2 (net)
                      0.141486    0.001414    4.148664 ^ _44_/RESET_B (sky130_fd_sc_hd__dfrtp_1)
                                              4.148664   data arrival time

                                 20.000000   20.000000   clock clk (rise edge)
                                  0.000000   20.000000   clock source latency
     1    0.010711    0.040930    0.026860   20.026861 ^ clk (in)
                                                         clk (net)
                      0.040933    0.000000   20.026861 ^ clkbuf_0_clk/A (sky130_fd_sc_hd__clkbuf_16)
     2    0.018077    0.029902    0.085919   20.112780 ^ clkbuf_0_clk/X (sky130_fd_sc_hd__clkbuf_16)
                                                         clknet_0_clk (net)
                      0.029911    0.000661   20.113440 ^ clkbuf_1_0__f_clk/A (sky130_fd_sc_hd__clkbuf_16)
     4    0.012207    0.025988    0.078833   20.192274 ^ clkbuf_1_0__f_clk/X (sky130_fd_sc_hd__clkbuf_16)
                                                         clknet_1_0__leaf_clk (net)
                      0.025988    0.000259   20.192533 ^ _44_/CLK (sky130_fd_sc_hd__dfrtp_1)
                                 -0.250000   19.942533   clock uncertainty
                                  0.000000   19.942533   clock reconvergence pessimism
                                  0.122221   20.064756   library recovery time
                                             20.064756   data required time
---------------------------------------------------------------------------------------------
                                             20.064756   data required time
                                             -4.148664   data arrival time
---------------------------------------------------------------------------------------------
                                             15.916090   slack (MET)


Startpoint: rst_n (input port clocked by clk)
Endpoint: _38_ (recovery check against rising-edge clock clk)
Path Group: asynchronous
Path Type: max

Fanout         Cap        Slew       Delay        Time   Description
---------------------------------------------------------------------------------------------
                                  0.000000    0.000000   clock clk (rise edge)
                                  0.000000    0.000000   clock network delay (propagated)
                                  4.000000    4.000000 ^ input external delay
     1    0.002521    0.012925    0.006506    4.006506 ^ rst_n (in)
                                                         rst_n (net)
                      0.012925    0.000000    4.006506 ^ input2/A (sky130_fd_sc_hd__buf_2)
     8    0.037969    0.141465    0.140744    4.147250 ^ input2/X (sky130_fd_sc_hd__buf_2)
                                                         net2 (net)
                      0.141482    0.001285    4.148535 ^ _38_/RESET_B (sky130_fd_sc_hd__dfrtp_1)
                                              4.148535   data arrival time

                                 20.000000   20.000000   clock clk (rise edge)
                                  0.000000   20.000000   clock source latency
     1    0.010711    0.040930    0.026860   20.026861 ^ clk (in)
                                                         clk (net)
                      0.040933    0.000000   20.026861 ^ clkbuf_0_clk/A (sky130_fd_sc_hd__clkbuf_16)
     2    0.018077    0.029902    0.085919   20.112780 ^ clkbuf_0_clk/X (sky130_fd_sc_hd__clkbuf_16)
                                                         clknet_0_clk (net)
                      0.029911    0.000661   20.113440 ^ clkbuf_1_0__f_clk/A (sky130_fd_sc_hd__clkbuf_16)
     4    0.012207    0.025988    0.078833   20.192274 ^ clkbuf_1_0__f_clk/X (sky130_fd_sc_hd__clkbuf_16)
                                                         clknet_1_0__leaf_clk (net)
                      0.025988    0.000226   20.192499 ^ _38_/CLK (sky130_fd_sc_hd__dfrtp_1)
                                 -0.250000   19.942499   clock uncertainty
                                  0.000000   19.942499   clock reconvergence pessimism
                                  0.122222   20.064722   library recovery time
                                             20.064722   data required time
---------------------------------------------------------------------------------------------
                                             20.064722   data required time
                                             -4.148535   data arrival time
---------------------------------------------------------------------------------------------
                                             15.916186   slack (MET)


Startpoint: rst_n (input port clocked by clk)
Endpoint: _45_ (recovery check against rising-edge clock clk)
Path Group: asynchronous
Path Type: max

Fanout         Cap        Slew       Delay        Time   Description
---------------------------------------------------------------------------------------------
                                  0.000000    0.000000   clock clk (rise edge)
                                  0.000000    0.000000   clock network delay (propagated)
                                  4.000000    4.000000 ^ input external delay
     1    0.002521    0.012925    0.006506    4.006506 ^ rst_n (in)
                                                         rst_n (net)
                      0.012925    0.000000    4.006506 ^ input2/A (sky130_fd_sc_hd__buf_2)
     8    0.037969    0.141465    0.140744    4.147250 ^ input2/X (sky130_fd_sc_hd__buf_2)
                                                         net2 (net)
                      0.141482    0.001284    4.148534 ^ _45_/RESET_B (sky130_fd_sc_hd__dfrtp_1)
                                              4.148534   data arrival time

                                 20.000000   20.000000   clock clk (rise edge)
                                  0.000000   20.000000   clock source latency
     1    0.010711    0.040930    0.026860   20.026861 ^ clk (in)
                                                         clk (net)
                      0.040933    0.000000   20.026861 ^ clkbuf_0_clk/A (sky130_fd_sc_hd__clkbuf_16)
     2    0.018077    0.029902    0.085919   20.112780 ^ clkbuf_0_clk/X (sky130_fd_sc_hd__clkbuf_16)
                                                         clknet_0_clk (net)
                      0.029911    0.000661   20.113440 ^ clkbuf_1_0__f_clk/A (sky130_fd_sc_hd__clkbuf_16)
     4    0.012207    0.025988    0.078833   20.192274 ^ clkbuf_1_0__f_clk/X (sky130_fd_sc_hd__clkbuf_16)
                                                         clknet_1_0__leaf_clk (net)
                      0.025988    0.000250   20.192524 ^ _45_/CLK (sky130_fd_sc_hd__dfrtp_1)
                                 -0.250000   19.942524   clock uncertainty
                                  0.000000   19.942524   clock reconvergence pessimism
                                  0.122222   20.064747   library recovery time
                                             20.064747   data required time
---------------------------------------------------------------------------------------------
                                             20.064747   data required time
                                             -4.148534   data arrival time
---------------------------------------------------------------------------------------------
                                             15.916213   slack (MET)



