
===========================================================================
report_checks -path_delay min (Hold)
============================================================================
======================= nom_ff_n40C_1v95 Corner ===================================

Startpoint: _41_ (rising edge-triggered flip-flop clocked by clk)
Endpoint: _41_ (rising edge-triggered flip-flop clocked by clk)
Path Group: clk
Path Type: min

Fanout         Cap        Slew       Delay        Time   Description
---------------------------------------------------------------------------------------------
                                  0.000000    0.000000   clock clk (rise edge)
                                  0.000000    0.000000   clock source latency
     1    0.010711    0.040930    0.026860    0.026860 ^ clk (in)
                                                         clk (net)
                      0.040933    0.000000    0.026860 ^ clkbuf_0_clk/A (sky130_fd_sc_hd__clkbuf_16)
     2    0.018077    0.029902    0.085919    0.112779 ^ clkbuf_0_clk/X (sky130_fd_sc_hd__clkbuf_16)
                                                         clknet_0_clk (net)
                      0.029909    0.000508    0.113287 ^ clkbuf_1_1__f_clk/A (sky130_fd_sc_hd__clkbuf_16)
     4    0.010795    0.025049    0.077870    0.191157 ^ clkbuf_1_1__f_clk/X (sky130_fd_sc_hd__clkbuf_16)
                                                         clknet_1_1__leaf_clk (net)
                      0.025050    0.000219    0.191376 ^ _41_/CLK (sky130_fd_sc_hd__dfrtp_1)
     3    0.008042    0.062555    0.220864    0.412240 ^ _41_/Q (sky130_fd_sc_hd__dfrtp_1)
                                                         net9 (net)
                      0.062555    0.000196    0.412436 ^ _30_/B1 (sky130_fd_sc_hd__a31o_1)
     1    0.001964    0.022349    0.051811    0.464247 ^ _30_/X (sky130_fd_sc_hd__a31o_1)
                                                         _16_ (net)
                      0.022349    0.000037    0.464285 ^ _31_/B (sky130_fd_sc_hd__and2b_1)
     1    0.002833    0.029352    0.068310    0.532595 ^ _31_/X (sky130_fd_sc_hd__and2b_1)
                                                         _03_ (net)
                      0.029352    0.000080    0.532675 ^ _41_/D (sky130_fd_sc_hd__dfrtp_1)
                                              0.532675   data arrival time

                                  0.000000    0.000000   clock clk (rise edge)
                                  0.000000    0.000000   clock source latency
     1    0.010711    0.040930    0.026860    0.026860 ^ clk (in)
                                                         clk (net)
                      0.040933    0.000000    0.026860 ^ clkbuf_0_clk/A (sky130_fd_sc_hd__clkbuf_16)
     2    0.018077    0.029902    0.085919    0.112779 ^ clkbuf_0_clk/X (sky130_fd_sc_hd__clkbuf_16)
                                                         clknet_0_clk (net)
                      0.029909    0.000508    0.113287 ^ clkbuf_1_1__f_clk/A (sky130_fd_sc_hd__clkbuf_16)
     4    0.010795    0.025049    0.077870    0.191157 ^ clkbuf_1_1__f_clk/X (sky130_fd_sc_hd__clkbuf_16)
                                                         clknet_1_1__leaf_clk (net)
                      0.025050    0.000219    0.191376 ^ _41_/CLK (sky130_fd_sc_hd__dfrtp_1)
                                  0.250000    0.441376   clock uncertainty
                                  0.000000    0.441376   clock reconvergence pessimism
                                 -0.019824    0.421552   library hold time
                                              0.421552   data required time
---------------------------------------------------------------------------------------------
                                              0.421552   data required time
                                             -0.532675   data arrival time
---------------------------------------------------------------------------------------------
                                              0.111123   slack (MET)


Startpoint: _40_ (rising edge-triggered flip-flop clocked by clk)
Endpoint: _40_ (rising edge-triggered flip-flop clocked by clk)
Path Group: clk
Path Type: min

Fanout         Cap        Slew       Delay        Time   Description
---------------------------------------------------------------------------------------------
                                  0.000000    0.000000   clock clk (rise edge)
                                  0.000000    0.000000   clock source latency
     1    0.010711    0.040930    0.026860    0.026860 ^ clk (in)
                                                         clk (net)
                      0.040933    0.000000    0.026860 ^ clkbuf_0_clk/A (sky130_fd_sc_hd__clkbuf_16)
     2    0.018077    0.029902    0.085919    0.112779 ^ clkbuf_0_clk/X (sky130_fd_sc_hd__clkbuf_16)
                                                         clknet_0_clk (net)
                      0.029909    0.000508    0.113287 ^ clkbuf_1_1__f_clk/A (sky130_fd_sc_hd__clkbuf_16)
     4    0.010795    0.025049    0.077870    0.191157 ^ clkbuf_1_1__f_clk/X (sky130_fd_sc_hd__clkbuf_16)
                                                         clknet_1_1__leaf_clk (net)
                      0.025050    0.000199    0.191356 ^ _40_/CLK (sky130_fd_sc_hd__dfrtp_1)
     4    0.011005    0.080081    0.235001    0.426357 ^ _40_/Q (sky130_fd_sc_hd__dfrtp_1)
                                                         net8 (net)
                      0.080081    0.000263    0.426619 ^ _25_/B1 (sky130_fd_sc_hd__a31o_1)
     1    0.002860    0.028183    0.057621    0.484240 ^ _25_/X (sky130_fd_sc_hd__a31o_1)
                                                         _12_ (net)
                      0.028183    0.000058    0.484298 ^ _28_/B1 (sky130_fd_sc_hd__o21a_1)
     1    0.002370    0.024840    0.050729    0.535027 ^ _28_/X (sky130_fd_sc_hd__o21a_1)
                                                         _02_ (net)
                      0.024840    0.000067    0.535094 ^ _40_/D (sky130_fd_sc_hd__dfrtp_1)
                                              0.535094   data arrival time

                                  0.000000    0.000000   clock clk (rise edge)
                                  0.000000    0.000000   clock source latency
     1    0.010711    0.040930    0.026860    0.026860 ^ clk (in)
                                                         clk (net)
                      0.040933    0.000000    0.026860 ^ clkbuf_0_clk/A (sky130_fd_sc_hd__clkbuf_16)
     2    0.018077    0.029902    0.085919    0.112779 ^ clkbuf_0_clk/X (sky130_fd_sc_hd__clkbuf_16)
                                                         clknet_0_clk (net)
                      0.029909    0.000508    0.113287 ^ clkbuf_1_1__f_clk/A (sky130_fd_sc_hd__clkbuf_16)
     4    0.010795    0.025049    0.077870    0.191157 ^ clkbuf_1_1__f_clk/X (sky130_fd_sc_hd__clkbuf_16)
                                                         clknet_1_1__leaf_clk (net)
                      0.025050    0.000199    0.191356 ^ _40_/CLK (sky130_fd_sc_hd__dfrtp_1)
                                  0.250000    0.441356   clock uncertainty
                                  0.000000    0.441356   clock reconvergence pessimism
                                 -0.019483    0.421873   library hold time
                                              0.421873   data required time
---------------------------------------------------------------------------------------------
                                              0.421873   data required time
                                             -0.535094   data arrival time
---------------------------------------------------------------------------------------------
                                              0.113221   slack (MET)


Startpoint: _45_ (rising edge-triggered flip-flop clocked by clk)
Endpoint: _45_ (rising edge-triggered flip-flop clocked by clk)
Path Group: clk
Path Type: min

Fanout         Cap        Slew       Delay        Time   Description
---------------------------------------------------------------------------------------------
                                  0.000000    0.000000   clock clk (rise edge)
                                  0.000000    0.000000   clock source latency
     1    0.010711    0.040930    0.026860    0.026860 ^ clk (in)
                                                         clk (net)
                      0.040933    0.000000    0.026860 ^ clkbuf_0_clk/A (sky130_fd_sc_hd__clkbuf_16)
     2    0.018077    0.029902    0.085919    0.112779 ^ clkbuf_0_clk/X (sky130_fd_sc_hd__clkbuf_16)
                                                         clknet_0_clk (net)
                      0.029911    0.000660    0.113439 ^ clkbuf_1_0__f_clk/A (sky130_fd_sc_hd__clkbuf_16)
     4    0.012207    0.025988    0.078834    0.192273 ^ clkbuf_1_0__f_clk/X (sky130_fd_sc_hd__clkbuf_16)
                                                         clknet_1_0__leaf_clk (net)
                      0.025988    0.000250    0.192523 ^ _45_/CLK (sky130_fd_sc_hd__dfrtp_1)
     4    0.010408    0.076595    0.232496    0.425019 ^ _45_/Q (sky130_fd_sc_hd__dfrtp_1)
                                                         net5 (net)
                      0.076595    0.000225    0.425243 ^ _22_/A (sky130_fd_sc_hd__and2_1)
     2    0.006923    0.059994    0.099468    0.524712 ^ _22_/X (sky130_fd_sc_hd__and2_1)
                                                         _11_ (net)
                      0.059994    0.000157    0.524869 ^ _37_/A (sky130_fd_sc_hd__nor2_1)
     1    0.003719    0.022831    0.032287    0.557156 v _37_/Y (sky130_fd_sc_hd__nor2_1)
                                                         _07_ (net)
                      0.022831    0.000116    0.557272 v _45_/D (sky130_fd_sc_hd__dfrtp_1)
                                              0.557272   data arrival time

                                  0.000000    0.000000   clock clk (rise edge)
                                  0.000000    0.000000   clock source latency
     1    0.010711    0.040930    0.026860    0.026860 ^ clk (in)
                                                         clk (net)
                      0.040933    0.000000    0.026860 ^ clkbuf_0_clk/A (sky130_fd_sc_hd__clkbuf_16)
     2    0.018077    0.029902    0.085919    0.112779 ^ clkbuf_0_clk/X (sky130_fd_sc_hd__clkbuf_16)
                                                         clknet_0_clk (net)
                      0.029911    0.000660    0.113439 ^ clkbuf_1_0__f_clk/A (sky130_fd_sc_hd__clkbuf_16)
     4    0.012207    0.025988    0.078834    0.192273 ^ clkbuf_1_0__f_clk/X (sky130_fd_sc_hd__clkbuf_16)
                                                         clknet_1_0__leaf_clk (net)
                      0.025988    0.000250    0.192523 ^ _45_/CLK (sky130_fd_sc_hd__dfrtp_1)
                                  0.250000    0.442523   clock uncertainty
                                  0.000000    0.442523   clock reconvergence pessimism
                                 -0.029895    0.412627   library hold time
                                              0.412627   data required time
---------------------------------------------------------------------------------------------
                                              0.412627   data required time
                                             -0.557272   data arrival time
---------------------------------------------------------------------------------------------
                                              0.144644   slack (MET)


Startpoint: _45_ (rising edge-triggered flip-flop clocked by clk)
Endpoint: _38_ (rising edge-triggered flip-flop clocked by clk)
Path Group: clk
Path Type: min

Fanout         Cap        Slew       Delay        Time   Description
---------------------------------------------------------------------------------------------
                                  0.000000    0.000000   clock clk (rise edge)
                                  0.000000    0.000000   clock source latency
     1    0.010711    0.040930    0.026860    0.026860 ^ clk (in)
                                                         clk (net)
                      0.040933    0.000000    0.026860 ^ clkbuf_0_clk/A (sky130_fd_sc_hd__clkbuf_16)
     2    0.018077    0.029902    0.085919    0.112779 ^ clkbuf_0_clk/X (sky130_fd_sc_hd__clkbuf_16)
                                                         clknet_0_clk (net)
                      0.029911    0.000660    0.113439 ^ clkbuf_1_0__f_clk/A (sky130_fd_sc_hd__clkbuf_16)
     4    0.012207    0.025988    0.078834    0.192273 ^ clkbuf_1_0__f_clk/X (sky130_fd_sc_hd__clkbuf_16)
                                                         clknet_1_0__leaf_clk (net)
                      0.025988    0.000250    0.192523 ^ _45_/CLK (sky130_fd_sc_hd__dfrtp_1)
     4    0.010408    0.076595    0.232496    0.425019 ^ _45_/Q (sky130_fd_sc_hd__dfrtp_1)
                                                         net5 (net)
                      0.076595    0.000225    0.425243 ^ _22_/A (sky130_fd_sc_hd__and2_1)
     2    0.006923    0.059994    0.099468    0.524712 ^ _22_/X (sky130_fd_sc_hd__and2_1)
                                                         _11_ (net)
                      0.059994    0.000161    0.524872 ^ _23_/A2 (sky130_fd_sc_hd__o21a_1)
     1    0.003200    0.030685    0.069487    0.594360 ^ _23_/X (sky130_fd_sc_hd__o21a_1)
                                                         _00_ (net)
                      0.030685    0.000093    0.594452 ^ _38_/D (sky130_fd_sc_hd__dfrtp_1)
                                              0.594452   data arrival time

                                  0.000000    0.000000   clock clk (rise edge)
                                  0.000000    0.000000   clock source latency
     1    0.010711    0.040930    0.026860    0.026860 ^ clk (in)
                                                         clk (net)
                      0.040933    0.000000    0.026860 ^ clkbuf_0_clk/A (sky130_fd_sc_hd__clkbuf_16)
     2    0.018077    0.029902    0.085919    0.112779 ^ clkbuf_0_clk/X (sky130_fd_sc_hd__clkbuf_16)
                                                         clknet_0_clk (net)
                      0.029911    0.000660    0.113439 ^ clkbuf_1_0__f_clk/A (sky130_fd_sc_hd__clkbuf_16)
     4    0.012207    0.025988    0.078834    0.192273 ^ clkbuf_1_0__f_clk/X (sky130_fd_sc_hd__clkbuf_16)
                                                         clknet_1_0__leaf_clk (net)
                      0.025988    0.000225    0.192498 ^ _38_/CLK (sky130_fd_sc_hd__dfrtp_1)
                                  0.250000    0.442498   clock uncertainty
                                  0.000000    0.442498   clock reconvergence pessimism
                                 -0.019900    0.422597   library hold time
                                              0.422597   data required time
---------------------------------------------------------------------------------------------
                                              0.422597   data required time
                                             -0.594452   data arrival time
---------------------------------------------------------------------------------------------
                                              0.171855   slack (MET)


Startpoint: _41_ (rising edge-triggered flip-flop clocked by clk)
Endpoint: _42_ (rising edge-triggered flip-flop clocked by clk)
Path Group: clk
Path Type: min

Fanout         Cap        Slew       Delay        Time   Description
---------------------------------------------------------------------------------------------
                                  0.000000    0.000000   clock clk (rise edge)
                                  0.000000    0.000000   clock source latency
     1    0.010711    0.040930    0.026860    0.026860 ^ clk (in)
                                                         clk (net)
                      0.040933    0.000000    0.026860 ^ clkbuf_0_clk/A (sky130_fd_sc_hd__clkbuf_16)
     2    0.018077    0.029902    0.085919    0.112779 ^ clkbuf_0_clk/X (sky130_fd_sc_hd__clkbuf_16)
                                                         clknet_0_clk (net)
                      0.029909    0.000508    0.113287 ^ clkbuf_1_1__f_clk/A (sky130_fd_sc_hd__clkbuf_16)
     4    0.010795    0.025049    0.077870    0.191157 ^ clkbuf_1_1__f_clk/X (sky130_fd_sc_hd__clkbuf_16)
                                                         clknet_1_1__leaf_clk (net)
                      0.025050    0.000219    0.191376 ^ _41_/CLK (sky130_fd_sc_hd__dfrtp_1)
     3    0.008042    0.062555    0.220864    0.412240 ^ _41_/Q (sky130_fd_sc_hd__dfrtp_1)
                                                         net9 (net)
                      0.062555    0.000172    0.412411 ^ _29_/A (sky130_fd_sc_hd__and4_1)
     2    0.008810    0.074654    0.132876    0.545288 ^ _29_/X (sky130_fd_sc_hd__and4_1)
                                                         _15_ (net)
                      0.074654    0.000209    0.545496 ^ _32_/B (sky130_fd_sc_hd__xor2_1)
     1    0.003643    0.027393    0.042382    0.587878 v _32_/X (sky130_fd_sc_hd__xor2_1)
                                                         _04_ (net)
                      0.027393    0.000114    0.587993 v _42_/D (sky130_fd_sc_hd__dfrtp_1)
                                              0.587993   data arrival time

                                  0.000000    0.000000   clock clk (rise edge)
                                  0.000000    0.000000   clock source latency
     1    0.010711    0.040930    0.026860    0.026860 ^ clk (in)
                                                         clk (net)
                      0.040933    0.000000    0.026860 ^ clkbuf_0_clk/A (sky130_fd_sc_hd__clkbuf_16)
     2    0.018077    0.029902    0.085919    0.112779 ^ clkbuf_0_clk/X (sky130_fd_sc_hd__clkbuf_16)
                                                         clknet_0_clk (net)
                      0.029909    0.000508    0.113287 ^ clkbuf_1_1__f_clk/A (sky130_fd_sc_hd__clkbuf_16)
     4    0.010795    0.025049    0.077870    0.191157 ^ clkbuf_1_1__f_clk/X (sky130_fd_sc_hd__clkbuf_16)
                                                         clknet_1_1__leaf_clk (net)
                      0.025050    0.000193    0.191350 ^ _42_/CLK (sky130_fd_sc_hd__dfrtp_1)
                                  0.250000    0.441350   clock uncertainty
                                  0.000000    0.441350   clock reconvergence pessimism
                                 -0.031471    0.409879   library hold time
                                              0.409879   data required time
---------------------------------------------------------------------------------------------
                                              0.409879   data required time
                                             -0.587993   data arrival time
---------------------------------------------------------------------------------------------
                                              0.178114   slack (MET)


Startpoint: _43_ (rising edge-triggered flip-flop clocked by clk)
Endpoint: _44_ (rising edge-triggered flip-flop clocked by clk)
Path Group: clk
Path Type: min

Fanout         Cap        Slew       Delay        Time   Description
---------------------------------------------------------------------------------------------
                                  0.000000    0.000000   clock clk (rise edge)
                                  0.000000    0.000000   clock source latency
     1    0.010711    0.040930    0.026860    0.026860 ^ clk (in)
                                                         clk (net)
                      0.040933    0.000000    0.026860 ^ clkbuf_0_clk/A (sky130_fd_sc_hd__clkbuf_16)
     2    0.018077    0.029902    0.085919    0.112779 ^ clkbuf_0_clk/X (sky130_fd_sc_hd__clkbuf_16)
                                                         clknet_0_clk (net)
                      0.029911    0.000660    0.113439 ^ clkbuf_1_0__f_clk/A (sky130_fd_sc_hd__clkbuf_16)
     4    0.012207    0.025988    0.078834    0.192273 ^ clkbuf_1_0__f_clk/X (sky130_fd_sc_hd__clkbuf_16)
                                                         clknet_1_0__leaf_clk (net)
                      0.025988    0.000264    0.192537 ^ _43_/CLK (sky130_fd_sc_hd__dfrtp_1)
     3    0.007097    0.056836    0.216586    0.409123 ^ _43_/Q (sky130_fd_sc_hd__dfrtp_1)
                                                         net3 (net)
                      0.056836    0.000210    0.409333 ^ _19_/A (sky130_fd_sc_hd__and3_2)
     7    0.025234    0.103017    0.159972    0.569305 ^ _19_/X (sky130_fd_sc_hd__and3_2)
                                                         _08_ (net)
                      0.103018    0.000622    0.569927 ^ _35_/A (sky130_fd_sc_hd__nor2_1)
     1    0.002524    0.020770    0.031179    0.601106 v _35_/Y (sky130_fd_sc_hd__nor2_1)
                                                         _06_ (net)
                      0.020770    0.000072    0.601178 v _44_/D (sky130_fd_sc_hd__dfrtp_1)
                                              0.601178   data arrival time

                                  0.000000    0.000000   clock clk (rise edge)
                                  0.000000    0.000000   clock source latency
     1    0.010711    0.040930    0.026860    0.026860 ^ clk (in)
                                                         clk (net)
                      0.040933    0.000000    0.026860 ^ clkbuf_0_clk/A (sky130_fd_sc_hd__clkbuf_16)
     2    0.018077    0.029902    0.085919    0.112779 ^ clkbuf_0_clk/X (sky130_fd_sc_hd__clkbuf_16)
                                                         clknet_0_clk (net)
                      0.029911    0.000660    0.113439 ^ clkbuf_1_0__f_clk/A (sky130_fd_sc_hd__clkbuf_16)
     4    0.012207    0.025988    0.078834    0.192273 ^ clkbuf_1_0__f_clk/X (sky130_fd_sc_hd__clkbuf_16)
                                                         clknet_1_0__leaf_clk (net)
                      0.025988    0.000259    0.192532 ^ _44_/CLK (sky130_fd_sc_hd__dfrtp_1)
                                  0.250000    0.442532   clock uncertainty
                                  0.000000    0.442532   clock reconvergence pessimism
                                 -0.029225    0.413307   library hold time
                                              0.413307   data required time
---------------------------------------------------------------------------------------------
                                              0.413307   data required time
                                             -0.601178   data arrival time
---------------------------------------------------------------------------------------------
                                              0.187871   slack (MET)


Startpoint: _38_ (rising edge-triggered flip-flop clocked by clk)
Endpoint: _39_ (rising edge-triggered flip-flop clocked by clk)
Path Group: clk
Path Type: min

Fanout         Cap        Slew       Delay        Time   Description
---------------------------------------------------------------------------------------------
                                  0.000000    0.000000   clock clk (rise edge)
                                  0.000000    0.000000   clock source latency
     1    0.010711    0.040930    0.026860    0.026860 ^ clk (in)
                                                         clk (net)
                      0.040933    0.000000    0.026860 ^ clkbuf_0_clk/A (sky130_fd_sc_hd__clkbuf_16)
     2    0.018077    0.029902    0.085919    0.112779 ^ clkbuf_0_clk/X (sky130_fd_sc_hd__clkbuf_16)
                                                         clknet_0_clk (net)
                      0.029911    0.000660    0.113439 ^ clkbuf_1_0__f_clk/A (sky130_fd_sc_hd__clkbuf_16)
     4    0.012207    0.025988    0.078834    0.192273 ^ clkbuf_1_0__f_clk/X (sky130_fd_sc_hd__clkbuf_16)
                                                         clknet_1_0__leaf_clk (net)
                      0.025988    0.000225    0.192498 ^ _38_/CLK (sky130_fd_sc_hd__dfrtp_1)
     3    0.007124    0.041816    0.235934    0.428432 v _38_/Q (sky130_fd_sc_hd__dfrtp_1)
                                                         net6 (net)
                      0.041816    0.000092    0.428524 v _20_/B (sky130_fd_sc_hd__and2_1)
     4    0.012459    0.051174    0.128593    0.557117 v _20_/X (sky130_fd_sc_hd__and2_1)
                                                         _09_ (net)
                      0.051174    0.000154    0.557271 v _21_/B (sky130_fd_sc_hd__nand2_1)
     3    0.011998    0.087157    0.093621    0.650892 ^ _21_/Y (sky130_fd_sc_hd__nand2_1)
                                                         _10_ (net)
                      0.087159    0.000315    0.651207 ^ _24_/B (sky130_fd_sc_hd__xnor2_1)
     1    0.002349    0.021955    0.037825    0.689032 v _24_/Y (sky130_fd_sc_hd__xnor2_1)
                                                         _01_ (net)
                      0.021955    0.000046    0.689078 v _39_/D (sky130_fd_sc_hd__dfrtp_1)
                                              0.689078   data arrival time

                                  0.000000    0.000000   clock clk (rise edge)
                                  0.000000    0.000000   clock source latency
     1    0.010711    0.040930    0.026860    0.026860 ^ clk (in)
                                                         clk (net)
                      0.040933    0.000000    0.026860 ^ clkbuf_0_clk/A (sky130_fd_sc_hd__clkbuf_16)
     2    0.018077    0.029902    0.085919    0.112779 ^ clkbuf_0_clk/X (sky130_fd_sc_hd__clkbuf_16)
                                                         clknet_0_clk (net)
                      0.029909    0.000508    0.113287 ^ clkbuf_1_1__f_clk/A (sky130_fd_sc_hd__clkbuf_16)
     4    0.010795    0.025049    0.077870    0.191157 ^ clkbuf_1_1__f_clk/X (sky130_fd_sc_hd__clkbuf_16)
                                                         clknet_1_1__leaf_clk (net)
                      0.025050    0.000205    0.191362 ^ _39_/CLK (sky130_fd_sc_hd__dfrtp_1)
                                  0.250000    0.441362   clock uncertainty
                                  0.000000    0.441362   clock reconvergence pessimism
                                 -0.029703    0.411659   library hold time
                                              0.411659   data required time
---------------------------------------------------------------------------------------------
                                              0.411659   data required time
                                             -0.689078   data arrival time
---------------------------------------------------------------------------------------------
                                              0.277419   slack (MET)


Startpoint: _43_ (rising edge-triggered flip-flop clocked by clk)
Endpoint: _43_ (rising edge-triggered flip-flop clocked by clk)
Path Group: clk
Path Type: min

Fanout         Cap        Slew       Delay        Time   Description
---------------------------------------------------------------------------------------------
                                  0.000000    0.000000   clock clk (rise edge)
                                  0.000000    0.000000   clock source latency
     1    0.010711    0.040930    0.026860    0.026860 ^ clk (in)
                                                         clk (net)
                      0.040933    0.000000    0.026860 ^ clkbuf_0_clk/A (sky130_fd_sc_hd__clkbuf_16)
     2    0.018077    0.029902    0.085919    0.112779 ^ clkbuf_0_clk/X (sky130_fd_sc_hd__clkbuf_16)
                                                         clknet_0_clk (net)
                      0.029911    0.000660    0.113439 ^ clkbuf_1_0__f_clk/A (sky130_fd_sc_hd__clkbuf_16)
     4    0.012207    0.025988    0.078834    0.192273 ^ clkbuf_1_0__f_clk/X (sky130_fd_sc_hd__clkbuf_16)
                                                         clknet_1_0__leaf_clk (net)
                      0.025988    0.000264    0.192537 ^ _43_/CLK (sky130_fd_sc_hd__dfrtp_1)
     3    0.007097    0.056836    0.216586    0.409123 ^ _43_/Q (sky130_fd_sc_hd__dfrtp_1)
                                                         net3 (net)
                      0.056836    0.000177    0.409301 ^ hold2/A (sky130_fd_sc_hd__dlygate4sd3_1)
     2    0.008329    0.074900    0.407062    0.816362 ^ hold2/X (sky130_fd_sc_hd__dlygate4sd3_1)
                                                         net12 (net)
                      0.074900    0.000131    0.816493 ^ _33_/A (sky130_fd_sc_hd__xor2_1)
     1    0.002845    0.025271    0.042970    0.859463 v _33_/X (sky130_fd_sc_hd__xor2_1)
                                                         _05_ (net)
                      0.025271    0.000088    0.859551 v _43_/D (sky130_fd_sc_hd__dfrtp_1)
                                              0.859551   data arrival time

                                  0.000000    0.000000   clock clk (rise edge)
                                  0.000000    0.000000   clock source latency
     1    0.010711    0.040930    0.026860    0.026860 ^ clk (in)
                                                         clk (net)
                      0.040933    0.000000    0.026860 ^ clkbuf_0_clk/A (sky130_fd_sc_hd__clkbuf_16)
     2    0.018077    0.029902    0.085919    0.112779 ^ clkbuf_0_clk/X (sky130_fd_sc_hd__clkbuf_16)
                                                         clknet_0_clk (net)
                      0.029911    0.000660    0.113439 ^ clkbuf_1_0__f_clk/A (sky130_fd_sc_hd__clkbuf_16)
     4    0.012207    0.025988    0.078834    0.192273 ^ clkbuf_1_0__f_clk/X (sky130_fd_sc_hd__clkbuf_16)
                                                         clknet_1_0__leaf_clk (net)
                      0.025988    0.000264    0.192537 ^ _43_/CLK (sky130_fd_sc_hd__dfrtp_1)
                                  0.250000    0.442537   clock uncertainty
                                  0.000000    0.442537   clock reconvergence pessimism
                                 -0.030688    0.411849   library hold time
                                              0.411849   data required time
---------------------------------------------------------------------------------------------
                                              0.411849   data required time
                                             -0.859551   data arrival time
---------------------------------------------------------------------------------------------
                                              0.447702   slack (MET)


Startpoint: rst_n (input port clocked by clk)
Endpoint: _45_ (removal check against rising-edge clock clk)
Path Group: asynchronous
Path Type: min

Fanout         Cap        Slew       Delay        Time   Description
---------------------------------------------------------------------------------------------
                                  0.000000    0.000000   clock clk (rise edge)
                                  0.000000    0.000000   clock network delay (propagated)
                                  4.000000    4.000000 ^ input external delay
     1    0.002521    0.012925    0.006506    4.006506 ^ rst_n (in)
                                                         rst_n (net)
                      0.012925    0.000000    4.006506 ^ input2/A (sky130_fd_sc_hd__buf_2)
     8    0.037969    0.141465    0.140744    4.147250 ^ input2/X (sky130_fd_sc_hd__buf_2)
                                                         net2 (net)
                      0.141482    0.001284    4.148534 ^ _45_/RESET_B (sky130_fd_sc_hd__dfrtp_1)
                                              4.148534   data arrival time

                                  0.000000    0.000000   clock clk (rise edge)
                                  0.000000    0.000000   clock source latency
     1    0.010711    0.040930    0.026860    0.026860 ^ clk (in)
                                                         clk (net)
                      0.040933    0.000000    0.026860 ^ clkbuf_0_clk/A (sky130_fd_sc_hd__clkbuf_16)
     2    0.018077    0.029902    0.085919    0.112779 ^ clkbuf_0_clk/X (sky130_fd_sc_hd__clkbuf_16)
                                                         clknet_0_clk (net)
                      0.029911    0.000660    0.113439 ^ clkbuf_1_0__f_clk/A (sky130_fd_sc_hd__clkbuf_16)
     4    0.012207    0.025988    0.078834    0.192273 ^ clkbuf_1_0__f_clk/X (sky130_fd_sc_hd__clkbuf_16)
                                                         clknet_1_0__leaf_clk (net)
                      0.025988    0.000250    0.192523 ^ _45_/CLK (sky130_fd_sc_hd__dfrtp_1)
                                  0.250000    0.442523   clock uncertainty
                                  0.000000    0.442523   clock reconvergence pessimism
                                  0.225177    0.667700   library removal time
                                              0.667700   data required time
---------------------------------------------------------------------------------------------
                                              0.667700   data required time
                                             -4.148534   data arrival time
---------------------------------------------------------------------------------------------
                                              3.480834   slack (MET)


Startpoint: rst_n (input port clocked by clk)
Endpoint: _38_ (removal check against rising-edge clock clk)
Path Group: asynchronous
Path Type: min

Fanout         Cap        Slew       Delay        Time   Description
---------------------------------------------------------------------------------------------
                                  0.000000    0.000000   clock clk (rise edge)
                                  0.000000    0.000000   clock network delay (propagated)
                                  4.000000    4.000000 ^ input external delay
     1    0.002521    0.012925    0.006506    4.006506 ^ rst_n (in)
                                                         rst_n (net)
                      0.012925    0.000000    4.006506 ^ input2/A (sky130_fd_sc_hd__buf_2)
     8    0.037969    0.141465    0.140744    4.147250 ^ input2/X (sky130_fd_sc_hd__buf_2)
                                                         net2 (net)
                      0.141482    0.001285    4.148535 ^ _38_/RESET_B (sky130_fd_sc_hd__dfrtp_1)
                                              4.148535   data arrival time

                                  0.000000    0.000000   clock clk (rise edge)
                                  0.000000    0.000000   clock source latency
     1    0.010711    0.040930    0.026860    0.026860 ^ clk (in)
                                                         clk (net)
                      0.040933    0.000000    0.026860 ^ clkbuf_0_clk/A (sky130_fd_sc_hd__clkbuf_16)
     2    0.018077    0.029902    0.085919    0.112779 ^ clkbuf_0_clk/X (sky130_fd_sc_hd__clkbuf_16)
                                                         clknet_0_clk (net)
                      0.029911    0.000660    0.113439 ^ clkbuf_1_0__f_clk/A (sky130_fd_sc_hd__clkbuf_16)
     4    0.012207    0.025988    0.078834    0.192273 ^ clkbuf_1_0__f_clk/X (sky130_fd_sc_hd__clkbuf_16)
                                                         clknet_1_0__leaf_clk (net)
                      0.025988    0.000225    0.192498 ^ _38_/CLK (sky130_fd_sc_hd__dfrtp_1)
                                  0.250000    0.442498   clock uncertainty
                                  0.000000    0.442498   clock reconvergence pessimism
                                  0.225177    0.667675   library removal time
                                              0.667675   data required time
---------------------------------------------------------------------------------------------
                                              0.667675   data required time
                                             -4.148535   data arrival time
---------------------------------------------------------------------------------------------
                                              3.480860   slack (MET)


Startpoint: rst_n (input port clocked by clk)
Endpoint: _44_ (removal check against rising-edge clock clk)
Path Group: asynchronous
Path Type: min

Fanout         Cap        Slew       Delay        Time   Description
---------------------------------------------------------------------------------------------
                                  0.000000    0.000000   clock clk (rise edge)
                                  0.000000    0.000000   clock network delay (propagated)
                                  4.000000    4.000000 ^ input external delay
     1    0.002521    0.012925    0.006506    4.006506 ^ rst_n (in)
                                                         rst_n (net)
                      0.012925    0.000000    4.006506 ^ input2/A (sky130_fd_sc_hd__buf_2)
     8    0.037969    0.141465    0.140744    4.147250 ^ input2/X (sky130_fd_sc_hd__buf_2)
                                                         net2 (net)
                      0.141486    0.001414    4.148664 ^ _44_/RESET_B (sky130_fd_sc_hd__dfrtp_1)
                                              4.148664   data arrival time

                                  0.000000    0.000000   clock clk (rise edge)
                                  0.000000    0.000000   clock source latency
     1    0.010711    0.040930    0.026860    0.026860 ^ clk (in)
                                                         clk (net)
                      0.040933    0.000000    0.026860 ^ clkbuf_0_clk/A (sky130_fd_sc_hd__clkbuf_16)
     2    0.018077    0.029902    0.085919    0.112779 ^ clkbuf_0_clk/X (sky130_fd_sc_hd__clkbuf_16)
                                                         clknet_0_clk (net)
                      0.029911    0.000660    0.113439 ^ clkbuf_1_0__f_clk/A (sky130_fd_sc_hd__clkbuf_16)
     4    0.012207    0.025988    0.078834    0.192273 ^ clkbuf_1_0__f_clk/X (sky130_fd_sc_hd__clkbuf_16)
                                                         clknet_1_0__leaf_clk (net)
                      0.025988    0.000259    0.192532 ^ _44_/CLK (sky130_fd_sc_hd__dfrtp_1)
                                  0.250000    0.442532   clock uncertainty
                                  0.000000    0.442532   clock reconvergence pessimism
                                  0.225178    0.667710   library removal time
                                              0.667710   data required time
---------------------------------------------------------------------------------------------
                                              0.667710   data required time
                                             -4.148664   data arrival time
---------------------------------------------------------------------------------------------
                                              3.480954   slack (MET)


Startpoint: rst_n (input port clocked by clk)
Endpoint: _43_ (removal check against rising-edge clock clk)
Path Group: asynchronous
Path Type: min

Fanout         Cap        Slew       Delay        Time   Description
---------------------------------------------------------------------------------------------
                                  0.000000    0.000000   clock clk (rise edge)
                                  0.000000    0.000000   clock network delay (propagated)
                                  4.000000    4.000000 ^ input external delay
     1    0.002521    0.012925    0.006506    4.006506 ^ rst_n (in)
                                                         rst_n (net)
                      0.012925    0.000000    4.006506 ^ input2/A (sky130_fd_sc_hd__buf_2)
     8    0.037969    0.141465    0.140744    4.147250 ^ input2/X (sky130_fd_sc_hd__buf_2)
                                                         net2 (net)
                      0.141486    0.001427    4.148677 ^ _43_/RESET_B (sky130_fd_sc_hd__dfrtp_1)
                                              4.148677   data arrival time

                                  0.000000    0.000000   clock clk (rise edge)
                                  0.000000    0.000000   clock source latency
     1    0.010711    0.040930    0.026860    0.026860 ^ clk (in)
                                                         clk (net)
                      0.040933    0.000000    0.026860 ^ clkbuf_0_clk/A (sky130_fd_sc_hd__clkbuf_16)
     2    0.018077    0.029902    0.085919    0.112779 ^ clkbuf_0_clk/X (sky130_fd_sc_hd__clkbuf_16)
                                                         clknet_0_clk (net)
                      0.029911    0.000660    0.113439 ^ clkbuf_1_0__f_clk/A (sky130_fd_sc_hd__clkbuf_16)
     4    0.012207    0.025988    0.078834    0.192273 ^ clkbuf_1_0__f_clk/X (sky130_fd_sc_hd__clkbuf_16)
                                                         clknet_1_0__leaf_clk (net)
                      0.025988    0.000264    0.192537 ^ _43_/CLK (sky130_fd_sc_hd__dfrtp_1)
                                  0.250000    0.442537   clock uncertainty
                                  0.000000    0.442537   clock reconvergence pessimism
                                  0.225178    0.667716   library removal time
                                              0.667716   data required time
---------------------------------------------------------------------------------------------
                                              0.667716   data required time
                                             -4.148677   data arrival time
---------------------------------------------------------------------------------------------
                                              3.480961   slack (MET)


Startpoint: rst_n (input port clocked by clk)
Endpoint: _41_ (removal check against rising-edge clock clk)
Path Group: asynchronous
Path Type: min

Fanout         Cap        Slew       Delay        Time   Description
---------------------------------------------------------------------------------------------
                                  0.000000    0.000000   clock clk (rise edge)
                                  0.000000    0.000000   clock network delay (propagated)
                                  4.000000    4.000000 ^ input external delay
     1    0.002521    0.012925    0.006506    4.006506 ^ rst_n (in)
                                                         rst_n (net)
                      0.012925    0.000000    4.006506 ^ input2/A (sky130_fd_sc_hd__buf_2)
     8    0.037969    0.141465    0.140744    4.147250 ^ input2/X (sky130_fd_sc_hd__buf_2)
                                                         net2 (net)
                      0.141468    0.000530    4.147780 ^ _41_/RESET_B (sky130_fd_sc_hd__dfrtp_1)
                                              4.147780   data arrival time

                                  0.000000    0.000000   clock clk (rise edge)
                                  0.000000    0.000000   clock source latency
     1    0.010711    0.040930    0.026860    0.026860 ^ clk (in)
                                                         clk (net)
                      0.040933    0.000000    0.026860 ^ clkbuf_0_clk/A (sky130_fd_sc_hd__clkbuf_16)
     2    0.018077    0.029902    0.085919    0.112779 ^ clkbuf_0_clk/X (sky130_fd_sc_hd__clkbuf_16)
                                                         clknet_0_clk (net)
                      0.029909    0.000508    0.113287 ^ clkbuf_1_1__f_clk/A (sky130_fd_sc_hd__clkbuf_16)
     4    0.010795    0.025049    0.077870    0.191157 ^ clkbuf_1_1__f_clk/X (sky130_fd_sc_hd__clkbuf_16)
                                                         clknet_1_1__leaf_clk (net)
                      0.025050    0.000219    0.191376 ^ _41_/CLK (sky130_fd_sc_hd__dfrtp_1)
                                  0.250000    0.441376   clock uncertainty
                                  0.000000    0.441376   clock reconvergence pessimism
                                  0.225046    0.666421   library removal time
                                              0.666421   data required time
---------------------------------------------------------------------------------------------
                                              0.666421   data required time
                                             -4.147780   data arrival time
---------------------------------------------------------------------------------------------
                                              3.481359   slack (MET)


Startpoint: rst_n (input port clocked by clk)
Endpoint: _42_ (removal check against rising-edge clock clk)
Path Group: asynchronous
Path Type: min

Fanout         Cap        Slew       Delay        Time   Description
---------------------------------------------------------------------------------------------
                                  0.000000    0.000000   clock clk (rise edge)
                                  0.000000    0.000000   clock network delay (propagated)
                                  4.000000    4.000000 ^ input external delay
     1    0.002521    0.012925    0.006506    4.006506 ^ rst_n (in)
                                                         rst_n (net)
                      0.012925    0.000000    4.006506 ^ input2/A (sky130_fd_sc_hd__buf_2)
     8    0.037969    0.141465    0.140744    4.147250 ^ input2/X (sky130_fd_sc_hd__buf_2)
                                                         net2 (net)
                      0.141468    0.000501    4.147751 ^ _42_/RESET_B (sky130_fd_sc_hd__dfrtp_1)
                                              4.147751   data arrival time

                                  0.000000    0.000000   clock clk (rise edge)
                                  0.000000    0.000000   clock source latency
     1    0.010711    0.040930    0.026860    0.026860 ^ clk (in)
                                                         clk (net)
                      0.040933    0.000000    0.026860 ^ clkbuf_0_clk/A (sky130_fd_sc_hd__clkbuf_16)
     2    0.018077    0.029902    0.085919    0.112779 ^ clkbuf_0_clk/X (sky130_fd_sc_hd__clkbuf_16)
                                                         clknet_0_clk (net)
                      0.029909    0.000508    0.113287 ^ clkbuf_1_1__f_clk/A (sky130_fd_sc_hd__clkbuf_16)
     4    0.010795    0.025049    0.077870    0.191157 ^ clkbuf_1_1__f_clk/X (sky130_fd_sc_hd__clkbuf_16)
                                                         clknet_1_1__leaf_clk (net)
                      0.025050    0.000193    0.191350 ^ _42_/CLK (sky130_fd_sc_hd__dfrtp_1)
                                  0.250000    0.441350   clock uncertainty
                                  0.000000    0.441350   clock reconvergence pessimism
                                  0.225046    0.666395   library removal time
                                              0.666395   data required time
---------------------------------------------------------------------------------------------
                                              0.666395   data required time
                                             -4.147751   data arrival time
---------------------------------------------------------------------------------------------
                                              3.481356   slack (MET)


Startpoint: rst_n (input port clocked by clk)
Endpoint: _39_ (removal check against rising-edge clock clk)
Path Group: asynchronous
Path Type: min

Fanout         Cap        Slew       Delay        Time   Description
---------------------------------------------------------------------------------------------
                                  0.000000    0.000000   clock clk (rise edge)
                                  0.000000    0.000000   clock network delay (propagated)
                                  4.000000    4.000000 ^ input external delay
     1    0.002521    0.012925    0.006506    4.006506 ^ rst_n (in)
                                                         rst_n (net)
                      0.012925    0.000000    4.006506 ^ input2/A (sky130_fd_sc_hd__buf_2)
     8    0.037969    0.141465    0.140744    4.147250 ^ input2/X (sky130_fd_sc_hd__buf_2)
                                                         net2 (net)
                      0.141470    0.000668    4.147919 ^ _39_/RESET_B (sky130_fd_sc_hd__dfrtp_1)
                                              4.147919   data arrival time

                                  0.000000    0.000000   clock clk (rise edge)
                                  0.000000    0.000000   clock source latency
     1    0.010711    0.040930    0.026860    0.026860 ^ clk (in)
                                                         clk (net)
                      0.040933    0.000000    0.026860 ^ clkbuf_0_clk/A (sky130_fd_sc_hd__clkbuf_16)
     2    0.018077    0.029902    0.085919    0.112779 ^ clkbuf_0_clk/X (sky130_fd_sc_hd__clkbuf_16)
                                                         clknet_0_clk (net)
                      0.029909    0.000508    0.113287 ^ clkbuf_1_1__f_clk/A (sky130_fd_sc_hd__clkbuf_16)
     4    0.010795    0.025049    0.077870    0.191157 ^ clkbuf_1_1__f_clk/X (sky130_fd_sc_hd__clkbuf_16)
                                                         clknet_1_1__leaf_clk (net)
                      0.025050    0.000205    0.191362 ^ _39_/CLK (sky130_fd_sc_hd__dfrtp_1)
                                  0.250000    0.441362   clock uncertainty
                                  0.000000    0.441362   clock reconvergence pessimism
                                  0.225046    0.666408   library removal time
                                              0.666408   data required time
---------------------------------------------------------------------------------------------
                                              0.666408   data required time
                                             -4.147919   data arrival time
---------------------------------------------------------------------------------------------
                                              3.481510   slack (MET)


Startpoint: rst_n (input port clocked by clk)
Endpoint: _40_ (removal check against rising-edge clock clk)
Path Group: asynchronous
Path Type: min

Fanout         Cap        Slew       Delay        Time   Description
---------------------------------------------------------------------------------------------
                                  0.000000    0.000000   clock clk (rise edge)
                                  0.000000    0.000000   clock network delay (propagated)
                                  4.000000    4.000000 ^ input external delay
     1    0.002521    0.012925    0.006506    4.006506 ^ rst_n (in)
                                                         rst_n (net)
                      0.012925    0.000000    4.006506 ^ input2/A (sky130_fd_sc_hd__buf_2)
     8    0.037969    0.141465    0.140744    4.147250 ^ input2/X (sky130_fd_sc_hd__buf_2)
                                                         net2 (net)
                      0.141473    0.000862    4.148112 ^ _40_/RESET_B (sky130_fd_sc_hd__dfrtp_1)
                                              4.148112   data arrival time

                                  0.000000    0.000000   clock clk (rise edge)
                                  0.000000    0.000000   clock source latency
     1    0.010711    0.040930    0.026860    0.026860 ^ clk (in)
                                                         clk (net)
                      0.040933    0.000000    0.026860 ^ clkbuf_0_clk/A (sky130_fd_sc_hd__clkbuf_16)
     2    0.018077    0.029902    0.085919    0.112779 ^ clkbuf_0_clk/X (sky130_fd_sc_hd__clkbuf_16)
                                                         clknet_0_clk (net)
                      0.029909    0.000508    0.113287 ^ clkbuf_1_1__f_clk/A (sky130_fd_sc_hd__clkbuf_16)
     4    0.010795    0.025049    0.077870    0.191157 ^ clkbuf_1_1__f_clk/X (sky130_fd_sc_hd__clkbuf_16)
                                                         clknet_1_1__leaf_clk (net)
                      0.025050    0.000199    0.191356 ^ _40_/CLK (sky130_fd_sc_hd__dfrtp_1)
                                  0.250000    0.441356   clock uncertainty
                                  0.000000    0.441356   clock reconvergence pessimism
                                  0.225047    0.666403   library removal time
                                              0.666403   data required time
---------------------------------------------------------------------------------------------
                                              0.666403   data required time
                                             -4.148112   data arrival time
---------------------------------------------------------------------------------------------
                                              3.481709   slack (MET)


Startpoint: _42_ (rising edge-triggered flip-flop clocked by clk)
Endpoint: count[7] (output port clocked by clk)
Path Group: clk
Path Type: min

Fanout         Cap        Slew       Delay        Time   Description
---------------------------------------------------------------------------------------------
                                  0.000000    0.000000   clock clk (rise edge)
                                  0.000000    0.000000   clock source latency
     1    0.010711    0.040930    0.026860    0.026860 ^ clk (in)
                                                         clk (net)
                      0.040933    0.000000    0.026860 ^ clkbuf_0_clk/A (sky130_fd_sc_hd__clkbuf_16)
     2    0.018077    0.029902    0.085919    0.112779 ^ clkbuf_0_clk/X (sky130_fd_sc_hd__clkbuf_16)
                                                         clknet_0_clk (net)
                      0.029909    0.000508    0.113287 ^ clkbuf_1_1__f_clk/A (sky130_fd_sc_hd__clkbuf_16)
     4    0.010795    0.025049    0.077870    0.191157 ^ clkbuf_1_1__f_clk/X (sky130_fd_sc_hd__clkbuf_16)
                                                         clknet_1_1__leaf_clk (net)
                      0.025050    0.000193    0.191350 ^ _42_/CLK (sky130_fd_sc_hd__dfrtp_1)
     2    0.004806    0.034398    0.227233    0.418582 v _42_/Q (sky130_fd_sc_hd__dfrtp_1)
                                                         net10 (net)
                      0.034398    0.000127    0.418709 v output10/A (sky130_fd_sc_hd__buf_2)
     1    0.034421    0.063039    0.119104    0.537813 v output10/X (sky130_fd_sc_hd__buf_2)
                                                         count[7] (net)
                      0.063048    0.000745    0.538559 v count[7] (out)
                                              0.538559   data arrival time

                                  0.000000    0.000000   clock clk (rise edge)
                                  0.000000    0.000000   clock network delay (propagated)
                                  0.250000    0.250000   clock uncertainty
                                  0.000000    0.250000   clock reconvergence pessimism
                                 -4.000000   -3.750000   output external delay
                                             -3.750000   data required time
---------------------------------------------------------------------------------------------
                                             -3.750000   data required time
                                             -0.538559   data arrival time
---------------------------------------------------------------------------------------------
                                              4.288558   slack (MET)


Startpoint: _44_ (rising edge-triggered flip-flop clocked by clk)
Endpoint: count[1] (output port clocked by clk)
Path Group: clk
Path Type: min

Fanout         Cap        Slew       Delay        Time   Description
---------------------------------------------------------------------------------------------
                                  0.000000    0.000000   clock clk (rise edge)
                                  0.000000    0.000000   clock source latency
     1    0.010711    0.040930    0.026860    0.026860 ^ clk (in)
                                                         clk (net)
                      0.040933    0.000000    0.026860 ^ clkbuf_0_clk/A (sky130_fd_sc_hd__clkbuf_16)
     2    0.018077    0.029902    0.085919    0.112779 ^ clkbuf_0_clk/X (sky130_fd_sc_hd__clkbuf_16)
                                                         clknet_0_clk (net)
                      0.029911    0.000660    0.113439 ^ clkbuf_1_0__f_clk/A (sky130_fd_sc_hd__clkbuf_16)
     4    0.012207    0.025988    0.078834    0.192273 ^ clkbuf_1_0__f_clk/X (sky130_fd_sc_hd__clkbuf_16)
                                                         clknet_1_0__leaf_clk (net)
                      0.025988    0.000259    0.192532 ^ _44_/CLK (sky130_fd_sc_hd__dfrtp_1)
     3    0.006731    0.040519    0.234480    0.427012 v _44_/Q (sky130_fd_sc_hd__dfrtp_1)
                                                         net4 (net)
                      0.040519    0.000173    0.427185 v output4/A (sky130_fd_sc_hd__buf_2)
     1    0.034165    0.062646    0.121260    0.548445 v output4/X (sky130_fd_sc_hd__buf_2)
                                                         count[1] (net)
                      0.062654    0.000706    0.549151 v count[1] (out)
                                              0.549151   data arrival time

                                  0.000000    0.000000   clock clk (rise edge)
                                  0.000000    0.000000   clock network delay (propagated)
                                  0.250000    0.250000   clock uncertainty
                                  0.000000    0.250000   clock reconvergence pessimism
                                 -4.000000   -3.750000   output external delay
                                             -3.750000   data required time
---------------------------------------------------------------------------------------------
                                             -3.750000   data required time
                                             -0.549151   data arrival time
---------------------------------------------------------------------------------------------
                                              4.299151   slack (MET)


Startpoint: _43_ (rising edge-triggered flip-flop clocked by clk)
Endpoint: count[0] (output port clocked by clk)
Path Group: clk
Path Type: min

Fanout         Cap        Slew       Delay        Time   Description
---------------------------------------------------------------------------------------------
                                  0.000000    0.000000   clock clk (rise edge)
                                  0.000000    0.000000   clock source latency
     1    0.010711    0.040930    0.026860    0.026860 ^ clk (in)
                                                         clk (net)
                      0.040933    0.000000    0.026860 ^ clkbuf_0_clk/A (sky130_fd_sc_hd__clkbuf_16)
     2    0.018077    0.029902    0.085919    0.112779 ^ clkbuf_0_clk/X (sky130_fd_sc_hd__clkbuf_16)
                                                         clknet_0_clk (net)
                      0.029911    0.000660    0.113439 ^ clkbuf_1_0__f_clk/A (sky130_fd_sc_hd__clkbuf_16)
     4    0.012207    0.025988    0.078834    0.192273 ^ clkbuf_1_0__f_clk/X (sky130_fd_sc_hd__clkbuf_16)
                                                         clknet_1_0__leaf_clk (net)
                      0.025988    0.000264    0.192537 ^ _43_/CLK (sky130_fd_sc_hd__dfrtp_1)
     3    0.006712    0.040456    0.234412    0.426950 v _43_/Q (sky130_fd_sc_hd__dfrtp_1)
                                                         net3 (net)
                      0.040456    0.000168    0.427117 v output3/A (sky130_fd_sc_hd__buf_2)
     1    0.034246    0.062774    0.121322    0.548440 v output3/X (sky130_fd_sc_hd__buf_2)
                                                         count[0] (net)
                      0.062782    0.000727    0.549167 v count[0] (out)
                                              0.549167   data arrival time

                                  0.000000    0.000000   clock clk (rise edge)
                                  0.000000    0.000000   clock network delay (propagated)
                                  0.250000    0.250000   clock uncertainty
                                  0.000000    0.250000   clock reconvergence pessimism
                                 -4.000000   -3.750000   output external delay
                                             -3.750000   data required time
---------------------------------------------------------------------------------------------
                                             -3.750000   data required time
                                             -0.549167   data arrival time
---------------------------------------------------------------------------------------------
                                              4.299167   slack (MET)


Startpoint: _38_ (rising edge-triggered flip-flop clocked by clk)
Endpoint: count[3] (output port clocked by clk)
Path Group: clk
Path Type: min

Fanout         Cap        Slew       Delay        Time   Description
---------------------------------------------------------------------------------------------
                                  0.000000    0.000000   clock clk (rise edge)
                                  0.000000    0.000000   clock source latency
     1    0.010711    0.040930    0.026860    0.026860 ^ clk (in)
                                                         clk (net)
                      0.040933    0.000000    0.026860 ^ clkbuf_0_clk/A (sky130_fd_sc_hd__clkbuf_16)
     2    0.018077    0.029902    0.085919    0.112779 ^ clkbuf_0_clk/X (sky130_fd_sc_hd__clkbuf_16)
                                                         clknet_0_clk (net)
                      0.029911    0.000660    0.113439 ^ clkbuf_1_0__f_clk/A (sky130_fd_sc_hd__clkbuf_16)
     4    0.012207    0.025988    0.078834    0.192273 ^ clkbuf_1_0__f_clk/X (sky130_fd_sc_hd__clkbuf_16)
                                                         clknet_1_0__leaf_clk (net)
                      0.025988    0.000225    0.192498 ^ _38_/CLK (sky130_fd_sc_hd__dfrtp_1)
     3    0.007124    0.041816    0.235934    0.428432 v _38_/Q (sky130_fd_sc_hd__dfrtp_1)
                                                         net6 (net)
                      0.041816    0.000178    0.428610 v output6/A (sky130_fd_sc_hd__buf_2)
     1    0.034296    0.062858    0.121913    0.550523 v output6/X (sky130_fd_sc_hd__buf_2)
                                                         count[3] (net)
                      0.062867    0.000752    0.551275 v count[3] (out)
                                              0.551275   data arrival time

                                  0.000000    0.000000   clock clk (rise edge)
                                  0.000000    0.000000   clock network delay (propagated)
                                  0.250000    0.250000   clock uncertainty
                                  0.000000    0.250000   clock reconvergence pessimism
                                 -4.000000   -3.750000   output external delay
                                             -3.750000   data required time
---------------------------------------------------------------------------------------------
                                             -3.750000   data required time
                                             -0.551275   data arrival time
---------------------------------------------------------------------------------------------
                                              4.301275   slack (MET)


Startpoint: _41_ (rising edge-triggered flip-flop clocked by clk)
Endpoint: count[6] (output port clocked by clk)
Path Group: clk
Path Type: min

Fanout         Cap        Slew       Delay        Time   Description
---------------------------------------------------------------------------------------------
                                  0.000000    0.000000   clock clk (rise edge)
                                  0.000000    0.000000   clock source latency
     1    0.010711    0.040930    0.026860    0.026860 ^ clk (in)
                                                         clk (net)
                      0.040933    0.000000    0.026860 ^ clkbuf_0_clk/A (sky130_fd_sc_hd__clkbuf_16)
     2    0.018077    0.029902    0.085919    0.112779 ^ clkbuf_0_clk/X (sky130_fd_sc_hd__clkbuf_16)
                                                         clknet_0_clk (net)
                      0.029909    0.000508    0.113287 ^ clkbuf_1_1__f_clk/A (sky130_fd_sc_hd__clkbuf_16)
     4    0.010795    0.025049    0.077870    0.191157 ^ clkbuf_1_1__f_clk/X (sky130_fd_sc_hd__clkbuf_16)
                                                         clknet_1_1__leaf_clk (net)
                      0.025050    0.000219    0.191376 ^ _41_/CLK (sky130_fd_sc_hd__dfrtp_1)
     3    0.007568    0.043319    0.237269    0.428645 v _41_/Q (sky130_fd_sc_hd__dfrtp_1)
                                                         net9 (net)
                      0.043319    0.000091    0.428736 v output9/A (sky130_fd_sc_hd__buf_2)
     1    0.034221    0.062721    0.122470    0.551206 v output9/X (sky130_fd_sc_hd__buf_2)
                                                         count[6] (net)
                      0.062729    0.000682    0.551888 v count[6] (out)
                                              0.551888   data arrival time

                                  0.000000    0.000000   clock clk (rise edge)
                                  0.000000    0.000000   clock network delay (propagated)
                                  0.250000    0.250000   clock uncertainty
                                  0.000000    0.250000   clock reconvergence pessimism
                                 -4.000000   -3.750000   output external delay
                                             -3.750000   data required time
---------------------------------------------------------------------------------------------
                                             -3.750000   data required time
                                             -0.551888   data arrival time
---------------------------------------------------------------------------------------------
                                              4.301888   slack (MET)


Startpoint: _40_ (rising edge-triggered flip-flop clocked by clk)
Endpoint: count[5] (output port clocked by clk)
Path Group: clk
Path Type: min

Fanout         Cap        Slew       Delay        Time   Description
---------------------------------------------------------------------------------------------
                                  0.000000    0.000000   clock clk (rise edge)
                                  0.000000    0.000000   clock source latency
     1    0.010711    0.040930    0.026860    0.026860 ^ clk (in)
                                                         clk (net)
                      0.040933    0.000000    0.026860 ^ clkbuf_0_clk/A (sky130_fd_sc_hd__clkbuf_16)
     2    0.018077    0.029902    0.085919    0.112779 ^ clkbuf_0_clk/X (sky130_fd_sc_hd__clkbuf_16)
                                                         clknet_0_clk (net)
                      0.029909    0.000508    0.113287 ^ clkbuf_1_1__f_clk/A (sky130_fd_sc_hd__clkbuf_16)
     4    0.010795    0.025049    0.077870    0.191157 ^ clkbuf_1_1__f_clk/X (sky130_fd_sc_hd__clkbuf_16)
                                                         clknet_1_1__leaf_clk (net)
                      0.025050    0.000199    0.191356 ^ _40_/CLK (sky130_fd_sc_hd__dfrtp_1)
     4    0.010243    0.051431    0.246960    0.438316 v _40_/Q (sky130_fd_sc_hd__dfrtp_1)
                                                         net8 (net)
                      0.051431    0.000245    0.438561 v output8/A (sky130_fd_sc_hd__buf_2)
     1    0.033971    0.062327    0.125451    0.564012 v output8/X (sky130_fd_sc_hd__buf_2)
                                                         count[5] (net)
                      0.062332    0.000616    0.564628 v count[5] (out)
                                              0.564628   data arrival time

                                  0.000000    0.000000   clock clk (rise edge)
                                  0.000000    0.000000   clock network delay (propagated)
                                  0.250000    0.250000   clock uncertainty
                                  0.000000    0.250000   clock reconvergence pessimism
                                 -4.000000   -3.750000   output external delay
                                             -3.750000   data required time
---------------------------------------------------------------------------------------------
                                             -3.750000   data required time
                                             -0.564628   data arrival time
---------------------------------------------------------------------------------------------
                                              4.314628   slack (MET)


Startpoint: _45_ (rising edge-triggered flip-flop clocked by clk)
Endpoint: count[2] (output port clocked by clk)
Path Group: clk
Path Type: min

Fanout         Cap        Slew       Delay        Time   Description
---------------------------------------------------------------------------------------------
                                  0.000000    0.000000   clock clk (rise edge)
                                  0.000000    0.000000   clock source latency
     1    0.010711    0.040930    0.026860    0.026860 ^ clk (in)
                                                         clk (net)
                      0.040933    0.000000    0.026860 ^ clkbuf_0_clk/A (sky130_fd_sc_hd__clkbuf_16)
     2    0.018077    0.029902    0.085919    0.112779 ^ clkbuf_0_clk/X (sky130_fd_sc_hd__clkbuf_16)
                                                         clknet_0_clk (net)
                      0.029911    0.000660    0.113439 ^ clkbuf_1_0__f_clk/A (sky130_fd_sc_hd__clkbuf_16)
     4    0.012207    0.025988    0.078834    0.192273 ^ clkbuf_1_0__f_clk/X (sky130_fd_sc_hd__clkbuf_16)
                                                         clknet_1_0__leaf_clk (net)
                      0.025988    0.000250    0.192523 ^ _45_/CLK (sky130_fd_sc_hd__dfrtp_1)
     4    0.009937    0.051085    0.246132    0.438655 v _45_/Q (sky130_fd_sc_hd__dfrtp_1)
                                                         net5 (net)
                      0.051085    0.000230    0.438884 v output5/A (sky130_fd_sc_hd__buf_2)
     1    0.034061    0.062474    0.125397    0.564282 v output5/X (sky130_fd_sc_hd__buf_2)
                                                         count[2] (net)
                      0.062481    0.000655    0.564937 v count[2] (out)
                                              0.564937   data arrival time

                                  0.000000    0.000000   clock clk (rise edge)
                                  0.000000    0.000000   clock network delay (propagated)
                                  0.250000    0.250000   clock uncertainty
                                  0.000000    0.250000   clock reconvergence pessimism
                                 -4.000000   -3.750000   output external delay
                                             -3.750000   data required time
---------------------------------------------------------------------------------------------
                                             -3.750000   data required time
                                             -0.564937   data arrival time
---------------------------------------------------------------------------------------------
                                              4.314937   slack (MET)


Startpoint: _39_ (rising edge-triggered flip-flop clocked by clk)
Endpoint: count[4] (output port clocked by clk)
Path Group: clk
Path Type: min

Fanout         Cap        Slew       Delay        Time   Description
---------------------------------------------------------------------------------------------
                                  0.000000    0.000000   clock clk (rise edge)
                                  0.000000    0.000000   clock source latency
     1    0.010711    0.040930    0.026860    0.026860 ^ clk (in)
                                                         clk (net)
                      0.040933    0.000000    0.026860 ^ clkbuf_0_clk/A (sky130_fd_sc_hd__clkbuf_16)
     2    0.018077    0.029902    0.085919    0.112779 ^ clkbuf_0_clk/X (sky130_fd_sc_hd__clkbuf_16)
                                                         clknet_0_clk (net)
                      0.029909    0.000508    0.113287 ^ clkbuf_1_1__f_clk/A (sky130_fd_sc_hd__clkbuf_16)
     4    0.010795    0.025049    0.077870    0.191157 ^ clkbuf_1_1__f_clk/X (sky130_fd_sc_hd__clkbuf_16)
                                                         clknet_1_1__leaf_clk (net)
                      0.025050    0.000205    0.191362 ^ _39_/CLK (sky130_fd_sc_hd__dfrtp_1)
     5    0.012734    0.058074    0.254207    0.445569 v _39_/Q (sky130_fd_sc_hd__dfrtp_1)
                                                         net7 (net)
                      0.058074    0.000212    0.445781 v output7/A (sky130_fd_sc_hd__buf_2)
     1    0.034140    0.062608    0.128324    0.574105 v output7/X (sky130_fd_sc_hd__buf_2)
                                                         count[4] (net)
                      0.062615    0.000659    0.574764 v count[4] (out)
                                              0.574764   data arrival time

                                  0.000000    0.000000   clock clk (rise edge)
                                  0.000000    0.000000   clock network delay (propagated)
                                  0.250000    0.250000   clock uncertainty
                                  0.000000    0.250000   clock reconvergence pessimism
                                 -4.000000   -3.750000   output external delay
                                             -3.750000   data required time
---------------------------------------------------------------------------------------------
                                             -3.750000   data required time
                                             -0.574764   data arrival time
---------------------------------------------------------------------------------------------
                                              4.324764   slack (MET)



