COMMAND: netgen -batch source /home/runner/work/sscs-ose-code-a-chip.github.io/sscs-ose-code-a-chip.github.io/ISSCC27/submitted_notebooks/comparator_atlas/layout_preflight/lvs.tcl
Netgen 1.5.323 compiled on Wed Sep 23 05:51:04 UTC 2026
Warning: netgen command 'format' use fully-qualified name '::netgen::format'
Warning: netgen command 'global' use fully-qualified name '::netgen::global'
Generating JSON file result
Reading netlist file /home/runner/work/sscs-ose-code-a-chip.github.io/sscs-ose-code-a-chip.github.io/ISSCC27/submitted_notebooks/comparator_atlas/layout_nominal27/out/atlas.lvs.spice for /home/runner/work/sscs-ose-code-a-chip.github.io/sscs-ose-code-a-chip.github.io/ISSCC27/submitted_notebooks/comparator_atlas/layout_nominal27/out/atlas.lvs.spice atlas
Call to undefined subcircuit sky130_fd_pr__pfet_01v8
Creating placeholder cell definition.
Call to undefined subcircuit sky130_fd_pr__nfet_01v8
Creating placeholder cell definition.
Call to undefined subcircuit sky130_fd_pr__nfet_01v8_lvt
Creating placeholder cell definition.
Reading netlist file /home/runner/work/sscs-ose-code-a-chip.github.io/sscs-ose-code-a-chip.github.io/ISSCC27/submitted_notebooks/comparator_atlas/layout_nominal27/out/atlas-positive.reference.spice for /home/runner/work/sscs-ose-code-a-chip.github.io/sscs-ose-code-a-chip.github.io/ISSCC27/submitted_notebooks/comparator_atlas/layout_nominal27/out/atlas-positive.reference.spice atlas
Call to undefined subcircuit sky130_fd_pr__nfet_01v8_lvt
Creating placeholder cell definition.
Call to undefined subcircuit sky130_fd_pr__nfet_01v8
Creating placeholder cell definition.
Call to undefined subcircuit sky130_fd_pr__pfet_01v8
Creating placeholder cell definition.

Reading setup file /home/runner/work/sscs-ose-code-a-chip.github.io/sscs-ose-code-a-chip.github.io/ISSCC27/submitted_notebooks/comparator_atlas/layout_preflight/strict_setup.tcl

PREFLIGHT_DEVICE_CLASS 1 sky130_fd_pr__nfet_01v8 nmos
PREFLIGHT_DEVICE_CLASS 1 sky130_fd_pr__nfet_01v8_lvt nmos
PREFLIGHT_DEVICE_CLASS 1 sky130_fd_pr__pfet_01v8 pmos
PREFLIGHT_DEVICE_CLASS 2 sky130_fd_pr__nfet_01v8 nmos
PREFLIGHT_DEVICE_CLASS 2 sky130_fd_pr__nfet_01v8_lvt nmos
PREFLIGHT_DEVICE_CLASS 2 sky130_fd_pr__pfet_01v8 pmos
No such pin source in model sky130_fd_pr__pfet_01v8
No such pin source in model sky130_fd_pr__pfet_01v8
No such pin source in model sky130_fd_pr__nfet_01v8_lvt
No such pin source in model sky130_fd_pr__nfet_01v8_lvt
No such pin source in model sky130_fd_pr__nfet_01v8
No such pin source in model sky130_fd_pr__nfet_01v8
No property as found for device sky130_fd_pr__pfet_01v8
No property ad found for device sky130_fd_pr__pfet_01v8
No property ps found for device sky130_fd_pr__pfet_01v8
No property pd found for device sky130_fd_pr__pfet_01v8
No property as found for device sky130_fd_pr__nfet_01v8_lvt
No property ad found for device sky130_fd_pr__nfet_01v8_lvt
No property ps found for device sky130_fd_pr__nfet_01v8_lvt
No property pd found for device sky130_fd_pr__nfet_01v8_lvt
No property as found for device sky130_fd_pr__nfet_01v8
No property ad found for device sky130_fd_pr__nfet_01v8
No property ps found for device sky130_fd_pr__nfet_01v8
No property pd found for device sky130_fd_pr__nfet_01v8
Model sky130_fd_pr__nfet_01v8 pin 1 == 3
No property as found for device sky130_fd_pr__nfet_01v8
No property ad found for device sky130_fd_pr__nfet_01v8
No property ps found for device sky130_fd_pr__nfet_01v8
No property pd found for device sky130_fd_pr__nfet_01v8
No property mult found for device sky130_fd_pr__nfet_01v8
No property sa found for device sky130_fd_pr__nfet_01v8
No property sb found for device sky130_fd_pr__nfet_01v8
No property sd found for device sky130_fd_pr__nfet_01v8
No property nf found for device sky130_fd_pr__nfet_01v8
No property nrd found for device sky130_fd_pr__nfet_01v8
No property nrs found for device sky130_fd_pr__nfet_01v8
No property area found for device sky130_fd_pr__nfet_01v8
No property perim found for device sky130_fd_pr__nfet_01v8
No property topography found for device sky130_fd_pr__nfet_01v8
Model sky130_fd_pr__nfet_01v8 pin 1 == 3
No property as found for device sky130_fd_pr__nfet_01v8
No property ad found for device sky130_fd_pr__nfet_01v8
No property ps found for device sky130_fd_pr__nfet_01v8
No property pd found for device sky130_fd_pr__nfet_01v8
No property mult found for device sky130_fd_pr__nfet_01v8
No property sa found for device sky130_fd_pr__nfet_01v8
No property sb found for device sky130_fd_pr__nfet_01v8
No property sd found for device sky130_fd_pr__nfet_01v8
No property nf found for device sky130_fd_pr__nfet_01v8
No property nrd found for device sky130_fd_pr__nfet_01v8
No property nrs found for device sky130_fd_pr__nfet_01v8
No property area found for device sky130_fd_pr__nfet_01v8
No property perim found for device sky130_fd_pr__nfet_01v8
No property topography found for device sky130_fd_pr__nfet_01v8
Model sky130_fd_pr__nfet_01v8_lvt pin 1 == 3
No property as found for device sky130_fd_pr__nfet_01v8_lvt
No property ad found for device sky130_fd_pr__nfet_01v8_lvt
No property ps found for device sky130_fd_pr__nfet_01v8_lvt
No property pd found for device sky130_fd_pr__nfet_01v8_lvt
No property mult found for device sky130_fd_pr__nfet_01v8_lvt
No property sa found for device sky130_fd_pr__nfet_01v8_lvt
No property sb found for device sky130_fd_pr__nfet_01v8_lvt
No property sd found for device sky130_fd_pr__nfet_01v8_lvt
No property nf found for device sky130_fd_pr__nfet_01v8_lvt
No property nrd found for device sky130_fd_pr__nfet_01v8_lvt
No property nrs found for device sky130_fd_pr__nfet_01v8_lvt
No property area found for device sky130_fd_pr__nfet_01v8_lvt
No property perim found for device sky130_fd_pr__nfet_01v8_lvt
No property topography found for device sky130_fd_pr__nfet_01v8_lvt
Model sky130_fd_pr__nfet_01v8_lvt pin 1 == 3
No property as found for device sky130_fd_pr__nfet_01v8_lvt
No property ad found for device sky130_fd_pr__nfet_01v8_lvt
No property ps found for device sky130_fd_pr__nfet_01v8_lvt
No property pd found for device sky130_fd_pr__nfet_01v8_lvt
No property mult found for device sky130_fd_pr__nfet_01v8_lvt
No property sa found for device sky130_fd_pr__nfet_01v8_lvt
No property sb found for device sky130_fd_pr__nfet_01v8_lvt
No property sd found for device sky130_fd_pr__nfet_01v8_lvt
No property nf found for device sky130_fd_pr__nfet_01v8_lvt
No property nrd found for device sky130_fd_pr__nfet_01v8_lvt
No property nrs found for device sky130_fd_pr__nfet_01v8_lvt
No property area found for device sky130_fd_pr__nfet_01v8_lvt
No property perim found for device sky130_fd_pr__nfet_01v8_lvt
No property topography found for device sky130_fd_pr__nfet_01v8_lvt
Model sky130_fd_pr__pfet_01v8 pin 1 == 3
No property as found for device sky130_fd_pr__pfet_01v8
No property ad found for device sky130_fd_pr__pfet_01v8
No property ps found for device sky130_fd_pr__pfet_01v8
No property pd found for device sky130_fd_pr__pfet_01v8
No property mult found for device sky130_fd_pr__pfet_01v8
No property sa found for device sky130_fd_pr__pfet_01v8
No property sb found for device sky130_fd_pr__pfet_01v8
No property sd found for device sky130_fd_pr__pfet_01v8
No property nf found for device sky130_fd_pr__pfet_01v8
No property nrd found for device sky130_fd_pr__pfet_01v8
No property nrs found for device sky130_fd_pr__pfet_01v8
No property area found for device sky130_fd_pr__pfet_01v8
No property perim found for device sky130_fd_pr__pfet_01v8
No property topography found for device sky130_fd_pr__pfet_01v8
Model sky130_fd_pr__pfet_01v8 pin 1 == 3
No property as found for device sky130_fd_pr__pfet_01v8
No property ad found for device sky130_fd_pr__pfet_01v8
No property ps found for device sky130_fd_pr__pfet_01v8
No property pd found for device sky130_fd_pr__pfet_01v8
No property mult found for device sky130_fd_pr__pfet_01v8
No property sa found for device sky130_fd_pr__pfet_01v8
No property sb found for device sky130_fd_pr__pfet_01v8
No property sd found for device sky130_fd_pr__pfet_01v8
No property nf found for device sky130_fd_pr__pfet_01v8
No property nrd found for device sky130_fd_pr__pfet_01v8
No property nrs found for device sky130_fd_pr__pfet_01v8
No property area found for device sky130_fd_pr__pfet_01v8
No property perim found for device sky130_fd_pr__pfet_01v8
No property topography found for device sky130_fd_pr__pfet_01v8
Comparison output logged to file /home/runner/work/sscs-ose-code-a-chip.github.io/sscs-ose-code-a-chip.github.io/ISSCC27/submitted_notebooks/comparator_atlas/layout_nominal27/out/atlas-positive.lvs.txt
Logging to file "/home/runner/work/sscs-ose-code-a-chip.github.io/sscs-ose-code-a-chip.github.io/ISSCC27/submitted_notebooks/comparator_atlas/layout_nominal27/out/atlas-positive.lvs.txt" enabled

Contents of circuit 1:  Circuit: 'atlas'
Circuit atlas contains 27 device instances.
  Class: sky130_fd_pr__pfet_01v8 instances:   6
  Class: sky130_fd_pr__nfet_01v8_lvt instances:  10
  Class: sky130_fd_pr__nfet_01v8 instances:  11
Circuit contains 26 nets.
Contents of circuit 2:  Circuit: 'atlas'
Circuit atlas contains 27 device instances.
  Class: sky130_fd_pr__pfet_01v8 instances:   6
  Class: sky130_fd_pr__nfet_01v8_lvt instances:  10
  Class: sky130_fd_pr__nfet_01v8 instances:  11
Circuit contains 26 nets.

Circuit 1 contains 27 devices, Circuit 2 contains 27 devices.
Circuit 1 contains 26 nets,    Circuit 2 contains 26 nets.


Final result: 
Circuits match uniquely.
.
Logging to file "/home/runner/work/sscs-ose-code-a-chip.github.io/sscs-ose-code-a-chip.github.io/ISSCC27/submitted_notebooks/comparator_atlas/layout_nominal27/out/atlas-positive.lvs.txt" disabled
LVS Done.
PREFLIGHT_LVS_RESULT 1 1
