OpenROAD f552262465b0bfef8f097e258f94bc501d01e19d 
Features included (+) or not (-): +GPU +GUI +Python
This program is licensed under the BSD-3 license. See the LICENSE file for details.
Components of this program may be licensed under more restrictive licenses which must be honored.
[INFO ORD-0030] Using 12 thread(s).
read_liberty /opt/eda/orfs-6101364b/flow/platforms/sky130hd/lib/sky130_fd_sc_hd__tt_025C_1v80.lib
read_db /root/cac_runs/keccak_r1_10ns_ant10/results/sky130hd/cac_keccak_r1_10ns/base/3_2_place_iop.odb
read_sdc /root/cac_runs/keccak_r1_10ns_ant10/results/sky130hd/cac_keccak_r1_10ns/base/2_floorplan.sdc
source /opt/eda/orfs-6101364b/flow/platforms/sky130hd/setRC.tcl
[INFO RSZ-0026] Removed 1126 buffers.
Perform port buffering...
[INFO RSZ-0027] Inserted 73 sky130_fd_sc_hd__clkdlybuf4s50_1 input buffers.
[INFO RSZ-0028] Inserted 66 sky130_fd_sc_hd__clkdlybuf4s50_1 output buffers.
[INFO GPL-0022] Initialize gpl and calculate uniform density.
Placement density is 0.5939999914169312, computed from PLACE_DENSITY_LB_ADDON  0.20 and lower bound 0.47999998927116394
global_placement -density 0.5939999914169312 -pad_left 0 -pad_right 0 -routability_driven -timing_driven -force_center_initial_place -min_phi_coef 0.95 -max_phi_coef 1.05
[INFO GPL-0001] ---- Initialize GPL Main Data Structures
[INFO GPL-0002] DBU: 1000
[INFO GPL-0003] SiteSize: (  0.460  2.720 ) um
[INFO GPL-0004] CoreBBox: (  1.380  2.720 ) ( 684.940 682.720 ) um
[INFO GPL-0016] Core area:                  464820.800 um^2
[INFO GPL-0036] Movable instances area:     207565.322 um^2
[INFO GPL-0037] Total instances area:       215290.230 um^2
[INFO GPL-0035] Pin density area adjust:     10016.005 um^2
[INFO GPL-0032] ---- Initialize Region: Top-level
[INFO GPL-0006] Number of instances:             23096
[INFO GPL-0007] Movable instances:               16922
[INFO GPL-0008] Fixed instances:                  6174
[INFO GPL-0009] Dummy instances:                     0
[INFO GPL-0010] Number of nets:                  17000
[INFO GPL-0011] Number of pins:                  65022
[INFO GPL-0012] Die BBox:       (  0.000  0.000 ) ( 686.185 686.185 ) um
[INFO GPL-0013] Placement BBox: (  1.380  2.720 ) ( 684.940 682.720 ) um
[INFO GPL-0014] Region name: top-level.
[INFO GPL-0015] Region area:                464820.800 um^2
[INFO GPL-0017] Fixed instances area:         7724.909 um^2
[INFO GPL-0018] Movable instances area:     217581.327 um^2
[INFO GPL-0019] Utilization:                    47.601 %
[INFO GPL-0020] Standard cells area:        217581.327 um^2
[INFO GPL-0021] Large instances area:            0.000 um^2
[INFO GPL-0005] ---- Execute Conjugate Gradient Initial Placement.
[INFO GPL-0051] Source of initial instance position counters:
	Odb location = 0	Core center = 16922	Region center = 0
[InitialPlace]  Iter: 1 conjugate gradient residual: 0.00005526 HPWL: 1082353837
[InitialPlace]  Iter: 2 conjugate gradient residual: 0.00000011 HPWL: 227500379
[InitialPlace]  Iter: 3 conjugate gradient residual: 0.00000007 HPWL: 227386701
[InitialPlace]  Iter: 4 conjugate gradient residual: 0.00000006 HPWL: 228779805
[InitialPlace]  Iter: 5 conjugate gradient residual: 0.00000005 HPWL: 228233549
[INFO GPL-0033] ---- Initialize Nesterov Region: Top-level
[INFO GPL-0023] Placement target density:       0.5940
[INFO GPL-0024] Movable insts average area:     12.858 um^2
[INFO GPL-0025] Ideal bin area:                 21.646 um^2
[INFO GPL-0026] Ideal bin count:                 21473
[INFO GPL-0027] Total bin area:             464820.800 um^2
[INFO GPL-0028] Bin count (X, Y):         128 ,    128
[INFO GPL-0029] Bin size (W * H):       5.340 *  5.312 um
[INFO GPL-0030] Number of bins:                  16384
[INFO GPL-0084] ---- Execute Nesterov Global Placement.
[INFO GPL-0031] HPWL: Half-Perimeter Wirelength
Iteration | Overflow |     HPWL (um) |  HPWL(%) |   Penalty | Group
---------------------------------------------------------------
        0 |   0.9922 |  9.226968e+04 |   +0.00% |  1.78e-16 |      
       10 |   0.9701 |  1.501647e+05 |  +62.75% |  2.89e-16 |      
       20 |   0.9654 |  1.645999e+05 |   +9.61% |  4.69e-16 |      
       30 |   0.9639 |  1.719337e+05 |   +4.46% |  7.64e-16 |      
       40 |   0.9635 |  1.716361e+05 |   -0.17% |  1.24e-15 |      
       50 |   0.9640 |  1.687360e+05 |   -1.69% |  2.03e-15 |      
       60 |   0.9643 |  1.675915e+05 |   -0.68% |  3.30e-15 |      
       70 |   0.9643 |  1.685474e+05 |   +0.57% |  5.38e-15 |      
       80 |   0.9642 |  1.696410e+05 |   +0.65% |  8.76e-15 |      
       90 |   0.9642 |  1.697039e+05 |   +0.04% |  1.43e-14 |      
      100 |   0.9641 |  1.693541e+05 |   -0.21% |  2.32e-14 |      
      110 |   0.9640 |  1.696380e+05 |   +0.17% |  3.78e-14 |      
      120 |   0.9638 |  1.706881e+05 |   +0.62% |  6.16e-14 |      
      130 |   0.9635 |  1.720628e+05 |   +0.81% |  1.00e-13 |      
      140 |   0.9632 |  1.737316e+05 |   +0.97% |  1.63e-13 |      
      150 |   0.9626 |  1.763310e+05 |   +1.50% |  2.66e-13 |      
      160 |   0.9617 |  1.806189e+05 |   +2.43% |  4.33e-13 |      
      170 |   0.9602 |  1.869926e+05 |   +3.53% |  7.06e-13 |      
      180 |   0.9578 |  1.957278e+05 |   +4.67% |  1.15e-12 |      
      190 |   0.9550 |  2.075980e+05 |   +6.06% |  1.87e-12 |      
      200 |   0.9508 |  2.236007e+05 |   +7.71% |  3.04e-12 |      
      210 |   0.9449 |  2.443866e+05 |   +9.30% |  4.94e-12 |      
      220 |   0.9372 |  2.704174e+05 |  +10.65% |  8.02e-12 |      
      230 |   0.9264 |  3.020363e+05 |  +11.69% |  1.30e-11 |      
      240 |   0.9117 |  3.399581e+05 |  +12.56% |  2.11e-11 |      
      250 |   0.8914 |  3.832311e+05 |  +12.73% |  3.42e-11 |      
      260 |   0.8645 |  4.308363e+05 |  +12.42% |  5.55e-11 |      
      270 |   0.8316 |  4.808508e+05 |  +11.61% |  8.99e-11 |      
      280 |   0.7917 |  5.340541e+05 |  +11.06% |  1.46e-10 |      
      290 |   0.7460 |  5.896808e+05 |  +10.42% |  2.36e-10 |      
      300 |   0.6938 |  6.410574e+05 |   +8.71% |  3.82e-10 |      
      310 |   0.6353 |  6.778882e+05 |   +5.75% |  6.19e-10 |      
[INFO GPL-0100] Timing-driven iteration 1/2, virtual: false.
[INFO GPL-0101]    Iter: 312, overflow: 0.630, keep resizer changes at: 1, HPWL: 681734985
Iteration |   Area    | Resized | Buffers | Nets repaired | Remaining
---------------------------------------------------------------------
        0 |     +0.0% |       0 |       0 |             0 |     17000
    final |     +3.6% |      68 |     402 |            67 |         0
---------------------------------------------------------------------
[INFO RSZ-0034] Found 69 slew violations.
[INFO RSZ-0036] Found 41 capacitance violations.
[INFO RSZ-0039] Resized 68 instances.
[INFO RSZ-0038] Inserted 402 buffers in 67 nets.
   Iter   |    Area   | Removed | Inserted |   Pins
          |           | Buffers | Buffers  | Remaining
-------------------------------------------------------
        0 |     +0.0% |       0 |        0 |     16926
     1600 |     +0.0% |       0 |        0 |     15326
     3200 |     -0.4% |      44 |       28 |     13726
     4800 |     -0.4% |      44 |       28 |     12126
     6400 |     -0.9% |     111 |       68 |     10526
     8000 |     -0.9% |     112 |       69 |      8926
     9600 |     -0.9% |     112 |       70 |      7326
    11200 |     -1.0% |     121 |       78 |      5726
    12800 |     -1.0% |     123 |       83 |      4126
    14400 |     -2.2% |     367 |      124 |      2526
    16000 |     -2.2% |     367 |      124 |       926
    final |     -2.4% |     402 |      175 |         0
-------------------------------------------------------
[INFO GPL-0106] Timing-driven: worst slack 2.119095e-09
[INFO GPL-0107] Timing-driven: repair_design delta area: 2134.607 um^2 (+0.98%)
[INFO GPL-0108] Timing-driven: repair_design, gpl delta gcells: 175 (+1.03%)
[INFO GPL-0109] Timing-driven: repair_design, gcells created: 577, deleted: 402
[INFO GPL-0110] Timing-driven: new target density: 0.5986699
[INFO GPL-0038] Routability snapshot saved at iter = 320
      319 |   0.5973 |  7.700809e+05 |          |           |      
Iteration | Overflow |     HPWL (um) |  HPWL(%) |   Penalty | Group
---------------------------------------------------------------
      320 |   0.5938 |  7.752084e+05 |  +14.36% |  9.98e-10 |      
      330 |   0.5349 |  8.300710e+05 |   +7.08% |  1.62e-09 |      
      340 |   0.4915 |  8.622452e+05 |   +3.88% |  2.62e-09 |      
      350 |   0.4392 |  8.825814e+05 |   +2.36% |  4.26e-09 |      
      360 |   0.3975 |  8.851525e+05 |   +0.29% |  6.94e-09 |      
      370 |   0.3482 |  8.888727e+05 |   +0.42% |  1.13e-08 |      
      380 |   0.3012 |  9.037499e+05 |   +1.67% |  1.68e-08 |      
[INFO GPL-0040] Routability iteration: 1
[WARNING GRT-0281] Net clk has a large fanout of 3208 terminals.
[INFO GPL-0041] Total routing overflow: 179.9368
[INFO GPL-0042] Number of overflowed tiles: 1674 (17.08%)
[INFO GPL-0043] Average top 0.5% routing congestion: 1.3580
[INFO GPL-0044] Average top 1.0% routing congestion: 1.3247
[INFO GPL-0045] Average top 2.0% routing congestion: 1.2850
[INFO GPL-0046] Average top 5.0% routing congestion: 1.2185
[INFO GPL-0047] Routability iteration weighted routing congestion: 1.3414
[INFO GPL-0048] Routing congestion (1.3414) lower than previous minimum (1e+30). Updating minimum.
[INFO GPL-0086] Inflated area:               19670.902 um^2 (+8.95%)
[INFO GPL-0052] Placement target density:       0.5987
[INFO GPL-0076] Removing fillers, count: Before: 4006, After: 2545 (-36.47%)
[INFO GPL-0077] Filler area (um^2)     : Before: 53933.633, After: 34261.500 (-36.47%)
[INFO GPL-0078] Removed fillers count: 1461, area removed: 19668.390 um^2. Remaining area to be compensated by modifying density: 2.512 um^2
[INFO GPL-0058] White space area:           457095.891 um^2 (+0.00%)
[INFO GPL-0059] Movable instances area:     273649.549 um^2 (+0.00%)
[INFO GPL-0060] Total filler area:           34261.500 um^2 (-36.47%)
[INFO GPL-0061] Total non-inflated area:    273648.336 um^2 (-0.00%)
[INFO GPL-0062] Total inflated area:        293319.238 um^2 (-0.00%)
[INFO GPL-0063] New Target Density:             0.5987
[INFO GPL-0087] Routability end iteration: increase inflation and revert back to snapshot.
Iteration | Overflow |     HPWL (um) |  HPWL(%) |   Penalty | Group
---------------------------------------------------------------
      390 |   0.5448 |  8.594725e+05 |   -4.90% |  1.35e-09 |      
      400 |   0.5090 |  9.066682e+05 |   +5.49% |  1.98e-09 |      
      410 |   0.4672 |  9.448438e+05 |   +4.21% |  2.91e-09 |      
      420 |   0.4378 |  9.382523e+05 |   -0.70% |  4.29e-09 |      
      430 |   0.4028 |  9.167492e+05 |   -2.29% |  6.31e-09 |      
      440 |   0.3646 |  9.280378e+05 |   +1.23% |  9.29e-09 |      
      450 |   0.3224 |  9.635818e+05 |   +3.83% |  1.36e-08 |      
[INFO GPL-0040] Routability iteration: 2
[INFO GPL-0041] Total routing overflow: 98.9316
[INFO GPL-0042] Number of overflowed tiles: 1344 (13.71%)
[INFO GPL-0043] Average top 0.5% routing congestion: 1.2345
[INFO GPL-0044] Average top 1.0% routing congestion: 1.2077
[INFO GPL-0045] Average top 2.0% routing congestion: 1.1791
[INFO GPL-0046] Average top 5.0% routing congestion: 1.1357
[INFO GPL-0047] Routability iteration weighted routing congestion: 1.2211
[INFO GPL-0048] Routing congestion (1.2211) lower than previous minimum (1.341). Updating minimum.
[INFO GPL-0086] Inflated area:                8704.670 um^2 (+3.64%)
[INFO GPL-0052] Placement target density:       0.5987
[INFO GPL-0076] Removing fillers, count: Before: 2545, After: 1899 (-25.38%)
[INFO GPL-0077] Filler area (um^2)     : Before: 34261.500, After: 25564.868 (-25.38%)
[INFO GPL-0078] Removed fillers count: 646, area removed: 8696.632 um^2. Remaining area to be compensated by modifying density: 8.037 um^2
[INFO GPL-0058] White space area:           457095.891 um^2 (+0.00%)
[INFO GPL-0059] Movable instances area:     273649.549 um^2 (+0.00%)
[INFO GPL-0060] Total filler area:           25564.868 um^2 (-25.38%)
[INFO GPL-0061] Total non-inflated area:    273656.374 um^2 (+0.00%)
[INFO GPL-0062] Total inflated area:        282361.043 um^2 (+0.00%)
[INFO GPL-0063] New Target Density:             0.5987
[INFO GPL-0087] Routability end iteration: increase inflation and revert back to snapshot.
Iteration | Overflow |     HPWL (um) |  HPWL(%) |   Penalty | Group
---------------------------------------------------------------
      460 |   0.6245 |  7.851603e+05 |  -18.52% |  1.04e-09 |      
      470 |   0.5202 |  8.984508e+05 |  +14.43% |  1.51e-09 |      
      480 |   0.4988 |  9.567421e+05 |   +6.49% |  2.22e-09 |      
      490 |   0.4485 |  9.842718e+05 |   +2.88% |  3.26e-09 |      
      500 |   0.4239 |  9.625443e+05 |   -2.21% |  4.80e-09 |      
      510 |   0.3923 |  9.354885e+05 |   -2.81% |  7.07e-09 |      
      520 |   0.3509 |  9.673517e+05 |   +3.41% |  1.04e-08 |      
      530 |   0.3140 |  1.002149e+06 |   +3.60% |  1.53e-08 |      
[INFO GPL-0040] Routability iteration: 3
[INFO GPL-0041] Total routing overflow: 79.0905
[INFO GPL-0042] Number of overflowed tiles: 1248 (12.73%)
[INFO GPL-0043] Average top 0.5% routing congestion: 1.2046
[INFO GPL-0044] Average top 1.0% routing congestion: 1.1835
[INFO GPL-0045] Average top 2.0% routing congestion: 1.1570
[INFO GPL-0046] Average top 5.0% routing congestion: 1.1171
[INFO GPL-0047] Routability iteration weighted routing congestion: 1.1940
[INFO GPL-0048] Routing congestion (1.1940) lower than previous minimum (1.221). Updating minimum.
[INFO GPL-0086] Inflated area:                6766.007 um^2 (+2.73%)
[INFO GPL-0052] Placement target density:       0.5987
[INFO GPL-0076] Removing fillers, count: Before: 1899, After: 1397 (-26.43%)
[INFO GPL-0077] Filler area (um^2)     : Before: 25564.868, After: 18806.804 (-26.43%)
[INFO GPL-0078] Removed fillers count: 502, area removed: 6758.064 um^2. Remaining area to be compensated by modifying density: 7.943 um^2
[INFO GPL-0058] White space area:           457095.891 um^2 (+0.00%)
[INFO GPL-0059] Movable instances area:     273649.549 um^2 (+0.00%)
[INFO GPL-0060] Total filler area:           18806.804 um^2 (-26.43%)
[INFO GPL-0061] Total non-inflated area:    273664.317 um^2 (+0.00%)
[INFO GPL-0062] Total inflated area:        280430.324 um^2 (+0.00%)
[INFO GPL-0063] New Target Density:             0.5987
[INFO GPL-0087] Routability end iteration: increase inflation and revert back to snapshot.
Iteration | Overflow |     HPWL (um) |  HPWL(%) |   Penalty | Group
---------------------------------------------------------------
      540 |   0.5727 |  8.666071e+05 |  -13.53% |  1.20e-09 |      
      550 |   0.5080 |  9.434139e+05 |   +8.86% |  1.76e-09 |      
      560 |   0.4751 |  1.006867e+06 |   +6.73% |  2.58e-09 |      
      570 |   0.4345 |  1.008130e+06 |   +0.13% |  3.79e-09 |      
      580 |   0.4076 |  9.680771e+05 |   -3.97% |  5.59e-09 |      
      590 |   0.3781 |  9.606581e+05 |   -0.77% |  8.23e-09 |      
      600 |   0.3329 |  1.011908e+06 |   +5.33% |  1.21e-08 |      
      610 |   0.2996 |  1.027510e+06 |   +1.54% |  1.77e-08 |      
[INFO GPL-0040] Routability iteration: 4
[INFO GPL-0041] Total routing overflow: 74.0269
[INFO GPL-0042] Number of overflowed tiles: 1200 (12.24%)
[INFO GPL-0043] Average top 0.5% routing congestion: 1.2018
[INFO GPL-0044] Average top 1.0% routing congestion: 1.1756
[INFO GPL-0045] Average top 2.0% routing congestion: 1.1494
[INFO GPL-0046] Average top 5.0% routing congestion: 1.1097
[INFO GPL-0047] Routability iteration weighted routing congestion: 1.1887
[INFO GPL-0048] Routing congestion (1.1887) lower than previous minimum (1.194). Updating minimum.
[INFO GPL-0086] Inflated area:                6947.477 um^2 (+2.73%)
[INFO GPL-0052] Placement target density:       0.5987
[INFO GPL-0076] Removing fillers, count: Before: 1397, After: 881 (-36.94%)
[INFO GPL-0077] Filler area (um^2)     : Before: 18806.804, After: 11860.268 (-36.94%)
[INFO GPL-0078] Removed fillers count: 516, area removed: 6946.536 um^2. Remaining area to be compensated by modifying density: 0.941 um^2
[INFO GPL-0058] White space area:           457095.891 um^2 (+0.00%)
[INFO GPL-0059] Movable instances area:     273649.549 um^2 (+0.00%)
[INFO GPL-0060] Total filler area:           11860.268 um^2 (-36.94%)
[INFO GPL-0061] Total non-inflated area:    273665.258 um^2 (+0.00%)
[INFO GPL-0062] Total inflated area:        280612.734 um^2 (+0.00%)
[INFO GPL-0063] New Target Density:             0.5987
[INFO GPL-0087] Routability end iteration: increase inflation and revert back to snapshot.
Iteration | Overflow |     HPWL (um) |  HPWL(%) |   Penalty | Group
---------------------------------------------------------------
      620 |   0.5276 |  9.232900e+05 |  -10.14% |  1.40e-09 |      
      630 |   0.5033 |  1.001140e+06 |   +8.43% |  2.04e-09 |      
      640 |   0.4476 |  1.046359e+06 |   +4.52% |  3.00e-09 |      
      650 |   0.4230 |  1.023266e+06 |   -2.21% |  4.42e-09 |      
      660 |   0.3975 |  9.756139e+05 |   -4.66% |  6.51e-09 |      
      670 |   0.3552 |  1.007256e+06 |   +3.24% |  9.56e-09 |      
      680 |   0.3102 |  1.053329e+06 |   +4.57% |  1.40e-08 |      
[INFO GPL-0040] Routability iteration: 5
[INFO GPL-0041] Total routing overflow: 63.4433
[INFO GPL-0042] Number of overflowed tiles: 1101 (11.23%)
[INFO GPL-0043] Average top 0.5% routing congestion: 1.1805
[INFO GPL-0044] Average top 1.0% routing congestion: 1.1603
[INFO GPL-0045] Average top 2.0% routing congestion: 1.1365
[INFO GPL-0046] Average top 5.0% routing congestion: 1.0990
[INFO GPL-0047] Routability iteration weighted routing congestion: 1.1704
[INFO GPL-0048] Routing congestion (1.1704) lower than previous minimum (1.189). Updating minimum.
[INFO GPL-0086] Inflated area:                5745.390 um^2 (+2.19%)
[INFO GPL-0052] Placement target density:       0.5987
[INFO GPL-0076] Removing fillers, count: Before: 881, After: 455 (-48.35%)
[INFO GPL-0077] Filler area (um^2)     : Before: 11860.268, After: 6125.337 (-48.35%)
[INFO GPL-0078] Removed fillers count: 426, area removed: 5734.931 um^2. Remaining area to be compensated by modifying density: 10.459 um^2
[INFO GPL-0058] White space area:           457095.891 um^2 (+0.00%)
[INFO GPL-0059] Movable instances area:     273649.549 um^2 (+0.00%)
[INFO GPL-0060] Total filler area:            6125.337 um^2 (-48.35%)
[INFO GPL-0061] Total non-inflated area:    273675.717 um^2 (+0.00%)
[INFO GPL-0062] Total inflated area:        279421.107 um^2 (+0.00%)
[INFO GPL-0063] New Target Density:             0.5987
[INFO GPL-0087] Routability end iteration: increase inflation and revert back to snapshot.
Iteration | Overflow |     HPWL (um) |  HPWL(%) |   Penalty | Group
---------------------------------------------------------------
      690 |   0.5899 |  8.764769e+05 |  -16.79% |  1.16e-09 |      
      700 |   0.5078 |  9.827862e+05 |  +12.13% |  1.69e-09 |      
      710 |   0.4707 |  1.058643e+06 |   +7.72% |  2.47e-09 |      
      720 |   0.4304 |  1.069239e+06 |   +1.00% |  3.63e-09 |      
      730 |   0.4111 |  1.013988e+06 |   -5.17% |  5.35e-09 |      
      740 |   0.3812 |  9.999794e+05 |   -1.38% |  7.88e-09 |      
      750 |   0.3328 |  1.060981e+06 |   +6.10% |  1.15e-08 |      
[INFO GPL-0040] Routability iteration: 6
[INFO GPL-0041] Total routing overflow: 58.4229
[INFO GPL-0042] Number of overflowed tiles: 1102 (11.24%)
[INFO GPL-0043] Average top 0.5% routing congestion: 1.1650
[INFO GPL-0044] Average top 1.0% routing congestion: 1.1475
[INFO GPL-0045] Average top 2.0% routing congestion: 1.1263
[INFO GPL-0046] Average top 5.0% routing congestion: 1.0913
[INFO GPL-0047] Routability iteration weighted routing congestion: 1.1562
[INFO GPL-0048] Routing congestion (1.1562) lower than previous minimum (1.17). Updating minimum.
[INFO GPL-0086] Inflated area:                5156.924 um^2 (+1.93%)
[INFO GPL-0052] Placement target density:       0.5987
[INFO GPL-0076] Removing fillers, count: Before: 455, After: 72 (-84.18%)
[INFO GPL-0077] Filler area (um^2)     : Before: 6125.337, After: 969.284 (-84.18%)
[INFO GPL-0078] Removed fillers count: 383, area removed: 5156.053 um^2. Remaining area to be compensated by modifying density: 0.872 um^2
[INFO GPL-0058] White space area:           457095.891 um^2 (+0.00%)
[INFO GPL-0059] Movable instances area:     273649.549 um^2 (+0.00%)
[INFO GPL-0060] Total filler area:             969.284 um^2 (-84.18%)
[INFO GPL-0061] Total non-inflated area:    273676.589 um^2 (+0.00%)
[INFO GPL-0062] Total inflated area:        278833.513 um^2 (+0.00%)
[INFO GPL-0063] New Target Density:             0.5987
[INFO GPL-0087] Routability end iteration: increase inflation and revert back to snapshot.
Iteration | Overflow |     HPWL (um) |  HPWL(%) |   Penalty | Group
---------------------------------------------------------------
      760 |   0.6607 |  7.752084e+05 |  -26.93% |  9.98e-10 |      
      770 |   0.5182 |  9.632104e+05 |  +24.25% |  1.45e-09 |      
      780 |   0.4915 |  1.057029e+06 |   +9.74% |  2.12e-09 |      
      790 |   0.4399 |  1.099928e+06 |   +4.06% |  3.10e-09 |      
      800 |   0.4219 |  1.060532e+06 |   -3.58% |  4.57e-09 |      
      810 |   0.3963 |  1.009116e+06 |   -4.85% |  6.73e-09 |      
      820 |   0.3463 |  1.059007e+06 |   +4.94% |  9.88e-09 |      
      830 |   0.3123 |  1.098993e+06 |   +3.78% |  1.45e-08 |      
[INFO GPL-0040] Routability iteration: 7
[INFO GPL-0041] Total routing overflow: 62.7523
[INFO GPL-0042] Number of overflowed tiles: 1165 (11.89%)
[INFO GPL-0043] Average top 0.5% routing congestion: 1.1679
[INFO GPL-0044] Average top 1.0% routing congestion: 1.1515
[INFO GPL-0045] Average top 2.0% routing congestion: 1.1311
[INFO GPL-0046] Average top 5.0% routing congestion: 1.0958
[INFO GPL-0047] Routability iteration weighted routing congestion: 1.1597
[INFO GPL-0049] Routing congestion (1.1597) higher than minimum (1.1562). Consecutive non-improvement count: 1.
[INFO GPL-0086] Inflated area:                5315.151 um^2 (+1.95%)
[INFO GPL-0052] Placement target density:       0.5987
[INFO GPL-0076] Removing fillers, count: Before: 72, After: 0 (-100.00%)
[INFO GPL-0077] Filler area (um^2)     : Before: 969.284, After: 0.000 (-100.00%)
[INFO GPL-0078] Removed fillers count: 72, area removed: 969.284 um^2. Remaining area to be compensated by modifying density: 4345.867 um^2
[INFO GPL-0079] New target density: 0.6082366
[INFO GPL-0058] White space area:           457095.891 um^2 (+0.00%)
[INFO GPL-0059] Movable instances area:     278022.455 um^2 (+1.60%)
[INFO GPL-0060] Total filler area:               0.000 um^2 (-100.00%)
[INFO GPL-0061] Total non-inflated area:    278022.455 um^2 (+1.59%)
[INFO GPL-0062] Total inflated area:        283337.606 um^2 (+1.56%)
[INFO GPL-0063] New Target Density:             0.6082
[INFO GPL-0087] Routability end iteration: increase inflation and revert back to snapshot.
Iteration | Overflow |     HPWL (um) |  HPWL(%) |   Penalty | Group
---------------------------------------------------------------
      840 |   0.6128 |  8.568415e+05 |  -22.03% |  1.12e-09 |      
      850 |   0.5052 |  1.000649e+06 |  +16.78% |  1.62e-09 |      
      860 |   0.4691 |  1.087897e+06 |   +8.72% |  2.37e-09 |      
      870 |   0.4288 |  1.105759e+06 |   +1.64% |  3.48e-09 |      
      880 |   0.4117 |  1.043799e+06 |   -5.60% |  5.13e-09 |      
      890 |   0.3790 |  1.024745e+06 |   -1.83% |  7.55e-09 |      
      900 |   0.3320 |  1.087780e+06 |   +6.15% |  1.11e-08 |      
      910 |   0.3031 |  1.103075e+06 |   +1.41% |  1.63e-08 |      
[INFO GPL-0040] Routability iteration: 8
[INFO GPL-0041] Total routing overflow: 59.8492
[INFO GPL-0042] Number of overflowed tiles: 1149 (11.72%)
[INFO GPL-0043] Average top 0.5% routing congestion: 1.1642
[INFO GPL-0044] Average top 1.0% routing congestion: 1.1468
[INFO GPL-0045] Average top 2.0% routing congestion: 1.1264
[INFO GPL-0046] Average top 5.0% routing congestion: 1.0921
[INFO GPL-0047] Routability iteration weighted routing congestion: 1.1555
[INFO GPL-0049] Routing congestion (1.1555) higher than minimum (1.1562). Consecutive non-improvement count: 2.
[INFO GPL-0086] Inflated area:                5409.625 um^2 (+1.95%)
[INFO GPL-0052] Placement target density:       0.6082
[INFO GPL-0076] Removing fillers, count: Before: 0, After: 0 (+0.00%)
[INFO GPL-0077] Filler area (um^2)     : Before: 0.000, After: 0.000 (+0.00%)
[INFO GPL-0078] Removed fillers count: 0, area removed: 0.000 um^2. Remaining area to be compensated by modifying density: 5409.626 um^2
[INFO GPL-0079] New target density: 0.6200714
[INFO GPL-0058] White space area:           457095.891 um^2 (+0.00%)
[INFO GPL-0059] Movable instances area:     283432.092 um^2 (+1.95%)
[INFO GPL-0060] Total filler area:               0.000 um^2 (+0.00%)
[INFO GPL-0061] Total non-inflated area:    283432.081 um^2 (+1.95%)
[INFO GPL-0062] Total inflated area:        288841.707 um^2 (+1.91%)
[INFO GPL-0063] New Target Density:             0.6201
[INFO GPL-0087] Routability end iteration: increase inflation and revert back to snapshot.
Iteration | Overflow |     HPWL (um) |  HPWL(%) |   Penalty | Group
---------------------------------------------------------------
      920 |   0.5402 |  9.498989e+05 |  -13.89% |  1.29e-09 |      
      930 |   0.5029 |  1.046288e+06 |  +10.15% |  1.89e-09 |      
      940 |   0.4455 |  1.112090e+06 |   +6.29% |  2.76e-09 |      
      950 |   0.4241 |  1.089999e+06 |   -1.99% |  4.06e-09 |      
      960 |   0.4017 |  1.024630e+06 |   -6.00% |  5.99e-09 |      
      970 |   0.3589 |  1.057056e+06 |   +3.16% |  8.80e-09 |      
      980 |   0.3197 |  1.108732e+06 |   +4.89% |  1.29e-08 |      
[INFO GPL-0040] Routability iteration: 9
[INFO GPL-0041] Total routing overflow: 57.8362
[INFO GPL-0042] Number of overflowed tiles: 1103 (11.25%)
[INFO GPL-0043] Average top 0.5% routing congestion: 1.1743
[INFO GPL-0044] Average top 1.0% routing congestion: 1.1514
[INFO GPL-0045] Average top 2.0% routing congestion: 1.1274
[INFO GPL-0046] Average top 5.0% routing congestion: 1.0904
[INFO GPL-0047] Routability iteration weighted routing congestion: 1.1628
[INFO GPL-0049] Routing congestion (1.1628) higher than minimum (1.1562). Consecutive non-improvement count: 3.
[INFO GPL-0086] Inflated area:                5372.334 um^2 (+1.90%)
[INFO GPL-0052] Placement target density:       0.6201
[INFO GPL-0076] Removing fillers, count: Before: 0, After: 0 (+0.00%)
[INFO GPL-0077] Filler area (um^2)     : Before: 0.000, After: 0.000 (+0.00%)
[INFO GPL-0078] Removed fillers count: 0, area removed: 0.000 um^2. Remaining area to be compensated by modifying density: 5372.334 um^2
[INFO GPL-0079] New target density: 0.63182455
[INFO GPL-0054] No improvement in routing congestion for 3 consecutive iterations (limit is 3).
[INFO GPL-0055] Reverting inflation values and target density from the iteration with minimum observed routing congestion.
[INFO GPL-0056] Minimum observed routing congestion: 1.1562
[INFO GPL-0057] Target density at minimum routing congestion: 0.5987
[INFO GPL-0080] Restoring 455 previously removed fillers.
[INFO GPL-0081] Number of fillers before restoration 0 and after 455 . Relative change: +0.00%%
[INFO GPL-0082] Total filler area before restoration 0.00 and after 6125.34 (um^2). Relative change: +0.00%%
[INFO GPL-0089] Routability finished. Reverting to minimal observed routing congestion, could not reach target.
Iteration | Overflow |     HPWL (um) |  HPWL(%) |   Penalty | Group
---------------------------------------------------------------
      990 |   0.6182 |  7.752084e+05 |  -30.08% |  9.98e-10 |      
     1000 |   0.5105 |  9.267314e+05 |  +19.55% |  1.45e-09 |      
     1010 |   0.4798 |  1.024053e+06 |  +10.50% |  2.12e-09 |      
     1020 |   0.4237 |  1.069788e+06 |   +4.47% |  3.11e-09 |      
     1030 |   0.4040 |  1.043521e+06 |   -2.46% |  4.58e-09 |      
     1040 |   0.3804 |  9.894961e+05 |   -5.18% |  6.75e-09 |      
     1050 |   0.3379 |  1.027182e+06 |   +3.81% |  9.92e-09 |      
     1060 |   0.2991 |  1.072116e+06 |   +4.37% |  1.45e-08 |      
     1070 |   0.2760 |  1.053537e+06 |   -1.73% |  2.14e-08 |      
     1080 |   0.2610 |  1.048804e+06 |   -0.45% |  3.15e-08 |      
     1090 |   0.2279 |  1.058691e+06 |   +0.94% |  4.64e-08 |      
     1100 |   0.2076 |  1.049393e+06 |   -0.88% |  6.84e-08 |      
[INFO GPL-0100] Timing-driven iteration 2/2, virtual: false.
[INFO GPL-0101]    Iter: 1107, overflow: 0.194, keep resizer changes at: 1, HPWL: 1052146678
Iteration |   Area    | Resized | Buffers | Nets repaired | Remaining
---------------------------------------------------------------------
        0 |     +0.0% |       0 |       0 |             0 |     17175
    final |     +0.8% |      42 |      58 |            68 |         0
---------------------------------------------------------------------
[INFO RSZ-0034] Found 67 slew violations.
[INFO RSZ-0036] Found 13 capacitance violations.
[INFO RSZ-0039] Resized 42 instances.
[INFO RSZ-0038] Inserted 58 buffers in 68 nets.
   Iter   |    Area   | Removed | Inserted |   Pins
          |           | Buffers | Buffers  | Remaining
-------------------------------------------------------
        0 |     +0.0% |       0 |        0 |     16926
     1600 |     +0.0% |       0 |        0 |     15326
     3200 |     -0.0% |      41 |       52 |     13726
     4800 |     -0.0% |      41 |       52 |     12126
     6400 |     -0.1% |      99 |      115 |     10526
     8000 |     -0.1% |     100 |      118 |      8926
     9600 |     +0.3% |     104 |      244 |      7326
    11200 |     +0.7% |     113 |      361 |      5726
    12800 |     +0.8% |     118 |      395 |      4126
    14400 |     +1.0% |     160 |      474 |      2526
    16000 |     +1.0% |     160 |      474 |       926
    final |     +0.8% |     233 |      559 |         0
-------------------------------------------------------
[INFO GPL-0106] Timing-driven: worst slack 2.2468256e-09
[INFO GPL-0107] Timing-driven: repair_design delta area: 3193.652 um^2 (+1.13%)
[INFO GPL-0108] Timing-driven: repair_design, gpl delta gcells: 384 (+2.25%)
[INFO GPL-0109] Timing-driven: repair_design, gcells created: 617, deleted: 233
[INFO GPL-0110] Timing-driven: new target density: 0.64045876
Iteration | Overflow |     HPWL (um) |  HPWL(%) |   Penalty | Group
---------------------------------------------------------------
     1110 |   0.1750 |  1.104442e+06 |   +5.25% |  1.00e-07 |      
     1120 |   0.1530 |  1.096352e+06 |   -0.73% |  1.48e-07 |      
     1130 |   0.1323 |  1.095388e+06 |   -0.09% |  2.18e-07 |      
     1140 |   0.1135 |  1.094271e+06 |   -0.10% |  3.20e-07 |      
     1149 |   0.0985 |  1.093969e+06 |          |  4.72e-07 |      
---------------------------------------------------------------
[INFO GPL-1001] Global placement finished at iteration 1149
[INFO GPL-1017] Routability mode iteration count: 731
[INFO GPL-1005] Routability final weighted congestion: 1.1631
[INFO GPL-1002] Placed Cell Area            270744.0319
[INFO GPL-1003] Available Free Area         457095.8912
[INFO GPL-1004] Minimum Feasible Density        0.4800 (cell_area / free_area)
[INFO GPL-1006]   Suggested Target Densities:
[INFO GPL-1007]     - For 90% usage of free space: 0.6581
[INFO GPL-1008]     - For 80% usage of free space: 0.7404
[INFO GPL-1011] Original area (um^2): 217581.33
[INFO GPL-1012] Total routability artificial inflation: 47834.45 (+21.98%)
[INFO GPL-1013] Total timing-driven delta area: 5328.26 (+2.45%)
[INFO GPL-1014] Final placement area: 270744.03 (+24.43%)
Took 155 seconds: global_placement -density 0.5939999914169312 -pad_left 0 -pad_right 0 -routability_driven -timing_driven -force_center_initial_place -min_phi_coef 0.95 -max_phi_coef 1.05
estimate_parasitics -placement
Report metrics stage 3, global place...

==========================================================================
global place report_design_area
--------------------------------------------------------------------------
Design area 220909 um^2 48% utilization.
write_db /root/cac_runs/keccak_r1_10ns_ant10/results/sky130hd/cac_keccak_r1_10ns/base/3_3_place_gp.odb
Elapsed time: 2:42.83[h:]min:sec. CPU time: user 776.18 sys 9.14 (482%). Peak memory: 515584KB.
Log                       Ext     Elapsed/s Peak Memory/MB sha1sum result [0:20)
3_3_place_gp              .odb          162            503 48a1686235af683bc31e
