OpenROAD f552262465b0bfef8f097e258f94bc501d01e19d 
Features included (+) or not (-): +GPU +GUI +Python
This program is licensed under the BSD-3 license. See the LICENSE file for details.
Components of this program may be licensed under more restrictive licenses which must be honored.
[INFO ORD-0030] Using 12 thread(s).
read_liberty /opt/eda/orfs-6101364b/flow/platforms/sky130hd/lib/sky130_fd_sc_hd__tt_025C_1v80.lib
read_db /root/cac_runs/keccak_r1_10ns_ant10/results/sky130hd/cac_keccak_r1_10ns/base/3_3_place_gp.odb
read_sdc /root/cac_runs/keccak_r1_10ns_ant10/results/sky130hd/cac_keccak_r1_10ns/base/2_floorplan.sdc
source /opt/eda/orfs-6101364b/flow/platforms/sky130hd/setRC.tcl
estimate_parasitics -placement
Perform buffer insertion and gate resizing...
repair_design -verbose -match_cell_footprint
Iteration |   Area    | Resized | Buffers | Nets repaired | Remaining
---------------------------------------------------------------------
        0 |     +0.0% |       0 |       0 |             0 |     17559
     1000 |     +0.0% |       0 |       0 |             0 |     16559
     2000 |     +0.0% |       0 |       0 |             0 |     15559
     3000 |     +0.0% |       0 |       0 |             0 |     14559
     4000 |     +0.0% |       0 |       0 |             0 |     13559
     5000 |     +0.0% |       0 |       0 |             0 |     12559
     6000 |     +0.0% |       0 |       0 |             0 |     11559
     7000 |     +0.0% |       0 |       0 |             0 |     10559
     8000 |     +0.0% |       0 |       0 |             0 |      9559
     9000 |     +0.0% |       0 |       0 |             0 |      8559
    10000 |     +0.0% |       0 |       0 |             0 |      7559
    11000 |     +0.0% |       0 |       0 |             0 |      6559
    12000 |     +0.0% |       0 |       0 |             0 |      5559
    13000 |     +0.0% |       0 |       0 |             0 |      4559
    14000 |     +0.0% |       0 |       0 |             0 |      3559
    15000 |     +0.0% |       0 |       0 |             0 |      2559
    16000 |     +0.0% |       0 |       0 |             0 |      1559
    17000 |     +0.0% |       0 |       0 |             0 |       559
    final |     +0.0% |       0 |       0 |             0 |         0
---------------------------------------------------------------------
[INFO RSZ-0504] Runtime: 1.96s
Floating nets: 
Report metrics stage 3, resizer...

==========================================================================
resizer report_design_area
--------------------------------------------------------------------------
Design area 220909 um^2 48% utilization.
Instance count before 23655, after 23655
Pin count before 66000, after 66000
write_db /root/cac_runs/keccak_r1_10ns_ant10/results/sky130hd/cac_keccak_r1_10ns/base/3_4_place_resized.odb
Elapsed time: 0:12.77[h:]min:sec. CPU time: user 15.69 sys 3.44 (149%). Peak memory: 239000KB.
Log                       Ext     Elapsed/s Peak Memory/MB sha1sum result [0:20)
3_4_place_resized         .odb           12            233 48a1686235af683bc31e
