[2026-09-29 19:39:32.644] [miter_logger] [info] MiterStrategy::run starting
[2026-09-29 19:39:32.644] [miter_logger] [info] Collecting POs for design 0: keccak_lane_wrapper

[2026-09-29 19:39:32.745] [miter_logger] [info] Collected 3281 PIs for design 0

[2026-09-29 19:39:32.745] [miter_logger] [info] Collected 9687 POs for design 0

[2026-09-29 19:39:32.745] [miter_logger] [info] design 0 PI summary by model/term (3281 total terminals, 8 unique rows):
| Model                    | Term       | Count |
|--------------------------|------------|-------|
| sky130_fd_sc_hd__dfrtp_1 | Q          |  3207 |
| keccak_lane_wrapper      | lane_wdata |    64 |
| keccak_lane_wrapper      | lane_idx   |     5 |
| keccak_lane_wrapper      | clk        |     1 |
| keccak_lane_wrapper      | lane_we    |     1 |
| keccak_lane_wrapper      | rst_n      |     1 |
| keccak_lane_wrapper      | start      |     1 |
| keccak_lane_wrapper      | zeroize    |     1 |

[2026-09-29 19:39:32.746] [miter_logger] [info] design 0 PO summary by model/term (9687 total terminals, 6 unique rows):
| Model                    | Term       | Count |
|--------------------------|------------|-------|
| sky130_fd_sc_hd__dfrtp_1 | CLK        |  3207 |
| sky130_fd_sc_hd__dfrtp_1 | D          |  3207 |
| sky130_fd_sc_hd__dfrtp_1 | RESET_B    |  3207 |
| keccak_lane_wrapper      | lane_rdata |    64 |
| keccak_lane_wrapper      | busy       |     1 |
| keccak_lane_wrapper      | done       |     1 |

[2026-09-29 19:39:32.746] [miter_logger] [info] Collecting POs for design 1: keccak_lane_wrapper

[2026-09-29 19:39:32.820] [miter_logger] [info] size of common inputs: 3281
[2026-09-29 19:39:32.820] [miter_logger] [info] size of diff0 inputs: 0
[2026-09-29 19:39:32.820] [miter_logger] [info] size of diff1 inputs: 0
[2026-09-29 19:39:32.821] [miter_logger] [info] Collected 3281 PIs for design 1

[2026-09-29 19:39:32.821] [miter_logger] [info] Collected 9687 POs for design 1

[2026-09-29 19:39:32.821] [miter_logger] [info] design 1 PI summary by model/term (3281 total terminals, 8 unique rows):
| Model                    | Term       | Count |
|--------------------------|------------|-------|
| sky130_fd_sc_hd__dfrtp_1 | Q          |  3207 |
| keccak_lane_wrapper      | lane_wdata |    64 |
| keccak_lane_wrapper      | lane_idx   |     5 |
| keccak_lane_wrapper      | clk        |     1 |
| keccak_lane_wrapper      | lane_we    |     1 |
| keccak_lane_wrapper      | rst_n      |     1 |
| keccak_lane_wrapper      | start      |     1 |
| keccak_lane_wrapper      | zeroize    |     1 |

[2026-09-29 19:39:32.823] [miter_logger] [info] design 1 PO summary by model/term (9687 total terminals, 6 unique rows):
| Model                    | Term       | Count |
|--------------------------|------------|-------|
| sky130_fd_sc_hd__dfrtp_1 | CLK        |  3207 |
| sky130_fd_sc_hd__dfrtp_1 | D          |  3207 |
| sky130_fd_sc_hd__dfrtp_1 | RESET_B    |  3207 |
| keccak_lane_wrapper      | lane_rdata |    64 |
| keccak_lane_wrapper      | busy       |     1 |
| keccak_lane_wrapper      | done       |     1 |

[2026-09-29 19:39:32.823] [miter_logger] [info] normalizeInputs: starting
[2026-09-29 19:39:32.828] [miter_logger] [info] size of common inputs: 3281
[2026-09-29 19:39:32.828] [miter_logger] [info] size of diff0 inputs: 0
[2026-09-29 19:39:32.828] [miter_logger] [info] size of diff1 inputs: 0
[2026-09-29 19:39:32.829] [miter_logger] [info] normalizeOutputs: starting
[2026-09-29 19:39:32.849] [miter_logger] [info] size of common outputs: 9687
[2026-09-29 19:39:32.849] [miter_logger] [info] size of diff0 outputs: 0
[2026-09-29 19:39:32.849] [miter_logger] [info] size of diff1 outputs: 0
[2026-09-29 19:39:32.851] [miter_logger] [info] size of PIs in circuit 0: 3281
[2026-09-29 19:39:32.851] [miter_logger] [info] size of PIs in circuit 1: 3281
[2026-09-29 19:39:32.851] [miter_logger] [info] size of POs in circuit 0: 9687
[2026-09-29 19:39:32.851] [miter_logger] [info] size of POs in circuit 1: 9687
[2026-09-29 19:39:33.185] [miter_logger] [info] Building miter expression
[2026-09-29 19:39:33.186] [miter_logger] [info] Finished building miter expression
[2026-09-29 19:39:33.186] [miter_logger] [info] Starting solver
[2026-09-29 19:39:33.186] [miter_logger] [info] SAT solver finished: UNSAT
[2026-09-29 19:39:33.186] [miter_logger] [info] Circuits are IDENTICAL
