OpenROAD f552262465b0bfef8f097e258f94bc501d01e19d 
Features included (+) or not (-): +GPU +GUI +Python
This program is licensed under the BSD-3 license. See the LICENSE file for details.
Components of this program may be licensed under more restrictive licenses which must be honored.
[INFO ORD-0030] Using 12 thread(s).
read_liberty /opt/eda/orfs-6101364b/flow/platforms/sky130hd/lib/sky130_fd_sc_hd__tt_025C_1v80.lib
read_db /root/cac_runs/keccak_r1_10ns_ant10/results/sky130hd/cac_keccak_r1_10ns/base/6_1_fill.odb
read_sdc /root/cac_runs/keccak_r1_10ns_ant10/results/sky130hd/cac_keccak_r1_10ns/base/6_1_fill.sdc
source /opt/eda/orfs-6101364b/flow/platforms/sky130hd/setRC.tcl
write_db /root/cac_runs/keccak_r1_10ns_ant10/results/sky130hd/cac_keccak_r1_10ns/base/6_final.odb
write_sdc -no_timestamp /root/cac_runs/keccak_r1_10ns_ant10/results/sky130hd/cac_keccak_r1_10ns/base/6_final.sdc
Deleted 0 routing obstructions
Warning: master sky130_ef_sc_hd__decap_12 has signal pins but no liberty cell
[INFO RCX-0431] Defined process_corner X with ext_model_index 0
[INFO RCX-0029] Defined extraction corner X
[WARNING RCX-0514] The ext_model_file option is deprecated. Use set_extraction_rules_file command instead.
[INFO RCX-0435] Reading extraction model file /opt/eda/orfs-6101364b/flow/platforms/sky130hd/rcx_patterns.rules ...
[INFO RCX-0436] RC segment generation keccak_lane_wrapper (max_merge_res 50.0) ...
[INFO RCX-0040] Final 97305 rc segments
[INFO RCX-0439] Coupling Cap extraction keccak_lane_wrapper ...
[INFO RCX-0440] Coupling threshhold is 0.1000 fF, coupling capacitance less than 0.1000 fF will be grounded.
[INFO RCX-0442] 53% of 231060 wires extracted
[INFO RCX-0442] 100% of 231060 wires extracted
[INFO RCX-0045] Extract 17946 nets, 115244 rsegs, 115244 caps, 290715 ccs
[INFO RCX-0443] 17946 nets finished
[INFO PSM-0040] All shapes on net VDD are connected.
########## IR report #################
Net              : VDD
Corner           : default
Total power      : 4.52e-01 W
Supply voltage   : 1.80e+00 V
Worstcase voltage: 1.80e+00 V
Average voltage  : 1.80e+00 V
Average IR drop  : 1.90e-04 V
Worstcase IR drop: 2.00e-03 V
Percentage drop  : 0.11 %
######################################
[INFO PSM-0040] All shapes on net VSS are connected.
########## IR report #################
Net              : VSS
Corner           : default
Total power      : 4.52e-01 W
Supply voltage   : 0.00e+00 V
Worstcase voltage: 1.64e-03 V
Average voltage  : 1.87e-04 V
Average IR drop  : 1.87e-04 V
Worstcase IR drop: 1.64e-03 V
Percentage drop  : 0.09 %
######################################
Cell type report:                       Count        Area
  Fill cell                             41424   229742.84
  Tap cell                               6174     7724.91
  Antenna cell                            348      870.84
  Clock buffer                            569    11434.72
  Timing Repair Buffer                    698     6488.72
  Inverter                                  5       18.77
  Clock inverter                          135     1860.53
  Sequential cell                        3207    80251.97
  Multi-Input combinational cell        13571   126427.50
  Total                                 66131   464820.80
Report metrics stage 6, finish...

==========================================================================
finish report_design_area
--------------------------------------------------------------------------
Design area 235078 um^2 51% utilization.
Elapsed time: 0:41.93[h:]min:sec. CPU time: user 40.47 sys 3.36 (104%). Peak memory: 722992KB.
Log                       Ext     Elapsed/s Peak Memory/MB sha1sum result [0:20)
6_report                                 41            706                  N/A
