
==========================================================================
floorplan final report_tns
--------------------------------------------------------------------------
tns max 0.00

==========================================================================
floorplan final report_wns
--------------------------------------------------------------------------
wns max 0.00

==========================================================================
floorplan final report_worst_slack
--------------------------------------------------------------------------
worst slack max 1.93

==========================================================================
floorplan final report_clock_min_period
--------------------------------------------------------------------------
clk period_min = 18.07 fmax = 55.33

==========================================================================
floorplan final report_checks -path_delay min
--------------------------------------------------------------------------
Startpoint: st[13]$_DFF_PN0_ (rising edge-triggered flip-flop clocked by clk)
Endpoint: done$_DFF_PN0_ (rising edge-triggered flip-flop clocked by clk)
Path Group: clk
Path Type: min

Fanout     Cap    Slew   Delay    Time   Description
-----------------------------------------------------------------------------
                  0.00    0.00    0.00   clock clk (rise edge)
                          0.00    0.00   clock network delay (ideal)
                  0.00    0.00    0.00 ^ st[13]$_DFF_PN0_/CLK (sky130_fd_sc_hd__dfrtp_1)
     2    0.00    0.05    0.30    0.30 ^ st[13]$_DFF_PN0_/Q (sky130_fd_sc_hd__dfrtp_1)
                                         st[13] (net)
                  0.05    0.00    0.30 ^ done$_DFF_PN0_/D (sky130_fd_sc_hd__dfrtp_1)
                                  0.30   data arrival time

                  0.00    0.00    0.00   clock clk (rise edge)
                          0.00    0.00   clock network delay (ideal)
                          0.25    0.25   clock uncertainty
                          0.00    0.25   clock reconvergence pessimism
                                  0.25 ^ done$_DFF_PN0_/CLK (sky130_fd_sc_hd__dfrtp_1)
                         -0.04    0.21   library hold time
                                  0.21   data required time
-----------------------------------------------------------------------------
                                  0.21   data required time
                                 -0.30   data arrival time
-----------------------------------------------------------------------------
                                  0.10   slack (MET)



==========================================================================
floorplan final report_checks -path_delay max
--------------------------------------------------------------------------
Startpoint: coeff_a_q[1]$_DFFE_PN0P_
            (rising edge-triggered flip-flop clocked by clk)
Endpoint: mul_reduced_q[1]$_DFFE_PN0P_
          (rising edge-triggered flip-flop clocked by clk)
Path Group: clk
Path Type: max

Fanout     Cap    Slew   Delay    Time   Description
-----------------------------------------------------------------------------
                  0.00    0.00    0.00   clock clk (rise edge)
                          0.00    0.00   clock network delay (ideal)
                  0.00    0.00    0.00 ^ coeff_a_q[1]$_DFFE_PN0P_/CLK (sky130_fd_sc_hd__dfrtp_1)
     6    0.02    0.13    0.43    0.43 v coeff_a_q[1]$_DFFE_PN0P_/Q (sky130_fd_sc_hd__dfrtp_1)
                                         coeff_a_q[1] (net)
                  0.13    0.00    0.43 v _18048_/A (sky130_fd_sc_hd__ha_1)
     2    0.00    0.05    0.32    0.75 ^ _18048_/SUM (sky130_fd_sc_hd__ha_1)
                                         _00295_ (net)
                  0.05    0.00    0.75 ^ _10076_/A (sky130_fd_sc_hd__inv_1)
     2    0.01    0.03    0.05    0.79 v _10076_/Y (sky130_fd_sc_hd__inv_1)
                                         _00244_ (net)
                  0.03    0.00    0.79 v _18022_/B (sky130_fd_sc_hd__ha_1)
     3    0.01    0.08    0.21    1.00 v _18022_/COUT (sky130_fd_sc_hd__ha_1)
                                         _00043_ (net)
                  0.08    0.00    1.00 v _17761_/A (sky130_fd_sc_hd__fa_1)
     2    0.01    0.10    0.47    1.47 v _17761_/COUT (sky130_fd_sc_hd__fa_1)
                                         _00045_ (net)
                  0.10    0.00    1.47 v _09746_/A2 (sky130_fd_sc_hd__a211oi_2)
     5    0.01    0.28    0.32    1.79 ^ _09746_/Y (sky130_fd_sc_hd__a211oi_2)
                                         _03515_ (net)
                  0.28    0.00    1.79 ^ _09772_/A1 (sky130_fd_sc_hd__o21ba_1)
     2    0.01    0.07    0.19    1.99 ^ _09772_/X (sky130_fd_sc_hd__o21ba_1)
                                         _03541_ (net)
                  0.07    0.00    1.99 ^ _09776_/A2 (sky130_fd_sc_hd__o221a_1)
     5    0.01    0.12    0.23    2.22 ^ _09776_/X (sky130_fd_sc_hd__o221a_1)
                                         _03545_ (net)
                  0.12    0.00    2.22 ^ _09777_/D_N (sky130_fd_sc_hd__nor4b_1)
     1    0.00    0.23    0.23    2.44 ^ _09777_/Y (sky130_fd_sc_hd__nor4b_1)
                                         _03546_ (net)
                  0.23    0.00    2.44 ^ _09778_/C (sky130_fd_sc_hd__nor3_1)
     4    0.01    0.13    0.12    2.56 v _09778_/Y (sky130_fd_sc_hd__nor3_1)
                                         _03547_ (net)
                  0.13    0.00    2.56 v _09805_/A2 (sky130_fd_sc_hd__o32ai_2)
     8    0.02    0.41    0.43    3.00 ^ _09805_/Y (sky130_fd_sc_hd__o32ai_2)
                                         _03573_ (net)
                  0.41    0.00    3.00 ^ _09826_/B (sky130_fd_sc_hd__and2_1)
     1    0.00    0.07    0.20    3.20 ^ _09826_/X (sky130_fd_sc_hd__and2_1)
                                         _03591_ (net)
                  0.07    0.00    3.20 ^ _09827_/A (sky130_fd_sc_hd__buf_6)
     8    0.02    0.05    0.12    3.31 ^ _09827_/X (sky130_fd_sc_hd__buf_6)
                                         _03592_ (net)
                  0.05    0.00    3.31 ^ _09887_/C (sky130_fd_sc_hd__nor4b_1)
     1    0.00    0.06    0.04    3.36 v _09887_/Y (sky130_fd_sc_hd__nor4b_1)
                                         _03644_ (net)
                  0.06    0.00    3.36 v _09888_/C1 (sky130_fd_sc_hd__a221o_1)
     1    0.00    0.05    0.25    3.61 v _09888_/X (sky130_fd_sc_hd__a221o_1)
                                         _03645_ (net)
                  0.05    0.00    3.61 v _09889_/A (sky130_fd_sc_hd__buf_2)
     9    0.02    0.06    0.15    3.76 v _09889_/X (sky130_fd_sc_hd__buf_2)
                                         _03646_ (net)
                  0.06    0.00    3.76 v _10065_/A2 (sky130_fd_sc_hd__a21o_1)
     1    0.01    0.05    0.20    3.96 v _10065_/X (sky130_fd_sc_hd__a21o_1)
                                         _00028_ (net)
                  0.05    0.00    3.96 v _17745_/A (sky130_fd_sc_hd__fa_1)
     1    0.01    0.08    0.55    4.51 ^ _17745_/SUM (sky130_fd_sc_hd__fa_1)
                                         _08647_ (net)
                  0.08    0.00    4.51 ^ _17883_/B (sky130_fd_sc_hd__fa_1)
     1    0.01    0.09    0.44    4.95 v _17883_/SUM (sky130_fd_sc_hd__fa_1)
                                         _09078_ (net)
                  0.09    0.00    4.95 v _17875_/B (sky130_fd_sc_hd__fa_1)
     1    0.01    0.09    0.49    5.44 v _17875_/SUM (sky130_fd_sc_hd__fa_1)
                                         _09081_ (net)
                  0.09    0.00    5.44 v _17988_/B (sky130_fd_sc_hd__fa_1)
     1    0.01    0.08    0.54    5.97 ^ _17988_/SUM (sky130_fd_sc_hd__fa_1)
                                         _08649_ (net)
                  0.08    0.00    5.97 ^ _17747_/B (sky130_fd_sc_hd__fa_1)
     1    0.00    0.08    0.42    6.39 v _17747_/SUM (sky130_fd_sc_hd__fa_1)
                                         _08652_ (net)
                  0.08    0.00    6.39 v _18021_/B (sky130_fd_sc_hd__ha_1)
     6    0.01    0.08    0.23    6.62 v _18021_/COUT (sky130_fd_sc_hd__ha_1)
                                         _00242_ (net)
                  0.08    0.00    6.62 v _09505_/C (sky130_fd_sc_hd__or3_1)
     2    0.00    0.08    0.33    6.94 v _09505_/X (sky130_fd_sc_hd__or3_1)
                                         _03364_ (net)
                  0.08    0.00    6.94 v _09536_/B2 (sky130_fd_sc_hd__o221a_2)
     2    0.01    0.05    0.25    7.19 v _09536_/X (sky130_fd_sc_hd__o221a_2)
                                         _03383_ (net)
                  0.05    0.00    7.19 v _09537_/A2 (sky130_fd_sc_hd__a21o_1)
     1    0.00    0.03    0.17    7.36 v _09537_/X (sky130_fd_sc_hd__a21o_1)
                                         _03384_ (net)
                  0.03    0.00    7.36 v _09538_/A2 (sky130_fd_sc_hd__a21oi_1)
     2    0.01    0.19    0.19    7.55 ^ _09538_/Y (sky130_fd_sc_hd__a21oi_1)
                                         _03385_ (net)
                  0.19    0.00    7.55 ^ _09539_/A (sky130_fd_sc_hd__nor2b_1)
     1    0.00    0.05    0.06    7.61 v _09539_/Y (sky130_fd_sc_hd__nor2b_1)
                                         _03386_ (net)
                  0.05    0.00    7.61 v _09540_/A2 (sky130_fd_sc_hd__o21ai_0)
     1    0.00    0.13    0.13    7.75 ^ _09540_/Y (sky130_fd_sc_hd__o21ai_0)
                                         _03387_ (net)
                  0.13    0.00    7.75 ^ _09541_/B (sky130_fd_sc_hd__nand2b_1)
     2    0.01    0.08    0.11    7.85 v _09541_/Y (sky130_fd_sc_hd__nand2b_1)
                                         _03388_ (net)
                  0.08    0.00    7.85 v _09542_/B (sky130_fd_sc_hd__xnor2_1)
     6    0.03    0.63    0.52    8.37 ^ _09542_/Y (sky130_fd_sc_hd__xnor2_1)
                                         g_b1.u_red.a[16] (net)
                  0.63    0.00    8.37 ^ _17772_/B (sky130_fd_sc_hd__fa_1)
     2    0.01    0.11    0.56    8.93 v _17772_/SUM (sky130_fd_sc_hd__fa_1)
                                         _08731_ (net)
                  0.11    0.00    8.93 v _17969_/B (sky130_fd_sc_hd__fa_1)
     1    0.00    0.07    0.53    9.46 ^ _17969_/SUM (sky130_fd_sc_hd__fa_1)
                                         _08866_ (net)
                  0.07    0.00    9.46 ^ _17813_/CIN (sky130_fd_sc_hd__fa_1)
     1    0.01    0.10    0.43    9.90 v _17813_/SUM (sky130_fd_sc_hd__fa_1)
                                         _08868_ (net)
                  0.10    0.00    9.90 v _17853_/A (sky130_fd_sc_hd__fa_1)
     1    0.01    0.08    0.57   10.47 ^ _17853_/SUM (sky130_fd_sc_hd__fa_1)
                                         _08855_ (net)
                  0.08    0.00   10.47 ^ _17811_/B (sky130_fd_sc_hd__fa_1)
     1    0.00    0.08    0.42   10.88 v _17811_/SUM (sky130_fd_sc_hd__fa_1)
                                         _08858_ (net)
                  0.08    0.00   10.88 v _18355_/A (sky130_fd_sc_hd__ha_1)
     3    0.01    0.07    0.32   11.21 v _18355_/SUM (sky130_fd_sc_hd__ha_1)
                                         _00663_ (net)
                  0.07    0.00   11.21 v _09630_/A1 (sky130_fd_sc_hd__a21oi_1)
     1    0.00    0.09    0.11   11.32 ^ _09630_/Y (sky130_fd_sc_hd__a21oi_1)
                                         _03441_ (net)
                  0.09    0.00   11.32 ^ _09631_/B1 (sky130_fd_sc_hd__o21ai_0)
     2    0.00    0.07    0.10   11.41 v _09631_/Y (sky130_fd_sc_hd__o21ai_0)
                                         _03442_ (net)
                  0.07    0.00   11.41 v _15969_/B1_N (sky130_fd_sc_hd__o21bai_1)
     1    0.00    0.05    0.16   11.57 v _15969_/Y (sky130_fd_sc_hd__o21bai_1)
                                         _02018_ (net)
                  0.05    0.00   11.57 v _15970_/A2 (sky130_fd_sc_hd__a21o_1)
     1    0.00    0.03    0.17   11.74 v _15970_/X (sky130_fd_sc_hd__a21o_1)
                                         _02019_ (net)
                  0.03    0.00   11.74 v _15971_/A2 (sky130_fd_sc_hd__a21o_1)
     1    0.00    0.03    0.16   11.90 v _15971_/X (sky130_fd_sc_hd__a21o_1)
                                         _02020_ (net)
                  0.03    0.00   11.90 v _15972_/A2 (sky130_fd_sc_hd__a21o_1)
     1    0.00    0.03    0.16   12.06 v _15972_/X (sky130_fd_sc_hd__a21o_1)
                                         _02021_ (net)
                  0.03    0.00   12.06 v _15973_/A2 (sky130_fd_sc_hd__a21o_1)
     1    0.00    0.03    0.16   12.22 v _15973_/X (sky130_fd_sc_hd__a21o_1)
                                         _02022_ (net)
                  0.03    0.00   12.22 v _15974_/A2 (sky130_fd_sc_hd__a21oi_1)
     1    0.00    0.14    0.16   12.38 ^ _15974_/Y (sky130_fd_sc_hd__a21oi_1)
                                         _02023_ (net)
                  0.14    0.00   12.38 ^ _15975_/B (sky130_fd_sc_hd__xnor2_1)
     5    0.02    0.16    0.17   12.54 v _15975_/Y (sky130_fd_sc_hd__xnor2_1)
                                         g_b1.u_red.prod[24] (net)
                  0.16    0.00   12.54 v _17947_/A (sky130_fd_sc_hd__fa_1)
     2    0.01    0.08    0.58   13.12 ^ _17947_/SUM (sky130_fd_sc_hd__fa_1)
                                         _00171_ (net)
                  0.08    0.00   13.12 ^ _10091_/A (sky130_fd_sc_hd__inv_1)
     2    0.01    0.04    0.06   13.19 v _10091_/Y (sky130_fd_sc_hd__inv_1)
                                         _00051_ (net)
                  0.04    0.00   13.19 v _17802_/CIN (sky130_fd_sc_hd__fa_1)
     2    0.01    0.08    0.49   13.68 ^ _17802_/SUM (sky130_fd_sc_hd__fa_1)
                                         _00052_ (net)
                  0.08    0.00   13.68 ^ _10110_/A (sky130_fd_sc_hd__inv_1)
     1    0.00    0.03    0.04   13.72 v _10110_/Y (sky130_fd_sc_hd__inv_1)
                                         _00666_ (net)
                  0.03    0.00   13.72 v _18357_/A (sky130_fd_sc_hd__ha_1)
     2    0.01    0.07    0.29   14.02 v _18357_/SUM (sky130_fd_sc_hd__ha_1)
                                         _00659_ (net)
                  0.07    0.00   14.02 v _18353_/A (sky130_fd_sc_hd__ha_1)
     5    0.01    0.12    0.34   14.36 ^ _18353_/SUM (sky130_fd_sc_hd__ha_1)
                                         _00230_ (net)
                  0.12    0.00   14.36 ^ _09568_/A (sky130_fd_sc_hd__inv_1)
     4    0.01    0.06    0.09   14.45 v _09568_/Y (sky130_fd_sc_hd__inv_1)
                                         g_b1.u_red.r0[0] (net)
                  0.06    0.00   14.45 v _18091_/A (sky130_fd_sc_hd__ha_1)
     2    0.00    0.05    0.20   14.65 v _18091_/COUT (sky130_fd_sc_hd__ha_1)
                                         _00341_ (net)
                  0.05    0.00   14.65 v _09499_/A (sky130_fd_sc_hd__or2_1)
     2    0.01    0.08    0.26   14.91 v _09499_/X (sky130_fd_sc_hd__or2_1)
                                         _00197_ (net)
                  0.08    0.00   14.91 v _17959_/A (sky130_fd_sc_hd__fa_1)
     3    0.01    0.11    0.48   15.39 v _17959_/COUT (sky130_fd_sc_hd__fa_1)
                                         _00199_ (net)
                  0.11    0.00   15.39 v _16052_/A1 (sky130_fd_sc_hd__a211oi_1)
     3    0.01    0.30    0.30   15.69 ^ _16052_/Y (sky130_fd_sc_hd__a211oi_1)
                                         _02083_ (net)
                  0.30    0.00   15.69 ^ _16055_/A1 (sky130_fd_sc_hd__o21ai_1)
     2    0.01    0.11    0.16   15.85 v _16055_/Y (sky130_fd_sc_hd__o21ai_1)
                                         _02086_ (net)
                  0.11    0.00   15.85 v _16060_/A4 (sky130_fd_sc_hd__o41ai_2)
     5    0.01    0.46    0.39   16.24 ^ _16060_/Y (sky130_fd_sc_hd__o41ai_2)
                                         _02091_ (net)
                  0.46    0.00   16.24 ^ _16129_/A1 (sky130_fd_sc_hd__a31oi_1)
     4    0.02    0.22    0.27   16.51 v _16129_/Y (sky130_fd_sc_hd__a31oi_1)
                                         _02160_ (net)
                  0.22    0.00   16.51 v _16215_/S (sky130_fd_sc_hd__mux2i_1)
     1    0.00    0.11    0.20   16.71 ^ _16215_/Y (sky130_fd_sc_hd__mux2i_1)
                                         _02246_ (net)
                  0.11    0.00   16.71 ^ _16216_/D1 (sky130_fd_sc_hd__o2111ai_1)
     1    0.00    0.10    0.10   16.81 v _16216_/Y (sky130_fd_sc_hd__o2111ai_1)
                                         _02247_ (net)
                  0.10    0.00   16.81 v _16217_/C1 (sky130_fd_sc_hd__a311oi_1)
     1    0.00    0.20    0.21   17.01 ^ _16217_/Y (sky130_fd_sc_hd__a311oi_1)
                                         _02248_ (net)
                  0.20    0.00   17.01 ^ _16239_/B (sky130_fd_sc_hd__nand4_1)
     2    0.00    0.09    0.12   17.13 v _16239_/Y (sky130_fd_sc_hd__nand4_1)
                                         _02270_ (net)
                  0.09    0.00   17.13 v _16240_/A (sky130_fd_sc_hd__buf_2)
    10    0.02    0.07    0.18   17.31 v _16240_/X (sky130_fd_sc_hd__buf_2)
                                         _02271_ (net)
                  0.07    0.00   17.31 v _16242_/A (sky130_fd_sc_hd__clkbuf_1)
    10    0.02    0.13    0.18   17.49 v _16242_/X (sky130_fd_sc_hd__clkbuf_1)
                                         _02273_ (net)
                  0.13    0.00   17.49 v _16301_/C (sky130_fd_sc_hd__nor3_1)
     1    0.00    0.14    0.15   17.65 ^ _16301_/Y (sky130_fd_sc_hd__nor3_1)
                                         _02322_ (net)
                  0.14    0.00   17.65 ^ _16302_/C (sky130_fd_sc_hd__nor3_1)
     1    0.00    0.04    0.06   17.70 v _16302_/Y (sky130_fd_sc_hd__nor3_1)
                                         _00739_ (net)
                  0.04    0.00   17.70 v mul_reduced_q[1]$_DFFE_PN0P_/D (sky130_fd_sc_hd__dfrtp_1)
                                 17.70   data arrival time

                  0.00   20.00   20.00   clock clk (rise edge)
                          0.00   20.00   clock network delay (ideal)
                         -0.25   19.75   clock uncertainty
                          0.00   19.75   clock reconvergence pessimism
                                 19.75 ^ mul_reduced_q[1]$_DFFE_PN0P_/CLK (sky130_fd_sc_hd__dfrtp_1)
                         -0.12   19.63   library setup time
                                 19.63   data required time
-----------------------------------------------------------------------------
                                 19.63   data required time
                                -17.70   data arrival time
-----------------------------------------------------------------------------
                                  1.93   slack (MET)



==========================================================================
floorplan final report_checks -unconstrained
--------------------------------------------------------------------------
Startpoint: coeff_a_q[1]$_DFFE_PN0P_
            (rising edge-triggered flip-flop clocked by clk)
Endpoint: mul_reduced_q[1]$_DFFE_PN0P_
          (rising edge-triggered flip-flop clocked by clk)
Path Group: clk
Path Type: max

Fanout     Cap    Slew   Delay    Time   Description
-----------------------------------------------------------------------------
                  0.00    0.00    0.00   clock clk (rise edge)
                          0.00    0.00   clock network delay (ideal)
                  0.00    0.00    0.00 ^ coeff_a_q[1]$_DFFE_PN0P_/CLK (sky130_fd_sc_hd__dfrtp_1)
     6    0.02    0.13    0.43    0.43 v coeff_a_q[1]$_DFFE_PN0P_/Q (sky130_fd_sc_hd__dfrtp_1)
                                         coeff_a_q[1] (net)
                  0.13    0.00    0.43 v _18048_/A (sky130_fd_sc_hd__ha_1)
     2    0.00    0.05    0.32    0.75 ^ _18048_/SUM (sky130_fd_sc_hd__ha_1)
                                         _00295_ (net)
                  0.05    0.00    0.75 ^ _10076_/A (sky130_fd_sc_hd__inv_1)
     2    0.01    0.03    0.05    0.79 v _10076_/Y (sky130_fd_sc_hd__inv_1)
                                         _00244_ (net)
                  0.03    0.00    0.79 v _18022_/B (sky130_fd_sc_hd__ha_1)
     3    0.01    0.08    0.21    1.00 v _18022_/COUT (sky130_fd_sc_hd__ha_1)
                                         _00043_ (net)
                  0.08    0.00    1.00 v _17761_/A (sky130_fd_sc_hd__fa_1)
     2    0.01    0.10    0.47    1.47 v _17761_/COUT (sky130_fd_sc_hd__fa_1)
                                         _00045_ (net)
                  0.10    0.00    1.47 v _09746_/A2 (sky130_fd_sc_hd__a211oi_2)
     5    0.01    0.28    0.32    1.79 ^ _09746_/Y (sky130_fd_sc_hd__a211oi_2)
                                         _03515_ (net)
                  0.28    0.00    1.79 ^ _09772_/A1 (sky130_fd_sc_hd__o21ba_1)
     2    0.01    0.07    0.19    1.99 ^ _09772_/X (sky130_fd_sc_hd__o21ba_1)
                                         _03541_ (net)
                  0.07    0.00    1.99 ^ _09776_/A2 (sky130_fd_sc_hd__o221a_1)
     5    0.01    0.12    0.23    2.22 ^ _09776_/X (sky130_fd_sc_hd__o221a_1)
                                         _03545_ (net)
                  0.12    0.00    2.22 ^ _09777_/D_N (sky130_fd_sc_hd__nor4b_1)
     1    0.00    0.23    0.23    2.44 ^ _09777_/Y (sky130_fd_sc_hd__nor4b_1)
                                         _03546_ (net)
                  0.23    0.00    2.44 ^ _09778_/C (sky130_fd_sc_hd__nor3_1)
     4    0.01    0.13    0.12    2.56 v _09778_/Y (sky130_fd_sc_hd__nor3_1)
                                         _03547_ (net)
                  0.13    0.00    2.56 v _09805_/A2 (sky130_fd_sc_hd__o32ai_2)
     8    0.02    0.41    0.43    3.00 ^ _09805_/Y (sky130_fd_sc_hd__o32ai_2)
                                         _03573_ (net)
                  0.41    0.00    3.00 ^ _09826_/B (sky130_fd_sc_hd__and2_1)
     1    0.00    0.07    0.20    3.20 ^ _09826_/X (sky130_fd_sc_hd__and2_1)
                                         _03591_ (net)
                  0.07    0.00    3.20 ^ _09827_/A (sky130_fd_sc_hd__buf_6)
     8    0.02    0.05    0.12    3.31 ^ _09827_/X (sky130_fd_sc_hd__buf_6)
                                         _03592_ (net)
                  0.05    0.00    3.31 ^ _09887_/C (sky130_fd_sc_hd__nor4b_1)
     1    0.00    0.06    0.04    3.36 v _09887_/Y (sky130_fd_sc_hd__nor4b_1)
                                         _03644_ (net)
                  0.06    0.00    3.36 v _09888_/C1 (sky130_fd_sc_hd__a221o_1)
     1    0.00    0.05    0.25    3.61 v _09888_/X (sky130_fd_sc_hd__a221o_1)
                                         _03645_ (net)
                  0.05    0.00    3.61 v _09889_/A (sky130_fd_sc_hd__buf_2)
     9    0.02    0.06    0.15    3.76 v _09889_/X (sky130_fd_sc_hd__buf_2)
                                         _03646_ (net)
                  0.06    0.00    3.76 v _10065_/A2 (sky130_fd_sc_hd__a21o_1)
     1    0.01    0.05    0.20    3.96 v _10065_/X (sky130_fd_sc_hd__a21o_1)
                                         _00028_ (net)
                  0.05    0.00    3.96 v _17745_/A (sky130_fd_sc_hd__fa_1)
     1    0.01    0.08    0.55    4.51 ^ _17745_/SUM (sky130_fd_sc_hd__fa_1)
                                         _08647_ (net)
                  0.08    0.00    4.51 ^ _17883_/B (sky130_fd_sc_hd__fa_1)
     1    0.01    0.09    0.44    4.95 v _17883_/SUM (sky130_fd_sc_hd__fa_1)
                                         _09078_ (net)
                  0.09    0.00    4.95 v _17875_/B (sky130_fd_sc_hd__fa_1)
     1    0.01    0.09    0.49    5.44 v _17875_/SUM (sky130_fd_sc_hd__fa_1)
                                         _09081_ (net)
                  0.09    0.00    5.44 v _17988_/B (sky130_fd_sc_hd__fa_1)
     1    0.01    0.08    0.54    5.97 ^ _17988_/SUM (sky130_fd_sc_hd__fa_1)
                                         _08649_ (net)
                  0.08    0.00    5.97 ^ _17747_/B (sky130_fd_sc_hd__fa_1)
     1    0.00    0.08    0.42    6.39 v _17747_/SUM (sky130_fd_sc_hd__fa_1)
                                         _08652_ (net)
                  0.08    0.00    6.39 v _18021_/B (sky130_fd_sc_hd__ha_1)
     6    0.01    0.08    0.23    6.62 v _18021_/COUT (sky130_fd_sc_hd__ha_1)
                                         _00242_ (net)
                  0.08    0.00    6.62 v _09505_/C (sky130_fd_sc_hd__or3_1)
     2    0.00    0.08    0.33    6.94 v _09505_/X (sky130_fd_sc_hd__or3_1)
                                         _03364_ (net)
                  0.08    0.00    6.94 v _09536_/B2 (sky130_fd_sc_hd__o221a_2)
     2    0.01    0.05    0.25    7.19 v _09536_/X (sky130_fd_sc_hd__o221a_2)
                                         _03383_ (net)
                  0.05    0.00    7.19 v _09537_/A2 (sky130_fd_sc_hd__a21o_1)
     1    0.00    0.03    0.17    7.36 v _09537_/X (sky130_fd_sc_hd__a21o_1)
                                         _03384_ (net)
                  0.03    0.00    7.36 v _09538_/A2 (sky130_fd_sc_hd__a21oi_1)
     2    0.01    0.19    0.19    7.55 ^ _09538_/Y (sky130_fd_sc_hd__a21oi_1)
                                         _03385_ (net)
                  0.19    0.00    7.55 ^ _09539_/A (sky130_fd_sc_hd__nor2b_1)
     1    0.00    0.05    0.06    7.61 v _09539_/Y (sky130_fd_sc_hd__nor2b_1)
                                         _03386_ (net)
                  0.05    0.00    7.61 v _09540_/A2 (sky130_fd_sc_hd__o21ai_0)
     1    0.00    0.13    0.13    7.75 ^ _09540_/Y (sky130_fd_sc_hd__o21ai_0)
                                         _03387_ (net)
                  0.13    0.00    7.75 ^ _09541_/B (sky130_fd_sc_hd__nand2b_1)
     2    0.01    0.08    0.11    7.85 v _09541_/Y (sky130_fd_sc_hd__nand2b_1)
                                         _03388_ (net)
                  0.08    0.00    7.85 v _09542_/B (sky130_fd_sc_hd__xnor2_1)
     6    0.03    0.63    0.52    8.37 ^ _09542_/Y (sky130_fd_sc_hd__xnor2_1)
                                         g_b1.u_red.a[16] (net)
                  0.63    0.00    8.37 ^ _17772_/B (sky130_fd_sc_hd__fa_1)
     2    0.01    0.11    0.56    8.93 v _17772_/SUM (sky130_fd_sc_hd__fa_1)
                                         _08731_ (net)
                  0.11    0.00    8.93 v _17969_/B (sky130_fd_sc_hd__fa_1)
     1    0.00    0.07    0.53    9.46 ^ _17969_/SUM (sky130_fd_sc_hd__fa_1)
                                         _08866_ (net)
                  0.07    0.00    9.46 ^ _17813_/CIN (sky130_fd_sc_hd__fa_1)
     1    0.01    0.10    0.43    9.90 v _17813_/SUM (sky130_fd_sc_hd__fa_1)
                                         _08868_ (net)
                  0.10    0.00    9.90 v _17853_/A (sky130_fd_sc_hd__fa_1)
     1    0.01    0.08    0.57   10.47 ^ _17853_/SUM (sky130_fd_sc_hd__fa_1)
                                         _08855_ (net)
                  0.08    0.00   10.47 ^ _17811_/B (sky130_fd_sc_hd__fa_1)
     1    0.00    0.08    0.42   10.88 v _17811_/SUM (sky130_fd_sc_hd__fa_1)
                                         _08858_ (net)
                  0.08    0.00   10.88 v _18355_/A (sky130_fd_sc_hd__ha_1)
     3    0.01    0.07    0.32   11.21 v _18355_/SUM (sky130_fd_sc_hd__ha_1)
                                         _00663_ (net)
                  0.07    0.00   11.21 v _09630_/A1 (sky130_fd_sc_hd__a21oi_1)
     1    0.00    0.09    0.11   11.32 ^ _09630_/Y (sky130_fd_sc_hd__a21oi_1)
                                         _03441_ (net)
                  0.09    0.00   11.32 ^ _09631_/B1 (sky130_fd_sc_hd__o21ai_0)
     2    0.00    0.07    0.10   11.41 v _09631_/Y (sky130_fd_sc_hd__o21ai_0)
                                         _03442_ (net)
                  0.07    0.00   11.41 v _15969_/B1_N (sky130_fd_sc_hd__o21bai_1)
     1    0.00    0.05    0.16   11.57 v _15969_/Y (sky130_fd_sc_hd__o21bai_1)
                                         _02018_ (net)
                  0.05    0.00   11.57 v _15970_/A2 (sky130_fd_sc_hd__a21o_1)
     1    0.00    0.03    0.17   11.74 v _15970_/X (sky130_fd_sc_hd__a21o_1)
                                         _02019_ (net)
                  0.03    0.00   11.74 v _15971_/A2 (sky130_fd_sc_hd__a21o_1)
     1    0.00    0.03    0.16   11.90 v _15971_/X (sky130_fd_sc_hd__a21o_1)
                                         _02020_ (net)
                  0.03    0.00   11.90 v _15972_/A2 (sky130_fd_sc_hd__a21o_1)
     1    0.00    0.03    0.16   12.06 v _15972_/X (sky130_fd_sc_hd__a21o_1)
                                         _02021_ (net)
                  0.03    0.00   12.06 v _15973_/A2 (sky130_fd_sc_hd__a21o_1)
     1    0.00    0.03    0.16   12.22 v _15973_/X (sky130_fd_sc_hd__a21o_1)
                                         _02022_ (net)
                  0.03    0.00   12.22 v _15974_/A2 (sky130_fd_sc_hd__a21oi_1)
     1    0.00    0.14    0.16   12.38 ^ _15974_/Y (sky130_fd_sc_hd__a21oi_1)
                                         _02023_ (net)
                  0.14    0.00   12.38 ^ _15975_/B (sky130_fd_sc_hd__xnor2_1)
     5    0.02    0.16    0.17   12.54 v _15975_/Y (sky130_fd_sc_hd__xnor2_1)
                                         g_b1.u_red.prod[24] (net)
                  0.16    0.00   12.54 v _17947_/A (sky130_fd_sc_hd__fa_1)
     2    0.01    0.08    0.58   13.12 ^ _17947_/SUM (sky130_fd_sc_hd__fa_1)
                                         _00171_ (net)
                  0.08    0.00   13.12 ^ _10091_/A (sky130_fd_sc_hd__inv_1)
     2    0.01    0.04    0.06   13.19 v _10091_/Y (sky130_fd_sc_hd__inv_1)
                                         _00051_ (net)
                  0.04    0.00   13.19 v _17802_/CIN (sky130_fd_sc_hd__fa_1)
     2    0.01    0.08    0.49   13.68 ^ _17802_/SUM (sky130_fd_sc_hd__fa_1)
                                         _00052_ (net)
                  0.08    0.00   13.68 ^ _10110_/A (sky130_fd_sc_hd__inv_1)
     1    0.00    0.03    0.04   13.72 v _10110_/Y (sky130_fd_sc_hd__inv_1)
                                         _00666_ (net)
                  0.03    0.00   13.72 v _18357_/A (sky130_fd_sc_hd__ha_1)
     2    0.01    0.07    0.29   14.02 v _18357_/SUM (sky130_fd_sc_hd__ha_1)
                                         _00659_ (net)
                  0.07    0.00   14.02 v _18353_/A (sky130_fd_sc_hd__ha_1)
     5    0.01    0.12    0.34   14.36 ^ _18353_/SUM (sky130_fd_sc_hd__ha_1)
                                         _00230_ (net)
                  0.12    0.00   14.36 ^ _09568_/A (sky130_fd_sc_hd__inv_1)
     4    0.01    0.06    0.09   14.45 v _09568_/Y (sky130_fd_sc_hd__inv_1)
                                         g_b1.u_red.r0[0] (net)
                  0.06    0.00   14.45 v _18091_/A (sky130_fd_sc_hd__ha_1)
     2    0.00    0.05    0.20   14.65 v _18091_/COUT (sky130_fd_sc_hd__ha_1)
                                         _00341_ (net)
                  0.05    0.00   14.65 v _09499_/A (sky130_fd_sc_hd__or2_1)
     2    0.01    0.08    0.26   14.91 v _09499_/X (sky130_fd_sc_hd__or2_1)
                                         _00197_ (net)
                  0.08    0.00   14.91 v _17959_/A (sky130_fd_sc_hd__fa_1)
     3    0.01    0.11    0.48   15.39 v _17959_/COUT (sky130_fd_sc_hd__fa_1)
                                         _00199_ (net)
                  0.11    0.00   15.39 v _16052_/A1 (sky130_fd_sc_hd__a211oi_1)
     3    0.01    0.30    0.30   15.69 ^ _16052_/Y (sky130_fd_sc_hd__a211oi_1)
                                         _02083_ (net)
                  0.30    0.00   15.69 ^ _16055_/A1 (sky130_fd_sc_hd__o21ai_1)
     2    0.01    0.11    0.16   15.85 v _16055_/Y (sky130_fd_sc_hd__o21ai_1)
                                         _02086_ (net)
                  0.11    0.00   15.85 v _16060_/A4 (sky130_fd_sc_hd__o41ai_2)
     5    0.01    0.46    0.39   16.24 ^ _16060_/Y (sky130_fd_sc_hd__o41ai_2)
                                         _02091_ (net)
                  0.46    0.00   16.24 ^ _16129_/A1 (sky130_fd_sc_hd__a31oi_1)
     4    0.02    0.22    0.27   16.51 v _16129_/Y (sky130_fd_sc_hd__a31oi_1)
                                         _02160_ (net)
                  0.22    0.00   16.51 v _16215_/S (sky130_fd_sc_hd__mux2i_1)
     1    0.00    0.11    0.20   16.71 ^ _16215_/Y (sky130_fd_sc_hd__mux2i_1)
                                         _02246_ (net)
                  0.11    0.00   16.71 ^ _16216_/D1 (sky130_fd_sc_hd__o2111ai_1)
     1    0.00    0.10    0.10   16.81 v _16216_/Y (sky130_fd_sc_hd__o2111ai_1)
                                         _02247_ (net)
                  0.10    0.00   16.81 v _16217_/C1 (sky130_fd_sc_hd__a311oi_1)
     1    0.00    0.20    0.21   17.01 ^ _16217_/Y (sky130_fd_sc_hd__a311oi_1)
                                         _02248_ (net)
                  0.20    0.00   17.01 ^ _16239_/B (sky130_fd_sc_hd__nand4_1)
     2    0.00    0.09    0.12   17.13 v _16239_/Y (sky130_fd_sc_hd__nand4_1)
                                         _02270_ (net)
                  0.09    0.00   17.13 v _16240_/A (sky130_fd_sc_hd__buf_2)
    10    0.02    0.07    0.18   17.31 v _16240_/X (sky130_fd_sc_hd__buf_2)
                                         _02271_ (net)
                  0.07    0.00   17.31 v _16242_/A (sky130_fd_sc_hd__clkbuf_1)
    10    0.02    0.13    0.18   17.49 v _16242_/X (sky130_fd_sc_hd__clkbuf_1)
                                         _02273_ (net)
                  0.13    0.00   17.49 v _16301_/C (sky130_fd_sc_hd__nor3_1)
     1    0.00    0.14    0.15   17.65 ^ _16301_/Y (sky130_fd_sc_hd__nor3_1)
                                         _02322_ (net)
                  0.14    0.00   17.65 ^ _16302_/C (sky130_fd_sc_hd__nor3_1)
     1    0.00    0.04    0.06   17.70 v _16302_/Y (sky130_fd_sc_hd__nor3_1)
                                         _00739_ (net)
                  0.04    0.00   17.70 v mul_reduced_q[1]$_DFFE_PN0P_/D (sky130_fd_sc_hd__dfrtp_1)
                                 17.70   data arrival time

                  0.00   20.00   20.00   clock clk (rise edge)
                          0.00   20.00   clock network delay (ideal)
                         -0.25   19.75   clock uncertainty
                          0.00   19.75   clock reconvergence pessimism
                                 19.75 ^ mul_reduced_q[1]$_DFFE_PN0P_/CLK (sky130_fd_sc_hd__dfrtp_1)
                         -0.12   19.63   library setup time
                                 19.63   data required time
-----------------------------------------------------------------------------
                                 19.63   data required time
                                -17.70   data arrival time
-----------------------------------------------------------------------------
                                  1.93   slack (MET)



==========================================================================
floorplan final report_power
--------------------------------------------------------------------------
Group                  Internal  Switching    Leakage      Total
                          Power      Power      Power      Power (Watts)
----------------------------------------------------------------
Sequential             7.60e-03   0.00e+00   2.97e-08   7.60e-03  99.3%
Combinational          3.12e-06   4.97e-05   2.42e-08   5.28e-05   0.7%
Clock                  0.00e+00   0.00e+00   0.00e+00   0.00e+00   0.0%
Macro                  0.00e+00   0.00e+00   0.00e+00   0.00e+00   0.0%
Pad                    0.00e+00   0.00e+00   0.00e+00   0.00e+00   0.0%
----------------------------------------------------------------
Total                  7.61e-03   4.97e-05   5.39e-08   7.66e-03 100.0%
                          99.4%       0.6%       0.0%
