
==========================================================================
detailed place report_tns
--------------------------------------------------------------------------
tns max 0.00

==========================================================================
detailed place report_wns
--------------------------------------------------------------------------
wns max 0.00

==========================================================================
detailed place report_worst_slack
--------------------------------------------------------------------------
worst slack max 0.11

==========================================================================
detailed place report_clock_min_period
--------------------------------------------------------------------------
clk period_min = 19.89 fmax = 50.28

==========================================================================
detailed place report_checks -path_delay min
--------------------------------------------------------------------------
Startpoint: st[13]$_DFF_PN0_ (rising edge-triggered flip-flop clocked by clk)
Endpoint: done$_DFF_PN0_ (rising edge-triggered flip-flop clocked by clk)
Path Group: clk
Path Type: min

Fanout     Cap    Slew   Delay    Time   Description
-----------------------------------------------------------------------------
                  0.00    0.00    0.00   clock clk (rise edge)
                          0.00    0.00   clock network delay (ideal)
                  0.00    0.00    0.00 ^ st[13]$_DFF_PN0_/CLK (sky130_fd_sc_hd__dfrtp_1)
     2    0.01    0.07    0.32    0.32 ^ st[13]$_DFF_PN0_/Q (sky130_fd_sc_hd__dfrtp_1)
                                         st[13] (net)
                  0.07    0.00    0.32 ^ done$_DFF_PN0_/D (sky130_fd_sc_hd__dfrtp_1)
                                  0.32   data arrival time

                  0.00    0.00    0.00   clock clk (rise edge)
                          0.00    0.00   clock network delay (ideal)
                          0.25    0.25   clock uncertainty
                          0.00    0.25   clock reconvergence pessimism
                                  0.25 ^ done$_DFF_PN0_/CLK (sky130_fd_sc_hd__dfrtp_1)
                         -0.05    0.20   library hold time
                                  0.20   data required time
-----------------------------------------------------------------------------
                                  0.20   data required time
                                 -0.32   data arrival time
-----------------------------------------------------------------------------
                                  0.12   slack (MET)



==========================================================================
detailed place report_checks -path_delay max
--------------------------------------------------------------------------
Startpoint: coeff_a_q[1]$_DFFE_PN0P_
            (rising edge-triggered flip-flop clocked by clk)
Endpoint: mul_reduced_q[3]$_DFFE_PN0P_
          (rising edge-triggered flip-flop clocked by clk)
Path Group: clk
Path Type: max

Fanout     Cap    Slew   Delay    Time   Description
-----------------------------------------------------------------------------
                  0.00    0.00    0.00   clock clk (rise edge)
                          0.00    0.00   clock network delay (ideal)
                  0.00    0.00    0.00 ^ coeff_a_q[1]$_DFFE_PN0P_/CLK (sky130_fd_sc_hd__dfrtp_1)
     6    0.03    0.17    0.47    0.47 v coeff_a_q[1]$_DFFE_PN0P_/Q (sky130_fd_sc_hd__dfrtp_1)
                                         coeff_a_q[1] (net)
                  0.17    0.00    0.47 v _18048_/A (sky130_fd_sc_hd__ha_1)
     2    0.00    0.06    0.34    0.81 ^ _18048_/SUM (sky130_fd_sc_hd__ha_1)
                                         _00295_ (net)
                  0.06    0.00    0.81 ^ _10076_/A (sky130_fd_sc_hd__inv_1)
     2    0.01    0.04    0.05    0.86 v _10076_/Y (sky130_fd_sc_hd__inv_1)
                                         _00244_ (net)
                  0.04    0.00    0.86 v _18022_/B (sky130_fd_sc_hd__ha_1)
     3    0.02    0.10    0.23    1.09 v _18022_/COUT (sky130_fd_sc_hd__ha_1)
                                         _00043_ (net)
                  0.10    0.00    1.09 v _17761_/A (sky130_fd_sc_hd__fa_1)
     2    0.01    0.11    0.48    1.57 v _17761_/COUT (sky130_fd_sc_hd__fa_1)
                                         _00045_ (net)
                  0.11    0.00    1.57 v _09746_/A2 (sky130_fd_sc_hd__a211oi_2)
     5    0.02    0.34    0.38    1.95 ^ _09746_/Y (sky130_fd_sc_hd__a211oi_2)
                                         _03515_ (net)
                  0.34    0.00    1.95 ^ _09772_/A1 (sky130_fd_sc_hd__o21ba_1)
     2    0.01    0.08    0.21    2.16 ^ _09772_/X (sky130_fd_sc_hd__o21ba_1)
                                         _03541_ (net)
                  0.08    0.00    2.16 ^ _09776_/A2 (sky130_fd_sc_hd__o221a_1)
     5    0.01    0.16    0.26    2.42 ^ _09776_/X (sky130_fd_sc_hd__o221a_1)
                                         _03545_ (net)
                  0.16    0.00    2.42 ^ _09777_/D_N (sky130_fd_sc_hd__nor4b_1)
     1    0.01    0.32    0.31    2.74 ^ _09777_/Y (sky130_fd_sc_hd__nor4b_1)
                                         _03546_ (net)
                  0.32    0.00    2.74 ^ _09778_/C (sky130_fd_sc_hd__nor3_1)
     4    0.01    0.15    0.15    2.89 v _09778_/Y (sky130_fd_sc_hd__nor3_1)
                                         _03547_ (net)
                  0.15    0.00    2.89 v _09805_/A2 (sky130_fd_sc_hd__o32ai_2)
     6    0.02    0.46    0.48    3.37 ^ _09805_/Y (sky130_fd_sc_hd__o32ai_2)
                                         _03573_ (net)
                  0.46    0.00    3.37 ^ _09826_/B (sky130_fd_sc_hd__and2_1)
     8    0.03    0.30    0.38    3.75 ^ _09826_/X (sky130_fd_sc_hd__and2_1)
                                         _03591_ (net)
                  0.30    0.00    3.75 ^ _09880_/A2 (sky130_fd_sc_hd__o211ai_1)
     1    0.00    0.15    0.12    3.87 v _09880_/Y (sky130_fd_sc_hd__o211ai_1)
                                         _03638_ (net)
                  0.15    0.00    3.87 v _09881_/B1 (sky130_fd_sc_hd__o21ai_0)
     5    0.02    0.67    0.31    4.18 ^ _09881_/Y (sky130_fd_sc_hd__o21ai_0)
                                         _03639_ (net)
                  0.67    0.00    4.18 ^ _10004_/A1 (sky130_fd_sc_hd__o21ai_0)
     1    0.01    0.18    0.26    4.44 v _10004_/Y (sky130_fd_sc_hd__o21ai_0)
                                         _00099_ (net)
                  0.18    0.00    4.44 v _17890_/B (sky130_fd_sc_hd__fa_1)
     1    0.01    0.10    0.48    4.92 v _17890_/COUT (sky130_fd_sc_hd__fa_1)
                                         _09110_ (net)
                  0.10    0.00    4.92 v _17932_/A (sky130_fd_sc_hd__fa_1)
     1    0.01    0.10    0.47    5.39 v _17932_/COUT (sky130_fd_sc_hd__fa_1)
                                         _09192_ (net)
                  0.10    0.00    5.39 v _17933_/CIN (sky130_fd_sc_hd__fa_1)
     1    0.01    0.08    0.52    5.91 ^ _17933_/SUM (sky130_fd_sc_hd__fa_1)
                                         _08893_ (net)
                  0.08    0.00    5.91 ^ _17819_/CIN (sky130_fd_sc_hd__fa_1)
     1    0.01    0.11    0.45    6.36 v _17819_/SUM (sky130_fd_sc_hd__fa_1)
                                         _08658_ (net)
                  0.11    0.00    6.36 v _17750_/B (sky130_fd_sc_hd__fa_1)
     1    0.01    0.09    0.49    6.85 v _17750_/SUM (sky130_fd_sc_hd__fa_1)
                                         _08661_ (net)
                  0.09    0.00    6.85 v _18046_/B (sky130_fd_sc_hd__ha_1)
     4    0.01    0.08    0.23    7.08 v _18046_/COUT (sky130_fd_sc_hd__ha_1)
                                         _00287_ (net)
                  0.08    0.00    7.08 v _09550_/B (sky130_fd_sc_hd__or4_1)
     1    0.00    0.08    0.51    7.59 v _09550_/X (sky130_fd_sc_hd__or4_1)
                                         _03394_ (net)
                  0.08    0.00    7.59 v _09551_/B2 (sky130_fd_sc_hd__o22ai_1)
     4    0.02    0.40    0.33    7.91 ^ _09551_/Y (sky130_fd_sc_hd__o22ai_1)
                                         _03395_ (net)
                  0.40    0.00    7.92 ^ _09573_/B (sky130_fd_sc_hd__nor2_1)
     1    0.00    0.08    0.08    8.00 v _09573_/Y (sky130_fd_sc_hd__nor2_1)
                                         _03405_ (net)
                  0.08    0.00    8.00 v _09574_/A2 (sky130_fd_sc_hd__o21a_1)
     1    0.00    0.03    0.17    8.17 v _09574_/X (sky130_fd_sc_hd__o21a_1)
                                         _03406_ (net)
                  0.03    0.00    8.17 v _09575_/B (sky130_fd_sc_hd__nor2_1)
     1    0.01    0.11    0.11    8.27 ^ _09575_/Y (sky130_fd_sc_hd__nor2_1)
                                         _03407_ (net)
                  0.11    0.00    8.27 ^ _09576_/B (sky130_fd_sc_hd__xor2_1)
     2    0.02    0.44    0.39    8.67 ^ _09576_/X (sky130_fd_sc_hd__xor2_1)
                                         _00304_ (net)
                  0.44    0.00    8.67 ^ _09577_/A (sky130_fd_sc_hd__inv_1)
     2    0.01    0.11    0.13    8.80 v _09577_/Y (sky130_fd_sc_hd__inv_1)
                                         g_b1.u_red.a[13] (net)
                  0.11    0.00    8.80 v _17776_/CIN (sky130_fd_sc_hd__fa_1)
     2    0.01    0.11    0.50    9.31 v _17776_/SUM (sky130_fd_sc_hd__fa_1)
                                         _08739_ (net)
                  0.11    0.00    9.31 v _17973_/B (sky130_fd_sc_hd__fa_1)
     1    0.01    0.08    0.54    9.84 ^ _17973_/SUM (sky130_fd_sc_hd__fa_1)
                                         _08889_ (net)
                  0.08    0.00    9.84 ^ _17818_/CIN (sky130_fd_sc_hd__fa_1)
     1    0.01    0.10    0.45   10.29 v _17818_/SUM (sky130_fd_sc_hd__fa_1)
                                         _08830_ (net)
                  0.10    0.00   10.29 v _17805_/A (sky130_fd_sc_hd__fa_1)
     1    0.01    0.09    0.58   10.87 ^ _17805_/SUM (sky130_fd_sc_hd__fa_1)
                                         _08832_ (net)
                  0.09    0.00   10.87 ^ _17860_/B (sky130_fd_sc_hd__fa_1)
     1    0.00    0.08    0.43   11.29 v _17860_/SUM (sky130_fd_sc_hd__fa_1)
                                         _09031_ (net)
                  0.08    0.00   11.29 v _18071_/A (sky130_fd_sc_hd__ha_1)
     3    0.01    0.07    0.24   11.53 v _18071_/COUT (sky130_fd_sc_hd__ha_1)
                                         _00320_ (net)
                  0.07    0.00   11.53 v _09615_/B (sky130_fd_sc_hd__nor4_1)
     1    0.01    0.31    0.33   11.86 ^ _09615_/Y (sky130_fd_sc_hd__nor4_1)
                                         _03426_ (net)
                  0.31    0.00   11.86 ^ _09616_/C1 (sky130_fd_sc_hd__o211ai_1)
     1    0.00    0.10    0.14   12.00 v _09616_/Y (sky130_fd_sc_hd__o211ai_1)
                                         _03427_ (net)
                  0.10    0.00   12.00 v _09617_/B1 (sky130_fd_sc_hd__a21oi_1)
     2    0.02    0.35    0.31   12.31 ^ _09617_/Y (sky130_fd_sc_hd__a21oi_1)
                                         _03428_ (net)
                  0.35    0.00   12.31 ^ _15969_/A1 (sky130_fd_sc_hd__o21bai_1)
     1    0.00    0.08    0.13   12.44 v _15969_/Y (sky130_fd_sc_hd__o21bai_1)
                                         _02018_ (net)
                  0.08    0.00   12.44 v _15970_/A2 (sky130_fd_sc_hd__a21o_1)
     1    0.00    0.04    0.19   12.63 v _15970_/X (sky130_fd_sc_hd__a21o_1)
                                         _02019_ (net)
                  0.04    0.00   12.63 v _15971_/A2 (sky130_fd_sc_hd__a21o_1)
     1    0.00    0.03    0.17   12.80 v _15971_/X (sky130_fd_sc_hd__a21o_1)
                                         _02020_ (net)
                  0.03    0.00   12.80 v _15972_/A2 (sky130_fd_sc_hd__a21o_1)
     1    0.00    0.04    0.17   12.96 v _15972_/X (sky130_fd_sc_hd__a21o_1)
                                         _02021_ (net)
                  0.04    0.00   12.96 v _15973_/A2 (sky130_fd_sc_hd__a21o_1)
     1    0.00    0.04    0.18   13.14 v _15973_/X (sky130_fd_sc_hd__a21o_1)
                                         _02022_ (net)
                  0.04    0.00   13.14 v _15974_/A2 (sky130_fd_sc_hd__a21oi_1)
     1    0.01    0.16    0.18   13.32 ^ _15974_/Y (sky130_fd_sc_hd__a21oi_1)
                                         _02023_ (net)
                  0.16    0.00   13.32 ^ _15975_/B (sky130_fd_sc_hd__xnor2_1)
     2    0.03    0.22    0.22   13.53 v _15975_/Y (sky130_fd_sc_hd__xnor2_1)
                                         g_b1.u_red.prod[24] (net)
                  0.22    0.00   13.54 v _17947_/A (sky130_fd_sc_hd__fa_1)
     2    0.01    0.09    0.62   14.15 ^ _17947_/SUM (sky130_fd_sc_hd__fa_1)
                                         _00171_ (net)
                  0.09    0.00   14.15 ^ _10091_/A (sky130_fd_sc_hd__inv_1)
     2    0.01    0.05    0.07   14.23 v _10091_/Y (sky130_fd_sc_hd__inv_1)
                                         _00051_ (net)
                  0.05    0.00   14.23 v _17802_/CIN (sky130_fd_sc_hd__fa_1)
     2    0.01    0.10    0.51   14.74 ^ _17802_/SUM (sky130_fd_sc_hd__fa_1)
                                         _00052_ (net)
                  0.10    0.00   14.74 ^ _10110_/A (sky130_fd_sc_hd__inv_1)
     1    0.00    0.04    0.05   14.79 v _10110_/Y (sky130_fd_sc_hd__inv_1)
                                         _00666_ (net)
                  0.04    0.00   14.79 v _18357_/A (sky130_fd_sc_hd__ha_1)
     2    0.01    0.07    0.31   15.10 v _18357_/SUM (sky130_fd_sc_hd__ha_1)
                                         _00659_ (net)
                  0.07    0.00   15.10 v _18353_/A (sky130_fd_sc_hd__ha_1)
     5    0.02    0.22    0.41   15.52 ^ _18353_/SUM (sky130_fd_sc_hd__ha_1)
                                         _00230_ (net)
                  0.22    0.00   15.52 ^ _09568_/A (sky130_fd_sc_hd__inv_1)
     4    0.01    0.09    0.12   15.64 v _09568_/Y (sky130_fd_sc_hd__inv_1)
                                         g_b1.u_red.r0[0] (net)
                  0.09    0.00   15.64 v _18091_/A (sky130_fd_sc_hd__ha_1)
     2    0.01    0.06    0.23   15.87 v _18091_/COUT (sky130_fd_sc_hd__ha_1)
                                         _00341_ (net)
                  0.06    0.00   15.87 v _09499_/A (sky130_fd_sc_hd__or2_1)
     2    0.01    0.08    0.27   16.13 v _09499_/X (sky130_fd_sc_hd__or2_1)
                                         _00197_ (net)
                  0.08    0.00   16.13 v _17959_/A (sky130_fd_sc_hd__fa_1)
     3    0.01    0.12    0.49   16.62 v _17959_/COUT (sky130_fd_sc_hd__fa_1)
                                         _00199_ (net)
                  0.12    0.00   16.62 v _16052_/A1 (sky130_fd_sc_hd__a211oi_1)
     3    0.01    0.38    0.37   17.00 ^ _16052_/Y (sky130_fd_sc_hd__a211oi_1)
                                         _02083_ (net)
                  0.38    0.00   17.00 ^ _16079_/B (sky130_fd_sc_hd__nor2_1)
     1    0.01    0.08    0.10   17.09 v _16079_/Y (sky130_fd_sc_hd__nor2_1)
                                         _02110_ (net)
                  0.08    0.00   17.09 v _16080_/B (sky130_fd_sc_hd__xnor2_1)
     5    0.02    0.40    0.36   17.45 ^ _16080_/Y (sky130_fd_sc_hd__xnor2_1)
                                         _02111_ (net)
                  0.40    0.00   17.45 ^ _16082_/A (sky130_fd_sc_hd__nand2_1)
     3    0.01    0.14    0.17   17.63 v _16082_/Y (sky130_fd_sc_hd__nand2_1)
                                         _02113_ (net)
                  0.14    0.00   17.63 v _16155_/A3 (sky130_fd_sc_hd__o41ai_2)
     4    0.02    0.50    0.52   18.15 ^ _16155_/Y (sky130_fd_sc_hd__o41ai_2)
                                         _02186_ (net)
                  0.50    0.00   18.15 ^ _16156_/C (sky130_fd_sc_hd__nand3_1)
     1    0.01    0.21    0.25   18.39 v _16156_/Y (sky130_fd_sc_hd__nand3_1)
                                         _02187_ (net)
                  0.21    0.00   18.39 v _16217_/A2 (sky130_fd_sc_hd__a311oi_1)
     1    0.00    0.23    0.32   18.72 ^ _16217_/Y (sky130_fd_sc_hd__a311oi_1)
                                         _02248_ (net)
                  0.23    0.00   18.72 ^ _16239_/B (sky130_fd_sc_hd__nand4_1)
     1    0.00    0.11    0.14   18.86 v _16239_/Y (sky130_fd_sc_hd__nand4_1)
                                         _02270_ (net)
                  0.11    0.00   18.86 v place444/A (sky130_fd_sc_hd__buf_4)
    20    0.08    0.11    0.24   19.09 v place444/X (sky130_fd_sc_hd__buf_4)
                                         net443 (net)
                  0.11    0.01   19.10 v _16292_/S (sky130_fd_sc_hd__mux2i_1)
     1    0.00    0.06    0.14   19.24 v _16292_/Y (sky130_fd_sc_hd__mux2i_1)
                                         _02315_ (net)
                  0.06    0.00   19.24 v _16293_/C1 (sky130_fd_sc_hd__a221o_1)
     1    0.00    0.06    0.27   19.51 v _16293_/X (sky130_fd_sc_hd__a221o_1)
                                         _00737_ (net)
                  0.06    0.00   19.51 v mul_reduced_q[3]$_DFFE_PN0P_/D (sky130_fd_sc_hd__dfrtp_1)
                                 19.51   data arrival time

                  0.00   20.00   20.00   clock clk (rise edge)
                          0.00   20.00   clock network delay (ideal)
                         -0.25   19.75   clock uncertainty
                          0.00   19.75   clock reconvergence pessimism
                                 19.75 ^ mul_reduced_q[3]$_DFFE_PN0P_/CLK (sky130_fd_sc_hd__dfrtp_1)
                         -0.13   19.62   library setup time
                                 19.62   data required time
-----------------------------------------------------------------------------
                                 19.62   data required time
                                -19.51   data arrival time
-----------------------------------------------------------------------------
                                  0.11   slack (MET)



==========================================================================
detailed place report_checks -unconstrained
--------------------------------------------------------------------------
Startpoint: coeff_a_q[1]$_DFFE_PN0P_
            (rising edge-triggered flip-flop clocked by clk)
Endpoint: mul_reduced_q[3]$_DFFE_PN0P_
          (rising edge-triggered flip-flop clocked by clk)
Path Group: clk
Path Type: max

Fanout     Cap    Slew   Delay    Time   Description
-----------------------------------------------------------------------------
                  0.00    0.00    0.00   clock clk (rise edge)
                          0.00    0.00   clock network delay (ideal)
                  0.00    0.00    0.00 ^ coeff_a_q[1]$_DFFE_PN0P_/CLK (sky130_fd_sc_hd__dfrtp_1)
     6    0.03    0.17    0.47    0.47 v coeff_a_q[1]$_DFFE_PN0P_/Q (sky130_fd_sc_hd__dfrtp_1)
                                         coeff_a_q[1] (net)
                  0.17    0.00    0.47 v _18048_/A (sky130_fd_sc_hd__ha_1)
     2    0.00    0.06    0.34    0.81 ^ _18048_/SUM (sky130_fd_sc_hd__ha_1)
                                         _00295_ (net)
                  0.06    0.00    0.81 ^ _10076_/A (sky130_fd_sc_hd__inv_1)
     2    0.01    0.04    0.05    0.86 v _10076_/Y (sky130_fd_sc_hd__inv_1)
                                         _00244_ (net)
                  0.04    0.00    0.86 v _18022_/B (sky130_fd_sc_hd__ha_1)
     3    0.02    0.10    0.23    1.09 v _18022_/COUT (sky130_fd_sc_hd__ha_1)
                                         _00043_ (net)
                  0.10    0.00    1.09 v _17761_/A (sky130_fd_sc_hd__fa_1)
     2    0.01    0.11    0.48    1.57 v _17761_/COUT (sky130_fd_sc_hd__fa_1)
                                         _00045_ (net)
                  0.11    0.00    1.57 v _09746_/A2 (sky130_fd_sc_hd__a211oi_2)
     5    0.02    0.34    0.38    1.95 ^ _09746_/Y (sky130_fd_sc_hd__a211oi_2)
                                         _03515_ (net)
                  0.34    0.00    1.95 ^ _09772_/A1 (sky130_fd_sc_hd__o21ba_1)
     2    0.01    0.08    0.21    2.16 ^ _09772_/X (sky130_fd_sc_hd__o21ba_1)
                                         _03541_ (net)
                  0.08    0.00    2.16 ^ _09776_/A2 (sky130_fd_sc_hd__o221a_1)
     5    0.01    0.16    0.26    2.42 ^ _09776_/X (sky130_fd_sc_hd__o221a_1)
                                         _03545_ (net)
                  0.16    0.00    2.42 ^ _09777_/D_N (sky130_fd_sc_hd__nor4b_1)
     1    0.01    0.32    0.31    2.74 ^ _09777_/Y (sky130_fd_sc_hd__nor4b_1)
                                         _03546_ (net)
                  0.32    0.00    2.74 ^ _09778_/C (sky130_fd_sc_hd__nor3_1)
     4    0.01    0.15    0.15    2.89 v _09778_/Y (sky130_fd_sc_hd__nor3_1)
                                         _03547_ (net)
                  0.15    0.00    2.89 v _09805_/A2 (sky130_fd_sc_hd__o32ai_2)
     6    0.02    0.46    0.48    3.37 ^ _09805_/Y (sky130_fd_sc_hd__o32ai_2)
                                         _03573_ (net)
                  0.46    0.00    3.37 ^ _09826_/B (sky130_fd_sc_hd__and2_1)
     8    0.03    0.30    0.38    3.75 ^ _09826_/X (sky130_fd_sc_hd__and2_1)
                                         _03591_ (net)
                  0.30    0.00    3.75 ^ _09880_/A2 (sky130_fd_sc_hd__o211ai_1)
     1    0.00    0.15    0.12    3.87 v _09880_/Y (sky130_fd_sc_hd__o211ai_1)
                                         _03638_ (net)
                  0.15    0.00    3.87 v _09881_/B1 (sky130_fd_sc_hd__o21ai_0)
     5    0.02    0.67    0.31    4.18 ^ _09881_/Y (sky130_fd_sc_hd__o21ai_0)
                                         _03639_ (net)
                  0.67    0.00    4.18 ^ _10004_/A1 (sky130_fd_sc_hd__o21ai_0)
     1    0.01    0.18    0.26    4.44 v _10004_/Y (sky130_fd_sc_hd__o21ai_0)
                                         _00099_ (net)
                  0.18    0.00    4.44 v _17890_/B (sky130_fd_sc_hd__fa_1)
     1    0.01    0.10    0.48    4.92 v _17890_/COUT (sky130_fd_sc_hd__fa_1)
                                         _09110_ (net)
                  0.10    0.00    4.92 v _17932_/A (sky130_fd_sc_hd__fa_1)
     1    0.01    0.10    0.47    5.39 v _17932_/COUT (sky130_fd_sc_hd__fa_1)
                                         _09192_ (net)
                  0.10    0.00    5.39 v _17933_/CIN (sky130_fd_sc_hd__fa_1)
     1    0.01    0.08    0.52    5.91 ^ _17933_/SUM (sky130_fd_sc_hd__fa_1)
                                         _08893_ (net)
                  0.08    0.00    5.91 ^ _17819_/CIN (sky130_fd_sc_hd__fa_1)
     1    0.01    0.11    0.45    6.36 v _17819_/SUM (sky130_fd_sc_hd__fa_1)
                                         _08658_ (net)
                  0.11    0.00    6.36 v _17750_/B (sky130_fd_sc_hd__fa_1)
     1    0.01    0.09    0.49    6.85 v _17750_/SUM (sky130_fd_sc_hd__fa_1)
                                         _08661_ (net)
                  0.09    0.00    6.85 v _18046_/B (sky130_fd_sc_hd__ha_1)
     4    0.01    0.08    0.23    7.08 v _18046_/COUT (sky130_fd_sc_hd__ha_1)
                                         _00287_ (net)
                  0.08    0.00    7.08 v _09550_/B (sky130_fd_sc_hd__or4_1)
     1    0.00    0.08    0.51    7.59 v _09550_/X (sky130_fd_sc_hd__or4_1)
                                         _03394_ (net)
                  0.08    0.00    7.59 v _09551_/B2 (sky130_fd_sc_hd__o22ai_1)
     4    0.02    0.40    0.33    7.91 ^ _09551_/Y (sky130_fd_sc_hd__o22ai_1)
                                         _03395_ (net)
                  0.40    0.00    7.92 ^ _09573_/B (sky130_fd_sc_hd__nor2_1)
     1    0.00    0.08    0.08    8.00 v _09573_/Y (sky130_fd_sc_hd__nor2_1)
                                         _03405_ (net)
                  0.08    0.00    8.00 v _09574_/A2 (sky130_fd_sc_hd__o21a_1)
     1    0.00    0.03    0.17    8.17 v _09574_/X (sky130_fd_sc_hd__o21a_1)
                                         _03406_ (net)
                  0.03    0.00    8.17 v _09575_/B (sky130_fd_sc_hd__nor2_1)
     1    0.01    0.11    0.11    8.27 ^ _09575_/Y (sky130_fd_sc_hd__nor2_1)
                                         _03407_ (net)
                  0.11    0.00    8.27 ^ _09576_/B (sky130_fd_sc_hd__xor2_1)
     2    0.02    0.44    0.39    8.67 ^ _09576_/X (sky130_fd_sc_hd__xor2_1)
                                         _00304_ (net)
                  0.44    0.00    8.67 ^ _09577_/A (sky130_fd_sc_hd__inv_1)
     2    0.01    0.11    0.13    8.80 v _09577_/Y (sky130_fd_sc_hd__inv_1)
                                         g_b1.u_red.a[13] (net)
                  0.11    0.00    8.80 v _17776_/CIN (sky130_fd_sc_hd__fa_1)
     2    0.01    0.11    0.50    9.31 v _17776_/SUM (sky130_fd_sc_hd__fa_1)
                                         _08739_ (net)
                  0.11    0.00    9.31 v _17973_/B (sky130_fd_sc_hd__fa_1)
     1    0.01    0.08    0.54    9.84 ^ _17973_/SUM (sky130_fd_sc_hd__fa_1)
                                         _08889_ (net)
                  0.08    0.00    9.84 ^ _17818_/CIN (sky130_fd_sc_hd__fa_1)
     1    0.01    0.10    0.45   10.29 v _17818_/SUM (sky130_fd_sc_hd__fa_1)
                                         _08830_ (net)
                  0.10    0.00   10.29 v _17805_/A (sky130_fd_sc_hd__fa_1)
     1    0.01    0.09    0.58   10.87 ^ _17805_/SUM (sky130_fd_sc_hd__fa_1)
                                         _08832_ (net)
                  0.09    0.00   10.87 ^ _17860_/B (sky130_fd_sc_hd__fa_1)
     1    0.00    0.08    0.43   11.29 v _17860_/SUM (sky130_fd_sc_hd__fa_1)
                                         _09031_ (net)
                  0.08    0.00   11.29 v _18071_/A (sky130_fd_sc_hd__ha_1)
     3    0.01    0.07    0.24   11.53 v _18071_/COUT (sky130_fd_sc_hd__ha_1)
                                         _00320_ (net)
                  0.07    0.00   11.53 v _09615_/B (sky130_fd_sc_hd__nor4_1)
     1    0.01    0.31    0.33   11.86 ^ _09615_/Y (sky130_fd_sc_hd__nor4_1)
                                         _03426_ (net)
                  0.31    0.00   11.86 ^ _09616_/C1 (sky130_fd_sc_hd__o211ai_1)
     1    0.00    0.10    0.14   12.00 v _09616_/Y (sky130_fd_sc_hd__o211ai_1)
                                         _03427_ (net)
                  0.10    0.00   12.00 v _09617_/B1 (sky130_fd_sc_hd__a21oi_1)
     2    0.02    0.35    0.31   12.31 ^ _09617_/Y (sky130_fd_sc_hd__a21oi_1)
                                         _03428_ (net)
                  0.35    0.00   12.31 ^ _15969_/A1 (sky130_fd_sc_hd__o21bai_1)
     1    0.00    0.08    0.13   12.44 v _15969_/Y (sky130_fd_sc_hd__o21bai_1)
                                         _02018_ (net)
                  0.08    0.00   12.44 v _15970_/A2 (sky130_fd_sc_hd__a21o_1)
     1    0.00    0.04    0.19   12.63 v _15970_/X (sky130_fd_sc_hd__a21o_1)
                                         _02019_ (net)
                  0.04    0.00   12.63 v _15971_/A2 (sky130_fd_sc_hd__a21o_1)
     1    0.00    0.03    0.17   12.80 v _15971_/X (sky130_fd_sc_hd__a21o_1)
                                         _02020_ (net)
                  0.03    0.00   12.80 v _15972_/A2 (sky130_fd_sc_hd__a21o_1)
     1    0.00    0.04    0.17   12.96 v _15972_/X (sky130_fd_sc_hd__a21o_1)
                                         _02021_ (net)
                  0.04    0.00   12.96 v _15973_/A2 (sky130_fd_sc_hd__a21o_1)
     1    0.00    0.04    0.18   13.14 v _15973_/X (sky130_fd_sc_hd__a21o_1)
                                         _02022_ (net)
                  0.04    0.00   13.14 v _15974_/A2 (sky130_fd_sc_hd__a21oi_1)
     1    0.01    0.16    0.18   13.32 ^ _15974_/Y (sky130_fd_sc_hd__a21oi_1)
                                         _02023_ (net)
                  0.16    0.00   13.32 ^ _15975_/B (sky130_fd_sc_hd__xnor2_1)
     2    0.03    0.22    0.22   13.53 v _15975_/Y (sky130_fd_sc_hd__xnor2_1)
                                         g_b1.u_red.prod[24] (net)
                  0.22    0.00   13.54 v _17947_/A (sky130_fd_sc_hd__fa_1)
     2    0.01    0.09    0.62   14.15 ^ _17947_/SUM (sky130_fd_sc_hd__fa_1)
                                         _00171_ (net)
                  0.09    0.00   14.15 ^ _10091_/A (sky130_fd_sc_hd__inv_1)
     2    0.01    0.05    0.07   14.23 v _10091_/Y (sky130_fd_sc_hd__inv_1)
                                         _00051_ (net)
                  0.05    0.00   14.23 v _17802_/CIN (sky130_fd_sc_hd__fa_1)
     2    0.01    0.10    0.51   14.74 ^ _17802_/SUM (sky130_fd_sc_hd__fa_1)
                                         _00052_ (net)
                  0.10    0.00   14.74 ^ _10110_/A (sky130_fd_sc_hd__inv_1)
     1    0.00    0.04    0.05   14.79 v _10110_/Y (sky130_fd_sc_hd__inv_1)
                                         _00666_ (net)
                  0.04    0.00   14.79 v _18357_/A (sky130_fd_sc_hd__ha_1)
     2    0.01    0.07    0.31   15.10 v _18357_/SUM (sky130_fd_sc_hd__ha_1)
                                         _00659_ (net)
                  0.07    0.00   15.10 v _18353_/A (sky130_fd_sc_hd__ha_1)
     5    0.02    0.22    0.41   15.52 ^ _18353_/SUM (sky130_fd_sc_hd__ha_1)
                                         _00230_ (net)
                  0.22    0.00   15.52 ^ _09568_/A (sky130_fd_sc_hd__inv_1)
     4    0.01    0.09    0.12   15.64 v _09568_/Y (sky130_fd_sc_hd__inv_1)
                                         g_b1.u_red.r0[0] (net)
                  0.09    0.00   15.64 v _18091_/A (sky130_fd_sc_hd__ha_1)
     2    0.01    0.06    0.23   15.87 v _18091_/COUT (sky130_fd_sc_hd__ha_1)
                                         _00341_ (net)
                  0.06    0.00   15.87 v _09499_/A (sky130_fd_sc_hd__or2_1)
     2    0.01    0.08    0.27   16.13 v _09499_/X (sky130_fd_sc_hd__or2_1)
                                         _00197_ (net)
                  0.08    0.00   16.13 v _17959_/A (sky130_fd_sc_hd__fa_1)
     3    0.01    0.12    0.49   16.62 v _17959_/COUT (sky130_fd_sc_hd__fa_1)
                                         _00199_ (net)
                  0.12    0.00   16.62 v _16052_/A1 (sky130_fd_sc_hd__a211oi_1)
     3    0.01    0.38    0.37   17.00 ^ _16052_/Y (sky130_fd_sc_hd__a211oi_1)
                                         _02083_ (net)
                  0.38    0.00   17.00 ^ _16079_/B (sky130_fd_sc_hd__nor2_1)
     1    0.01    0.08    0.10   17.09 v _16079_/Y (sky130_fd_sc_hd__nor2_1)
                                         _02110_ (net)
                  0.08    0.00   17.09 v _16080_/B (sky130_fd_sc_hd__xnor2_1)
     5    0.02    0.40    0.36   17.45 ^ _16080_/Y (sky130_fd_sc_hd__xnor2_1)
                                         _02111_ (net)
                  0.40    0.00   17.45 ^ _16082_/A (sky130_fd_sc_hd__nand2_1)
     3    0.01    0.14    0.17   17.63 v _16082_/Y (sky130_fd_sc_hd__nand2_1)
                                         _02113_ (net)
                  0.14    0.00   17.63 v _16155_/A3 (sky130_fd_sc_hd__o41ai_2)
     4    0.02    0.50    0.52   18.15 ^ _16155_/Y (sky130_fd_sc_hd__o41ai_2)
                                         _02186_ (net)
                  0.50    0.00   18.15 ^ _16156_/C (sky130_fd_sc_hd__nand3_1)
     1    0.01    0.21    0.25   18.39 v _16156_/Y (sky130_fd_sc_hd__nand3_1)
                                         _02187_ (net)
                  0.21    0.00   18.39 v _16217_/A2 (sky130_fd_sc_hd__a311oi_1)
     1    0.00    0.23    0.32   18.72 ^ _16217_/Y (sky130_fd_sc_hd__a311oi_1)
                                         _02248_ (net)
                  0.23    0.00   18.72 ^ _16239_/B (sky130_fd_sc_hd__nand4_1)
     1    0.00    0.11    0.14   18.86 v _16239_/Y (sky130_fd_sc_hd__nand4_1)
                                         _02270_ (net)
                  0.11    0.00   18.86 v place444/A (sky130_fd_sc_hd__buf_4)
    20    0.08    0.11    0.24   19.09 v place444/X (sky130_fd_sc_hd__buf_4)
                                         net443 (net)
                  0.11    0.01   19.10 v _16292_/S (sky130_fd_sc_hd__mux2i_1)
     1    0.00    0.06    0.14   19.24 v _16292_/Y (sky130_fd_sc_hd__mux2i_1)
                                         _02315_ (net)
                  0.06    0.00   19.24 v _16293_/C1 (sky130_fd_sc_hd__a221o_1)
     1    0.00    0.06    0.27   19.51 v _16293_/X (sky130_fd_sc_hd__a221o_1)
                                         _00737_ (net)
                  0.06    0.00   19.51 v mul_reduced_q[3]$_DFFE_PN0P_/D (sky130_fd_sc_hd__dfrtp_1)
                                 19.51   data arrival time

                  0.00   20.00   20.00   clock clk (rise edge)
                          0.00   20.00   clock network delay (ideal)
                         -0.25   19.75   clock uncertainty
                          0.00   19.75   clock reconvergence pessimism
                                 19.75 ^ mul_reduced_q[3]$_DFFE_PN0P_/CLK (sky130_fd_sc_hd__dfrtp_1)
                         -0.13   19.62   library setup time
                                 19.62   data required time
-----------------------------------------------------------------------------
                                 19.62   data required time
                                -19.51   data arrival time
-----------------------------------------------------------------------------
                                  0.11   slack (MET)



==========================================================================
detailed place report_check_types -max_slew -max_cap -max_fanout -violators
--------------------------------------------------------------------------

==========================================================================
detailed place max_slew_check_slack
--------------------------------------------------------------------------
0.09429468214511871

==========================================================================
detailed place max_slew_check_limit
--------------------------------------------------------------------------
1.4944789409637451

==========================================================================
detailed place max_slew_check_slack_limit
--------------------------------------------------------------------------
0.0631

==========================================================================
detailed place max_fanout_check_slack
--------------------------------------------------------------------------
1.0000000150474662e+30

==========================================================================
detailed place max_fanout_check_limit
--------------------------------------------------------------------------
1.0000000150474662e+30

==========================================================================
detailed place max_capacitance_check_slack
--------------------------------------------------------------------------
0.004489532206207514

==========================================================================
detailed place max_capacitance_check_limit
--------------------------------------------------------------------------
0.0860700011253357

==========================================================================
detailed place max_capacitance_check_slack_limit
--------------------------------------------------------------------------
0.0522

==========================================================================
detailed place max_slew_violation_count
--------------------------------------------------------------------------
max slew violation count 0

==========================================================================
detailed place max_fanout_violation_count
--------------------------------------------------------------------------
max fanout violation count 0

==========================================================================
detailed place max_cap_violation_count
--------------------------------------------------------------------------
max cap violation count 0

==========================================================================
detailed place setup_violation_count
--------------------------------------------------------------------------
setup violation count 0

==========================================================================
detailed place hold_violation_count
--------------------------------------------------------------------------
hold violation count 0

==========================================================================
detailed place report_checks -path_delay max reg to reg
--------------------------------------------------------------------------
Startpoint: coeff_a_q[1]$_DFFE_PN0P_
            (rising edge-triggered flip-flop clocked by clk)
Endpoint: mul_reduced_q[3]$_DFFE_PN0P_
          (rising edge-triggered flip-flop clocked by clk)
Path Group: clk
Path Type: max

  Delay    Time   Description
---------------------------------------------------------
   0.00    0.00   clock clk (rise edge)
   0.00    0.00   clock network delay (ideal)
   0.00    0.00 ^ coeff_a_q[1]$_DFFE_PN0P_/CLK (sky130_fd_sc_hd__dfrtp_1)
   0.47    0.47 v coeff_a_q[1]$_DFFE_PN0P_/Q (sky130_fd_sc_hd__dfrtp_1)
   0.34    0.81 ^ _18048_/SUM (sky130_fd_sc_hd__ha_1)
   0.05    0.86 v _10076_/Y (sky130_fd_sc_hd__inv_1)
   0.23    1.09 v _18022_/COUT (sky130_fd_sc_hd__ha_1)
   0.48    1.57 v _17761_/COUT (sky130_fd_sc_hd__fa_1)
   0.38    1.95 ^ _09746_/Y (sky130_fd_sc_hd__a211oi_2)
   0.21    2.16 ^ _09772_/X (sky130_fd_sc_hd__o21ba_1)
   0.26    2.42 ^ _09776_/X (sky130_fd_sc_hd__o221a_1)
   0.31    2.74 ^ _09777_/Y (sky130_fd_sc_hd__nor4b_1)
   0.15    2.89 v _09778_/Y (sky130_fd_sc_hd__nor3_1)
   0.48    3.37 ^ _09805_/Y (sky130_fd_sc_hd__o32ai_2)
   0.38    3.75 ^ _09826_/X (sky130_fd_sc_hd__and2_1)
   0.12    3.87 v _09880_/Y (sky130_fd_sc_hd__o211ai_1)
   0.31    4.18 ^ _09881_/Y (sky130_fd_sc_hd__o21ai_0)
   0.27    4.44 v _10004_/Y (sky130_fd_sc_hd__o21ai_0)
   0.48    4.92 v _17890_/COUT (sky130_fd_sc_hd__fa_1)
   0.47    5.39 v _17932_/COUT (sky130_fd_sc_hd__fa_1)
   0.52    5.91 ^ _17933_/SUM (sky130_fd_sc_hd__fa_1)
   0.45    6.36 v _17819_/SUM (sky130_fd_sc_hd__fa_1)
   0.49    6.85 v _17750_/SUM (sky130_fd_sc_hd__fa_1)
   0.23    7.08 v _18046_/COUT (sky130_fd_sc_hd__ha_1)
   0.51    7.59 v _09550_/X (sky130_fd_sc_hd__or4_1)
   0.33    7.91 ^ _09551_/Y (sky130_fd_sc_hd__o22ai_1)
   0.08    8.00 v _09573_/Y (sky130_fd_sc_hd__nor2_1)
   0.17    8.17 v _09574_/X (sky130_fd_sc_hd__o21a_1)
   0.11    8.27 ^ _09575_/Y (sky130_fd_sc_hd__nor2_1)
   0.39    8.67 ^ _09576_/X (sky130_fd_sc_hd__xor2_1)
   0.13    8.80 v _09577_/Y (sky130_fd_sc_hd__inv_1)
   0.50    9.31 v _17776_/SUM (sky130_fd_sc_hd__fa_1)
   0.54    9.84 ^ _17973_/SUM (sky130_fd_sc_hd__fa_1)
   0.45   10.29 v _17818_/SUM (sky130_fd_sc_hd__fa_1)
   0.58   10.87 ^ _17805_/SUM (sky130_fd_sc_hd__fa_1)
   0.43   11.29 v _17860_/SUM (sky130_fd_sc_hd__fa_1)
   0.24   11.53 v _18071_/COUT (sky130_fd_sc_hd__ha_1)
   0.33   11.86 ^ _09615_/Y (sky130_fd_sc_hd__nor4_1)
   0.14   12.00 v _09616_/Y (sky130_fd_sc_hd__o211ai_1)
   0.31   12.31 ^ _09617_/Y (sky130_fd_sc_hd__a21oi_1)
   0.13   12.44 v _15969_/Y (sky130_fd_sc_hd__o21bai_1)
   0.19   12.63 v _15970_/X (sky130_fd_sc_hd__a21o_1)
   0.17   12.80 v _15971_/X (sky130_fd_sc_hd__a21o_1)
   0.17   12.96 v _15972_/X (sky130_fd_sc_hd__a21o_1)
   0.18   13.14 v _15973_/X (sky130_fd_sc_hd__a21o_1)
   0.18   13.32 ^ _15974_/Y (sky130_fd_sc_hd__a21oi_1)
   0.22   13.53 v _15975_/Y (sky130_fd_sc_hd__xnor2_1)
   0.62   14.15 ^ _17947_/SUM (sky130_fd_sc_hd__fa_1)
   0.07   14.23 v _10091_/Y (sky130_fd_sc_hd__inv_1)
   0.51   14.74 ^ _17802_/SUM (sky130_fd_sc_hd__fa_1)
   0.05   14.79 v _10110_/Y (sky130_fd_sc_hd__inv_1)
   0.31   15.10 v _18357_/SUM (sky130_fd_sc_hd__ha_1)
   0.41   15.52 ^ _18353_/SUM (sky130_fd_sc_hd__ha_1)
   0.12   15.64 v _09568_/Y (sky130_fd_sc_hd__inv_1)
   0.23   15.87 v _18091_/COUT (sky130_fd_sc_hd__ha_1)
   0.27   16.13 v _09499_/X (sky130_fd_sc_hd__or2_1)
   0.49   16.62 v _17959_/COUT (sky130_fd_sc_hd__fa_1)
   0.37   17.00 ^ _16052_/Y (sky130_fd_sc_hd__a211oi_1)
   0.10   17.09 v _16079_/Y (sky130_fd_sc_hd__nor2_1)
   0.36   17.45 ^ _16080_/Y (sky130_fd_sc_hd__xnor2_1)
   0.17   17.63 v _16082_/Y (sky130_fd_sc_hd__nand2_1)
   0.52   18.15 ^ _16155_/Y (sky130_fd_sc_hd__o41ai_2)
   0.25   18.39 v _16156_/Y (sky130_fd_sc_hd__nand3_1)
   0.33   18.72 ^ _16217_/Y (sky130_fd_sc_hd__a311oi_1)
   0.14   18.86 v _16239_/Y (sky130_fd_sc_hd__nand4_1)
   0.24   19.09 v place444/X (sky130_fd_sc_hd__buf_4)
   0.15   19.24 v _16292_/Y (sky130_fd_sc_hd__mux2i_1)
   0.27   19.51 v _16293_/X (sky130_fd_sc_hd__a221o_1)
   0.00   19.51 v mul_reduced_q[3]$_DFFE_PN0P_/D (sky130_fd_sc_hd__dfrtp_1)
          19.51   data arrival time

  20.00   20.00   clock clk (rise edge)
   0.00   20.00   clock network delay (ideal)
  -0.25   19.75   clock uncertainty
   0.00   19.75   clock reconvergence pessimism
          19.75 ^ mul_reduced_q[3]$_DFFE_PN0P_/CLK (sky130_fd_sc_hd__dfrtp_1)
  -0.13   19.62   library setup time
          19.62   data required time
---------------------------------------------------------
          19.62   data required time
         -19.51   data arrival time
---------------------------------------------------------
           0.11   slack (MET)



==========================================================================
detailed place report_checks -path_delay min reg to reg
--------------------------------------------------------------------------
Startpoint: st[13]$_DFF_PN0_ (rising edge-triggered flip-flop clocked by clk)
Endpoint: done$_DFF_PN0_ (rising edge-triggered flip-flop clocked by clk)
Path Group: clk
Path Type: min

  Delay    Time   Description
---------------------------------------------------------
   0.00    0.00   clock clk (rise edge)
   0.00    0.00   clock network delay (ideal)
   0.00    0.00 ^ st[13]$_DFF_PN0_/CLK (sky130_fd_sc_hd__dfrtp_1)
   0.32    0.32 ^ st[13]$_DFF_PN0_/Q (sky130_fd_sc_hd__dfrtp_1)
   0.00    0.32 ^ done$_DFF_PN0_/D (sky130_fd_sc_hd__dfrtp_1)
           0.32   data arrival time

   0.00    0.00   clock clk (rise edge)
   0.00    0.00   clock network delay (ideal)
   0.25    0.25   clock uncertainty
   0.00    0.25   clock reconvergence pessimism
           0.25 ^ done$_DFF_PN0_/CLK (sky130_fd_sc_hd__dfrtp_1)
  -0.05    0.20   library hold time
           0.20   data required time
---------------------------------------------------------
           0.20   data required time
          -0.32   data arrival time
---------------------------------------------------------
           0.12   slack (MET)



==========================================================================
detailed place critical path target clock latency max path
--------------------------------------------------------------------------
0.0000

==========================================================================
detailed place critical path target clock latency min path
--------------------------------------------------------------------------
0.0000

==========================================================================
detailed place critical path source clock latency min path
--------------------------------------------------------------------------
0.0000

==========================================================================
detailed place critical path delay
--------------------------------------------------------------------------
19.5084

==========================================================================
detailed place critical path slack
--------------------------------------------------------------------------
0.1123

==========================================================================
detailed place slack div critical path delay
--------------------------------------------------------------------------
0.575649

==========================================================================
detailed place report_power
--------------------------------------------------------------------------
Group                  Internal  Switching    Leakage      Total
                          Power      Power      Power      Power (Watts)
----------------------------------------------------------------
Sequential             7.57e-03   0.00e+00   2.97e-08   7.57e-03  98.1%
Combinational          1.50e-05   1.33e-04   2.43e-08   1.48e-04   1.9%
Clock                  0.00e+00   0.00e+00   0.00e+00   0.00e+00   0.0%
Macro                  0.00e+00   0.00e+00   0.00e+00   0.00e+00   0.0%
Pad                    0.00e+00   0.00e+00   0.00e+00   0.00e+00   0.0%
----------------------------------------------------------------
Total                  7.58e-03   1.33e-04   5.40e-08   7.71e-03 100.0%
                          98.3%       1.7%       0.0%
