
==========================================================================
cts final report_tns
--------------------------------------------------------------------------
tns max 0.00

==========================================================================
cts final report_wns
--------------------------------------------------------------------------
wns max 0.00

==========================================================================
cts final report_worst_slack
--------------------------------------------------------------------------
worst slack max 0.00

==========================================================================
cts final report_clock_min_period
--------------------------------------------------------------------------
clk period_min = 20.00 fmax = 50.01

==========================================================================
cts final report_clock_skew
--------------------------------------------------------------------------
Clock clk
   0.95 source latency scale_index[0]$_DFFE_PN0P_/CLK ^
  -0.90 target latency u_coeff_ram.mem[62][8]$_DFFE_PP_/CLK ^
   0.25 clock uncertainty
   0.00 CRPR
--------------
   0.30 setup skew


==========================================================================
cts final report_checks -path_delay min
--------------------------------------------------------------------------
Startpoint: st[13]$_DFF_PN0_ (rising edge-triggered flip-flop clocked by clk)
Endpoint: done$_DFF_PN0_ (rising edge-triggered flip-flop clocked by clk)
Path Group: clk
Path Type: min

Fanout     Cap    Slew   Delay    Time   Description
-----------------------------------------------------------------------------
                          0.00    0.00   clock clk (rise edge)
                          0.00    0.00   clock source latency
     1    0.12    0.00    0.00    0.00 ^ clk (in)
                                         clk (net)
                  0.01    0.00    0.00 ^ clkbuf_0_clk/A (sky130_fd_sc_hd__clkbuf_16)
     8    0.24    0.25    0.26    0.27 ^ clkbuf_0_clk/X (sky130_fd_sc_hd__clkbuf_16)
                                         clknet_0_clk (net)
                  0.25    0.01    0.27 ^ clkbuf_3_5_0_clk/A (sky130_fd_sc_hd__clkbuf_16)
     4    0.08    0.10    0.24    0.51 ^ clkbuf_3_5_0_clk/X (sky130_fd_sc_hd__clkbuf_16)
                                         clknet_3_5_0_clk (net)
                  0.10    0.00    0.51 ^ clkbuf_5_23__f_clk/A (sky130_fd_sc_hd__clkbuf_16)
     8    0.13    0.14    0.23    0.74 ^ clkbuf_5_23__f_clk/X (sky130_fd_sc_hd__clkbuf_16)
                                         clknet_5_23__leaf_clk (net)
                  0.14    0.00    0.74 ^ clkbuf_leaf_183_clk/A (sky130_fd_sc_hd__clkbuf_16)
     8    0.03    0.05    0.17    0.91 ^ clkbuf_leaf_183_clk/X (sky130_fd_sc_hd__clkbuf_16)
                                         clknet_leaf_183_clk (net)
                  0.05    0.00    0.92 ^ st[13]$_DFF_PN0_/CLK (sky130_fd_sc_hd__dfrtp_1)
     2    0.01    0.07    0.34    1.25 ^ st[13]$_DFF_PN0_/Q (sky130_fd_sc_hd__dfrtp_1)
                                         st[13] (net)
                  0.07    0.00    1.25 ^ done$_DFF_PN0_/D (sky130_fd_sc_hd__dfrtp_1)
                                  1.25   data arrival time

                          0.00    0.00   clock clk (rise edge)
                          0.00    0.00   clock source latency
     1    0.12    0.00    0.00    0.00 ^ clk (in)
                                         clk (net)
                  0.01    0.00    0.00 ^ clkbuf_0_clk/A (sky130_fd_sc_hd__clkbuf_16)
     8    0.24    0.25    0.26    0.27 ^ clkbuf_0_clk/X (sky130_fd_sc_hd__clkbuf_16)
                                         clknet_0_clk (net)
                  0.25    0.01    0.27 ^ clkbuf_3_5_0_clk/A (sky130_fd_sc_hd__clkbuf_16)
     4    0.08    0.10    0.24    0.51 ^ clkbuf_3_5_0_clk/X (sky130_fd_sc_hd__clkbuf_16)
                                         clknet_3_5_0_clk (net)
                  0.10    0.00    0.51 ^ clkbuf_5_23__f_clk/A (sky130_fd_sc_hd__clkbuf_16)
     8    0.13    0.14    0.23    0.74 ^ clkbuf_5_23__f_clk/X (sky130_fd_sc_hd__clkbuf_16)
                                         clknet_5_23__leaf_clk (net)
                  0.14    0.00    0.74 ^ clkbuf_leaf_183_clk/A (sky130_fd_sc_hd__clkbuf_16)
     8    0.03    0.05    0.17    0.91 ^ clkbuf_leaf_183_clk/X (sky130_fd_sc_hd__clkbuf_16)
                                         clknet_leaf_183_clk (net)
                  0.05    0.00    0.92 ^ done$_DFF_PN0_/CLK (sky130_fd_sc_hd__dfrtp_1)
                          0.25    1.17   clock uncertainty
                          0.00    1.17   clock reconvergence pessimism
                         -0.04    1.13   library hold time
                                  1.13   data required time
-----------------------------------------------------------------------------
                                  1.13   data required time
                                 -1.25   data arrival time
-----------------------------------------------------------------------------
                                  0.13   slack (MET)



==========================================================================
cts final report_checks -path_delay max
--------------------------------------------------------------------------
Startpoint: coeff_a_q[1]$_DFFE_PN0P_
            (rising edge-triggered flip-flop clocked by clk)
Endpoint: mul_reduced_q[3]$_DFFE_PN0P_
          (rising edge-triggered flip-flop clocked by clk)
Path Group: clk
Path Type: max

Fanout     Cap    Slew   Delay    Time   Description
-----------------------------------------------------------------------------
                          0.00    0.00   clock clk (rise edge)
                          0.00    0.00   clock source latency
     1    0.12    0.00    0.00    0.00 ^ clk (in)
                                         clk (net)
                  0.01    0.00    0.00 ^ clkbuf_0_clk/A (sky130_fd_sc_hd__clkbuf_16)
     8    0.24    0.25    0.26    0.27 ^ clkbuf_0_clk/X (sky130_fd_sc_hd__clkbuf_16)
                                         clknet_0_clk (net)
                  0.25    0.01    0.27 ^ clkbuf_3_5_0_clk/A (sky130_fd_sc_hd__clkbuf_16)
     4    0.08    0.10    0.24    0.51 ^ clkbuf_3_5_0_clk/X (sky130_fd_sc_hd__clkbuf_16)
                                         clknet_3_5_0_clk (net)
                  0.10    0.00    0.51 ^ clkbuf_5_20__f_clk/A (sky130_fd_sc_hd__clkbuf_16)
     7    0.15    0.16    0.24    0.75 ^ clkbuf_5_20__f_clk/X (sky130_fd_sc_hd__clkbuf_16)
                                         clknet_5_20__leaf_clk (net)
                  0.16    0.00    0.76 ^ clkbuf_leaf_228_clk/A (sky130_fd_sc_hd__clkbuf_16)
     9    0.04    0.06    0.18    0.94 ^ clkbuf_leaf_228_clk/X (sky130_fd_sc_hd__clkbuf_16)
                                         clknet_leaf_228_clk (net)
                  0.06    0.00    0.94 ^ coeff_a_q[1]$_DFFE_PN0P_/CLK (sky130_fd_sc_hd__dfrtp_1)
     6    0.03    0.17    0.49    1.43 v coeff_a_q[1]$_DFFE_PN0P_/Q (sky130_fd_sc_hd__dfrtp_1)
                                         coeff_a_q[1] (net)
                  0.17    0.00    1.43 v _18048_/A (sky130_fd_sc_hd__ha_1)
     2    0.01    0.06    0.34    1.77 ^ _18048_/SUM (sky130_fd_sc_hd__ha_1)
                                         _00295_ (net)
                  0.06    0.00    1.77 ^ _10076_/A (sky130_fd_sc_hd__inv_1)
     2    0.01    0.04    0.05    1.82 v _10076_/Y (sky130_fd_sc_hd__inv_1)
                                         _00244_ (net)
                  0.04    0.00    1.82 v _18022_/B (sky130_fd_sc_hd__ha_1)
     3    0.02    0.10    0.23    2.05 v _18022_/COUT (sky130_fd_sc_hd__ha_1)
                                         _00043_ (net)
                  0.10    0.00    2.05 v _17761_/A (sky130_fd_sc_hd__fa_1)
     2    0.01    0.11    0.48    2.54 v _17761_/COUT (sky130_fd_sc_hd__fa_1)
                                         _00045_ (net)
                  0.11    0.00    2.54 v _09746_/A2 (sky130_fd_sc_hd__a211oi_2)
     5    0.02    0.33    0.37    2.91 ^ _09746_/Y (sky130_fd_sc_hd__a211oi_2)
                                         _03515_ (net)
                  0.33    0.00    2.91 ^ _09772_/A1 (sky130_fd_sc_hd__o21ba_1)
     2    0.01    0.08    0.21    3.12 ^ _09772_/X (sky130_fd_sc_hd__o21ba_1)
                                         _03541_ (net)
                  0.08    0.00    3.12 ^ _09776_/A2 (sky130_fd_sc_hd__o221a_1)
     5    0.02    0.16    0.27    3.39 ^ _09776_/X (sky130_fd_sc_hd__o221a_1)
                                         _03545_ (net)
                  0.16    0.00    3.39 ^ _09777_/D_N (sky130_fd_sc_hd__nor4b_1)
     1    0.01    0.32    0.31    3.70 ^ _09777_/Y (sky130_fd_sc_hd__nor4b_1)
                                         _03546_ (net)
                  0.32    0.00    3.70 ^ _09778_/C (sky130_fd_sc_hd__nor3_1)
     4    0.01    0.15    0.15    3.85 v _09778_/Y (sky130_fd_sc_hd__nor3_1)
                                         _03547_ (net)
                  0.15    0.00    3.85 v _09805_/A2 (sky130_fd_sc_hd__o32ai_2)
     6    0.02    0.46    0.49    4.34 ^ _09805_/Y (sky130_fd_sc_hd__o32ai_2)
                                         _03573_ (net)
                  0.46    0.00    4.34 ^ _09826_/B (sky130_fd_sc_hd__and2_1)
     8    0.03    0.30    0.38    4.72 ^ _09826_/X (sky130_fd_sc_hd__and2_1)
                                         _03591_ (net)
                  0.30    0.00    4.72 ^ _09880_/A2 (sky130_fd_sc_hd__o211ai_1)
     1    0.00    0.15    0.12    4.85 v _09880_/Y (sky130_fd_sc_hd__o211ai_1)
                                         _03638_ (net)
                  0.15    0.00    4.85 v _09881_/B1 (sky130_fd_sc_hd__o21ai_0)
     5    0.02    0.68    0.31    5.16 ^ _09881_/Y (sky130_fd_sc_hd__o21ai_0)
                                         _03639_ (net)
                  0.68    0.00    5.16 ^ _10004_/A1 (sky130_fd_sc_hd__o21ai_0)
     1    0.01    0.18    0.27    5.42 v _10004_/Y (sky130_fd_sc_hd__o21ai_0)
                                         _00099_ (net)
                  0.18    0.00    5.42 v _17890_/B (sky130_fd_sc_hd__fa_1)
     1    0.01    0.10    0.48    5.90 v _17890_/COUT (sky130_fd_sc_hd__fa_1)
                                         _09110_ (net)
                  0.10    0.00    5.90 v _17932_/A (sky130_fd_sc_hd__fa_1)
     1    0.01    0.10    0.47    6.37 v _17932_/COUT (sky130_fd_sc_hd__fa_1)
                                         _09192_ (net)
                  0.10    0.00    6.37 v _17933_/CIN (sky130_fd_sc_hd__fa_1)
     1    0.01    0.08    0.52    6.88 ^ _17933_/SUM (sky130_fd_sc_hd__fa_1)
                                         _08893_ (net)
                  0.08    0.00    6.88 ^ _17819_/CIN (sky130_fd_sc_hd__fa_1)
     1    0.01    0.11    0.45    7.34 v _17819_/SUM (sky130_fd_sc_hd__fa_1)
                                         _08658_ (net)
                  0.11    0.00    7.34 v _17750_/B (sky130_fd_sc_hd__fa_1)
     1    0.01    0.10    0.50    7.83 v _17750_/SUM (sky130_fd_sc_hd__fa_1)
                                         _08661_ (net)
                  0.10    0.00    7.83 v _18046_/B (sky130_fd_sc_hd__ha_1)
     4    0.01    0.08    0.24    8.07 v _18046_/COUT (sky130_fd_sc_hd__ha_1)
                                         _00287_ (net)
                  0.08    0.00    8.07 v _09550_/B (sky130_fd_sc_hd__or4_1)
     1    0.00    0.09    0.51    8.58 v _09550_/X (sky130_fd_sc_hd__or4_1)
                                         _03394_ (net)
                  0.09    0.00    8.58 v _09551_/B2 (sky130_fd_sc_hd__o22ai_1)
     4    0.02    0.40    0.33    8.92 ^ _09551_/Y (sky130_fd_sc_hd__o22ai_1)
                                         _03395_ (net)
                  0.40    0.00    8.92 ^ _10081_/A1 (sky130_fd_sc_hd__o21ai_0)
     1    0.00    0.10    0.17    9.08 v _10081_/Y (sky130_fd_sc_hd__o21ai_0)
                                         _03682_ (net)
                  0.10    0.00    9.08 v _10082_/A2 (sky130_fd_sc_hd__o21ai_0)
     1    0.00    0.14    0.17    9.25 ^ _10082_/Y (sky130_fd_sc_hd__o21ai_0)
                                         _03683_ (net)
                  0.14    0.00    9.25 ^ _10083_/B (sky130_fd_sc_hd__nand2b_1)
     1    0.01    0.06    0.09    9.34 v _10083_/Y (sky130_fd_sc_hd__nand2b_1)
                                         _03684_ (net)
                  0.06    0.00    9.34 v _10084_/B (sky130_fd_sc_hd__xnor2_1)
     2    0.02    0.45    0.39    9.73 ^ _10084_/Y (sky130_fd_sc_hd__xnor2_1)
                                         _00063_ (net)
                  0.45    0.00    9.73 ^ _10085_/A (sky130_fd_sc_hd__inv_1)
     6    0.05    0.26    0.33   10.05 v _10085_/Y (sky130_fd_sc_hd__inv_1)
                                         g_b1.u_red.a[15] (net)
                  0.26    0.00   10.05 v _17772_/A (sky130_fd_sc_hd__fa_1)
     2    0.01    0.12    0.66   10.71 ^ _17772_/SUM (sky130_fd_sc_hd__fa_1)
                                         _08731_ (net)
                  0.12    0.00   10.71 ^ _17969_/B (sky130_fd_sc_hd__fa_1)
     1    0.01    0.10    0.46   11.17 v _17969_/SUM (sky130_fd_sc_hd__fa_1)
                                         _08866_ (net)
                  0.10    0.00   11.17 v _17813_/CIN (sky130_fd_sc_hd__fa_1)
     1    0.01    0.10    0.48   11.65 v _17813_/SUM (sky130_fd_sc_hd__fa_1)
                                         _08868_ (net)
                  0.10    0.00   11.65 v _17853_/A (sky130_fd_sc_hd__fa_1)
     1    0.01    0.09    0.58   12.24 ^ _17853_/SUM (sky130_fd_sc_hd__fa_1)
                                         _08855_ (net)
                  0.09    0.00   12.24 ^ _17811_/B (sky130_fd_sc_hd__fa_1)
     1    0.00    0.08    0.43   12.66 v _17811_/SUM (sky130_fd_sc_hd__fa_1)
                                         _08858_ (net)
                  0.08    0.00   12.66 v _18355_/A (sky130_fd_sc_hd__ha_1)
     3    0.01    0.09    0.34   13.01 v _18355_/SUM (sky130_fd_sc_hd__ha_1)
                                         _00663_ (net)
                  0.09    0.00   13.01 v _09630_/A1 (sky130_fd_sc_hd__a21oi_1)
     1    0.00    0.09    0.13   13.13 ^ _09630_/Y (sky130_fd_sc_hd__a21oi_1)
                                         _03441_ (net)
                  0.09    0.00   13.13 ^ _09631_/B1 (sky130_fd_sc_hd__o21ai_0)
     2    0.01    0.13    0.14   13.27 v _09631_/Y (sky130_fd_sc_hd__o21ai_0)
                                         _03442_ (net)
                  0.13    0.00   13.27 v _15969_/B1_N (sky130_fd_sc_hd__o21bai_1)
     1    0.00    0.08    0.19   13.46 v _15969_/Y (sky130_fd_sc_hd__o21bai_1)
                                         _02018_ (net)
                  0.08    0.00   13.46 v _15970_/A2 (sky130_fd_sc_hd__a21o_1)
     1    0.00    0.04    0.19   13.65 v _15970_/X (sky130_fd_sc_hd__a21o_1)
                                         _02019_ (net)
                  0.04    0.00   13.65 v _15971_/A2 (sky130_fd_sc_hd__a21o_1)
     1    0.00    0.03    0.17   13.82 v _15971_/X (sky130_fd_sc_hd__a21o_1)
                                         _02020_ (net)
                  0.03    0.00   13.82 v _15972_/A2 (sky130_fd_sc_hd__a21o_1)
     1    0.00    0.04    0.17   13.99 v _15972_/X (sky130_fd_sc_hd__a21o_1)
                                         _02021_ (net)
                  0.04    0.00   13.99 v _15973_/A2 (sky130_fd_sc_hd__a21o_1)
     1    0.00    0.04    0.18   14.16 v _15973_/X (sky130_fd_sc_hd__a21o_1)
                                         _02022_ (net)
                  0.04    0.00   14.16 v _15974_/A2 (sky130_fd_sc_hd__a21oi_1)
     1    0.01    0.16    0.18   14.34 ^ _15974_/Y (sky130_fd_sc_hd__a21oi_1)
                                         _02023_ (net)
                  0.16    0.00   14.34 ^ _15975_/B (sky130_fd_sc_hd__xnor2_1)
     2    0.03    0.22    0.22   14.56 v _15975_/Y (sky130_fd_sc_hd__xnor2_1)
                                         g_b1.u_red.prod[24] (net)
                  0.22    0.00   14.56 v _17947_/A (sky130_fd_sc_hd__fa_1)
     2    0.01    0.09    0.62   15.17 ^ _17947_/SUM (sky130_fd_sc_hd__fa_1)
                                         _00171_ (net)
                  0.09    0.00   15.17 ^ _10091_/A (sky130_fd_sc_hd__inv_1)
     2    0.01    0.05    0.07   15.25 v _10091_/Y (sky130_fd_sc_hd__inv_1)
                                         _00051_ (net)
                  0.05    0.00   15.25 v _17802_/CIN (sky130_fd_sc_hd__fa_1)
     2    0.01    0.10    0.51   15.76 ^ _17802_/SUM (sky130_fd_sc_hd__fa_1)
                                         _00052_ (net)
                  0.10    0.00   15.76 ^ _10110_/A (sky130_fd_sc_hd__inv_1)
     1    0.00    0.04    0.05   15.82 v _10110_/Y (sky130_fd_sc_hd__inv_1)
                                         _00666_ (net)
                  0.04    0.00   15.82 v _18357_/A (sky130_fd_sc_hd__ha_1)
     2    0.01    0.07    0.31   16.12 v _18357_/SUM (sky130_fd_sc_hd__ha_1)
                                         _00659_ (net)
                  0.07    0.00   16.12 v _18353_/A (sky130_fd_sc_hd__ha_1)
     5    0.02    0.22    0.42   16.54 ^ _18353_/SUM (sky130_fd_sc_hd__ha_1)
                                         _00230_ (net)
                  0.22    0.00   16.54 ^ _09568_/A (sky130_fd_sc_hd__inv_1)
     4    0.01    0.09    0.12   16.66 v _09568_/Y (sky130_fd_sc_hd__inv_1)
                                         g_b1.u_red.r0[0] (net)
                  0.09    0.00   16.66 v _18091_/A (sky130_fd_sc_hd__ha_1)
     2    0.01    0.06    0.23   16.89 v _18091_/COUT (sky130_fd_sc_hd__ha_1)
                                         _00341_ (net)
                  0.06    0.00   16.89 v _09499_/A (sky130_fd_sc_hd__or2_1)
     2    0.01    0.08    0.27   17.16 v _09499_/X (sky130_fd_sc_hd__or2_1)
                                         _00197_ (net)
                  0.08    0.00   17.16 v _17959_/A (sky130_fd_sc_hd__fa_1)
     3    0.01    0.12    0.49   17.65 v _17959_/COUT (sky130_fd_sc_hd__fa_1)
                                         _00199_ (net)
                  0.12    0.00   17.65 v _16052_/A1 (sky130_fd_sc_hd__a211oi_1)
     3    0.01    0.39    0.38   18.04 ^ _16052_/Y (sky130_fd_sc_hd__a211oi_1)
                                         _02083_ (net)
                  0.39    0.00   18.04 ^ _16079_/B (sky130_fd_sc_hd__nor2_1)
     1    0.01    0.09    0.10   18.13 v _16079_/Y (sky130_fd_sc_hd__nor2_1)
                                         _02110_ (net)
                  0.09    0.00   18.13 v _16080_/B (sky130_fd_sc_hd__xnor2_1)
     5    0.02    0.40    0.36   18.49 ^ _16080_/Y (sky130_fd_sc_hd__xnor2_1)
                                         _02111_ (net)
                  0.40    0.00   18.49 ^ _16082_/A (sky130_fd_sc_hd__nand2_1)
     3    0.01    0.14    0.17   18.67 v _16082_/Y (sky130_fd_sc_hd__nand2_1)
                                         _02113_ (net)
                  0.14    0.00   18.67 v _16155_/A3 (sky130_fd_sc_hd__o41ai_2)
     4    0.02    0.51    0.53   19.19 ^ _16155_/Y (sky130_fd_sc_hd__o41ai_2)
                                         _02186_ (net)
                  0.51    0.00   19.19 ^ _16156_/C (sky130_fd_sc_hd__nand3_1)
     1    0.01    0.21    0.25   19.44 v _16156_/Y (sky130_fd_sc_hd__nand3_1)
                                         _02187_ (net)
                  0.21    0.00   19.44 v _16217_/A2 (sky130_fd_sc_hd__a311oi_1)
     1    0.00    0.24    0.33   19.77 ^ _16217_/Y (sky130_fd_sc_hd__a311oi_1)
                                         _02248_ (net)
                  0.24    0.00   19.77 ^ _16239_/B (sky130_fd_sc_hd__nand4_1)
     1    0.00    0.11    0.14   19.92 v _16239_/Y (sky130_fd_sc_hd__nand4_1)
                                         _02270_ (net)
                  0.11    0.00   19.92 v place444/A (sky130_fd_sc_hd__buf_4)
    20    0.08    0.11    0.24   20.15 v place444/X (sky130_fd_sc_hd__buf_4)
                                         net443 (net)
                  0.11    0.01   20.16 v _16292_/S (sky130_fd_sc_hd__mux2i_1)
     1    0.00    0.06    0.14   20.30 v _16292_/Y (sky130_fd_sc_hd__mux2i_1)
                                         _02315_ (net)
                  0.06    0.00   20.30 v _16293_/C1 (sky130_fd_sc_hd__a221o_1)
     1    0.00    0.06    0.27   20.56 v _16293_/X (sky130_fd_sc_hd__a221o_1)
                                         _00737_ (net)
                  0.06    0.00   20.57 v mul_reduced_q[3]$_DFFE_PN0P_/D (sky130_fd_sc_hd__dfrtp_1)
                                 20.57   data arrival time

                         20.00   20.00   clock clk (rise edge)
                          0.00   20.00   clock source latency
     1    0.12    0.00    0.00   20.00 ^ clk (in)
                                         clk (net)
                  0.01    0.00   20.00 ^ clkbuf_0_clk/A (sky130_fd_sc_hd__clkbuf_16)
     8    0.24    0.25    0.26   20.27 ^ clkbuf_0_clk/X (sky130_fd_sc_hd__clkbuf_16)
                                         clknet_0_clk (net)
                  0.25    0.01   20.27 ^ clkbuf_3_5_0_clk/A (sky130_fd_sc_hd__clkbuf_16)
     4    0.08    0.10    0.24   20.51 ^ clkbuf_3_5_0_clk/X (sky130_fd_sc_hd__clkbuf_16)
                                         clknet_3_5_0_clk (net)
                  0.10    0.00   20.51 ^ clkbuf_5_20__f_clk/A (sky130_fd_sc_hd__clkbuf_16)
     7    0.15    0.16    0.24   20.75 ^ clkbuf_5_20__f_clk/X (sky130_fd_sc_hd__clkbuf_16)
                                         clknet_5_20__leaf_clk (net)
                  0.16    0.00   20.76 ^ clkbuf_leaf_233_clk/A (sky130_fd_sc_hd__clkbuf_16)
     7    0.03    0.05    0.18   20.93 ^ clkbuf_leaf_233_clk/X (sky130_fd_sc_hd__clkbuf_16)
                                         clknet_leaf_233_clk (net)
                  0.05    0.00   20.93 ^ mul_reduced_q[3]$_DFFE_PN0P_/CLK (sky130_fd_sc_hd__dfrtp_1)
                         -0.25   20.68   clock uncertainty
                          0.00   20.68   clock reconvergence pessimism
                         -0.12   20.57   library setup time
                                 20.57   data required time
-----------------------------------------------------------------------------
                                 20.57   data required time
                                -20.57   data arrival time
-----------------------------------------------------------------------------
                                  0.00   slack (MET)



==========================================================================
cts final report_checks -unconstrained
--------------------------------------------------------------------------
Startpoint: coeff_a_q[1]$_DFFE_PN0P_
            (rising edge-triggered flip-flop clocked by clk)
Endpoint: mul_reduced_q[3]$_DFFE_PN0P_
          (rising edge-triggered flip-flop clocked by clk)
Path Group: clk
Path Type: max

Fanout     Cap    Slew   Delay    Time   Description
-----------------------------------------------------------------------------
                          0.00    0.00   clock clk (rise edge)
                          0.00    0.00   clock source latency
     1    0.12    0.00    0.00    0.00 ^ clk (in)
                                         clk (net)
                  0.01    0.00    0.00 ^ clkbuf_0_clk/A (sky130_fd_sc_hd__clkbuf_16)
     8    0.24    0.25    0.26    0.27 ^ clkbuf_0_clk/X (sky130_fd_sc_hd__clkbuf_16)
                                         clknet_0_clk (net)
                  0.25    0.01    0.27 ^ clkbuf_3_5_0_clk/A (sky130_fd_sc_hd__clkbuf_16)
     4    0.08    0.10    0.24    0.51 ^ clkbuf_3_5_0_clk/X (sky130_fd_sc_hd__clkbuf_16)
                                         clknet_3_5_0_clk (net)
                  0.10    0.00    0.51 ^ clkbuf_5_20__f_clk/A (sky130_fd_sc_hd__clkbuf_16)
     7    0.15    0.16    0.24    0.75 ^ clkbuf_5_20__f_clk/X (sky130_fd_sc_hd__clkbuf_16)
                                         clknet_5_20__leaf_clk (net)
                  0.16    0.00    0.76 ^ clkbuf_leaf_228_clk/A (sky130_fd_sc_hd__clkbuf_16)
     9    0.04    0.06    0.18    0.94 ^ clkbuf_leaf_228_clk/X (sky130_fd_sc_hd__clkbuf_16)
                                         clknet_leaf_228_clk (net)
                  0.06    0.00    0.94 ^ coeff_a_q[1]$_DFFE_PN0P_/CLK (sky130_fd_sc_hd__dfrtp_1)
     6    0.03    0.17    0.49    1.43 v coeff_a_q[1]$_DFFE_PN0P_/Q (sky130_fd_sc_hd__dfrtp_1)
                                         coeff_a_q[1] (net)
                  0.17    0.00    1.43 v _18048_/A (sky130_fd_sc_hd__ha_1)
     2    0.01    0.06    0.34    1.77 ^ _18048_/SUM (sky130_fd_sc_hd__ha_1)
                                         _00295_ (net)
                  0.06    0.00    1.77 ^ _10076_/A (sky130_fd_sc_hd__inv_1)
     2    0.01    0.04    0.05    1.82 v _10076_/Y (sky130_fd_sc_hd__inv_1)
                                         _00244_ (net)
                  0.04    0.00    1.82 v _18022_/B (sky130_fd_sc_hd__ha_1)
     3    0.02    0.10    0.23    2.05 v _18022_/COUT (sky130_fd_sc_hd__ha_1)
                                         _00043_ (net)
                  0.10    0.00    2.05 v _17761_/A (sky130_fd_sc_hd__fa_1)
     2    0.01    0.11    0.48    2.54 v _17761_/COUT (sky130_fd_sc_hd__fa_1)
                                         _00045_ (net)
                  0.11    0.00    2.54 v _09746_/A2 (sky130_fd_sc_hd__a211oi_2)
     5    0.02    0.33    0.37    2.91 ^ _09746_/Y (sky130_fd_sc_hd__a211oi_2)
                                         _03515_ (net)
                  0.33    0.00    2.91 ^ _09772_/A1 (sky130_fd_sc_hd__o21ba_1)
     2    0.01    0.08    0.21    3.12 ^ _09772_/X (sky130_fd_sc_hd__o21ba_1)
                                         _03541_ (net)
                  0.08    0.00    3.12 ^ _09776_/A2 (sky130_fd_sc_hd__o221a_1)
     5    0.02    0.16    0.27    3.39 ^ _09776_/X (sky130_fd_sc_hd__o221a_1)
                                         _03545_ (net)
                  0.16    0.00    3.39 ^ _09777_/D_N (sky130_fd_sc_hd__nor4b_1)
     1    0.01    0.32    0.31    3.70 ^ _09777_/Y (sky130_fd_sc_hd__nor4b_1)
                                         _03546_ (net)
                  0.32    0.00    3.70 ^ _09778_/C (sky130_fd_sc_hd__nor3_1)
     4    0.01    0.15    0.15    3.85 v _09778_/Y (sky130_fd_sc_hd__nor3_1)
                                         _03547_ (net)
                  0.15    0.00    3.85 v _09805_/A2 (sky130_fd_sc_hd__o32ai_2)
     6    0.02    0.46    0.49    4.34 ^ _09805_/Y (sky130_fd_sc_hd__o32ai_2)
                                         _03573_ (net)
                  0.46    0.00    4.34 ^ _09826_/B (sky130_fd_sc_hd__and2_1)
     8    0.03    0.30    0.38    4.72 ^ _09826_/X (sky130_fd_sc_hd__and2_1)
                                         _03591_ (net)
                  0.30    0.00    4.72 ^ _09880_/A2 (sky130_fd_sc_hd__o211ai_1)
     1    0.00    0.15    0.12    4.85 v _09880_/Y (sky130_fd_sc_hd__o211ai_1)
                                         _03638_ (net)
                  0.15    0.00    4.85 v _09881_/B1 (sky130_fd_sc_hd__o21ai_0)
     5    0.02    0.68    0.31    5.16 ^ _09881_/Y (sky130_fd_sc_hd__o21ai_0)
                                         _03639_ (net)
                  0.68    0.00    5.16 ^ _10004_/A1 (sky130_fd_sc_hd__o21ai_0)
     1    0.01    0.18    0.27    5.42 v _10004_/Y (sky130_fd_sc_hd__o21ai_0)
                                         _00099_ (net)
                  0.18    0.00    5.42 v _17890_/B (sky130_fd_sc_hd__fa_1)
     1    0.01    0.10    0.48    5.90 v _17890_/COUT (sky130_fd_sc_hd__fa_1)
                                         _09110_ (net)
                  0.10    0.00    5.90 v _17932_/A (sky130_fd_sc_hd__fa_1)
     1    0.01    0.10    0.47    6.37 v _17932_/COUT (sky130_fd_sc_hd__fa_1)
                                         _09192_ (net)
                  0.10    0.00    6.37 v _17933_/CIN (sky130_fd_sc_hd__fa_1)
     1    0.01    0.08    0.52    6.88 ^ _17933_/SUM (sky130_fd_sc_hd__fa_1)
                                         _08893_ (net)
                  0.08    0.00    6.88 ^ _17819_/CIN (sky130_fd_sc_hd__fa_1)
     1    0.01    0.11    0.45    7.34 v _17819_/SUM (sky130_fd_sc_hd__fa_1)
                                         _08658_ (net)
                  0.11    0.00    7.34 v _17750_/B (sky130_fd_sc_hd__fa_1)
     1    0.01    0.10    0.50    7.83 v _17750_/SUM (sky130_fd_sc_hd__fa_1)
                                         _08661_ (net)
                  0.10    0.00    7.83 v _18046_/B (sky130_fd_sc_hd__ha_1)
     4    0.01    0.08    0.24    8.07 v _18046_/COUT (sky130_fd_sc_hd__ha_1)
                                         _00287_ (net)
                  0.08    0.00    8.07 v _09550_/B (sky130_fd_sc_hd__or4_1)
     1    0.00    0.09    0.51    8.58 v _09550_/X (sky130_fd_sc_hd__or4_1)
                                         _03394_ (net)
                  0.09    0.00    8.58 v _09551_/B2 (sky130_fd_sc_hd__o22ai_1)
     4    0.02    0.40    0.33    8.92 ^ _09551_/Y (sky130_fd_sc_hd__o22ai_1)
                                         _03395_ (net)
                  0.40    0.00    8.92 ^ _10081_/A1 (sky130_fd_sc_hd__o21ai_0)
     1    0.00    0.10    0.17    9.08 v _10081_/Y (sky130_fd_sc_hd__o21ai_0)
                                         _03682_ (net)
                  0.10    0.00    9.08 v _10082_/A2 (sky130_fd_sc_hd__o21ai_0)
     1    0.00    0.14    0.17    9.25 ^ _10082_/Y (sky130_fd_sc_hd__o21ai_0)
                                         _03683_ (net)
                  0.14    0.00    9.25 ^ _10083_/B (sky130_fd_sc_hd__nand2b_1)
     1    0.01    0.06    0.09    9.34 v _10083_/Y (sky130_fd_sc_hd__nand2b_1)
                                         _03684_ (net)
                  0.06    0.00    9.34 v _10084_/B (sky130_fd_sc_hd__xnor2_1)
     2    0.02    0.45    0.39    9.73 ^ _10084_/Y (sky130_fd_sc_hd__xnor2_1)
                                         _00063_ (net)
                  0.45    0.00    9.73 ^ _10085_/A (sky130_fd_sc_hd__inv_1)
     6    0.05    0.26    0.33   10.05 v _10085_/Y (sky130_fd_sc_hd__inv_1)
                                         g_b1.u_red.a[15] (net)
                  0.26    0.00   10.05 v _17772_/A (sky130_fd_sc_hd__fa_1)
     2    0.01    0.12    0.66   10.71 ^ _17772_/SUM (sky130_fd_sc_hd__fa_1)
                                         _08731_ (net)
                  0.12    0.00   10.71 ^ _17969_/B (sky130_fd_sc_hd__fa_1)
     1    0.01    0.10    0.46   11.17 v _17969_/SUM (sky130_fd_sc_hd__fa_1)
                                         _08866_ (net)
                  0.10    0.00   11.17 v _17813_/CIN (sky130_fd_sc_hd__fa_1)
     1    0.01    0.10    0.48   11.65 v _17813_/SUM (sky130_fd_sc_hd__fa_1)
                                         _08868_ (net)
                  0.10    0.00   11.65 v _17853_/A (sky130_fd_sc_hd__fa_1)
     1    0.01    0.09    0.58   12.24 ^ _17853_/SUM (sky130_fd_sc_hd__fa_1)
                                         _08855_ (net)
                  0.09    0.00   12.24 ^ _17811_/B (sky130_fd_sc_hd__fa_1)
     1    0.00    0.08    0.43   12.66 v _17811_/SUM (sky130_fd_sc_hd__fa_1)
                                         _08858_ (net)
                  0.08    0.00   12.66 v _18355_/A (sky130_fd_sc_hd__ha_1)
     3    0.01    0.09    0.34   13.01 v _18355_/SUM (sky130_fd_sc_hd__ha_1)
                                         _00663_ (net)
                  0.09    0.00   13.01 v _09630_/A1 (sky130_fd_sc_hd__a21oi_1)
     1    0.00    0.09    0.13   13.13 ^ _09630_/Y (sky130_fd_sc_hd__a21oi_1)
                                         _03441_ (net)
                  0.09    0.00   13.13 ^ _09631_/B1 (sky130_fd_sc_hd__o21ai_0)
     2    0.01    0.13    0.14   13.27 v _09631_/Y (sky130_fd_sc_hd__o21ai_0)
                                         _03442_ (net)
                  0.13    0.00   13.27 v _15969_/B1_N (sky130_fd_sc_hd__o21bai_1)
     1    0.00    0.08    0.19   13.46 v _15969_/Y (sky130_fd_sc_hd__o21bai_1)
                                         _02018_ (net)
                  0.08    0.00   13.46 v _15970_/A2 (sky130_fd_sc_hd__a21o_1)
     1    0.00    0.04    0.19   13.65 v _15970_/X (sky130_fd_sc_hd__a21o_1)
                                         _02019_ (net)
                  0.04    0.00   13.65 v _15971_/A2 (sky130_fd_sc_hd__a21o_1)
     1    0.00    0.03    0.17   13.82 v _15971_/X (sky130_fd_sc_hd__a21o_1)
                                         _02020_ (net)
                  0.03    0.00   13.82 v _15972_/A2 (sky130_fd_sc_hd__a21o_1)
     1    0.00    0.04    0.17   13.99 v _15972_/X (sky130_fd_sc_hd__a21o_1)
                                         _02021_ (net)
                  0.04    0.00   13.99 v _15973_/A2 (sky130_fd_sc_hd__a21o_1)
     1    0.00    0.04    0.18   14.16 v _15973_/X (sky130_fd_sc_hd__a21o_1)
                                         _02022_ (net)
                  0.04    0.00   14.16 v _15974_/A2 (sky130_fd_sc_hd__a21oi_1)
     1    0.01    0.16    0.18   14.34 ^ _15974_/Y (sky130_fd_sc_hd__a21oi_1)
                                         _02023_ (net)
                  0.16    0.00   14.34 ^ _15975_/B (sky130_fd_sc_hd__xnor2_1)
     2    0.03    0.22    0.22   14.56 v _15975_/Y (sky130_fd_sc_hd__xnor2_1)
                                         g_b1.u_red.prod[24] (net)
                  0.22    0.00   14.56 v _17947_/A (sky130_fd_sc_hd__fa_1)
     2    0.01    0.09    0.62   15.17 ^ _17947_/SUM (sky130_fd_sc_hd__fa_1)
                                         _00171_ (net)
                  0.09    0.00   15.17 ^ _10091_/A (sky130_fd_sc_hd__inv_1)
     2    0.01    0.05    0.07   15.25 v _10091_/Y (sky130_fd_sc_hd__inv_1)
                                         _00051_ (net)
                  0.05    0.00   15.25 v _17802_/CIN (sky130_fd_sc_hd__fa_1)
     2    0.01    0.10    0.51   15.76 ^ _17802_/SUM (sky130_fd_sc_hd__fa_1)
                                         _00052_ (net)
                  0.10    0.00   15.76 ^ _10110_/A (sky130_fd_sc_hd__inv_1)
     1    0.00    0.04    0.05   15.82 v _10110_/Y (sky130_fd_sc_hd__inv_1)
                                         _00666_ (net)
                  0.04    0.00   15.82 v _18357_/A (sky130_fd_sc_hd__ha_1)
     2    0.01    0.07    0.31   16.12 v _18357_/SUM (sky130_fd_sc_hd__ha_1)
                                         _00659_ (net)
                  0.07    0.00   16.12 v _18353_/A (sky130_fd_sc_hd__ha_1)
     5    0.02    0.22    0.42   16.54 ^ _18353_/SUM (sky130_fd_sc_hd__ha_1)
                                         _00230_ (net)
                  0.22    0.00   16.54 ^ _09568_/A (sky130_fd_sc_hd__inv_1)
     4    0.01    0.09    0.12   16.66 v _09568_/Y (sky130_fd_sc_hd__inv_1)
                                         g_b1.u_red.r0[0] (net)
                  0.09    0.00   16.66 v _18091_/A (sky130_fd_sc_hd__ha_1)
     2    0.01    0.06    0.23   16.89 v _18091_/COUT (sky130_fd_sc_hd__ha_1)
                                         _00341_ (net)
                  0.06    0.00   16.89 v _09499_/A (sky130_fd_sc_hd__or2_1)
     2    0.01    0.08    0.27   17.16 v _09499_/X (sky130_fd_sc_hd__or2_1)
                                         _00197_ (net)
                  0.08    0.00   17.16 v _17959_/A (sky130_fd_sc_hd__fa_1)
     3    0.01    0.12    0.49   17.65 v _17959_/COUT (sky130_fd_sc_hd__fa_1)
                                         _00199_ (net)
                  0.12    0.00   17.65 v _16052_/A1 (sky130_fd_sc_hd__a211oi_1)
     3    0.01    0.39    0.38   18.04 ^ _16052_/Y (sky130_fd_sc_hd__a211oi_1)
                                         _02083_ (net)
                  0.39    0.00   18.04 ^ _16079_/B (sky130_fd_sc_hd__nor2_1)
     1    0.01    0.09    0.10   18.13 v _16079_/Y (sky130_fd_sc_hd__nor2_1)
                                         _02110_ (net)
                  0.09    0.00   18.13 v _16080_/B (sky130_fd_sc_hd__xnor2_1)
     5    0.02    0.40    0.36   18.49 ^ _16080_/Y (sky130_fd_sc_hd__xnor2_1)
                                         _02111_ (net)
                  0.40    0.00   18.49 ^ _16082_/A (sky130_fd_sc_hd__nand2_1)
     3    0.01    0.14    0.17   18.67 v _16082_/Y (sky130_fd_sc_hd__nand2_1)
                                         _02113_ (net)
                  0.14    0.00   18.67 v _16155_/A3 (sky130_fd_sc_hd__o41ai_2)
     4    0.02    0.51    0.53   19.19 ^ _16155_/Y (sky130_fd_sc_hd__o41ai_2)
                                         _02186_ (net)
                  0.51    0.00   19.19 ^ _16156_/C (sky130_fd_sc_hd__nand3_1)
     1    0.01    0.21    0.25   19.44 v _16156_/Y (sky130_fd_sc_hd__nand3_1)
                                         _02187_ (net)
                  0.21    0.00   19.44 v _16217_/A2 (sky130_fd_sc_hd__a311oi_1)
     1    0.00    0.24    0.33   19.77 ^ _16217_/Y (sky130_fd_sc_hd__a311oi_1)
                                         _02248_ (net)
                  0.24    0.00   19.77 ^ _16239_/B (sky130_fd_sc_hd__nand4_1)
     1    0.00    0.11    0.14   19.92 v _16239_/Y (sky130_fd_sc_hd__nand4_1)
                                         _02270_ (net)
                  0.11    0.00   19.92 v place444/A (sky130_fd_sc_hd__buf_4)
    20    0.08    0.11    0.24   20.15 v place444/X (sky130_fd_sc_hd__buf_4)
                                         net443 (net)
                  0.11    0.01   20.16 v _16292_/S (sky130_fd_sc_hd__mux2i_1)
     1    0.00    0.06    0.14   20.30 v _16292_/Y (sky130_fd_sc_hd__mux2i_1)
                                         _02315_ (net)
                  0.06    0.00   20.30 v _16293_/C1 (sky130_fd_sc_hd__a221o_1)
     1    0.00    0.06    0.27   20.56 v _16293_/X (sky130_fd_sc_hd__a221o_1)
                                         _00737_ (net)
                  0.06    0.00   20.57 v mul_reduced_q[3]$_DFFE_PN0P_/D (sky130_fd_sc_hd__dfrtp_1)
                                 20.57   data arrival time

                         20.00   20.00   clock clk (rise edge)
                          0.00   20.00   clock source latency
     1    0.12    0.00    0.00   20.00 ^ clk (in)
                                         clk (net)
                  0.01    0.00   20.00 ^ clkbuf_0_clk/A (sky130_fd_sc_hd__clkbuf_16)
     8    0.24    0.25    0.26   20.27 ^ clkbuf_0_clk/X (sky130_fd_sc_hd__clkbuf_16)
                                         clknet_0_clk (net)
                  0.25    0.01   20.27 ^ clkbuf_3_5_0_clk/A (sky130_fd_sc_hd__clkbuf_16)
     4    0.08    0.10    0.24   20.51 ^ clkbuf_3_5_0_clk/X (sky130_fd_sc_hd__clkbuf_16)
                                         clknet_3_5_0_clk (net)
                  0.10    0.00   20.51 ^ clkbuf_5_20__f_clk/A (sky130_fd_sc_hd__clkbuf_16)
     7    0.15    0.16    0.24   20.75 ^ clkbuf_5_20__f_clk/X (sky130_fd_sc_hd__clkbuf_16)
                                         clknet_5_20__leaf_clk (net)
                  0.16    0.00   20.76 ^ clkbuf_leaf_233_clk/A (sky130_fd_sc_hd__clkbuf_16)
     7    0.03    0.05    0.18   20.93 ^ clkbuf_leaf_233_clk/X (sky130_fd_sc_hd__clkbuf_16)
                                         clknet_leaf_233_clk (net)
                  0.05    0.00   20.93 ^ mul_reduced_q[3]$_DFFE_PN0P_/CLK (sky130_fd_sc_hd__dfrtp_1)
                         -0.25   20.68   clock uncertainty
                          0.00   20.68   clock reconvergence pessimism
                         -0.12   20.57   library setup time
                                 20.57   data required time
-----------------------------------------------------------------------------
                                 20.57   data required time
                                -20.57   data arrival time
-----------------------------------------------------------------------------
                                  0.00   slack (MET)



==========================================================================
cts final report_check_types -max_slew -max_cap -max_fanout -violators
--------------------------------------------------------------------------

==========================================================================
cts final max_slew_check_slack
--------------------------------------------------------------------------
0.09425360709428787

==========================================================================
cts final max_slew_check_limit
--------------------------------------------------------------------------
1.4944789409637451

==========================================================================
cts final max_slew_check_slack_limit
--------------------------------------------------------------------------
0.0631

==========================================================================
cts final max_fanout_check_slack
--------------------------------------------------------------------------
1.0000000150474662e+30

==========================================================================
cts final max_fanout_check_limit
--------------------------------------------------------------------------
1.0000000150474662e+30

==========================================================================
cts final max_capacitance_check_slack
--------------------------------------------------------------------------
0.004489532206207514

==========================================================================
cts final max_capacitance_check_limit
--------------------------------------------------------------------------
0.0860700011253357

==========================================================================
cts final max_capacitance_check_slack_limit
--------------------------------------------------------------------------
0.0522

==========================================================================
cts final max_slew_violation_count
--------------------------------------------------------------------------
max slew violation count 0

==========================================================================
cts final max_fanout_violation_count
--------------------------------------------------------------------------
max fanout violation count 0

==========================================================================
cts final max_cap_violation_count
--------------------------------------------------------------------------
max cap violation count 0

==========================================================================
cts final setup_violation_count
--------------------------------------------------------------------------
setup violation count 0

==========================================================================
cts final hold_violation_count
--------------------------------------------------------------------------
hold violation count 0

==========================================================================
cts final report_checks -path_delay max reg to reg
--------------------------------------------------------------------------
Startpoint: coeff_a_q[1]$_DFFE_PN0P_
            (rising edge-triggered flip-flop clocked by clk)
Endpoint: mul_reduced_q[3]$_DFFE_PN0P_
          (rising edge-triggered flip-flop clocked by clk)
Path Group: clk
Path Type: max

  Delay    Time   Description
---------------------------------------------------------
   0.00    0.00   clock clk (rise edge)
   0.00    0.00   clock source latency
   0.00    0.00 ^ clk (in)
   0.27    0.27 ^ clkbuf_0_clk/X (sky130_fd_sc_hd__clkbuf_16)
   0.24    0.51 ^ clkbuf_3_5_0_clk/X (sky130_fd_sc_hd__clkbuf_16)
   0.24    0.75 ^ clkbuf_5_20__f_clk/X (sky130_fd_sc_hd__clkbuf_16)
   0.18    0.94 ^ clkbuf_leaf_228_clk/X (sky130_fd_sc_hd__clkbuf_16)
   0.00    0.94 ^ coeff_a_q[1]$_DFFE_PN0P_/CLK (sky130_fd_sc_hd__dfrtp_1)
   0.49    1.43 v coeff_a_q[1]$_DFFE_PN0P_/Q (sky130_fd_sc_hd__dfrtp_1)
   0.34    1.77 ^ _18048_/SUM (sky130_fd_sc_hd__ha_1)
   0.05    1.82 v _10076_/Y (sky130_fd_sc_hd__inv_1)
   0.23    2.05 v _18022_/COUT (sky130_fd_sc_hd__ha_1)
   0.48    2.54 v _17761_/COUT (sky130_fd_sc_hd__fa_1)
   0.37    2.91 ^ _09746_/Y (sky130_fd_sc_hd__a211oi_2)
   0.21    3.12 ^ _09772_/X (sky130_fd_sc_hd__o21ba_1)
   0.27    3.39 ^ _09776_/X (sky130_fd_sc_hd__o221a_1)
   0.31    3.70 ^ _09777_/Y (sky130_fd_sc_hd__nor4b_1)
   0.15    3.85 v _09778_/Y (sky130_fd_sc_hd__nor3_1)
   0.49    4.34 ^ _09805_/Y (sky130_fd_sc_hd__o32ai_2)
   0.38    4.72 ^ _09826_/X (sky130_fd_sc_hd__and2_1)
   0.12    4.85 v _09880_/Y (sky130_fd_sc_hd__o211ai_1)
   0.31    5.16 ^ _09881_/Y (sky130_fd_sc_hd__o21ai_0)
   0.27    5.42 v _10004_/Y (sky130_fd_sc_hd__o21ai_0)
   0.48    5.90 v _17890_/COUT (sky130_fd_sc_hd__fa_1)
   0.47    6.37 v _17932_/COUT (sky130_fd_sc_hd__fa_1)
   0.52    6.88 ^ _17933_/SUM (sky130_fd_sc_hd__fa_1)
   0.45    7.34 v _17819_/SUM (sky130_fd_sc_hd__fa_1)
   0.50    7.83 v _17750_/SUM (sky130_fd_sc_hd__fa_1)
   0.24    8.07 v _18046_/COUT (sky130_fd_sc_hd__ha_1)
   0.51    8.58 v _09550_/X (sky130_fd_sc_hd__or4_1)
   0.33    8.92 ^ _09551_/Y (sky130_fd_sc_hd__o22ai_1)
   0.17    9.08 v _10081_/Y (sky130_fd_sc_hd__o21ai_0)
   0.17    9.25 ^ _10082_/Y (sky130_fd_sc_hd__o21ai_0)
   0.09    9.34 v _10083_/Y (sky130_fd_sc_hd__nand2b_1)
   0.39    9.73 ^ _10084_/Y (sky130_fd_sc_hd__xnor2_1)
   0.33   10.05 v _10085_/Y (sky130_fd_sc_hd__inv_1)
   0.66   10.71 ^ _17772_/SUM (sky130_fd_sc_hd__fa_1)
   0.46   11.17 v _17969_/SUM (sky130_fd_sc_hd__fa_1)
   0.48   11.65 v _17813_/SUM (sky130_fd_sc_hd__fa_1)
   0.58   12.24 ^ _17853_/SUM (sky130_fd_sc_hd__fa_1)
   0.43   12.66 v _17811_/SUM (sky130_fd_sc_hd__fa_1)
   0.34   13.01 v _18355_/SUM (sky130_fd_sc_hd__ha_1)
   0.13   13.13 ^ _09630_/Y (sky130_fd_sc_hd__a21oi_1)
   0.14   13.27 v _09631_/Y (sky130_fd_sc_hd__o21ai_0)
   0.19   13.46 v _15969_/Y (sky130_fd_sc_hd__o21bai_1)
   0.19   13.65 v _15970_/X (sky130_fd_sc_hd__a21o_1)
   0.17   13.82 v _15971_/X (sky130_fd_sc_hd__a21o_1)
   0.17   13.99 v _15972_/X (sky130_fd_sc_hd__a21o_1)
   0.18   14.16 v _15973_/X (sky130_fd_sc_hd__a21o_1)
   0.18   14.34 ^ _15974_/Y (sky130_fd_sc_hd__a21oi_1)
   0.22   14.56 v _15975_/Y (sky130_fd_sc_hd__xnor2_1)
   0.62   15.17 ^ _17947_/SUM (sky130_fd_sc_hd__fa_1)
   0.07   15.25 v _10091_/Y (sky130_fd_sc_hd__inv_1)
   0.51   15.76 ^ _17802_/SUM (sky130_fd_sc_hd__fa_1)
   0.05   15.82 v _10110_/Y (sky130_fd_sc_hd__inv_1)
   0.31   16.12 v _18357_/SUM (sky130_fd_sc_hd__ha_1)
   0.42   16.54 ^ _18353_/SUM (sky130_fd_sc_hd__ha_1)
   0.12   16.66 v _09568_/Y (sky130_fd_sc_hd__inv_1)
   0.23   16.89 v _18091_/COUT (sky130_fd_sc_hd__ha_1)
   0.27   17.16 v _09499_/X (sky130_fd_sc_hd__or2_1)
   0.49   17.65 v _17959_/COUT (sky130_fd_sc_hd__fa_1)
   0.38   18.04 ^ _16052_/Y (sky130_fd_sc_hd__a211oi_1)
   0.10   18.13 v _16079_/Y (sky130_fd_sc_hd__nor2_1)
   0.36   18.49 ^ _16080_/Y (sky130_fd_sc_hd__xnor2_1)
   0.17   18.67 v _16082_/Y (sky130_fd_sc_hd__nand2_1)
   0.53   19.19 ^ _16155_/Y (sky130_fd_sc_hd__o41ai_2)
   0.25   19.44 v _16156_/Y (sky130_fd_sc_hd__nand3_1)
   0.33   19.77 ^ _16217_/Y (sky130_fd_sc_hd__a311oi_1)
   0.14   19.92 v _16239_/Y (sky130_fd_sc_hd__nand4_1)
   0.24   20.15 v place444/X (sky130_fd_sc_hd__buf_4)
   0.15   20.30 v _16292_/Y (sky130_fd_sc_hd__mux2i_1)
   0.27   20.56 v _16293_/X (sky130_fd_sc_hd__a221o_1)
   0.00   20.57 v mul_reduced_q[3]$_DFFE_PN0P_/D (sky130_fd_sc_hd__dfrtp_1)
          20.57   data arrival time

  20.00   20.00   clock clk (rise edge)
   0.00   20.00   clock source latency
   0.00   20.00 ^ clk (in)
   0.27   20.27 ^ clkbuf_0_clk/X (sky130_fd_sc_hd__clkbuf_16)
   0.24   20.51 ^ clkbuf_3_5_0_clk/X (sky130_fd_sc_hd__clkbuf_16)
   0.24   20.75 ^ clkbuf_5_20__f_clk/X (sky130_fd_sc_hd__clkbuf_16)
   0.18   20.93 ^ clkbuf_leaf_233_clk/X (sky130_fd_sc_hd__clkbuf_16)
   0.00   20.93 ^ mul_reduced_q[3]$_DFFE_PN0P_/CLK (sky130_fd_sc_hd__dfrtp_1)
  -0.25   20.68   clock uncertainty
   0.00   20.68   clock reconvergence pessimism
  -0.12   20.57   library setup time
          20.57   data required time
---------------------------------------------------------
          20.57   data required time
         -20.57   data arrival time
---------------------------------------------------------
           0.00   slack (MET)



==========================================================================
cts final report_checks -path_delay min reg to reg
--------------------------------------------------------------------------
Startpoint: st[13]$_DFF_PN0_ (rising edge-triggered flip-flop clocked by clk)
Endpoint: done$_DFF_PN0_ (rising edge-triggered flip-flop clocked by clk)
Path Group: clk
Path Type: min

  Delay    Time   Description
---------------------------------------------------------
   0.00    0.00   clock clk (rise edge)
   0.00    0.00   clock source latency
   0.00    0.00 ^ clk (in)
   0.27    0.27 ^ clkbuf_0_clk/X (sky130_fd_sc_hd__clkbuf_16)
   0.24    0.51 ^ clkbuf_3_5_0_clk/X (sky130_fd_sc_hd__clkbuf_16)
   0.23    0.74 ^ clkbuf_5_23__f_clk/X (sky130_fd_sc_hd__clkbuf_16)
   0.17    0.91 ^ clkbuf_leaf_183_clk/X (sky130_fd_sc_hd__clkbuf_16)
   0.00    0.92 ^ st[13]$_DFF_PN0_/CLK (sky130_fd_sc_hd__dfrtp_1)
   0.34    1.25 ^ st[13]$_DFF_PN0_/Q (sky130_fd_sc_hd__dfrtp_1)
   0.00    1.25 ^ done$_DFF_PN0_/D (sky130_fd_sc_hd__dfrtp_1)
           1.25   data arrival time

   0.00    0.00   clock clk (rise edge)
   0.00    0.00   clock source latency
   0.00    0.00 ^ clk (in)
   0.27    0.27 ^ clkbuf_0_clk/X (sky130_fd_sc_hd__clkbuf_16)
   0.24    0.51 ^ clkbuf_3_5_0_clk/X (sky130_fd_sc_hd__clkbuf_16)
   0.23    0.74 ^ clkbuf_5_23__f_clk/X (sky130_fd_sc_hd__clkbuf_16)
   0.17    0.91 ^ clkbuf_leaf_183_clk/X (sky130_fd_sc_hd__clkbuf_16)
   0.00    0.92 ^ done$_DFF_PN0_/CLK (sky130_fd_sc_hd__dfrtp_1)
   0.25    1.17   clock uncertainty
   0.00    1.17   clock reconvergence pessimism
  -0.04    1.13   library hold time
           1.13   data required time
---------------------------------------------------------
           1.13   data required time
          -1.25   data arrival time
---------------------------------------------------------
           0.13   slack (MET)



==========================================================================
cts final critical path target clock latency max path
--------------------------------------------------------------------------
0.9176

==========================================================================
cts final critical path target clock latency min path
--------------------------------------------------------------------------
0.9362

==========================================================================
cts final critical path source clock latency min path
--------------------------------------------------------------------------
0.0000

==========================================================================
cts final critical path delay
--------------------------------------------------------------------------
20.5651

==========================================================================
cts final critical path slack
--------------------------------------------------------------------------
0.0030

==========================================================================
cts final slack div critical path delay
--------------------------------------------------------------------------
0.014588

==========================================================================
cts final report_power
--------------------------------------------------------------------------
Group                  Internal  Switching    Leakage      Total
                          Power      Power      Power      Power (Watts)
----------------------------------------------------------------
Sequential             7.42e-03   0.00e+00   2.97e-08   7.42e-03  53.9%
Combinational          1.51e-05   1.34e-04   2.43e-08   1.49e-04   1.1%
Clock                  3.50e-03   2.71e-03   5.18e-09   6.21e-03  45.0%
Macro                  0.00e+00   0.00e+00   0.00e+00   0.00e+00   0.0%
Pad                    0.00e+00   0.00e+00   0.00e+00   0.00e+00   0.0%
----------------------------------------------------------------
Total                  1.09e-02   2.84e-03   5.92e-08   1.38e-02 100.0%
                          79.4%      20.6%       0.0%
