
==========================================================================
global route report_tns
--------------------------------------------------------------------------
tns max -0.63

==========================================================================
global route report_wns
--------------------------------------------------------------------------
wns max -0.12

==========================================================================
global route report_worst_slack
--------------------------------------------------------------------------
worst slack max -0.12

==========================================================================
global route report_clock_min_period
--------------------------------------------------------------------------
clk period_min = 20.12 fmax = 49.71

==========================================================================
global route report_clock_skew
--------------------------------------------------------------------------
Clock clk
   0.97 source latency scale_index[0]$_DFFE_PN0P_/CLK ^
  -0.92 target latency u_coeff_ram.mem[62][8]$_DFFE_PP_/CLK ^
   0.25 clock uncertainty
   0.00 CRPR
--------------
   0.30 setup skew


==========================================================================
global route report_checks -path_delay min
--------------------------------------------------------------------------
Startpoint: st[13]$_DFF_PN0_ (rising edge-triggered flip-flop clocked by clk)
Endpoint: done$_DFF_PN0_ (rising edge-triggered flip-flop clocked by clk)
Path Group: clk
Path Type: min

Fanout     Cap    Slew   Delay    Time   Description
-----------------------------------------------------------------------------
                          0.00    0.00   clock clk (rise edge)
                          0.00    0.00   clock source latency
     2    0.11    0.00    0.00    0.00 ^ clk (in)
                                         clk (net)
                  0.04    0.02    0.02 ^ clkbuf_0_clk/A (sky130_fd_sc_hd__clkbuf_16)
     9    0.24    0.25    0.27    0.29 ^ clkbuf_0_clk/X (sky130_fd_sc_hd__clkbuf_16)
                                         clknet_0_clk (net)
                  0.25    0.01    0.30 ^ clkbuf_3_5_0_clk/A (sky130_fd_sc_hd__clkbuf_16)
     4    0.07    0.09    0.23    0.53 ^ clkbuf_3_5_0_clk/X (sky130_fd_sc_hd__clkbuf_16)
                                         clknet_3_5_0_clk (net)
                  0.09    0.00    0.53 ^ clkbuf_5_23__f_clk/A (sky130_fd_sc_hd__clkbuf_16)
     8    0.13    0.14    0.22    0.76 ^ clkbuf_5_23__f_clk/X (sky130_fd_sc_hd__clkbuf_16)
                                         clknet_5_23__leaf_clk (net)
                  0.14    0.00    0.76 ^ clkbuf_leaf_183_clk/A (sky130_fd_sc_hd__clkbuf_16)
     8    0.04    0.06    0.17    0.93 ^ clkbuf_leaf_183_clk/X (sky130_fd_sc_hd__clkbuf_16)
                                         clknet_leaf_183_clk (net)
                  0.06    0.00    0.93 ^ st[13]$_DFF_PN0_/CLK (sky130_fd_sc_hd__dfrtp_1)
     2    0.01    0.08    0.35    1.28 ^ st[13]$_DFF_PN0_/Q (sky130_fd_sc_hd__dfrtp_1)
                                         st[13] (net)
                  0.08    0.00    1.28 ^ done$_DFF_PN0_/D (sky130_fd_sc_hd__dfrtp_1)
                                  1.28   data arrival time

                          0.00    0.00   clock clk (rise edge)
                          0.00    0.00   clock source latency
     2    0.11    0.00    0.00    0.00 ^ clk (in)
                                         clk (net)
                  0.04    0.02    0.02 ^ clkbuf_0_clk/A (sky130_fd_sc_hd__clkbuf_16)
     9    0.24    0.25    0.27    0.29 ^ clkbuf_0_clk/X (sky130_fd_sc_hd__clkbuf_16)
                                         clknet_0_clk (net)
                  0.25    0.01    0.30 ^ clkbuf_3_5_0_clk/A (sky130_fd_sc_hd__clkbuf_16)
     4    0.07    0.09    0.23    0.53 ^ clkbuf_3_5_0_clk/X (sky130_fd_sc_hd__clkbuf_16)
                                         clknet_3_5_0_clk (net)
                  0.09    0.00    0.53 ^ clkbuf_5_23__f_clk/A (sky130_fd_sc_hd__clkbuf_16)
     8    0.13    0.14    0.22    0.76 ^ clkbuf_5_23__f_clk/X (sky130_fd_sc_hd__clkbuf_16)
                                         clknet_5_23__leaf_clk (net)
                  0.14    0.00    0.76 ^ clkbuf_leaf_183_clk/A (sky130_fd_sc_hd__clkbuf_16)
     8    0.04    0.06    0.17    0.93 ^ clkbuf_leaf_183_clk/X (sky130_fd_sc_hd__clkbuf_16)
                                         clknet_leaf_183_clk (net)
                  0.06    0.00    0.93 ^ done$_DFF_PN0_/CLK (sky130_fd_sc_hd__dfrtp_1)
                          0.25    1.18   clock uncertainty
                          0.00    1.18   clock reconvergence pessimism
                         -0.04    1.14   library hold time
                                  1.14   data required time
-----------------------------------------------------------------------------
                                  1.14   data required time
                                 -1.28   data arrival time
-----------------------------------------------------------------------------
                                  0.14   slack (MET)



==========================================================================
global route report_checks -path_delay max
--------------------------------------------------------------------------
Startpoint: coeff_a_q[1]$_DFFE_PN0P_
            (rising edge-triggered flip-flop clocked by clk)
Endpoint: mul_reduced_q[10]$_DFFE_PN0P_
          (rising edge-triggered flip-flop clocked by clk)
Path Group: clk
Path Type: max

Fanout     Cap    Slew   Delay    Time   Description
-----------------------------------------------------------------------------
                          0.00    0.00   clock clk (rise edge)
                          0.00    0.00   clock source latency
     2    0.11    0.00    0.00    0.00 ^ clk (in)
                                         clk (net)
                  0.04    0.02    0.02 ^ clkbuf_0_clk/A (sky130_fd_sc_hd__clkbuf_16)
     9    0.24    0.25    0.27    0.29 ^ clkbuf_0_clk/X (sky130_fd_sc_hd__clkbuf_16)
                                         clknet_0_clk (net)
                  0.25    0.01    0.30 ^ clkbuf_3_5_0_clk/A (sky130_fd_sc_hd__clkbuf_16)
     4    0.07    0.09    0.23    0.53 ^ clkbuf_3_5_0_clk/X (sky130_fd_sc_hd__clkbuf_16)
                                         clknet_3_5_0_clk (net)
                  0.09    0.00    0.53 ^ clkbuf_5_20__f_clk/A (sky130_fd_sc_hd__clkbuf_16)
     7    0.14    0.15    0.23    0.76 ^ clkbuf_5_20__f_clk/X (sky130_fd_sc_hd__clkbuf_16)
                                         clknet_5_20__leaf_clk (net)
                  0.15    0.00    0.77 ^ clkbuf_leaf_228_clk/A (sky130_fd_sc_hd__clkbuf_16)
     9    0.04    0.06    0.18    0.95 ^ clkbuf_leaf_228_clk/X (sky130_fd_sc_hd__clkbuf_16)
                                         clknet_leaf_228_clk (net)
                  0.06    0.00    0.95 ^ coeff_a_q[1]$_DFFE_PN0P_/CLK (sky130_fd_sc_hd__dfrtp_1)
     6    0.04    0.19    0.50    1.45 v coeff_a_q[1]$_DFFE_PN0P_/Q (sky130_fd_sc_hd__dfrtp_1)
                                         coeff_a_q[1] (net)
                  0.19    0.00    1.45 v _18048_/A (sky130_fd_sc_hd__ha_1)
     2    0.01    0.08    0.37    1.82 ^ _18048_/SUM (sky130_fd_sc_hd__ha_1)
                                         _00295_ (net)
                  0.08    0.00    1.82 ^ _10076_/A (sky130_fd_sc_hd__inv_1)
     2    0.01    0.05    0.07    1.89 v _10076_/Y (sky130_fd_sc_hd__inv_1)
                                         _00244_ (net)
                  0.05    0.00    1.89 v _18022_/B (sky130_fd_sc_hd__ha_1)
     3    0.02    0.12    0.25    2.14 v _18022_/COUT (sky130_fd_sc_hd__ha_1)
                                         _00043_ (net)
                  0.12    0.00    2.14 v _17761_/A (sky130_fd_sc_hd__fa_1)
     2    0.02    0.13    0.52    2.66 v _17761_/COUT (sky130_fd_sc_hd__fa_1)
                                         _00045_ (net)
                  0.13    0.00    2.66 v _09746_/A1 (sky130_fd_sc_hd__a211oi_4)
     5    0.02    0.30    0.34    3.00 ^ _09746_/Y (sky130_fd_sc_hd__a211oi_4)
                                         _03515_ (net)
                  0.30    0.00    3.00 ^ _09765_/A1 (sky130_fd_sc_hd__o21ai_1)
     1    0.01    0.09    0.14    3.14 v _09765_/Y (sky130_fd_sc_hd__o21ai_1)
                                         _03534_ (net)
                  0.09    0.00    3.14 v _09769_/A2 (sky130_fd_sc_hd__a221oi_2)
     3    0.02    0.44    0.47    3.61 ^ _09769_/Y (sky130_fd_sc_hd__a221oi_2)
                                         _03538_ (net)
                  0.44    0.00    3.61 ^ _09777_/C (sky130_fd_sc_hd__nor4b_2)
     1    0.01    0.12    0.11    3.73 v _09777_/Y (sky130_fd_sc_hd__nor4b_2)
                                         _03546_ (net)
                  0.12    0.00    3.73 v _09778_/C (sky130_fd_sc_hd__nor3_2)
     4    0.02    0.42    0.35    4.07 ^ _09778_/Y (sky130_fd_sc_hd__nor3_2)
                                         _03547_ (net)
                  0.42    0.00    4.08 ^ _09805_/A3 (sky130_fd_sc_hd__o32ai_4)
     5    0.02    0.16    0.16    4.24 v _09805_/Y (sky130_fd_sc_hd__o32ai_4)
                                         _03573_ (net)
                  0.16    0.00    4.24 v _09826_/B (sky130_fd_sc_hd__and2_2)
     8    0.03    0.10    0.31    4.54 v _09826_/X (sky130_fd_sc_hd__and2_2)
                                         _03591_ (net)
                  0.10    0.00    4.54 v _09828_/D (sky130_fd_sc_hd__or4_1)
     1    0.01    0.12    0.47    5.01 v _09828_/X (sky130_fd_sc_hd__or4_1)
                                         _03593_ (net)
                  0.12    0.00    5.01 v _09831_/A3 (sky130_fd_sc_hd__a31oi_4)
     5    0.03    0.30    0.34    5.35 ^ _09831_/Y (sky130_fd_sc_hd__a31oi_4)
                                         _03596_ (net)
                  0.30    0.00    5.36 ^ rebuffer842/A (sky130_fd_sc_hd__buf_4)
     1    0.01    0.04    0.18    5.53 ^ rebuffer842/X (sky130_fd_sc_hd__buf_4)
                                         net841 (net)
                  0.04    0.00    5.53 ^ place477/A (sky130_fd_sc_hd__buf_4)
     6    0.03    0.08    0.14    5.67 ^ place477/X (sky130_fd_sc_hd__buf_4)
                                         net476 (net)
                  0.08    0.00    5.67 ^ _09983_/A1 (sky130_fd_sc_hd__o21ai_1)
     1    0.01    0.14    0.10    5.78 v _09983_/Y (sky130_fd_sc_hd__o21ai_1)
                                         _00109_ (net)
                  0.14    0.00    5.78 v _17897_/CIN (sky130_fd_sc_hd__fa_1)
     1    0.01    0.09    0.54    6.32 ^ _17897_/SUM (sky130_fd_sc_hd__fa_1)
                                         _09129_ (net)
                  0.09    0.00    6.32 ^ _17904_/CIN (sky130_fd_sc_hd__fa_1)
     1    0.01    0.10    0.44    6.77 v _17904_/SUM (sky130_fd_sc_hd__fa_1)
                                         _09095_ (net)
                  0.10    0.00    6.77 v _17884_/B (sky130_fd_sc_hd__fa_1)
     1    0.01    0.10    0.51    7.27 v _17884_/SUM (sky130_fd_sc_hd__fa_1)
                                         _09098_ (net)
                  0.10    0.00    7.27 v _17986_/B (sky130_fd_sc_hd__fa_1)
     1    0.02    0.17    0.61    7.88 ^ _17986_/SUM (sky130_fd_sc_hd__fa_1)
                                         _08663_ (net)
                  0.17    0.00    7.88 ^ _17752_/B (sky130_fd_sc_hd__fa_1)
     1    0.01    0.09    0.45    8.34 v _17752_/SUM (sky130_fd_sc_hd__fa_1)
                                         _08666_ (net)
                  0.09    0.00    8.34 v _18384_/B (sky130_fd_sc_hd__ha_1)
     5    0.02    0.11    0.26    8.60 v _18384_/COUT (sky130_fd_sc_hd__ha_1)
                                         _00695_ (net)
                  0.11    0.00    8.60 v _09511_/A (sky130_fd_sc_hd__nor3_1)
     1    0.01    0.23    0.27    8.87 ^ _09511_/Y (sky130_fd_sc_hd__nor3_1)
                                         _03370_ (net)
                  0.23    0.00    8.87 ^ _09512_/D1 (sky130_fd_sc_hd__o2111ai_1)
     1    0.01    0.18    0.21    9.08 v _09512_/Y (sky130_fd_sc_hd__o2111ai_1)
                                         _03371_ (net)
                  0.18    0.00    9.08 v _09516_/A2 (sky130_fd_sc_hd__a31oi_2)
     2    0.01    0.24    0.30    9.38 ^ _09516_/Y (sky130_fd_sc_hd__a31oi_2)
                                         _03375_ (net)
                  0.24    0.00    9.38 ^ _09517_/A (sky130_fd_sc_hd__nor2b_1)
     1    0.00    0.06    0.09    9.47 v _09517_/Y (sky130_fd_sc_hd__nor2b_1)
                                         _03376_ (net)
                  0.06    0.00    9.47 v _09518_/A2 (sky130_fd_sc_hd__o21ai_0)
     2    0.01    0.22    0.22    9.68 ^ _09518_/Y (sky130_fd_sc_hd__o21ai_0)
                                         _03377_ (net)
                  0.22    0.00    9.68 ^ _10105_/B_N (sky130_fd_sc_hd__nor2b_2)
     2    0.01    0.15    0.24    9.93 ^ _10105_/Y (sky130_fd_sc_hd__nor2b_2)
                                         _03688_ (net)
                  0.15    0.00    9.93 ^ _10106_/B (sky130_fd_sc_hd__xnor2_1)
     1    0.01    0.16    0.15   10.08 ^ _10106_/Y (sky130_fd_sc_hd__xnor2_1)
                                         g_b1.u_red.a[20] (net)
                  0.16    0.00   10.08 ^ place463/A (sky130_fd_sc_hd__buf_4)
     6    0.06    0.16    0.24   10.32 ^ place463/X (sky130_fd_sc_hd__buf_4)
                                         net462 (net)
                  0.16    0.00   10.32 ^ _17768_/B (sky130_fd_sc_hd__fa_1)
     2    0.01    0.13    0.50   10.82 v _17768_/SUM (sky130_fd_sc_hd__fa_1)
                                         _08723_ (net)
                  0.13    0.00   10.82 v _17965_/B (sky130_fd_sc_hd__fa_1)
     1    0.01    0.12    0.58   11.40 ^ _17965_/SUM (sky130_fd_sc_hd__fa_1)
                                         _08839_ (net)
                  0.12    0.00   11.40 ^ _17807_/CIN (sky130_fd_sc_hd__fa_1)
     1    0.01    0.10    0.46   11.86 v _17807_/SUM (sky130_fd_sc_hd__fa_1)
                                         _08841_ (net)
                  0.10    0.00   11.86 v _17993_/A (sky130_fd_sc_hd__fa_1)
     1    0.01    0.10    0.59   12.45 ^ _17993_/SUM (sky130_fd_sc_hd__fa_1)
                                         _08826_ (net)
                  0.10    0.00   12.45 ^ _17804_/B (sky130_fd_sc_hd__fa_1)
     1    0.01    0.09    0.44   12.89 v _17804_/SUM (sky130_fd_sc_hd__fa_1)
                                         _08829_ (net)
                  0.09    0.00   12.89 v _18393_/A (sky130_fd_sc_hd__ha_1)
     3    0.01    0.10    0.36   13.25 v _18393_/SUM (sky130_fd_sc_hd__ha_1)
                                         _00711_ (net)
                  0.10    0.00   13.25 v _09633_/A1 (sky130_fd_sc_hd__a2111oi_1)
     1    0.00    0.37    0.39   13.64 ^ _09633_/Y (sky130_fd_sc_hd__a2111oi_1)
                                         _03444_ (net)
                  0.37    0.00   13.64 ^ _09634_/B1 (sky130_fd_sc_hd__o21ai_0)
     1    0.00    0.12    0.17   13.81 v _09634_/Y (sky130_fd_sc_hd__o21ai_0)
                                         _03445_ (net)
                  0.12    0.00   13.81 v _09637_/B1 (sky130_fd_sc_hd__a32oi_1)
     1    0.00    0.17    0.19   14.00 ^ _09637_/Y (sky130_fd_sc_hd__a32oi_1)
                                         _03448_ (net)
                  0.17    0.00   14.00 ^ _09638_/B1 (sky130_fd_sc_hd__o21ai_0)
     1    0.01    0.14    0.17   14.17 v _09638_/Y (sky130_fd_sc_hd__o21ai_0)
                                         _03449_ (net)
                  0.14    0.00   14.17 v place462/A (sky130_fd_sc_hd__buf_4)
     3    0.02    0.04    0.19   14.36 v place462/X (sky130_fd_sc_hd__buf_4)
                                         net461 (net)
                  0.04    0.00   14.36 v _09643_/A1 (sky130_fd_sc_hd__a211oi_1)
     1    0.00    0.24    0.23   14.60 ^ _09643_/Y (sky130_fd_sc_hd__a211oi_1)
                                         _03454_ (net)
                  0.24    0.00   14.60 ^ place461/A (sky130_fd_sc_hd__buf_4)
     4    0.02    0.06    0.18   14.78 ^ place461/X (sky130_fd_sc_hd__buf_4)
                                         net460 (net)
                  0.06    0.00   14.78 ^ _09648_/A1 (sky130_fd_sc_hd__a21oi_1)
     3    0.01    0.12    0.12   14.90 v _09648_/Y (sky130_fd_sc_hd__a21oi_1)
                                         _03459_ (net)
                  0.12    0.00   14.90 v _09649_/D (sky130_fd_sc_hd__nand4_1)
     2    0.01    0.11    0.15   15.05 ^ _09649_/Y (sky130_fd_sc_hd__nand4_1)
                                         _03460_ (net)
                  0.11    0.00   15.05 ^ _09652_/B (sky130_fd_sc_hd__nand3b_1)
     2    0.01    0.14    0.15   15.20 v _09652_/Y (sky130_fd_sc_hd__nand3b_1)
                                         _03463_ (net)
                  0.14    0.00   15.20 v _09653_/A2 (sky130_fd_sc_hd__a21oi_1)
     1    0.01    0.18    0.23   15.43 ^ _09653_/Y (sky130_fd_sc_hd__a21oi_1)
                                         _03464_ (net)
                  0.18    0.00   15.43 ^ _09654_/B (sky130_fd_sc_hd__xnor2_1)
     2    0.01    0.08    0.12   15.55 v _09654_/Y (sky130_fd_sc_hd__xnor2_1)
                                         g_b1.u_red.prod[35] (net)
                  0.08    0.00   15.55 v place452/A (sky130_fd_sc_hd__buf_4)
     3    0.03    0.06    0.18   15.73 v place452/X (sky130_fd_sc_hd__buf_4)
                                         net451 (net)
                  0.06    0.00   15.73 v _18373_/B (sky130_fd_sc_hd__ha_1)
     1    0.00    0.05    0.19   15.92 v _18373_/COUT (sky130_fd_sc_hd__ha_1)
                                         _09493_ (net)
                  0.05    0.00   15.92 v _18368_/A (sky130_fd_sc_hd__ha_1)
     1    0.01    0.08    0.24   16.16 v _18368_/COUT (sky130_fd_sc_hd__ha_1)
                                         _09281_ (net)
                  0.08    0.00   16.16 v _17996_/A (sky130_fd_sc_hd__fa_1)
     1    0.01    0.12    0.60   16.76 ^ _17996_/SUM (sky130_fd_sc_hd__fa_1)
                                         _08965_ (net)
                  0.12    0.00   16.76 ^ _17839_/B (sky130_fd_sc_hd__fa_1)
     1    0.01    0.09    0.45   17.20 v _17839_/SUM (sky130_fd_sc_hd__fa_1)
                                         _08966_ (net)
                  0.09    0.00   17.20 v _18370_/B (sky130_fd_sc_hd__ha_1)
     1    0.00    0.05    0.29   17.50 ^ _18370_/SUM (sky130_fd_sc_hd__ha_1)
                                         _00681_ (net)
                  0.05    0.00   17.50 ^ _10006_/A (sky130_fd_sc_hd__inv_1)
     1    0.01    0.03    0.05   17.54 v _10006_/Y (sky130_fd_sc_hd__inv_1)
                                         _00484_ (net)
                  0.03    0.00   17.54 v _18240_/B (sky130_fd_sc_hd__ha_1)
     5    0.02    0.17    0.36   17.90 ^ _18240_/SUM (sky130_fd_sc_hd__ha_1)
                                         _00486_ (net)
                  0.17    0.00   17.90 ^ _16206_/A (sky130_fd_sc_hd__inv_1)
     2    0.01    0.08    0.11   18.01 v _16206_/Y (sky130_fd_sc_hd__inv_1)
                                         _02237_ (net)
                  0.08    0.00   18.01 v _16207_/C1 (sky130_fd_sc_hd__a222oi_1)
     1    0.01    0.34    0.29   18.30 ^ _16207_/Y (sky130_fd_sc_hd__a222oi_1)
                                         _02238_ (net)
                  0.34    0.00   18.30 ^ _16208_/D1 (sky130_fd_sc_hd__o2111ai_1)
     1    0.00    0.13    0.18   18.47 v _16208_/Y (sky130_fd_sc_hd__o2111ai_1)
                                         _02239_ (net)
                  0.13    0.00   18.47 v _16211_/C (sky130_fd_sc_hd__or4_1)
     1    0.01    0.13    0.55   19.03 v _16211_/X (sky130_fd_sc_hd__or4_1)
                                         _02242_ (net)
                  0.13    0.00   19.03 v _16212_/D1 (sky130_fd_sc_hd__a2111oi_2)
     1    0.01    0.38    0.33   19.35 ^ _16212_/Y (sky130_fd_sc_hd__a2111oi_2)
                                         _02243_ (net)
                  0.38    0.00   19.35 ^ _16216_/C1 (sky130_fd_sc_hd__o2111ai_1)
     1    0.01    0.17    0.23   19.58 v _16216_/Y (sky130_fd_sc_hd__o2111ai_1)
                                         _02247_ (net)
                  0.17    0.00   19.58 v _16217_/C1 (sky130_fd_sc_hd__a311oi_1)
     1    0.00    0.25    0.27   19.85 ^ _16217_/Y (sky130_fd_sc_hd__a311oi_1)
                                         _02248_ (net)
                  0.25    0.00   19.85 ^ _16239_/B (sky130_fd_sc_hd__nand4_1)
     1    0.00    0.11    0.14   19.99 v _16239_/Y (sky130_fd_sc_hd__nand4_1)
                                         _02270_ (net)
                  0.11    0.00   19.99 v place444/A (sky130_fd_sc_hd__buf_4)
    20    0.09    0.12    0.24   20.24 v place444/X (sky130_fd_sc_hd__buf_4)
                                         net443 (net)
                  0.12    0.01   20.25 v _16241_/D (sky130_fd_sc_hd__and4_1)
     1    0.00    0.05    0.24   20.48 v _16241_/X (sky130_fd_sc_hd__and4_1)
                                         _02272_ (net)
                  0.05    0.00   20.48 v _16247_/A (sky130_fd_sc_hd__nor3_1)
     1    0.01    0.22    0.24   20.72 ^ _16247_/Y (sky130_fd_sc_hd__nor3_1)
                                         _00730_ (net)
                  0.22    0.00   20.72 ^ mul_reduced_q[10]$_DFFE_PN0P_/D (sky130_fd_sc_hd__dfrtp_1)
                                 20.72   data arrival time

                         20.00   20.00   clock clk (rise edge)
                          0.00   20.00   clock source latency
     2    0.11    0.00    0.00   20.00 ^ clk (in)
                                         clk (net)
                  0.04    0.02   20.02 ^ clkbuf_0_clk/A (sky130_fd_sc_hd__clkbuf_16)
     9    0.24    0.25    0.27   20.29 ^ clkbuf_0_clk/X (sky130_fd_sc_hd__clkbuf_16)
                                         clknet_0_clk (net)
                  0.25    0.01   20.30 ^ clkbuf_3_5_0_clk/A (sky130_fd_sc_hd__clkbuf_16)
     4    0.07    0.09    0.23   20.53 ^ clkbuf_3_5_0_clk/X (sky130_fd_sc_hd__clkbuf_16)
                                         clknet_3_5_0_clk (net)
                  0.09    0.00   20.53 ^ clkbuf_5_20__f_clk/A (sky130_fd_sc_hd__clkbuf_16)
     7    0.14    0.15    0.23   20.76 ^ clkbuf_5_20__f_clk/X (sky130_fd_sc_hd__clkbuf_16)
                                         clknet_5_20__leaf_clk (net)
                  0.15    0.00   20.77 ^ clkbuf_leaf_234_clk/A (sky130_fd_sc_hd__clkbuf_16)
    11    0.04    0.06    0.18   20.95 ^ clkbuf_leaf_234_clk/X (sky130_fd_sc_hd__clkbuf_16)
                                         clknet_leaf_234_clk (net)
                  0.06    0.00   20.95 ^ mul_reduced_q[10]$_DFFE_PN0P_/CLK (sky130_fd_sc_hd__dfrtp_1)
                         -0.25   20.70   clock uncertainty
                          0.00   20.70   clock reconvergence pessimism
                         -0.10   20.60   library setup time
                                 20.60   data required time
-----------------------------------------------------------------------------
                                 20.60   data required time
                                -20.72   data arrival time
-----------------------------------------------------------------------------
                                 -0.12   slack (VIOLATED)



==========================================================================
global route report_checks -unconstrained
--------------------------------------------------------------------------
Startpoint: coeff_a_q[1]$_DFFE_PN0P_
            (rising edge-triggered flip-flop clocked by clk)
Endpoint: mul_reduced_q[10]$_DFFE_PN0P_
          (rising edge-triggered flip-flop clocked by clk)
Path Group: clk
Path Type: max

Fanout     Cap    Slew   Delay    Time   Description
-----------------------------------------------------------------------------
                          0.00    0.00   clock clk (rise edge)
                          0.00    0.00   clock source latency
     2    0.11    0.00    0.00    0.00 ^ clk (in)
                                         clk (net)
                  0.04    0.02    0.02 ^ clkbuf_0_clk/A (sky130_fd_sc_hd__clkbuf_16)
     9    0.24    0.25    0.27    0.29 ^ clkbuf_0_clk/X (sky130_fd_sc_hd__clkbuf_16)
                                         clknet_0_clk (net)
                  0.25    0.01    0.30 ^ clkbuf_3_5_0_clk/A (sky130_fd_sc_hd__clkbuf_16)
     4    0.07    0.09    0.23    0.53 ^ clkbuf_3_5_0_clk/X (sky130_fd_sc_hd__clkbuf_16)
                                         clknet_3_5_0_clk (net)
                  0.09    0.00    0.53 ^ clkbuf_5_20__f_clk/A (sky130_fd_sc_hd__clkbuf_16)
     7    0.14    0.15    0.23    0.76 ^ clkbuf_5_20__f_clk/X (sky130_fd_sc_hd__clkbuf_16)
                                         clknet_5_20__leaf_clk (net)
                  0.15    0.00    0.77 ^ clkbuf_leaf_228_clk/A (sky130_fd_sc_hd__clkbuf_16)
     9    0.04    0.06    0.18    0.95 ^ clkbuf_leaf_228_clk/X (sky130_fd_sc_hd__clkbuf_16)
                                         clknet_leaf_228_clk (net)
                  0.06    0.00    0.95 ^ coeff_a_q[1]$_DFFE_PN0P_/CLK (sky130_fd_sc_hd__dfrtp_1)
     6    0.04    0.19    0.50    1.45 v coeff_a_q[1]$_DFFE_PN0P_/Q (sky130_fd_sc_hd__dfrtp_1)
                                         coeff_a_q[1] (net)
                  0.19    0.00    1.45 v _18048_/A (sky130_fd_sc_hd__ha_1)
     2    0.01    0.08    0.37    1.82 ^ _18048_/SUM (sky130_fd_sc_hd__ha_1)
                                         _00295_ (net)
                  0.08    0.00    1.82 ^ _10076_/A (sky130_fd_sc_hd__inv_1)
     2    0.01    0.05    0.07    1.89 v _10076_/Y (sky130_fd_sc_hd__inv_1)
                                         _00244_ (net)
                  0.05    0.00    1.89 v _18022_/B (sky130_fd_sc_hd__ha_1)
     3    0.02    0.12    0.25    2.14 v _18022_/COUT (sky130_fd_sc_hd__ha_1)
                                         _00043_ (net)
                  0.12    0.00    2.14 v _17761_/A (sky130_fd_sc_hd__fa_1)
     2    0.02    0.13    0.52    2.66 v _17761_/COUT (sky130_fd_sc_hd__fa_1)
                                         _00045_ (net)
                  0.13    0.00    2.66 v _09746_/A1 (sky130_fd_sc_hd__a211oi_4)
     5    0.02    0.30    0.34    3.00 ^ _09746_/Y (sky130_fd_sc_hd__a211oi_4)
                                         _03515_ (net)
                  0.30    0.00    3.00 ^ _09765_/A1 (sky130_fd_sc_hd__o21ai_1)
     1    0.01    0.09    0.14    3.14 v _09765_/Y (sky130_fd_sc_hd__o21ai_1)
                                         _03534_ (net)
                  0.09    0.00    3.14 v _09769_/A2 (sky130_fd_sc_hd__a221oi_2)
     3    0.02    0.44    0.47    3.61 ^ _09769_/Y (sky130_fd_sc_hd__a221oi_2)
                                         _03538_ (net)
                  0.44    0.00    3.61 ^ _09777_/C (sky130_fd_sc_hd__nor4b_2)
     1    0.01    0.12    0.11    3.73 v _09777_/Y (sky130_fd_sc_hd__nor4b_2)
                                         _03546_ (net)
                  0.12    0.00    3.73 v _09778_/C (sky130_fd_sc_hd__nor3_2)
     4    0.02    0.42    0.35    4.07 ^ _09778_/Y (sky130_fd_sc_hd__nor3_2)
                                         _03547_ (net)
                  0.42    0.00    4.08 ^ _09805_/A3 (sky130_fd_sc_hd__o32ai_4)
     5    0.02    0.16    0.16    4.24 v _09805_/Y (sky130_fd_sc_hd__o32ai_4)
                                         _03573_ (net)
                  0.16    0.00    4.24 v _09826_/B (sky130_fd_sc_hd__and2_2)
     8    0.03    0.10    0.31    4.54 v _09826_/X (sky130_fd_sc_hd__and2_2)
                                         _03591_ (net)
                  0.10    0.00    4.54 v _09828_/D (sky130_fd_sc_hd__or4_1)
     1    0.01    0.12    0.47    5.01 v _09828_/X (sky130_fd_sc_hd__or4_1)
                                         _03593_ (net)
                  0.12    0.00    5.01 v _09831_/A3 (sky130_fd_sc_hd__a31oi_4)
     5    0.03    0.30    0.34    5.35 ^ _09831_/Y (sky130_fd_sc_hd__a31oi_4)
                                         _03596_ (net)
                  0.30    0.00    5.36 ^ rebuffer842/A (sky130_fd_sc_hd__buf_4)
     1    0.01    0.04    0.18    5.53 ^ rebuffer842/X (sky130_fd_sc_hd__buf_4)
                                         net841 (net)
                  0.04    0.00    5.53 ^ place477/A (sky130_fd_sc_hd__buf_4)
     6    0.03    0.08    0.14    5.67 ^ place477/X (sky130_fd_sc_hd__buf_4)
                                         net476 (net)
                  0.08    0.00    5.67 ^ _09983_/A1 (sky130_fd_sc_hd__o21ai_1)
     1    0.01    0.14    0.10    5.78 v _09983_/Y (sky130_fd_sc_hd__o21ai_1)
                                         _00109_ (net)
                  0.14    0.00    5.78 v _17897_/CIN (sky130_fd_sc_hd__fa_1)
     1    0.01    0.09    0.54    6.32 ^ _17897_/SUM (sky130_fd_sc_hd__fa_1)
                                         _09129_ (net)
                  0.09    0.00    6.32 ^ _17904_/CIN (sky130_fd_sc_hd__fa_1)
     1    0.01    0.10    0.44    6.77 v _17904_/SUM (sky130_fd_sc_hd__fa_1)
                                         _09095_ (net)
                  0.10    0.00    6.77 v _17884_/B (sky130_fd_sc_hd__fa_1)
     1    0.01    0.10    0.51    7.27 v _17884_/SUM (sky130_fd_sc_hd__fa_1)
                                         _09098_ (net)
                  0.10    0.00    7.27 v _17986_/B (sky130_fd_sc_hd__fa_1)
     1    0.02    0.17    0.61    7.88 ^ _17986_/SUM (sky130_fd_sc_hd__fa_1)
                                         _08663_ (net)
                  0.17    0.00    7.88 ^ _17752_/B (sky130_fd_sc_hd__fa_1)
     1    0.01    0.09    0.45    8.34 v _17752_/SUM (sky130_fd_sc_hd__fa_1)
                                         _08666_ (net)
                  0.09    0.00    8.34 v _18384_/B (sky130_fd_sc_hd__ha_1)
     5    0.02    0.11    0.26    8.60 v _18384_/COUT (sky130_fd_sc_hd__ha_1)
                                         _00695_ (net)
                  0.11    0.00    8.60 v _09511_/A (sky130_fd_sc_hd__nor3_1)
     1    0.01    0.23    0.27    8.87 ^ _09511_/Y (sky130_fd_sc_hd__nor3_1)
                                         _03370_ (net)
                  0.23    0.00    8.87 ^ _09512_/D1 (sky130_fd_sc_hd__o2111ai_1)
     1    0.01    0.18    0.21    9.08 v _09512_/Y (sky130_fd_sc_hd__o2111ai_1)
                                         _03371_ (net)
                  0.18    0.00    9.08 v _09516_/A2 (sky130_fd_sc_hd__a31oi_2)
     2    0.01    0.24    0.30    9.38 ^ _09516_/Y (sky130_fd_sc_hd__a31oi_2)
                                         _03375_ (net)
                  0.24    0.00    9.38 ^ _09517_/A (sky130_fd_sc_hd__nor2b_1)
     1    0.00    0.06    0.09    9.47 v _09517_/Y (sky130_fd_sc_hd__nor2b_1)
                                         _03376_ (net)
                  0.06    0.00    9.47 v _09518_/A2 (sky130_fd_sc_hd__o21ai_0)
     2    0.01    0.22    0.22    9.68 ^ _09518_/Y (sky130_fd_sc_hd__o21ai_0)
                                         _03377_ (net)
                  0.22    0.00    9.68 ^ _10105_/B_N (sky130_fd_sc_hd__nor2b_2)
     2    0.01    0.15    0.24    9.93 ^ _10105_/Y (sky130_fd_sc_hd__nor2b_2)
                                         _03688_ (net)
                  0.15    0.00    9.93 ^ _10106_/B (sky130_fd_sc_hd__xnor2_1)
     1    0.01    0.16    0.15   10.08 ^ _10106_/Y (sky130_fd_sc_hd__xnor2_1)
                                         g_b1.u_red.a[20] (net)
                  0.16    0.00   10.08 ^ place463/A (sky130_fd_sc_hd__buf_4)
     6    0.06    0.16    0.24   10.32 ^ place463/X (sky130_fd_sc_hd__buf_4)
                                         net462 (net)
                  0.16    0.00   10.32 ^ _17768_/B (sky130_fd_sc_hd__fa_1)
     2    0.01    0.13    0.50   10.82 v _17768_/SUM (sky130_fd_sc_hd__fa_1)
                                         _08723_ (net)
                  0.13    0.00   10.82 v _17965_/B (sky130_fd_sc_hd__fa_1)
     1    0.01    0.12    0.58   11.40 ^ _17965_/SUM (sky130_fd_sc_hd__fa_1)
                                         _08839_ (net)
                  0.12    0.00   11.40 ^ _17807_/CIN (sky130_fd_sc_hd__fa_1)
     1    0.01    0.10    0.46   11.86 v _17807_/SUM (sky130_fd_sc_hd__fa_1)
                                         _08841_ (net)
                  0.10    0.00   11.86 v _17993_/A (sky130_fd_sc_hd__fa_1)
     1    0.01    0.10    0.59   12.45 ^ _17993_/SUM (sky130_fd_sc_hd__fa_1)
                                         _08826_ (net)
                  0.10    0.00   12.45 ^ _17804_/B (sky130_fd_sc_hd__fa_1)
     1    0.01    0.09    0.44   12.89 v _17804_/SUM (sky130_fd_sc_hd__fa_1)
                                         _08829_ (net)
                  0.09    0.00   12.89 v _18393_/A (sky130_fd_sc_hd__ha_1)
     3    0.01    0.10    0.36   13.25 v _18393_/SUM (sky130_fd_sc_hd__ha_1)
                                         _00711_ (net)
                  0.10    0.00   13.25 v _09633_/A1 (sky130_fd_sc_hd__a2111oi_1)
     1    0.00    0.37    0.39   13.64 ^ _09633_/Y (sky130_fd_sc_hd__a2111oi_1)
                                         _03444_ (net)
                  0.37    0.00   13.64 ^ _09634_/B1 (sky130_fd_sc_hd__o21ai_0)
     1    0.00    0.12    0.17   13.81 v _09634_/Y (sky130_fd_sc_hd__o21ai_0)
                                         _03445_ (net)
                  0.12    0.00   13.81 v _09637_/B1 (sky130_fd_sc_hd__a32oi_1)
     1    0.00    0.17    0.19   14.00 ^ _09637_/Y (sky130_fd_sc_hd__a32oi_1)
                                         _03448_ (net)
                  0.17    0.00   14.00 ^ _09638_/B1 (sky130_fd_sc_hd__o21ai_0)
     1    0.01    0.14    0.17   14.17 v _09638_/Y (sky130_fd_sc_hd__o21ai_0)
                                         _03449_ (net)
                  0.14    0.00   14.17 v place462/A (sky130_fd_sc_hd__buf_4)
     3    0.02    0.04    0.19   14.36 v place462/X (sky130_fd_sc_hd__buf_4)
                                         net461 (net)
                  0.04    0.00   14.36 v _09643_/A1 (sky130_fd_sc_hd__a211oi_1)
     1    0.00    0.24    0.23   14.60 ^ _09643_/Y (sky130_fd_sc_hd__a211oi_1)
                                         _03454_ (net)
                  0.24    0.00   14.60 ^ place461/A (sky130_fd_sc_hd__buf_4)
     4    0.02    0.06    0.18   14.78 ^ place461/X (sky130_fd_sc_hd__buf_4)
                                         net460 (net)
                  0.06    0.00   14.78 ^ _09648_/A1 (sky130_fd_sc_hd__a21oi_1)
     3    0.01    0.12    0.12   14.90 v _09648_/Y (sky130_fd_sc_hd__a21oi_1)
                                         _03459_ (net)
                  0.12    0.00   14.90 v _09649_/D (sky130_fd_sc_hd__nand4_1)
     2    0.01    0.11    0.15   15.05 ^ _09649_/Y (sky130_fd_sc_hd__nand4_1)
                                         _03460_ (net)
                  0.11    0.00   15.05 ^ _09652_/B (sky130_fd_sc_hd__nand3b_1)
     2    0.01    0.14    0.15   15.20 v _09652_/Y (sky130_fd_sc_hd__nand3b_1)
                                         _03463_ (net)
                  0.14    0.00   15.20 v _09653_/A2 (sky130_fd_sc_hd__a21oi_1)
     1    0.01    0.18    0.23   15.43 ^ _09653_/Y (sky130_fd_sc_hd__a21oi_1)
                                         _03464_ (net)
                  0.18    0.00   15.43 ^ _09654_/B (sky130_fd_sc_hd__xnor2_1)
     2    0.01    0.08    0.12   15.55 v _09654_/Y (sky130_fd_sc_hd__xnor2_1)
                                         g_b1.u_red.prod[35] (net)
                  0.08    0.00   15.55 v place452/A (sky130_fd_sc_hd__buf_4)
     3    0.03    0.06    0.18   15.73 v place452/X (sky130_fd_sc_hd__buf_4)
                                         net451 (net)
                  0.06    0.00   15.73 v _18373_/B (sky130_fd_sc_hd__ha_1)
     1    0.00    0.05    0.19   15.92 v _18373_/COUT (sky130_fd_sc_hd__ha_1)
                                         _09493_ (net)
                  0.05    0.00   15.92 v _18368_/A (sky130_fd_sc_hd__ha_1)
     1    0.01    0.08    0.24   16.16 v _18368_/COUT (sky130_fd_sc_hd__ha_1)
                                         _09281_ (net)
                  0.08    0.00   16.16 v _17996_/A (sky130_fd_sc_hd__fa_1)
     1    0.01    0.12    0.60   16.76 ^ _17996_/SUM (sky130_fd_sc_hd__fa_1)
                                         _08965_ (net)
                  0.12    0.00   16.76 ^ _17839_/B (sky130_fd_sc_hd__fa_1)
     1    0.01    0.09    0.45   17.20 v _17839_/SUM (sky130_fd_sc_hd__fa_1)
                                         _08966_ (net)
                  0.09    0.00   17.20 v _18370_/B (sky130_fd_sc_hd__ha_1)
     1    0.00    0.05    0.29   17.50 ^ _18370_/SUM (sky130_fd_sc_hd__ha_1)
                                         _00681_ (net)
                  0.05    0.00   17.50 ^ _10006_/A (sky130_fd_sc_hd__inv_1)
     1    0.01    0.03    0.05   17.54 v _10006_/Y (sky130_fd_sc_hd__inv_1)
                                         _00484_ (net)
                  0.03    0.00   17.54 v _18240_/B (sky130_fd_sc_hd__ha_1)
     5    0.02    0.17    0.36   17.90 ^ _18240_/SUM (sky130_fd_sc_hd__ha_1)
                                         _00486_ (net)
                  0.17    0.00   17.90 ^ _16206_/A (sky130_fd_sc_hd__inv_1)
     2    0.01    0.08    0.11   18.01 v _16206_/Y (sky130_fd_sc_hd__inv_1)
                                         _02237_ (net)
                  0.08    0.00   18.01 v _16207_/C1 (sky130_fd_sc_hd__a222oi_1)
     1    0.01    0.34    0.29   18.30 ^ _16207_/Y (sky130_fd_sc_hd__a222oi_1)
                                         _02238_ (net)
                  0.34    0.00   18.30 ^ _16208_/D1 (sky130_fd_sc_hd__o2111ai_1)
     1    0.00    0.13    0.18   18.47 v _16208_/Y (sky130_fd_sc_hd__o2111ai_1)
                                         _02239_ (net)
                  0.13    0.00   18.47 v _16211_/C (sky130_fd_sc_hd__or4_1)
     1    0.01    0.13    0.55   19.03 v _16211_/X (sky130_fd_sc_hd__or4_1)
                                         _02242_ (net)
                  0.13    0.00   19.03 v _16212_/D1 (sky130_fd_sc_hd__a2111oi_2)
     1    0.01    0.38    0.33   19.35 ^ _16212_/Y (sky130_fd_sc_hd__a2111oi_2)
                                         _02243_ (net)
                  0.38    0.00   19.35 ^ _16216_/C1 (sky130_fd_sc_hd__o2111ai_1)
     1    0.01    0.17    0.23   19.58 v _16216_/Y (sky130_fd_sc_hd__o2111ai_1)
                                         _02247_ (net)
                  0.17    0.00   19.58 v _16217_/C1 (sky130_fd_sc_hd__a311oi_1)
     1    0.00    0.25    0.27   19.85 ^ _16217_/Y (sky130_fd_sc_hd__a311oi_1)
                                         _02248_ (net)
                  0.25    0.00   19.85 ^ _16239_/B (sky130_fd_sc_hd__nand4_1)
     1    0.00    0.11    0.14   19.99 v _16239_/Y (sky130_fd_sc_hd__nand4_1)
                                         _02270_ (net)
                  0.11    0.00   19.99 v place444/A (sky130_fd_sc_hd__buf_4)
    20    0.09    0.12    0.24   20.24 v place444/X (sky130_fd_sc_hd__buf_4)
                                         net443 (net)
                  0.12    0.01   20.25 v _16241_/D (sky130_fd_sc_hd__and4_1)
     1    0.00    0.05    0.24   20.48 v _16241_/X (sky130_fd_sc_hd__and4_1)
                                         _02272_ (net)
                  0.05    0.00   20.48 v _16247_/A (sky130_fd_sc_hd__nor3_1)
     1    0.01    0.22    0.24   20.72 ^ _16247_/Y (sky130_fd_sc_hd__nor3_1)
                                         _00730_ (net)
                  0.22    0.00   20.72 ^ mul_reduced_q[10]$_DFFE_PN0P_/D (sky130_fd_sc_hd__dfrtp_1)
                                 20.72   data arrival time

                         20.00   20.00   clock clk (rise edge)
                          0.00   20.00   clock source latency
     2    0.11    0.00    0.00   20.00 ^ clk (in)
                                         clk (net)
                  0.04    0.02   20.02 ^ clkbuf_0_clk/A (sky130_fd_sc_hd__clkbuf_16)
     9    0.24    0.25    0.27   20.29 ^ clkbuf_0_clk/X (sky130_fd_sc_hd__clkbuf_16)
                                         clknet_0_clk (net)
                  0.25    0.01   20.30 ^ clkbuf_3_5_0_clk/A (sky130_fd_sc_hd__clkbuf_16)
     4    0.07    0.09    0.23   20.53 ^ clkbuf_3_5_0_clk/X (sky130_fd_sc_hd__clkbuf_16)
                                         clknet_3_5_0_clk (net)
                  0.09    0.00   20.53 ^ clkbuf_5_20__f_clk/A (sky130_fd_sc_hd__clkbuf_16)
     7    0.14    0.15    0.23   20.76 ^ clkbuf_5_20__f_clk/X (sky130_fd_sc_hd__clkbuf_16)
                                         clknet_5_20__leaf_clk (net)
                  0.15    0.00   20.77 ^ clkbuf_leaf_234_clk/A (sky130_fd_sc_hd__clkbuf_16)
    11    0.04    0.06    0.18   20.95 ^ clkbuf_leaf_234_clk/X (sky130_fd_sc_hd__clkbuf_16)
                                         clknet_leaf_234_clk (net)
                  0.06    0.00   20.95 ^ mul_reduced_q[10]$_DFFE_PN0P_/CLK (sky130_fd_sc_hd__dfrtp_1)
                         -0.25   20.70   clock uncertainty
                          0.00   20.70   clock reconvergence pessimism
                         -0.10   20.60   library setup time
                                 20.60   data required time
-----------------------------------------------------------------------------
                                 20.60   data required time
                                -20.72   data arrival time
-----------------------------------------------------------------------------
                                 -0.12   slack (VIOLATED)



==========================================================================
global route report_check_types -max_slew -max_cap -max_fanout -violators
--------------------------------------------------------------------------

==========================================================================
global route max_slew_check_slack
--------------------------------------------------------------------------
0.023169467225670815

==========================================================================
global route max_slew_check_limit
--------------------------------------------------------------------------
1.4944789409637451

==========================================================================
global route max_slew_check_slack_limit
--------------------------------------------------------------------------
0.0155

==========================================================================
global route max_fanout_check_slack
--------------------------------------------------------------------------
1.0000000150474662e+30

==========================================================================
global route max_fanout_check_limit
--------------------------------------------------------------------------
1.0000000150474662e+30

==========================================================================
global route max_capacitance_check_slack
--------------------------------------------------------------------------
0.00018167162488680333

==========================================================================
global route max_capacitance_check_limit
--------------------------------------------------------------------------
0.0860700011253357

==========================================================================
global route max_capacitance_check_slack_limit
--------------------------------------------------------------------------
0.0021

==========================================================================
global route max_slew_violation_count
--------------------------------------------------------------------------
max slew violation count 0

==========================================================================
global route max_fanout_violation_count
--------------------------------------------------------------------------
max fanout violation count 0

==========================================================================
global route max_cap_violation_count
--------------------------------------------------------------------------
max cap violation count 0

==========================================================================
global route setup_violation_count
--------------------------------------------------------------------------
setup violation count 9

==========================================================================
global route hold_violation_count
--------------------------------------------------------------------------
hold violation count 0

==========================================================================
global route report_checks -path_delay max reg to reg
--------------------------------------------------------------------------
Startpoint: coeff_a_q[1]$_DFFE_PN0P_
            (rising edge-triggered flip-flop clocked by clk)
Endpoint: mul_reduced_q[10]$_DFFE_PN0P_
          (rising edge-triggered flip-flop clocked by clk)
Path Group: clk
Path Type: max

  Delay    Time   Description
---------------------------------------------------------
   0.00    0.00   clock clk (rise edge)
   0.00    0.00   clock source latency
   0.00    0.00 ^ clk (in)
   0.29    0.29 ^ clkbuf_0_clk/X (sky130_fd_sc_hd__clkbuf_16)
   0.24    0.53 ^ clkbuf_3_5_0_clk/X (sky130_fd_sc_hd__clkbuf_16)
   0.23    0.76 ^ clkbuf_5_20__f_clk/X (sky130_fd_sc_hd__clkbuf_16)
   0.19    0.95 ^ clkbuf_leaf_228_clk/X (sky130_fd_sc_hd__clkbuf_16)
   0.00    0.95 ^ coeff_a_q[1]$_DFFE_PN0P_/CLK (sky130_fd_sc_hd__dfrtp_1)
   0.50    1.45 v coeff_a_q[1]$_DFFE_PN0P_/Q (sky130_fd_sc_hd__dfrtp_1)
   0.37    1.82 ^ _18048_/SUM (sky130_fd_sc_hd__ha_1)
   0.07    1.89 v _10076_/Y (sky130_fd_sc_hd__inv_1)
   0.25    2.14 v _18022_/COUT (sky130_fd_sc_hd__ha_1)
   0.52    2.66 v _17761_/COUT (sky130_fd_sc_hd__fa_1)
   0.34    3.00 ^ _09746_/Y (sky130_fd_sc_hd__a211oi_4)
   0.14    3.14 v _09765_/Y (sky130_fd_sc_hd__o21ai_1)
   0.47    3.61 ^ _09769_/Y (sky130_fd_sc_hd__a221oi_2)
   0.11    3.73 v _09777_/Y (sky130_fd_sc_hd__nor4b_2)
   0.35    4.07 ^ _09778_/Y (sky130_fd_sc_hd__nor3_2)
   0.16    4.24 v _09805_/Y (sky130_fd_sc_hd__o32ai_4)
   0.31    4.54 v _09826_/X (sky130_fd_sc_hd__and2_2)
   0.47    5.01 v _09828_/X (sky130_fd_sc_hd__or4_1)
   0.34    5.35 ^ _09831_/Y (sky130_fd_sc_hd__a31oi_4)
   0.18    5.53 ^ rebuffer842/X (sky130_fd_sc_hd__buf_4)
   0.14    5.67 ^ place477/X (sky130_fd_sc_hd__buf_4)
   0.11    5.78 v _09983_/Y (sky130_fd_sc_hd__o21ai_1)
   0.54    6.32 ^ _17897_/SUM (sky130_fd_sc_hd__fa_1)
   0.44    6.77 v _17904_/SUM (sky130_fd_sc_hd__fa_1)
   0.51    7.27 v _17884_/SUM (sky130_fd_sc_hd__fa_1)
   0.61    7.88 ^ _17986_/SUM (sky130_fd_sc_hd__fa_1)
   0.46    8.34 v _17752_/SUM (sky130_fd_sc_hd__fa_1)
   0.26    8.60 v _18384_/COUT (sky130_fd_sc_hd__ha_1)
   0.27    8.87 ^ _09511_/Y (sky130_fd_sc_hd__nor3_1)
   0.21    9.08 v _09512_/Y (sky130_fd_sc_hd__o2111ai_1)
   0.30    9.38 ^ _09516_/Y (sky130_fd_sc_hd__a31oi_2)
   0.09    9.47 v _09517_/Y (sky130_fd_sc_hd__nor2b_1)
   0.22    9.68 ^ _09518_/Y (sky130_fd_sc_hd__o21ai_0)
   0.24    9.93 ^ _10105_/Y (sky130_fd_sc_hd__nor2b_2)
   0.15   10.08 ^ _10106_/Y (sky130_fd_sc_hd__xnor2_1)
   0.24   10.32 ^ place463/X (sky130_fd_sc_hd__buf_4)
   0.50   10.82 v _17768_/SUM (sky130_fd_sc_hd__fa_1)
   0.58   11.40 ^ _17965_/SUM (sky130_fd_sc_hd__fa_1)
   0.46   11.86 v _17807_/SUM (sky130_fd_sc_hd__fa_1)
   0.59   12.45 ^ _17993_/SUM (sky130_fd_sc_hd__fa_1)
   0.44   12.89 v _17804_/SUM (sky130_fd_sc_hd__fa_1)
   0.36   13.25 v _18393_/SUM (sky130_fd_sc_hd__ha_1)
   0.39   13.64 ^ _09633_/Y (sky130_fd_sc_hd__a2111oi_1)
   0.17   13.81 v _09634_/Y (sky130_fd_sc_hd__o21ai_0)
   0.19   14.00 ^ _09637_/Y (sky130_fd_sc_hd__a32oi_1)
   0.17   14.17 v _09638_/Y (sky130_fd_sc_hd__o21ai_0)
   0.19   14.36 v place462/X (sky130_fd_sc_hd__buf_4)
   0.24   14.60 ^ _09643_/Y (sky130_fd_sc_hd__a211oi_1)
   0.18   14.78 ^ place461/X (sky130_fd_sc_hd__buf_4)
   0.12   14.90 v _09648_/Y (sky130_fd_sc_hd__a21oi_1)
   0.15   15.05 ^ _09649_/Y (sky130_fd_sc_hd__nand4_1)
   0.15   15.20 v _09652_/Y (sky130_fd_sc_hd__nand3b_1)
   0.23   15.43 ^ _09653_/Y (sky130_fd_sc_hd__a21oi_1)
   0.12   15.55 v _09654_/Y (sky130_fd_sc_hd__xnor2_1)
   0.18   15.73 v place452/X (sky130_fd_sc_hd__buf_4)
   0.19   15.92 v _18373_/COUT (sky130_fd_sc_hd__ha_1)
   0.24   16.16 v _18368_/COUT (sky130_fd_sc_hd__ha_1)
   0.60   16.76 ^ _17996_/SUM (sky130_fd_sc_hd__fa_1)
   0.45   17.20 v _17839_/SUM (sky130_fd_sc_hd__fa_1)
   0.29   17.50 ^ _18370_/SUM (sky130_fd_sc_hd__ha_1)
   0.05   17.54 v _10006_/Y (sky130_fd_sc_hd__inv_1)
   0.36   17.90 ^ _18240_/SUM (sky130_fd_sc_hd__ha_1)
   0.11   18.01 v _16206_/Y (sky130_fd_sc_hd__inv_1)
   0.29   18.30 ^ _16207_/Y (sky130_fd_sc_hd__a222oi_1)
   0.18   18.47 v _16208_/Y (sky130_fd_sc_hd__o2111ai_1)
   0.55   19.03 v _16211_/X (sky130_fd_sc_hd__or4_1)
   0.33   19.35 ^ _16212_/Y (sky130_fd_sc_hd__a2111oi_2)
   0.23   19.58 v _16216_/Y (sky130_fd_sc_hd__o2111ai_1)
   0.27   19.85 ^ _16217_/Y (sky130_fd_sc_hd__a311oi_1)
   0.14   19.99 v _16239_/Y (sky130_fd_sc_hd__nand4_1)
   0.24   20.24 v place444/X (sky130_fd_sc_hd__buf_4)
   0.25   20.48 v _16241_/X (sky130_fd_sc_hd__and4_1)
   0.24   20.72 ^ _16247_/Y (sky130_fd_sc_hd__nor3_1)
   0.00   20.72 ^ mul_reduced_q[10]$_DFFE_PN0P_/D (sky130_fd_sc_hd__dfrtp_1)
          20.72   data arrival time

  20.00   20.00   clock clk (rise edge)
   0.00   20.00   clock source latency
   0.00   20.00 ^ clk (in)
   0.29   20.29 ^ clkbuf_0_clk/X (sky130_fd_sc_hd__clkbuf_16)
   0.24   20.53 ^ clkbuf_3_5_0_clk/X (sky130_fd_sc_hd__clkbuf_16)
   0.23   20.76 ^ clkbuf_5_20__f_clk/X (sky130_fd_sc_hd__clkbuf_16)
   0.18   20.95 ^ clkbuf_leaf_234_clk/X (sky130_fd_sc_hd__clkbuf_16)
   0.00   20.95 ^ mul_reduced_q[10]$_DFFE_PN0P_/CLK (sky130_fd_sc_hd__dfrtp_1)
  -0.25   20.70   clock uncertainty
   0.00   20.70   clock reconvergence pessimism
  -0.10   20.60   library setup time
          20.60   data required time
---------------------------------------------------------
          20.60   data required time
         -20.72   data arrival time
---------------------------------------------------------
          -0.12   slack (VIOLATED)



==========================================================================
global route report_checks -path_delay min reg to reg
--------------------------------------------------------------------------
Startpoint: st[13]$_DFF_PN0_ (rising edge-triggered flip-flop clocked by clk)
Endpoint: done$_DFF_PN0_ (rising edge-triggered flip-flop clocked by clk)
Path Group: clk
Path Type: min

  Delay    Time   Description
---------------------------------------------------------
   0.00    0.00   clock clk (rise edge)
   0.00    0.00   clock source latency
   0.00    0.00 ^ clk (in)
   0.29    0.29 ^ clkbuf_0_clk/X (sky130_fd_sc_hd__clkbuf_16)
   0.24    0.53 ^ clkbuf_3_5_0_clk/X (sky130_fd_sc_hd__clkbuf_16)
   0.22    0.76 ^ clkbuf_5_23__f_clk/X (sky130_fd_sc_hd__clkbuf_16)
   0.18    0.93 ^ clkbuf_leaf_183_clk/X (sky130_fd_sc_hd__clkbuf_16)
   0.00    0.93 ^ st[13]$_DFF_PN0_/CLK (sky130_fd_sc_hd__dfrtp_1)
   0.35    1.28 ^ st[13]$_DFF_PN0_/Q (sky130_fd_sc_hd__dfrtp_1)
   0.00    1.28 ^ done$_DFF_PN0_/D (sky130_fd_sc_hd__dfrtp_1)
           1.28   data arrival time

   0.00    0.00   clock clk (rise edge)
   0.00    0.00   clock source latency
   0.00    0.00 ^ clk (in)
   0.29    0.29 ^ clkbuf_0_clk/X (sky130_fd_sc_hd__clkbuf_16)
   0.24    0.53 ^ clkbuf_3_5_0_clk/X (sky130_fd_sc_hd__clkbuf_16)
   0.22    0.76 ^ clkbuf_5_23__f_clk/X (sky130_fd_sc_hd__clkbuf_16)
   0.18    0.93 ^ clkbuf_leaf_183_clk/X (sky130_fd_sc_hd__clkbuf_16)
   0.00    0.93 ^ done$_DFF_PN0_/CLK (sky130_fd_sc_hd__dfrtp_1)
   0.25    1.18   clock uncertainty
   0.00    1.18   clock reconvergence pessimism
  -0.04    1.14   library hold time
           1.14   data required time
---------------------------------------------------------
           1.14   data required time
          -1.28   data arrival time
---------------------------------------------------------
           0.14   slack (MET)



==========================================================================
global route critical path target clock latency max path
--------------------------------------------------------------------------
0.9369

==========================================================================
global route critical path target clock latency min path
--------------------------------------------------------------------------
0.9482

==========================================================================
global route critical path source clock latency min path
--------------------------------------------------------------------------
0.0000

==========================================================================
global route critical path delay
--------------------------------------------------------------------------
20.7168

==========================================================================
global route critical path slack
--------------------------------------------------------------------------
-0.1162

==========================================================================
global route slack div critical path delay
--------------------------------------------------------------------------
-0.560897

==========================================================================
global route report_power
--------------------------------------------------------------------------
Group                  Internal  Switching    Leakage      Total
                          Power      Power      Power      Power (Watts)
----------------------------------------------------------------
Sequential             7.42e-03   0.00e+00   2.97e-08   7.42e-03  52.9%
Combinational          1.51e-05   1.42e-04   2.44e-08   1.57e-04   1.1%
Clock                  3.51e-03   2.94e-03   5.18e-09   6.45e-03  46.0%
Macro                  0.00e+00   0.00e+00   0.00e+00   0.00e+00   0.0%
Pad                    0.00e+00   0.00e+00   0.00e+00   0.00e+00   0.0%
----------------------------------------------------------------
Total                  1.09e-02   3.09e-03   5.93e-08   1.40e-02 100.0%
                          78.0%      22.0%       0.0%
