
==========================================================================
finish report_tns
--------------------------------------------------------------------------
tns max 0.00

==========================================================================
finish report_wns
--------------------------------------------------------------------------
wns max 0.00

==========================================================================
finish report_worst_slack
--------------------------------------------------------------------------
worst slack max 0.87

==========================================================================
finish report_clock_min_period
--------------------------------------------------------------------------
clk period_min = 19.13 fmax = 52.28

==========================================================================
finish report_clock_skew
--------------------------------------------------------------------------
Clock clk
   0.92 source latency scale_index[1]$_DFFE_PN0P_/CLK ^
  -0.88 target latency u_coeff_ram.mem[173][10]$_DFFE_PP_/CLK ^
   0.25 clock uncertainty
   0.00 CRPR
--------------
   0.29 setup skew


==========================================================================
finish report_checks -path_delay min
--------------------------------------------------------------------------
Startpoint: st[13]$_DFF_PN0_ (rising edge-triggered flip-flop clocked by clk)
Endpoint: done$_DFF_PN0_ (rising edge-triggered flip-flop clocked by clk)
Path Group: clk
Path Type: min

Fanout     Cap    Slew   Delay    Time   Description
-----------------------------------------------------------------------------
                          0.00    0.00   clock clk (rise edge)
                          0.00    0.00   clock source latency
     2    0.08    0.00    0.00    0.00 ^ clk (in)
                                         clk (net)
                  0.03    0.02    0.02 ^ clkbuf_0_clk/A (sky130_fd_sc_hd__clkbuf_16)
     9    0.21    0.22    0.26    0.27 ^ clkbuf_0_clk/X (sky130_fd_sc_hd__clkbuf_16)
                                         clknet_0_clk (net)
                  0.22    0.01    0.28 ^ clkbuf_3_5_0_clk/A (sky130_fd_sc_hd__clkbuf_16)
     4    0.07    0.09    0.22    0.50 ^ clkbuf_3_5_0_clk/X (sky130_fd_sc_hd__clkbuf_16)
                                         clknet_3_5_0_clk (net)
                  0.09    0.00    0.50 ^ clkbuf_5_23__f_clk/A (sky130_fd_sc_hd__clkbuf_16)
     8    0.12    0.13    0.21    0.71 ^ clkbuf_5_23__f_clk/X (sky130_fd_sc_hd__clkbuf_16)
                                         clknet_5_23__leaf_clk (net)
                  0.13    0.00    0.71 ^ clkbuf_leaf_183_clk/A (sky130_fd_sc_hd__clkbuf_16)
     8    0.03    0.05    0.17    0.88 ^ clkbuf_leaf_183_clk/X (sky130_fd_sc_hd__clkbuf_16)
                                         clknet_leaf_183_clk (net)
                  0.05    0.00    0.88 ^ st[13]$_DFF_PN0_/CLK (sky130_fd_sc_hd__dfrtp_1)
     2    0.01    0.07    0.34    1.22 ^ st[13]$_DFF_PN0_/Q (sky130_fd_sc_hd__dfrtp_1)
                                         st[13] (net)
                  0.07    0.00    1.22 ^ done$_DFF_PN0_/D (sky130_fd_sc_hd__dfrtp_1)
                                  1.22   data arrival time

                          0.00    0.00   clock clk (rise edge)
                          0.00    0.00   clock source latency
     2    0.08    0.00    0.00    0.00 ^ clk (in)
                                         clk (net)
                  0.03    0.02    0.02 ^ clkbuf_0_clk/A (sky130_fd_sc_hd__clkbuf_16)
     9    0.21    0.22    0.26    0.27 ^ clkbuf_0_clk/X (sky130_fd_sc_hd__clkbuf_16)
                                         clknet_0_clk (net)
                  0.22    0.01    0.28 ^ clkbuf_3_5_0_clk/A (sky130_fd_sc_hd__clkbuf_16)
     4    0.07    0.09    0.22    0.50 ^ clkbuf_3_5_0_clk/X (sky130_fd_sc_hd__clkbuf_16)
                                         clknet_3_5_0_clk (net)
                  0.09    0.00    0.50 ^ clkbuf_5_23__f_clk/A (sky130_fd_sc_hd__clkbuf_16)
     8    0.12    0.13    0.21    0.71 ^ clkbuf_5_23__f_clk/X (sky130_fd_sc_hd__clkbuf_16)
                                         clknet_5_23__leaf_clk (net)
                  0.13    0.00    0.71 ^ clkbuf_leaf_183_clk/A (sky130_fd_sc_hd__clkbuf_16)
     8    0.03    0.05    0.17    0.88 ^ clkbuf_leaf_183_clk/X (sky130_fd_sc_hd__clkbuf_16)
                                         clknet_leaf_183_clk (net)
                  0.05    0.00    0.88 ^ done$_DFF_PN0_/CLK (sky130_fd_sc_hd__dfrtp_1)
                          0.25    1.13   clock uncertainty
                          0.00    1.13   clock reconvergence pessimism
                         -0.04    1.09   library hold time
                                  1.09   data required time
-----------------------------------------------------------------------------
                                  1.09   data required time
                                 -1.22   data arrival time
-----------------------------------------------------------------------------
                                  0.13   slack (MET)



==========================================================================
finish report_checks -path_delay max
--------------------------------------------------------------------------
Startpoint: coeff_a_q[1]$_DFFE_PN0P_
            (rising edge-triggered flip-flop clocked by clk)
Endpoint: mul_reduced_q[3]$_DFFE_PN0P_
          (rising edge-triggered flip-flop clocked by clk)
Path Group: clk
Path Type: max

Fanout     Cap    Slew   Delay    Time   Description
-----------------------------------------------------------------------------
                          0.00    0.00   clock clk (rise edge)
                          0.00    0.00   clock source latency
     2    0.08    0.00    0.00    0.00 ^ clk (in)
                                         clk (net)
                  0.03    0.02    0.02 ^ clkbuf_0_clk/A (sky130_fd_sc_hd__clkbuf_16)
     9    0.21    0.22    0.26    0.27 ^ clkbuf_0_clk/X (sky130_fd_sc_hd__clkbuf_16)
                                         clknet_0_clk (net)
                  0.22    0.01    0.28 ^ clkbuf_3_5_0_clk/A (sky130_fd_sc_hd__clkbuf_16)
     4    0.07    0.09    0.22    0.50 ^ clkbuf_3_5_0_clk/X (sky130_fd_sc_hd__clkbuf_16)
                                         clknet_3_5_0_clk (net)
                  0.09    0.00    0.50 ^ clkbuf_5_20__f_clk/A (sky130_fd_sc_hd__clkbuf_16)
     7    0.13    0.15    0.22    0.72 ^ clkbuf_5_20__f_clk/X (sky130_fd_sc_hd__clkbuf_16)
                                         clknet_5_20__leaf_clk (net)
                  0.15    0.00    0.73 ^ clkbuf_leaf_228_clk/A (sky130_fd_sc_hd__clkbuf_16)
     9    0.04    0.06    0.18    0.90 ^ clkbuf_leaf_228_clk/X (sky130_fd_sc_hd__clkbuf_16)
                                         clknet_leaf_228_clk (net)
                  0.06    0.00    0.90 ^ coeff_a_q[1]$_DFFE_PN0P_/CLK (sky130_fd_sc_hd__dfrtp_1)
     6    0.03    0.16    0.48    1.39 v coeff_a_q[1]$_DFFE_PN0P_/Q (sky130_fd_sc_hd__dfrtp_1)
                                         coeff_a_q[1] (net)
                  0.16    0.00    1.39 v _18048_/A (sky130_fd_sc_hd__ha_1)
     2    0.01    0.06    0.34    1.73 ^ _18048_/SUM (sky130_fd_sc_hd__ha_1)
                                         _00295_ (net)
                  0.06    0.00    1.73 ^ _10076_/A (sky130_fd_sc_hd__inv_1)
     2    0.01    0.04    0.05    1.78 v _10076_/Y (sky130_fd_sc_hd__inv_1)
                                         _00244_ (net)
                  0.04    0.00    1.78 v _18022_/B (sky130_fd_sc_hd__ha_1)
     3    0.02    0.10    0.23    2.01 v _18022_/COUT (sky130_fd_sc_hd__ha_1)
                                         _00043_ (net)
                  0.10    0.00    2.01 v _17761_/A (sky130_fd_sc_hd__fa_1)
     2    0.01    0.13    0.50    2.52 v _17761_/COUT (sky130_fd_sc_hd__fa_1)
                                         _00045_ (net)
                  0.13    0.00    2.52 v _09746_/A1 (sky130_fd_sc_hd__a211oi_4)
     5    0.02    0.27    0.31    2.83 ^ _09746_/Y (sky130_fd_sc_hd__a211oi_4)
                                         _03515_ (net)
                  0.27    0.00    2.83 ^ _09748_/A1 (sky130_fd_sc_hd__o21bai_1)
     2    0.02    0.15    0.20    3.03 v _09748_/Y (sky130_fd_sc_hd__o21bai_1)
                                         _03517_ (net)
                  0.15    0.00    3.03 v _09799_/A2 (sky130_fd_sc_hd__a2111oi_4)
     2    0.01    0.27    0.39    3.43 ^ _09799_/Y (sky130_fd_sc_hd__a2111oi_4)
                                         _03567_ (net)
                  0.27    0.00    3.43 ^ _09802_/B (sky130_fd_sc_hd__nor3_1)
     1    0.00    0.06    0.08    3.51 v _09802_/Y (sky130_fd_sc_hd__nor3_1)
                                         _03570_ (net)
                  0.06    0.00    3.51 v _09804_/A_N (sky130_fd_sc_hd__and4bb_1)
     3    0.02    0.17    0.34    3.85 ^ _09804_/X (sky130_fd_sc_hd__and4bb_1)
                                         _03572_ (net)
                  0.17    0.00    3.85 ^ _09805_/B2 (sky130_fd_sc_hd__o32ai_4)
     5    0.02    0.15    0.13    3.98 v _09805_/Y (sky130_fd_sc_hd__o32ai_4)
                                         _03573_ (net)
                  0.15    0.00    3.98 v _09826_/B (sky130_fd_sc_hd__and2_2)
     8    0.03    0.09    0.30    4.28 v _09826_/X (sky130_fd_sc_hd__and2_2)
                                         _03591_ (net)
                  0.09    0.00    4.28 v _09828_/D (sky130_fd_sc_hd__or4_1)
     1    0.01    0.12    0.46    4.74 v _09828_/X (sky130_fd_sc_hd__or4_1)
                                         _03593_ (net)
                  0.12    0.00    4.74 v _09831_/A3 (sky130_fd_sc_hd__a31oi_4)
     5    0.03    0.31    0.34    5.09 ^ _09831_/Y (sky130_fd_sc_hd__a31oi_4)
                                         _03596_ (net)
                  0.31    0.00    5.09 ^ rebuffer841/A (sky130_fd_sc_hd__buf_4)
     2    0.01    0.05    0.19    5.28 ^ rebuffer841/X (sky130_fd_sc_hd__buf_4)
                                         net840 (net)
                  0.05    0.00    5.28 ^ _09969_/A1 (sky130_fd_sc_hd__o21ai_1)
     1    0.01    0.14    0.09    5.37 v _09969_/Y (sky130_fd_sc_hd__o21ai_1)
                                         _00144_ (net)
                  0.14    0.00    5.37 v _17931_/A (sky130_fd_sc_hd__fa_1)
     1    0.01    0.08    0.58    5.95 ^ _17931_/SUM (sky130_fd_sc_hd__fa_1)
                                         _08616_ (net)
                  0.08    0.00    5.95 ^ _17737_/CIN (sky130_fd_sc_hd__fa_1)
     1    0.01    0.09    0.43    6.39 v _17737_/SUM (sky130_fd_sc_hd__fa_1)
                                         _08618_ (net)
                  0.09    0.00    6.39 v _17926_/CIN (sky130_fd_sc_hd__fa_1)
     1    0.01    0.15    0.57    6.96 ^ _17926_/SUM (sky130_fd_sc_hd__fa_1)
                                         _08961_ (net)
                  0.15    0.00    6.96 ^ _17838_/B (sky130_fd_sc_hd__fa_1)
     1    0.01    0.09    0.46    7.41 v _17838_/SUM (sky130_fd_sc_hd__fa_1)
                                         _08963_ (net)
                  0.09    0.00    7.41 v _17925_/B (sky130_fd_sc_hd__fa_1)
     1    0.00    0.08    0.47    7.89 v _17925_/SUM (sky130_fd_sc_hd__fa_1)
                                         _09184_ (net)
                  0.08    0.00    7.89 v _18300_/B (sky130_fd_sc_hd__ha_1)
     7    0.02    0.14    0.39    8.28 v _18300_/SUM (sky130_fd_sc_hd__ha_1)
                                         _00575_ (net)
                  0.14    0.00    8.28 v _09553_/A (sky130_fd_sc_hd__and3_1)
     1    0.00    0.04    0.18    8.46 v _09553_/X (sky130_fd_sc_hd__and3_1)
                                         _03397_ (net)
                  0.04    0.00    8.46 v _09554_/B1 (sky130_fd_sc_hd__a21oi_1)
     2    0.01    0.17    0.16    8.62 ^ _09554_/Y (sky130_fd_sc_hd__a21oi_1)
                                         _03398_ (net)
                  0.17    0.00    8.62 ^ _09556_/B1 (sky130_fd_sc_hd__o211ai_1)
     2    0.01    0.16    0.18    8.80 v _09556_/Y (sky130_fd_sc_hd__o211ai_1)
                                         _03400_ (net)
                  0.16    0.00    8.80 v _09559_/A2 (sky130_fd_sc_hd__a31o_2)
     1    0.01    0.04    0.28    9.08 v _09559_/X (sky130_fd_sc_hd__a31o_2)
                                         _03403_ (net)
                  0.04    0.00    9.08 v _09560_/B (sky130_fd_sc_hd__xnor2_1)
     2    0.02    0.47    0.39    9.47 ^ _09560_/Y (sky130_fd_sc_hd__xnor2_1)
                                         _00057_ (net)
                  0.47    0.00    9.47 ^ _09561_/A (sky130_fd_sc_hd__inv_1)
     2    0.01    0.12    0.14    9.61 v _09561_/Y (sky130_fd_sc_hd__inv_1)
                                         g_b1.u_red.a[17] (net)
                  0.12    0.00    9.61 v _17772_/CIN (sky130_fd_sc_hd__fa_1)
     2    0.01    0.11    0.50   10.11 v _17772_/SUM (sky130_fd_sc_hd__fa_1)
                                         _08731_ (net)
                  0.11    0.00   10.11 v _17969_/B (sky130_fd_sc_hd__fa_1)
     1    0.01    0.10    0.56   10.67 ^ _17969_/SUM (sky130_fd_sc_hd__fa_1)
                                         _08866_ (net)
                  0.10    0.00   10.67 ^ _17813_/CIN (sky130_fd_sc_hd__fa_1)
     1    0.01    0.10    0.45   11.12 v _17813_/SUM (sky130_fd_sc_hd__fa_1)
                                         _08868_ (net)
                  0.10    0.00   11.12 v _17853_/A (sky130_fd_sc_hd__fa_1)
     1    0.01    0.09    0.58   11.70 ^ _17853_/SUM (sky130_fd_sc_hd__fa_1)
                                         _08855_ (net)
                  0.09    0.00   11.70 ^ _17811_/B (sky130_fd_sc_hd__fa_1)
     1    0.00    0.08    0.42   12.12 v _17811_/SUM (sky130_fd_sc_hd__fa_1)
                                         _08858_ (net)
                  0.08    0.00   12.12 v _18355_/A (sky130_fd_sc_hd__ha_1)
     3    0.01    0.08    0.34   12.46 v _18355_/SUM (sky130_fd_sc_hd__ha_1)
                                         _00663_ (net)
                  0.08    0.00   12.46 v _09630_/A1 (sky130_fd_sc_hd__a21oi_1)
     1    0.00    0.11    0.14   12.60 ^ _09630_/Y (sky130_fd_sc_hd__a21oi_1)
                                         _03441_ (net)
                  0.11    0.00   12.60 ^ _09631_/B1 (sky130_fd_sc_hd__o21ai_0)
     2    0.01    0.13    0.15   12.75 v _09631_/Y (sky130_fd_sc_hd__o21ai_0)
                                         _03442_ (net)
                  0.13    0.00   12.75 v _15969_/B1_N (sky130_fd_sc_hd__o21bai_1)
     1    0.00    0.06    0.19   12.94 v _15969_/Y (sky130_fd_sc_hd__o21bai_1)
                                         _02018_ (net)
                  0.06    0.00   12.94 v _15970_/A2 (sky130_fd_sc_hd__a21o_1)
     1    0.00    0.04    0.19   13.13 v _15970_/X (sky130_fd_sc_hd__a21o_1)
                                         _02019_ (net)
                  0.04    0.00   13.13 v _15971_/A2 (sky130_fd_sc_hd__a21o_1)
     1    0.00    0.03    0.17   13.29 v _15971_/X (sky130_fd_sc_hd__a21o_1)
                                         _02020_ (net)
                  0.03    0.00   13.29 v _15972_/A2 (sky130_fd_sc_hd__a21o_1)
     1    0.00    0.04    0.17   13.46 v _15972_/X (sky130_fd_sc_hd__a21o_1)
                                         _02021_ (net)
                  0.04    0.00   13.46 v _15973_/A2 (sky130_fd_sc_hd__a21o_1)
     1    0.01    0.04    0.18   13.64 v _15973_/X (sky130_fd_sc_hd__a21o_1)
                                         _02022_ (net)
                  0.04    0.00   13.64 v _15974_/A2 (sky130_fd_sc_hd__a21oi_1)
     1    0.01    0.23    0.23   13.87 ^ _15974_/Y (sky130_fd_sc_hd__a21oi_1)
                                         _02023_ (net)
                  0.23    0.00   13.87 ^ _15975_/B (sky130_fd_sc_hd__xnor2_2)
     2    0.02    0.13    0.16   14.03 v _15975_/Y (sky130_fd_sc_hd__xnor2_2)
                                         g_b1.u_red.prod[24] (net)
                  0.13    0.00   14.04 v _17947_/A (sky130_fd_sc_hd__fa_1)
     2    0.01    0.08    0.58   14.62 ^ _17947_/SUM (sky130_fd_sc_hd__fa_1)
                                         _00171_ (net)
                  0.08    0.00   14.62 ^ _10091_/A (sky130_fd_sc_hd__inv_1)
     2    0.01    0.05    0.07   14.69 v _10091_/Y (sky130_fd_sc_hd__inv_1)
                                         _00051_ (net)
                  0.05    0.00   14.69 v _17802_/CIN (sky130_fd_sc_hd__fa_1)
     2    0.01    0.09    0.51   15.19 ^ _17802_/SUM (sky130_fd_sc_hd__fa_1)
                                         _00052_ (net)
                  0.09    0.00   15.19 ^ _10110_/A (sky130_fd_sc_hd__inv_1)
     1    0.00    0.03    0.05   15.24 v _10110_/Y (sky130_fd_sc_hd__inv_1)
                                         _00666_ (net)
                  0.03    0.00   15.24 v _18357_/A (sky130_fd_sc_hd__ha_1)
     2    0.01    0.07    0.31   15.55 v _18357_/SUM (sky130_fd_sc_hd__ha_1)
                                         _00659_ (net)
                  0.07    0.00   15.55 v _18353_/A (sky130_fd_sc_hd__ha_2)
     5    0.03    0.14    0.40   15.95 ^ _18353_/SUM (sky130_fd_sc_hd__ha_2)
                                         _00230_ (net)
                  0.14    0.00   15.95 ^ _09568_/A (sky130_fd_sc_hd__inv_1)
     4    0.01    0.07    0.10   16.05 v _09568_/Y (sky130_fd_sc_hd__inv_1)
                                         g_b1.u_red.r0[0] (net)
                  0.07    0.00   16.05 v _18091_/A (sky130_fd_sc_hd__ha_1)
     2    0.01    0.05    0.22   16.27 v _18091_/COUT (sky130_fd_sc_hd__ha_1)
                                         _00341_ (net)
                  0.05    0.00   16.27 v _09499_/A (sky130_fd_sc_hd__or2_1)
     2    0.01    0.08    0.27   16.54 v _09499_/X (sky130_fd_sc_hd__or2_1)
                                         _00197_ (net)
                  0.08    0.00   16.54 v _17959_/A (sky130_fd_sc_hd__fa_1)
     3    0.01    0.13    0.50   17.04 v _17959_/COUT (sky130_fd_sc_hd__fa_1)
                                         _00199_ (net)
                  0.13    0.00   17.04 v _16052_/A1 (sky130_fd_sc_hd__a211oi_2)
     3    0.01    0.26    0.29   17.33 ^ _16052_/Y (sky130_fd_sc_hd__a211oi_2)
                                         _02083_ (net)
                  0.26    0.00   17.33 ^ _16079_/B (sky130_fd_sc_hd__nor2_1)
     1    0.01    0.09    0.11   17.44 v _16079_/Y (sky130_fd_sc_hd__nor2_1)
                                         _02110_ (net)
                  0.09    0.00   17.44 v _16080_/B (sky130_fd_sc_hd__xnor2_2)
     5    0.02    0.26    0.24   17.69 ^ _16080_/Y (sky130_fd_sc_hd__xnor2_2)
                                         _02111_ (net)
                  0.26    0.00   17.69 ^ _16082_/A (sky130_fd_sc_hd__nand2_1)
     3    0.02    0.14    0.18   17.86 v _16082_/Y (sky130_fd_sc_hd__nand2_1)
                                         _02113_ (net)
                  0.14    0.00   17.86 v _16155_/A3 (sky130_fd_sc_hd__o41ai_4)
     4    0.02    0.37    0.42   18.28 ^ _16155_/Y (sky130_fd_sc_hd__o41ai_4)
                                         _02186_ (net)
                  0.37    0.00   18.28 ^ _16156_/C (sky130_fd_sc_hd__nand3_1)
     1    0.02    0.22    0.24   18.52 v _16156_/Y (sky130_fd_sc_hd__nand3_1)
                                         _02187_ (net)
                  0.22    0.00   18.52 v _16217_/A2 (sky130_fd_sc_hd__a311oi_1)
     1    0.00    0.24    0.34   18.86 ^ _16217_/Y (sky130_fd_sc_hd__a311oi_1)
                                         _02248_ (net)
                  0.24    0.00   18.86 ^ _16239_/B (sky130_fd_sc_hd__nand4_1)
     1    0.00    0.10    0.14   19.01 v _16239_/Y (sky130_fd_sc_hd__nand4_1)
                                         _02270_ (net)
                  0.10    0.00   19.01 v place444/A (sky130_fd_sc_hd__buf_4)
    20    0.08    0.11    0.23   19.24 v place444/X (sky130_fd_sc_hd__buf_4)
                                         net443 (net)
                  0.11    0.01   19.25 v _16292_/S (sky130_fd_sc_hd__mux2i_1)
     1    0.00    0.07    0.15   19.39 v _16292_/Y (sky130_fd_sc_hd__mux2i_1)
                                         _02315_ (net)
                  0.07    0.00   19.39 v _16293_/C1 (sky130_fd_sc_hd__a221o_1)
     1    0.00    0.05    0.27   19.66 v _16293_/X (sky130_fd_sc_hd__a221o_1)
                                         _00737_ (net)
                  0.05    0.00   19.66 v mul_reduced_q[3]$_DFFE_PN0P_/D (sky130_fd_sc_hd__dfrtp_1)
                                 19.66   data arrival time

                         20.00   20.00   clock clk (rise edge)
                          0.00   20.00   clock source latency
     2    0.08    0.00    0.00   20.00 ^ clk (in)
                                         clk (net)
                  0.03    0.02   20.02 ^ clkbuf_0_clk/A (sky130_fd_sc_hd__clkbuf_16)
     9    0.21    0.22    0.26   20.27 ^ clkbuf_0_clk/X (sky130_fd_sc_hd__clkbuf_16)
                                         clknet_0_clk (net)
                  0.22    0.01   20.28 ^ clkbuf_3_5_0_clk/A (sky130_fd_sc_hd__clkbuf_16)
     4    0.07    0.09    0.22   20.50 ^ clkbuf_3_5_0_clk/X (sky130_fd_sc_hd__clkbuf_16)
                                         clknet_3_5_0_clk (net)
                  0.09    0.00   20.50 ^ clkbuf_5_20__f_clk/A (sky130_fd_sc_hd__clkbuf_16)
     7    0.13    0.15    0.22   20.72 ^ clkbuf_5_20__f_clk/X (sky130_fd_sc_hd__clkbuf_16)
                                         clknet_5_20__leaf_clk (net)
                  0.15    0.00   20.73 ^ clkbuf_leaf_233_clk/A (sky130_fd_sc_hd__clkbuf_16)
     7    0.03    0.05    0.17   20.90 ^ clkbuf_leaf_233_clk/X (sky130_fd_sc_hd__clkbuf_16)
                                         clknet_leaf_233_clk (net)
                  0.05    0.00   20.90 ^ mul_reduced_q[3]$_DFFE_PN0P_/CLK (sky130_fd_sc_hd__dfrtp_1)
                         -0.25   20.65   clock uncertainty
                          0.00   20.65   clock reconvergence pessimism
                         -0.12   20.53   library setup time
                                 20.53   data required time
-----------------------------------------------------------------------------
                                 20.53   data required time
                                -19.66   data arrival time
-----------------------------------------------------------------------------
                                  0.87   slack (MET)



==========================================================================
finish report_checks -unconstrained
--------------------------------------------------------------------------
Startpoint: coeff_a_q[1]$_DFFE_PN0P_
            (rising edge-triggered flip-flop clocked by clk)
Endpoint: mul_reduced_q[3]$_DFFE_PN0P_
          (rising edge-triggered flip-flop clocked by clk)
Path Group: clk
Path Type: max

Fanout     Cap    Slew   Delay    Time   Description
-----------------------------------------------------------------------------
                          0.00    0.00   clock clk (rise edge)
                          0.00    0.00   clock source latency
     2    0.08    0.00    0.00    0.00 ^ clk (in)
                                         clk (net)
                  0.03    0.02    0.02 ^ clkbuf_0_clk/A (sky130_fd_sc_hd__clkbuf_16)
     9    0.21    0.22    0.26    0.27 ^ clkbuf_0_clk/X (sky130_fd_sc_hd__clkbuf_16)
                                         clknet_0_clk (net)
                  0.22    0.01    0.28 ^ clkbuf_3_5_0_clk/A (sky130_fd_sc_hd__clkbuf_16)
     4    0.07    0.09    0.22    0.50 ^ clkbuf_3_5_0_clk/X (sky130_fd_sc_hd__clkbuf_16)
                                         clknet_3_5_0_clk (net)
                  0.09    0.00    0.50 ^ clkbuf_5_20__f_clk/A (sky130_fd_sc_hd__clkbuf_16)
     7    0.13    0.15    0.22    0.72 ^ clkbuf_5_20__f_clk/X (sky130_fd_sc_hd__clkbuf_16)
                                         clknet_5_20__leaf_clk (net)
                  0.15    0.00    0.73 ^ clkbuf_leaf_228_clk/A (sky130_fd_sc_hd__clkbuf_16)
     9    0.04    0.06    0.18    0.90 ^ clkbuf_leaf_228_clk/X (sky130_fd_sc_hd__clkbuf_16)
                                         clknet_leaf_228_clk (net)
                  0.06    0.00    0.90 ^ coeff_a_q[1]$_DFFE_PN0P_/CLK (sky130_fd_sc_hd__dfrtp_1)
     6    0.03    0.16    0.48    1.39 v coeff_a_q[1]$_DFFE_PN0P_/Q (sky130_fd_sc_hd__dfrtp_1)
                                         coeff_a_q[1] (net)
                  0.16    0.00    1.39 v _18048_/A (sky130_fd_sc_hd__ha_1)
     2    0.01    0.06    0.34    1.73 ^ _18048_/SUM (sky130_fd_sc_hd__ha_1)
                                         _00295_ (net)
                  0.06    0.00    1.73 ^ _10076_/A (sky130_fd_sc_hd__inv_1)
     2    0.01    0.04    0.05    1.78 v _10076_/Y (sky130_fd_sc_hd__inv_1)
                                         _00244_ (net)
                  0.04    0.00    1.78 v _18022_/B (sky130_fd_sc_hd__ha_1)
     3    0.02    0.10    0.23    2.01 v _18022_/COUT (sky130_fd_sc_hd__ha_1)
                                         _00043_ (net)
                  0.10    0.00    2.01 v _17761_/A (sky130_fd_sc_hd__fa_1)
     2    0.01    0.13    0.50    2.52 v _17761_/COUT (sky130_fd_sc_hd__fa_1)
                                         _00045_ (net)
                  0.13    0.00    2.52 v _09746_/A1 (sky130_fd_sc_hd__a211oi_4)
     5    0.02    0.27    0.31    2.83 ^ _09746_/Y (sky130_fd_sc_hd__a211oi_4)
                                         _03515_ (net)
                  0.27    0.00    2.83 ^ _09748_/A1 (sky130_fd_sc_hd__o21bai_1)
     2    0.02    0.15    0.20    3.03 v _09748_/Y (sky130_fd_sc_hd__o21bai_1)
                                         _03517_ (net)
                  0.15    0.00    3.03 v _09799_/A2 (sky130_fd_sc_hd__a2111oi_4)
     2    0.01    0.27    0.39    3.43 ^ _09799_/Y (sky130_fd_sc_hd__a2111oi_4)
                                         _03567_ (net)
                  0.27    0.00    3.43 ^ _09802_/B (sky130_fd_sc_hd__nor3_1)
     1    0.00    0.06    0.08    3.51 v _09802_/Y (sky130_fd_sc_hd__nor3_1)
                                         _03570_ (net)
                  0.06    0.00    3.51 v _09804_/A_N (sky130_fd_sc_hd__and4bb_1)
     3    0.02    0.17    0.34    3.85 ^ _09804_/X (sky130_fd_sc_hd__and4bb_1)
                                         _03572_ (net)
                  0.17    0.00    3.85 ^ _09805_/B2 (sky130_fd_sc_hd__o32ai_4)
     5    0.02    0.15    0.13    3.98 v _09805_/Y (sky130_fd_sc_hd__o32ai_4)
                                         _03573_ (net)
                  0.15    0.00    3.98 v _09826_/B (sky130_fd_sc_hd__and2_2)
     8    0.03    0.09    0.30    4.28 v _09826_/X (sky130_fd_sc_hd__and2_2)
                                         _03591_ (net)
                  0.09    0.00    4.28 v _09828_/D (sky130_fd_sc_hd__or4_1)
     1    0.01    0.12    0.46    4.74 v _09828_/X (sky130_fd_sc_hd__or4_1)
                                         _03593_ (net)
                  0.12    0.00    4.74 v _09831_/A3 (sky130_fd_sc_hd__a31oi_4)
     5    0.03    0.31    0.34    5.09 ^ _09831_/Y (sky130_fd_sc_hd__a31oi_4)
                                         _03596_ (net)
                  0.31    0.00    5.09 ^ rebuffer841/A (sky130_fd_sc_hd__buf_4)
     2    0.01    0.05    0.19    5.28 ^ rebuffer841/X (sky130_fd_sc_hd__buf_4)
                                         net840 (net)
                  0.05    0.00    5.28 ^ _09969_/A1 (sky130_fd_sc_hd__o21ai_1)
     1    0.01    0.14    0.09    5.37 v _09969_/Y (sky130_fd_sc_hd__o21ai_1)
                                         _00144_ (net)
                  0.14    0.00    5.37 v _17931_/A (sky130_fd_sc_hd__fa_1)
     1    0.01    0.08    0.58    5.95 ^ _17931_/SUM (sky130_fd_sc_hd__fa_1)
                                         _08616_ (net)
                  0.08    0.00    5.95 ^ _17737_/CIN (sky130_fd_sc_hd__fa_1)
     1    0.01    0.09    0.43    6.39 v _17737_/SUM (sky130_fd_sc_hd__fa_1)
                                         _08618_ (net)
                  0.09    0.00    6.39 v _17926_/CIN (sky130_fd_sc_hd__fa_1)
     1    0.01    0.15    0.57    6.96 ^ _17926_/SUM (sky130_fd_sc_hd__fa_1)
                                         _08961_ (net)
                  0.15    0.00    6.96 ^ _17838_/B (sky130_fd_sc_hd__fa_1)
     1    0.01    0.09    0.46    7.41 v _17838_/SUM (sky130_fd_sc_hd__fa_1)
                                         _08963_ (net)
                  0.09    0.00    7.41 v _17925_/B (sky130_fd_sc_hd__fa_1)
     1    0.00    0.08    0.47    7.89 v _17925_/SUM (sky130_fd_sc_hd__fa_1)
                                         _09184_ (net)
                  0.08    0.00    7.89 v _18300_/B (sky130_fd_sc_hd__ha_1)
     7    0.02    0.14    0.39    8.28 v _18300_/SUM (sky130_fd_sc_hd__ha_1)
                                         _00575_ (net)
                  0.14    0.00    8.28 v _09553_/A (sky130_fd_sc_hd__and3_1)
     1    0.00    0.04    0.18    8.46 v _09553_/X (sky130_fd_sc_hd__and3_1)
                                         _03397_ (net)
                  0.04    0.00    8.46 v _09554_/B1 (sky130_fd_sc_hd__a21oi_1)
     2    0.01    0.17    0.16    8.62 ^ _09554_/Y (sky130_fd_sc_hd__a21oi_1)
                                         _03398_ (net)
                  0.17    0.00    8.62 ^ _09556_/B1 (sky130_fd_sc_hd__o211ai_1)
     2    0.01    0.16    0.18    8.80 v _09556_/Y (sky130_fd_sc_hd__o211ai_1)
                                         _03400_ (net)
                  0.16    0.00    8.80 v _09559_/A2 (sky130_fd_sc_hd__a31o_2)
     1    0.01    0.04    0.28    9.08 v _09559_/X (sky130_fd_sc_hd__a31o_2)
                                         _03403_ (net)
                  0.04    0.00    9.08 v _09560_/B (sky130_fd_sc_hd__xnor2_1)
     2    0.02    0.47    0.39    9.47 ^ _09560_/Y (sky130_fd_sc_hd__xnor2_1)
                                         _00057_ (net)
                  0.47    0.00    9.47 ^ _09561_/A (sky130_fd_sc_hd__inv_1)
     2    0.01    0.12    0.14    9.61 v _09561_/Y (sky130_fd_sc_hd__inv_1)
                                         g_b1.u_red.a[17] (net)
                  0.12    0.00    9.61 v _17772_/CIN (sky130_fd_sc_hd__fa_1)
     2    0.01    0.11    0.50   10.11 v _17772_/SUM (sky130_fd_sc_hd__fa_1)
                                         _08731_ (net)
                  0.11    0.00   10.11 v _17969_/B (sky130_fd_sc_hd__fa_1)
     1    0.01    0.10    0.56   10.67 ^ _17969_/SUM (sky130_fd_sc_hd__fa_1)
                                         _08866_ (net)
                  0.10    0.00   10.67 ^ _17813_/CIN (sky130_fd_sc_hd__fa_1)
     1    0.01    0.10    0.45   11.12 v _17813_/SUM (sky130_fd_sc_hd__fa_1)
                                         _08868_ (net)
                  0.10    0.00   11.12 v _17853_/A (sky130_fd_sc_hd__fa_1)
     1    0.01    0.09    0.58   11.70 ^ _17853_/SUM (sky130_fd_sc_hd__fa_1)
                                         _08855_ (net)
                  0.09    0.00   11.70 ^ _17811_/B (sky130_fd_sc_hd__fa_1)
     1    0.00    0.08    0.42   12.12 v _17811_/SUM (sky130_fd_sc_hd__fa_1)
                                         _08858_ (net)
                  0.08    0.00   12.12 v _18355_/A (sky130_fd_sc_hd__ha_1)
     3    0.01    0.08    0.34   12.46 v _18355_/SUM (sky130_fd_sc_hd__ha_1)
                                         _00663_ (net)
                  0.08    0.00   12.46 v _09630_/A1 (sky130_fd_sc_hd__a21oi_1)
     1    0.00    0.11    0.14   12.60 ^ _09630_/Y (sky130_fd_sc_hd__a21oi_1)
                                         _03441_ (net)
                  0.11    0.00   12.60 ^ _09631_/B1 (sky130_fd_sc_hd__o21ai_0)
     2    0.01    0.13    0.15   12.75 v _09631_/Y (sky130_fd_sc_hd__o21ai_0)
                                         _03442_ (net)
                  0.13    0.00   12.75 v _15969_/B1_N (sky130_fd_sc_hd__o21bai_1)
     1    0.00    0.06    0.19   12.94 v _15969_/Y (sky130_fd_sc_hd__o21bai_1)
                                         _02018_ (net)
                  0.06    0.00   12.94 v _15970_/A2 (sky130_fd_sc_hd__a21o_1)
     1    0.00    0.04    0.19   13.13 v _15970_/X (sky130_fd_sc_hd__a21o_1)
                                         _02019_ (net)
                  0.04    0.00   13.13 v _15971_/A2 (sky130_fd_sc_hd__a21o_1)
     1    0.00    0.03    0.17   13.29 v _15971_/X (sky130_fd_sc_hd__a21o_1)
                                         _02020_ (net)
                  0.03    0.00   13.29 v _15972_/A2 (sky130_fd_sc_hd__a21o_1)
     1    0.00    0.04    0.17   13.46 v _15972_/X (sky130_fd_sc_hd__a21o_1)
                                         _02021_ (net)
                  0.04    0.00   13.46 v _15973_/A2 (sky130_fd_sc_hd__a21o_1)
     1    0.01    0.04    0.18   13.64 v _15973_/X (sky130_fd_sc_hd__a21o_1)
                                         _02022_ (net)
                  0.04    0.00   13.64 v _15974_/A2 (sky130_fd_sc_hd__a21oi_1)
     1    0.01    0.23    0.23   13.87 ^ _15974_/Y (sky130_fd_sc_hd__a21oi_1)
                                         _02023_ (net)
                  0.23    0.00   13.87 ^ _15975_/B (sky130_fd_sc_hd__xnor2_2)
     2    0.02    0.13    0.16   14.03 v _15975_/Y (sky130_fd_sc_hd__xnor2_2)
                                         g_b1.u_red.prod[24] (net)
                  0.13    0.00   14.04 v _17947_/A (sky130_fd_sc_hd__fa_1)
     2    0.01    0.08    0.58   14.62 ^ _17947_/SUM (sky130_fd_sc_hd__fa_1)
                                         _00171_ (net)
                  0.08    0.00   14.62 ^ _10091_/A (sky130_fd_sc_hd__inv_1)
     2    0.01    0.05    0.07   14.69 v _10091_/Y (sky130_fd_sc_hd__inv_1)
                                         _00051_ (net)
                  0.05    0.00   14.69 v _17802_/CIN (sky130_fd_sc_hd__fa_1)
     2    0.01    0.09    0.51   15.19 ^ _17802_/SUM (sky130_fd_sc_hd__fa_1)
                                         _00052_ (net)
                  0.09    0.00   15.19 ^ _10110_/A (sky130_fd_sc_hd__inv_1)
     1    0.00    0.03    0.05   15.24 v _10110_/Y (sky130_fd_sc_hd__inv_1)
                                         _00666_ (net)
                  0.03    0.00   15.24 v _18357_/A (sky130_fd_sc_hd__ha_1)
     2    0.01    0.07    0.31   15.55 v _18357_/SUM (sky130_fd_sc_hd__ha_1)
                                         _00659_ (net)
                  0.07    0.00   15.55 v _18353_/A (sky130_fd_sc_hd__ha_2)
     5    0.03    0.14    0.40   15.95 ^ _18353_/SUM (sky130_fd_sc_hd__ha_2)
                                         _00230_ (net)
                  0.14    0.00   15.95 ^ _09568_/A (sky130_fd_sc_hd__inv_1)
     4    0.01    0.07    0.10   16.05 v _09568_/Y (sky130_fd_sc_hd__inv_1)
                                         g_b1.u_red.r0[0] (net)
                  0.07    0.00   16.05 v _18091_/A (sky130_fd_sc_hd__ha_1)
     2    0.01    0.05    0.22   16.27 v _18091_/COUT (sky130_fd_sc_hd__ha_1)
                                         _00341_ (net)
                  0.05    0.00   16.27 v _09499_/A (sky130_fd_sc_hd__or2_1)
     2    0.01    0.08    0.27   16.54 v _09499_/X (sky130_fd_sc_hd__or2_1)
                                         _00197_ (net)
                  0.08    0.00   16.54 v _17959_/A (sky130_fd_sc_hd__fa_1)
     3    0.01    0.13    0.50   17.04 v _17959_/COUT (sky130_fd_sc_hd__fa_1)
                                         _00199_ (net)
                  0.13    0.00   17.04 v _16052_/A1 (sky130_fd_sc_hd__a211oi_2)
     3    0.01    0.26    0.29   17.33 ^ _16052_/Y (sky130_fd_sc_hd__a211oi_2)
                                         _02083_ (net)
                  0.26    0.00   17.33 ^ _16079_/B (sky130_fd_sc_hd__nor2_1)
     1    0.01    0.09    0.11   17.44 v _16079_/Y (sky130_fd_sc_hd__nor2_1)
                                         _02110_ (net)
                  0.09    0.00   17.44 v _16080_/B (sky130_fd_sc_hd__xnor2_2)
     5    0.02    0.26    0.24   17.69 ^ _16080_/Y (sky130_fd_sc_hd__xnor2_2)
                                         _02111_ (net)
                  0.26    0.00   17.69 ^ _16082_/A (sky130_fd_sc_hd__nand2_1)
     3    0.02    0.14    0.18   17.86 v _16082_/Y (sky130_fd_sc_hd__nand2_1)
                                         _02113_ (net)
                  0.14    0.00   17.86 v _16155_/A3 (sky130_fd_sc_hd__o41ai_4)
     4    0.02    0.37    0.42   18.28 ^ _16155_/Y (sky130_fd_sc_hd__o41ai_4)
                                         _02186_ (net)
                  0.37    0.00   18.28 ^ _16156_/C (sky130_fd_sc_hd__nand3_1)
     1    0.02    0.22    0.24   18.52 v _16156_/Y (sky130_fd_sc_hd__nand3_1)
                                         _02187_ (net)
                  0.22    0.00   18.52 v _16217_/A2 (sky130_fd_sc_hd__a311oi_1)
     1    0.00    0.24    0.34   18.86 ^ _16217_/Y (sky130_fd_sc_hd__a311oi_1)
                                         _02248_ (net)
                  0.24    0.00   18.86 ^ _16239_/B (sky130_fd_sc_hd__nand4_1)
     1    0.00    0.10    0.14   19.01 v _16239_/Y (sky130_fd_sc_hd__nand4_1)
                                         _02270_ (net)
                  0.10    0.00   19.01 v place444/A (sky130_fd_sc_hd__buf_4)
    20    0.08    0.11    0.23   19.24 v place444/X (sky130_fd_sc_hd__buf_4)
                                         net443 (net)
                  0.11    0.01   19.25 v _16292_/S (sky130_fd_sc_hd__mux2i_1)
     1    0.00    0.07    0.15   19.39 v _16292_/Y (sky130_fd_sc_hd__mux2i_1)
                                         _02315_ (net)
                  0.07    0.00   19.39 v _16293_/C1 (sky130_fd_sc_hd__a221o_1)
     1    0.00    0.05    0.27   19.66 v _16293_/X (sky130_fd_sc_hd__a221o_1)
                                         _00737_ (net)
                  0.05    0.00   19.66 v mul_reduced_q[3]$_DFFE_PN0P_/D (sky130_fd_sc_hd__dfrtp_1)
                                 19.66   data arrival time

                         20.00   20.00   clock clk (rise edge)
                          0.00   20.00   clock source latency
     2    0.08    0.00    0.00   20.00 ^ clk (in)
                                         clk (net)
                  0.03    0.02   20.02 ^ clkbuf_0_clk/A (sky130_fd_sc_hd__clkbuf_16)
     9    0.21    0.22    0.26   20.27 ^ clkbuf_0_clk/X (sky130_fd_sc_hd__clkbuf_16)
                                         clknet_0_clk (net)
                  0.22    0.01   20.28 ^ clkbuf_3_5_0_clk/A (sky130_fd_sc_hd__clkbuf_16)
     4    0.07    0.09    0.22   20.50 ^ clkbuf_3_5_0_clk/X (sky130_fd_sc_hd__clkbuf_16)
                                         clknet_3_5_0_clk (net)
                  0.09    0.00   20.50 ^ clkbuf_5_20__f_clk/A (sky130_fd_sc_hd__clkbuf_16)
     7    0.13    0.15    0.22   20.72 ^ clkbuf_5_20__f_clk/X (sky130_fd_sc_hd__clkbuf_16)
                                         clknet_5_20__leaf_clk (net)
                  0.15    0.00   20.73 ^ clkbuf_leaf_233_clk/A (sky130_fd_sc_hd__clkbuf_16)
     7    0.03    0.05    0.17   20.90 ^ clkbuf_leaf_233_clk/X (sky130_fd_sc_hd__clkbuf_16)
                                         clknet_leaf_233_clk (net)
                  0.05    0.00   20.90 ^ mul_reduced_q[3]$_DFFE_PN0P_/CLK (sky130_fd_sc_hd__dfrtp_1)
                         -0.25   20.65   clock uncertainty
                          0.00   20.65   clock reconvergence pessimism
                         -0.12   20.53   library setup time
                                 20.53   data required time
-----------------------------------------------------------------------------
                                 20.53   data required time
                                -19.66   data arrival time
-----------------------------------------------------------------------------
                                  0.87   slack (MET)



==========================================================================
finish report_check_types -max_slew -max_cap -max_fanout -violators
--------------------------------------------------------------------------

==========================================================================
finish max_slew_check_slack
--------------------------------------------------------------------------
0.054241281002759933

==========================================================================
finish max_slew_check_limit
--------------------------------------------------------------------------
1.48431396484375

==========================================================================
finish max_slew_check_slack_limit
--------------------------------------------------------------------------
0.0365

==========================================================================
finish max_fanout_check_slack
--------------------------------------------------------------------------
1.0000000150474662e+30

==========================================================================
finish max_fanout_check_limit
--------------------------------------------------------------------------
1.0000000150474662e+30

==========================================================================
finish max_capacitance_check_slack
--------------------------------------------------------------------------
0.0011182393645867705

==========================================================================
finish max_capacitance_check_limit
--------------------------------------------------------------------------
0.05036399886012077

==========================================================================
finish max_capacitance_check_slack_limit
--------------------------------------------------------------------------
0.0222

==========================================================================
finish max_slew_violation_count
--------------------------------------------------------------------------
max slew violation count 0

==========================================================================
finish max_fanout_violation_count
--------------------------------------------------------------------------
max fanout violation count 0

==========================================================================
finish max_cap_violation_count
--------------------------------------------------------------------------
max cap violation count 0

==========================================================================
finish setup_violation_count
--------------------------------------------------------------------------
setup violation count 0

==========================================================================
finish hold_violation_count
--------------------------------------------------------------------------
hold violation count 0

==========================================================================
finish report_checks -path_delay max reg to reg
--------------------------------------------------------------------------
Startpoint: coeff_a_q[1]$_DFFE_PN0P_
            (rising edge-triggered flip-flop clocked by clk)
Endpoint: mul_reduced_q[3]$_DFFE_PN0P_
          (rising edge-triggered flip-flop clocked by clk)
Path Group: clk
Path Type: max

  Delay    Time   Description
---------------------------------------------------------
   0.00    0.00   clock clk (rise edge)
   0.00    0.00   clock source latency
   0.00    0.00 ^ clk (in)
   0.27    0.27 ^ clkbuf_0_clk/X (sky130_fd_sc_hd__clkbuf_16)
   0.23    0.50 ^ clkbuf_3_5_0_clk/X (sky130_fd_sc_hd__clkbuf_16)
   0.23    0.72 ^ clkbuf_5_20__f_clk/X (sky130_fd_sc_hd__clkbuf_16)
   0.18    0.90 ^ clkbuf_leaf_228_clk/X (sky130_fd_sc_hd__clkbuf_16)
   0.00    0.90 ^ coeff_a_q[1]$_DFFE_PN0P_/CLK (sky130_fd_sc_hd__dfrtp_1)
   0.48    1.39 v coeff_a_q[1]$_DFFE_PN0P_/Q (sky130_fd_sc_hd__dfrtp_1)
   0.34    1.73 ^ _18048_/SUM (sky130_fd_sc_hd__ha_1)
   0.05    1.78 v _10076_/Y (sky130_fd_sc_hd__inv_1)
   0.23    2.01 v _18022_/COUT (sky130_fd_sc_hd__ha_1)
   0.50    2.52 v _17761_/COUT (sky130_fd_sc_hd__fa_1)
   0.31    2.83 ^ _09746_/Y (sky130_fd_sc_hd__a211oi_4)
   0.20    3.03 v _09748_/Y (sky130_fd_sc_hd__o21bai_1)
   0.39    3.43 ^ _09799_/Y (sky130_fd_sc_hd__a2111oi_4)
   0.08    3.51 v _09802_/Y (sky130_fd_sc_hd__nor3_1)
   0.34    3.85 ^ _09804_/X (sky130_fd_sc_hd__and4bb_1)
   0.13    3.98 v _09805_/Y (sky130_fd_sc_hd__o32ai_4)
   0.30    4.28 v _09826_/X (sky130_fd_sc_hd__and2_2)
   0.46    4.74 v _09828_/X (sky130_fd_sc_hd__or4_1)
   0.34    5.09 ^ _09831_/Y (sky130_fd_sc_hd__a31oi_4)
   0.19    5.28 ^ rebuffer841/X (sky130_fd_sc_hd__buf_4)
   0.09    5.37 v _09969_/Y (sky130_fd_sc_hd__o21ai_1)
   0.58    5.95 ^ _17931_/SUM (sky130_fd_sc_hd__fa_1)
   0.43    6.39 v _17737_/SUM (sky130_fd_sc_hd__fa_1)
   0.57    6.96 ^ _17926_/SUM (sky130_fd_sc_hd__fa_1)
   0.46    7.41 v _17838_/SUM (sky130_fd_sc_hd__fa_1)
   0.47    7.89 v _17925_/SUM (sky130_fd_sc_hd__fa_1)
   0.39    8.28 v _18300_/SUM (sky130_fd_sc_hd__ha_1)
   0.19    8.46 v _09553_/X (sky130_fd_sc_hd__and3_1)
   0.16    8.62 ^ _09554_/Y (sky130_fd_sc_hd__a21oi_1)
   0.18    8.80 v _09556_/Y (sky130_fd_sc_hd__o211ai_1)
   0.28    9.08 v _09559_/X (sky130_fd_sc_hd__a31o_2)
   0.39    9.47 ^ _09560_/Y (sky130_fd_sc_hd__xnor2_1)
   0.14    9.61 v _09561_/Y (sky130_fd_sc_hd__inv_1)
   0.50   10.11 v _17772_/SUM (sky130_fd_sc_hd__fa_1)
   0.56   10.67 ^ _17969_/SUM (sky130_fd_sc_hd__fa_1)
   0.45   11.12 v _17813_/SUM (sky130_fd_sc_hd__fa_1)
   0.58   11.70 ^ _17853_/SUM (sky130_fd_sc_hd__fa_1)
   0.42   12.12 v _17811_/SUM (sky130_fd_sc_hd__fa_1)
   0.34   12.46 v _18355_/SUM (sky130_fd_sc_hd__ha_1)
   0.14   12.60 ^ _09630_/Y (sky130_fd_sc_hd__a21oi_1)
   0.15   12.75 v _09631_/Y (sky130_fd_sc_hd__o21ai_0)
   0.19   12.94 v _15969_/Y (sky130_fd_sc_hd__o21bai_1)
   0.19   13.13 v _15970_/X (sky130_fd_sc_hd__a21o_1)
   0.17   13.29 v _15971_/X (sky130_fd_sc_hd__a21o_1)
   0.17   13.46 v _15972_/X (sky130_fd_sc_hd__a21o_1)
   0.18   13.64 v _15973_/X (sky130_fd_sc_hd__a21o_1)
   0.23   13.87 ^ _15974_/Y (sky130_fd_sc_hd__a21oi_1)
   0.16   14.03 v _15975_/Y (sky130_fd_sc_hd__xnor2_2)
   0.58   14.62 ^ _17947_/SUM (sky130_fd_sc_hd__fa_1)
   0.07   14.69 v _10091_/Y (sky130_fd_sc_hd__inv_1)
   0.51   15.19 ^ _17802_/SUM (sky130_fd_sc_hd__fa_1)
   0.05   15.24 v _10110_/Y (sky130_fd_sc_hd__inv_1)
   0.31   15.55 v _18357_/SUM (sky130_fd_sc_hd__ha_1)
   0.40   15.95 ^ _18353_/SUM (sky130_fd_sc_hd__ha_2)
   0.10   16.05 v _09568_/Y (sky130_fd_sc_hd__inv_1)
   0.22   16.27 v _18091_/COUT (sky130_fd_sc_hd__ha_1)
   0.27   16.54 v _09499_/X (sky130_fd_sc_hd__or2_1)
   0.50   17.04 v _17959_/COUT (sky130_fd_sc_hd__fa_1)
   0.29   17.33 ^ _16052_/Y (sky130_fd_sc_hd__a211oi_2)
   0.11   17.44 v _16079_/Y (sky130_fd_sc_hd__nor2_1)
   0.24   17.69 ^ _16080_/Y (sky130_fd_sc_hd__xnor2_2)
   0.18   17.86 v _16082_/Y (sky130_fd_sc_hd__nand2_1)
   0.42   18.28 ^ _16155_/Y (sky130_fd_sc_hd__o41ai_4)
   0.24   18.52 v _16156_/Y (sky130_fd_sc_hd__nand3_1)
   0.34   18.86 ^ _16217_/Y (sky130_fd_sc_hd__a311oi_1)
   0.14   19.01 v _16239_/Y (sky130_fd_sc_hd__nand4_1)
   0.23   19.24 v place444/X (sky130_fd_sc_hd__buf_4)
   0.16   19.39 v _16292_/Y (sky130_fd_sc_hd__mux2i_1)
   0.27   19.66 v _16293_/X (sky130_fd_sc_hd__a221o_1)
   0.00   19.66 v mul_reduced_q[3]$_DFFE_PN0P_/D (sky130_fd_sc_hd__dfrtp_1)
          19.66   data arrival time

  20.00   20.00   clock clk (rise edge)
   0.00   20.00   clock source latency
   0.00   20.00 ^ clk (in)
   0.27   20.27 ^ clkbuf_0_clk/X (sky130_fd_sc_hd__clkbuf_16)
   0.23   20.50 ^ clkbuf_3_5_0_clk/X (sky130_fd_sc_hd__clkbuf_16)
   0.23   20.72 ^ clkbuf_5_20__f_clk/X (sky130_fd_sc_hd__clkbuf_16)
   0.18   20.90 ^ clkbuf_leaf_233_clk/X (sky130_fd_sc_hd__clkbuf_16)
   0.00   20.90 ^ mul_reduced_q[3]$_DFFE_PN0P_/CLK (sky130_fd_sc_hd__dfrtp_1)
  -0.25   20.65   clock uncertainty
   0.00   20.65   clock reconvergence pessimism
  -0.12   20.53   library setup time
          20.53   data required time
---------------------------------------------------------
          20.53   data required time
         -19.66   data arrival time
---------------------------------------------------------
           0.87   slack (MET)



==========================================================================
finish report_checks -path_delay min reg to reg
--------------------------------------------------------------------------
Startpoint: st[13]$_DFF_PN0_ (rising edge-triggered flip-flop clocked by clk)
Endpoint: done$_DFF_PN0_ (rising edge-triggered flip-flop clocked by clk)
Path Group: clk
Path Type: min

  Delay    Time   Description
---------------------------------------------------------
   0.00    0.00   clock clk (rise edge)
   0.00    0.00   clock source latency
   0.00    0.00 ^ clk (in)
   0.27    0.27 ^ clkbuf_0_clk/X (sky130_fd_sc_hd__clkbuf_16)
   0.23    0.50 ^ clkbuf_3_5_0_clk/X (sky130_fd_sc_hd__clkbuf_16)
   0.21    0.71 ^ clkbuf_5_23__f_clk/X (sky130_fd_sc_hd__clkbuf_16)
   0.17    0.88 ^ clkbuf_leaf_183_clk/X (sky130_fd_sc_hd__clkbuf_16)
   0.00    0.88 ^ st[13]$_DFF_PN0_/CLK (sky130_fd_sc_hd__dfrtp_1)
   0.34    1.22 ^ st[13]$_DFF_PN0_/Q (sky130_fd_sc_hd__dfrtp_1)
   0.00    1.22 ^ done$_DFF_PN0_/D (sky130_fd_sc_hd__dfrtp_1)
           1.22   data arrival time

   0.00    0.00   clock clk (rise edge)
   0.00    0.00   clock source latency
   0.00    0.00 ^ clk (in)
   0.27    0.27 ^ clkbuf_0_clk/X (sky130_fd_sc_hd__clkbuf_16)
   0.23    0.50 ^ clkbuf_3_5_0_clk/X (sky130_fd_sc_hd__clkbuf_16)
   0.21    0.71 ^ clkbuf_5_23__f_clk/X (sky130_fd_sc_hd__clkbuf_16)
   0.17    0.88 ^ clkbuf_leaf_183_clk/X (sky130_fd_sc_hd__clkbuf_16)
   0.00    0.88 ^ done$_DFF_PN0_/CLK (sky130_fd_sc_hd__dfrtp_1)
   0.25    1.13   clock uncertainty
   0.00    1.13   clock reconvergence pessimism
  -0.04    1.09   library hold time
           1.09   data required time
---------------------------------------------------------
           1.09   data required time
          -1.22   data arrival time
---------------------------------------------------------
           0.13   slack (MET)



==========================================================================
finish critical path target clock latency max path
--------------------------------------------------------------------------
0.8982

==========================================================================
finish critical path target clock latency min path
--------------------------------------------------------------------------
0.9005

==========================================================================
finish critical path source clock latency min path
--------------------------------------------------------------------------
0.0000

==========================================================================
finish critical path delay
--------------------------------------------------------------------------
19.6611

==========================================================================
finish critical path slack
--------------------------------------------------------------------------
0.8738

==========================================================================
finish slack div critical path delay
--------------------------------------------------------------------------
4.444309

==========================================================================
finish report_power
--------------------------------------------------------------------------
Group                  Internal  Switching    Leakage      Total
                          Power      Power      Power      Power (Watts)
----------------------------------------------------------------
Sequential             7.42e-03   0.00e+00   2.97e-08   7.42e-03  54.1%
Combinational          1.50e-05   1.35e-04   2.44e-08   1.50e-04   1.1%
Clock                  3.50e-03   2.65e-03   5.18e-09   6.15e-03  44.8%
Macro                  0.00e+00   0.00e+00   0.00e+00   0.00e+00   0.0%
Pad                    0.00e+00   0.00e+00   0.00e+00   0.00e+00   0.0%
----------------------------------------------------------------
Total                  1.09e-02   2.79e-03   5.93e-08   1.37e-02 100.0%
                          79.7%      20.3%       0.0%
