
==========================================================================
global route report_tns
--------------------------------------------------------------------------
tns max 0.00

==========================================================================
global route report_wns
--------------------------------------------------------------------------
wns max 0.00

==========================================================================
global route report_worst_slack
--------------------------------------------------------------------------
worst slack max 1.84

==========================================================================
global route report_clock_min_period
--------------------------------------------------------------------------
clk period_min = 14.94 fmax = 66.92

==========================================================================
global route report_clock_skew
--------------------------------------------------------------------------
Clock clk
   0.87 source latency bank[355]$_DFFE_PN0P_/CLK ^
  -0.72 target latency u_sram.u_macro/clk0 ^
   0.25 clock uncertainty
   0.00 CRPR
--------------
   0.40 setup skew


==========================================================================
global route report_checks -path_delay min
--------------------------------------------------------------------------
Startpoint: s1_x[1]$_DFFE_PP_ (rising edge-triggered flip-flop clocked by clk)
Endpoint: s2_x[1]$_DFFE_PP_ (rising edge-triggered flip-flop clocked by clk)
Path Group: clk
Path Type: min

Fanout     Cap    Slew   Delay    Time   Description
-----------------------------------------------------------------------------
                          0.00    0.00   clock clk (rise edge)
                          0.00    0.00   clock source latency
     2    0.11    0.00    0.00    0.00 ^ clk (in)
                                         clk (net)
                  0.01    0.00    0.00 ^ clkbuf_regs_0_clk/A (sky130_fd_sc_hd__clkbuf_16)
     1    0.01    0.04    0.11    0.11 ^ clkbuf_regs_0_clk/X (sky130_fd_sc_hd__clkbuf_16)
                                         clk_regs (net)
                  0.04    0.00    0.11 ^ clkbuf_0_clk_regs/A (sky130_fd_sc_hd__clkbuf_16)
     4    0.13    0.14    0.20    0.31 ^ clkbuf_0_clk_regs/X (sky130_fd_sc_hd__clkbuf_16)
                                         clknet_0_clk_regs (net)
                  0.14    0.00    0.31 ^ clkbuf_2_0__f_clk_regs/A (sky130_fd_sc_hd__clkbuf_16)
    10    0.20    0.21    0.29    0.60 ^ clkbuf_2_0__f_clk_regs/X (sky130_fd_sc_hd__clkbuf_16)
                                         clknet_2_0__leaf_clk_regs (net)
                  0.21    0.01    0.60 ^ clkbuf_leaf_44_clk_regs/A (sky130_fd_sc_hd__clkbuf_16)
    13    0.06    0.08    0.21    0.82 ^ clkbuf_leaf_44_clk_regs/X (sky130_fd_sc_hd__clkbuf_16)
                                         clknet_leaf_44_clk_regs (net)
                  0.08    0.00    0.82 ^ s1_x[1]$_DFFE_PP_/CLK (sky130_fd_sc_hd__edfxtp_1)
     1    0.00    0.05    0.32    1.14 ^ s1_x[1]$_DFFE_PP_/Q (sky130_fd_sc_hd__edfxtp_1)
                                         s1_x[1] (net)
                  0.05    0.00    1.14 ^ s2_x[1]$_DFFE_PP_/D (sky130_fd_sc_hd__edfxtp_1)
                                  1.14   data arrival time

                          0.00    0.00   clock clk (rise edge)
                          0.00    0.00   clock source latency
     2    0.11    0.00    0.00    0.00 ^ clk (in)
                                         clk (net)
                  0.01    0.00    0.00 ^ clkbuf_regs_0_clk/A (sky130_fd_sc_hd__clkbuf_16)
     1    0.01    0.04    0.11    0.11 ^ clkbuf_regs_0_clk/X (sky130_fd_sc_hd__clkbuf_16)
                                         clk_regs (net)
                  0.04    0.00    0.11 ^ clkbuf_0_clk_regs/A (sky130_fd_sc_hd__clkbuf_16)
     4    0.13    0.14    0.20    0.31 ^ clkbuf_0_clk_regs/X (sky130_fd_sc_hd__clkbuf_16)
                                         clknet_0_clk_regs (net)
                  0.14    0.00    0.31 ^ clkbuf_2_0__f_clk_regs/A (sky130_fd_sc_hd__clkbuf_16)
    10    0.20    0.21    0.29    0.60 ^ clkbuf_2_0__f_clk_regs/X (sky130_fd_sc_hd__clkbuf_16)
                                         clknet_2_0__leaf_clk_regs (net)
                  0.21    0.01    0.60 ^ clkbuf_leaf_44_clk_regs/A (sky130_fd_sc_hd__clkbuf_16)
    13    0.06    0.08    0.21    0.82 ^ clkbuf_leaf_44_clk_regs/X (sky130_fd_sc_hd__clkbuf_16)
                                         clknet_leaf_44_clk_regs (net)
                  0.08    0.00    0.82 ^ s2_x[1]$_DFFE_PP_/CLK (sky130_fd_sc_hd__edfxtp_1)
                          0.25    1.07   clock uncertainty
                          0.00    1.07   clock reconvergence pessimism
                         -0.10    0.96   library hold time
                                  0.96   data required time
-----------------------------------------------------------------------------
                                  0.96   data required time
                                 -1.14   data arrival time
-----------------------------------------------------------------------------
                                  0.18   slack (MET)



==========================================================================
global route report_checks -path_delay max
--------------------------------------------------------------------------
Startpoint: u_sram.u_macro (falling edge-triggered flip-flop clocked by clk)
Endpoint: rdata[1] (output port clocked by clk)
Path Group: clk
Path Type: max

Fanout     Cap    Slew   Delay    Time   Description
-----------------------------------------------------------------------------
                         10.00   10.00   clock clk (fall edge)
                          0.00   10.00   clock source latency
     2    0.11    0.00    0.00   10.00 v clk (in)
                                         clk (net)
                  0.00    0.00   10.00 v delaybuf_0_clk/A (sky130_fd_sc_hd__clkbuf_16)
     1    0.02    0.04    0.13   10.13 v delaybuf_0_clk/X (sky130_fd_sc_hd__clkbuf_16)
                                         delaynet_0_clk (net)
                  0.04    0.00   10.13 v delaybuf_1_clk/A (sky130_fd_sc_hd__clkbuf_16)
     1    0.02    0.03    0.14   10.27 v delaybuf_1_clk/X (sky130_fd_sc_hd__clkbuf_16)
                                         delaynet_1_clk (net)
                  0.03    0.00   10.27 v delaybuf_2_clk/A (sky130_fd_sc_hd__clkbuf_16)
     1    0.02    0.03    0.14   10.41 v delaybuf_2_clk/X (sky130_fd_sc_hd__clkbuf_16)
                                         delaynet_2_clk (net)
                  0.03    0.00   10.42 v delaybuf_3_clk/A (sky130_fd_sc_hd__clkbuf_16)
     1    0.02    0.04    0.14   10.56 v delaybuf_3_clk/X (sky130_fd_sc_hd__clkbuf_16)
                                         delaynet_3_clk (net)
                  0.04    0.00   10.56 v clkbuf_0_clk/A (sky130_fd_sc_hd__clkbuf_16)
     1    0.01    0.03    0.14   10.70 v clkbuf_0_clk/X (sky130_fd_sc_hd__clkbuf_16)
                                         clknet_0_clk (net)
                  0.03    0.00   10.70 v clkbuf_1_0__f_clk/A (sky130_fd_sc_hd__clkbuf_16)
     1    0.01    0.03    0.13   10.83 v clkbuf_1_0__f_clk/X (sky130_fd_sc_hd__clkbuf_16)
                                         clknet_1_0__leaf_clk (net)
                  0.04    0.00   10.83 v u_sram.u_macro/clk0 (sky130_sram_1rw_24x128)
     1    0.01    0.01    0.40   11.23 ^ u_sram.u_macro/dout0[13] (sky130_sram_1rw_24x128)
                                         u_sram.dout0[13] (net)
                  0.00    0.00   11.23 ^ wire1347/A (sky130_fd_sc_hd__buf_2)
     1    0.13    0.61    0.45   11.69 ^ wire1347/X (sky130_fd_sc_hd__buf_2)
                                         net1346 (net)
                  0.62    0.06   11.75 ^ wire1346/A (sky130_fd_sc_hd__buf_2)
     1    0.01    0.06    0.23   11.98 ^ wire1346/X (sky130_fd_sc_hd__buf_2)
                                         net1345 (net)
                  0.06    0.00   11.98 ^ wire1345/A (sky130_fd_sc_hd__buf_2)
     1    0.01    0.08    0.14   12.12 ^ wire1345/X (sky130_fd_sc_hd__buf_2)
                                         net1344 (net)
                  0.08    0.00   12.12 ^ wire1344/A (sky130_fd_sc_hd__buf_6)
     1    0.01    0.04    0.11   12.23 ^ wire1344/X (sky130_fd_sc_hd__buf_6)
                                         net1343 (net)
                  0.04    0.00   12.23 ^ wire1343/A (sky130_fd_sc_hd__buf_6)
     1    0.02    0.05    0.10   12.33 ^ wire1343/X (sky130_fd_sc_hd__buf_6)
                                         net1342 (net)
                  0.05    0.00   12.33 ^ wire1342/A (sky130_fd_sc_hd__buf_6)
     2    0.02    0.05    0.11   12.43 ^ wire1342/X (sky130_fd_sc_hd__buf_6)
                                         net1341 (net)
                  0.05    0.00   12.44 ^ wire1341/A (sky130_fd_sc_hd__buf_1)
     2    0.02    0.21    0.20   12.63 ^ wire1341/X (sky130_fd_sc_hd__buf_1)
                                         net1340 (net)
                  0.21    0.00   12.63 ^ wire1340/A (sky130_fd_sc_hd__buf_1)
     1    0.02    0.21    0.23   12.86 ^ wire1340/X (sky130_fd_sc_hd__buf_1)
                                         net1339 (net)
                  0.21    0.00   12.87 ^ wire1339/A (sky130_fd_sc_hd__buf_2)
     1    0.01    0.08    0.18   13.05 ^ wire1339/X (sky130_fd_sc_hd__buf_2)
                                         net1338 (net)
                  0.08    0.00   13.05 ^ _10027_/A1 (sky130_fd_sc_hd__mux2_2)
     1    0.02    0.13    0.23   13.28 ^ _10027_/X (sky130_fd_sc_hd__mux2_2)
                                         net47 (net)
                  0.13    0.00   13.28 ^ output48/A (sky130_fd_sc_hd__clkdlybuf4s50_1)
     1    0.02    0.22    0.63   13.91 ^ output48/X (sky130_fd_sc_hd__clkdlybuf4s50_1)
                                         rdata[1] (net)
                  0.22    0.00   13.91 ^ rdata[1] (out)
                                 13.91   data arrival time

                         20.00   20.00   clock clk (rise edge)
                          0.00   20.00   clock network delay (propagated)
                         -0.25   19.75   clock uncertainty
                          0.00   19.75   clock reconvergence pessimism
                         -4.00   15.75   output external delay
                                 15.75   data required time
-----------------------------------------------------------------------------
                                 15.75   data required time
                                -13.91   data arrival time
-----------------------------------------------------------------------------
                                  1.84   slack (MET)



==========================================================================
global route report_checks -unconstrained
--------------------------------------------------------------------------
Startpoint: u_sram.u_macro (falling edge-triggered flip-flop clocked by clk)
Endpoint: rdata[1] (output port clocked by clk)
Path Group: clk
Path Type: max

Fanout     Cap    Slew   Delay    Time   Description
-----------------------------------------------------------------------------
                         10.00   10.00   clock clk (fall edge)
                          0.00   10.00   clock source latency
     2    0.11    0.00    0.00   10.00 v clk (in)
                                         clk (net)
                  0.00    0.00   10.00 v delaybuf_0_clk/A (sky130_fd_sc_hd__clkbuf_16)
     1    0.02    0.04    0.13   10.13 v delaybuf_0_clk/X (sky130_fd_sc_hd__clkbuf_16)
                                         delaynet_0_clk (net)
                  0.04    0.00   10.13 v delaybuf_1_clk/A (sky130_fd_sc_hd__clkbuf_16)
     1    0.02    0.03    0.14   10.27 v delaybuf_1_clk/X (sky130_fd_sc_hd__clkbuf_16)
                                         delaynet_1_clk (net)
                  0.03    0.00   10.27 v delaybuf_2_clk/A (sky130_fd_sc_hd__clkbuf_16)
     1    0.02    0.03    0.14   10.41 v delaybuf_2_clk/X (sky130_fd_sc_hd__clkbuf_16)
                                         delaynet_2_clk (net)
                  0.03    0.00   10.42 v delaybuf_3_clk/A (sky130_fd_sc_hd__clkbuf_16)
     1    0.02    0.04    0.14   10.56 v delaybuf_3_clk/X (sky130_fd_sc_hd__clkbuf_16)
                                         delaynet_3_clk (net)
                  0.04    0.00   10.56 v clkbuf_0_clk/A (sky130_fd_sc_hd__clkbuf_16)
     1    0.01    0.03    0.14   10.70 v clkbuf_0_clk/X (sky130_fd_sc_hd__clkbuf_16)
                                         clknet_0_clk (net)
                  0.03    0.00   10.70 v clkbuf_1_0__f_clk/A (sky130_fd_sc_hd__clkbuf_16)
     1    0.01    0.03    0.13   10.83 v clkbuf_1_0__f_clk/X (sky130_fd_sc_hd__clkbuf_16)
                                         clknet_1_0__leaf_clk (net)
                  0.04    0.00   10.83 v u_sram.u_macro/clk0 (sky130_sram_1rw_24x128)
     1    0.01    0.01    0.40   11.23 ^ u_sram.u_macro/dout0[13] (sky130_sram_1rw_24x128)
                                         u_sram.dout0[13] (net)
                  0.00    0.00   11.23 ^ wire1347/A (sky130_fd_sc_hd__buf_2)
     1    0.13    0.61    0.45   11.69 ^ wire1347/X (sky130_fd_sc_hd__buf_2)
                                         net1346 (net)
                  0.62    0.06   11.75 ^ wire1346/A (sky130_fd_sc_hd__buf_2)
     1    0.01    0.06    0.23   11.98 ^ wire1346/X (sky130_fd_sc_hd__buf_2)
                                         net1345 (net)
                  0.06    0.00   11.98 ^ wire1345/A (sky130_fd_sc_hd__buf_2)
     1    0.01    0.08    0.14   12.12 ^ wire1345/X (sky130_fd_sc_hd__buf_2)
                                         net1344 (net)
                  0.08    0.00   12.12 ^ wire1344/A (sky130_fd_sc_hd__buf_6)
     1    0.01    0.04    0.11   12.23 ^ wire1344/X (sky130_fd_sc_hd__buf_6)
                                         net1343 (net)
                  0.04    0.00   12.23 ^ wire1343/A (sky130_fd_sc_hd__buf_6)
     1    0.02    0.05    0.10   12.33 ^ wire1343/X (sky130_fd_sc_hd__buf_6)
                                         net1342 (net)
                  0.05    0.00   12.33 ^ wire1342/A (sky130_fd_sc_hd__buf_6)
     2    0.02    0.05    0.11   12.43 ^ wire1342/X (sky130_fd_sc_hd__buf_6)
                                         net1341 (net)
                  0.05    0.00   12.44 ^ wire1341/A (sky130_fd_sc_hd__buf_1)
     2    0.02    0.21    0.20   12.63 ^ wire1341/X (sky130_fd_sc_hd__buf_1)
                                         net1340 (net)
                  0.21    0.00   12.63 ^ wire1340/A (sky130_fd_sc_hd__buf_1)
     1    0.02    0.21    0.23   12.86 ^ wire1340/X (sky130_fd_sc_hd__buf_1)
                                         net1339 (net)
                  0.21    0.00   12.87 ^ wire1339/A (sky130_fd_sc_hd__buf_2)
     1    0.01    0.08    0.18   13.05 ^ wire1339/X (sky130_fd_sc_hd__buf_2)
                                         net1338 (net)
                  0.08    0.00   13.05 ^ _10027_/A1 (sky130_fd_sc_hd__mux2_2)
     1    0.02    0.13    0.23   13.28 ^ _10027_/X (sky130_fd_sc_hd__mux2_2)
                                         net47 (net)
                  0.13    0.00   13.28 ^ output48/A (sky130_fd_sc_hd__clkdlybuf4s50_1)
     1    0.02    0.22    0.63   13.91 ^ output48/X (sky130_fd_sc_hd__clkdlybuf4s50_1)
                                         rdata[1] (net)
                  0.22    0.00   13.91 ^ rdata[1] (out)
                                 13.91   data arrival time

                         20.00   20.00   clock clk (rise edge)
                          0.00   20.00   clock network delay (propagated)
                         -0.25   19.75   clock uncertainty
                          0.00   19.75   clock reconvergence pessimism
                         -4.00   15.75   output external delay
                                 15.75   data required time
-----------------------------------------------------------------------------
                                 15.75   data required time
                                -13.91   data arrival time
-----------------------------------------------------------------------------
                                  1.84   slack (MET)



==========================================================================
global route report_check_types -max_slew -max_cap -max_fanout -violators
--------------------------------------------------------------------------
max slew

Pin                                    Limit    Slew   Slack
------------------------------------------------------------
u_sram.u_macro/addr0[4]                 0.04    0.17   -0.13 (VIOLATED)
u_sram.u_macro/addr0[5]                 0.04    0.16   -0.12 (VIOLATED)
u_sram.u_macro/addr0[0]                 0.04    0.16   -0.12 (VIOLATED)
u_sram.u_macro/addr0[1]                 0.04    0.15   -0.11 (VIOLATED)
u_sram.u_macro/addr0[2]                 0.04    0.15   -0.11 (VIOLATED)
u_sram.u_macro/addr0[6]                 0.04    0.14   -0.10 (VIOLATED)
u_sram.u_macro/addr0[3]                 0.04    0.14   -0.10 (VIOLATED)


==========================================================================
global route max_slew_check_slack
--------------------------------------------------------------------------
-0.1314820796251297

==========================================================================
global route max_slew_check_limit
--------------------------------------------------------------------------
0.03999999910593033

==========================================================================
global route max_slew_check_slack_limit
--------------------------------------------------------------------------
-3.2871

==========================================================================
global route max_fanout_check_slack
--------------------------------------------------------------------------
3.0

==========================================================================
global route max_fanout_check_limit
--------------------------------------------------------------------------
4.0

==========================================================================
global route max_fanout_check_slack_limit
--------------------------------------------------------------------------
0.7500

==========================================================================
global route max_capacitance_check_slack
--------------------------------------------------------------------------
0.010851281695067883

==========================================================================
global route max_capacitance_check_limit
--------------------------------------------------------------------------
0.021067000925540924

==========================================================================
global route max_capacitance_check_slack_limit
--------------------------------------------------------------------------
0.5151

==========================================================================
global route max_slew_violation_count
--------------------------------------------------------------------------
max slew violation count 7

==========================================================================
global route max_fanout_violation_count
--------------------------------------------------------------------------
max fanout violation count 0

==========================================================================
global route max_cap_violation_count
--------------------------------------------------------------------------
max cap violation count 0

==========================================================================
global route setup_violation_count
--------------------------------------------------------------------------
setup violation count 0

==========================================================================
global route hold_violation_count
--------------------------------------------------------------------------
hold violation count 0

==========================================================================
global route report_checks -path_delay max reg to reg
--------------------------------------------------------------------------
Startpoint: inv_q$_DFFE_PN0P_ (rising edge-triggered flip-flop clocked by clk)
Endpoint: s1_prod[23]$_DFFE_PP_ (rising edge-triggered flip-flop clocked by clk)
Path Group: clk
Path Type: max

  Delay    Time   Description
---------------------------------------------------------
   0.00    0.00   clock clk (rise edge)
   0.00    0.00   clock source latency
   0.00    0.00 ^ clk (in)
   0.11    0.11 ^ clkbuf_regs_0_clk/X (sky130_fd_sc_hd__clkbuf_16)
   0.20    0.31 ^ clkbuf_0_clk_regs/X (sky130_fd_sc_hd__clkbuf_16)
   0.30    0.61 ^ clkbuf_2_1__f_clk_regs/X (sky130_fd_sc_hd__clkbuf_16)
   0.22    0.83 ^ clkbuf_leaf_5_clk_regs/X (sky130_fd_sc_hd__clkbuf_16)
   0.00    0.84 ^ inv_q$_DFFE_PN0P_/CLK (sky130_fd_sc_hd__dfrtp_4)
   0.88    1.71 ^ inv_q$_DFFE_PN0P_/Q (sky130_fd_sc_hd__dfrtp_4)
   0.06    1.77 v _07841_/Y (sky130_fd_sc_hd__nor4_4)
   0.24    2.01 v place1045/X (sky130_fd_sc_hd__buf_4)
   0.52    2.54 ^ _07871_/Y (sky130_fd_sc_hd__o21ai_2)
   0.77    3.31 ^ _07872_/X (sky130_fd_sc_hd__or3_1)
   0.53    3.84 ^ place991/X (sky130_fd_sc_hd__buf_4)
   0.20    4.03 v _08930_/Y (sky130_fd_sc_hd__o221ai_1)
   0.15    4.18 ^ _08934_/Y (sky130_fd_sc_hd__nor2_1)
   0.22    4.40 v _08935_/Y (sky130_fd_sc_hd__o21ai_0)
   0.26    4.66 ^ _08950_/Y (sky130_fd_sc_hd__o22ai_1)
   0.56    5.22 ^ _08951_/X (sky130_fd_sc_hd__a21o_1)
   0.43    5.65 v _14770_/SUM (sky130_fd_sc_hd__ha_1)
   0.50    6.14 v _14712_/SUM (sky130_fd_sc_hd__ha_1)
   0.25    6.39 v _08340_/X (sky130_fd_sc_hd__and3_1)
   0.37    6.76 ^ _08373_/Y (sky130_fd_sc_hd__a221oi_1)
   0.19    6.95 v _08374_/Y (sky130_fd_sc_hd__xnor2_1)
   0.47    7.42 v _08383_/X (sky130_fd_sc_hd__or3_1)
   0.31    7.73 v _08624_/X (sky130_fd_sc_hd__o31a_1)
   0.52    8.25 ^ _08632_/Y (sky130_fd_sc_hd__o32ai_2)
   0.22    8.47 v _08729_/Y (sky130_fd_sc_hd__a21oi_1)
   0.18    8.65 v _08954_/Y (sky130_fd_sc_hd__xnor2_1)
   0.31    8.96 ^ _08973_/Y (sky130_fd_sc_hd__a22oi_1)
   0.70    9.66 ^ _08974_/Y (sky130_fd_sc_hd__a21boi_2)
   0.18    9.84 v _09257_/Y (sky130_fd_sc_hd__nor2_1)
   0.52   10.36 v _14416_/SUM (sky130_fd_sc_hd__fa_1)
   0.26   10.63 v _14914_/COUT (sky130_fd_sc_hd__ha_1)
   0.54   11.16 v _14430_/SUM (sky130_fd_sc_hd__fa_1)
   0.59   11.75 ^ _14303_/SUM (sky130_fd_sc_hd__fa_1)
   0.44   12.19 v _14507_/SUM (sky130_fd_sc_hd__fa_1)
   0.36   12.55 v _14961_/SUM (sky130_fd_sc_hd__ha_1)
   0.16   12.70 v _10399_/Y (sky130_fd_sc_hd__nor2b_1)
   0.21   12.91 v _10400_/X (sky130_fd_sc_hd__o21a_1)
   0.58   13.49 ^ _10404_/Y (sky130_fd_sc_hd__o41ai_1)
   0.33   13.82 v _10408_/Y (sky130_fd_sc_hd__o21ai_0)
   0.63   14.45 ^ _10412_/Y (sky130_fd_sc_hd__o41ai_1)
   0.25   14.69 v _10417_/Y (sky130_fd_sc_hd__o211ai_1)
   0.28   14.97 v _10420_/X (sky130_fd_sc_hd__a31o_2)
   0.17   15.15 ^ _10421_/Y (sky130_fd_sc_hd__a21oi_1)
   0.10   15.25 v _10422_/Y (sky130_fd_sc_hd__xnor2_1)
   0.00   15.25 v s1_prod[23]$_DFFE_PP_/D (sky130_fd_sc_hd__edfxtp_1)
          15.25   data arrival time

  20.00   20.00   clock clk (rise edge)
   0.00   20.00   clock source latency
   0.00   20.00 ^ clk (in)
   0.11   20.11 ^ clkbuf_regs_0_clk/X (sky130_fd_sc_hd__clkbuf_16)
   0.20   20.31 ^ clkbuf_0_clk_regs/X (sky130_fd_sc_hd__clkbuf_16)
   0.29   20.60 ^ clkbuf_2_0__f_clk_regs/X (sky130_fd_sc_hd__clkbuf_16)
   0.21   20.81 ^ clkbuf_leaf_47_clk_regs/X (sky130_fd_sc_hd__clkbuf_16)
   0.00   20.82 ^ s1_prod[23]$_DFFE_PP_/CLK (sky130_fd_sc_hd__edfxtp_1)
  -0.25   20.57   clock uncertainty
   0.00   20.57   clock reconvergence pessimism
  -0.26   20.31   library setup time
          20.31   data required time
---------------------------------------------------------
          20.31   data required time
         -15.25   data arrival time
---------------------------------------------------------
           5.06   slack (MET)



==========================================================================
global route report_checks -path_delay min reg to reg
--------------------------------------------------------------------------
Startpoint: s1_x[1]$_DFFE_PP_ (rising edge-triggered flip-flop clocked by clk)
Endpoint: s2_x[1]$_DFFE_PP_ (rising edge-triggered flip-flop clocked by clk)
Path Group: clk
Path Type: min

  Delay    Time   Description
---------------------------------------------------------
   0.00    0.00   clock clk (rise edge)
   0.00    0.00   clock source latency
   0.00    0.00 ^ clk (in)
   0.11    0.11 ^ clkbuf_regs_0_clk/X (sky130_fd_sc_hd__clkbuf_16)
   0.20    0.31 ^ clkbuf_0_clk_regs/X (sky130_fd_sc_hd__clkbuf_16)
   0.29    0.60 ^ clkbuf_2_0__f_clk_regs/X (sky130_fd_sc_hd__clkbuf_16)
   0.22    0.82 ^ clkbuf_leaf_44_clk_regs/X (sky130_fd_sc_hd__clkbuf_16)
   0.00    0.82 ^ s1_x[1]$_DFFE_PP_/CLK (sky130_fd_sc_hd__edfxtp_1)
   0.32    1.14 ^ s1_x[1]$_DFFE_PP_/Q (sky130_fd_sc_hd__edfxtp_1)
   0.00    1.14 ^ s2_x[1]$_DFFE_PP_/D (sky130_fd_sc_hd__edfxtp_1)
           1.14   data arrival time

   0.00    0.00   clock clk (rise edge)
   0.00    0.00   clock source latency
   0.00    0.00 ^ clk (in)
   0.11    0.11 ^ clkbuf_regs_0_clk/X (sky130_fd_sc_hd__clkbuf_16)
   0.20    0.31 ^ clkbuf_0_clk_regs/X (sky130_fd_sc_hd__clkbuf_16)
   0.29    0.60 ^ clkbuf_2_0__f_clk_regs/X (sky130_fd_sc_hd__clkbuf_16)
   0.22    0.82 ^ clkbuf_leaf_44_clk_regs/X (sky130_fd_sc_hd__clkbuf_16)
   0.00    0.82 ^ s2_x[1]$_DFFE_PP_/CLK (sky130_fd_sc_hd__edfxtp_1)
   0.25    1.07   clock uncertainty
   0.00    1.07   clock reconvergence pessimism
  -0.10    0.96   library hold time
           0.96   data required time
---------------------------------------------------------
           0.96   data required time
          -1.14   data arrival time
---------------------------------------------------------
           0.18   slack (MET)



==========================================================================
global route critical path target clock latency max path
--------------------------------------------------------------------------
0.7232

==========================================================================
global route critical path target clock latency min path
--------------------------------------------------------------------------
0.8354

==========================================================================
global route critical path source clock latency min path
--------------------------------------------------------------------------
0.0000

==========================================================================
global route critical path delay
--------------------------------------------------------------------------
13.9068

==========================================================================
global route critical path slack
--------------------------------------------------------------------------
1.8432

==========================================================================
global route slack div critical path delay
--------------------------------------------------------------------------
13.253948

==========================================================================
global route report_power
--------------------------------------------------------------------------
Group                  Internal  Switching    Leakage      Total
                          Power      Power      Power      Power (Watts)
----------------------------------------------------------------
Sequential             2.96e-03   7.17e-04   6.63e-09   3.68e-03   0.0%
Combinational          4.52e-02   7.68e-02   2.36e-08   1.22e-01   0.0%
Clock                  7.14e-04   6.44e-04   1.04e-09   1.36e-03   0.0%
Macro                  3.35e+06   0.00e+00   3.52e-06   3.35e+06 100.0%
Pad                    0.00e+00   0.00e+00   0.00e+00   0.00e+00   0.0%
----------------------------------------------------------------
Total                  3.35e+06   7.82e-02   3.55e-06   3.35e+06 100.0%
                         100.0%       0.0%       0.0%
