
==========================================================================
finish report_tns
--------------------------------------------------------------------------
tns max 0.00

==========================================================================
finish report_wns
--------------------------------------------------------------------------
wns max 0.00

==========================================================================
finish report_worst_slack
--------------------------------------------------------------------------
worst slack max 1.74

==========================================================================
finish report_clock_min_period
--------------------------------------------------------------------------
clk period_min = 14.62 fmax = 68.42

==========================================================================
finish report_clock_skew
--------------------------------------------------------------------------
Clock clk
   0.89 source latency bank[381]$_DFFE_PN0P_/CLK ^
  -0.71 target latency u_sram.u_macro/clk0 ^
   0.25 clock uncertainty
   0.00 CRPR
--------------
   0.43 setup skew


==========================================================================
finish report_checks -path_delay min
--------------------------------------------------------------------------
Startpoint: s1_x[8]$_DFFE_PP_ (rising edge-triggered flip-flop clocked by clk)
Endpoint: s2_x[8]$_DFFE_PP_ (rising edge-triggered flip-flop clocked by clk)
Path Group: clk
Path Type: min

Fanout     Cap    Slew   Delay    Time   Description
-----------------------------------------------------------------------------
                          0.00    0.00   clock clk (rise edge)
                          0.00    0.00   clock source latency
     2    0.09    0.00    0.00    0.00 ^ clk (in)
                                         clk (net)
                  0.01    0.00    0.00 ^ clkbuf_regs_0_clk/A (sky130_fd_sc_hd__clkbuf_16)
     1    0.01    0.03    0.10    0.11 ^ clkbuf_regs_0_clk/X (sky130_fd_sc_hd__clkbuf_16)
                                         clk_regs (net)
                  0.03    0.00    0.11 ^ clkbuf_0_clk_regs/A (sky130_fd_sc_hd__clkbuf_16)
     4    0.12    0.14    0.20    0.30 ^ clkbuf_0_clk_regs/X (sky130_fd_sc_hd__clkbuf_16)
                                         clknet_0_clk_regs (net)
                  0.14    0.00    0.31 ^ clkbuf_2_0__f_clk_regs/A (sky130_fd_sc_hd__clkbuf_16)
    10    0.20    0.21    0.29    0.59 ^ clkbuf_2_0__f_clk_regs/X (sky130_fd_sc_hd__clkbuf_16)
                                         clknet_2_0__leaf_clk_regs (net)
                  0.22    0.01    0.60 ^ clkbuf_leaf_45_clk_regs/A (sky130_fd_sc_hd__clkbuf_16)
    15    0.04    0.07    0.20    0.80 ^ clkbuf_leaf_45_clk_regs/X (sky130_fd_sc_hd__clkbuf_16)
                                         clknet_leaf_45_clk_regs (net)
                  0.07    0.00    0.81 ^ s1_x[8]$_DFFE_PP_/CLK (sky130_fd_sc_hd__edfxtp_1)
     1    0.00    0.05    0.32    1.13 ^ s1_x[8]$_DFFE_PP_/Q (sky130_fd_sc_hd__edfxtp_1)
                                         s1_x[8] (net)
                  0.05    0.00    1.13 ^ s2_x[8]$_DFFE_PP_/D (sky130_fd_sc_hd__edfxtp_1)
                                  1.13   data arrival time

                          0.00    0.00   clock clk (rise edge)
                          0.00    0.00   clock source latency
     2    0.09    0.00    0.00    0.00 ^ clk (in)
                                         clk (net)
                  0.01    0.00    0.00 ^ clkbuf_regs_0_clk/A (sky130_fd_sc_hd__clkbuf_16)
     1    0.01    0.03    0.10    0.11 ^ clkbuf_regs_0_clk/X (sky130_fd_sc_hd__clkbuf_16)
                                         clk_regs (net)
                  0.03    0.00    0.11 ^ clkbuf_0_clk_regs/A (sky130_fd_sc_hd__clkbuf_16)
     4    0.12    0.14    0.20    0.30 ^ clkbuf_0_clk_regs/X (sky130_fd_sc_hd__clkbuf_16)
                                         clknet_0_clk_regs (net)
                  0.14    0.00    0.31 ^ clkbuf_2_0__f_clk_regs/A (sky130_fd_sc_hd__clkbuf_16)
    10    0.20    0.21    0.29    0.59 ^ clkbuf_2_0__f_clk_regs/X (sky130_fd_sc_hd__clkbuf_16)
                                         clknet_2_0__leaf_clk_regs (net)
                  0.22    0.01    0.60 ^ clkbuf_leaf_46_clk_regs/A (sky130_fd_sc_hd__clkbuf_16)
    15    0.06    0.08    0.21    0.81 ^ clkbuf_leaf_46_clk_regs/X (sky130_fd_sc_hd__clkbuf_16)
                                         clknet_leaf_46_clk_regs (net)
                  0.08    0.00    0.81 ^ s2_x[8]$_DFFE_PP_/CLK (sky130_fd_sc_hd__edfxtp_1)
                          0.25    1.06   clock uncertainty
                          0.00    1.06   clock reconvergence pessimism
                         -0.10    0.96   library hold time
                                  0.96   data required time
-----------------------------------------------------------------------------
                                  0.96   data required time
                                 -1.13   data arrival time
-----------------------------------------------------------------------------
                                  0.17   slack (MET)



==========================================================================
finish report_checks -path_delay max
--------------------------------------------------------------------------
Startpoint: u_sram.u_macro (falling edge-triggered flip-flop clocked by clk)
Endpoint: rdata[5] (output port clocked by clk)
Path Group: clk
Path Type: max

Fanout     Cap    Slew   Delay    Time   Description
-----------------------------------------------------------------------------
                         10.00   10.00   clock clk (fall edge)
                          0.00   10.00   clock source latency
     2    0.09    0.00    0.00   10.00 v clk (in)
                                         clk (net)
                  0.00    0.00   10.00 v delaybuf_0_clk/A (sky130_fd_sc_hd__clkbuf_16)
     1    0.02    0.03    0.13   10.13 v delaybuf_0_clk/X (sky130_fd_sc_hd__clkbuf_16)
                                         delaynet_0_clk (net)
                  0.03    0.00   10.13 v delaybuf_1_clk/A (sky130_fd_sc_hd__clkbuf_16)
     1    0.02    0.03    0.14   10.27 v delaybuf_1_clk/X (sky130_fd_sc_hd__clkbuf_16)
                                         delaynet_1_clk (net)
                  0.03    0.00   10.27 v delaybuf_2_clk/A (sky130_fd_sc_hd__clkbuf_16)
     1    0.02    0.04    0.14   10.41 v delaybuf_2_clk/X (sky130_fd_sc_hd__clkbuf_16)
                                         delaynet_2_clk (net)
                  0.04    0.00   10.41 v delaybuf_3_clk/A (sky130_fd_sc_hd__clkbuf_16)
     1    0.02    0.03    0.14   10.55 v delaybuf_3_clk/X (sky130_fd_sc_hd__clkbuf_16)
                                         delaynet_3_clk (net)
                  0.03    0.00   10.55 v clkbuf_0_clk/A (sky130_fd_sc_hd__clkbuf_16)
     1    0.01    0.03    0.13   10.68 v clkbuf_0_clk/X (sky130_fd_sc_hd__clkbuf_16)
                                         clknet_0_clk (net)
                  0.03    0.00   10.68 v clkbuf_1_0__f_clk/A (sky130_fd_sc_hd__clkbuf_16)
     1    0.01    0.03    0.13   10.81 v clkbuf_1_0__f_clk/X (sky130_fd_sc_hd__clkbuf_16)
                                         clknet_1_0__leaf_clk (net)
                  0.04    0.00   10.82 v u_sram.u_macro/clk0 (sky130_sram_1rw_24x128)
     1    0.00    0.00    0.38   11.20 ^ u_sram.u_macro/dout0[17] (sky130_sram_1rw_24x128)
                                         u_sram.dout0[17] (net)
                  0.00    0.00   11.20 ^ wire1314/A (sky130_fd_sc_hd__buf_1)
     1    0.00    0.04    0.06   11.26 ^ wire1314/X (sky130_fd_sc_hd__buf_1)
                                         net1313 (net)
                  0.04    0.00   11.26 ^ wire1313/A (sky130_fd_sc_hd__buf_2)
     1    0.11    0.54    0.42   11.69 ^ wire1313/X (sky130_fd_sc_hd__buf_2)
                                         net1312 (net)
                  0.55    0.05   11.73 ^ wire1312/A (sky130_fd_sc_hd__buf_2)
     1    0.01    0.06    0.23   11.96 ^ wire1312/X (sky130_fd_sc_hd__buf_2)
                                         net1311 (net)
                  0.06    0.00   11.96 ^ wire1311/A (sky130_fd_sc_hd__buf_2)
     2    0.02    0.09    0.15   12.11 ^ wire1311/X (sky130_fd_sc_hd__buf_2)
                                         net1310 (net)
                  0.09    0.00   12.11 ^ max_cap1310/A (sky130_fd_sc_hd__buf_1)
     2    0.02    0.26    0.24   12.36 ^ max_cap1310/X (sky130_fd_sc_hd__buf_1)
                                         net1309 (net)
                  0.26    0.00   12.36 ^ wire1309/A (sky130_fd_sc_hd__buf_2)
     1    0.02    0.11    0.22   12.58 ^ wire1309/X (sky130_fd_sc_hd__buf_2)
                                         net1308 (net)
                  0.11    0.00   12.58 ^ wire1308/A (sky130_fd_sc_hd__buf_2)
     1    0.02    0.09    0.17   12.75 ^ wire1308/X (sky130_fd_sc_hd__buf_2)
                                         net1307 (net)
                  0.09    0.00   12.75 ^ wire1307/A (sky130_fd_sc_hd__buf_2)
     1    0.02    0.11    0.17   12.92 ^ wire1307/X (sky130_fd_sc_hd__buf_2)
                                         net1306 (net)
                  0.11    0.00   12.93 ^ _10009_/A1 (sky130_fd_sc_hd__mux2_2)
     1    0.06    0.33    0.38   13.30 ^ _10009_/X (sky130_fd_sc_hd__mux2_2)
                                         net51 (net)
                  0.34    0.02   13.32 ^ output52/A (sky130_fd_sc_hd__clkdlybuf4s50_1)
     1    0.02    0.24    0.69   14.01 ^ output52/X (sky130_fd_sc_hd__clkdlybuf4s50_1)
                                         rdata[5] (net)
                  0.24    0.00   14.01 ^ rdata[5] (out)
                                 14.01   data arrival time

                         20.00   20.00   clock clk (rise edge)
                          0.00   20.00   clock network delay (propagated)
                         -0.25   19.75   clock uncertainty
                          0.00   19.75   clock reconvergence pessimism
                         -4.00   15.75   output external delay
                                 15.75   data required time
-----------------------------------------------------------------------------
                                 15.75   data required time
                                -14.01   data arrival time
-----------------------------------------------------------------------------
                                  1.74   slack (MET)



==========================================================================
finish report_checks -unconstrained
--------------------------------------------------------------------------
Startpoint: u_sram.u_macro (falling edge-triggered flip-flop clocked by clk)
Endpoint: rdata[5] (output port clocked by clk)
Path Group: clk
Path Type: max

Fanout     Cap    Slew   Delay    Time   Description
-----------------------------------------------------------------------------
                         10.00   10.00   clock clk (fall edge)
                          0.00   10.00   clock source latency
     2    0.09    0.00    0.00   10.00 v clk (in)
                                         clk (net)
                  0.00    0.00   10.00 v delaybuf_0_clk/A (sky130_fd_sc_hd__clkbuf_16)
     1    0.02    0.03    0.13   10.13 v delaybuf_0_clk/X (sky130_fd_sc_hd__clkbuf_16)
                                         delaynet_0_clk (net)
                  0.03    0.00   10.13 v delaybuf_1_clk/A (sky130_fd_sc_hd__clkbuf_16)
     1    0.02    0.03    0.14   10.27 v delaybuf_1_clk/X (sky130_fd_sc_hd__clkbuf_16)
                                         delaynet_1_clk (net)
                  0.03    0.00   10.27 v delaybuf_2_clk/A (sky130_fd_sc_hd__clkbuf_16)
     1    0.02    0.04    0.14   10.41 v delaybuf_2_clk/X (sky130_fd_sc_hd__clkbuf_16)
                                         delaynet_2_clk (net)
                  0.04    0.00   10.41 v delaybuf_3_clk/A (sky130_fd_sc_hd__clkbuf_16)
     1    0.02    0.03    0.14   10.55 v delaybuf_3_clk/X (sky130_fd_sc_hd__clkbuf_16)
                                         delaynet_3_clk (net)
                  0.03    0.00   10.55 v clkbuf_0_clk/A (sky130_fd_sc_hd__clkbuf_16)
     1    0.01    0.03    0.13   10.68 v clkbuf_0_clk/X (sky130_fd_sc_hd__clkbuf_16)
                                         clknet_0_clk (net)
                  0.03    0.00   10.68 v clkbuf_1_0__f_clk/A (sky130_fd_sc_hd__clkbuf_16)
     1    0.01    0.03    0.13   10.81 v clkbuf_1_0__f_clk/X (sky130_fd_sc_hd__clkbuf_16)
                                         clknet_1_0__leaf_clk (net)
                  0.04    0.00   10.82 v u_sram.u_macro/clk0 (sky130_sram_1rw_24x128)
     1    0.00    0.00    0.38   11.20 ^ u_sram.u_macro/dout0[17] (sky130_sram_1rw_24x128)
                                         u_sram.dout0[17] (net)
                  0.00    0.00   11.20 ^ wire1314/A (sky130_fd_sc_hd__buf_1)
     1    0.00    0.04    0.06   11.26 ^ wire1314/X (sky130_fd_sc_hd__buf_1)
                                         net1313 (net)
                  0.04    0.00   11.26 ^ wire1313/A (sky130_fd_sc_hd__buf_2)
     1    0.11    0.54    0.42   11.69 ^ wire1313/X (sky130_fd_sc_hd__buf_2)
                                         net1312 (net)
                  0.55    0.05   11.73 ^ wire1312/A (sky130_fd_sc_hd__buf_2)
     1    0.01    0.06    0.23   11.96 ^ wire1312/X (sky130_fd_sc_hd__buf_2)
                                         net1311 (net)
                  0.06    0.00   11.96 ^ wire1311/A (sky130_fd_sc_hd__buf_2)
     2    0.02    0.09    0.15   12.11 ^ wire1311/X (sky130_fd_sc_hd__buf_2)
                                         net1310 (net)
                  0.09    0.00   12.11 ^ max_cap1310/A (sky130_fd_sc_hd__buf_1)
     2    0.02    0.26    0.24   12.36 ^ max_cap1310/X (sky130_fd_sc_hd__buf_1)
                                         net1309 (net)
                  0.26    0.00   12.36 ^ wire1309/A (sky130_fd_sc_hd__buf_2)
     1    0.02    0.11    0.22   12.58 ^ wire1309/X (sky130_fd_sc_hd__buf_2)
                                         net1308 (net)
                  0.11    0.00   12.58 ^ wire1308/A (sky130_fd_sc_hd__buf_2)
     1    0.02    0.09    0.17   12.75 ^ wire1308/X (sky130_fd_sc_hd__buf_2)
                                         net1307 (net)
                  0.09    0.00   12.75 ^ wire1307/A (sky130_fd_sc_hd__buf_2)
     1    0.02    0.11    0.17   12.92 ^ wire1307/X (sky130_fd_sc_hd__buf_2)
                                         net1306 (net)
                  0.11    0.00   12.93 ^ _10009_/A1 (sky130_fd_sc_hd__mux2_2)
     1    0.06    0.33    0.38   13.30 ^ _10009_/X (sky130_fd_sc_hd__mux2_2)
                                         net51 (net)
                  0.34    0.02   13.32 ^ output52/A (sky130_fd_sc_hd__clkdlybuf4s50_1)
     1    0.02    0.24    0.69   14.01 ^ output52/X (sky130_fd_sc_hd__clkdlybuf4s50_1)
                                         rdata[5] (net)
                  0.24    0.00   14.01 ^ rdata[5] (out)
                                 14.01   data arrival time

                         20.00   20.00   clock clk (rise edge)
                          0.00   20.00   clock network delay (propagated)
                         -0.25   19.75   clock uncertainty
                          0.00   19.75   clock reconvergence pessimism
                         -4.00   15.75   output external delay
                                 15.75   data required time
-----------------------------------------------------------------------------
                                 15.75   data required time
                                -14.01   data arrival time
-----------------------------------------------------------------------------
                                  1.74   slack (MET)



==========================================================================
finish report_check_types -max_slew -max_cap -max_fanout -violators
--------------------------------------------------------------------------
max slew

Pin                                    Limit    Slew   Slack
------------------------------------------------------------
u_sram.u_macro/addr0[1]                 0.04    0.04   -0.00 (VIOLATED)
u_sram.u_macro/addr0[3]                 0.04    0.04   -0.00 (VIOLATED)
u_sram.u_macro/addr0[6]                 0.04    0.04   -0.00 (VIOLATED)
u_sram.u_macro/addr0[0]                 0.04    0.04   -0.00 (VIOLATED)


==========================================================================
finish max_slew_check_slack
--------------------------------------------------------------------------
-0.0020807350520044565

==========================================================================
finish max_slew_check_limit
--------------------------------------------------------------------------
0.03999999910593033

==========================================================================
finish max_slew_check_slack_limit
--------------------------------------------------------------------------
-0.0520

==========================================================================
finish max_fanout_check_slack
--------------------------------------------------------------------------
3.0

==========================================================================
finish max_fanout_check_limit
--------------------------------------------------------------------------
4.0

==========================================================================
finish max_fanout_check_slack_limit
--------------------------------------------------------------------------
0.7500

==========================================================================
finish max_capacitance_check_slack
--------------------------------------------------------------------------
0.009612757712602615

==========================================================================
finish max_capacitance_check_limit
--------------------------------------------------------------------------
0.021067000925540924

==========================================================================
finish max_capacitance_check_slack_limit
--------------------------------------------------------------------------
0.4563

==========================================================================
finish max_slew_violation_count
--------------------------------------------------------------------------
max slew violation count 4

==========================================================================
finish max_fanout_violation_count
--------------------------------------------------------------------------
max fanout violation count 0

==========================================================================
finish max_cap_violation_count
--------------------------------------------------------------------------
max cap violation count 0

==========================================================================
finish setup_violation_count
--------------------------------------------------------------------------
setup violation count 0

==========================================================================
finish hold_violation_count
--------------------------------------------------------------------------
hold violation count 0

==========================================================================
finish report_checks -path_delay max reg to reg
--------------------------------------------------------------------------
Startpoint: inv_q$_DFFE_PN0P_ (rising edge-triggered flip-flop clocked by clk)
Endpoint: s1_prod[23]$_DFFE_PP_ (rising edge-triggered flip-flop clocked by clk)
Path Group: clk
Path Type: max

  Delay    Time   Description
---------------------------------------------------------
   0.00    0.00   clock clk (rise edge)
   0.00    0.00   clock source latency
   0.00    0.00 ^ clk (in)
   0.11    0.11 ^ clkbuf_regs_0_clk/X (sky130_fd_sc_hd__clkbuf_16)
   0.20    0.30 ^ clkbuf_0_clk_regs/X (sky130_fd_sc_hd__clkbuf_16)
   0.31    0.61 ^ clkbuf_2_1__f_clk_regs/X (sky130_fd_sc_hd__clkbuf_16)
   0.22    0.83 ^ clkbuf_leaf_5_clk_regs/X (sky130_fd_sc_hd__clkbuf_16)
   0.00    0.83 ^ inv_q$_DFFE_PN0P_/CLK (sky130_fd_sc_hd__dfrtp_4)
   0.84    1.67 ^ inv_q$_DFFE_PN0P_/Q (sky130_fd_sc_hd__dfrtp_4)
   0.06    1.73 v _07841_/Y (sky130_fd_sc_hd__nor4_4)
   0.23    1.96 v place1045/X (sky130_fd_sc_hd__buf_4)
   0.50    2.46 ^ _07871_/Y (sky130_fd_sc_hd__o21ai_2)
   0.84    3.30 ^ _07872_/X (sky130_fd_sc_hd__or3_1)
   0.59    3.89 ^ place991/X (sky130_fd_sc_hd__buf_4)
   0.22    4.11 v _08930_/Y (sky130_fd_sc_hd__o221ai_1)
   0.16    4.26 ^ _08934_/Y (sky130_fd_sc_hd__nor2_1)
   0.26    4.53 v _08935_/Y (sky130_fd_sc_hd__o21ai_0)
   0.28    4.81 ^ _08950_/Y (sky130_fd_sc_hd__o22ai_1)
   0.63    5.43 ^ _08951_/X (sky130_fd_sc_hd__a21o_1)
   0.42    5.85 v _14770_/SUM (sky130_fd_sc_hd__ha_1)
   0.47    6.32 v _14712_/SUM (sky130_fd_sc_hd__ha_1)
   0.23    6.55 v _08340_/X (sky130_fd_sc_hd__and3_1)
   0.34    6.88 ^ _08373_/Y (sky130_fd_sc_hd__a221oi_1)
   0.19    7.07 v _08374_/Y (sky130_fd_sc_hd__xnor2_1)
   0.47    7.54 v _08383_/X (sky130_fd_sc_hd__or3_1)
   0.31    7.85 v _08624_/X (sky130_fd_sc_hd__o31a_1)
   0.49    8.34 ^ _08632_/Y (sky130_fd_sc_hd__o32ai_2)
   0.19    8.53 v _08729_/Y (sky130_fd_sc_hd__a21oi_1)
   0.16    8.69 v _08954_/Y (sky130_fd_sc_hd__xnor2_1)
   0.29    8.98 ^ _08973_/Y (sky130_fd_sc_hd__a22oi_1)
   0.69    9.66 ^ _08974_/Y (sky130_fd_sc_hd__a21boi_2)
   0.17    9.83 v _09257_/Y (sky130_fd_sc_hd__nor2_1)
   0.51   10.34 v _14416_/SUM (sky130_fd_sc_hd__fa_1)
   0.25   10.60 v _14914_/COUT (sky130_fd_sc_hd__ha_1)
   0.51   11.11 v _14430_/SUM (sky130_fd_sc_hd__fa_1)
   0.57   11.68 ^ _14303_/SUM (sky130_fd_sc_hd__fa_1)
   0.42   12.10 v _14507_/SUM (sky130_fd_sc_hd__fa_1)
   0.34   12.45 v _14961_/SUM (sky130_fd_sc_hd__ha_1)
   0.14   12.59 v _10399_/Y (sky130_fd_sc_hd__nor2b_1)
   0.19   12.78 v _10400_/X (sky130_fd_sc_hd__o21a_1)
   0.54   13.33 ^ _10404_/Y (sky130_fd_sc_hd__o41ai_1)
   0.31   13.64 v _10408_/Y (sky130_fd_sc_hd__o21ai_0)
   0.56   14.19 ^ _10412_/Y (sky130_fd_sc_hd__o41ai_1)
   0.21   14.40 v _10417_/Y (sky130_fd_sc_hd__o211ai_1)
   0.27   14.67 v _10420_/X (sky130_fd_sc_hd__a31o_2)
   0.17   14.83 ^ _10421_/Y (sky130_fd_sc_hd__a21oi_1)
   0.09   14.92 v _10422_/Y (sky130_fd_sc_hd__xnor2_1)
   0.00   14.92 v s1_prod[23]$_DFFE_PP_/D (sky130_fd_sc_hd__edfxtp_1)
          14.92   data arrival time

  20.00   20.00   clock clk (rise edge)
   0.00   20.00   clock source latency
   0.00   20.00 ^ clk (in)
   0.11   20.11 ^ clkbuf_regs_0_clk/X (sky130_fd_sc_hd__clkbuf_16)
   0.20   20.30 ^ clkbuf_0_clk_regs/X (sky130_fd_sc_hd__clkbuf_16)
   0.29   20.59 ^ clkbuf_2_0__f_clk_regs/X (sky130_fd_sc_hd__clkbuf_16)
   0.21   20.80 ^ clkbuf_leaf_47_clk_regs/X (sky130_fd_sc_hd__clkbuf_16)
   0.00   20.81 ^ s1_prod[23]$_DFFE_PP_/CLK (sky130_fd_sc_hd__edfxtp_1)
  -0.25   20.56   clock uncertainty
   0.00   20.56   clock reconvergence pessimism
  -0.25   20.31   library setup time
          20.31   data required time
---------------------------------------------------------
          20.31   data required time
         -14.92   data arrival time
---------------------------------------------------------
           5.38   slack (MET)



==========================================================================
finish report_checks -path_delay min reg to reg
--------------------------------------------------------------------------
Startpoint: s1_x[8]$_DFFE_PP_ (rising edge-triggered flip-flop clocked by clk)
Endpoint: s2_x[8]$_DFFE_PP_ (rising edge-triggered flip-flop clocked by clk)
Path Group: clk
Path Type: min

  Delay    Time   Description
---------------------------------------------------------
   0.00    0.00   clock clk (rise edge)
   0.00    0.00   clock source latency
   0.00    0.00 ^ clk (in)
   0.11    0.11 ^ clkbuf_regs_0_clk/X (sky130_fd_sc_hd__clkbuf_16)
   0.20    0.30 ^ clkbuf_0_clk_regs/X (sky130_fd_sc_hd__clkbuf_16)
   0.29    0.59 ^ clkbuf_2_0__f_clk_regs/X (sky130_fd_sc_hd__clkbuf_16)
   0.21    0.80 ^ clkbuf_leaf_45_clk_regs/X (sky130_fd_sc_hd__clkbuf_16)
   0.00    0.81 ^ s1_x[8]$_DFFE_PP_/CLK (sky130_fd_sc_hd__edfxtp_1)
   0.32    1.13 ^ s1_x[8]$_DFFE_PP_/Q (sky130_fd_sc_hd__edfxtp_1)
   0.00    1.13 ^ s2_x[8]$_DFFE_PP_/D (sky130_fd_sc_hd__edfxtp_1)
           1.13   data arrival time

   0.00    0.00   clock clk (rise edge)
   0.00    0.00   clock source latency
   0.00    0.00 ^ clk (in)
   0.11    0.11 ^ clkbuf_regs_0_clk/X (sky130_fd_sc_hd__clkbuf_16)
   0.20    0.30 ^ clkbuf_0_clk_regs/X (sky130_fd_sc_hd__clkbuf_16)
   0.29    0.59 ^ clkbuf_2_0__f_clk_regs/X (sky130_fd_sc_hd__clkbuf_16)
   0.22    0.81 ^ clkbuf_leaf_46_clk_regs/X (sky130_fd_sc_hd__clkbuf_16)
   0.00    0.81 ^ s2_x[8]$_DFFE_PP_/CLK (sky130_fd_sc_hd__edfxtp_1)
   0.25    1.06   clock uncertainty
   0.00    1.06   clock reconvergence pessimism
  -0.10    0.96   library hold time
           0.96   data required time
---------------------------------------------------------
           0.96   data required time
          -1.13   data arrival time
---------------------------------------------------------
           0.17   slack (MET)



==========================================================================
finish critical path target clock latency max path
--------------------------------------------------------------------------
0.7063

==========================================================================
finish critical path target clock latency min path
--------------------------------------------------------------------------
0.8277

==========================================================================
finish critical path source clock latency min path
--------------------------------------------------------------------------
0.0000

==========================================================================
finish critical path delay
--------------------------------------------------------------------------
14.0125

==========================================================================
finish critical path slack
--------------------------------------------------------------------------
1.7375

==========================================================================
finish slack div critical path delay
--------------------------------------------------------------------------
12.399643

==========================================================================
finish report_power
--------------------------------------------------------------------------
Group                  Internal  Switching    Leakage      Total
                          Power      Power      Power      Power (Watts)
----------------------------------------------------------------
Sequential             2.99e-03   7.12e-04   6.63e-09   3.70e-03   0.0%
Combinational          4.44e-02   7.13e-02   2.37e-08   1.16e-01   0.0%
Clock                  7.13e-04   6.26e-04   1.04e-09   1.34e-03   0.0%
Macro                  3.35e+06   0.00e+00   3.52e-06   3.35e+06 100.0%
Pad                    0.00e+00   0.00e+00   0.00e+00   0.00e+00   0.0%
----------------------------------------------------------------
Total                  3.35e+06   7.27e-02   3.55e-06   3.35e+06 100.0%
                         100.0%       0.0%       0.0%
