OpenROAD f552262465b0bfef8f097e258f94bc501d01e19d 
Features included (+) or not (-): +GPU +GUI +Python
This program is licensed under the BSD-3 license. See the LICENSE file for details.
Components of this program may be licensed under more restrictive licenses which must be honored.
[INFO ORD-0030] Using 12 thread(s).
read_liberty /opt/eda/orfs-6101364b/flow/platforms/sky130hd/lib/sky130_fd_sc_hd__tt_025C_1v80.lib
read_liberty /mnt/d/TKVM_ATTT_2026_test/codeachip/flow/macros/sky130_sram_1rw_16x256_wpr8_TT_1p8V_25C.lib
read_db /root/cac_runs/ntt_opt_pipe_macro_12ns/results/sky130hd/cac_ntt_opt_pipe_macro_12ns/base/3_1_place_gp_skip_io.odb
read_sdc /root/cac_runs/ntt_opt_pipe_macro_12ns/results/sky130hd/cac_ntt_opt_pipe_macro_12ns/base/2_floorplan.sdc
source /opt/eda/orfs-6101364b/flow/platforms/sky130hd/setRC.tcl
place_pins -hor_layers met3 -ver_layers met2
Found 1 macro blocks.
Using 2 tracks default min distance between IO pins.
[INFO PPL-0001] Number of available slots 1960
[INFO PPL-0002] Number of I/O             55
[INFO PPL-0003] Number of I/O w/sink      51
[INFO PPL-0004] Number of I/O w/o sink    4
[INFO PPL-0005] Slots per section         200
[INFO PPL-0008] Successfully assigned pins to sections.
[INFO PPL-0012] I/O nets HPWL: 13842.09 um.
Design area 133790 um^2 46% utilization.
write_db /root/cac_runs/ntt_opt_pipe_macro_12ns/results/sky130hd/cac_ntt_opt_pipe_macro_12ns/base/3_2_place_iop.odb
Elapsed time: 0:00.80[h:]min:sec. CPU time: user 0.47 sys 0.04 (63%). Peak memory: 133676KB.
Log                       Ext     Elapsed/s Peak Memory/MB sha1sum result [0:20)
3_2_place_iop             .odb            0            130 00f8c9852ade2858207b
