OpenROAD f552262465b0bfef8f097e258f94bc501d01e19d 
Features included (+) or not (-): +GPU +GUI +Python
This program is licensed under the BSD-3 license. See the LICENSE file for details.
Components of this program may be licensed under more restrictive licenses which must be honored.
[INFO ORD-0030] Using 12 thread(s).
read_liberty /opt/eda/orfs-6101364b/flow/platforms/sky130hd/lib/sky130_fd_sc_hd__tt_025C_1v80.lib
read_liberty /mnt/d/TKVM_ATTT_2026_test/codeachip/flow/macros/sky130_sram_1rw_16x256_wpr8_TT_1p8V_25C.lib
read_db /root/cac_runs/ntt_opt_pipe_macro_12ns/results/sky130hd/cac_ntt_opt_pipe_macro_12ns/base/3_4_place_resized.odb
read_sdc /root/cac_runs/ntt_opt_pipe_macro_12ns/results/sky130hd/cac_ntt_opt_pipe_macro_12ns/base/2_floorplan.sdc
source /opt/eda/orfs-6101364b/flow/platforms/sky130hd/setRC.tcl
detailed_placement
[INFO DPL-0006] Core area: 288635.57 um^2
[INFO DPL-0007] Movable instances area: 28989.05 um^2
[INFO DPL-0008] Fixed instances area within core: 105631.26 um^2
[INFO DPL-0009] Utilization: 46.6%
[INFO DPL-0005] Diamond search max displacement: +/- 500 sites horizontally, +/- 100 rows vertically.
[INFO DPL-1102] Legalizing using negotiation legalizer.
[INFO DPL-1103] Negotiation base search window: +/-20 sites horizontally, +/-5 rows vertically 
	Automatic search window extension enabled.
	Search window extendable up to the max displacement cap of +/-500 sites, +/-100 rows near walls.
[INFO DPL-1104] NegotiationLegalizer DRC penalty: 5.
[INFO DPL-0392] Negotiation cell height distribution (2 unique row-count(s)):
[INFO DPL-0393]   height 1 row(s): 5528 cells
[INFO DPL-0393]   height 80 row(s): 1 cells
          |      Total |  Illegal |  Illegal
Iteration | Violations |    Cells |    Sites
---------------------------------------------
        0 |          0 |         0 |         0
Negotiation phase 1 converged at iteration 0.
[INFO DPL-0500] Runtime: 0.04s
Placement Analysis
---------------------------------
total displacement      10079.4 u
average displacement        1.8 u
max displacement          155.6 u
original HPWL           85919.1 u
legalized HPWL          92833.5 u
delta HPWL                    8 %

improve_placement -max_displacement "5 1"
Detailed placement improvement.
[INFO DPL-0401] Setting random seed to 1.
[INFO DPL-0402] Setting maximum displacement 5 1 to 13600 2720 units.
[INFO DPL-0320] Collected 2492 fixed cells.
[INFO DPL-0318] Collected 3176 single height cells.
[INFO DPL-0321] Collected 0 wide cells.
[INFO DPL-0322] Image (1380, 2720) - (540040, 538560)
[INFO DPL-0310] Assigned 3176 cells into segments.  Movement in X-direction is 0.000000, movement in Y-direction is 0.000000.
[INFO DPL-0313] Found 0 cells in wrong regions.
[INFO DPL-0315] Found 0 row alignment problems.
[INFO DPL-0314] Found 0 site alignment problems.
[INFO DPL-0311] Found 0 overlaps between adjacent cells.
[INFO DPL-0312] Found 0 edge spacing violations and 0 padding violations.
[INFO DPL-0303] Running algorithm for independent set matching.
[INFO DPL-0300] Set matching objective is wirelength.
[INFO DPL-0301] Pass   1 of matching; objective is 9.053101e+07.
[INFO DPL-0302] End of matching; objective is 9.047273e+07, improvement is 0.06 percent.
[INFO DPL-0303] Running algorithm for global swaps.
[INFO DPL-0306] Pass   1 of global swaps; hpwl is 8.829094e+07.
[INFO DPL-0306] Pass   2 of global swaps; hpwl is 8.786593e+07.
[INFO DPL-0307] End of global swaps; objective is 8.786593e+07, improvement is 2.88 percent.
[INFO DPL-0303] Running algorithm for vertical swaps.
[INFO DPL-0308] Pass   1 of vertical swaps; hpwl is 8.736717e+07.
[INFO DPL-0309] End of vertical swaps; objective is 8.736717e+07, improvement is 0.57 percent.
[INFO DPL-0303] Running algorithm for reordering.
[INFO DPL-0304] Pass   1 of reordering; objective is 8.734276e+07.
[INFO DPL-0305] End of reordering; objective is 8.734276e+07, improvement is 0.03 percent.
[INFO DPL-0303] Running algorithm for random improvement.
[INFO DPL-0324] Random improver is using random generator.
[INFO DPL-0325] Random improver is using hpwl objective.
[INFO DPL-0326] Random improver cost string is (a).
[INFO DPL-0332] End of pass, Generator random called 63520 times.
[INFO DPL-0335] Generator random, Cumulative attempts 63520, swaps 4780, moves 25150 since last reset.
[INFO DPL-0333] End of pass, Objective hpwl, Initial cost 8.675242e+07, Scratch cost 8.539791e+07, Incremental cost 8.539791e+07, Mismatch? N
[INFO DPL-0338] End of pass, Total cost is 8.539791e+07.
[INFO DPL-0327] Pass   1 of random improver; improvement in cost is 1.56 percent.
[INFO DPL-0332] End of pass, Generator random called 63520 times.
[INFO DPL-0335] Generator random, Cumulative attempts 127040, swaps 9468, moves 49977 since last reset.
[INFO DPL-0333] End of pass, Objective hpwl, Initial cost 8.539791e+07, Scratch cost 8.482042e+07, Incremental cost 8.482042e+07, Mismatch? N
[INFO DPL-0338] End of pass, Total cost is 8.482042e+07.
[INFO DPL-0327] Pass   2 of random improver; improvement in cost is 0.68 percent.
[INFO DPL-0328] End of random improver; improvement is 2.227023 percent.
[INFO DPL-0380] Cell flipping.
[INFO DPL-0382] Changed 0 cell orientations for row compatibility.
[INFO DPL-0383] Performed 1040 cell flips.
[INFO DPL-0384] End of flipping; objective is 8.348561e+07, improvement is 2.25 percent.
[INFO DPL-0313] Found 0 cells in wrong regions.
[INFO DPL-0315] Found 0 row alignment problems.
[INFO DPL-0314] Found 0 site alignment problems.
[INFO DPL-0311] Found 0 overlaps between adjacent cells.
[INFO DPL-0312] Found 0 edge spacing violations and 0 padding violations.
Detailed Improvement Results
------------------------------------------
Original HPWL            92833.5 u (   45354.5,    47479.0)
Final HPWL               86108.4 u (   42689.7,    43418.8)
Delta HPWL                  -7.2 % (      -5.9,       -8.6)

optimize_mirroring
[INFO DPL-0020] Mirrored 207 instances
[INFO DPL-0021] HPWL before           86108.4 u
[INFO DPL-0022] HPWL after            86045.3 u
[INFO DPL-0023] HPWL delta               -0.1 %
[INFO FLW-0012] Placement violations .
estimate_parasitics -placement
Report metrics stage 3, detailed place...

==========================================================================
detailed place report_design_area
--------------------------------------------------------------------------
Design area 134620 um^2 47% utilization.
write_db /root/cac_runs/ntt_opt_pipe_macro_12ns/results/sky130hd/cac_ntt_opt_pipe_macro_12ns/base/3_5_place_dp.odb
write_sdc -no_timestamp /root/cac_runs/ntt_opt_pipe_macro_12ns/results/sky130hd/cac_ntt_opt_pipe_macro_12ns/base/3_place.sdc
Elapsed time: 0:02.25[h:]min:sec. CPU time: user 2.51 sys 0.64 (139%). Peak memory: 161940KB.
Log                       Ext     Elapsed/s Peak Memory/MB sha1sum result [0:20)
3_5_place_dp              .odb            2            158 0866a23910818803640a
