OpenROAD f552262465b0bfef8f097e258f94bc501d01e19d 
Features included (+) or not (-): +GPU +GUI +Python
This program is licensed under the BSD-3 license. See the LICENSE file for details.
Components of this program may be licensed under more restrictive licenses which must be honored.
[INFO ORD-0030] Using 12 thread(s).
read_liberty /opt/eda/orfs-6101364b/flow/platforms/sky130hd/lib/sky130_fd_sc_hd__tt_025C_1v80.lib
read_liberty /mnt/d/TKVM_ATTT_2026_test/codeachip/flow/macros/sky130_sram_1rw_16x256_wpr8_TT_1p8V_25C.lib
read_db /root/cac_runs/ntt_opt_pipe_macro_12ns_pinfix4/results/sky130hd/cac_ntt_opt_pipe_macro_12ns/base/4_cts.odb
read_sdc /root/cac_runs/ntt_opt_pipe_macro_12ns_pinfix4/results/sky130hd/cac_ntt_opt_pipe_macro_12ns/base/4_cts.sdc
source /opt/eda/orfs-6101364b/flow/platforms/sky130hd/setRC.tcl
pin_access
[INFO DRT-0149] Reading tech and libs.
[WARNING DRT-0349] LEF58_ENCLOSURE with no CUTCLASS is not supported. Skipping for layer mcon
[WARNING DRT-0349] LEF58_ENCLOSURE with no CUTCLASS is not supported. Skipping for layer mcon
[WARNING DRT-0349] LEF58_ENCLOSURE with no CUTCLASS is not supported. Skipping for layer via
[WARNING DRT-0349] LEF58_ENCLOSURE with no CUTCLASS is not supported. Skipping for layer via
[WARNING DRT-0349] LEF58_ENCLOSURE with no CUTCLASS is not supported. Skipping for layer via2
[WARNING DRT-0349] LEF58_ENCLOSURE with no CUTCLASS is not supported. Skipping for layer via2
[WARNING DRT-0349] LEF58_ENCLOSURE with no CUTCLASS is not supported. Skipping for layer via3
[WARNING DRT-0349] LEF58_ENCLOSURE with no CUTCLASS is not supported. Skipping for layer via3
[WARNING DRT-0349] LEF58_ENCLOSURE with no CUTCLASS is not supported. Skipping for layer via4
[WARNING DRT-0349] LEF58_ENCLOSURE with no CUTCLASS is not supported. Skipping for layer via4

Units:                1000
Number of layers:     13
Number of macros:     442
Number of vias:       30
Number of viarulegen: 25

[INFO DRT-0150] Reading design.

Design:                   kyber_ntt_engine_opt
Die area:                 ( 0 0 ) ( 541140 541140 )
Number of track patterns: 12
Number of DEF vias:       0
Number of components:     5642
Number of terminals:      57
Number of snets:          2
Number of nets:           3921

[WARNING DRT-0418] Term u_coeff_ram.u_macro/din0[1] has no pins on routing grid
[WARNING DRT-0418] Term u_coeff_ram.u_macro/din0[2] has no pins on routing grid
[WARNING DRT-0418] Term u_coeff_ram.u_macro/din0[4] has no pins on routing grid
[WARNING DRT-0418] Term u_coeff_ram.u_macro/din0[5] has no pins on routing grid
[WARNING DRT-0418] Term u_coeff_ram.u_macro/din0[7] has no pins on routing grid
[WARNING DRT-0418] Term u_coeff_ram.u_macro/din0[8] has no pins on routing grid
[WARNING DRT-0418] Term u_coeff_ram.u_macro/din0[10] has no pins on routing grid
[WARNING DRT-0418] Term u_coeff_ram.u_macro/din0[11] has no pins on routing grid
[WARNING DRT-0418] Term u_coeff_ram.u_macro/din0[13] has no pins on routing grid
[WARNING DRT-0418] Term u_coeff_ram.u_macro/din0[16] has no pins on routing grid
[WARNING DRT-0418] Term u_coeff_ram.u_macro/addr0[0] has no pins on routing grid
[WARNING DRT-0418] Term u_coeff_ram.u_macro/addr0[1] has no pins on routing grid
[WARNING DRT-0418] Term u_coeff_ram.u_macro/addr0[7] has no pins on routing grid
[WARNING DRT-0418] Term u_coeff_ram.u_macro/addr0[8] has no pins on routing grid
[WARNING DRT-0418] Term u_coeff_ram.u_macro/web0 has no pins on routing grid
[WARNING DRT-0418] Term u_coeff_ram.u_macro/wmask0[0] has no pins on routing grid
[WARNING DRT-0418] Term u_coeff_ram.u_macro/wmask0[1] has no pins on routing grid
[WARNING DRT-0418] Term u_coeff_ram.u_macro/dout0[3] has no pins on routing grid
[WARNING DRT-0418] Term u_coeff_ram.u_macro/dout0[4] has no pins on routing grid
[WARNING DRT-0418] Term u_coeff_ram.u_macro/dout0[7] has no pins on routing grid
[WARNING DRT-0418] Term u_coeff_ram.u_macro/dout0[10] has no pins on routing grid
[WARNING DRT-0418] Term u_coeff_ram.u_macro/dout0[11] has no pins on routing grid
[WARNING DRT-0418] Term u_coeff_ram.u_macro/dout0[12] has no pins on routing grid
[INFO DRT-0167] List of default vias:
  Layer via
    default via: M1M2_PR
  Layer via2
    default via: M2M3_PR
  Layer via3
    default via: M3M4_PR
  Layer via4
    default via: M4M5_PR
[INFO DRT-0162] Library cell analysis.
[INFO DRT-0163] Instance analysis.
[INFO DRT-0164] Number of unique instances = 173.
[INFO DRT-0168] Init region query.
[INFO DRT-0024]   Complete FR_MASTERSLICE.
[INFO DRT-0024]   Complete Fr_VIA.
[INFO DRT-0024]   Complete li1.
[INFO DRT-0024]   Complete mcon.
[INFO DRT-0024]   Complete met1.
[INFO DRT-0024]   Complete via.
[INFO DRT-0024]   Complete met2.
[INFO DRT-0024]   Complete via2.
[INFO DRT-0024]   Complete met3.
[INFO DRT-0024]   Complete via3.
[INFO DRT-0024]   Complete met4.
[INFO DRT-0024]   Complete via4.
[INFO DRT-0024]   Complete met5.
[INFO DRT-0033] FR_MASTERSLICE shape region query size = 0.
[INFO DRT-0033] FR_VIA shape region query size = 0.
[INFO DRT-0033] li1 shape region query size = 104865.
[INFO DRT-0033] mcon shape region query size = 56316.
[INFO DRT-0033] met1 shape region query size = 21723.
[INFO DRT-0033] via shape region query size = 12645.
[INFO DRT-0033] met2 shape region query size = 7621.
[INFO DRT-0033] via2 shape region query size = 10116.
[INFO DRT-0033] met3 shape region query size = 7634.
[INFO DRT-0033] via3 shape region query size = 10116.
[INFO DRT-0033] met4 shape region query size = 3210.
[INFO DRT-0033] via4 shape region query size = 510.
[INFO DRT-0033] met5 shape region query size = 588.
[INFO DRT-0165] Start pin access.
[INFO DRT-0076]   Complete 1000 pins.
[INFO DRT-0078]   Complete 1455 pins.
[INFO DRT-0079]   Complete 100 unique inst patterns.
[INFO DRT-0081]   Complete 172 unique inst patterns.
[INFO DRT-0084]   Complete 2343 groups.
#scanned instances     = 5642
#unique  instances     = 173
#stdCellGenAp          = 6272
#stdCellValidPlanarAp  = 52
#stdCellValidViaAp     = 4269
#stdCellPinNoAp        = 6
#stdCellPinCnt         = 11859
#instTermValidViaApCnt = 0
#macroGenAp            = 98
#macroValidPlanarAp    = 81
#macroValidViaAp       = 0
#macroNoAp             = 0
[INFO DRT-0166] Complete pin access.
[INFO DRT-0267] cpu time = 00:02:34, elapsed time = 00:00:46, memory = 156.92 (MB), peak = 155.88 (MB)
Took 47 seconds: pin_access
global_route -congestion_report_file /root/cac_runs/ntt_opt_pipe_macro_12ns_pinfix4/reports/sky130hd/cac_ntt_opt_pipe_macro_12ns/base/congestion.rpt -congestion_iterations 30 -congestion_report_iter_step 5 -verbose
[INFO GRT-0020] Min routing layer: met1
[INFO GRT-0021] Max routing layer: met5
[INFO GRT-0022] Global adjustment: 0%
[INFO GRT-0023] Grid origin: (0, 0)
[INFO GRT-0088] Layer li1     Track-Pitch = 0.4600  line-2-Via Pitch: 0.3400
[INFO GRT-0088] Layer met1    Track-Pitch = 0.3400  line-2-Via Pitch: 0.3400
[INFO GRT-0088] Layer met2    Track-Pitch = 0.4600  line-2-Via Pitch: 0.3500
[INFO GRT-0088] Layer met3    Track-Pitch = 0.6800  line-2-Via Pitch: 0.6150
[INFO GRT-0088] Layer met4    Track-Pitch = 0.9200  line-2-Via Pitch: 1.0400
[INFO GRT-0088] Layer met5    Track-Pitch = 3.4000  line-2-Via Pitch: 3.1100
[INFO GRT-0003] Macros: 1
[INFO GRT-0004] Blockages: 3968
[INFO GRT-0019] Found 24 clock nets.
[INFO GRT-0001] Minimum degree: 2
[INFO GRT-0002] Maximum degree: 89

[INFO GRT-0053] Routing resources analysis:
          Routing      Original      Derated      Resource
Layer     Direction    Resources     Resources    Reduction (%)
---------------------------------------------------------------
li1        Vertical            0             0          0.00%
met1       Horizontal      61886         47755          22.83%
met2       Vertical        49212         37774          23.24%
met3       Horizontal      36957         28970          21.61%
met4       Vertical        24170         17137          29.10%
met5       Horizontal       5904          3839          34.98%
---------------------------------------------------------------

[INFO GRT-0101] Running extra iterations to remove congestion.
[INFO GRT-0102] Start extra iteration 1/30
[INFO GRT-0102] Start extra iteration 2/30
[INFO GRT-0102] Start extra iteration 3/30
[INFO GRT-0102] Start extra iteration 4/30
[INFO GRT-0102] Start extra iteration 5/30
[INFO GRT-0102] Start extra iteration 6/30
[INFO GRT-0102] Start extra iteration 7/30
[INFO GRT-0102] Start extra iteration 8/30
[INFO GRT-0102] Start extra iteration 9/30
[INFO GRT-0102] Start extra iteration 10/30
[INFO GRT-0102] Start extra iteration 11/30
[INFO GRT-0102] Start extra iteration 12/30
[INFO GRT-0102] Start extra iteration 13/30
[WARNING GRT-0273] Disabled NDR (to reduce congestion) for net: delaynet_2_clk
[INFO GRT-0102] Start extra iteration 1/30
[INFO GRT-0197] Via related to pin nodes: 18915
[INFO GRT-0198] Via related Steiner nodes: 345
[INFO GRT-0199] Via filling finished.
[INFO GRT-0111] Final number of vias: 23702
[INFO GRT-0112] Final usage 3D: 86355

[INFO GRT-0096] Final congestion report:
Layer         Resource        Demand        Usage (%)    Max H / Max V / Total Congestion
---------------------------------------------------------------------------------------
li1                  0             0            0.00%             0 /  0 /  0
met1             47755          7775           16.28%             0 /  0 /  0
met2             37774          6593           17.45%             0 /  0 /  0
met3             28970           445            1.54%             0 /  0 /  0
met4             17137           418            2.44%             0 /  0 /  0
met5              3839            18            0.47%             0 /  0 /  0
---------------------------------------------------------------------------------------
Total           135475         15249           11.26%             0 /  0 /  0

[INFO GRT-0018] Total wirelength: 159038 um
[INFO GRT-0014] Routed nets: 3822
[INFO GRT-0303] Global routing runtime = 00:00:04
estimate_parasitics -global_routing
Perform buffer insertion and gate resizing...
repair_design -verbose
Iteration |   Area    | Resized | Buffers | Nets repaired | Remaining
---------------------------------------------------------------------
        0 |     +0.0% |       0 |       0 |             0 |      3950
       10 |     +0.0% |       0 |       0 |             0 |      3940
       20 |     +0.0% |       0 |       0 |             0 |      3930
       30 |     +0.0% |       0 |       0 |             0 |      3920
       40 |     +0.0% |       0 |       0 |             0 |      3910
       50 |     +0.0% |       0 |       0 |             0 |      3900
       60 |     +0.0% |       0 |       0 |             0 |      3890
       70 |     +0.0% |       0 |       0 |             0 |      3880
       80 |     +0.0% |       0 |       0 |             0 |      3870
       90 |     +0.0% |       0 |       0 |             0 |      3860
      100 |     +0.0% |       0 |       0 |             0 |      3850
      110 |     +0.0% |       0 |       0 |             0 |      3840
      120 |     +0.0% |       0 |       0 |             0 |      3830
      130 |     +0.0% |       0 |       0 |             0 |      3820
      140 |     +0.0% |       0 |       0 |             0 |      3810
[WARNING RSZ-0104] Net _3351_ only has one pin. Check if it is intended to be dangling.
      150 |     +0.0% |       0 |       0 |             0 |      3800
      160 |     +0.0% |       0 |       0 |             0 |      3790
      170 |     +0.0% |       0 |       0 |             0 |      3780
      180 |     +0.0% |       0 |       0 |             0 |      3770
      190 |     +0.0% |       0 |       0 |             0 |      3760
      200 |     +0.0% |       0 |       0 |             0 |      3750
      210 |     +0.0% |       0 |       0 |             0 |      3740
      220 |     +0.0% |       0 |       0 |             0 |      3730
      230 |     +0.0% |       0 |       0 |             0 |      3720
      240 |     +0.0% |       0 |       0 |             0 |      3710
      250 |     +0.0% |       0 |       0 |             0 |      3700
      260 |     +0.0% |       0 |       0 |             0 |      3690
      270 |     +0.0% |       0 |       0 |             0 |      3680
      280 |     +0.0% |       0 |       0 |             0 |      3670
      290 |     +0.0% |       0 |       0 |             0 |      3660
      300 |     +0.0% |       0 |       0 |             0 |      3650
      310 |     +0.0% |       0 |       0 |             0 |      3640
      320 |     +0.0% |       0 |       0 |             0 |      3630
[WARNING RSZ-0104] Net _3336_ only has one pin. Check if it is intended to be dangling.
      330 |     +0.0% |       0 |       0 |             0 |      3620
      340 |     +0.0% |       0 |       0 |             0 |      3610
      350 |     +0.0% |       0 |       0 |             0 |      3600
[WARNING RSZ-0104] Net _3523_ only has one pin. Check if it is intended to be dangling.
[WARNING RSZ-0104] Net _3521_ only has one pin. Check if it is intended to be dangling.
      360 |     +0.0% |       0 |       0 |             0 |      3590
[WARNING RSZ-0104] Net _3335_ only has one pin. Check if it is intended to be dangling.
      370 |     +0.0% |       0 |       0 |             0 |      3580
      380 |     +0.0% |       0 |       0 |             0 |      3570
      390 |     +0.0% |       0 |       0 |             0 |      3560
      400 |     +0.0% |       0 |       0 |             0 |      3550
      410 |     +0.0% |       0 |       0 |             0 |      3540
      420 |     +0.0% |       0 |       0 |             0 |      3530
[WARNING RSZ-0104] Net _3563_ only has one pin. Check if it is intended to be dangling.
      430 |     +0.0% |       0 |       0 |             0 |      3520
[WARNING RSZ-0104] Net _3524_ only has one pin. Check if it is intended to be dangling.
      440 |     +0.0% |       0 |       0 |             0 |      3510
[WARNING RSZ-0104] Net _3522_ only has one pin. Check if it is intended to be dangling.
      450 |     +0.0% |       0 |       0 |             0 |      3500
      460 |     +0.0% |       0 |       0 |             0 |      3490
      470 |     +0.0% |       0 |       0 |             0 |      3480
      480 |     +0.0% |       0 |       0 |             0 |      3470
      490 |     +0.0% |       0 |       0 |             0 |      3460
      500 |     +0.0% |       0 |       0 |             0 |      3450
      510 |     +0.0% |       0 |       0 |             0 |      3440
[WARNING RSZ-0104] Net _3487_ only has one pin. Check if it is intended to be dangling.
      520 |     +0.0% |       0 |       0 |             0 |      3430
[WARNING RSZ-0104] Net _3475_ only has one pin. Check if it is intended to be dangling.
      530 |     +0.0% |       0 |       0 |             0 |      3420
      540 |     +0.0% |       0 |       0 |             0 |      3410
      550 |     +0.0% |       0 |       0 |             0 |      3400
      560 |     +0.0% |       0 |       0 |             0 |      3390
      570 |     +0.0% |       0 |       0 |             0 |      3380
      580 |     +0.0% |       0 |       0 |             0 |      3370
      590 |     +0.0% |       0 |       0 |             0 |      3360
      600 |     +0.0% |       0 |       0 |             0 |      3350
      610 |     +0.0% |       0 |       0 |             0 |      3340
[WARNING RSZ-0104] Net _3501_ only has one pin. Check if it is intended to be dangling.
[WARNING RSZ-0104] Net _3488_ only has one pin. Check if it is intended to be dangling.
      620 |     +0.0% |       0 |       0 |             0 |      3330
[WARNING RSZ-0104] Net _3484_ only has one pin. Check if it is intended to be dangling.
[WARNING RSZ-0104] Net _3476_ only has one pin. Check if it is intended to be dangling.
      630 |     +0.0% |       0 |       0 |             0 |      3320
      640 |     +0.0% |       0 |       0 |             0 |      3310
      650 |     +0.0% |       0 |       0 |             0 |      3300
      660 |     +0.0% |       0 |       0 |             0 |      3290
      670 |     +0.0% |       0 |       0 |             0 |      3280
      680 |     +0.0% |       0 |       0 |             0 |      3270
      690 |     +0.0% |       0 |       0 |             0 |      3260
[WARNING RSZ-0104] Net _3515_ only has one pin. Check if it is intended to be dangling.
[WARNING RSZ-0104] Net _3504_ only has one pin. Check if it is intended to be dangling.
      700 |     +0.0% |       0 |       0 |             0 |      3250
[WARNING RSZ-0104] Net _3486_ only has one pin. Check if it is intended to be dangling.
[WARNING RSZ-0104] Net _3483_ only has one pin. Check if it is intended to be dangling.
[WARNING RSZ-0104] Net _3482_ only has one pin. Check if it is intended to be dangling.
[WARNING RSZ-0104] Net _3474_ only has one pin. Check if it is intended to be dangling.
      710 |     +0.0% |       0 |       0 |             0 |      3240
      720 |     +0.0% |       0 |       0 |             0 |      3230
      730 |     +0.0% |       0 |       0 |             0 |      3220
      740 |     +0.0% |       0 |       0 |             0 |      3210
      750 |     +0.0% |       0 |       0 |             0 |      3200
      760 |     +0.0% |       0 |       0 |             0 |      3190
      770 |     +0.0% |       0 |       0 |             0 |      3180
      780 |     +0.0% |       0 |       0 |             0 |      3170
      790 |     +0.0% |       0 |       0 |             0 |      3160
      800 |     +0.0% |       0 |       0 |             0 |      3150
[WARNING RSZ-0104] Net _3561_ only has one pin. Check if it is intended to be dangling.
      810 |     +0.0% |       0 |       0 |             0 |      3140
[WARNING RSZ-0104] Net _3540_ only has one pin. Check if it is intended to be dangling.
      820 |     +0.0% |       0 |       0 |             0 |      3130
[WARNING RSZ-0104] Net _3514_ only has one pin. Check if it is intended to be dangling.
      830 |     +0.0% |       0 |       0 |             0 |      3120
[WARNING RSZ-0104] Net _3513_ only has one pin. Check if it is intended to be dangling.
[WARNING RSZ-0104] Net _3503_ only has one pin. Check if it is intended to be dangling.
[WARNING RSZ-0104] Net _3494_ only has one pin. Check if it is intended to be dangling.
[WARNING RSZ-0104] Net _3485_ only has one pin. Check if it is intended to be dangling.
      840 |     +0.0% |       0 |       0 |             0 |      3110
[WARNING RSZ-0104] Net _3473_ only has one pin. Check if it is intended to be dangling.
[WARNING RSZ-0104] Net _3472_ only has one pin. Check if it is intended to be dangling.
[WARNING RSZ-0104] Net _3468_ only has one pin. Check if it is intended to be dangling.
[WARNING RSZ-0104] Net _3432_ only has one pin. Check if it is intended to be dangling.
      850 |     +0.0% |       0 |       0 |             0 |      3100
[WARNING RSZ-0104] Net _3430_ only has one pin. Check if it is intended to be dangling.
      860 |     +0.0% |       0 |       0 |             0 |      3090
      870 |     +0.0% |       0 |       0 |             0 |      3080
      880 |     +0.0% |       0 |       0 |             0 |      3070
      890 |     +0.0% |       0 |       0 |             0 |      3060
      900 |     +0.0% |       0 |       0 |             0 |      3050
      910 |     +0.0% |       0 |       0 |             0 |      3040
      920 |     +0.0% |       0 |       0 |             0 |      3030
      930 |     +0.0% |       0 |       0 |             0 |      3020
      940 |     +0.0% |       0 |       0 |             0 |      3010
[WARNING RSZ-0104] Net _3566_ only has one pin. Check if it is intended to be dangling.
      950 |     +0.0% |       0 |       0 |             0 |      3000
[WARNING RSZ-0104] Net _3565_ only has one pin. Check if it is intended to be dangling.
[WARNING RSZ-0104] Net _3560_ only has one pin. Check if it is intended to be dangling.
[WARNING RSZ-0104] Net _3539_ only has one pin. Check if it is intended to be dangling.
      960 |     +0.0% |       0 |       0 |             0 |      2990
[WARNING RSZ-0104] Net _3517_ only has one pin. Check if it is intended to be dangling.
[WARNING RSZ-0104] Net _3512_ only has one pin. Check if it is intended to be dangling.
[WARNING RSZ-0104] Net _3493_ only has one pin. Check if it is intended to be dangling.
[WARNING RSZ-0104] Net _3478_ only has one pin. Check if it is intended to be dangling.
      970 |     +0.0% |       0 |       0 |             0 |      2980
[WARNING RSZ-0104] Net _3467_ only has one pin. Check if it is intended to be dangling.
      980 |     +0.0% |       0 |       0 |             0 |      2970
      990 |     +0.0% |       0 |       0 |             0 |      2960
     1000 |     +0.0% |       0 |       0 |             0 |      2950
     1010 |     +0.0% |       0 |       0 |             0 |      2940
     1020 |     +0.0% |       0 |       0 |             0 |      2930
     1030 |     +0.0% |       0 |       0 |             0 |      2920
     1040 |     +0.0% |       0 |       0 |             0 |      2910
     1050 |     +0.0% |       0 |       0 |             0 |      2900
     1060 |     +0.0% |       0 |       0 |             0 |      2890
     1070 |     +0.0% |       0 |       0 |             0 |      2880
     1080 |     +0.0% |       0 |       0 |             0 |      2870
     1090 |     +0.0% |       0 |       0 |             0 |      2860
[WARNING RSZ-0104] Net _3516_ only has one pin. Check if it is intended to be dangling.
[WARNING RSZ-0104] Net _3477_ only has one pin. Check if it is intended to be dangling.
[WARNING RSZ-0104] Net _3470_ only has one pin. Check if it is intended to be dangling.
     1100 |     +0.0% |       0 |       0 |             0 |      2850
     1110 |     +0.0% |       0 |       0 |             0 |      2840
     1120 |     +0.0% |       0 |       0 |             0 |      2830
     1130 |     +0.0% |       0 |       0 |             0 |      2820
     1140 |     +0.0% |       0 |       0 |             0 |      2810
     1150 |     +0.0% |       0 |       0 |             0 |      2800
     1160 |     +0.0% |       0 |       0 |             0 |      2790
     1170 |     +0.0% |       0 |       0 |             0 |      2780
     1180 |     +0.0% |       0 |       0 |             0 |      2770
     1190 |     +0.0% |       0 |       0 |             0 |      2760
     1200 |     +0.0% |       0 |       0 |             0 |      2750
     1210 |     +0.0% |       0 |       0 |             0 |      2740
     1220 |     +0.0% |       0 |       0 |             0 |      2730
     1230 |     +0.0% |       0 |       0 |             0 |      2720
     1240 |     +0.0% |       0 |       0 |             0 |      2710
     1250 |     +0.0% |       0 |       0 |             0 |      2700
     1260 |     +0.0% |       0 |       0 |             0 |      2690
     1270 |     +0.0% |       0 |       0 |             0 |      2680
     1280 |     +0.0% |       0 |       0 |             0 |      2670
     1290 |     +0.0% |       0 |       0 |             0 |      2660
     1300 |     +0.0% |       0 |       0 |             0 |      2650
     1310 |     +0.0% |       0 |       0 |             0 |      2640
     1320 |     +0.0% |       0 |       0 |             0 |      2630
     1330 |     +0.0% |       0 |       1 |             1 |      2620
     1340 |     +0.0% |       0 |       1 |             1 |      2610
     1350 |     +0.0% |       0 |       1 |             1 |      2600
     1360 |     +0.0% |       0 |       1 |             1 |      2590
     1370 |     +0.0% |       0 |       1 |             1 |      2580
     1380 |     +0.0% |       0 |       2 |             2 |      2570
     1390 |     +0.0% |       0 |       2 |             2 |      2560
     1400 |     +0.0% |       0 |       2 |             2 |      2550
     1410 |     +0.0% |       0 |       2 |             2 |      2540
     1420 |     +0.0% |       0 |       2 |             2 |      2530
     1430 |     +0.0% |       0 |       2 |             2 |      2520
     1440 |     +0.0% |       0 |       2 |             2 |      2510
     1450 |     +0.0% |       0 |       3 |             3 |      2500
     1460 |     +0.0% |       1 |       4 |             4 |      2490
     1470 |     +0.0% |       1 |       4 |             4 |      2480
     1480 |     +0.0% |       1 |       4 |             4 |      2470
     1490 |     +0.0% |       1 |       4 |             4 |      2460
     1500 |     +0.0% |       1 |       5 |             5 |      2450
     1510 |     +0.0% |       1 |       5 |             5 |      2440
     1520 |     +0.0% |       1 |       5 |             5 |      2430
     1530 |     +0.1% |       2 |       6 |             6 |      2420
     1540 |     +0.1% |       2 |       6 |             6 |      2410
     1550 |     +0.1% |       2 |       6 |             6 |      2400
     1560 |     +0.1% |       2 |       7 |             7 |      2390
     1570 |     +0.1% |       2 |       7 |             7 |      2380
     1580 |     +0.1% |       2 |       7 |             7 |      2370
     1590 |     +0.1% |       2 |       7 |             7 |      2360
     1600 |     +0.1% |       2 |       7 |             7 |      2350
     1610 |     +0.1% |       2 |       7 |             7 |      2340
     1620 |     +0.1% |       2 |       7 |             7 |      2330
     1630 |     +0.1% |       2 |       7 |             7 |      2320
     1640 |     +0.1% |       2 |       7 |             7 |      2310
     1650 |     +0.1% |       2 |       7 |             7 |      2300
     1660 |     +0.1% |       2 |       7 |             7 |      2290
     1670 |     +0.1% |       2 |       7 |             7 |      2280
     1680 |     +0.1% |       2 |       7 |             7 |      2270
     1690 |     +0.1% |       2 |       7 |             7 |      2260
     1700 |     +0.1% |       3 |       8 |             8 |      2250
     1710 |     +0.1% |       3 |       8 |             8 |      2240
     1720 |     +0.1% |       3 |       8 |             8 |      2230
     1730 |     +0.1% |       3 |       8 |             8 |      2220
     1740 |     +0.1% |       3 |       9 |             9 |      2210
     1750 |     +0.1% |       3 |       9 |            11 |      2200
     1760 |     +0.1% |       3 |       9 |            11 |      2190
     1770 |     +0.1% |       3 |       9 |            11 |      2180
     1780 |     +0.1% |       3 |       9 |            11 |      2170
     1790 |     +0.1% |       3 |       9 |            11 |      2160
     1800 |     +0.1% |       3 |       9 |            11 |      2150
     1810 |     +0.1% |       3 |       9 |            11 |      2140
     1820 |     +0.1% |       3 |       9 |            11 |      2130
     1830 |     +0.1% |       3 |       9 |            11 |      2120
     1840 |     +0.1% |       4 |      10 |            12 |      2110
     1850 |     +0.1% |       4 |      10 |            12 |      2100
     1860 |     +0.1% |       4 |      10 |            12 |      2090
     1870 |     +0.1% |       4 |      10 |            12 |      2080
     1880 |     +0.1% |       4 |      10 |            12 |      2070
[WARNING RSZ-0104] Net _3362_ only has one pin. Check if it is intended to be dangling.
[WARNING RSZ-0104] Net _3339_ only has one pin. Check if it is intended to be dangling.
     1890 |     +0.1% |       4 |      10 |            12 |      2060
     1900 |     +0.1% |       4 |      10 |            12 |      2050
     1910 |     +0.1% |       4 |      10 |            12 |      2040
     1920 |     +0.1% |       4 |      10 |            12 |      2030
     1930 |     +0.1% |       4 |      10 |            12 |      2020
     1940 |     +0.1% |       4 |      10 |            12 |      2010
     1950 |     +0.1% |       4 |      10 |            12 |      2000
     1960 |     +0.1% |       4 |      10 |            12 |      1990
     1970 |     +0.1% |       4 |      10 |            12 |      1980
     1980 |     +0.1% |       4 |      10 |            12 |      1970
     1990 |     +0.1% |       4 |      10 |            12 |      1960
     2000 |     +0.1% |       5 |      11 |            13 |      1950
     2010 |     +0.1% |       5 |      11 |            13 |      1940
     2020 |     +0.1% |       5 |      11 |            13 |      1930
     2030 |     +0.1% |       5 |      11 |            13 |      1920
     2040 |     +0.1% |       5 |      11 |            13 |      1910
     2050 |     +0.1% |       5 |      11 |            13 |      1900
     2060 |     +0.1% |       5 |      11 |            13 |      1890
[WARNING RSZ-0104] Net _3401_ only has one pin. Check if it is intended to be dangling.
     2070 |     +0.1% |       5 |      11 |            13 |      1880
     2080 |     +0.1% |       5 |      11 |            13 |      1870
     2090 |     +0.1% |       5 |      11 |            13 |      1860
     2100 |     +0.1% |       5 |      11 |            13 |      1850
     2110 |     +0.1% |       5 |      11 |            13 |      1840
     2120 |     +0.1% |       5 |      11 |            13 |      1830
     2130 |     +0.1% |       5 |      11 |            13 |      1820
     2140 |     +0.1% |       5 |      11 |            13 |      1810
     2150 |     +0.1% |       5 |      11 |            13 |      1800
     2160 |     +0.1% |       5 |      11 |            13 |      1790
     2170 |     +0.1% |       5 |      11 |            13 |      1780
     2180 |     +0.1% |       5 |      11 |            13 |      1770
     2190 |     +0.1% |       5 |      11 |            13 |      1760
     2200 |     +0.1% |       5 |      11 |            13 |      1750
     2210 |     +0.1% |       5 |      11 |            13 |      1740
     2220 |     +0.1% |       5 |      11 |            13 |      1730
     2230 |     +0.1% |       5 |      11 |            13 |      1720
     2240 |     +0.1% |       5 |      11 |            13 |      1710
     2250 |     +0.1% |       5 |      11 |            13 |      1700
     2260 |     +0.1% |       5 |      11 |            13 |      1690
     2270 |     +0.1% |       5 |      11 |            13 |      1680
     2280 |     +0.1% |       5 |      11 |            13 |      1670
     2290 |     +0.1% |       5 |      11 |            13 |      1660
     2300 |     +0.1% |       5 |      11 |            13 |      1650
     2310 |     +0.1% |       5 |      11 |            13 |      1640
     2320 |     +0.1% |       5 |      11 |            13 |      1630
     2330 |     +0.1% |       5 |      11 |            13 |      1620
[WARNING RSZ-0104] Net _3356_ only has one pin. Check if it is intended to be dangling.
[WARNING RSZ-0104] Net _3334_ only has one pin. Check if it is intended to be dangling.
     2340 |     +0.1% |       5 |      11 |            13 |      1610
     2350 |     +0.1% |       5 |      11 |            13 |      1600
     2360 |     +0.1% |       5 |      11 |            13 |      1590
     2370 |     +0.1% |       5 |      11 |            13 |      1580
     2380 |     +0.1% |       5 |      11 |            13 |      1570
     2390 |     +0.1% |       5 |      11 |            13 |      1560
     2400 |     +0.1% |       5 |      11 |            13 |      1550
     2410 |     +0.1% |       5 |      11 |            13 |      1540
     2420 |     +0.1% |       5 |      11 |            13 |      1530
     2430 |     +0.1% |       5 |      11 |            13 |      1520
     2440 |     +0.1% |       5 |      11 |            13 |      1510
     2450 |     +0.1% |       5 |      11 |            13 |      1500
     2460 |     +0.1% |       5 |      11 |            13 |      1490
     2470 |     +0.1% |       5 |      11 |            13 |      1480
     2480 |     +0.1% |       5 |      11 |            13 |      1470
     2490 |     +0.1% |       5 |      11 |            13 |      1460
     2500 |     +0.1% |       5 |      11 |            13 |      1450
     2510 |     +0.1% |       5 |      11 |            13 |      1440
     2520 |     +0.1% |       5 |      11 |            13 |      1430
     2530 |     +0.1% |       5 |      11 |            13 |      1420
     2540 |     +0.1% |       5 |      11 |            13 |      1410
     2550 |     +0.1% |       5 |      11 |            13 |      1400
     2560 |     +0.1% |       5 |      11 |            13 |      1390
     2570 |     +0.1% |       5 |      11 |            13 |      1380
     2580 |     +0.1% |       5 |      11 |            13 |      1370
     2590 |     +0.1% |       5 |      11 |            13 |      1360
     2600 |     +0.1% |       5 |      11 |            13 |      1350
     2610 |     +0.1% |       5 |      11 |            13 |      1340
[WARNING RSZ-0104] Net _3567_ only has one pin. Check if it is intended to be dangling.
     2620 |     +0.1% |       5 |      11 |            13 |      1330
     2630 |     +0.1% |       5 |      11 |            13 |      1320
     2640 |     +0.1% |       5 |      11 |            13 |      1310
     2650 |     +0.1% |       5 |      11 |            13 |      1300
[WARNING RSZ-0104] Net g_b1.u_red.prod\[2\] only has one pin. Check if it is intended to be dangling.
[WARNING RSZ-0104] Net _3394_ only has one pin. Check if it is intended to be dangling.
     2660 |     +0.1% |       5 |      11 |            13 |      1290
     2670 |     +0.1% |       5 |      11 |            13 |      1280
     2680 |     +0.1% |       5 |      11 |            13 |      1270
     2690 |     +0.1% |       5 |      11 |            13 |      1260
     2700 |     +0.1% |       5 |      11 |            13 |      1250
     2710 |     +0.1% |       5 |      11 |            13 |      1240
     2720 |     +0.1% |       5 |      11 |            13 |      1230
     2730 |     +0.1% |       5 |      11 |            13 |      1220
     2740 |     +0.1% |       5 |      11 |            13 |      1210
     2750 |     +0.1% |       5 |      11 |            13 |      1200
     2760 |     +0.1% |       5 |      11 |            13 |      1190
     2770 |     +0.1% |       5 |      11 |            13 |      1180
     2780 |     +0.1% |       5 |      11 |            13 |      1170
     2790 |     +0.1% |       5 |      11 |            13 |      1160
     2800 |     +0.1% |       5 |      11 |            13 |      1150
     2810 |     +0.1% |       5 |      11 |            13 |      1140
     2820 |     +0.1% |       5 |      11 |            13 |      1130
     2830 |     +0.1% |       5 |      11 |            13 |      1120
     2840 |     +0.1% |       5 |      11 |            13 |      1110
     2850 |     +0.1% |       5 |      11 |            13 |      1100
     2860 |     +0.1% |       5 |      11 |            13 |      1090
     2870 |     +0.1% |       5 |      11 |            13 |      1080
     2880 |     +0.1% |       5 |      11 |            13 |      1070
     2890 |     +0.1% |       5 |      11 |            13 |      1060
     2900 |     +0.1% |       5 |      11 |            13 |      1050
     2910 |     +0.1% |       5 |      11 |            13 |      1040
     2920 |     +0.1% |       5 |      11 |            13 |      1030
     2930 |     +0.1% |       5 |      11 |            13 |      1020
     2940 |     +0.1% |       5 |      11 |            13 |      1010
     2950 |     +0.1% |       5 |      11 |            13 |      1000
[WARNING RSZ-0104] Net u_coeff_ram.dout0\[15\] only has one pin. Check if it is intended to be dangling.
[WARNING RSZ-0104] Net u_coeff_ram.dout0\[14\] only has one pin. Check if it is intended to be dangling.
[WARNING RSZ-0104] Net u_coeff_ram.dout0\[13\] only has one pin. Check if it is intended to be dangling.
[WARNING RSZ-0104] Net u_coeff_ram.dout0\[12\] only has one pin. Check if it is intended to be dangling.
     2960 |     +0.1% |       5 |      11 |            13 |       990
     2970 |     +0.1% |       5 |      11 |            15 |       980
[WARNING RSZ-0104] Net _3568_ only has one pin. Check if it is intended to be dangling.
     2980 |     +0.1% |       5 |      11 |            15 |       970
     2990 |     +0.1% |       5 |      11 |            15 |       960
     3000 |     +0.1% |       5 |      11 |            15 |       950
[WARNING RSZ-0104] Net _3556_ only has one pin. Check if it is intended to be dangling.
[WARNING RSZ-0104] Net _3554_ only has one pin. Check if it is intended to be dangling.
     3010 |     +0.1% |       5 |      11 |            15 |       940
     3020 |     +0.1% |       5 |      11 |            15 |       930
     3030 |     +0.1% |       5 |      11 |            15 |       920
     3040 |     +0.1% |       5 |      11 |            15 |       910
[WARNING RSZ-0104] Net _3544_ only has one pin. Check if it is intended to be dangling.
[WARNING RSZ-0104] Net _3542_ only has one pin. Check if it is intended to be dangling.
[WARNING RSZ-0104] Net _3536_ only has one pin. Check if it is intended to be dangling.
[WARNING RSZ-0104] Net _3534_ only has one pin. Check if it is intended to be dangling.
     3050 |     +0.1% |       5 |      11 |            15 |       900
[WARNING RSZ-0104] Net _3532_ only has one pin. Check if it is intended to be dangling.
[WARNING RSZ-0104] Net _3530_ only has one pin. Check if it is intended to be dangling.
     3060 |     +0.1% |       5 |      11 |            15 |       890
     3070 |     +0.1% |       5 |      11 |            15 |       880
[WARNING RSZ-0104] Net _3438_ only has one pin. Check if it is intended to be dangling.
     3080 |     +0.1% |       5 |      11 |            15 |       870
[WARNING RSZ-0104] Net _3402_ only has one pin. Check if it is intended to be dangling.
[WARNING RSZ-0104] Net _3396_ only has one pin. Check if it is intended to be dangling.
     3090 |     +0.1% |       5 |      11 |            15 |       860
     3100 |     +0.1% |       5 |      11 |            15 |       850
     3110 |     +0.1% |       5 |      11 |            15 |       840
[WARNING RSZ-0104] Net _3014_ only has one pin. Check if it is intended to be dangling.
     3120 |     +0.1% |       5 |      11 |            15 |       830
     3130 |     +0.1% |       5 |      11 |            15 |       820
     3140 |     +0.1% |       5 |      11 |            15 |       810
     3150 |     +0.1% |       5 |      11 |            15 |       800
     3160 |     +0.1% |       5 |      11 |            15 |       790
     3170 |     +0.1% |       5 |      11 |            15 |       780
     3180 |     +0.1% |       5 |      11 |            15 |       770
     3190 |     +0.1% |       5 |      11 |            15 |       760
     3200 |     +0.1% |       5 |      11 |            15 |       750
     3210 |     +0.1% |       5 |      11 |            15 |       740
     3220 |     +0.1% |       5 |      11 |            15 |       730
     3230 |     +0.1% |       5 |      11 |            15 |       720
     3240 |     +0.1% |       5 |      11 |            15 |       710
     3250 |     +0.1% |       5 |      11 |            15 |       700
     3260 |     +0.1% |       5 |      11 |            15 |       690
     3270 |     +0.1% |       5 |      11 |            15 |       680
     3280 |     +0.1% |       5 |      11 |            15 |       670
     3290 |     +0.1% |       5 |      11 |            15 |       660
     3300 |     +0.1% |       5 |      11 |            15 |       650
     3310 |     +0.1% |       5 |      11 |            15 |       640
     3320 |     +0.1% |       5 |      11 |            15 |       630
     3330 |     +0.1% |       5 |      11 |            15 |       620
     3340 |     +0.1% |       5 |      11 |            15 |       610
     3350 |     +0.1% |       5 |      11 |            15 |       600
     3360 |     +0.1% |       5 |      11 |            15 |       590
     3370 |     +0.1% |       5 |      11 |            15 |       580
     3380 |     +0.1% |       5 |      11 |            15 |       570
     3390 |     +0.1% |       5 |      11 |            15 |       560
     3400 |     +0.1% |       5 |      11 |            15 |       550
[WARNING RSZ-0104] Net _3571_ only has one pin. Check if it is intended to be dangling.
[WARNING RSZ-0104] Net _3570_ only has one pin. Check if it is intended to be dangling.
[WARNING RSZ-0104] Net _3569_ only has one pin. Check if it is intended to be dangling.
[WARNING RSZ-0104] Net _3564_ only has one pin. Check if it is intended to be dangling.
     3410 |     +0.1% |       5 |      11 |            15 |       540
[WARNING RSZ-0104] Net _3558_ only has one pin. Check if it is intended to be dangling.
     3420 |     +0.1% |       5 |      11 |            15 |       530
[WARNING RSZ-0104] Net _3557_ only has one pin. Check if it is intended to be dangling.
[WARNING RSZ-0104] Net _3555_ only has one pin. Check if it is intended to be dangling.
[WARNING RSZ-0104] Net _3553_ only has one pin. Check if it is intended to be dangling.
[WARNING RSZ-0104] Net _3551_ only has one pin. Check if it is intended to be dangling.
     3430 |     +0.1% |       5 |      11 |            15 |       520
[WARNING RSZ-0104] Net _3549_ only has one pin. Check if it is intended to be dangling.
[WARNING RSZ-0104] Net _3545_ only has one pin. Check if it is intended to be dangling.
[WARNING RSZ-0104] Net _3543_ only has one pin. Check if it is intended to be dangling.
     3440 |     +0.1% |       5 |      11 |            15 |       510
[WARNING RSZ-0104] Net _3537_ only has one pin. Check if it is intended to be dangling.
[WARNING RSZ-0104] Net _3535_ only has one pin. Check if it is intended to be dangling.
[WARNING RSZ-0104] Net _3533_ only has one pin. Check if it is intended to be dangling.
[WARNING RSZ-0104] Net _3531_ only has one pin. Check if it is intended to be dangling.
[WARNING RSZ-0104] Net _3520_ only has one pin. Check if it is intended to be dangling.
     3450 |     +0.1% |       5 |      11 |            15 |       500
[WARNING RSZ-0104] Net _3507_ only has one pin. Check if it is intended to be dangling.
[WARNING RSZ-0104] Net _3506_ only has one pin. Check if it is intended to be dangling.
     3460 |     +0.1% |       5 |      11 |            15 |       490
[WARNING RSZ-0104] Net _3439_ only has one pin. Check if it is intended to be dangling.
     3470 |     +0.1% |       5 |      11 |            15 |       480
[WARNING RSZ-0104] Net _3429_ only has one pin. Check if it is intended to be dangling.
[WARNING RSZ-0104] Net _3426_ only has one pin. Check if it is intended to be dangling.
     3480 |     +0.1% |       5 |      11 |            15 |       470
[WARNING RSZ-0104] Net _3371_ only has one pin. Check if it is intended to be dangling.
[WARNING RSZ-0104] Net _3365_ only has one pin. Check if it is intended to be dangling.
     3490 |     +0.1% |       5 |      11 |            15 |       460
[WARNING RSZ-0104] Net _3355_ only has one pin. Check if it is intended to be dangling.
     3500 |     +0.1% |       5 |      11 |            15 |       450
     3510 |     +0.1% |       5 |      11 |            15 |       440
     3520 |     +0.1% |       5 |      11 |            15 |       430
     3530 |     +0.1% |       5 |      11 |            15 |       420
     3540 |     +0.1% |       5 |      11 |            15 |       410
     3550 |     +0.1% |       5 |      11 |            15 |       400
     3560 |     +0.1% |       5 |      11 |            15 |       390
     3570 |     +0.1% |       5 |      11 |            15 |       380
     3580 |     +0.1% |       5 |      11 |            15 |       370
     3590 |     +0.1% |       5 |      11 |            15 |       360
     3600 |     +0.1% |       5 |      11 |            15 |       350
     3610 |     +0.1% |       5 |      11 |            15 |       340
     3620 |     +0.1% |       5 |      11 |            15 |       330
     3630 |     +0.1% |       5 |      11 |            15 |       320
     3640 |     +0.1% |       5 |      11 |            15 |       310
     3650 |     +0.1% |       5 |      11 |            15 |       300
     3660 |     +0.1% |       5 |      11 |            15 |       290
     3670 |     +0.1% |       5 |      11 |            15 |       280
     3680 |     +0.1% |       5 |      11 |            15 |       270
     3690 |     +0.1% |       5 |      11 |            15 |       260
     3700 |     +0.1% |       5 |      11 |            15 |       250
     3710 |     +0.1% |       5 |      11 |            15 |       240
     3720 |     +0.1% |       5 |      11 |            15 |       230
     3730 |     +0.1% |       5 |      11 |            15 |       220
     3740 |     +0.1% |       5 |      11 |            15 |       210
     3750 |     +0.1% |       5 |      11 |            15 |       200
     3760 |     +0.1% |       5 |      11 |            15 |       190
     3770 |     +0.1% |       5 |      11 |            15 |       180
     3780 |     +0.1% |       5 |      11 |            15 |       170
     3790 |     +0.1% |       5 |      11 |            15 |       160
     3800 |     +0.1% |       5 |      11 |            15 |       150
     3810 |     +0.1% |       5 |      11 |            15 |       140
     3820 |     +0.1% |       5 |      11 |            15 |       130
     3830 |     +0.1% |       5 |      11 |            15 |       120
     3840 |     +0.1% |       5 |      11 |            15 |       110
     3850 |     +0.2% |       8 |      14 |            18 |       100
     3860 |     +0.2% |       8 |      14 |            18 |        90
     3870 |     +0.2% |       8 |      14 |            18 |        80
     3880 |     +0.2% |       8 |      14 |            18 |        70
     3890 |     +0.2% |       8 |      14 |            18 |        60
     3900 |     +0.2% |       8 |      14 |            18 |        50
[WARNING RSZ-0104] Net u_coeff_ram.dout0\[16\] only has one pin. Check if it is intended to be dangling.
     3910 |     +0.2% |       8 |      14 |            18 |        40
     3920 |     +0.2% |       8 |      14 |            18 |        30
[WARNING RSZ-0104] Net wdata[15] only has one pin. Check if it is intended to be dangling.
[WARNING RSZ-0104] Net wdata[14] only has one pin. Check if it is intended to be dangling.
[WARNING RSZ-0104] Net wdata[13] only has one pin. Check if it is intended to be dangling.
[WARNING RSZ-0104] Net wdata[12] only has one pin. Check if it is intended to be dangling.
     3930 |     +0.2% |       8 |      14 |            18 |        20
     3940 |     +0.2% |       8 |      14 |            18 |        10
     3950 |     +0.2% |       8 |      14 |            18 |         0
    final |     +0.2% |       8 |      14 |            18 |         0
---------------------------------------------------------------------
[INFO RSZ-0034] Found 16 slew violations.
[INFO RSZ-0036] Found 2 capacitance violations.
[INFO RSZ-0039] Resized 8 instances.
[INFO RSZ-0038] Inserted 14 buffers in 18 nets.
[INFO RSZ-0504] Runtime: 7.82s
Took 11 seconds: repair_design -verbose
global_route -start_incremental
detailed_placement
[INFO DPL-0006] Core area: 288635.57 um^2
[INFO DPL-0007] Movable instances area: 29852.38 um^2
[INFO DPL-0008] Fixed instances area within core: 105745.12 um^2
[INFO DPL-0009] Utilization: 47.0%
[INFO DPL-0005] Diamond search max displacement: +/- 500 sites horizontally, +/- 100 rows vertically.
[INFO DPL-1102] Legalizing using negotiation legalizer.
[INFO DPL-1103] Negotiation base search window: +/-20 sites horizontally, +/-5 rows vertically 
	Automatic search window extension enabled.
	Search window extendable up to the max displacement cap of +/-500 sites, +/-100 rows near walls.
[INFO DPL-1104] NegotiationLegalizer DRC penalty: 5.
[INFO DPL-0392] Negotiation cell height distribution (2 unique row-count(s)):
[INFO DPL-0393]   height 1 row(s): 5655 cells
[INFO DPL-0393]   height 80 row(s): 1 cells
          |      Total |  Illegal |  Illegal
Iteration | Violations |    Cells |    Sites
---------------------------------------------
        0 |          0 |         0 |         0
Negotiation phase 1 converged at iteration 0.
[INFO DPL-0500] Runtime: 0.08s
Placement Analysis
---------------------------------
total displacement         83.0 u
average displacement        0.0 u
max displacement           10.9 u
original HPWL           87960.1 u
legalized HPWL          88061.4 u
delta HPWL                    0 %

global_route -end_incremental -congestion_report_file /root/cac_runs/ntt_opt_pipe_macro_12ns_pinfix4/reports/sky130hd/cac_ntt_opt_pipe_macro_12ns/base/congestion_post_repair_design.rpt
Repair setup and hold violations...
estimate_parasitics -global_routing
repair_timing -setup_margin 0 -hold_margin 0 -repair_tns 100 -verbose
[INFO RSZ-0100] Repair move sequence: UnbufferMove SizeUpMove SwapPinsMove BufferMove CloneMove SplitLoadMove 
[INFO RSZ-0094] Found 2 endpoints with setup violations.
[INFO RSZ-0099] Repairing 2 out of 2 (100.00%) violating endpoints...
   Iter   | Removed | Resized | Inserted | Cloned |  Pin  |   Area   |    WNS   |   StTNS    |   EnTNS    |  Viol  |  Worst  
          | Buffers |  Gates  | Buffers  |  Gates | Swaps |          |          |            |            | Endpts | St/EnPt 
------------------------------------------------------------------------------------------------------------------------------
       0* |       0 |       0 |        0 |      0 |     0 |    +0.0% |   -0.078 |       -9.7 |       -0.2 |      2 | mul_reduced_q\[1\]$_DFFE_PN0P_/D
       4* |       0 |       3 |        0 |      0 |     0 |    +0.0% |    0.028 |       -9.6 |        0.0 |      2 | mul_reduced_q\[1\]$_DFFE_PN0P_/D
       5* |       0 |       3 |        0 |      0 |     0 |    +0.0% |    0.028 |       -9.6 |        0.0 |      2 | mul_reduced_q\[1\]$_DFFE_PN0P_/D
       5* |       0 |       3 |        0 |      0 |     0 |    +0.0% |    0.028 |       -9.6 |        0.0 |      2 | mul_reduced_q\[1\]$_DFFE_PN0P_/D
    final |       0 |       3 |        0 |      0 |     0 |    +0.0% |    0.028 |       -9.6 |        0.0 |      0 | mul_reduced_q\[1\]$_DFFE_PN0P_/D
------------------------------------------------------------------------------------------------------------------------------
[INFO RSZ-0051] Resized 3 instances: 3 up, 0 up match, 0 down, 0 VT
[INFO RSZ-0505] Runtime: 3.34s
[INFO RSZ-0033] No hold violations found.
[INFO RSZ-0506] Runtime: 0.08s
global_route -start_incremental
detailed_placement
[INFO DPL-0006] Core area: 288635.57 um^2
[INFO DPL-0007] Movable instances area: 29856.13 um^2
[INFO DPL-0008] Fixed instances area within core: 105745.12 um^2
[INFO DPL-0009] Utilization: 47.0%
[INFO DPL-0005] Diamond search max displacement: +/- 500 sites horizontally, +/- 100 rows vertically.
[INFO DPL-1102] Legalizing using negotiation legalizer.
[INFO DPL-1103] Negotiation base search window: +/-20 sites horizontally, +/-5 rows vertically 
	Automatic search window extension enabled.
	Search window extendable up to the max displacement cap of +/-500 sites, +/-100 rows near walls.
[INFO DPL-1104] NegotiationLegalizer DRC penalty: 5.
[INFO DPL-0392] Negotiation cell height distribution (2 unique row-count(s)):
[INFO DPL-0393]   height 1 row(s): 5655 cells
[INFO DPL-0393]   height 80 row(s): 1 cells
          |      Total |  Illegal |  Illegal
Iteration | Violations |    Cells |    Sites
---------------------------------------------
        0 |          0 |         0 |         0
Negotiation phase 1 converged at iteration 0.
[INFO DPL-0500] Runtime: 0.08s
Placement Analysis
---------------------------------
total displacement          0.5 u
average displacement        0.0 u
max displacement            0.5 u
original HPWL           88061.4 u
legalized HPWL          88061.4 u
delta HPWL                    0 %

check_placement -verbose
global_route -end_incremental -congestion_report_file /root/cac_runs/ntt_opt_pipe_macro_12ns_pinfix4/reports/sky130hd/cac_ntt_opt_pipe_macro_12ns/base/congestion_post_repair_timing.rpt
estimate_parasitics -global_routing
global_route -start_incremental
global_route -end_incremental -congestion_report_file /root/cac_runs/ntt_opt_pipe_macro_12ns_pinfix4/reports/sky130hd/cac_ntt_opt_pipe_macro_12ns/base/congestion_post_recover_power.rpt
Repair antennas...
[INFO GRT-0012] Found 11 antenna violations.
[INFO GRT-0302] Inserted 8 jumpers for 7 nets.
[INFO GRT-0012] Found 4 antenna violations.
[INFO DPL-0006] Core area: 288635.57 um^2
[INFO DPL-0007] Movable instances area: 29831.11 um^2
[INFO DPL-0008] Fixed instances area within core: 105780.15 um^2
[INFO DPL-0009] Utilization: 47.0%
[INFO DPL-0005] Diamond search max displacement: +/- 500 sites horizontally, +/- 100 rows vertically.
[INFO DPL-1102] Legalizing using negotiation legalizer.
[INFO DPL-1103] Negotiation base search window: +/-20 sites horizontally, +/-5 rows vertically 
	Automatic search window extension enabled.
	Search window extendable up to the max displacement cap of +/-500 sites, +/-100 rows near walls.
[INFO DPL-1104] NegotiationLegalizer DRC penalty: 5.
[INFO DPL-0392] Negotiation cell height distribution (2 unique row-count(s)):
[INFO DPL-0393]   height 1 row(s): 5659 cells
[INFO DPL-0393]   height 80 row(s): 1 cells
          |      Total |  Illegal |  Illegal
Iteration | Violations |    Cells |    Sites
---------------------------------------------
        0 |          0 |         0 |         0
Negotiation phase 1 converged at iteration 0.
[INFO DPL-0500] Runtime: 0.08s
[INFO GRT-0015] Inserted 4 diodes.
[INFO GRT-0012] Found 0 antenna violations.
[INFO ANT-0002] Found 0 net violations.
[INFO ANT-0001] Found 0 pin violations.
Estimate parasitics...
estimate_parasitics -global_routing
Report metrics stage 5, global route...

==========================================================================
global route report_design_area
--------------------------------------------------------------------------
Design area 135611 um^2 47% utilization.
[INFO FLW-0007] clock clk period 12.000000
[INFO FLW-0008] Clock clk period 11.373
[INFO FLW-0009] Clock clk slack 0.028
write_sdc -no_timestamp /root/cac_runs/ntt_opt_pipe_macro_12ns_pinfix4/results/sky130hd/cac_ntt_opt_pipe_macro_12ns/base/updated_clks.sdc
[INFO FLW-0011] Path endpoint path count 510
source /mnt/d/TKVM_ATTT_2026_test/codeachip/flow/post_grt_macro_pins.tcl
CAC_MACRO_PIN_ECO: placed 8 address-pin drivers (sky130_fd_sc_hd__buf_12) at the macro halo, upsized 8 of their drivers
[INFO DPL-0006] Core area: 288635.57 um^2
[INFO DPL-0007] Movable instances area: 30017.54 um^2
[INFO DPL-0008] Fixed instances area within core: 105745.12 um^2
[INFO DPL-0009] Utilization: 47.0%
[INFO DPL-0005] Diamond search max displacement: +/- 500 sites horizontally, +/- 100 rows vertically.
[INFO DPL-1102] Legalizing using negotiation legalizer.
[INFO DPL-1103] Negotiation base search window: +/-20 sites horizontally, +/-5 rows vertically 
	Automatic search window extension enabled.
	Search window extendable up to the max displacement cap of +/-500 sites, +/-100 rows near walls.
[INFO DPL-1104] NegotiationLegalizer DRC penalty: 5.
[INFO DPL-0392] Negotiation cell height distribution (2 unique row-count(s)):
[INFO DPL-0393]   height 1 row(s): 5659 cells
[INFO DPL-0393]   height 80 row(s): 1 cells
          |      Total |  Illegal |  Illegal
Iteration | Violations |    Cells |    Sites
---------------------------------------------
        0 |          0 |         0 |         0
Negotiation phase 1 converged at iteration 0.
[INFO DPL-0500] Runtime: 0.09s
Placement Analysis
---------------------------------
total displacement         69.0 u
average displacement        0.0 u
max displacement           13.6 u
original HPWL           88133.9 u
legalized HPWL          88209.3 u
delta HPWL                    0 %

write_db /root/cac_runs/ntt_opt_pipe_macro_12ns_pinfix4/results/sky130hd/cac_ntt_opt_pipe_macro_12ns/base/5_1_grt.odb
write_sdc -no_timestamp /root/cac_runs/ntt_opt_pipe_macro_12ns_pinfix4/results/sky130hd/cac_ntt_opt_pipe_macro_12ns/base/5_1_grt.sdc
Elapsed time: 1:14.48[h:]min:sec. CPU time: user 208.18 sys 0.54 (280%). Peak memory: 351460KB.
Log                       Ext     Elapsed/s Peak Memory/MB sha1sum result [0:20)
5_1_grt                   .odb           74            343 04f5f3cc82488bdcc865
5_1_grt                   .sdc                             2a6111b8a5c99cb30987
