
===========================================================================
report_checks -path_delay min (Hold)
============================================================================
======================= max_ss_100C_1v60 Corner ===================================

Startpoint: _41_ (rising edge-triggered flip-flop clocked by clk)
Endpoint: _41_ (rising edge-triggered flip-flop clocked by clk)
Path Group: clk
Path Type: min

Fanout         Cap        Slew       Delay        Time   Description
---------------------------------------------------------------------------------------------
                                  0.000000    0.000000   clock clk (rise edge)
                                  0.000000    0.000000   clock source latency
     1    0.010818    0.086752    0.056637    0.056637 ^ clk (in)
                                                         clk (net)
                      0.086757    0.000000    0.056637 ^ clkbuf_0_clk/A (sky130_fd_sc_hd__clkbuf_16)
     2    0.018098    0.065085    0.226110    0.282747 ^ clkbuf_0_clk/X (sky130_fd_sc_hd__clkbuf_16)
                                                         clknet_0_clk (net)
                      0.065085    0.001254    0.284001 ^ clkbuf_1_1__f_clk/A (sky130_fd_sc_hd__clkbuf_16)
     4    0.010463    0.055527    0.205743    0.489744 ^ clkbuf_1_1__f_clk/X (sky130_fd_sc_hd__clkbuf_16)
                                                         clknet_1_1__leaf_clk (net)
                      0.055528    0.000531    0.490275 ^ _41_/CLK (sky130_fd_sc_hd__dfrtp_1)
     3    0.007826    0.138761    0.686485    1.176759 ^ _41_/Q (sky130_fd_sc_hd__dfrtp_1)
                                                         net9 (net)
                      0.138761    0.000458    1.177218 ^ _30_/B1 (sky130_fd_sc_hd__a31o_1)
     1    0.001784    0.058550    0.176741    1.353958 ^ _30_/X (sky130_fd_sc_hd__a31o_1)
                                                         _16_ (net)
                      0.058550    0.000081    1.354040 ^ _31_/B (sky130_fd_sc_hd__and2b_1)
     1    0.002641    0.069409    0.218439    1.572478 ^ _31_/X (sky130_fd_sc_hd__and2b_1)
                                                         _03_ (net)
                      0.069410    0.000193    1.572671 ^ _41_/D (sky130_fd_sc_hd__dfrtp_1)
                                              1.572671   data arrival time

                                  0.000000    0.000000   clock clk (rise edge)
                                  0.000000    0.000000   clock source latency
     1    0.010818    0.086752    0.056637    0.056637 ^ clk (in)
                                                         clk (net)
                      0.086757    0.000000    0.056637 ^ clkbuf_0_clk/A (sky130_fd_sc_hd__clkbuf_16)
     2    0.018098    0.065085    0.226110    0.282747 ^ clkbuf_0_clk/X (sky130_fd_sc_hd__clkbuf_16)
                                                         clknet_0_clk (net)
                      0.065085    0.001254    0.284001 ^ clkbuf_1_1__f_clk/A (sky130_fd_sc_hd__clkbuf_16)
     4    0.010463    0.055527    0.205743    0.489744 ^ clkbuf_1_1__f_clk/X (sky130_fd_sc_hd__clkbuf_16)
                                                         clknet_1_1__leaf_clk (net)
                      0.055528    0.000531    0.490275 ^ _41_/CLK (sky130_fd_sc_hd__dfrtp_1)
                                  0.250000    0.740275   clock uncertainty
                                  0.000000    0.740275   clock reconvergence pessimism
                                 -0.079180    0.661095   library hold time
                                              0.661095   data required time
---------------------------------------------------------------------------------------------
                                              0.661095   data required time
                                             -1.572671   data arrival time
---------------------------------------------------------------------------------------------
                                              0.911576   slack (MET)


Startpoint: _40_ (rising edge-triggered flip-flop clocked by clk)
Endpoint: _40_ (rising edge-triggered flip-flop clocked by clk)
Path Group: clk
Path Type: min

Fanout         Cap        Slew       Delay        Time   Description
---------------------------------------------------------------------------------------------
                                  0.000000    0.000000   clock clk (rise edge)
                                  0.000000    0.000000   clock source latency
     1    0.010818    0.086752    0.056637    0.056637 ^ clk (in)
                                                         clk (net)
                      0.086757    0.000000    0.056637 ^ clkbuf_0_clk/A (sky130_fd_sc_hd__clkbuf_16)
     2    0.018098    0.065085    0.226110    0.282747 ^ clkbuf_0_clk/X (sky130_fd_sc_hd__clkbuf_16)
                                                         clknet_0_clk (net)
                      0.065085    0.001254    0.284001 ^ clkbuf_1_1__f_clk/A (sky130_fd_sc_hd__clkbuf_16)
     4    0.010463    0.055527    0.205743    0.489744 ^ clkbuf_1_1__f_clk/X (sky130_fd_sc_hd__clkbuf_16)
                                                         clknet_1_1__leaf_clk (net)
                      0.055528    0.000500    0.490244 ^ _40_/CLK (sky130_fd_sc_hd__dfrtp_1)
     4    0.010827    0.176215    0.718019    1.208263 ^ _40_/Q (sky130_fd_sc_hd__dfrtp_1)
                                                         net8 (net)
                      0.176215    0.000650    1.208913 ^ _25_/B1 (sky130_fd_sc_hd__a31o_1)
     1    0.002752    0.070954    0.205128    1.414041 ^ _25_/X (sky130_fd_sc_hd__a31o_1)
                                                         _12_ (net)
                      0.070954    0.000130    1.414171 ^ _28_/B1 (sky130_fd_sc_hd__o21a_1)
     1    0.002173    0.060834    0.207765    1.621936 ^ _28_/X (sky130_fd_sc_hd__o21a_1)
                                                         _02_ (net)
                      0.060835    0.000153    1.622089 ^ _40_/D (sky130_fd_sc_hd__dfrtp_1)
                                              1.622089   data arrival time

                                  0.000000    0.000000   clock clk (rise edge)
                                  0.000000    0.000000   clock source latency
     1    0.010818    0.086752    0.056637    0.056637 ^ clk (in)
                                                         clk (net)
                      0.086757    0.000000    0.056637 ^ clkbuf_0_clk/A (sky130_fd_sc_hd__clkbuf_16)
     2    0.018098    0.065085    0.226110    0.282747 ^ clkbuf_0_clk/X (sky130_fd_sc_hd__clkbuf_16)
                                                         clknet_0_clk (net)
                      0.065085    0.001254    0.284001 ^ clkbuf_1_1__f_clk/A (sky130_fd_sc_hd__clkbuf_16)
     4    0.010463    0.055527    0.205743    0.489744 ^ clkbuf_1_1__f_clk/X (sky130_fd_sc_hd__clkbuf_16)
                                                         clknet_1_1__leaf_clk (net)
                      0.055528    0.000500    0.490244 ^ _40_/CLK (sky130_fd_sc_hd__dfrtp_1)
                                  0.250000    0.740244   clock uncertainty
                                  0.000000    0.740244   clock reconvergence pessimism
                                 -0.077222    0.663022   library hold time
                                              0.663022   data required time
---------------------------------------------------------------------------------------------
                                              0.663022   data required time
                                             -1.622089   data arrival time
---------------------------------------------------------------------------------------------
                                              0.959067   slack (MET)


Startpoint: _45_ (rising edge-triggered flip-flop clocked by clk)
Endpoint: _45_ (rising edge-triggered flip-flop clocked by clk)
Path Group: clk
Path Type: min

Fanout         Cap        Slew       Delay        Time   Description
---------------------------------------------------------------------------------------------
                                  0.000000    0.000000   clock clk (rise edge)
                                  0.000000    0.000000   clock source latency
     1    0.010818    0.086752    0.056637    0.056637 ^ clk (in)
                                                         clk (net)
                      0.086757    0.000000    0.056637 ^ clkbuf_0_clk/A (sky130_fd_sc_hd__clkbuf_16)
     2    0.018098    0.065085    0.226110    0.282747 ^ clkbuf_0_clk/X (sky130_fd_sc_hd__clkbuf_16)
                                                         clknet_0_clk (net)
                      0.065103    0.001594    0.284341 ^ clkbuf_1_0__f_clk/A (sky130_fd_sc_hd__clkbuf_16)
     4    0.011848    0.057271    0.207722    0.492063 ^ clkbuf_1_0__f_clk/X (sky130_fd_sc_hd__clkbuf_16)
                                                         clknet_1_0__leaf_clk (net)
                      0.057272    0.000532    0.492595 ^ _45_/CLK (sky130_fd_sc_hd__dfrtp_1)
     4    0.010007    0.165872    0.710248    1.202843 ^ _45_/Q (sky130_fd_sc_hd__dfrtp_1)
                                                         net5 (net)
                      0.165872    0.000529    1.203372 ^ _22_/A (sky130_fd_sc_hd__and2_1)
     2    0.007097    0.137529    0.305065    1.508437 ^ _22_/X (sky130_fd_sc_hd__and2_1)
                                                         _11_ (net)
                      0.137529    0.000407    1.508844 ^ _37_/A (sky130_fd_sc_hd__nor2_1)
     1    0.003619    0.051924    0.113664    1.622508 v _37_/Y (sky130_fd_sc_hd__nor2_1)
                                                         _07_ (net)
                      0.051927    0.000258    1.622766 v _45_/D (sky130_fd_sc_hd__dfrtp_1)
                                              1.622766   data arrival time

                                  0.000000    0.000000   clock clk (rise edge)
                                  0.000000    0.000000   clock source latency
     1    0.010818    0.086752    0.056637    0.056637 ^ clk (in)
                                                         clk (net)
                      0.086757    0.000000    0.056637 ^ clkbuf_0_clk/A (sky130_fd_sc_hd__clkbuf_16)
     2    0.018098    0.065085    0.226110    0.282747 ^ clkbuf_0_clk/X (sky130_fd_sc_hd__clkbuf_16)
                                                         clknet_0_clk (net)
                      0.065103    0.001594    0.284341 ^ clkbuf_1_0__f_clk/A (sky130_fd_sc_hd__clkbuf_16)
     4    0.011848    0.057271    0.207722    0.492063 ^ clkbuf_1_0__f_clk/X (sky130_fd_sc_hd__clkbuf_16)
                                                         clknet_1_0__leaf_clk (net)
                      0.057272    0.000532    0.492595 ^ _45_/CLK (sky130_fd_sc_hd__dfrtp_1)
                                  0.250000    0.742595   clock uncertainty
                                  0.000000    0.742595   clock reconvergence pessimism
                                 -0.093619    0.648976   library hold time
                                              0.648976   data required time
---------------------------------------------------------------------------------------------
                                              0.648976   data required time
                                             -1.622766   data arrival time
---------------------------------------------------------------------------------------------
                                              0.973790   slack (MET)


Startpoint: _45_ (rising edge-triggered flip-flop clocked by clk)
Endpoint: _38_ (rising edge-triggered flip-flop clocked by clk)
Path Group: clk
Path Type: min

Fanout         Cap        Slew       Delay        Time   Description
---------------------------------------------------------------------------------------------
                                  0.000000    0.000000   clock clk (rise edge)
                                  0.000000    0.000000   clock source latency
     1    0.010818    0.086752    0.056637    0.056637 ^ clk (in)
                                                         clk (net)
                      0.086757    0.000000    0.056637 ^ clkbuf_0_clk/A (sky130_fd_sc_hd__clkbuf_16)
     2    0.018098    0.065085    0.226110    0.282747 ^ clkbuf_0_clk/X (sky130_fd_sc_hd__clkbuf_16)
                                                         clknet_0_clk (net)
                      0.065103    0.001594    0.284341 ^ clkbuf_1_0__f_clk/A (sky130_fd_sc_hd__clkbuf_16)
     4    0.011848    0.057271    0.207722    0.492063 ^ clkbuf_1_0__f_clk/X (sky130_fd_sc_hd__clkbuf_16)
                                                         clknet_1_0__leaf_clk (net)
                      0.057272    0.000532    0.492595 ^ _45_/CLK (sky130_fd_sc_hd__dfrtp_1)
     4    0.010007    0.165872    0.710248    1.202843 ^ _45_/Q (sky130_fd_sc_hd__dfrtp_1)
                                                         net5 (net)
                      0.165872    0.000529    1.203372 ^ _22_/A (sky130_fd_sc_hd__and2_1)
     2    0.007097    0.137529    0.305065    1.508437 ^ _22_/X (sky130_fd_sc_hd__and2_1)
                                                         _11_ (net)
                      0.137529    0.000412    1.508849 ^ _23_/A2 (sky130_fd_sc_hd__o21a_1)
     1    0.003021    0.071825    0.229962    1.738811 ^ _23_/X (sky130_fd_sc_hd__o21a_1)
                                                         _00_ (net)
                      0.071825    0.000223    1.739034 ^ _38_/D (sky130_fd_sc_hd__dfrtp_1)
                                              1.739034   data arrival time

                                  0.000000    0.000000   clock clk (rise edge)
                                  0.000000    0.000000   clock source latency
     1    0.010818    0.086752    0.056637    0.056637 ^ clk (in)
                                                         clk (net)
                      0.086757    0.000000    0.056637 ^ clkbuf_0_clk/A (sky130_fd_sc_hd__clkbuf_16)
     2    0.018098    0.065085    0.226110    0.282747 ^ clkbuf_0_clk/X (sky130_fd_sc_hd__clkbuf_16)
                                                         clknet_0_clk (net)
                      0.065103    0.001594    0.284341 ^ clkbuf_1_0__f_clk/A (sky130_fd_sc_hd__clkbuf_16)
     4    0.011848    0.057271    0.207722    0.492063 ^ clkbuf_1_0__f_clk/X (sky130_fd_sc_hd__clkbuf_16)
                                                         clknet_1_0__leaf_clk (net)
                      0.057272    0.000487    0.492551 ^ _38_/CLK (sky130_fd_sc_hd__dfrtp_1)
                                  0.250000    0.742551   clock uncertainty
                                  0.000000    0.742551   clock reconvergence pessimism
                                 -0.079445    0.663106   library hold time
                                              0.663106   data required time
---------------------------------------------------------------------------------------------
                                              0.663106   data required time
                                             -1.739034   data arrival time
---------------------------------------------------------------------------------------------
                                              1.075928   slack (MET)


Startpoint: _41_ (rising edge-triggered flip-flop clocked by clk)
Endpoint: _42_ (rising edge-triggered flip-flop clocked by clk)
Path Group: clk
Path Type: min

Fanout         Cap        Slew       Delay        Time   Description
---------------------------------------------------------------------------------------------
                                  0.000000    0.000000   clock clk (rise edge)
                                  0.000000    0.000000   clock source latency
     1    0.010818    0.086752    0.056637    0.056637 ^ clk (in)
                                                         clk (net)
                      0.086757    0.000000    0.056637 ^ clkbuf_0_clk/A (sky130_fd_sc_hd__clkbuf_16)
     2    0.018098    0.065085    0.226110    0.282747 ^ clkbuf_0_clk/X (sky130_fd_sc_hd__clkbuf_16)
                                                         clknet_0_clk (net)
                      0.065085    0.001254    0.284001 ^ clkbuf_1_1__f_clk/A (sky130_fd_sc_hd__clkbuf_16)
     4    0.010463    0.055527    0.205743    0.489744 ^ clkbuf_1_1__f_clk/X (sky130_fd_sc_hd__clkbuf_16)
                                                         clknet_1_1__leaf_clk (net)
                      0.055528    0.000531    0.490275 ^ _41_/CLK (sky130_fd_sc_hd__dfrtp_1)
     3    0.007826    0.138761    0.686485    1.176759 ^ _41_/Q (sky130_fd_sc_hd__dfrtp_1)
                                                         net9 (net)
                      0.138761    0.000409    1.177168 ^ _29_/A (sky130_fd_sc_hd__and4_1)
     2    0.008862    0.181741    0.444009    1.621177 ^ _29_/X (sky130_fd_sc_hd__and4_1)
                                                         _15_ (net)
                      0.181741    0.000503    1.621681 ^ _32_/B (sky130_fd_sc_hd__xor2_1)
     1    0.003571    0.074007    0.173642    1.795322 v _32_/X (sky130_fd_sc_hd__xor2_1)
                                                         _04_ (net)
                      0.074007    0.000239    1.795561 v _42_/D (sky130_fd_sc_hd__dfrtp_1)
                                              1.795561   data arrival time

                                  0.000000    0.000000   clock clk (rise edge)
                                  0.000000    0.000000   clock source latency
     1    0.010818    0.086752    0.056637    0.056637 ^ clk (in)
                                                         clk (net)
                      0.086757    0.000000    0.056637 ^ clkbuf_0_clk/A (sky130_fd_sc_hd__clkbuf_16)
     2    0.018098    0.065085    0.226110    0.282747 ^ clkbuf_0_clk/X (sky130_fd_sc_hd__clkbuf_16)
                                                         clknet_0_clk (net)
                      0.065085    0.001254    0.284001 ^ clkbuf_1_1__f_clk/A (sky130_fd_sc_hd__clkbuf_16)
     4    0.010463    0.055527    0.205743    0.489744 ^ clkbuf_1_1__f_clk/X (sky130_fd_sc_hd__clkbuf_16)
                                                         clknet_1_1__leaf_clk (net)
                      0.055528    0.000483    0.490228 ^ _42_/CLK (sky130_fd_sc_hd__dfrtp_1)
                                  0.250000    0.740228   clock uncertainty
                                  0.000000    0.740228   clock reconvergence pessimism
                                 -0.102240    0.637987   library hold time
                                              0.637987   data required time
---------------------------------------------------------------------------------------------
                                              0.637987   data required time
                                             -1.795561   data arrival time
---------------------------------------------------------------------------------------------
                                              1.157574   slack (MET)


Startpoint: _43_ (rising edge-triggered flip-flop clocked by clk)
Endpoint: _44_ (rising edge-triggered flip-flop clocked by clk)
Path Group: clk
Path Type: min

Fanout         Cap        Slew       Delay        Time   Description
---------------------------------------------------------------------------------------------
                                  0.000000    0.000000   clock clk (rise edge)
                                  0.000000    0.000000   clock source latency
     1    0.010818    0.086752    0.056637    0.056637 ^ clk (in)
                                                         clk (net)
                      0.086757    0.000000    0.056637 ^ clkbuf_0_clk/A (sky130_fd_sc_hd__clkbuf_16)
     2    0.018098    0.065085    0.226110    0.282747 ^ clkbuf_0_clk/X (sky130_fd_sc_hd__clkbuf_16)
                                                         clknet_0_clk (net)
                      0.065103    0.001594    0.284341 ^ clkbuf_1_0__f_clk/A (sky130_fd_sc_hd__clkbuf_16)
     4    0.011848    0.057271    0.207722    0.492063 ^ clkbuf_1_0__f_clk/X (sky130_fd_sc_hd__clkbuf_16)
                                                         clknet_1_0__leaf_clk (net)
                      0.057272    0.000526    0.492589 ^ _43_/CLK (sky130_fd_sc_hd__dfrtp_1)
     3    0.006799    0.126225    0.676437    1.169026 ^ _43_/Q (sky130_fd_sc_hd__dfrtp_1)
                                                         net3 (net)
                      0.126225    0.000481    1.169507 ^ _19_/A (sky130_fd_sc_hd__and3_2)
     7    0.025611    0.239487    0.511994    1.681501 ^ _19_/X (sky130_fd_sc_hd__and3_2)
                                                         _08_ (net)
                      0.239490    0.001344    1.682846 ^ _35_/A (sky130_fd_sc_hd__nor2_1)
     1    0.002362    0.052960    0.144466    1.827312 v _35_/Y (sky130_fd_sc_hd__nor2_1)
                                                         _06_ (net)
                      0.052961    0.000160    1.827473 v _44_/D (sky130_fd_sc_hd__dfrtp_1)
                                              1.827473   data arrival time

                                  0.000000    0.000000   clock clk (rise edge)
                                  0.000000    0.000000   clock source latency
     1    0.010818    0.086752    0.056637    0.056637 ^ clk (in)
                                                         clk (net)
                      0.086757    0.000000    0.056637 ^ clkbuf_0_clk/A (sky130_fd_sc_hd__clkbuf_16)
     2    0.018098    0.065085    0.226110    0.282747 ^ clkbuf_0_clk/X (sky130_fd_sc_hd__clkbuf_16)
                                                         clknet_0_clk (net)
                      0.065103    0.001594    0.284341 ^ clkbuf_1_0__f_clk/A (sky130_fd_sc_hd__clkbuf_16)
     4    0.011848    0.057271    0.207722    0.492063 ^ clkbuf_1_0__f_clk/X (sky130_fd_sc_hd__clkbuf_16)
                                                         clknet_1_0__leaf_clk (net)
                      0.057272    0.000517    0.492580 ^ _44_/CLK (sky130_fd_sc_hd__dfrtp_1)
                                  0.250000    0.742580   clock uncertainty
                                  0.000000    0.742580   clock reconvergence pessimism
                                 -0.094003    0.648577   library hold time
                                              0.648577   data required time
---------------------------------------------------------------------------------------------
                                              0.648577   data required time
                                             -1.827473   data arrival time
---------------------------------------------------------------------------------------------
                                              1.178895   slack (MET)


Startpoint: _38_ (rising edge-triggered flip-flop clocked by clk)
Endpoint: _39_ (rising edge-triggered flip-flop clocked by clk)
Path Group: clk
Path Type: min

Fanout         Cap        Slew       Delay        Time   Description
---------------------------------------------------------------------------------------------
                                  0.000000    0.000000   clock clk (rise edge)
                                  0.000000    0.000000   clock source latency
     1    0.010818    0.086752    0.056637    0.056637 ^ clk (in)
                                                         clk (net)
                      0.086757    0.000000    0.056637 ^ clkbuf_0_clk/A (sky130_fd_sc_hd__clkbuf_16)
     2    0.018098    0.065085    0.226110    0.282747 ^ clkbuf_0_clk/X (sky130_fd_sc_hd__clkbuf_16)
                                                         clknet_0_clk (net)
                      0.065103    0.001594    0.284341 ^ clkbuf_1_0__f_clk/A (sky130_fd_sc_hd__clkbuf_16)
     4    0.011848    0.057271    0.207722    0.492063 ^ clkbuf_1_0__f_clk/X (sky130_fd_sc_hd__clkbuf_16)
                                                         clknet_1_0__leaf_clk (net)
                      0.057272    0.000487    0.492551 ^ _38_/CLK (sky130_fd_sc_hd__dfrtp_1)
     3    0.007316    0.132497    0.681947    1.174498 ^ _38_/Q (sky130_fd_sc_hd__dfrtp_1)
                                                         net6 (net)
                      0.132497    0.000215    1.174713 ^ _20_/B (sky130_fd_sc_hd__and2_1)
     4    0.013374    0.225605    0.368044    1.542756 ^ _20_/X (sky130_fd_sc_hd__and2_1)
                                                         _09_ (net)
                      0.225605    0.000384    1.543141 ^ _21_/B (sky130_fd_sc_hd__nand2_1)
     3    0.011568    0.204465    0.269026    1.812167 v _21_/Y (sky130_fd_sc_hd__nand2_1)
                                                         _10_ (net)
                      0.204465    0.000722    1.812889 v _24_/B (sky130_fd_sc_hd__xnor2_1)
     1    0.002166    0.065964    0.251448    2.064337 ^ _24_/Y (sky130_fd_sc_hd__xnor2_1)
                                                         _01_ (net)
                      0.065964    0.000097    2.064435 ^ _39_/D (sky130_fd_sc_hd__dfrtp_1)
                                              2.064435   data arrival time

                                  0.000000    0.000000   clock clk (rise edge)
                                  0.000000    0.000000   clock source latency
     1    0.010818    0.086752    0.056637    0.056637 ^ clk (in)
                                                         clk (net)
                      0.086757    0.000000    0.056637 ^ clkbuf_0_clk/A (sky130_fd_sc_hd__clkbuf_16)
     2    0.018098    0.065085    0.226110    0.282747 ^ clkbuf_0_clk/X (sky130_fd_sc_hd__clkbuf_16)
                                                         clknet_0_clk (net)
                      0.065085    0.001254    0.284001 ^ clkbuf_1_1__f_clk/A (sky130_fd_sc_hd__clkbuf_16)
     4    0.010463    0.055527    0.205743    0.489744 ^ clkbuf_1_1__f_clk/X (sky130_fd_sc_hd__clkbuf_16)
                                                         clknet_1_1__leaf_clk (net)
                      0.055528    0.000511    0.490255 ^ _39_/CLK (sky130_fd_sc_hd__dfrtp_1)
                                  0.250000    0.740255   clock uncertainty
                                  0.000000    0.740255   clock reconvergence pessimism
                                 -0.078393    0.661862   library hold time
                                              0.661862   data required time
---------------------------------------------------------------------------------------------
                                              0.661862   data required time
                                             -2.064435   data arrival time
---------------------------------------------------------------------------------------------
                                              1.402572   slack (MET)


Startpoint: _43_ (rising edge-triggered flip-flop clocked by clk)
Endpoint: _43_ (rising edge-triggered flip-flop clocked by clk)
Path Group: clk
Path Type: min

Fanout         Cap        Slew       Delay        Time   Description
---------------------------------------------------------------------------------------------
                                  0.000000    0.000000   clock clk (rise edge)
                                  0.000000    0.000000   clock source latency
     1    0.010818    0.086752    0.056637    0.056637 ^ clk (in)
                                                         clk (net)
                      0.086757    0.000000    0.056637 ^ clkbuf_0_clk/A (sky130_fd_sc_hd__clkbuf_16)
     2    0.018098    0.065085    0.226110    0.282747 ^ clkbuf_0_clk/X (sky130_fd_sc_hd__clkbuf_16)
                                                         clknet_0_clk (net)
                      0.065103    0.001594    0.284341 ^ clkbuf_1_0__f_clk/A (sky130_fd_sc_hd__clkbuf_16)
     4    0.011848    0.057271    0.207722    0.492063 ^ clkbuf_1_0__f_clk/X (sky130_fd_sc_hd__clkbuf_16)
                                                         clknet_1_0__leaf_clk (net)
                      0.057272    0.000526    0.492589 ^ _43_/CLK (sky130_fd_sc_hd__dfrtp_1)
     3    0.006799    0.126225    0.676437    1.169026 ^ _43_/Q (sky130_fd_sc_hd__dfrtp_1)
                                                         net3 (net)
                      0.126225    0.000415    1.169441 ^ hold2/A (sky130_fd_sc_hd__dlygate4sd3_1)
     2    0.008450    0.167759    1.136388    2.305829 ^ hold2/X (sky130_fd_sc_hd__dlygate4sd3_1)
                                                         net12 (net)
                      0.167759    0.000315    2.306144 ^ _33_/A (sky130_fd_sc_hd__xor2_1)
     1    0.002721    0.067174    0.163251    2.469395 v _33_/X (sky130_fd_sc_hd__xor2_1)
                                                         _05_ (net)
                      0.067174    0.000180    2.469575 v _43_/D (sky130_fd_sc_hd__dfrtp_1)
                                              2.469575   data arrival time

                                  0.000000    0.000000   clock clk (rise edge)
                                  0.000000    0.000000   clock source latency
     1    0.010818    0.086752    0.056637    0.056637 ^ clk (in)
                                                         clk (net)
                      0.086757    0.000000    0.056637 ^ clkbuf_0_clk/A (sky130_fd_sc_hd__clkbuf_16)
     2    0.018098    0.065085    0.226110    0.282747 ^ clkbuf_0_clk/X (sky130_fd_sc_hd__clkbuf_16)
                                                         clknet_0_clk (net)
                      0.065103    0.001594    0.284341 ^ clkbuf_1_0__f_clk/A (sky130_fd_sc_hd__clkbuf_16)
     4    0.011848    0.057271    0.207722    0.492063 ^ clkbuf_1_0__f_clk/X (sky130_fd_sc_hd__clkbuf_16)
                                                         clknet_1_0__leaf_clk (net)
                      0.057272    0.000526    0.492589 ^ _43_/CLK (sky130_fd_sc_hd__dfrtp_1)
                                  0.250000    0.742589   clock uncertainty
                                  0.000000    0.742589   clock reconvergence pessimism
                                 -0.099279    0.643310   library hold time
                                              0.643310   data required time
---------------------------------------------------------------------------------------------
                                              0.643310   data required time
                                             -2.469575   data arrival time
---------------------------------------------------------------------------------------------
                                              1.826265   slack (MET)


Startpoint: rst_n (input port clocked by clk)
Endpoint: _45_ (removal check against rising-edge clock clk)
Path Group: asynchronous
Path Type: min

Fanout         Cap        Slew       Delay        Time   Description
---------------------------------------------------------------------------------------------
                                  0.000000    0.000000   clock clk (rise edge)
                                  0.000000    0.000000   clock network delay (propagated)
                                  4.000000    4.000000 ^ input external delay
     1    0.002438    0.029862    0.013924    4.013924 ^ rst_n (in)
                                                         rst_n (net)
                      0.029862    0.000000    4.013924 ^ input2/A (sky130_fd_sc_hd__buf_2)
     8    0.035892    0.284338    0.332749    4.346673 ^ input2/X (sky130_fd_sc_hd__buf_2)
                                                         net2 (net)
                      0.284370    0.002545    4.349218 ^ _45_/RESET_B (sky130_fd_sc_hd__dfrtp_1)
                                              4.349218   data arrival time

                                  0.000000    0.000000   clock clk (rise edge)
                                  0.000000    0.000000   clock source latency
     1    0.010818    0.086752    0.056637    0.056637 ^ clk (in)
                                                         clk (net)
                      0.086757    0.000000    0.056637 ^ clkbuf_0_clk/A (sky130_fd_sc_hd__clkbuf_16)
     2    0.018098    0.065085    0.226110    0.282747 ^ clkbuf_0_clk/X (sky130_fd_sc_hd__clkbuf_16)
                                                         clknet_0_clk (net)
                      0.065103    0.001594    0.284341 ^ clkbuf_1_0__f_clk/A (sky130_fd_sc_hd__clkbuf_16)
     4    0.011848    0.057271    0.207722    0.492063 ^ clkbuf_1_0__f_clk/X (sky130_fd_sc_hd__clkbuf_16)
                                                         clknet_1_0__leaf_clk (net)
                      0.057272    0.000532    0.492595 ^ _45_/CLK (sky130_fd_sc_hd__dfrtp_1)
                                  0.250000    0.742595   clock uncertainty
                                  0.000000    0.742595   clock reconvergence pessimism
                                  0.719493    1.462088   library removal time
                                              1.462088   data required time
---------------------------------------------------------------------------------------------
                                              1.462088   data required time
                                             -4.349218   data arrival time
---------------------------------------------------------------------------------------------
                                              2.887130   slack (MET)


Startpoint: rst_n (input port clocked by clk)
Endpoint: _38_ (removal check against rising-edge clock clk)
Path Group: asynchronous
Path Type: min

Fanout         Cap        Slew       Delay        Time   Description
---------------------------------------------------------------------------------------------
                                  0.000000    0.000000   clock clk (rise edge)
                                  0.000000    0.000000   clock network delay (propagated)
                                  4.000000    4.000000 ^ input external delay
     1    0.002438    0.029862    0.013924    4.013924 ^ rst_n (in)
                                                         rst_n (net)
                      0.029862    0.000000    4.013924 ^ input2/A (sky130_fd_sc_hd__buf_2)
     8    0.035892    0.284338    0.332749    4.346673 ^ input2/X (sky130_fd_sc_hd__buf_2)
                                                         net2 (net)
                      0.284370    0.002545    4.349218 ^ _38_/RESET_B (sky130_fd_sc_hd__dfrtp_1)
                                              4.349218   data arrival time

                                  0.000000    0.000000   clock clk (rise edge)
                                  0.000000    0.000000   clock source latency
     1    0.010818    0.086752    0.056637    0.056637 ^ clk (in)
                                                         clk (net)
                      0.086757    0.000000    0.056637 ^ clkbuf_0_clk/A (sky130_fd_sc_hd__clkbuf_16)
     2    0.018098    0.065085    0.226110    0.282747 ^ clkbuf_0_clk/X (sky130_fd_sc_hd__clkbuf_16)
                                                         clknet_0_clk (net)
                      0.065103    0.001594    0.284341 ^ clkbuf_1_0__f_clk/A (sky130_fd_sc_hd__clkbuf_16)
     4    0.011848    0.057271    0.207722    0.492063 ^ clkbuf_1_0__f_clk/X (sky130_fd_sc_hd__clkbuf_16)
                                                         clknet_1_0__leaf_clk (net)
                      0.057272    0.000487    0.492551 ^ _38_/CLK (sky130_fd_sc_hd__dfrtp_1)
                                  0.250000    0.742551   clock uncertainty
                                  0.000000    0.742551   clock reconvergence pessimism
                                  0.719493    1.462044   library removal time
                                              1.462044   data required time
---------------------------------------------------------------------------------------------
                                              1.462044   data required time
                                             -4.349218   data arrival time
---------------------------------------------------------------------------------------------
                                              2.887175   slack (MET)


Startpoint: rst_n (input port clocked by clk)
Endpoint: _44_ (removal check against rising-edge clock clk)
Path Group: asynchronous
Path Type: min

Fanout         Cap        Slew       Delay        Time   Description
---------------------------------------------------------------------------------------------
                                  0.000000    0.000000   clock clk (rise edge)
                                  0.000000    0.000000   clock network delay (propagated)
                                  4.000000    4.000000 ^ input external delay
     1    0.002438    0.029862    0.013924    4.013924 ^ rst_n (in)
                                                         rst_n (net)
                      0.029862    0.000000    4.013924 ^ input2/A (sky130_fd_sc_hd__buf_2)
     8    0.035892    0.284338    0.332749    4.346673 ^ input2/X (sky130_fd_sc_hd__buf_2)
                                                         net2 (net)
                      0.284379    0.002840    4.349514 ^ _44_/RESET_B (sky130_fd_sc_hd__dfrtp_1)
                                              4.349514   data arrival time

                                  0.000000    0.000000   clock clk (rise edge)
                                  0.000000    0.000000   clock source latency
     1    0.010818    0.086752    0.056637    0.056637 ^ clk (in)
                                                         clk (net)
                      0.086757    0.000000    0.056637 ^ clkbuf_0_clk/A (sky130_fd_sc_hd__clkbuf_16)
     2    0.018098    0.065085    0.226110    0.282747 ^ clkbuf_0_clk/X (sky130_fd_sc_hd__clkbuf_16)
                                                         clknet_0_clk (net)
                      0.065103    0.001594    0.284341 ^ clkbuf_1_0__f_clk/A (sky130_fd_sc_hd__clkbuf_16)
     4    0.011848    0.057271    0.207722    0.492063 ^ clkbuf_1_0__f_clk/X (sky130_fd_sc_hd__clkbuf_16)
                                                         clknet_1_0__leaf_clk (net)
                      0.057272    0.000517    0.492580 ^ _44_/CLK (sky130_fd_sc_hd__dfrtp_1)
                                  0.250000    0.742580   clock uncertainty
                                  0.000000    0.742580   clock reconvergence pessimism
                                  0.719495    1.462075   library removal time
                                              1.462075   data required time
---------------------------------------------------------------------------------------------
                                              1.462075   data required time
                                             -4.349514   data arrival time
---------------------------------------------------------------------------------------------
                                              2.887438   slack (MET)


Startpoint: rst_n (input port clocked by clk)
Endpoint: _43_ (removal check against rising-edge clock clk)
Path Group: asynchronous
Path Type: min

Fanout         Cap        Slew       Delay        Time   Description
---------------------------------------------------------------------------------------------
                                  0.000000    0.000000   clock clk (rise edge)
                                  0.000000    0.000000   clock network delay (propagated)
                                  4.000000    4.000000 ^ input external delay
     1    0.002438    0.029862    0.013924    4.013924 ^ rst_n (in)
                                                         rst_n (net)
                      0.029862    0.000000    4.013924 ^ input2/A (sky130_fd_sc_hd__buf_2)
     8    0.035892    0.284338    0.332749    4.346673 ^ input2/X (sky130_fd_sc_hd__buf_2)
                                                         net2 (net)
                      0.284379    0.002856    4.349529 ^ _43_/RESET_B (sky130_fd_sc_hd__dfrtp_1)
                                              4.349529   data arrival time

                                  0.000000    0.000000   clock clk (rise edge)
                                  0.000000    0.000000   clock source latency
     1    0.010818    0.086752    0.056637    0.056637 ^ clk (in)
                                                         clk (net)
                      0.086757    0.000000    0.056637 ^ clkbuf_0_clk/A (sky130_fd_sc_hd__clkbuf_16)
     2    0.018098    0.065085    0.226110    0.282747 ^ clkbuf_0_clk/X (sky130_fd_sc_hd__clkbuf_16)
                                                         clknet_0_clk (net)
                      0.065103    0.001594    0.284341 ^ clkbuf_1_0__f_clk/A (sky130_fd_sc_hd__clkbuf_16)
     4    0.011848    0.057271    0.207722    0.492063 ^ clkbuf_1_0__f_clk/X (sky130_fd_sc_hd__clkbuf_16)
                                                         clknet_1_0__leaf_clk (net)
                      0.057272    0.000526    0.492589 ^ _43_/CLK (sky130_fd_sc_hd__dfrtp_1)
                                  0.250000    0.742589   clock uncertainty
                                  0.000000    0.742589   clock reconvergence pessimism
                                  0.719496    1.462085   library removal time
                                              1.462085   data required time
---------------------------------------------------------------------------------------------
                                              1.462085   data required time
                                             -4.349529   data arrival time
---------------------------------------------------------------------------------------------
                                              2.887444   slack (MET)


Startpoint: rst_n (input port clocked by clk)
Endpoint: _41_ (removal check against rising-edge clock clk)
Path Group: asynchronous
Path Type: min

Fanout         Cap        Slew       Delay        Time   Description
---------------------------------------------------------------------------------------------
                                  0.000000    0.000000   clock clk (rise edge)
                                  0.000000    0.000000   clock network delay (propagated)
                                  4.000000    4.000000 ^ input external delay
     1    0.002438    0.029862    0.013924    4.013924 ^ rst_n (in)
                                                         rst_n (net)
                      0.029862    0.000000    4.013924 ^ input2/A (sky130_fd_sc_hd__buf_2)
     8    0.035892    0.284338    0.332749    4.346673 ^ input2/X (sky130_fd_sc_hd__buf_2)
                                                         net2 (net)
                      0.284344    0.001129    4.347802 ^ _41_/RESET_B (sky130_fd_sc_hd__dfrtp_1)
                                              4.347802   data arrival time

                                  0.000000    0.000000   clock clk (rise edge)
                                  0.000000    0.000000   clock source latency
     1    0.010818    0.086752    0.056637    0.056637 ^ clk (in)
                                                         clk (net)
                      0.086757    0.000000    0.056637 ^ clkbuf_0_clk/A (sky130_fd_sc_hd__clkbuf_16)
     2    0.018098    0.065085    0.226110    0.282747 ^ clkbuf_0_clk/X (sky130_fd_sc_hd__clkbuf_16)
                                                         clknet_0_clk (net)
                      0.065085    0.001254    0.284001 ^ clkbuf_1_1__f_clk/A (sky130_fd_sc_hd__clkbuf_16)
     4    0.010463    0.055527    0.205743    0.489744 ^ clkbuf_1_1__f_clk/X (sky130_fd_sc_hd__clkbuf_16)
                                                         clknet_1_1__leaf_clk (net)
                      0.055528    0.000531    0.490275 ^ _41_/CLK (sky130_fd_sc_hd__dfrtp_1)
                                  0.250000    0.740275   clock uncertainty
                                  0.000000    0.740275   clock reconvergence pessimism
                                  0.718960    1.459235   library removal time
                                              1.459235   data required time
---------------------------------------------------------------------------------------------
                                              1.459235   data required time
                                             -4.347802   data arrival time
---------------------------------------------------------------------------------------------
                                              2.888567   slack (MET)


Startpoint: rst_n (input port clocked by clk)
Endpoint: _42_ (removal check against rising-edge clock clk)
Path Group: asynchronous
Path Type: min

Fanout         Cap        Slew       Delay        Time   Description
---------------------------------------------------------------------------------------------
                                  0.000000    0.000000   clock clk (rise edge)
                                  0.000000    0.000000   clock network delay (propagated)
                                  4.000000    4.000000 ^ input external delay
     1    0.002438    0.029862    0.013924    4.013924 ^ rst_n (in)
                                                         rst_n (net)
                      0.029862    0.000000    4.013924 ^ input2/A (sky130_fd_sc_hd__buf_2)
     8    0.035892    0.284338    0.332749    4.346673 ^ input2/X (sky130_fd_sc_hd__buf_2)
                                                         net2 (net)
                      0.284344    0.001090    4.347764 ^ _42_/RESET_B (sky130_fd_sc_hd__dfrtp_1)
                                              4.347764   data arrival time

                                  0.000000    0.000000   clock clk (rise edge)
                                  0.000000    0.000000   clock source latency
     1    0.010818    0.086752    0.056637    0.056637 ^ clk (in)
                                                         clk (net)
                      0.086757    0.000000    0.056637 ^ clkbuf_0_clk/A (sky130_fd_sc_hd__clkbuf_16)
     2    0.018098    0.065085    0.226110    0.282747 ^ clkbuf_0_clk/X (sky130_fd_sc_hd__clkbuf_16)
                                                         clknet_0_clk (net)
                      0.065085    0.001254    0.284001 ^ clkbuf_1_1__f_clk/A (sky130_fd_sc_hd__clkbuf_16)
     4    0.010463    0.055527    0.205743    0.489744 ^ clkbuf_1_1__f_clk/X (sky130_fd_sc_hd__clkbuf_16)
                                                         clknet_1_1__leaf_clk (net)
                      0.055528    0.000483    0.490228 ^ _42_/CLK (sky130_fd_sc_hd__dfrtp_1)
                                  0.250000    0.740228   clock uncertainty
                                  0.000000    0.740228   clock reconvergence pessimism
                                  0.718960    1.459188   library removal time
                                              1.459188   data required time
---------------------------------------------------------------------------------------------
                                              1.459188   data required time
                                             -4.347764   data arrival time
---------------------------------------------------------------------------------------------
                                              2.888576   slack (MET)


Startpoint: rst_n (input port clocked by clk)
Endpoint: _39_ (removal check against rising-edge clock clk)
Path Group: asynchronous
Path Type: min

Fanout         Cap        Slew       Delay        Time   Description
---------------------------------------------------------------------------------------------
                                  0.000000    0.000000   clock clk (rise edge)
                                  0.000000    0.000000   clock network delay (propagated)
                                  4.000000    4.000000 ^ input external delay
     1    0.002438    0.029862    0.013924    4.013924 ^ rst_n (in)
                                                         rst_n (net)
                      0.029862    0.000000    4.013924 ^ input2/A (sky130_fd_sc_hd__buf_2)
     8    0.035892    0.284338    0.332749    4.346673 ^ input2/X (sky130_fd_sc_hd__buf_2)
                                                         net2 (net)
                      0.284348    0.001472    4.348145 ^ _39_/RESET_B (sky130_fd_sc_hd__dfrtp_1)
                                              4.348145   data arrival time

                                  0.000000    0.000000   clock clk (rise edge)
                                  0.000000    0.000000   clock source latency
     1    0.010818    0.086752    0.056637    0.056637 ^ clk (in)
                                                         clk (net)
                      0.086757    0.000000    0.056637 ^ clkbuf_0_clk/A (sky130_fd_sc_hd__clkbuf_16)
     2    0.018098    0.065085    0.226110    0.282747 ^ clkbuf_0_clk/X (sky130_fd_sc_hd__clkbuf_16)
                                                         clknet_0_clk (net)
                      0.065085    0.001254    0.284001 ^ clkbuf_1_1__f_clk/A (sky130_fd_sc_hd__clkbuf_16)
     4    0.010463    0.055527    0.205743    0.489744 ^ clkbuf_1_1__f_clk/X (sky130_fd_sc_hd__clkbuf_16)
                                                         clknet_1_1__leaf_clk (net)
                      0.055528    0.000511    0.490255 ^ _39_/CLK (sky130_fd_sc_hd__dfrtp_1)
                                  0.250000    0.740255   clock uncertainty
                                  0.000000    0.740255   clock reconvergence pessimism
                                  0.718962    1.459217   library removal time
                                              1.459217   data required time
---------------------------------------------------------------------------------------------
                                              1.459217   data required time
                                             -4.348145   data arrival time
---------------------------------------------------------------------------------------------
                                              2.888928   slack (MET)


Startpoint: rst_n (input port clocked by clk)
Endpoint: _40_ (removal check against rising-edge clock clk)
Path Group: asynchronous
Path Type: min

Fanout         Cap        Slew       Delay        Time   Description
---------------------------------------------------------------------------------------------
                                  0.000000    0.000000   clock clk (rise edge)
                                  0.000000    0.000000   clock network delay (propagated)
                                  4.000000    4.000000 ^ input external delay
     1    0.002438    0.029862    0.013924    4.013924 ^ rst_n (in)
                                                         rst_n (net)
                      0.029862    0.000000    4.013924 ^ input2/A (sky130_fd_sc_hd__buf_2)
     8    0.035892    0.284338    0.332749    4.346673 ^ input2/X (sky130_fd_sc_hd__buf_2)
                                                         net2 (net)
                      0.284355    0.001872    4.348545 ^ _40_/RESET_B (sky130_fd_sc_hd__dfrtp_1)
                                              4.348545   data arrival time

                                  0.000000    0.000000   clock clk (rise edge)
                                  0.000000    0.000000   clock source latency
     1    0.010818    0.086752    0.056637    0.056637 ^ clk (in)
                                                         clk (net)
                      0.086757    0.000000    0.056637 ^ clkbuf_0_clk/A (sky130_fd_sc_hd__clkbuf_16)
     2    0.018098    0.065085    0.226110    0.282747 ^ clkbuf_0_clk/X (sky130_fd_sc_hd__clkbuf_16)
                                                         clknet_0_clk (net)
                      0.065085    0.001254    0.284001 ^ clkbuf_1_1__f_clk/A (sky130_fd_sc_hd__clkbuf_16)
     4    0.010463    0.055527    0.205743    0.489744 ^ clkbuf_1_1__f_clk/X (sky130_fd_sc_hd__clkbuf_16)
                                                         clknet_1_1__leaf_clk (net)
                      0.055528    0.000500    0.490244 ^ _40_/CLK (sky130_fd_sc_hd__dfrtp_1)
                                  0.250000    0.740244   clock uncertainty
                                  0.000000    0.740244   clock reconvergence pessimism
                                  0.718964    1.459208   library removal time
                                              1.459208   data required time
---------------------------------------------------------------------------------------------
                                              1.459208   data required time
                                             -4.348545   data arrival time
---------------------------------------------------------------------------------------------
                                              2.889337   slack (MET)


Startpoint: _42_ (rising edge-triggered flip-flop clocked by clk)
Endpoint: count[7] (output port clocked by clk)
Path Group: clk
Path Type: min

Fanout         Cap        Slew       Delay        Time   Description
---------------------------------------------------------------------------------------------
                                  0.000000    0.000000   clock clk (rise edge)
                                  0.000000    0.000000   clock source latency
     1    0.010818    0.086752    0.056637    0.056637 ^ clk (in)
                                                         clk (net)
                      0.086757    0.000000    0.056637 ^ clkbuf_0_clk/A (sky130_fd_sc_hd__clkbuf_16)
     2    0.018098    0.065085    0.226110    0.282747 ^ clkbuf_0_clk/X (sky130_fd_sc_hd__clkbuf_16)
                                                         clknet_0_clk (net)
                      0.065085    0.001254    0.284001 ^ clkbuf_1_1__f_clk/A (sky130_fd_sc_hd__clkbuf_16)
     4    0.010463    0.055527    0.205743    0.489744 ^ clkbuf_1_1__f_clk/X (sky130_fd_sc_hd__clkbuf_16)
                                                         clknet_1_1__leaf_clk (net)
                      0.055528    0.000483    0.490228 ^ _42_/CLK (sky130_fd_sc_hd__dfrtp_1)
     2    0.004963    0.104291    0.656318    1.146546 ^ _42_/Q (sky130_fd_sc_hd__dfrtp_1)
                                                         net10 (net)
                      0.104291    0.000314    1.146859 ^ output10/A (sky130_fd_sc_hd__buf_2)
     1    0.034498    0.274130    0.359933    1.506792 ^ output10/X (sky130_fd_sc_hd__buf_2)
                                                         count[7] (net)
                      0.274138    0.001760    1.508553 ^ count[7] (out)
                                              1.508553   data arrival time

                                  0.000000    0.000000   clock clk (rise edge)
                                  0.000000    0.000000   clock network delay (propagated)
                                  0.250000    0.250000   clock uncertainty
                                  0.000000    0.250000   clock reconvergence pessimism
                                 -4.000000   -3.750000   output external delay
                                             -3.750000   data required time
---------------------------------------------------------------------------------------------
                                             -3.750000   data required time
                                             -1.508553   data arrival time
---------------------------------------------------------------------------------------------
                                              5.258553   slack (MET)


Startpoint: _43_ (rising edge-triggered flip-flop clocked by clk)
Endpoint: count[0] (output port clocked by clk)
Path Group: clk
Path Type: min

Fanout         Cap        Slew       Delay        Time   Description
---------------------------------------------------------------------------------------------
                                  0.000000    0.000000   clock clk (rise edge)
                                  0.000000    0.000000   clock source latency
     1    0.010818    0.086752    0.056637    0.056637 ^ clk (in)
                                                         clk (net)
                      0.086757    0.000000    0.056637 ^ clkbuf_0_clk/A (sky130_fd_sc_hd__clkbuf_16)
     2    0.018098    0.065085    0.226110    0.282747 ^ clkbuf_0_clk/X (sky130_fd_sc_hd__clkbuf_16)
                                                         clknet_0_clk (net)
                      0.065103    0.001594    0.284341 ^ clkbuf_1_0__f_clk/A (sky130_fd_sc_hd__clkbuf_16)
     4    0.011848    0.057271    0.207722    0.492063 ^ clkbuf_1_0__f_clk/X (sky130_fd_sc_hd__clkbuf_16)
                                                         clknet_1_0__leaf_clk (net)
                      0.057272    0.000526    0.492589 ^ _43_/CLK (sky130_fd_sc_hd__dfrtp_1)
     3    0.006799    0.126225    0.676437    1.169026 ^ _43_/Q (sky130_fd_sc_hd__dfrtp_1)
                                                         net3 (net)
                      0.126225    0.000421    1.169447 ^ output3/A (sky130_fd_sc_hd__buf_2)
     1    0.034298    0.272681    0.369187    1.538634 ^ output3/X (sky130_fd_sc_hd__buf_2)
                                                         count[0] (net)
                      0.272687    0.001729    1.540363 ^ count[0] (out)
                                              1.540363   data arrival time

                                  0.000000    0.000000   clock clk (rise edge)
                                  0.000000    0.000000   clock network delay (propagated)
                                  0.250000    0.250000   clock uncertainty
                                  0.000000    0.250000   clock reconvergence pessimism
                                 -4.000000   -3.750000   output external delay
                                             -3.750000   data required time
---------------------------------------------------------------------------------------------
                                             -3.750000   data required time
                                             -1.540363   data arrival time
---------------------------------------------------------------------------------------------
                                              5.290362   slack (MET)


Startpoint: _44_ (rising edge-triggered flip-flop clocked by clk)
Endpoint: count[1] (output port clocked by clk)
Path Group: clk
Path Type: min

Fanout         Cap        Slew       Delay        Time   Description
---------------------------------------------------------------------------------------------
                                  0.000000    0.000000   clock clk (rise edge)
                                  0.000000    0.000000   clock source latency
     1    0.010818    0.086752    0.056637    0.056637 ^ clk (in)
                                                         clk (net)
                      0.086757    0.000000    0.056637 ^ clkbuf_0_clk/A (sky130_fd_sc_hd__clkbuf_16)
     2    0.018098    0.065085    0.226110    0.282747 ^ clkbuf_0_clk/X (sky130_fd_sc_hd__clkbuf_16)
                                                         clknet_0_clk (net)
                      0.065103    0.001594    0.284341 ^ clkbuf_1_0__f_clk/A (sky130_fd_sc_hd__clkbuf_16)
     4    0.011848    0.057271    0.207722    0.492063 ^ clkbuf_1_0__f_clk/X (sky130_fd_sc_hd__clkbuf_16)
                                                         clknet_1_0__leaf_clk (net)
                      0.057272    0.000517    0.492580 ^ _44_/CLK (sky130_fd_sc_hd__dfrtp_1)
     3    0.006846    0.126793    0.676941    1.169522 ^ _44_/Q (sky130_fd_sc_hd__dfrtp_1)
                                                         net4 (net)
                      0.126793    0.000421    1.169943 ^ output4/A (sky130_fd_sc_hd__buf_2)
     1    0.034203    0.271975    0.368965    1.538908 ^ output4/X (sky130_fd_sc_hd__buf_2)
                                                         count[1] (net)
                      0.271981    0.001704    1.540612 ^ count[1] (out)
                                              1.540612   data arrival time

                                  0.000000    0.000000   clock clk (rise edge)
                                  0.000000    0.000000   clock network delay (propagated)
                                  0.250000    0.250000   clock uncertainty
                                  0.000000    0.250000   clock reconvergence pessimism
                                 -4.000000   -3.750000   output external delay
                                             -3.750000   data required time
---------------------------------------------------------------------------------------------
                                             -3.750000   data required time
                                             -1.540612   data arrival time
---------------------------------------------------------------------------------------------
                                              5.290613   slack (MET)


Startpoint: _38_ (rising edge-triggered flip-flop clocked by clk)
Endpoint: count[3] (output port clocked by clk)
Path Group: clk
Path Type: min

Fanout         Cap        Slew       Delay        Time   Description
---------------------------------------------------------------------------------------------
                                  0.000000    0.000000   clock clk (rise edge)
                                  0.000000    0.000000   clock source latency
     1    0.010818    0.086752    0.056637    0.056637 ^ clk (in)
                                                         clk (net)
                      0.086757    0.000000    0.056637 ^ clkbuf_0_clk/A (sky130_fd_sc_hd__clkbuf_16)
     2    0.018098    0.065085    0.226110    0.282747 ^ clkbuf_0_clk/X (sky130_fd_sc_hd__clkbuf_16)
                                                         clknet_0_clk (net)
                      0.065103    0.001594    0.284341 ^ clkbuf_1_0__f_clk/A (sky130_fd_sc_hd__clkbuf_16)
     4    0.011848    0.057271    0.207722    0.492063 ^ clkbuf_1_0__f_clk/X (sky130_fd_sc_hd__clkbuf_16)
                                                         clknet_1_0__leaf_clk (net)
                      0.057272    0.000487    0.492551 ^ _38_/CLK (sky130_fd_sc_hd__dfrtp_1)
     3    0.007316    0.132497    0.681947    1.174498 ^ _38_/Q (sky130_fd_sc_hd__dfrtp_1)
                                                         net6 (net)
                      0.132497    0.000391    1.174889 ^ output6/A (sky130_fd_sc_hd__buf_2)
     1    0.034342    0.273000    0.372442    1.547332 ^ output6/X (sky130_fd_sc_hd__buf_2)
                                                         count[3] (net)
                      0.273005    0.001619    1.548951 ^ count[3] (out)
                                              1.548951   data arrival time

                                  0.000000    0.000000   clock clk (rise edge)
                                  0.000000    0.000000   clock network delay (propagated)
                                  0.250000    0.250000   clock uncertainty
                                  0.000000    0.250000   clock reconvergence pessimism
                                 -4.000000   -3.750000   output external delay
                                             -3.750000   data required time
---------------------------------------------------------------------------------------------
                                             -3.750000   data required time
                                             -1.548951   data arrival time
---------------------------------------------------------------------------------------------
                                              5.298951   slack (MET)


Startpoint: _41_ (rising edge-triggered flip-flop clocked by clk)
Endpoint: count[6] (output port clocked by clk)
Path Group: clk
Path Type: min

Fanout         Cap        Slew       Delay        Time   Description
---------------------------------------------------------------------------------------------
                                  0.000000    0.000000   clock clk (rise edge)
                                  0.000000    0.000000   clock source latency
     1    0.010818    0.086752    0.056637    0.056637 ^ clk (in)
                                                         clk (net)
                      0.086757    0.000000    0.056637 ^ clkbuf_0_clk/A (sky130_fd_sc_hd__clkbuf_16)
     2    0.018098    0.065085    0.226110    0.282747 ^ clkbuf_0_clk/X (sky130_fd_sc_hd__clkbuf_16)
                                                         clknet_0_clk (net)
                      0.065085    0.001254    0.284001 ^ clkbuf_1_1__f_clk/A (sky130_fd_sc_hd__clkbuf_16)
     4    0.010463    0.055527    0.205743    0.489744 ^ clkbuf_1_1__f_clk/X (sky130_fd_sc_hd__clkbuf_16)
                                                         clknet_1_1__leaf_clk (net)
                      0.055528    0.000531    0.490275 ^ _41_/CLK (sky130_fd_sc_hd__dfrtp_1)
     3    0.007826    0.138761    0.686485    1.176759 ^ _41_/Q (sky130_fd_sc_hd__dfrtp_1)
                                                         net9 (net)
                      0.138761    0.000228    1.176987 ^ output9/A (sky130_fd_sc_hd__buf_2)
     1    0.034281    0.272567    0.375008    1.551995 ^ output9/X (sky130_fd_sc_hd__buf_2)
                                                         count[6] (net)
                      0.272573    0.001678    1.553672 ^ count[6] (out)
                                              1.553672   data arrival time

                                  0.000000    0.000000   clock clk (rise edge)
                                  0.000000    0.000000   clock network delay (propagated)
                                  0.250000    0.250000   clock uncertainty
                                  0.000000    0.250000   clock reconvergence pessimism
                                 -4.000000   -3.750000   output external delay
                                             -3.750000   data required time
---------------------------------------------------------------------------------------------
                                             -3.750000   data required time
                                             -1.553672   data arrival time
---------------------------------------------------------------------------------------------
                                              5.303672   slack (MET)


Startpoint: _45_ (rising edge-triggered flip-flop clocked by clk)
Endpoint: count[2] (output port clocked by clk)
Path Group: clk
Path Type: min

Fanout         Cap        Slew       Delay        Time   Description
---------------------------------------------------------------------------------------------
                                  0.000000    0.000000   clock clk (rise edge)
                                  0.000000    0.000000   clock source latency
     1    0.010818    0.086752    0.056637    0.056637 ^ clk (in)
                                                         clk (net)
                      0.086757    0.000000    0.056637 ^ clkbuf_0_clk/A (sky130_fd_sc_hd__clkbuf_16)
     2    0.018098    0.065085    0.226110    0.282747 ^ clkbuf_0_clk/X (sky130_fd_sc_hd__clkbuf_16)
                                                         clknet_0_clk (net)
                      0.065103    0.001594    0.284341 ^ clkbuf_1_0__f_clk/A (sky130_fd_sc_hd__clkbuf_16)
     4    0.011848    0.057271    0.207722    0.492063 ^ clkbuf_1_0__f_clk/X (sky130_fd_sc_hd__clkbuf_16)
                                                         clknet_1_0__leaf_clk (net)
                      0.057272    0.000532    0.492595 ^ _45_/CLK (sky130_fd_sc_hd__dfrtp_1)
     4    0.010007    0.165872    0.710248    1.202843 ^ _45_/Q (sky130_fd_sc_hd__dfrtp_1)
                                                         net5 (net)
                      0.165872    0.000558    1.203401 ^ output5/A (sky130_fd_sc_hd__buf_2)
     1    0.034104    0.271299    0.386812    1.590212 ^ output5/X (sky130_fd_sc_hd__buf_2)
                                                         count[2] (net)
                      0.271305    0.001642    1.591854 ^ count[2] (out)
                                              1.591854   data arrival time

                                  0.000000    0.000000   clock clk (rise edge)
                                  0.000000    0.000000   clock network delay (propagated)
                                  0.250000    0.250000   clock uncertainty
                                  0.000000    0.250000   clock reconvergence pessimism
                                 -4.000000   -3.750000   output external delay
                                             -3.750000   data required time
---------------------------------------------------------------------------------------------
                                             -3.750000   data required time
                                             -1.591854   data arrival time
---------------------------------------------------------------------------------------------
                                              5.341854   slack (MET)


Startpoint: _40_ (rising edge-triggered flip-flop clocked by clk)
Endpoint: count[5] (output port clocked by clk)
Path Group: clk
Path Type: min

Fanout         Cap        Slew       Delay        Time   Description
---------------------------------------------------------------------------------------------
                                  0.000000    0.000000   clock clk (rise edge)
                                  0.000000    0.000000   clock source latency
     1    0.010818    0.086752    0.056637    0.056637 ^ clk (in)
                                                         clk (net)
                      0.086757    0.000000    0.056637 ^ clkbuf_0_clk/A (sky130_fd_sc_hd__clkbuf_16)
     2    0.018098    0.065085    0.226110    0.282747 ^ clkbuf_0_clk/X (sky130_fd_sc_hd__clkbuf_16)
                                                         clknet_0_clk (net)
                      0.065085    0.001254    0.284001 ^ clkbuf_1_1__f_clk/A (sky130_fd_sc_hd__clkbuf_16)
     4    0.010463    0.055527    0.205743    0.489744 ^ clkbuf_1_1__f_clk/X (sky130_fd_sc_hd__clkbuf_16)
                                                         clknet_1_1__leaf_clk (net)
                      0.055528    0.000500    0.490244 ^ _40_/CLK (sky130_fd_sc_hd__dfrtp_1)
     4    0.010827    0.176215    0.718019    1.208263 ^ _40_/Q (sky130_fd_sc_hd__dfrtp_1)
                                                         net8 (net)
                      0.176215    0.000644    1.208907 ^ output8/A (sky130_fd_sc_hd__buf_2)
     1    0.034001    0.270543    0.391145    1.600053 ^ output8/X (sky130_fd_sc_hd__buf_2)
                                                         count[5] (net)
                      0.270548    0.001595    1.601647 ^ count[5] (out)
                                              1.601647   data arrival time

                                  0.000000    0.000000   clock clk (rise edge)
                                  0.000000    0.000000   clock network delay (propagated)
                                  0.250000    0.250000   clock uncertainty
                                  0.000000    0.250000   clock reconvergence pessimism
                                 -4.000000   -3.750000   output external delay
                                             -3.750000   data required time
---------------------------------------------------------------------------------------------
                                             -3.750000   data required time
                                             -1.601647   data arrival time
---------------------------------------------------------------------------------------------
                                              5.351647   slack (MET)


Startpoint: _39_ (rising edge-triggered flip-flop clocked by clk)
Endpoint: count[4] (output port clocked by clk)
Path Group: clk
Path Type: min

Fanout         Cap        Slew       Delay        Time   Description
---------------------------------------------------------------------------------------------
                                  0.000000    0.000000   clock clk (rise edge)
                                  0.000000    0.000000   clock source latency
     1    0.010818    0.086752    0.056637    0.056637 ^ clk (in)
                                                         clk (net)
                      0.086757    0.000000    0.056637 ^ clkbuf_0_clk/A (sky130_fd_sc_hd__clkbuf_16)
     2    0.018098    0.065085    0.226110    0.282747 ^ clkbuf_0_clk/X (sky130_fd_sc_hd__clkbuf_16)
                                                         clknet_0_clk (net)
                      0.065085    0.001254    0.284001 ^ clkbuf_1_1__f_clk/A (sky130_fd_sc_hd__clkbuf_16)
     4    0.010463    0.055527    0.205743    0.489744 ^ clkbuf_1_1__f_clk/X (sky130_fd_sc_hd__clkbuf_16)
                                                         clknet_1_1__leaf_clk (net)
                      0.055528    0.000511    0.490255 ^ _39_/CLK (sky130_fd_sc_hd__dfrtp_1)
     5    0.013164    0.204104    0.742612    1.232867 ^ _39_/Q (sky130_fd_sc_hd__dfrtp_1)
                                                         net7 (net)
                      0.204104    0.000585    1.233452 ^ output7/A (sky130_fd_sc_hd__buf_2)
     1    0.034195    0.272046    0.405221    1.638673 ^ output7/X (sky130_fd_sc_hd__buf_2)
                                                         count[4] (net)
                      0.272052    0.001649    1.640321 ^ count[4] (out)
                                              1.640321   data arrival time

                                  0.000000    0.000000   clock clk (rise edge)
                                  0.000000    0.000000   clock network delay (propagated)
                                  0.250000    0.250000   clock uncertainty
                                  0.000000    0.250000   clock reconvergence pessimism
                                 -4.000000   -3.750000   output external delay
                                             -3.750000   data required time
---------------------------------------------------------------------------------------------
                                             -3.750000   data required time
                                             -1.640321   data arrival time
---------------------------------------------------------------------------------------------
                                              5.390321   slack (MET)



