OpenROAD f552262465b0bfef8f097e258f94bc501d01e19d 
Features included (+) or not (-): +GPU +GUI +Python
This program is licensed under the BSD-3 license. See the LICENSE file for details.
Components of this program may be licensed under more restrictive licenses which must be honored.
[INFO ORD-0030] Using 12 thread(s).
read_liberty /opt/eda/orfs-6101364b/flow/platforms/sky130hd/lib/sky130_fd_sc_hd__tt_025C_1v80.lib
read_liberty /mnt/d/TKVM_ATTT_2026_test/codeachip_packed/flow/macros/sky130_sram_1rw_24x128_TT_1p8V_25C.lib
read_db /root/cac_runs/ntt_packed_20ns/results/sky130hd/cac_ntt_packed_20ns/base/2_floorplan.odb
read_sdc /root/cac_runs/ntt_packed_20ns/results/sky130hd/cac_ntt_packed_20ns/base/2_floorplan.sdc
source /opt/eda/orfs-6101364b/flow/platforms/sky130hd/setRC.tcl
[INFO GPL-0022] Initialize gpl and calculate uniform density.
Placement density is 0.5219999885559082, computed from PLACE_DENSITY_LB_ADDON  0.20 and lower bound 0.38999998569488525
global_placement -skip_io -density 0.5219999885559082 -pad_left 0 -pad_right 0
[INFO GPL-0001] ---- Initialize GPL Main Data Structures
[INFO GPL-0002] DBU: 1000
[INFO GPL-0003] SiteSize: (  0.460  2.720 ) um
[INFO GPL-0004] CoreBBox: ( 10.120 10.880 ) ( 749.800 459.680 ) um
[INFO GPL-0016] Core area:                  331968.384 um^2
[INFO GPL-0036] Movable instances area:      65445.267 um^2
[INFO GPL-0037] Total instances area:       202928.374 um^2
[INFO GPL-0035] Pin density area adjust:      7283.901 um^2
[INFO GPL-0032] ---- Initialize Region: Top-level
[INFO GPL-0006] Number of instances:             10530
[INFO GPL-0007] Movable instances:                7753
[INFO GPL-0008] Fixed instances:                  2621
[INFO GPL-0009] Dummy instances:                   156
[INFO GPL-0010] Number of nets:                   8518
[INFO GPL-0011] Number of pins:                  30133
[INFO GPL-0012] Die BBox:       (  0.000  0.000 ) ( 760.000 470.000 ) um
[INFO GPL-0013] Placement BBox: ( 10.120 10.880 ) ( 749.800 459.680 ) um
[INFO GPL-0014] Region name: top-level.
[INFO GPL-0015] Region area:                331968.384 um^2
[INFO GPL-0017] Fixed instances area:       141957.398 um^2
[INFO GPL-0018] Movable instances area:      72729.168 um^2
[INFO GPL-0019] Utilization:                    38.276 %
[INFO GPL-0020] Standard cells area:         72729.168 um^2
[INFO GPL-0021] Large instances area:            0.000 um^2
[INFO GPL-0005] ---- Execute Conjugate Gradient Initial Placement.
[INFO GPL-0051] Source of initial instance position counters:
	Odb location = 0	Core center = 7753	Region center = 0
[INFO GPL-0033] ---- Initialize Nesterov Region: Top-level
[INFO GPL-0023] Placement target density:       0.5220
[INFO GPL-0024] Movable insts average area:      9.381 um^2
[INFO GPL-0025] Ideal bin area:                 17.971 um^2
[INFO GPL-0026] Ideal bin count:                 18472
[INFO GPL-0027] Total bin area:             331968.384 um^2
[INFO GPL-0028] Bin count (X, Y):         128 ,    128
[INFO GPL-0029] Bin size (W * H):       5.779 *  3.506 um
[INFO GPL-0030] Number of bins:                  16384
[INFO GPL-0084] ---- Execute Nesterov Global Placement.
[INFO GPL-0031] HPWL: Half-Perimeter Wirelength
Iteration | Overflow |     HPWL (um) |  HPWL(%) |   Penalty | Group
---------------------------------------------------------------
        0 |   0.9995 |  3.846030e+04 |   +0.00% |  2.19e-15 |      
       10 |   0.9998 |  5.244073e+04 |  +36.35% |  3.56e-15 |      
       20 |   0.9998 |  5.454940e+04 |   +4.02% |  5.80e-15 |      
       30 |   0.9998 |  5.570614e+04 |   +2.12% |  9.44e-15 |      
       40 |   0.9998 |  5.645668e+04 |   +1.35% |  1.54e-14 |      
       50 |   0.9998 |  5.646449e+04 |   +0.01% |  2.50e-14 |      
       60 |   0.9998 |  5.599961e+04 |   -0.82% |  4.08e-14 |      
       70 |   0.9998 |  5.530134e+04 |   -1.25% |  6.64e-14 |      
       80 |   0.9998 |  5.439227e+04 |   -1.64% |  1.08e-13 |      
       90 |   0.9998 |  5.322699e+04 |   -2.14% |  1.76e-13 |      
      100 |   0.9998 |  5.188377e+04 |   -2.52% |  2.87e-13 |      
      110 |   0.9998 |  5.065181e+04 |   -2.37% |  4.68e-13 |      
      120 |   0.9998 |  4.988365e+04 |   -1.52% |  7.62e-13 |      
      130 |   0.9998 |  5.027178e+04 |   +0.78% |  1.24e-12 |      
      140 |   0.9994 |  5.268657e+04 |   +4.80% |  2.02e-12 |      
      150 |   0.9993 |  5.739821e+04 |   +8.94% |  3.29e-12 |      
      160 |   0.9993 |  6.516047e+04 |  +13.52% |  5.36e-12 |      
      170 |   0.9993 |  7.639343e+04 |  +17.24% |  8.71e-12 |      
      180 |   0.9993 |  9.063647e+04 |  +18.64% |  1.42e-11 |      
      190 |   0.9819 |  1.111967e+05 |  +22.68% |  2.30e-11 |      
      200 |   0.9599 |  1.335438e+05 |  +20.10% |  3.74e-11 |      
      210 |   0.9319 |  1.558033e+05 |  +16.67% |  6.08e-11 |      
      220 |   0.8917 |  1.751348e+05 |  +12.41% |  9.89e-11 |      
      230 |   0.8518 |  1.818960e+05 |   +3.86% |  1.61e-10 |      
      240 |   0.7919 |  1.954543e+05 |   +7.45% |  2.62e-10 |      
      250 |   0.7451 |  2.279963e+05 |  +16.65% |  4.25e-10 |      
      260 |   0.7046 |  2.576014e+05 |  +12.98% |  6.90e-10 |      
      270 |   0.6530 |  2.642445e+05 |   +2.58% |  1.12e-09 |      
      280 |   0.6036 |  2.798981e+05 |   +5.92% |  1.83e-09 |      
      290 |   0.5490 |  3.078219e+05 |   +9.98% |  2.96e-09 |      
      300 |   0.4881 |  3.357260e+05 |   +9.06% |  4.81e-09 |      
      310 |   0.4376 |  3.470058e+05 |   +3.36% |  7.83e-09 |      
      320 |   0.4002 |  3.438961e+05 |   -0.90% |  1.28e-08 |      
      330 |   0.3600 |  3.492985e+05 |   +1.57% |  2.08e-08 |      
      340 |   0.3219 |  3.559790e+05 |   +1.91% |  3.18e-08 |      
      350 |   0.2902 |  3.563443e+05 |   +0.10% |  4.69e-08 |      
      360 |   0.2609 |  3.582426e+05 |   +0.53% |  6.90e-08 |      
      370 |   0.2332 |  3.567171e+05 |   -0.43% |  1.02e-07 |      
      380 |   0.2072 |  3.586941e+05 |   +0.55% |  1.50e-07 |      
      390 |   0.1842 |  3.600973e+05 |   +0.39% |  2.21e-07 |      
      400 |   0.1615 |  3.615445e+05 |   +0.40% |  3.25e-07 |      
      410 |   0.1395 |  3.628433e+05 |   +0.36% |  4.79e-07 |      
      420 |   0.1207 |  3.641633e+05 |   +0.36% |  7.05e-07 |      
      430 |   0.1036 |  3.655684e+05 |   +0.39% |  1.04e-06 |      
      433 |   0.0984 |  3.659320e+05 |          |  1.21e-06 |      
---------------------------------------------------------------
[INFO GPL-1001] Global placement finished at iteration 433
[INFO GPL-1002] Placed Cell Area            72729.1683
[INFO GPL-1003] Available Free Area         190010.9856
[INFO GPL-1004] Minimum Feasible Density        0.3900 (cell_area / free_area)
[INFO GPL-1006]   Suggested Target Densities:
[INFO GPL-1007]     - For 90% usage of free space: 0.4253
[INFO GPL-1008]     - For 80% usage of free space: 0.4785
[INFO GPL-1009]     - For 50% usage of free space: 0.7655
[INFO GPL-1014] Final placement area: 72729.17 (+0.00%)
Took 42 seconds: global_placement -skip_io -density 0.5219999885559082 -pad_left 0 -pad_right 0
Design area 200838 um^2 60% utilization.
write_db /root/cac_runs/ntt_packed_20ns/results/sky130hd/cac_ntt_packed_20ns/base/3_1_place_gp_skip_io.odb
Elapsed time: 0:41.50[h:]min:sec. CPU time: user 256.97 sys 0.09 (619%). Peak memory: 155764KB.
Log                       Ext     Elapsed/s Peak Memory/MB sha1sum result [0:20)
3_1_place_gp_skip_io      .odb           41            152 97638b63a3950a7db118
