OpenROAD f552262465b0bfef8f097e258f94bc501d01e19d 
Features included (+) or not (-): +GPU +GUI +Python
This program is licensed under the BSD-3 license. See the LICENSE file for details.
Components of this program may be licensed under more restrictive licenses which must be honored.
[INFO ORD-0030] Using 12 thread(s).
read_liberty /opt/eda/orfs-6101364b/flow/platforms/sky130hd/lib/sky130_fd_sc_hd__tt_025C_1v80.lib
read_liberty /mnt/d/TKVM_ATTT_2026_test/codeachip_packed/flow/macros/sky130_sram_1rw_24x128_TT_1p8V_25C.lib
read_db /root/cac_runs/ntt_packed_20ns/results/sky130hd/cac_ntt_packed_20ns/base/3_place.odb
read_sdc /root/cac_runs/ntt_packed_20ns/results/sky130hd/cac_ntt_packed_20ns/base/3_place.sdc
source /opt/eda/orfs-6101364b/flow/platforms/sky130hd/setRC.tcl
clock_tree_synthesis -sink_clustering_enable -repair_clock_nets
[INFO CTS-0050] Root buffer is sky130_fd_sc_hd__clkbuf_16.
[INFO CTS-0051] Sink buffer is sky130_fd_sc_hd__clkbuf_16.
[INFO CTS-0052] The following clock buffers will be used for CTS:
                    sky130_fd_sc_hd__clkbuf_16
[INFO CTS-0049] Characterization buffer is sky130_fd_sc_hd__clkbuf_16.
[INFO CTS-0007] Net "clk" found for clock "clk".
[INFO CTS-0011]  Clock net "clk" for macros has 1 sinks.
[INFO CTS-0011]  Clock net "clk_regs" for registers has 551 sinks.
[INFO CTS-0008] TritonCTS found 2 clock nets.
[INFO CTS-0097] Characterization used 1 buffer(s) types.
[INFO CTS-0201] 1 blockages from hard placement blockages and placed macros will be used.
[INFO CTS-0027] Generating H-Tree topology for net clk.
[INFO CTS-0028]  Total number of sinks: 1.
[INFO CTS-0029]  Macro  sinks will be clustered in groups of up to 4 and with maximum cluster diameter of 1281.3 um.
[INFO CTS-0030]  Number of static layers: 0.
[INFO CTS-0020]  Wire segment unit: 13600  dbu (13 um).
[INFO CTS-0023]  Original sink region: [(60520, 111310), (60520, 111310)].
[INFO CTS-0024]  Normalized sink region: [(4.45, 8.18456), (4.45, 8.18456)].
[INFO CTS-0025]     Width:  0.0000.
[INFO CTS-0026]     Height: 0.0000.
 Level 1
    Direction: Vertical
    Sinks per sub-region: 1
    Sub-region size: 0.0000 X 0.0000
[INFO CTS-0034]     Segment length (rounded): 1.
[INFO CTS-0038]  Stop criterion found. Sink region hpwl is smaller than max wirelength (1911.535 um) and max number of sinks is 15.
[INFO CTS-0035]  Number of sinks covered: 1.
[INFO CTS-0201] 1 blockages from hard placement blockages and placed macros will be used.
[INFO CTS-0027] Generating H-Tree topology for net clk_regs.
[INFO CTS-0028]  Total number of sinks: 551.
[INFO CTS-0090]  Sinks will be clustered based on buffer max cap.
[INFO CTS-0030]  Number of static layers: 0.
[INFO CTS-0020]  Wire segment unit: 13600  dbu (13 um).
[INFO CTS-0206] Best clustering solution was found from max clustering size of 15 and max clustering diameter of 52.
[INFO CTS-0019]  Total number of sinks after clustering: 48.
[INFO CTS-0024]  Normalized sink region: [(3.86001, 19.6458), (51.5057, 33.3773)].
[INFO CTS-0025]     Width:  47.6457.
[INFO CTS-0026]     Height: 13.7315.
 Level 1
    Direction: Horizontal
    Sinks per sub-region: 24
    Sub-region size: 23.8229 X 13.7315
[INFO CTS-0034]     Segment length (rounded): 12.
 Level 2
    Direction: Vertical
    Sinks per sub-region: 12
    Sub-region size: 23.8229 X 6.8657
[INFO CTS-0034]     Segment length (rounded): 4.
[INFO CTS-0038]  Stop criterion found. Sink region hpwl is smaller than max wirelength (1911.535 um) and max number of sinks is 15.
[INFO CTS-0035]  Number of sinks covered: 48.
[INFO CTS-0018]     Created 2 clock buffers.
[INFO CTS-0012]     Minimum number of buffers in the clock path: 2.
[INFO CTS-0013]     Maximum number of buffers in the clock path: 2.
[INFO CTS-0015]     Created 2 clock nets.
[INFO CTS-0016]     Fanout distribution for the current clock = 1:1..
[INFO CTS-0017]     Max level of the clock tree: 1.
[INFO CTS-0018]     Created 53 clock buffers.
[INFO CTS-0012]     Minimum number of buffers in the clock path: 3.
[INFO CTS-0013]     Maximum number of buffers in the clock path: 3.
[INFO CTS-0015]     Created 53 clock nets.
[INFO CTS-0016]     Fanout distribution for the current clock = 8:1, 9:6, 10:6, 11:14, 12:12, 13:6, 14:4, 15:3..
[INFO CTS-0017]     Max level of the clock tree: 2.
[INFO CTS-0124] Clock net "clk"
[INFO CTS-0125]  Sinks 1
[INFO CTS-0098] Clock net "clk_regs"
[INFO CTS-0099]  Sinks 597
[INFO CTS-0100]  Leaf buffers 48
[INFO CTS-0101]  Average sink wire length 324.63 um
[INFO CTS-0102]  Path depth 2 - 3
[INFO CTS-0207]  Dummy loads inserted 46
[INFO CTS-0033] Balancing latency for clock clk
[INFO CTS-0036]  inserted 4 delay buffers
[INFO CTS-0037] Total number of delay buffers: 4
[INFO CTS-0500] Runtime: 1.17s
estimate_parasitics -placement
detailed_placement
[INFO DPL-0006] Core area: 331968.38 um^2
[INFO DPL-0007] Movable instances area: 70605.22 um^2
[INFO DPL-0008] Fixed instances area within core: 135393.10 um^2
[INFO DPL-0009] Utilization: 62.1%
[INFO DPL-0005] Diamond search max displacement: +/- 500 sites horizontally, +/- 100 rows vertically.
[INFO DPL-1102] Legalizing using negotiation legalizer.
[INFO DPL-1103] Negotiation base search window: +/-20 sites horizontally, +/-5 rows vertically 
	Automatic search window extension enabled.
	Search window extendable up to the max displacement cap of +/-500 sites, +/-100 rows near walls.
[INFO DPL-1104] NegotiationLegalizer DRC penalty: 5.
[INFO DPL-0392] Negotiation cell height distribution (2 unique row-count(s)):
[INFO DPL-0393]   height 1 row(s): 10455 cells
[INFO DPL-0393]   height 76 row(s): 1 cells
          |      Total |  Illegal |  Illegal
Iteration | Violations |    Cells |    Sites
---------------------------------------------
        0 |          4 |         2 |         2
        1 |          0 |         0 |         0
Negotiation phase 1 converged at iteration 1.
[INFO DPL-0500] Runtime: 0.06s
Placement Analysis
---------------------------------
total displacement       9150.9 u
average displacement        0.9 u
max displacement           19.2 u
original HPWL          304004.5 u
legalized HPWL         308410.1 u
delta HPWL                    1 %

estimate_parasitics -placement
Warning: master sky130_ef_sc_hd__decap_12 has signal pins but no liberty cell
repair_timing -setup_margin 0 -hold_margin 0 -repair_tns 100 -match_cell_footprint -verbose
[INFO RSZ-0100] Repair move sequence: UnbufferMove SizeUpMove SwapPinsMove BufferMove CloneMove SplitLoadMove 
[INFO RSZ-0098] No setup violations found
[INFO RSZ-0505] Runtime: 0.29s
[INFO RSZ-0033] No hold violations found.
[INFO RSZ-0506] Runtime: 0.05s
Warning: master sky130_ef_sc_hd__decap_12 has signal pins but no liberty cell
Repair timing output passed lec test
detailed_placement
[INFO DPL-0006] Core area: 331968.38 um^2
[INFO DPL-0007] Movable instances area: 70605.22 um^2
[INFO DPL-0008] Fixed instances area within core: 135393.10 um^2
[INFO DPL-0009] Utilization: 62.1%
[INFO DPL-0005] Diamond search max displacement: +/- 500 sites horizontally, +/- 100 rows vertically.
[INFO DPL-1102] Legalizing using negotiation legalizer.
[INFO DPL-1103] Negotiation base search window: +/-20 sites horizontally, +/-5 rows vertically 
	Automatic search window extension enabled.
	Search window extendable up to the max displacement cap of +/-500 sites, +/-100 rows near walls.
[INFO DPL-1104] NegotiationLegalizer DRC penalty: 5.
[INFO DPL-0392] Negotiation cell height distribution (2 unique row-count(s)):
[INFO DPL-0393]   height 1 row(s): 10455 cells
[INFO DPL-0393]   height 76 row(s): 1 cells
[INFO DPL-0500] Runtime: 0.05s
Placement Analysis
---------------------------------
total displacement          0.0 u
average displacement        0.0 u
max displacement            0.0 u
original HPWL          308410.1 u
legalized HPWL         308410.1 u
delta HPWL                    0 %

estimate_parasitics -placement
Report metrics stage 4, cts final...

==========================================================================
cts final report_design_area
--------------------------------------------------------------------------
Design area 205998 um^2 62% utilization.
write_db /root/cac_runs/ntt_packed_20ns/results/sky130hd/cac_ntt_packed_20ns/base/4_1_cts.odb
write_sdc -no_timestamp /root/cac_runs/ntt_packed_20ns/results/sky130hd/cac_ntt_packed_20ns/base/4_cts.sdc
Elapsed time: 0:07.12[h:]min:sec. CPU time: user 10.42 sys 2.87 (186%). Peak memory: 208388KB.
Log                       Ext     Elapsed/s Peak Memory/MB sha1sum result [0:20)
4_1_cts                   .odb            7            203 e4b466669bb0df6c6e79
