OpenROAD f552262465b0bfef8f097e258f94bc501d01e19d 
Features included (+) or not (-): +GPU +GUI +Python
This program is licensed under the BSD-3 license. See the LICENSE file for details.
Components of this program may be licensed under more restrictive licenses which must be honored.
[INFO ORD-0030] Using 12 thread(s).
read_liberty /opt/eda/orfs-6101364b/flow/platforms/sky130hd/lib/sky130_fd_sc_hd__tt_025C_1v80.lib
read_liberty /mnt/d/TKVM_ATTT_2026_test/codeachip_packed/flow/macros/sky130_sram_1rw_24x128_TT_1p8V_25C.lib
read_db /root/cac_runs/ntt_packed_20ns/results/sky130hd/cac_ntt_packed_20ns/base/5_1_grt.odb
read_sdc /root/cac_runs/ntt_packed_20ns/results/sky130hd/cac_ntt_packed_20ns/base/5_1_grt.sdc
source /opt/eda/orfs-6101364b/flow/platforms/sky130hd/setRC.tcl
detailed_route -output_drc /root/cac_runs/ntt_packed_20ns/reports/sky130hd/cac_ntt_packed_20ns/base/5_route_drc.rpt -output_maze /root/cac_runs/ntt_packed_20ns/results/sky130hd/cac_ntt_packed_20ns/base/maze.log -droute_end_iter 64 -verbose 1 -drc_report_iter_step 5
[INFO DRT-0149] Reading tech and libs.
[WARNING DRT-0349] LEF58_ENCLOSURE with no CUTCLASS is not supported. Skipping for layer mcon
[WARNING DRT-0349] LEF58_ENCLOSURE with no CUTCLASS is not supported. Skipping for layer mcon
[WARNING DRT-0349] LEF58_ENCLOSURE with no CUTCLASS is not supported. Skipping for layer via
[WARNING DRT-0349] LEF58_ENCLOSURE with no CUTCLASS is not supported. Skipping for layer via
[WARNING DRT-0349] LEF58_ENCLOSURE with no CUTCLASS is not supported. Skipping for layer via2
[WARNING DRT-0349] LEF58_ENCLOSURE with no CUTCLASS is not supported. Skipping for layer via2
[WARNING DRT-0349] LEF58_ENCLOSURE with no CUTCLASS is not supported. Skipping for layer via3
[WARNING DRT-0349] LEF58_ENCLOSURE with no CUTCLASS is not supported. Skipping for layer via3
[WARNING DRT-0349] LEF58_ENCLOSURE with no CUTCLASS is not supported. Skipping for layer via4
[WARNING DRT-0349] LEF58_ENCLOSURE with no CUTCLASS is not supported. Skipping for layer via4

Units:                1000
Number of layers:     13
Number of macros:     442
Number of vias:       30
Number of viarulegen: 25

[INFO DRT-0150] Reading design.

Design:                   kyber_ntt_engine_packed
Die area:                 ( 0 0 ) ( 760000 470000 )
Number of track patterns: 12
Number of DEF vias:       0
Number of components:     10635
Number of terminals:      57
Number of snets:          2
Number of nets:           8615

[WARNING DRT-0418] Term u_sram.u_macro/din0[0] has no pins on routing grid
[WARNING DRT-0418] Term u_sram.u_macro/din0[3] has no pins on routing grid
[WARNING DRT-0418] Term u_sram.u_macro/din0[6] has no pins on routing grid
[WARNING DRT-0418] Term u_sram.u_macro/din0[8] has no pins on routing grid
[WARNING DRT-0418] Term u_sram.u_macro/din0[9] has no pins on routing grid
[WARNING DRT-0418] Term u_sram.u_macro/din0[11] has no pins on routing grid
[WARNING DRT-0418] Term u_sram.u_macro/din0[12] has no pins on routing grid
[WARNING DRT-0418] Term u_sram.u_macro/din0[14] has no pins on routing grid
[WARNING DRT-0418] Term u_sram.u_macro/din0[15] has no pins on routing grid
[WARNING DRT-0418] Term u_sram.u_macro/din0[17] has no pins on routing grid
[WARNING DRT-0418] Term u_sram.u_macro/din0[18] has no pins on routing grid
[WARNING DRT-0418] Term u_sram.u_macro/din0[20] has no pins on routing grid
[WARNING DRT-0418] Term u_sram.u_macro/din0[21] has no pins on routing grid
[WARNING DRT-0418] Term u_sram.u_macro/din0[23] has no pins on routing grid
[WARNING DRT-0418] Term u_sram.u_macro/addr0[0] has no pins on routing grid
[WARNING DRT-0418] Term u_sram.u_macro/addr0[1] has no pins on routing grid
[WARNING DRT-0418] Term u_sram.u_macro/addr0[5] has no pins on routing grid
[WARNING DRT-0418] Term u_sram.u_macro/addr0[6] has no pins on routing grid
[WARNING DRT-0418] Term u_sram.u_macro/addr0[7] has no pins on routing grid
[WARNING DRT-0418] Term u_sram.u_macro/web0 has no pins on routing grid
[WARNING DRT-0418] Term u_sram.u_macro/wmask0[0] has no pins on routing grid
[WARNING DRT-0418] Term u_sram.u_macro/wmask0[1] has no pins on routing grid
[WARNING DRT-0418] Term u_sram.u_macro/dout0[2] has no pins on routing grid
[WARNING DRT-0418] Term u_sram.u_macro/dout0[3] has no pins on routing grid
[WARNING DRT-0418] Term u_sram.u_macro/dout0[4] has no pins on routing grid
[WARNING DRT-0418] Term u_sram.u_macro/dout0[7] has no pins on routing grid
[WARNING DRT-0418] Term u_sram.u_macro/dout0[11] has no pins on routing grid
[WARNING DRT-0418] Term u_sram.u_macro/dout0[12] has no pins on routing grid
[WARNING DRT-0418] Term u_sram.u_macro/dout0[14] has no pins on routing grid
[WARNING DRT-0418] Term u_sram.u_macro/dout0[15] has no pins on routing grid
[WARNING DRT-0418] Term u_sram.u_macro/dout0[16] has no pins on routing grid
[WARNING DRT-0418] Term u_sram.u_macro/dout0[18] has no pins on routing grid
[WARNING DRT-0418] Term u_sram.u_macro/dout0[19] has no pins on routing grid
[INFO DRT-0167] List of default vias:
  Layer via
    default via: M1M2_PR
  Layer via2
    default via: M2M3_PR
  Layer via3
    default via: M3M4_PR
  Layer via4
    default via: M4M5_PR
[INFO DRT-0162] Library cell analysis.
[INFO DRT-0163] Instance analysis.
[INFO DRT-0164] Number of unique instances = 278.
[INFO DRT-0168] Init region query.
[INFO DRT-0024]   Complete FR_MASTERSLICE.
[INFO DRT-0024]   Complete Fr_VIA.
[INFO DRT-0024]   Complete li1.
[INFO DRT-0024]   Complete mcon.
[INFO DRT-0024]   Complete met1.
[INFO DRT-0024]   Complete via.
[INFO DRT-0024]   Complete met2.
[INFO DRT-0024]   Complete via2.
[INFO DRT-0024]   Complete met3.
[INFO DRT-0024]   Complete via3.
[INFO DRT-0024]   Complete met4.
[INFO DRT-0024]   Complete via4.
[INFO DRT-0024]   Complete met5.
[INFO DRT-0033] FR_MASTERSLICE shape region query size = 0.
[INFO DRT-0033] FR_VIA shape region query size = 0.
[INFO DRT-0033] li1 shape region query size = 235168.
[INFO DRT-0033] mcon shape region query size = 129374.
[INFO DRT-0033] met1 shape region query size = 39307.
[INFO DRT-0033] via shape region query size = 13050.
[INFO DRT-0033] met2 shape region query size = 7857.
[INFO DRT-0033] via2 shape region query size = 10440.
[INFO DRT-0033] met3 shape region query size = 7885.
[INFO DRT-0033] via3 shape region query size = 10440.
[INFO DRT-0033] met4 shape region query size = 3375.
[INFO DRT-0033] via4 shape region query size = 537.
[INFO DRT-0033] met5 shape region query size = 603.
[INFO DRT-0165] Start pin access.
[INFO DRT-0076]   Complete 1000 pins.
[INFO DRT-0076]   Complete 2000 pins.
[INFO DRT-0078]   Complete 2319 pins.
[INFO DRT-0079]   Complete 100 unique inst patterns.
[INFO DRT-0079]   Complete 200 unique inst patterns.
[INFO DRT-0081]   Complete 277 unique inst patterns.
[INFO DRT-0084]   Complete 5388 groups.
#scanned instances     = 10635
#unique  instances     = 278
#stdCellGenAp          = 9816
#stdCellValidPlanarAp  = 115
#stdCellValidViaAp     = 6725
#stdCellPinNoAp        = 6
#stdCellPinCnt         = 30308
#instTermValidViaApCnt = 0
#macroGenAp            = 123
#macroValidPlanarAp    = 102
#macroValidViaAp       = 0
#macroNoAp             = 0
[INFO DRT-0166] Complete pin access.
[INFO DRT-0267] cpu time = 00:05:30, elapsed time = 00:00:38, memory = 314.03 (MB), peak = 313.40 (MB)

[INFO DRT-0157] Number of guides:     71789

[INFO DRT-0169] Post process guides.
[INFO DRT-0176] GCELLGRID X 0 DO 110 STEP 6900 ;
[INFO DRT-0177] GCELLGRID Y 0 DO 68 STEP 6900 ;
[INFO DRT-0028]   Complete FR_MASTERSLICE.
[INFO DRT-0028]   Complete Fr_VIA.
[INFO DRT-0028]   Complete li1.
[INFO DRT-0028]   Complete mcon.
[INFO DRT-0028]   Complete met1.
[INFO DRT-0028]   Complete via.
[INFO DRT-0028]   Complete met2.
[INFO DRT-0028]   Complete via2.
[INFO DRT-0028]   Complete met3.
[INFO DRT-0028]   Complete via3.
[INFO DRT-0028]   Complete met4.
[INFO DRT-0028]   Complete via4.
[INFO DRT-0028]   Complete met5.
[INFO DRT-0178] Init guide query.
[INFO DRT-0035]   Complete FR_MASTERSLICE (guide).
[INFO DRT-0035]   Complete Fr_VIA (guide).
[INFO DRT-0035]   Complete li1 (guide).
[INFO DRT-0035]   Complete mcon (guide).
[INFO DRT-0035]   Complete met1 (guide).
[INFO DRT-0035]   Complete via (guide).
[INFO DRT-0035]   Complete met2 (guide).
[INFO DRT-0035]   Complete via2 (guide).
[INFO DRT-0035]   Complete met3 (guide).
[INFO DRT-0035]   Complete via3 (guide).
[INFO DRT-0035]   Complete met4 (guide).
[INFO DRT-0035]   Complete via4 (guide).
[INFO DRT-0035]   Complete met5 (guide).
[INFO DRT-0036] FR_MASTERSLICE guide region query size = 0.
[INFO DRT-0036] FR_VIA guide region query size = 0.
[INFO DRT-0036] li1 guide region query size = 24174.
[INFO DRT-0036] mcon guide region query size = 0.
[INFO DRT-0036] met1 guide region query size = 21236.
[INFO DRT-0036] via guide region query size = 0.
[INFO DRT-0036] met2 guide region query size = 10437.
[INFO DRT-0036] via2 guide region query size = 0.
[INFO DRT-0036] met3 guide region query size = 1609.
[INFO DRT-0036] via3 guide region query size = 0.
[INFO DRT-0036] met4 guide region query size = 480.
[INFO DRT-0036] via4 guide region query size = 0.
[INFO DRT-0036] met5 guide region query size = 61.
[INFO DRT-0179] Init gr pin query.
[INFO DRT-0267] cpu time = 00:00:00, elapsed time = 00:00:00, memory = 337.84 (MB), peak = 336.84 (MB)
[INFO DRT-0245] skipped writing guide updates to database.
[INFO DRT-0181] Start track assignment.
[INFO DRT-0184] Done with 35091 vertical wires in 3 frboxes and 22906 horizontal wires in 2 frboxes.
[INFO DRT-0186] Done with 4400 vertical wires in 3 frboxes and 10385 horizontal wires in 2 frboxes.
[INFO DRT-0182] Complete track assignment.
[INFO DRT-0267] cpu time = 00:00:04, elapsed time = 00:00:02, memory = 519.88 (MB), peak = 518.71 (MB)
[INFO DRT-0187] Start routing data preparation.
[INFO DRT-0267] cpu time = 00:00:00, elapsed time = 00:00:00, memory = 519.88 (MB), peak = 518.71 (MB)
[INFO DRT-0194] Start detail routing.
[INFO DRT-0195] Start 0th optimization iteration.
    Completing 10% with 0 violations.
    elapsed time = 00:00:02, memory = 876.01 (MB).
    Completing 20% with 0 violations.
    elapsed time = 00:00:13, memory = 1151.49 (MB).
    Completing 30% with 3718 violations.
    elapsed time = 00:00:34, memory = 995.71 (MB).
    Completing 40% with 3718 violations.
    elapsed time = 00:00:46, memory = 1221.31 (MB).
    Completing 50% with 3718 violations.
    elapsed time = 00:01:14, memory = 1029.26 (MB).
    Completing 60% with 7303 violations.
    elapsed time = 00:01:22, memory = 1318.16 (MB).
    Completing 70% with 7303 violations.
    elapsed time = 00:01:54, memory = 1400.54 (MB).
    Completing 80% with 10649 violations.
    elapsed time = 00:02:23, memory = 1240.99 (MB).
    Completing 90% with 10649 violations.
    elapsed time = 00:02:42, memory = 1428.18 (MB).
    Completing 100% with 14175 violations.
    elapsed time = 00:03:23, memory = 1142.47 (MB).
[INFO DRT-0199]   Number of violations = 15186.
Viol/Layer         li1   mcon   met1    via   met2   met3   met4   via4   met5
Cut Spacing          0     16      0      1      0      0      0      0      0
Metal Spacing        0      0   1792      0    483    256     20      0     23
Min Hole             0      0     13      0      0      0      0      0      0
Recheck              7      0    605      0    263     83     28      0     25
Short                0      1  10305      7    921    308      8      1     20
[INFO DRT-0267] cpu time = 00:18:35, elapsed time = 00:03:24, memory = 1419.45 (MB), peak = 1512.29 (MB)
Total wire length = 425848 um.
Total wire length on LAYER li1 = 0 um.
Total wire length on LAYER met1 = 187749 um.
Total wire length on LAYER met2 = 131179 um.
Total wire length on LAYER met3 = 84914 um.
Total wire length on LAYER met4 = 16508 um.
Total wire length on LAYER met5 = 5495 um.
Total number of vias = 70947.
Up-via summary (total 70947):

------------------------
 FR_MASTERSLICE        0
            li1    29502
           met1    35807
           met2     4724
           met3      804
           met4      110
------------------------
               70947


[INFO DRT-0195] Start 1st optimization iteration.
    Completing 10% with 15186 violations.
    elapsed time = 00:00:01, memory = 1606.91 (MB).
    Completing 20% with 15186 violations.
    elapsed time = 00:00:32, memory = 1752.25 (MB).
    Completing 30% with 14378 violations.
    elapsed time = 00:00:58, memory = 1497.11 (MB).
    Completing 40% with 14378 violations.
    elapsed time = 00:01:05, memory = 1649.79 (MB).
    Completing 50% with 14378 violations.
    elapsed time = 00:01:42, memory = 1438.23 (MB).
    Completing 60% with 13547 violations.
    elapsed time = 00:01:44, memory = 1711.96 (MB).
    Completing 70% with 13547 violations.
    elapsed time = 00:02:01, memory = 1736.16 (MB).
    Completing 80% with 12061 violations.
    elapsed time = 00:02:16, memory = 1568.88 (MB).
    Completing 90% with 12061 violations.
    elapsed time = 00:02:19, memory = 1728.21 (MB).
    Completing 100% with 11127 violations.
    elapsed time = 00:03:00, memory = 1448.07 (MB).
[INFO DRT-0199]   Number of violations = 11131.
Viol/Layer        mcon   met1    via   met2   via2   met3   met4   met5
Cut Spacing         26      0      0      0      1      0      0      0
Metal Spacing        0   1327      0    296      0    152      0      2
Min Hole             0      0      0      1      0      0      0      0
Recheck              0      3      0      1      0      0      0      0
Short                0   8594      2    623      0     97      2      4
[INFO DRT-0267] cpu time = 00:17:31, elapsed time = 00:03:01, memory = 1451.07 (MB), peak = 1885.82 (MB)
Total wire length = 422456 um.
Total wire length on LAYER li1 = 0 um.
Total wire length on LAYER met1 = 184741 um.
Total wire length on LAYER met2 = 130119 um.
Total wire length on LAYER met3 = 85803 um.
Total wire length on LAYER met4 = 16389 um.
Total wire length on LAYER met5 = 5403 um.
Total number of vias = 70348.
Up-via summary (total 70348):

------------------------
 FR_MASTERSLICE        0
            li1    29471
           met1    35149
           met2     4829
           met3      797
           met4      102
------------------------
               70348


[INFO DRT-0195] Start 2nd optimization iteration.
    Completing 10% with 11131 violations.
    elapsed time = 00:00:03, memory = 1655.19 (MB).
    Completing 20% with 11131 violations.
    elapsed time = 00:00:19, memory = 1773.45 (MB).
    Completing 30% with 10888 violations.
    elapsed time = 00:00:50, memory = 1557.85 (MB).
    Completing 40% with 10888 violations.
    elapsed time = 00:01:07, memory = 1604.48 (MB).
    Completing 50% with 10888 violations.
    elapsed time = 00:01:41, memory = 1450.10 (MB).
    Completing 60% with 10831 violations.
    elapsed time = 00:01:48, memory = 1688.59 (MB).
    Completing 70% with 10831 violations.
    elapsed time = 00:02:09, memory = 1740.18 (MB).
    Completing 80% with 10598 violations.
    elapsed time = 00:02:23, memory = 1616.18 (MB).
    Completing 90% with 10598 violations.
    elapsed time = 00:02:30, memory = 1756.42 (MB).
    Completing 100% with 10374 violations.
    elapsed time = 00:03:12, memory = 1452.96 (MB).
[INFO DRT-0199]   Number of violations = 10377.
Viol/Layer        mcon   met1    via   met2   via2   met3   met4   met5
Cut Spacing         12      0      1      0      1      0      0      0
Metal Spacing        0   1345      0    277      0    140      0      0
Recheck              0      3      0      0      0      0      0      0
Short                0   7942      4    596      0     52      3      1
[INFO DRT-0267] cpu time = 00:16:42, elapsed time = 00:03:12, memory = 1443.07 (MB), peak = 1885.82 (MB)
Total wire length = 421513 um.
Total wire length on LAYER li1 = 0 um.
Total wire length on LAYER met1 = 184553 um.
Total wire length on LAYER met2 = 129668 um.
Total wire length on LAYER met3 = 85491 um.
Total wire length on LAYER met4 = 16453 um.
Total wire length on LAYER met5 = 5345 um.
Total number of vias = 70033.
Up-via summary (total 70033):

------------------------
 FR_MASTERSLICE        0
            li1    29498
           met1    34980
           met2     4714
           met3      741
           met4      100
------------------------
               70033


[INFO DRT-0195] Start 3rd optimization iteration.
    Completing 10% with 10377 violations.
    elapsed time = 00:00:01, memory = 1636.85 (MB).
    Completing 20% with 10377 violations.
    elapsed time = 00:00:33, memory = 1742.79 (MB).
    Completing 30% with 8710 violations.
    elapsed time = 00:01:37, memory = 1469.39 (MB).
    Completing 40% with 8710 violations.
    elapsed time = 00:01:54, memory = 1650.51 (MB).
    Completing 50% with 8710 violations.
    elapsed time = 00:02:39, memory = 1446.70 (MB).
    Completing 60% with 7142 violations.
    elapsed time = 00:02:46, memory = 1686.67 (MB).
    Completing 70% with 7142 violations.
    elapsed time = 00:03:10, memory = 1753.84 (MB).
    Completing 80% with 5339 violations.
    elapsed time = 00:03:40, memory = 1446.70 (MB).
    Completing 90% with 5339 violations.
    elapsed time = 00:03:48, memory = 1694.44 (MB).
    Completing 100% with 3714 violations.
    elapsed time = 00:04:48, memory = 1449.60 (MB).
[INFO DRT-0199]   Number of violations = 3714.
Viol/Layer        mcon   met1    via   met2   met3   met5
Cut Spacing          7      0      3      0      0      0
Metal Spacing        0    749      0    208     30      0
Min Hole             0      0      0      1      0      0
NS Metal             0      0      0      1      0      0
Short                0   2342      1    347     24      1
[INFO DRT-0267] cpu time = 00:24:47, elapsed time = 00:04:49, memory = 1452.60 (MB), peak = 1885.82 (MB)
Total wire length = 422958 um.
Total wire length on LAYER li1 = 0 um.
Total wire length on LAYER met1 = 170740 um.
Total wire length on LAYER met2 = 130357 um.
Total wire length on LAYER met3 = 98040 um.
Total wire length on LAYER met4 = 18274 um.
Total wire length on LAYER met5 = 5544 um.
Total number of vias = 74194.
Up-via summary (total 74194):

------------------------
 FR_MASTERSLICE        0
            li1    29512
           met1    36447
           met2     7158
           met3      973
           met4      104
------------------------
               74194


[INFO DRT-0195] Start 4th optimization iteration.
    Completing 10% with 3714 violations.
    elapsed time = 00:00:00, memory = 1452.60 (MB).
    Completing 20% with 3714 violations.
    elapsed time = 00:00:05, memory = 1729.16 (MB).
    Completing 30% with 3123 violations.
    elapsed time = 00:00:35, memory = 1452.60 (MB).
    Completing 40% with 3123 violations.
    elapsed time = 00:00:37, memory = 1618.88 (MB).
    Completing 50% with 3123 violations.
    elapsed time = 00:01:25, memory = 1454.81 (MB).
    Completing 60% with 2469 violations.
    elapsed time = 00:01:25, memory = 1454.81 (MB).
    Completing 70% with 2469 violations.
    elapsed time = 00:01:36, memory = 1793.60 (MB).
    Completing 80% with 1988 violations.
    elapsed time = 00:01:51, memory = 1454.81 (MB).
    Completing 90% with 1988 violations.
    elapsed time = 00:01:53, memory = 1707.09 (MB).
    Completing 100% with 1071 violations.
    elapsed time = 00:02:41, memory = 1454.81 (MB).
[INFO DRT-0199]   Number of violations = 1071.
Viol/Layer        mcon   met1   met2   met3
Cut Spacing          3      0      0      0
Metal Spacing        0    248     77      4
Short                0    658     79      2
[INFO DRT-0267] cpu time = 00:09:38, elapsed time = 00:02:41, memory = 1454.81 (MB), peak = 1916.11 (MB)
Total wire length = 422961 um.
Total wire length on LAYER li1 = 0 um.
Total wire length on LAYER met1 = 169207 um.
Total wire length on LAYER met2 = 130057 um.
Total wire length on LAYER met3 = 99203 um.
Total wire length on LAYER met4 = 18947 um.
Total wire length on LAYER met5 = 5546 um.
Total number of vias = 74569.
Up-via summary (total 74569):

------------------------
 FR_MASTERSLICE        0
            li1    29508
           met1    36579
           met2     7342
           met3     1036
           met4      104
------------------------
               74569


[INFO DRT-0195] Start 5th optimization iteration.
    Completing 10% with 1071 violations.
    elapsed time = 00:00:00, memory = 1454.81 (MB).
    Completing 20% with 1071 violations.
    elapsed time = 00:00:01, memory = 1705.27 (MB).
    Completing 30% with 970 violations.
    elapsed time = 00:00:10, memory = 1457.38 (MB).
    Completing 40% with 970 violations.
    elapsed time = 00:00:10, memory = 1457.38 (MB).
    Completing 50% with 970 violations.
    elapsed time = 00:00:30, memory = 1477.96 (MB).
    Completing 60% with 769 violations.
    elapsed time = 00:00:30, memory = 1477.96 (MB).
    Completing 70% with 769 violations.
    elapsed time = 00:00:30, memory = 1477.96 (MB).
    Completing 80% with 524 violations.
    elapsed time = 00:00:50, memory = 1477.96 (MB).
    Completing 90% with 524 violations.
    elapsed time = 00:00:50, memory = 1477.96 (MB).
    Completing 100% with 252 violations.
    elapsed time = 00:01:16, memory = 1477.96 (MB).
[INFO DRT-0199]   Number of violations = 252.
Viol/Layer        mcon   met1   met2
Cut Spacing          1      0      0
Metal Spacing        0     60     12
Short                0    169     10
[INFO DRT-0267] cpu time = 00:04:12, elapsed time = 00:01:17, memory = 1478.09 (MB), peak = 1916.11 (MB)
Total wire length = 422963 um.
Total wire length on LAYER li1 = 0 um.
Total wire length on LAYER met1 = 168889 um.
Total wire length on LAYER met2 = 129737 um.
Total wire length on LAYER met3 = 99337 um.
Total wire length on LAYER met4 = 19449 um.
Total wire length on LAYER met5 = 5549 um.
Total number of vias = 74708.
Up-via summary (total 74708):

------------------------
 FR_MASTERSLICE        0
            li1    29497
           met1    36631
           met2     7390
           met3     1086
           met4      104
------------------------
               74708


[INFO DRT-0195] Start 6th optimization iteration.
    Completing 10% with 252 violations.
    elapsed time = 00:00:00, memory = 1478.09 (MB).
    Completing 20% with 252 violations.
    elapsed time = 00:00:00, memory = 1478.09 (MB).
    Completing 30% with 208 violations.
    elapsed time = 00:00:14, memory = 1478.09 (MB).
    Completing 40% with 208 violations.
    elapsed time = 00:00:14, memory = 1478.09 (MB).
    Completing 50% with 208 violations.
    elapsed time = 00:00:14, memory = 1478.09 (MB).
    Completing 60% with 166 violations.
    elapsed time = 00:00:18, memory = 1478.09 (MB).
    Completing 70% with 166 violations.
    elapsed time = 00:00:18, memory = 1478.09 (MB).
    Completing 80% with 142 violations.
    elapsed time = 00:00:34, memory = 1478.09 (MB).
    Completing 90% with 142 violations.
    elapsed time = 00:00:34, memory = 1478.09 (MB).
    Completing 100% with 110 violations.
    elapsed time = 00:00:44, memory = 1478.09 (MB).
[INFO DRT-0199]   Number of violations = 110.
Viol/Layer        mcon   met1   met2
Cut Spacing          1      0      0
Metal Spacing        0     25      5
Short                0     73      6
[INFO DRT-0267] cpu time = 00:01:54, elapsed time = 00:00:45, memory = 1478.09 (MB), peak = 1916.11 (MB)
Total wire length = 423024 um.
Total wire length on LAYER li1 = 0 um.
Total wire length on LAYER met1 = 168705 um.
Total wire length on LAYER met2 = 129793 um.
Total wire length on LAYER met3 = 99482 um.
Total wire length on LAYER met4 = 19462 um.
Total wire length on LAYER met5 = 5580 um.
Total number of vias = 74750.
Up-via summary (total 74750):

------------------------
 FR_MASTERSLICE        0
            li1    29498
           met1    36638
           met2     7426
           met3     1084
           met4      104
------------------------
               74750


[INFO DRT-0195] Start 7th optimization iteration.
    Completing 10% with 110 violations.
    elapsed time = 00:00:00, memory = 1478.09 (MB).
    Completing 20% with 110 violations.
    elapsed time = 00:00:00, memory = 1478.09 (MB).
    Completing 30% with 91 violations.
    elapsed time = 00:00:07, memory = 1478.09 (MB).
    Completing 40% with 91 violations.
    elapsed time = 00:00:07, memory = 1478.09 (MB).
    Completing 50% with 91 violations.
    elapsed time = 00:00:07, memory = 1478.09 (MB).
    Completing 60% with 71 violations.
    elapsed time = 00:00:08, memory = 1478.09 (MB).
    Completing 70% with 71 violations.
    elapsed time = 00:00:08, memory = 1478.09 (MB).
    Completing 80% with 35 violations.
    elapsed time = 00:00:10, memory = 1478.09 (MB).
    Completing 90% with 35 violations.
    elapsed time = 00:00:10, memory = 1478.09 (MB).
    Completing 100% with 27 violations.
    elapsed time = 00:00:19, memory = 1478.09 (MB).
[INFO DRT-0199]   Number of violations = 27.
Viol/Layer        met1   met2
Metal Spacing       11      1
Short               15      0
[INFO DRT-0267] cpu time = 00:00:30, elapsed time = 00:00:19, memory = 1478.09 (MB), peak = 1916.11 (MB)
Total wire length = 423007 um.
Total wire length on LAYER li1 = 0 um.
Total wire length on LAYER met1 = 168682 um.
Total wire length on LAYER met2 = 129770 um.
Total wire length on LAYER met3 = 99490 um.
Total wire length on LAYER met4 = 19484 um.
Total wire length on LAYER met5 = 5580 um.
Total number of vias = 74745.
Up-via summary (total 74745):

------------------------
 FR_MASTERSLICE        0
            li1    29498
           met1    36634
           met2     7424
           met3     1085
           met4      104
------------------------
               74745


[INFO DRT-0195] Start 8th guides tiles iteration.
    Completing 10% with 27 violations.
    elapsed time = 00:00:00, memory = 1478.09 (MB).
    Completing 20% with 27 violations.
    elapsed time = 00:00:00, memory = 1478.09 (MB).
    Completing 40% with 27 violations.
    elapsed time = 00:00:01, memory = 1478.09 (MB).
    Completing 50% with 27 violations.
    elapsed time = 00:00:05, memory = 1478.09 (MB).
    Completing 70% with 21 violations.
    elapsed time = 00:00:05, memory = 1478.09 (MB).
    Completing 80% with 21 violations.
    elapsed time = 00:00:05, memory = 1478.09 (MB).
    Completing 100% with 21 violations.
    elapsed time = 00:00:05, memory = 1478.09 (MB).
[INFO DRT-0199]   Number of violations = 21.
Viol/Layer        met1
Metal Spacing        3
Short               18
[INFO DRT-0267] cpu time = 00:00:07, elapsed time = 00:00:05, memory = 1478.09 (MB), peak = 1916.11 (MB)
Total wire length = 423007 um.
Total wire length on LAYER li1 = 0 um.
Total wire length on LAYER met1 = 168682 um.
Total wire length on LAYER met2 = 129763 um.
Total wire length on LAYER met3 = 99496 um.
Total wire length on LAYER met4 = 19484 um.
Total wire length on LAYER met5 = 5580 um.
Total number of vias = 74742.
Up-via summary (total 74742):

------------------------
 FR_MASTERSLICE        0
            li1    29498
           met1    36630
           met2     7425
           met3     1085
           met4      104
------------------------
               74742


[INFO DRT-0195] Start 9th guides tiles iteration.
    Completing 30% with 21 violations.
    elapsed time = 00:00:00, memory = 1478.09 (MB).
    Completing 60% with 21 violations.
    elapsed time = 00:00:04, memory = 1478.09 (MB).
    Completing 100% with 12 violations.
    elapsed time = 00:00:05, memory = 1478.09 (MB).
[INFO DRT-0199]   Number of violations = 12.
Viol/Layer        met1
Metal Spacing        1
Short               11
[INFO DRT-0267] cpu time = 00:00:06, elapsed time = 00:00:05, memory = 1478.09 (MB), peak = 1916.11 (MB)
Total wire length = 423006 um.
Total wire length on LAYER li1 = 0 um.
Total wire length on LAYER met1 = 168682 um.
Total wire length on LAYER met2 = 129763 um.
Total wire length on LAYER met3 = 99496 um.
Total wire length on LAYER met4 = 19484 um.
Total wire length on LAYER met5 = 5580 um.
Total number of vias = 74742.
Up-via summary (total 74742):

------------------------
 FR_MASTERSLICE        0
            li1    29498
           met1    36630
           met2     7425
           met3     1085
           met4      104
------------------------
               74742


[INFO DRT-0195] Start 10th guides tiles iteration.
    Completing 100% with 1 violations.
    elapsed time = 00:00:03, memory = 1478.09 (MB).
[INFO DRT-0199]   Number of violations = 1.
Viol/Layer        met1
Metal Spacing        1
[INFO DRT-0267] cpu time = 00:00:02, elapsed time = 00:00:03, memory = 1478.09 (MB), peak = 1916.11 (MB)
Total wire length = 423017 um.
Total wire length on LAYER li1 = 0 um.
Total wire length on LAYER met1 = 168674 um.
Total wire length on LAYER met2 = 129774 um.
Total wire length on LAYER met3 = 99504 um.
Total wire length on LAYER met4 = 19484 um.
Total wire length on LAYER met5 = 5580 um.
Total number of vias = 74749.
Up-via summary (total 74749):

------------------------
 FR_MASTERSLICE        0
            li1    29498
           met1    36635
           met2     7427
           met3     1085
           met4      104
------------------------
               74749


[INFO DRT-0195] Start 11th guides tiles iteration.
    Completing 100% with 1 violations.
    elapsed time = 00:00:00, memory = 1478.09 (MB).
[INFO DRT-0199]   Number of violations = 1.
Viol/Layer        met1
Metal Spacing        1
[INFO DRT-0267] cpu time = 00:00:00, elapsed time = 00:00:00, memory = 1478.09 (MB), peak = 1916.11 (MB)
Total wire length = 423017 um.
Total wire length on LAYER li1 = 0 um.
Total wire length on LAYER met1 = 168674 um.
Total wire length on LAYER met2 = 129774 um.
Total wire length on LAYER met3 = 99504 um.
Total wire length on LAYER met4 = 19484 um.
Total wire length on LAYER met5 = 5580 um.
Total number of vias = 74749.
Up-via summary (total 74749):

------------------------
 FR_MASTERSLICE        0
            li1    29498
           met1    36635
           met2     7427
           met3     1085
           met4      104
------------------------
               74749


[INFO DRT-0195] Start 12th stubborn tiles iteration.
    Completing 10% with 1 violations.
    elapsed time = 00:00:07, memory = 1911.31 (MB).
    Completing 20% with 1 violations.
    elapsed time = 00:00:11, memory = 1897.97 (MB).
    Completing 30% with 1 violations.
    elapsed time = 00:00:18, memory = 1964.36 (MB).
    Completing 40% with 1 violations.
    elapsed time = 00:00:22, memory = 2093.10 (MB).
    Completing 50% with 1 violations.
    elapsed time = 00:00:25, memory = 2217.18 (MB).
    Completing 60% with 1 violations.
    elapsed time = 00:00:28, memory = 2246.55 (MB).
    Completing 70% with 1 violations.
    elapsed time = 00:00:34, memory = 2340.86 (MB).
    Completing 80% with 1 violations.
    elapsed time = 00:00:37, memory = 2244.97 (MB).
    Completing 90% with 1 violations.
    elapsed time = 00:00:43, memory = 2087.54 (MB).
    Completing 100% with 0 violations.
    elapsed time = 00:00:55, memory = 1913.72 (MB).
[INFO DRT-0199]   Number of violations = 0.
[INFO DRT-0267] cpu time = 00:06:48, elapsed time = 00:00:55, memory = 1913.72 (MB), peak = 2413.32 (MB)
Total wire length = 423017 um.
Total wire length on LAYER li1 = 0 um.
Total wire length on LAYER met1 = 168675 um.
Total wire length on LAYER met2 = 129773 um.
Total wire length on LAYER met3 = 99504 um.
Total wire length on LAYER met4 = 19484 um.
Total wire length on LAYER met5 = 5580 um.
Total number of vias = 74747.
Up-via summary (total 74747):

------------------------
 FR_MASTERSLICE        0
            li1    29498
           met1    36633
           met2     7427
           met3     1085
           met4      104
------------------------
               74747


[INFO DRT-0198] Complete detail routing.
Total wire length = 423017 um.
Total wire length on LAYER li1 = 0 um.
Total wire length on LAYER met1 = 168675 um.
Total wire length on LAYER met2 = 129773 um.
Total wire length on LAYER met3 = 99504 um.
Total wire length on LAYER met4 = 19484 um.
Total wire length on LAYER met5 = 5580 um.
Total number of vias = 74747.
Up-via summary (total 74747):

------------------------
 FR_MASTERSLICE        0
            li1    29498
           met1    36633
           met2     7427
           met3     1085
           met4      104
------------------------
               74747


[INFO DRT-0267] cpu time = 01:40:59, elapsed time = 00:20:41, memory = 1913.72 (MB), peak = 2413.32 (MB)

[INFO DRT-0180] Post processing.
[INFO DRT-0501] Runtime: 1226.03s
Took 1284 seconds: detailed_route -output_drc /root/cac_runs/ntt_packed_20ns/reports/sky130hd/cac_ntt_packed_20ns/base/5_route_drc.rpt -output_maze /root/cac_runs/ntt_packed_20ns/results/sky130hd/cac_ntt_packed_20ns/base/maze.log -droute_end_iter 64 -verbose 1 -drc_report_iter_step 5
[INFO GRT-0012] Found 26 antenna violations.
[INFO DPL-0006] Core area: 331968.38 um^2
[INFO DPL-0007] Movable instances area: 5.00 um^2
[INFO DPL-0008] Fixed instances area within core: 207632.38 um^2
[INFO DPL-0009] Utilization: 62.5%
[INFO DPL-0005] Diamond search max displacement: +/- 500 sites horizontally, +/- 100 rows vertically.
[INFO DPL-1102] Legalizing using negotiation legalizer.
[INFO DPL-1103] Negotiation base search window: +/-20 sites horizontally, +/-5 rows vertically 
	Automatic search window extension enabled.
	Search window extendable up to the max displacement cap of +/-500 sites, +/-100 rows near walls.
[INFO DPL-1104] NegotiationLegalizer DRC penalty: 5.
[INFO DPL-0392] Negotiation cell height distribution (2 unique row-count(s)):
[INFO DPL-0393]   height 1 row(s): 10666 cells
[INFO DPL-0393]   height 76 row(s): 1 cells
          |      Total |  Illegal |  Illegal
Iteration | Violations |    Cells |    Sites
---------------------------------------------
        0 |          0 |         0 |         0
Negotiation phase 1 converged at iteration 0.
[INFO DPL-0500] Runtime: 0.05s
[INFO GRT-0015] Inserted 32 diodes.
[INFO DRT-0024]   Complete FR_MASTERSLICE.
[INFO DRT-0024]   Complete Fr_VIA.
[INFO DRT-0024]   Complete li1.
[INFO DRT-0024]   Complete mcon.
[INFO DRT-0024]   Complete met1.
[INFO DRT-0024]   Complete via.
[INFO DRT-0024]   Complete met2.
[INFO DRT-0024]   Complete via2.
[INFO DRT-0024]   Complete met3.
[INFO DRT-0024]   Complete via3.
[INFO DRT-0024]   Complete met4.
[INFO DRT-0024]   Complete via4.
[INFO DRT-0024]   Complete met5.
[INFO DRT-0165] Start pin access.
[INFO DRT-0076]   Complete 1000 pins.
[INFO DRT-0076]   Complete 2000 pins.
[INFO DRT-0078]   Complete 2319 pins.
[INFO DRT-0079]   Complete 100 unique inst patterns.
[INFO DRT-0079]   Complete 200 unique inst patterns.
[INFO DRT-0081]   Complete 277 unique inst patterns.
[INFO DRT-0084]   Complete 5390 groups.
#scanned instances     = 10667
#unique  instances     = 278
#stdCellGenAp          = 9816
#stdCellValidPlanarAp  = 115
#stdCellValidViaAp     = 6725
#stdCellPinNoAp        = 6
#stdCellPinCnt         = 30308
#instTermValidViaApCnt = 0
#macroGenAp            = 123
#macroValidPlanarAp    = 102
#macroValidViaAp       = 0
#macroNoAp             = 0
[INFO DRT-0166] Complete pin access.
[INFO DRT-0267] cpu time = 00:05:43, elapsed time = 00:00:39, memory = 1401.48 (MB), peak = 2413.32 (MB)

[INFO DRT-0157] Number of guides:     71468

[INFO DRT-0169] Post process guides.
[INFO DRT-0176] GCELLGRID X 0 DO 110 STEP 6900 ;
[INFO DRT-0177] GCELLGRID Y 0 DO 68 STEP 6900 ;
[INFO DRT-0028]   Complete FR_MASTERSLICE.
[INFO DRT-0028]   Complete Fr_VIA.
[INFO DRT-0028]   Complete li1.
[INFO DRT-0028]   Complete mcon.
[INFO DRT-0028]   Complete met1.
[INFO DRT-0028]   Complete via.
[INFO DRT-0028]   Complete met2.
[INFO DRT-0028]   Complete via2.
[INFO DRT-0028]   Complete met3.
[INFO DRT-0028]   Complete via3.
[INFO DRT-0028]   Complete met4.
[INFO DRT-0028]   Complete via4.
[INFO DRT-0028]   Complete met5.
[INFO DRT-0178] Init guide query.
[INFO DRT-0035]   Complete FR_MASTERSLICE (guide).
[INFO DRT-0035]   Complete Fr_VIA (guide).
[INFO DRT-0035]   Complete li1 (guide).
[INFO DRT-0035]   Complete mcon (guide).
[INFO DRT-0035]   Complete met1 (guide).
[INFO DRT-0035]   Complete via (guide).
[INFO DRT-0035]   Complete met2 (guide).
[INFO DRT-0035]   Complete via2 (guide).
[INFO DRT-0035]   Complete met3 (guide).
[INFO DRT-0035]   Complete via3 (guide).
[INFO DRT-0035]   Complete met4 (guide).
[INFO DRT-0035]   Complete via4 (guide).
[INFO DRT-0035]   Complete met5 (guide).
[INFO DRT-0036] FR_MASTERSLICE guide region query size = 0.
[INFO DRT-0036] FR_VIA guide region query size = 0.
[INFO DRT-0036] li1 guide region query size = 24186.
[INFO DRT-0036] mcon guide region query size = 0.
[INFO DRT-0036] met1 guide region query size = 21238.
[INFO DRT-0036] via guide region query size = 0.
[INFO DRT-0036] met2 guide region query size = 10359.
[INFO DRT-0036] via2 guide region query size = 0.
[INFO DRT-0036] met3 guide region query size = 1503.
[INFO DRT-0036] via3 guide region query size = 0.
[INFO DRT-0036] met4 guide region query size = 429.
[INFO DRT-0036] via4 guide region query size = 0.
[INFO DRT-0036] met5 guide region query size = 47.
[INFO DRT-0179] Init gr pin query.
[INFO DRT-0267] cpu time = 00:00:00, elapsed time = 00:00:00, memory = 1401.48 (MB), peak = 2413.32 (MB)
[INFO DRT-0245] skipped writing guide updates to database.
[INFO DRT-0181] Start track assignment.
[INFO DRT-0184] Done with 34974 vertical wires in 3 frboxes and 22788 horizontal wires in 2 frboxes.
[INFO DRT-0186] Done with 4439 vertical wires in 3 frboxes and 10664 horizontal wires in 2 frboxes.
[INFO DRT-0182] Complete track assignment.
[INFO DRT-0267] cpu time = 00:00:04, elapsed time = 00:00:03, memory = 1401.48 (MB), peak = 2413.32 (MB)
[INFO DRT-0187] Start routing data preparation.
[INFO DRT-0267] cpu time = 00:00:00, elapsed time = 00:00:00, memory = 1401.48 (MB), peak = 2413.32 (MB)
[INFO DRT-0194] Start detail routing.
[INFO DRT-0195] Start 0th optimization iteration.
    Completing 10% with 0 violations.
    elapsed time = 00:00:00, memory = 1555.24 (MB).
    Completing 20% with 0 violations.
    elapsed time = 00:00:03, memory = 1747.57 (MB).
    Completing 30% with 1244 violations.
    elapsed time = 00:00:11, memory = 1516.47 (MB).
    Completing 40% with 1244 violations.
    elapsed time = 00:00:13, memory = 1610.23 (MB).
    Completing 50% with 1244 violations.
    elapsed time = 00:00:20, memory = 1409.29 (MB).
    Completing 60% with 2134 violations.
    elapsed time = 00:00:21, memory = 1647.25 (MB).
    Completing 70% with 2134 violations.
    elapsed time = 00:00:26, memory = 1711.61 (MB).
    Completing 80% with 3134 violations.
    elapsed time = 00:00:36, memory = 1492.52 (MB).
    Completing 90% with 3134 violations.
    elapsed time = 00:00:38, memory = 1681.39 (MB).
    Completing 100% with 3856 violations.
    elapsed time = 00:00:52, memory = 1421.23 (MB).
[INFO DRT-0199]   Number of violations = 4114.
Viol/Layer        mcon   met1   met2   met3   via3   met4   met5
Cut Spacing          1      0      0      0      0      0      0
Metal Spacing        0    203    169     24      0      0      5
Recheck              0    135     82     31      0      5      5
Short                0   2505    799    141      1      8      0
[INFO DRT-0267] cpu time = 00:04:34, elapsed time = 00:00:53, memory = 1520.46 (MB), peak = 2413.32 (MB)
Total wire length = 423299 um.
Total wire length on LAYER li1 = 0 um.
Total wire length on LAYER met1 = 174228 um.
Total wire length on LAYER met2 = 131241 um.
Total wire length on LAYER met3 = 94363 um.
Total wire length on LAYER met4 = 18268 um.
Total wire length on LAYER met5 = 5197 um.
Total number of vias = 74710.
Up-via summary (total 74710):

------------------------
 FR_MASTERSLICE        0
            li1    29534
           met1    36999
           met2     7095
           met3      992
           met4       90
------------------------
               74710


[INFO DRT-0195] Start 1st optimization iteration.
    Completing 10% with 4114 violations.
    elapsed time = 00:00:00, memory = 1714.31 (MB).
    Completing 20% with 4114 violations.
    elapsed time = 00:00:04, memory = 1848.55 (MB).
    Completing 30% with 3649 violations.
    elapsed time = 00:00:17, memory = 1618.72 (MB).
    Completing 40% with 3649 violations.
    elapsed time = 00:00:18, memory = 1766.70 (MB).
    Completing 50% with 3649 violations.
    elapsed time = 00:00:30, memory = 1520.46 (MB).
    Completing 60% with 3268 violations.
    elapsed time = 00:00:32, memory = 1799.21 (MB).
    Completing 70% with 3268 violations.
    elapsed time = 00:00:36, memory = 1862.75 (MB).
    Completing 80% with 2782 violations.
    elapsed time = 00:00:54, memory = 1598.02 (MB).
    Completing 90% with 2782 violations.
    elapsed time = 00:00:55, memory = 1762.61 (MB).
    Completing 100% with 2198 violations.
    elapsed time = 00:01:07, memory = 1531.43 (MB).
[INFO DRT-0199]   Number of violations = 2198.
Viol/Layer        met1   met2   met3   met4
Metal Spacing      144    149     13      0
Short             1464    406     20      2
[INFO DRT-0267] cpu time = 00:04:08, elapsed time = 00:01:07, memory = 1534.42 (MB), peak = 2413.32 (MB)
Total wire length = 422796 um.
Total wire length on LAYER li1 = 0 um.
Total wire length on LAYER met1 = 173439 um.
Total wire length on LAYER met2 = 130984 um.
Total wire length on LAYER met3 = 94895 um.
Total wire length on LAYER met4 = 18282 um.
Total wire length on LAYER met5 = 5194 um.
Total number of vias = 74590.
Up-via summary (total 74590):

------------------------
 FR_MASTERSLICE        0
            li1    29536
           met1    36852
           met2     7130
           met3      982
           met4       90
------------------------
               74590


[INFO DRT-0195] Start 2nd optimization iteration.
    Completing 10% with 2198 violations.
    elapsed time = 00:00:00, memory = 1534.42 (MB).
    Completing 20% with 2198 violations.
    elapsed time = 00:00:02, memory = 1807.22 (MB).
    Completing 30% with 2235 violations.
    elapsed time = 00:00:09, memory = 1534.89 (MB).
    Completing 40% with 2235 violations.
    elapsed time = 00:00:10, memory = 1694.23 (MB).
    Completing 50% with 2235 violations.
    elapsed time = 00:00:16, memory = 1534.89 (MB).
    Completing 60% with 2220 violations.
    elapsed time = 00:00:16, memory = 1534.89 (MB).
    Completing 70% with 2220 violations.
    elapsed time = 00:00:19, memory = 1827.25 (MB).
    Completing 80% with 2289 violations.
    elapsed time = 00:00:25, memory = 1534.89 (MB).
    Completing 90% with 2289 violations.
    elapsed time = 00:00:26, memory = 1716.86 (MB).
    Completing 100% with 2293 violations.
    elapsed time = 00:00:40, memory = 1534.89 (MB).
[INFO DRT-0199]   Number of violations = 2293.
Viol/Layer        met1   met2   met3   met4
Metal Spacing      200    110     13      0
Short             1524    420     25      1
[INFO DRT-0267] cpu time = 00:03:02, elapsed time = 00:00:40, memory = 1534.89 (MB), peak = 2413.32 (MB)
Total wire length = 422749 um.
Total wire length on LAYER li1 = 0 um.
Total wire length on LAYER met1 = 173344 um.
Total wire length on LAYER met2 = 130977 um.
Total wire length on LAYER met3 = 94940 um.
Total wire length on LAYER met4 = 18295 um.
Total wire length on LAYER met5 = 5191 um.
Total number of vias = 74578.
Up-via summary (total 74578):

------------------------
 FR_MASTERSLICE        0
            li1    29539
           met1    36830
           met2     7134
           met3      985
           met4       90
------------------------
               74578


[INFO DRT-0195] Start 3rd optimization iteration.
    Completing 10% with 2293 violations.
    elapsed time = 00:00:00, memory = 1534.89 (MB).
    Completing 20% with 2293 violations.
    elapsed time = 00:00:05, memory = 1881.04 (MB).
    Completing 30% with 1851 violations.
    elapsed time = 00:00:42, memory = 1534.89 (MB).
    Completing 40% with 1851 violations.
    elapsed time = 00:00:43, memory = 1706.21 (MB).
    Completing 50% with 1851 violations.
    elapsed time = 00:00:54, memory = 1534.97 (MB).
    Completing 60% with 1507 violations.
    elapsed time = 00:00:55, memory = 1534.97 (MB).
    Completing 70% with 1507 violations.
    elapsed time = 00:01:00, memory = 1831.20 (MB).
    Completing 80% with 1052 violations.
    elapsed time = 00:01:19, memory = 1534.97 (MB).
    Completing 90% with 1052 violations.
    elapsed time = 00:01:19, memory = 1758.84 (MB).
    Completing 100% with 888 violations.
    elapsed time = 00:01:55, memory = 1534.97 (MB).
[INFO DRT-0199]   Number of violations = 888.
Viol/Layer        mcon   met1    via   met2   met3
Cut Spacing          1      0      2      0      0
Metal Spacing        0    134      0     41      1
Short                0    590      0    115      4
[INFO DRT-0267] cpu time = 00:07:37, elapsed time = 00:01:55, memory = 1534.97 (MB), peak = 2413.32 (MB)
Total wire length = 423141 um.
Total wire length on LAYER li1 = 0 um.
Total wire length on LAYER met1 = 171054 um.
Total wire length on LAYER met2 = 130360 um.
Total wire length on LAYER met3 = 97360 um.
Total wire length on LAYER met4 = 19155 um.
Total wire length on LAYER met5 = 5210 um.
Total number of vias = 75240.
Up-via summary (total 75240):

------------------------
 FR_MASTERSLICE        0
            li1    29543
           met1    37029
           met2     7510
           met3     1068
           met4       90
------------------------
               75240


[INFO DRT-0195] Start 4th optimization iteration.
    Completing 10% with 888 violations.
    elapsed time = 00:00:00, memory = 1534.97 (MB).
    Completing 20% with 888 violations.
    elapsed time = 00:00:00, memory = 1534.97 (MB).
    Completing 30% with 842 violations.
    elapsed time = 00:00:15, memory = 1534.97 (MB).
    Completing 40% with 842 violations.
    elapsed time = 00:00:15, memory = 1534.97 (MB).
    Completing 50% with 842 violations.
    elapsed time = 00:00:43, memory = 1534.97 (MB).
    Completing 60% with 719 violations.
    elapsed time = 00:00:43, memory = 1534.97 (MB).
    Completing 70% with 719 violations.
    elapsed time = 00:00:43, memory = 1534.97 (MB).
    Completing 80% with 452 violations.
    elapsed time = 00:00:58, memory = 1534.97 (MB).
    Completing 90% with 452 violations.
    elapsed time = 00:00:58, memory = 1534.97 (MB).
    Completing 100% with 265 violations.
    elapsed time = 00:01:13, memory = 1534.97 (MB).
[INFO DRT-0199]   Number of violations = 265.
Viol/Layer        mcon   met1   met2
Cut Spacing          1      0      0
Metal Spacing        0     49     14
Short                0    174     27
[INFO DRT-0267] cpu time = 00:04:02, elapsed time = 00:01:13, memory = 1534.97 (MB), peak = 2413.32 (MB)
Total wire length = 423274 um.
Total wire length on LAYER li1 = 0 um.
Total wire length on LAYER met1 = 170520 um.
Total wire length on LAYER met2 = 130129 um.
Total wire length on LAYER met3 = 97924 um.
Total wire length on LAYER met4 = 19490 um.
Total wire length on LAYER met5 = 5209 um.
Total number of vias = 75329.
Up-via summary (total 75329):

------------------------
 FR_MASTERSLICE        0
            li1    29545
           met1    37023
           met2     7580
           met3     1091
           met4       90
------------------------
               75329


[INFO DRT-0195] Start 5th optimization iteration.
    Completing 10% with 265 violations.
    elapsed time = 00:00:00, memory = 1534.97 (MB).
    Completing 20% with 265 violations.
    elapsed time = 00:00:00, memory = 1534.97 (MB).
    Completing 30% with 214 violations.
    elapsed time = 00:00:06, memory = 1534.97 (MB).
    Completing 40% with 214 violations.
    elapsed time = 00:00:06, memory = 1534.97 (MB).
    Completing 50% with 214 violations.
    elapsed time = 00:00:14, memory = 1534.97 (MB).
    Completing 60% with 152 violations.
    elapsed time = 00:00:14, memory = 1534.97 (MB).
    Completing 70% with 152 violations.
    elapsed time = 00:00:14, memory = 1534.97 (MB).
    Completing 80% with 121 violations.
    elapsed time = 00:00:24, memory = 1534.97 (MB).
    Completing 90% with 121 violations.
    elapsed time = 00:00:24, memory = 1534.97 (MB).
    Completing 100% with 94 violations.
    elapsed time = 00:00:38, memory = 1534.97 (MB).
[INFO DRT-0199]   Number of violations = 94.
Viol/Layer        met1   met2
Metal Spacing        8      4
Short               67     15
[INFO DRT-0267] cpu time = 00:01:35, elapsed time = 00:00:39, memory = 1534.97 (MB), peak = 2413.32 (MB)
Total wire length = 423318 um.
Total wire length on LAYER li1 = 0 um.
Total wire length on LAYER met1 = 170355 um.
Total wire length on LAYER met2 = 130163 um.
Total wire length on LAYER met3 = 98086 um.
Total wire length on LAYER met4 = 19486 um.
Total wire length on LAYER met5 = 5225 um.
Total number of vias = 75335.
Up-via summary (total 75335):

------------------------
 FR_MASTERSLICE        0
            li1    29546
           met1    37014
           met2     7588
           met3     1095
           met4       92
------------------------
               75335


[INFO DRT-0195] Start 6th guides tiles iteration.
    Completing 10% with 94 violations.
    elapsed time = 00:00:00, memory = 1574.08 (MB).
    Completing 20% with 94 violations.
    elapsed time = 00:00:00, memory = 1574.08 (MB).
    Completing 30% with 94 violations.
    elapsed time = 00:00:01, memory = 1574.08 (MB).
    Completing 40% with 94 violations.
    elapsed time = 00:00:02, memory = 1574.08 (MB).
    Completing 50% with 94 violations.
    elapsed time = 00:00:02, memory = 1574.08 (MB).
    Completing 60% with 94 violations.
    elapsed time = 00:00:12, memory = 1534.97 (MB).
    Completing 70% with 40 violations.
    elapsed time = 00:00:12, memory = 1534.97 (MB).
    Completing 80% with 40 violations.
    elapsed time = 00:00:12, memory = 1534.97 (MB).
    Completing 90% with 40 violations.
    elapsed time = 00:00:12, memory = 1534.97 (MB).
    Completing 100% with 40 violations.
    elapsed time = 00:00:17, memory = 1534.97 (MB).
[INFO DRT-0199]   Number of violations = 40.
Viol/Layer        met1   met2
Metal Spacing        7      4
Short               24      5
[INFO DRT-0267] cpu time = 00:00:23, elapsed time = 00:00:17, memory = 1534.97 (MB), peak = 2413.32 (MB)
Total wire length = 423327 um.
Total wire length on LAYER li1 = 0 um.
Total wire length on LAYER met1 = 170274 um.
Total wire length on LAYER met2 = 130166 um.
Total wire length on LAYER met3 = 98161 um.
Total wire length on LAYER met4 = 19498 um.
Total wire length on LAYER met5 = 5225 um.
Total number of vias = 75343.
Up-via summary (total 75343):

------------------------
 FR_MASTERSLICE        0
            li1    29543
           met1    37012
           met2     7597
           met3     1099
           met4       92
------------------------
               75343


[INFO DRT-0195] Start 7th guides tiles iteration.
    Completing 10% with 40 violations.
    elapsed time = 00:00:00, memory = 1574.08 (MB).
    Completing 20% with 40 violations.
    elapsed time = 00:00:01, memory = 1574.08 (MB).
    Completing 40% with 40 violations.
    elapsed time = 00:00:02, memory = 1574.08 (MB).
    Completing 50% with 40 violations.
    elapsed time = 00:00:09, memory = 1534.97 (MB).
    Completing 70% with 30 violations.
    elapsed time = 00:00:09, memory = 1534.97 (MB).
    Completing 80% with 30 violations.
    elapsed time = 00:00:09, memory = 1534.97 (MB).
    Completing 100% with 30 violations.
    elapsed time = 00:00:10, memory = 1534.97 (MB).
[INFO DRT-0199]   Number of violations = 30.
Viol/Layer        met1   met2
Metal Spacing        2      4
Short               20      4
[INFO DRT-0267] cpu time = 00:00:17, elapsed time = 00:00:11, memory = 1534.97 (MB), peak = 2413.32 (MB)
Total wire length = 423323 um.
Total wire length on LAYER li1 = 0 um.
Total wire length on LAYER met1 = 170272 um.
Total wire length on LAYER met2 = 130160 um.
Total wire length on LAYER met3 = 98161 um.
Total wire length on LAYER met4 = 19503 um.
Total wire length on LAYER met5 = 5225 um.
Total number of vias = 75345.
Up-via summary (total 75345):

------------------------
 FR_MASTERSLICE        0
            li1    29544
           met1    37013
           met2     7597
           met3     1099
           met4       92
------------------------
               75345


[INFO DRT-0195] Start 8th guides tiles iteration.
    Completing 20% with 30 violations.
    elapsed time = 00:00:01, memory = 1574.08 (MB).
    Completing 40% with 30 violations.
    elapsed time = 00:00:01, memory = 1574.08 (MB).
    Completing 60% with 30 violations.
    elapsed time = 00:00:08, memory = 1534.97 (MB).
    Completing 80% with 30 violations.
    elapsed time = 00:00:09, memory = 1534.97 (MB).
    Completing 100% with 30 violations.
    elapsed time = 00:00:10, memory = 1534.97 (MB).
[INFO DRT-0199]   Number of violations = 30.
Viol/Layer        met1   met2
Metal Spacing        2      4
Short               20      4
[INFO DRT-0267] cpu time = 00:00:15, elapsed time = 00:00:10, memory = 1534.97 (MB), peak = 2413.32 (MB)
Total wire length = 423323 um.
Total wire length on LAYER li1 = 0 um.
Total wire length on LAYER met1 = 170272 um.
Total wire length on LAYER met2 = 130160 um.
Total wire length on LAYER met3 = 98161 um.
Total wire length on LAYER met4 = 19503 um.
Total wire length on LAYER met5 = 5225 um.
Total number of vias = 75345.
Up-via summary (total 75345):

------------------------
 FR_MASTERSLICE        0
            li1    29544
           met1    37013
           met2     7597
           met3     1099
           met4       92
------------------------
               75345


[INFO DRT-0195] Start 9th stubborn tiles iteration.
    Completing 10% with 30 violations.
    elapsed time = 00:00:39, memory = 2101.68 (MB).
    Completing 20% with 30 violations.
    elapsed time = 00:01:25, memory = 2504.76 (MB).
    Completing 30% with 26 violations.
    elapsed time = 00:02:03, memory = 2533.88 (MB).
    Completing 40% with 26 violations.
    elapsed time = 00:02:54, memory = 2239.96 (MB).
    Completing 50% with 26 violations.
    elapsed time = 00:03:49, memory = 2499.32 (MB).
    Completing 60% with 26 violations.
    elapsed time = 00:04:29, memory = 2954.50 (MB).
    Completing 70% with 26 violations.
    elapsed time = 00:05:03, memory = 3168.43 (MB).
    Completing 80% with 4 violations.
    elapsed time = 00:05:51, memory = 2996.15 (MB).
    Completing 90% with 4 violations.
    elapsed time = 00:06:46, memory = 3012.39 (MB).
    Completing 100% with 0 violations.
    elapsed time = 00:07:37, memory = 2841.76 (MB).
[INFO DRT-0199]   Number of violations = 0.
[INFO DRT-0267] cpu time = 00:50:35, elapsed time = 00:07:37, memory = 2841.76 (MB), peak = 3313.63 (MB)
Total wire length = 423340 um.
Total wire length on LAYER li1 = 0 um.
Total wire length on LAYER met1 = 170278 um.
Total wire length on LAYER met2 = 130173 um.
Total wire length on LAYER met3 = 98147 um.
Total wire length on LAYER met4 = 19514 um.
Total wire length on LAYER met5 = 5225 um.
Total number of vias = 75360.
Up-via summary (total 75360):

------------------------
 FR_MASTERSLICE        0
            li1    29545
           met1    37028
           met2     7596
           met3     1099
           met4       92
------------------------
               75360


[INFO DRT-0198] Complete detail routing.
Total wire length = 423340 um.
Total wire length on LAYER li1 = 0 um.
Total wire length on LAYER met1 = 170278 um.
Total wire length on LAYER met2 = 130173 um.
Total wire length on LAYER met3 = 98147 um.
Total wire length on LAYER met4 = 19514 um.
Total wire length on LAYER met5 = 5225 um.
Total number of vias = 75360.
Up-via summary (total 75360):

------------------------
 FR_MASTERSLICE        0
            li1    29545
           met1    37028
           met2     7596
           met3     1099
           met4       92
------------------------
               75360


[INFO DRT-0267] cpu time = 01:16:33, elapsed time = 00:14:47, memory = 2841.76 (MB), peak = 3313.63 (MB)

[INFO DRT-0180] Post processing.
[INFO DRT-0501] Runtime: 882.43s
[INFO ANT-0002] Found 4 net violations.
[INFO ANT-0001] Found 4 pin violations.
[INFO GRT-0012] Found 4 antenna violations.
[INFO DPL-0006] Core area: 331968.38 um^2
[INFO DPL-0007] Movable instances area: 0.00 um^2
[INFO DPL-0008] Fixed instances area within core: 207647.39 um^2
[INFO DPL-0009] Utilization: 62.6%
[INFO DPL-0005] Diamond search max displacement: +/- 500 sites horizontally, +/- 100 rows vertically.
[INFO DPL-1102] Legalizing using negotiation legalizer.
[INFO DPL-1103] Negotiation base search window: +/-20 sites horizontally, +/-5 rows vertically 
	Automatic search window extension enabled.
	Search window extendable up to the max displacement cap of +/-500 sites, +/-100 rows near walls.
[INFO DPL-1104] NegotiationLegalizer DRC penalty: 5.
[INFO DPL-0392] Negotiation cell height distribution (2 unique row-count(s)):
[INFO DPL-0393]   height 1 row(s): 10670 cells
[INFO DPL-0393]   height 76 row(s): 1 cells
[INFO DPL-0500] Runtime: 0.15s
[INFO GRT-0015] Inserted 4 diodes.
[INFO DRT-0024]   Complete FR_MASTERSLICE.
[INFO DRT-0024]   Complete Fr_VIA.
[INFO DRT-0024]   Complete li1.
[INFO DRT-0024]   Complete mcon.
[INFO DRT-0024]   Complete met1.
[INFO DRT-0024]   Complete via.
[INFO DRT-0024]   Complete met2.
[INFO DRT-0024]   Complete via2.
[INFO DRT-0024]   Complete met3.
[INFO DRT-0024]   Complete via3.
[INFO DRT-0024]   Complete met4.
[INFO DRT-0024]   Complete via4.
[INFO DRT-0024]   Complete met5.
[INFO DRT-0165] Start pin access.
[INFO DRT-0076]   Complete 1000 pins.
[INFO DRT-0076]   Complete 2000 pins.
[INFO DRT-0078]   Complete 2319 pins.
[INFO DRT-0079]   Complete 100 unique inst patterns.
[INFO DRT-0079]   Complete 200 unique inst patterns.
[INFO DRT-0081]   Complete 277 unique inst patterns.
[INFO DRT-0084]   Complete 5390 groups.
#scanned instances     = 10671
#unique  instances     = 278
#stdCellGenAp          = 9816
#stdCellValidPlanarAp  = 115
#stdCellValidViaAp     = 6725
#stdCellPinNoAp        = 6
#stdCellPinCnt         = 30308
#instTermValidViaApCnt = 0
#macroGenAp            = 123
#macroValidPlanarAp    = 102
#macroValidViaAp       = 0
#macroNoAp             = 0
[INFO DRT-0166] Complete pin access.
[INFO DRT-0267] cpu time = 00:05:59, elapsed time = 00:00:53, memory = 2694.72 (MB), peak = 3313.63 (MB)

[INFO DRT-0157] Number of guides:     71452

[INFO DRT-0169] Post process guides.
[INFO DRT-0176] GCELLGRID X 0 DO 110 STEP 6900 ;
[INFO DRT-0177] GCELLGRID Y 0 DO 68 STEP 6900 ;
[INFO DRT-0028]   Complete FR_MASTERSLICE.
[INFO DRT-0028]   Complete Fr_VIA.
[INFO DRT-0028]   Complete li1.
[INFO DRT-0028]   Complete mcon.
[INFO DRT-0028]   Complete met1.
[INFO DRT-0028]   Complete via.
[INFO DRT-0028]   Complete met2.
[INFO DRT-0028]   Complete via2.
[INFO DRT-0028]   Complete met3.
[INFO DRT-0028]   Complete via3.
[INFO DRT-0028]   Complete met4.
[INFO DRT-0028]   Complete via4.
[INFO DRT-0028]   Complete met5.
[INFO DRT-0178] Init guide query.
[INFO DRT-0035]   Complete FR_MASTERSLICE (guide).
[INFO DRT-0035]   Complete Fr_VIA (guide).
[INFO DRT-0035]   Complete li1 (guide).
[INFO DRT-0035]   Complete mcon (guide).
[INFO DRT-0035]   Complete met1 (guide).
[INFO DRT-0035]   Complete via (guide).
[INFO DRT-0035]   Complete met2 (guide).
[INFO DRT-0035]   Complete via2 (guide).
[INFO DRT-0035]   Complete met3 (guide).
[INFO DRT-0035]   Complete via3 (guide).
[INFO DRT-0035]   Complete met4 (guide).
[INFO DRT-0035]   Complete via4 (guide).
[INFO DRT-0035]   Complete met5 (guide).
[INFO DRT-0036] FR_MASTERSLICE guide region query size = 0.
[INFO DRT-0036] FR_VIA guide region query size = 0.
[INFO DRT-0036] li1 guide region query size = 24189.
[INFO DRT-0036] mcon guide region query size = 0.
[INFO DRT-0036] met1 guide region query size = 21241.
[INFO DRT-0036] via guide region query size = 0.
[INFO DRT-0036] met2 guide region query size = 10350.
[INFO DRT-0036] via2 guide region query size = 0.
[INFO DRT-0036] met3 guide region query size = 1492.
[INFO DRT-0036] via3 guide region query size = 0.
[INFO DRT-0036] met4 guide region query size = 428.
[INFO DRT-0036] via4 guide region query size = 0.
[INFO DRT-0036] met5 guide region query size = 47.
[INFO DRT-0179] Init gr pin query.
[INFO DRT-0267] cpu time = 00:00:00, elapsed time = 00:00:00, memory = 2694.72 (MB), peak = 3313.63 (MB)
[INFO DRT-0245] skipped writing guide updates to database.
[INFO DRT-0181] Start track assignment.
[INFO DRT-0184] Done with 34967 vertical wires in 3 frboxes and 22780 horizontal wires in 2 frboxes.
[INFO DRT-0186] Done with 4458 vertical wires in 3 frboxes and 10735 horizontal wires in 2 frboxes.
[INFO DRT-0182] Complete track assignment.
[INFO DRT-0267] cpu time = 00:00:05, elapsed time = 00:00:03, memory = 2694.72 (MB), peak = 3313.63 (MB)
[INFO DRT-0187] Start routing data preparation.
[INFO DRT-0267] cpu time = 00:00:00, elapsed time = 00:00:00, memory = 2694.72 (MB), peak = 3313.63 (MB)
[INFO DRT-0194] Start detail routing.
[INFO DRT-0195] Start 0th optimization iteration.
    Completing 10% with 0 violations.
    elapsed time = 00:00:00, memory = 2778.09 (MB).
    Completing 20% with 0 violations.
    elapsed time = 00:00:03, memory = 2873.50 (MB).
    Completing 30% with 232 violations.
    elapsed time = 00:00:09, memory = 2697.37 (MB).
    Completing 40% with 232 violations.
    elapsed time = 00:00:11, memory = 2741.39 (MB).
    Completing 50% with 232 violations.
    elapsed time = 00:00:13, memory = 2697.40 (MB).
    Completing 60% with 284 violations.
    elapsed time = 00:00:13, memory = 2818.18 (MB).
    Completing 70% with 284 violations.
    elapsed time = 00:00:15, memory = 2863.43 (MB).
    Completing 80% with 424 violations.
    elapsed time = 00:00:17, memory = 2776.09 (MB).
    Completing 90% with 424 violations.
    elapsed time = 00:00:18, memory = 2867.70 (MB).
    Completing 100% with 457 violations.
    elapsed time = 00:00:21, memory = 2697.67 (MB).
[INFO DRT-0199]   Number of violations = 490.
Viol/Layer        met1   met2   met3
Metal Spacing       42     34      4
Min Hole             1      0      0
Recheck             20      9      4
Short              302     65      9
[INFO DRT-0267] cpu time = 00:01:52, elapsed time = 00:00:22, memory = 2697.67 (MB), peak = 3313.63 (MB)
Total wire length = 423507 um.
Total wire length on LAYER li1 = 0 um.
Total wire length on LAYER met1 = 171167 um.
Total wire length on LAYER met2 = 130363 um.
Total wire length on LAYER met3 = 97324 um.
Total wire length on LAYER met4 = 19427 um.
Total wire length on LAYER met5 = 5225 um.
Total number of vias = 75401.
Up-via summary (total 75401):

------------------------
 FR_MASTERSLICE        0
            li1    29549
           met1    37111
           met2     7566
           met3     1083
           met4       92
------------------------
               75401


[INFO DRT-0195] Start 1st optimization iteration.
    Completing 10% with 490 violations.
    elapsed time = 00:00:00, memory = 2777.68 (MB).
    Completing 20% with 490 violations.
    elapsed time = 00:00:01, memory = 2820.23 (MB).
    Completing 30% with 353 violations.
    elapsed time = 00:00:04, memory = 2697.67 (MB).
    Completing 40% with 353 violations.
    elapsed time = 00:00:05, memory = 2748.63 (MB).
    Completing 50% with 353 violations.
    elapsed time = 00:00:07, memory = 2697.67 (MB).
    Completing 60% with 312 violations.
    elapsed time = 00:00:08, memory = 2773.99 (MB).
    Completing 70% with 312 violations.
    elapsed time = 00:00:09, memory = 2829.88 (MB).
    Completing 80% with 242 violations.
    elapsed time = 00:00:15, memory = 2735.68 (MB).
    Completing 90% with 242 violations.
    elapsed time = 00:00:15, memory = 2861.73 (MB).
    Completing 100% with 179 violations.
    elapsed time = 00:00:18, memory = 2706.73 (MB).
[INFO DRT-0199]   Number of violations = 179.
Viol/Layer        mcon   met1   met2
Cut Spacing          1      0      0
Metal Spacing        0     21     12
Short                0    123     22
[INFO DRT-0267] cpu time = 00:01:41, elapsed time = 00:00:19, memory = 2706.73 (MB), peak = 3313.63 (MB)
Total wire length = 423445 um.
Total wire length on LAYER li1 = 0 um.
Total wire length on LAYER met1 = 170995 um.
Total wire length on LAYER met2 = 130334 um.
Total wire length on LAYER met3 = 97457 um.
Total wire length on LAYER met4 = 19433 um.
Total wire length on LAYER met5 = 5225 um.
Total number of vias = 75401.
Up-via summary (total 75401):

------------------------
 FR_MASTERSLICE        0
            li1    29548
           met1    37097
           met2     7579
           met3     1085
           met4       92
------------------------
               75401


[INFO DRT-0195] Start 2nd optimization iteration.
    Completing 10% with 179 violations.
    elapsed time = 00:00:00, memory = 2706.73 (MB).
    Completing 20% with 179 violations.
    elapsed time = 00:00:00, memory = 2806.09 (MB).
    Completing 30% with 175 violations.
    elapsed time = 00:00:05, memory = 2706.73 (MB).
    Completing 40% with 175 violations.
    elapsed time = 00:00:05, memory = 2706.73 (MB).
    Completing 50% with 175 violations.
    elapsed time = 00:00:07, memory = 2706.73 (MB).
    Completing 60% with 168 violations.
    elapsed time = 00:00:07, memory = 2706.73 (MB).
    Completing 70% with 168 violations.
    elapsed time = 00:00:07, memory = 2706.73 (MB).
    Completing 80% with 156 violations.
    elapsed time = 00:00:09, memory = 2706.73 (MB).
    Completing 90% with 156 violations.
    elapsed time = 00:00:09, memory = 2706.73 (MB).
    Completing 100% with 144 violations.
    elapsed time = 00:00:12, memory = 2706.73 (MB).
[INFO DRT-0199]   Number of violations = 144.
Viol/Layer        met1   met2
Metal Spacing       15      5
Short              104     20
[INFO DRT-0267] cpu time = 00:00:41, elapsed time = 00:00:13, memory = 2706.73 (MB), peak = 3313.63 (MB)
Total wire length = 423437 um.
Total wire length on LAYER li1 = 0 um.
Total wire length on LAYER met1 = 170965 um.
Total wire length on LAYER met2 = 130333 um.
Total wire length on LAYER met3 = 97477 um.
Total wire length on LAYER met4 = 19435 um.
Total wire length on LAYER met5 = 5225 um.
Total number of vias = 75399.
Up-via summary (total 75399):

------------------------
 FR_MASTERSLICE        0
            li1    29548
           met1    37099
           met2     7575
           met3     1085
           met4       92
------------------------
               75399


[INFO DRT-0195] Start 3rd optimization iteration.
    Completing 10% with 144 violations.
    elapsed time = 00:00:00, memory = 2706.73 (MB).
    Completing 20% with 144 violations.
    elapsed time = 00:00:00, memory = 2706.73 (MB).
    Completing 30% with 90 violations.
    elapsed time = 00:00:23, memory = 2706.73 (MB).
    Completing 40% with 90 violations.
    elapsed time = 00:00:23, memory = 2706.73 (MB).
    Completing 50% with 90 violations.
    elapsed time = 00:00:28, memory = 2706.73 (MB).
    Completing 60% with 82 violations.
    elapsed time = 00:00:28, memory = 2706.73 (MB).
    Completing 70% with 82 violations.
    elapsed time = 00:00:28, memory = 2706.73 (MB).
    Completing 80% with 54 violations.
    elapsed time = 00:00:39, memory = 2706.73 (MB).
    Completing 90% with 54 violations.
    elapsed time = 00:00:39, memory = 2706.73 (MB).
    Completing 100% with 47 violations.
    elapsed time = 00:00:45, memory = 2706.73 (MB).
[INFO DRT-0199]   Number of violations = 47.
Viol/Layer        met1   met2
Metal Spacing        8      9
Short               16     14
[INFO DRT-0267] cpu time = 00:01:14, elapsed time = 00:00:45, memory = 2706.73 (MB), peak = 3313.63 (MB)
Total wire length = 423473 um.
Total wire length on LAYER li1 = 0 um.
Total wire length on LAYER met1 = 170669 um.
Total wire length on LAYER met2 = 130223 um.
Total wire length on LAYER met3 = 97788 um.
Total wire length on LAYER met4 = 19525 um.
Total wire length on LAYER met5 = 5266 um.
Total number of vias = 75467.
Up-via summary (total 75467):

------------------------
 FR_MASTERSLICE        0
            li1    29550
           met1    37109
           met2     7620
           met3     1094
           met4       94
------------------------
               75467


[INFO DRT-0195] Start 4th guides tiles iteration.
    Completing 20% with 47 violations.
    elapsed time = 00:00:00, memory = 2706.73 (MB).
    Completing 40% with 47 violations.
    elapsed time = 00:00:00, memory = 2706.73 (MB).
    Completing 60% with 47 violations.
    elapsed time = 00:00:05, memory = 2706.73 (MB).
    Completing 80% with 33 violations.
    elapsed time = 00:00:06, memory = 2706.73 (MB).
    Completing 100% with 33 violations.
    elapsed time = 00:00:07, memory = 2706.73 (MB).
[INFO DRT-0199]   Number of violations = 33.
Viol/Layer        met1   met2
Metal Spacing        5      5
Short               11     12
[INFO DRT-0267] cpu time = 00:00:07, elapsed time = 00:00:07, memory = 2706.73 (MB), peak = 3313.63 (MB)
Total wire length = 423476 um.
Total wire length on LAYER li1 = 0 um.
Total wire length on LAYER met1 = 170670 um.
Total wire length on LAYER met2 = 130227 um.
Total wire length on LAYER met3 = 97786 um.
Total wire length on LAYER met4 = 19525 um.
Total wire length on LAYER met5 = 5266 um.
Total number of vias = 75466.
Up-via summary (total 75466):

------------------------
 FR_MASTERSLICE        0
            li1    29550
           met1    37108
           met2     7620
           met3     1094
           met4       94
------------------------
               75466


[INFO DRT-0195] Start 5th guides tiles iteration.
    Completing 20% with 33 violations.
    elapsed time = 00:00:00, memory = 2706.73 (MB).
    Completing 50% with 33 violations.
    elapsed time = 00:00:05, memory = 2706.73 (MB).
    Completing 70% with 33 violations.
    elapsed time = 00:00:05, memory = 2706.73 (MB).
    Completing 100% with 26 violations.
    elapsed time = 00:00:06, memory = 2706.73 (MB).
[INFO DRT-0199]   Number of violations = 26.
Viol/Layer        met1   met2
Metal Spacing        5      5
Short                4     12
[INFO DRT-0267] cpu time = 00:00:07, elapsed time = 00:00:06, memory = 2706.73 (MB), peak = 3313.63 (MB)
Total wire length = 423477 um.
Total wire length on LAYER li1 = 0 um.
Total wire length on LAYER met1 = 170673 um.
Total wire length on LAYER met2 = 130224 um.
Total wire length on LAYER met3 = 97785 um.
Total wire length on LAYER met4 = 19526 um.
Total wire length on LAYER met5 = 5266 um.
Total number of vias = 75469.
Up-via summary (total 75469):

------------------------
 FR_MASTERSLICE        0
            li1    29550
           met1    37112
           met2     7619
           met3     1094
           met4       94
------------------------
               75469


[INFO DRT-0195] Start 6th guides tiles iteration.
    Completing 50% with 26 violations.
    elapsed time = 00:00:03, memory = 2706.73 (MB).
    Completing 100% with 26 violations.
    elapsed time = 00:00:04, memory = 2706.73 (MB).
[INFO DRT-0199]   Number of violations = 26.
Viol/Layer        met1   met2
Metal Spacing        5      5
Short                4     12
[INFO DRT-0267] cpu time = 00:00:04, elapsed time = 00:00:04, memory = 2706.73 (MB), peak = 3313.63 (MB)
Total wire length = 423477 um.
Total wire length on LAYER li1 = 0 um.
Total wire length on LAYER met1 = 170673 um.
Total wire length on LAYER met2 = 130224 um.
Total wire length on LAYER met3 = 97785 um.
Total wire length on LAYER met4 = 19526 um.
Total wire length on LAYER met5 = 5266 um.
Total number of vias = 75469.
Up-via summary (total 75469):

------------------------
 FR_MASTERSLICE        0
            li1    29550
           met1    37112
           met2     7619
           met3     1094
           met4       94
------------------------
               75469


[INFO DRT-0195] Start 7th stubborn tiles iteration.
    Completing 10% with 26 violations.
    elapsed time = 00:00:15, memory = 2936.85 (MB).
    Completing 20% with 26 violations.
    elapsed time = 00:00:33, memory = 2895.29 (MB).
    Completing 30% with 26 violations.
    elapsed time = 00:01:04, memory = 2961.60 (MB).
    Completing 40% with 26 violations.
    elapsed time = 00:01:18, memory = 2957.86 (MB).
    Completing 50% with 26 violations.
    elapsed time = 00:01:31, memory = 3020.92 (MB).
    Completing 60% with 26 violations.
    elapsed time = 00:01:42, memory = 2987.55 (MB).
    Completing 70% with 26 violations.
    elapsed time = 00:02:08, memory = 3013.53 (MB).
    Completing 80% with 26 violations.
    elapsed time = 00:02:17, memory = 3044.23 (MB).
    Completing 90% with 26 violations.
    elapsed time = 00:02:25, memory = 2913.96 (MB).
    Completing 100% with 0 violations.
    elapsed time = 00:02:46, memory = 2846.80 (MB).
[INFO DRT-0199]   Number of violations = 0.
[INFO DRT-0267] cpu time = 00:20:02, elapsed time = 00:02:46, memory = 2846.80 (MB), peak = 3313.63 (MB)
Total wire length = 423502 um.
Total wire length on LAYER li1 = 0 um.
Total wire length on LAYER met1 = 170679 um.
Total wire length on LAYER met2 = 130235 um.
Total wire length on LAYER met3 = 97790 um.
Total wire length on LAYER met4 = 19530 um.
Total wire length on LAYER met5 = 5266 um.
Total number of vias = 75466.
Up-via summary (total 75466):

------------------------
 FR_MASTERSLICE        0
            li1    29550
           met1    37114
           met2     7614
           met3     1094
           met4       94
------------------------
               75466


[INFO DRT-0198] Complete detail routing.
Total wire length = 423502 um.
Total wire length on LAYER li1 = 0 um.
Total wire length on LAYER met1 = 170679 um.
Total wire length on LAYER met2 = 130235 um.
Total wire length on LAYER met3 = 97790 um.
Total wire length on LAYER met4 = 19530 um.
Total wire length on LAYER met5 = 5266 um.
Total number of vias = 75466.
Up-via summary (total 75466):

------------------------
 FR_MASTERSLICE        0
            li1    29550
           met1    37114
           met2     7614
           met3     1094
           met4       94
------------------------
               75466


[INFO DRT-0267] cpu time = 00:25:51, elapsed time = 00:04:44, memory = 2846.80 (MB), peak = 3313.63 (MB)

[INFO DRT-0180] Post processing.
[INFO DRT-0501] Runtime: 325.19s
[INFO ANT-0002] Found 0 net violations.
[INFO ANT-0001] Found 0 pin violations.
[INFO ANT-0002] Found 0 net violations.
[INFO ANT-0001] Found 0 pin violations.
Design area 207647 um^2 63% utilization.
write_db /root/cac_runs/ntt_packed_20ns/results/sky130hd/cac_ntt_packed_20ns/base/5_2_route.odb
Elapsed time: 40:49.28[h:]min:sec. CPU time: user 13336.95 sys 27.29 (545%). Peak memory: 3393156KB.
Log                       Ext     Elapsed/s Peak Memory/MB sha1sum result [0:20)
5_2_route                 .odb         2449           3313 5ccbc48531904ba02abc
