
==========================================================================
detailed place report_tns
--------------------------------------------------------------------------
tns max -23.57

==========================================================================
detailed place report_wns
--------------------------------------------------------------------------
wns max -2.05

==========================================================================
detailed place report_worst_slack
--------------------------------------------------------------------------
worst slack max -2.05

==========================================================================
detailed place report_clock_min_period
--------------------------------------------------------------------------
clk period_min = 22.05 fmax = 45.34

==========================================================================
detailed place report_checks -path_delay min
--------------------------------------------------------------------------
Startpoint: st[10]$_DFF_PN0_ (rising edge-triggered flip-flop clocked by clk)
Endpoint: done$_DFF_PN0_ (rising edge-triggered flip-flop clocked by clk)
Path Group: clk
Path Type: min

Fanout     Cap    Slew   Delay    Time   Description
-----------------------------------------------------------------------------
                  0.00    0.00    0.00   clock clk (rise edge)
                          0.00    0.00   clock network delay (ideal)
                  0.00    0.00    0.00 ^ st[10]$_DFF_PN0_/CLK (sky130_fd_sc_hd__dfrtp_1)
     2    0.01    0.07    0.32    0.32 ^ st[10]$_DFF_PN0_/Q (sky130_fd_sc_hd__dfrtp_1)
                                         st[10] (net)
                  0.07    0.00    0.32 ^ done$_DFF_PN0_/D (sky130_fd_sc_hd__dfrtp_1)
                                  0.32   data arrival time

                  0.00    0.00    0.00   clock clk (rise edge)
                          0.00    0.00   clock network delay (ideal)
                          0.25    0.25   clock uncertainty
                          0.00    0.25   clock reconvergence pessimism
                                  0.25 ^ done$_DFF_PN0_/CLK (sky130_fd_sc_hd__dfrtp_1)
                         -0.05    0.20   library hold time
                                  0.20   data required time
-----------------------------------------------------------------------------
                                  0.20   data required time
                                 -0.32   data arrival time
-----------------------------------------------------------------------------
                                  0.11   slack (MET)



==========================================================================
detailed place report_checks -path_delay max
--------------------------------------------------------------------------
Startpoint: coeff_a_q[1]$_DFFE_PN0P_
            (rising edge-triggered flip-flop clocked by clk)
Endpoint: mul_reduced_q[2]$_DFFE_PN0P_
          (rising edge-triggered flip-flop clocked by clk)
Path Group: clk
Path Type: max

Fanout     Cap    Slew   Delay    Time   Description
-----------------------------------------------------------------------------
                  0.00    0.00    0.00   clock clk (rise edge)
                          0.00    0.00   clock network delay (ideal)
                  0.00    0.00    0.00 ^ coeff_a_q[1]$_DFFE_PN0P_/CLK (sky130_fd_sc_hd__dfrtp_2)
     2    0.01    0.06    0.40    0.40 v coeff_a_q[1]$_DFFE_PN0P_/Q (sky130_fd_sc_hd__dfrtp_2)
                                         coeff_a_q[1] (net)
                  0.06    0.00    0.40 v _53501_/B (sky130_fd_sc_hd__ha_4)
     2    0.01    0.04    0.27    0.67 ^ _53501_/SUM (sky130_fd_sc_hd__ha_4)
                                         _00673_ (net)
                  0.04    0.00    0.67 ^ _36525_/A (sky130_fd_sc_hd__inv_2)
     1    0.01    0.03    0.04    0.71 v _36525_/Y (sky130_fd_sc_hd__inv_2)
                                         _00722_ (net)
                  0.03    0.00    0.71 v _53574_/B (sky130_fd_sc_hd__ha_4)
     2    0.01    0.04    0.15    0.86 v _53574_/COUT (sky130_fd_sc_hd__ha_4)
                                         _00216_ (net)
                  0.04    0.00    0.87 v _53157_/B (sky130_fd_sc_hd__fa_2)
     2    0.01    0.08    0.37    1.23 v _53157_/COUT (sky130_fd_sc_hd__fa_2)
                                         _00219_ (net)
                  0.08    0.00    1.24 v _29547_/A1 (sky130_fd_sc_hd__a21oi_2)
     1    0.00    0.10    0.13    1.37 ^ _29547_/Y (sky130_fd_sc_hd__a21oi_2)
                                         _06685_ (net)
                  0.10    0.00    1.37 ^ _29548_/B (sky130_fd_sc_hd__nor2_1)
     1    0.00    0.03    0.05    1.42 v _29548_/Y (sky130_fd_sc_hd__nor2_1)
                                         _06686_ (net)
                  0.03    0.00    1.42 v _29549_/A (sky130_fd_sc_hd__nor2_1)
     2    0.01    0.20    0.19    1.60 ^ _29549_/Y (sky130_fd_sc_hd__nor2_1)
                                         _06687_ (net)
                  0.20    0.00    1.60 ^ _29560_/A (sky130_fd_sc_hd__xnor2_1)
     2    0.01    0.08    0.13    1.73 v _29560_/Y (sky130_fd_sc_hd__xnor2_1)
                                         _06698_ (net)
                  0.08    0.00    1.73 v _29563_/C (sky130_fd_sc_hd__nor3_1)
     2    0.01    0.20    0.18    1.92 ^ _29563_/Y (sky130_fd_sc_hd__nor3_1)
                                         _06701_ (net)
                  0.20    0.00    1.92 ^ _29564_/B_N (sky130_fd_sc_hd__nor2b_1)
     2    0.01    0.12    0.19    2.11 ^ _29564_/Y (sky130_fd_sc_hd__nor2b_1)
                                         _06702_ (net)
                  0.12    0.00    2.11 ^ _29565_/B_N (sky130_fd_sc_hd__nor2b_2)
     2    0.01    0.11    0.18    2.29 ^ _29565_/Y (sky130_fd_sc_hd__nor2b_2)
                                         _06703_ (net)
                  0.11    0.00    2.29 ^ _29566_/B (sky130_fd_sc_hd__nand2_1)
     1    0.00    0.07    0.06    2.35 v _29566_/Y (sky130_fd_sc_hd__nand2_1)
                                         _06704_ (net)
                  0.07    0.00    2.35 v _29567_/B1 (sky130_fd_sc_hd__a21oi_1)
     1    0.01    0.16    0.16    2.51 ^ _29567_/Y (sky130_fd_sc_hd__a21oi_1)
                                         _06705_ (net)
                  0.16    0.00    2.51 ^ _29568_/B (sky130_fd_sc_hd__nor2_1)
     1    0.00    0.06    0.06    2.57 v _29568_/Y (sky130_fd_sc_hd__nor2_1)
                                         _06706_ (net)
                  0.06    0.00    2.57 v _29574_/A1 (sky130_fd_sc_hd__o211a_1)
     2    0.01    0.06    0.24    2.82 v _29574_/X (sky130_fd_sc_hd__o211a_1)
                                         _06712_ (net)
                  0.06    0.00    2.82 v _29575_/B (sky130_fd_sc_hd__or2_4)
     4    0.01    0.06    0.25    3.07 v _29575_/X (sky130_fd_sc_hd__or2_4)
                                         _06713_ (net)
                  0.06    0.00    3.07 v _36444_/B (sky130_fd_sc_hd__and2_4)
     3    0.01    0.04    0.17    3.24 v _36444_/X (sky130_fd_sc_hd__and2_4)
                                         _11099_ (net)
                  0.04    0.00    3.24 v _36465_/B (sky130_fd_sc_hd__xor2_1)
     1    0.00    0.04    0.14    3.38 v _36465_/X (sky130_fd_sc_hd__xor2_1)
                                         _11117_ (net)
                  0.04    0.00    3.38 v _36466_/A1 (sky130_fd_sc_hd__mux2i_1)
     2    0.01    0.29    0.26    3.64 ^ _36466_/Y (sky130_fd_sc_hd__mux2i_1)
                                         _11118_ (net)
                  0.29    0.00    3.64 ^ _36467_/A (sky130_fd_sc_hd__nor2_1)
     4    0.02    0.12    0.17    3.81 v _36467_/Y (sky130_fd_sc_hd__nor2_1)
                                         _11119_ (net)
                  0.12    0.00    3.81 v _36468_/B1 (sky130_fd_sc_hd__a21oi_2)
     4    0.02    0.26    0.25    4.06 ^ _36468_/Y (sky130_fd_sc_hd__a21oi_2)
                                         _11120_ (net)
                  0.26    0.00    4.06 ^ _52340_/B (sky130_fd_sc_hd__nor2_1)
     1    0.00    0.07    0.09    4.14 v _52340_/Y (sky130_fd_sc_hd__nor2_1)
                                         _00169_ (net)
                  0.07    0.00    4.14 v _53080_/CIN (sky130_fd_sc_hd__fa_1)
     1    0.01    0.13    0.50    4.65 v _53080_/SUM (sky130_fd_sc_hd__fa_1)
                                         _26709_ (net)
                  0.13    0.00    4.65 v _53135_/B (sky130_fd_sc_hd__fa_2)
     1    0.01    0.08    0.58    5.23 ^ _53135_/SUM (sky130_fd_sc_hd__fa_2)
                                         _26823_ (net)
                  0.08    0.00    5.23 ^ _53271_/B (sky130_fd_sc_hd__ha_4)
     1    0.01    0.04    0.20    5.43 v _53271_/SUM (sky130_fd_sc_hd__ha_4)
                                         _26290_ (net)
                  0.04    0.00    5.43 v _52933_/CIN (sky130_fd_sc_hd__fa_1)
     1    0.01    0.07    0.49    5.92 ^ _52933_/SUM (sky130_fd_sc_hd__fa_1)
                                         _26293_ (net)
                  0.07    0.00    5.92 ^ _53161_/CIN (sky130_fd_sc_hd__fa_1)
     1    0.01    0.11    0.45    6.37 v _53161_/SUM (sky130_fd_sc_hd__fa_1)
                                         _26859_ (net)
                  0.11    0.00    6.37 v _53452_/B (sky130_fd_sc_hd__ha_4)
     2    0.01    0.04    0.29    6.66 ^ _53452_/SUM (sky130_fd_sc_hd__ha_4)
                                         _00597_ (net)
                  0.04    0.00    6.66 ^ _29492_/A (sky130_fd_sc_hd__inv_2)
     2    0.01    0.02    0.03    6.69 v _29492_/Y (sky130_fd_sc_hd__inv_2)
                                         _06645_ (net)
                  0.02    0.00    6.69 v _35283_/A2 (sky130_fd_sc_hd__o21bai_1)
     1    0.01    0.21    0.19    6.88 ^ _35283_/Y (sky130_fd_sc_hd__o21bai_1)
                                         _10393_ (net)
                  0.21    0.00    6.88 ^ _35284_/A1 (sky130_fd_sc_hd__a21oi_2)
     2    0.01    0.07    0.09    6.97 v _35284_/Y (sky130_fd_sc_hd__a21oi_2)
                                         _10394_ (net)
                  0.07    0.00    6.97 v _35285_/A1 (sky130_fd_sc_hd__o21bai_1)
     1    0.01    0.18    0.20    7.17 ^ _35285_/Y (sky130_fd_sc_hd__o21bai_1)
                                         _10395_ (net)
                  0.18    0.00    7.17 ^ _35286_/A1 (sky130_fd_sc_hd__a21oi_2)
     2    0.01    0.07    0.09    7.26 v _35286_/Y (sky130_fd_sc_hd__a21oi_2)
                                         _10396_ (net)
                  0.07    0.00    7.26 v _35287_/A1 (sky130_fd_sc_hd__o21bai_1)
     1    0.01    0.16    0.18    7.45 ^ _35287_/Y (sky130_fd_sc_hd__o21bai_1)
                                         _10397_ (net)
                  0.16    0.00    7.45 ^ _35288_/A1 (sky130_fd_sc_hd__a21oi_2)
     2    0.01    0.06    0.08    7.53 v _35288_/Y (sky130_fd_sc_hd__a21oi_2)
                                         _10398_ (net)
                  0.06    0.00    7.53 v _35289_/A1 (sky130_fd_sc_hd__o21bai_1)
     1    0.01    0.17    0.19    7.72 ^ _35289_/Y (sky130_fd_sc_hd__o21bai_1)
                                         _10399_ (net)
                  0.17    0.00    7.72 ^ _35290_/A1 (sky130_fd_sc_hd__a21oi_2)
     2    0.01    0.06    0.08    7.80 v _35290_/Y (sky130_fd_sc_hd__a21oi_2)
                                         _10400_ (net)
                  0.06    0.00    7.80 v _35291_/A1 (sky130_fd_sc_hd__o21bai_1)
     1    0.01    0.19    0.20    8.00 ^ _35291_/Y (sky130_fd_sc_hd__o21bai_1)
                                         _10401_ (net)
                  0.19    0.00    8.00 ^ _35292_/A1 (sky130_fd_sc_hd__a21oi_2)
     2    0.01    0.07    0.10    8.10 v _35292_/Y (sky130_fd_sc_hd__a21oi_2)
                                         _10402_ (net)
                  0.07    0.00    8.10 v _35293_/A1 (sky130_fd_sc_hd__o21bai_1)
     1    0.01    0.18    0.20    8.30 ^ _35293_/Y (sky130_fd_sc_hd__o21bai_1)
                                         _10403_ (net)
                  0.18    0.00    8.30 ^ _35294_/A1 (sky130_fd_sc_hd__a21oi_2)
     2    0.01    0.07    0.10    8.40 v _35294_/Y (sky130_fd_sc_hd__a21oi_2)
                                         _10404_ (net)
                  0.07    0.00    8.40 v _36593_/A1 (sky130_fd_sc_hd__o21bai_1)
     1    0.01    0.15    0.18    8.57 ^ _36593_/Y (sky130_fd_sc_hd__o21bai_1)
                                         _11163_ (net)
                  0.15    0.00    8.57 ^ _36594_/A1 (sky130_fd_sc_hd__a21oi_2)
     1    0.00    0.05    0.07    8.64 v _36594_/Y (sky130_fd_sc_hd__a21oi_2)
                                         _11164_ (net)
                  0.05    0.00    8.64 v place2363/A (sky130_fd_sc_hd__buf_4)
     2    0.02    0.04    0.15    8.80 v place2363/X (sky130_fd_sc_hd__buf_4)
                                         net2363 (net)
                  0.04    0.00    8.80 v _36595_/A (sky130_fd_sc_hd__xnor2_4)
     2    0.01    0.07    0.15    8.95 v _36595_/Y (sky130_fd_sc_hd__xnor2_4)
                                         mul_product[22] (net)
                  0.07    0.00    8.95 v _53011_/A (sky130_fd_sc_hd__fa_1)
     2    0.01    0.15    0.61    9.56 ^ _53011_/SUM (sky130_fd_sc_hd__fa_1)
                                         _26542_ (net)
                  0.15    0.00    9.56 ^ _53001_/B (sky130_fd_sc_hd__fa_1)
     1    0.01    0.12    0.49   10.05 v _53001_/SUM (sky130_fd_sc_hd__fa_1)
                                         _26543_ (net)
                  0.12    0.00   10.05 v _53132_/B (sky130_fd_sc_hd__fa_1)
     1    0.01    0.10    0.51   10.56 v _53132_/SUM (sky130_fd_sc_hd__fa_1)
                                         _26785_ (net)
                  0.10    0.00   10.56 v _53114_/B (sky130_fd_sc_hd__fa_1)
     1    0.01    0.08    0.54   11.10 ^ _53114_/SUM (sky130_fd_sc_hd__fa_1)
                                         _26308_ (net)
                  0.08    0.00   11.10 ^ _52937_/CIN (sky130_fd_sc_hd__fa_1)
     1    0.01    0.10    0.44   11.54 v _52937_/SUM (sky130_fd_sc_hd__fa_1)
                                         _26311_ (net)
                  0.10    0.00   11.54 v _53276_/A (sky130_fd_sc_hd__ha_1)
     2    0.01    0.06    0.32   11.87 v _53276_/SUM (sky130_fd_sc_hd__ha_1)
                                         _00379_ (net)
                  0.06    0.00   11.87 v _27428_/B1 (sky130_fd_sc_hd__o21ai_1)
     1    0.00    0.10    0.08   11.95 ^ _27428_/Y (sky130_fd_sc_hd__o21ai_1)
                                         _26147_ (net)
                  0.10    0.00   11.95 ^ _27429_/B (sky130_fd_sc_hd__nand2b_1)
     2    0.02    0.12    0.13   12.08 v _27429_/Y (sky130_fd_sc_hd__nand2b_1)
                                         _26148_ (net)
                  0.12    0.00   12.08 v _27445_/D1 (sky130_fd_sc_hd__a2111oi_2)
     1    0.01    0.30    0.26   12.34 ^ _27445_/Y (sky130_fd_sc_hd__a2111oi_2)
                                         _26164_ (net)
                  0.30    0.00   12.34 ^ _27446_/B1 (sky130_fd_sc_hd__o211ai_1)
     2    0.01    0.15    0.21   12.54 v _27446_/Y (sky130_fd_sc_hd__o211ai_1)
                                         _26165_ (net)
                  0.15    0.00   12.54 v _34010_/A1 (sky130_fd_sc_hd__a311oi_1)
     1    0.01    0.28    0.31   12.85 ^ _34010_/Y (sky130_fd_sc_hd__a311oi_1)
                                         _09590_ (net)
                  0.28    0.00   12.85 ^ _34012_/A2 (sky130_fd_sc_hd__o21ba_2)
     2    0.01    0.10    0.22   13.07 ^ _34012_/X (sky130_fd_sc_hd__o21ba_2)
                                         _09592_ (net)
                  0.10    0.00   13.07 ^ _34013_/A1 (sky130_fd_sc_hd__o21bai_4)
     2    0.01    0.06    0.08   13.15 v _34013_/Y (sky130_fd_sc_hd__o21bai_4)
                                         _09593_ (net)
                  0.06    0.00   13.15 v _34014_/A1 (sky130_fd_sc_hd__a21oi_2)
     3    0.01    0.18    0.20   13.35 ^ _34014_/Y (sky130_fd_sc_hd__a21oi_2)
                                         _09594_ (net)
                  0.18    0.00   13.35 ^ _34118_/A2 (sky130_fd_sc_hd__o21ai_2)
     2    0.01    0.07    0.10   13.45 v _34118_/Y (sky130_fd_sc_hd__o21ai_2)
                                         _09659_ (net)
                  0.07    0.00   13.45 v _34122_/A3 (sky130_fd_sc_hd__o41ai_2)
     2    0.01    0.31    0.35   13.79 ^ _34122_/Y (sky130_fd_sc_hd__o41ai_2)
                                         _09663_ (net)
                  0.31    0.00   13.79 ^ _34123_/A1 (sky130_fd_sc_hd__o21ba_2)
     2    0.02    0.11    0.26   14.05 ^ _34123_/X (sky130_fd_sc_hd__o21ba_2)
                                         _09664_ (net)
                  0.11    0.00   14.05 ^ _34124_/A1 (sky130_fd_sc_hd__o21bai_4)
     2    0.01    0.06    0.09   14.14 v _34124_/Y (sky130_fd_sc_hd__o21bai_4)
                                         _09665_ (net)
                  0.06    0.00   14.14 v _34125_/A (sky130_fd_sc_hd__xor2_2)
     2    0.02    0.31    0.31   14.46 ^ _34125_/X (sky130_fd_sc_hd__xor2_2)
                                         u_mul_reduce.prod[36] (net)
                  0.31    0.00   14.46 ^ _53205_/A (sky130_fd_sc_hd__ha_2)
     1    0.01    0.07    0.25   14.71 ^ _53205_/COUT (sky130_fd_sc_hd__ha_2)
                                         _26913_ (net)
                  0.07    0.00   14.71 ^ _53320_/B (sky130_fd_sc_hd__ha_4)
     1    0.01    0.04    0.20   14.91 v _53320_/SUM (sky130_fd_sc_hd__ha_4)
                                         _26450_ (net)
                  0.04    0.00   14.91 v _52974_/A (sky130_fd_sc_hd__fa_1)
     1    0.00    0.06    0.53   15.44 ^ _52974_/SUM (sky130_fd_sc_hd__fa_1)
                                         _00061_ (net)
                  0.06    0.00   15.44 ^ _36386_/A (sky130_fd_sc_hd__inv_1)
     1    0.01    0.03    0.05   15.49 v _36386_/Y (sky130_fd_sc_hd__inv_1)
                                         _00052_ (net)
                  0.03    0.00   15.49 v _52966_/CIN (sky130_fd_sc_hd__fa_1)
     1    0.00    0.08    0.43   15.92 v _52966_/SUM (sky130_fd_sc_hd__fa_1)
                                         _26422_ (net)
                  0.08    0.00   15.92 v _53263_/B (sky130_fd_sc_hd__ha_1)
     3    0.01    0.08    0.32   16.24 v _53263_/SUM (sky130_fd_sc_hd__ha_1)
                                         _00358_ (net)
                  0.08    0.00   16.24 v _28542_/A2 (sky130_fd_sc_hd__a21o_1)
     1    0.01    0.04    0.20   16.43 v _28542_/X (sky130_fd_sc_hd__a21o_1)
                                         _06000_ (net)
                  0.04    0.00   16.43 v _28543_/A1 (sky130_fd_sc_hd__a21oi_2)
     2    0.01    0.14    0.15   16.59 ^ _28543_/Y (sky130_fd_sc_hd__a21oi_2)
                                         _06001_ (net)
                  0.14    0.00   16.59 ^ _28546_/A2 (sky130_fd_sc_hd__o21ai_1)
     2    0.01    0.07    0.09   16.68 v _28546_/Y (sky130_fd_sc_hd__o21ai_1)
                                         _06004_ (net)
                  0.07    0.00   16.68 v _28547_/C1 (sky130_fd_sc_hd__a311o_1)
     4    0.02    0.12    0.36   17.03 v _28547_/X (sky130_fd_sc_hd__a311o_1)
                                         _06005_ (net)
                  0.12    0.00   17.03 v _28609_/A2 (sky130_fd_sc_hd__a2111oi_2)
     1    0.00    0.28    0.39   17.42 ^ _28609_/Y (sky130_fd_sc_hd__a2111oi_2)
                                         _06067_ (net)
                  0.28    0.00   17.42 ^ _28616_/B (sky130_fd_sc_hd__nor3_1)
     2    0.01    0.10    0.14   17.56 v _28616_/Y (sky130_fd_sc_hd__nor3_1)
                                         _06074_ (net)
                  0.10    0.00   17.56 v _28617_/B1 (sky130_fd_sc_hd__a21oi_2)
     1    0.00    0.10    0.13   17.69 ^ _28617_/Y (sky130_fd_sc_hd__a21oi_2)
                                         _06075_ (net)
                  0.10    0.00   17.69 ^ place2122/A (sky130_fd_sc_hd__buf_4)
     5    0.03    0.09    0.16   17.85 ^ place2122/X (sky130_fd_sc_hd__buf_4)
                                         net2122 (net)
                  0.09    0.00   17.86 ^ _28938_/B (sky130_fd_sc_hd__nand2_4)
     2    0.01    0.03    0.06   17.91 v _28938_/Y (sky130_fd_sc_hd__nand2_4)
                                         _06286_ (net)
                  0.03    0.00   17.91 v _28939_/B (sky130_fd_sc_hd__nor3_2)
     2    0.03    0.54    0.45   18.36 ^ _28939_/Y (sky130_fd_sc_hd__nor3_2)
                                         _06287_ (net)
                  0.54    0.00   18.37 ^ place2115/A (sky130_fd_sc_hd__buf_4)
    10    0.05    0.14    0.29   18.66 ^ place2115/X (sky130_fd_sc_hd__buf_4)
                                         net2115 (net)
                  0.14    0.00   18.66 ^ _31088_/A2 (sky130_fd_sc_hd__a211oi_1)
     2    0.01    0.11    0.14   18.81 v _31088_/Y (sky130_fd_sc_hd__a211oi_1)
                                         _07704_ (net)
                  0.11    0.00   18.81 v _31101_/A1 (sky130_fd_sc_hd__o211a_2)
     4    0.02    0.08    0.34   19.15 v _31101_/X (sky130_fd_sc_hd__o211a_2)
                                         _07717_ (net)
                  0.08    0.00   19.15 v _31147_/B1 (sky130_fd_sc_hd__a2111oi_4)
     9    0.06    0.93    0.86   20.00 ^ _31147_/Y (sky130_fd_sc_hd__a2111oi_4)
                                         _07763_ (net)
                  0.93    0.00   20.01 ^ _48271_/A (sky130_fd_sc_hd__nor3_1)
     1    0.00    0.15    0.14   20.14 v _48271_/Y (sky130_fd_sc_hd__nor3_1)
                                         _22669_ (net)
                  0.15    0.00   20.14 v _48272_/B2 (sky130_fd_sc_hd__o22a_1)
     2    0.01    0.09    0.25   20.39 v _48272_/X (sky130_fd_sc_hd__o22a_1)
                                         _22670_ (net)
                  0.09    0.00   20.39 v _48312_/B2 (sky130_fd_sc_hd__a221o_1)
     2    0.01    0.08    0.37   20.77 v _48312_/X (sky130_fd_sc_hd__a221o_1)
                                         _22710_ (net)
                  0.08    0.00   20.77 v _48359_/A2 (sky130_fd_sc_hd__o211ai_2)
     9    0.04    0.51    0.44   21.21 ^ _48359_/Y (sky130_fd_sc_hd__o211ai_2)
                                         _22757_ (net)
                  0.51    0.00   21.21 ^ place2029/A (sky130_fd_sc_hd__buf_12)
    12    0.04    0.07    0.20   21.41 ^ place2029/X (sky130_fd_sc_hd__buf_12)
                                         net2029 (net)
                  0.07    0.00   21.41 ^ _48422_/B (sky130_fd_sc_hd__and3_1)
     1    0.01    0.08    0.17   21.58 ^ _48422_/X (sky130_fd_sc_hd__and3_1)
                                         _22811_ (net)
                  0.08    0.00   21.58 ^ _48424_/A3 (sky130_fd_sc_hd__o31ai_2)
     1    0.00    0.13    0.06   21.64 v _48424_/Y (sky130_fd_sc_hd__o31ai_2)
                                         _01111_ (net)
                  0.13    0.00   21.64 v mul_reduced_q[2]$_DFFE_PN0P_/D (sky130_fd_sc_hd__dfrtp_1)
                                 21.64   data arrival time

                  0.00   20.00   20.00   clock clk (rise edge)
                          0.00   20.00   clock network delay (ideal)
                         -0.25   19.75   clock uncertainty
                          0.00   19.75   clock reconvergence pessimism
                                 19.75 ^ mul_reduced_q[2]$_DFFE_PN0P_/CLK (sky130_fd_sc_hd__dfrtp_1)
                         -0.16   19.59   library setup time
                                 19.59   data required time
-----------------------------------------------------------------------------
                                 19.59   data required time
                                -21.64   data arrival time
-----------------------------------------------------------------------------
                                 -2.05   slack (VIOLATED)



==========================================================================
detailed place report_checks -unconstrained
--------------------------------------------------------------------------
Startpoint: coeff_a_q[1]$_DFFE_PN0P_
            (rising edge-triggered flip-flop clocked by clk)
Endpoint: mul_reduced_q[2]$_DFFE_PN0P_
          (rising edge-triggered flip-flop clocked by clk)
Path Group: clk
Path Type: max

Fanout     Cap    Slew   Delay    Time   Description
-----------------------------------------------------------------------------
                  0.00    0.00    0.00   clock clk (rise edge)
                          0.00    0.00   clock network delay (ideal)
                  0.00    0.00    0.00 ^ coeff_a_q[1]$_DFFE_PN0P_/CLK (sky130_fd_sc_hd__dfrtp_2)
     2    0.01    0.06    0.40    0.40 v coeff_a_q[1]$_DFFE_PN0P_/Q (sky130_fd_sc_hd__dfrtp_2)
                                         coeff_a_q[1] (net)
                  0.06    0.00    0.40 v _53501_/B (sky130_fd_sc_hd__ha_4)
     2    0.01    0.04    0.27    0.67 ^ _53501_/SUM (sky130_fd_sc_hd__ha_4)
                                         _00673_ (net)
                  0.04    0.00    0.67 ^ _36525_/A (sky130_fd_sc_hd__inv_2)
     1    0.01    0.03    0.04    0.71 v _36525_/Y (sky130_fd_sc_hd__inv_2)
                                         _00722_ (net)
                  0.03    0.00    0.71 v _53574_/B (sky130_fd_sc_hd__ha_4)
     2    0.01    0.04    0.15    0.86 v _53574_/COUT (sky130_fd_sc_hd__ha_4)
                                         _00216_ (net)
                  0.04    0.00    0.87 v _53157_/B (sky130_fd_sc_hd__fa_2)
     2    0.01    0.08    0.37    1.23 v _53157_/COUT (sky130_fd_sc_hd__fa_2)
                                         _00219_ (net)
                  0.08    0.00    1.24 v _29547_/A1 (sky130_fd_sc_hd__a21oi_2)
     1    0.00    0.10    0.13    1.37 ^ _29547_/Y (sky130_fd_sc_hd__a21oi_2)
                                         _06685_ (net)
                  0.10    0.00    1.37 ^ _29548_/B (sky130_fd_sc_hd__nor2_1)
     1    0.00    0.03    0.05    1.42 v _29548_/Y (sky130_fd_sc_hd__nor2_1)
                                         _06686_ (net)
                  0.03    0.00    1.42 v _29549_/A (sky130_fd_sc_hd__nor2_1)
     2    0.01    0.20    0.19    1.60 ^ _29549_/Y (sky130_fd_sc_hd__nor2_1)
                                         _06687_ (net)
                  0.20    0.00    1.60 ^ _29560_/A (sky130_fd_sc_hd__xnor2_1)
     2    0.01    0.08    0.13    1.73 v _29560_/Y (sky130_fd_sc_hd__xnor2_1)
                                         _06698_ (net)
                  0.08    0.00    1.73 v _29563_/C (sky130_fd_sc_hd__nor3_1)
     2    0.01    0.20    0.18    1.92 ^ _29563_/Y (sky130_fd_sc_hd__nor3_1)
                                         _06701_ (net)
                  0.20    0.00    1.92 ^ _29564_/B_N (sky130_fd_sc_hd__nor2b_1)
     2    0.01    0.12    0.19    2.11 ^ _29564_/Y (sky130_fd_sc_hd__nor2b_1)
                                         _06702_ (net)
                  0.12    0.00    2.11 ^ _29565_/B_N (sky130_fd_sc_hd__nor2b_2)
     2    0.01    0.11    0.18    2.29 ^ _29565_/Y (sky130_fd_sc_hd__nor2b_2)
                                         _06703_ (net)
                  0.11    0.00    2.29 ^ _29566_/B (sky130_fd_sc_hd__nand2_1)
     1    0.00    0.07    0.06    2.35 v _29566_/Y (sky130_fd_sc_hd__nand2_1)
                                         _06704_ (net)
                  0.07    0.00    2.35 v _29567_/B1 (sky130_fd_sc_hd__a21oi_1)
     1    0.01    0.16    0.16    2.51 ^ _29567_/Y (sky130_fd_sc_hd__a21oi_1)
                                         _06705_ (net)
                  0.16    0.00    2.51 ^ _29568_/B (sky130_fd_sc_hd__nor2_1)
     1    0.00    0.06    0.06    2.57 v _29568_/Y (sky130_fd_sc_hd__nor2_1)
                                         _06706_ (net)
                  0.06    0.00    2.57 v _29574_/A1 (sky130_fd_sc_hd__o211a_1)
     2    0.01    0.06    0.24    2.82 v _29574_/X (sky130_fd_sc_hd__o211a_1)
                                         _06712_ (net)
                  0.06    0.00    2.82 v _29575_/B (sky130_fd_sc_hd__or2_4)
     4    0.01    0.06    0.25    3.07 v _29575_/X (sky130_fd_sc_hd__or2_4)
                                         _06713_ (net)
                  0.06    0.00    3.07 v _36444_/B (sky130_fd_sc_hd__and2_4)
     3    0.01    0.04    0.17    3.24 v _36444_/X (sky130_fd_sc_hd__and2_4)
                                         _11099_ (net)
                  0.04    0.00    3.24 v _36465_/B (sky130_fd_sc_hd__xor2_1)
     1    0.00    0.04    0.14    3.38 v _36465_/X (sky130_fd_sc_hd__xor2_1)
                                         _11117_ (net)
                  0.04    0.00    3.38 v _36466_/A1 (sky130_fd_sc_hd__mux2i_1)
     2    0.01    0.29    0.26    3.64 ^ _36466_/Y (sky130_fd_sc_hd__mux2i_1)
                                         _11118_ (net)
                  0.29    0.00    3.64 ^ _36467_/A (sky130_fd_sc_hd__nor2_1)
     4    0.02    0.12    0.17    3.81 v _36467_/Y (sky130_fd_sc_hd__nor2_1)
                                         _11119_ (net)
                  0.12    0.00    3.81 v _36468_/B1 (sky130_fd_sc_hd__a21oi_2)
     4    0.02    0.26    0.25    4.06 ^ _36468_/Y (sky130_fd_sc_hd__a21oi_2)
                                         _11120_ (net)
                  0.26    0.00    4.06 ^ _52340_/B (sky130_fd_sc_hd__nor2_1)
     1    0.00    0.07    0.09    4.14 v _52340_/Y (sky130_fd_sc_hd__nor2_1)
                                         _00169_ (net)
                  0.07    0.00    4.14 v _53080_/CIN (sky130_fd_sc_hd__fa_1)
     1    0.01    0.13    0.50    4.65 v _53080_/SUM (sky130_fd_sc_hd__fa_1)
                                         _26709_ (net)
                  0.13    0.00    4.65 v _53135_/B (sky130_fd_sc_hd__fa_2)
     1    0.01    0.08    0.58    5.23 ^ _53135_/SUM (sky130_fd_sc_hd__fa_2)
                                         _26823_ (net)
                  0.08    0.00    5.23 ^ _53271_/B (sky130_fd_sc_hd__ha_4)
     1    0.01    0.04    0.20    5.43 v _53271_/SUM (sky130_fd_sc_hd__ha_4)
                                         _26290_ (net)
                  0.04    0.00    5.43 v _52933_/CIN (sky130_fd_sc_hd__fa_1)
     1    0.01    0.07    0.49    5.92 ^ _52933_/SUM (sky130_fd_sc_hd__fa_1)
                                         _26293_ (net)
                  0.07    0.00    5.92 ^ _53161_/CIN (sky130_fd_sc_hd__fa_1)
     1    0.01    0.11    0.45    6.37 v _53161_/SUM (sky130_fd_sc_hd__fa_1)
                                         _26859_ (net)
                  0.11    0.00    6.37 v _53452_/B (sky130_fd_sc_hd__ha_4)
     2    0.01    0.04    0.29    6.66 ^ _53452_/SUM (sky130_fd_sc_hd__ha_4)
                                         _00597_ (net)
                  0.04    0.00    6.66 ^ _29492_/A (sky130_fd_sc_hd__inv_2)
     2    0.01    0.02    0.03    6.69 v _29492_/Y (sky130_fd_sc_hd__inv_2)
                                         _06645_ (net)
                  0.02    0.00    6.69 v _35283_/A2 (sky130_fd_sc_hd__o21bai_1)
     1    0.01    0.21    0.19    6.88 ^ _35283_/Y (sky130_fd_sc_hd__o21bai_1)
                                         _10393_ (net)
                  0.21    0.00    6.88 ^ _35284_/A1 (sky130_fd_sc_hd__a21oi_2)
     2    0.01    0.07    0.09    6.97 v _35284_/Y (sky130_fd_sc_hd__a21oi_2)
                                         _10394_ (net)
                  0.07    0.00    6.97 v _35285_/A1 (sky130_fd_sc_hd__o21bai_1)
     1    0.01    0.18    0.20    7.17 ^ _35285_/Y (sky130_fd_sc_hd__o21bai_1)
                                         _10395_ (net)
                  0.18    0.00    7.17 ^ _35286_/A1 (sky130_fd_sc_hd__a21oi_2)
     2    0.01    0.07    0.09    7.26 v _35286_/Y (sky130_fd_sc_hd__a21oi_2)
                                         _10396_ (net)
                  0.07    0.00    7.26 v _35287_/A1 (sky130_fd_sc_hd__o21bai_1)
     1    0.01    0.16    0.18    7.45 ^ _35287_/Y (sky130_fd_sc_hd__o21bai_1)
                                         _10397_ (net)
                  0.16    0.00    7.45 ^ _35288_/A1 (sky130_fd_sc_hd__a21oi_2)
     2    0.01    0.06    0.08    7.53 v _35288_/Y (sky130_fd_sc_hd__a21oi_2)
                                         _10398_ (net)
                  0.06    0.00    7.53 v _35289_/A1 (sky130_fd_sc_hd__o21bai_1)
     1    0.01    0.17    0.19    7.72 ^ _35289_/Y (sky130_fd_sc_hd__o21bai_1)
                                         _10399_ (net)
                  0.17    0.00    7.72 ^ _35290_/A1 (sky130_fd_sc_hd__a21oi_2)
     2    0.01    0.06    0.08    7.80 v _35290_/Y (sky130_fd_sc_hd__a21oi_2)
                                         _10400_ (net)
                  0.06    0.00    7.80 v _35291_/A1 (sky130_fd_sc_hd__o21bai_1)
     1    0.01    0.19    0.20    8.00 ^ _35291_/Y (sky130_fd_sc_hd__o21bai_1)
                                         _10401_ (net)
                  0.19    0.00    8.00 ^ _35292_/A1 (sky130_fd_sc_hd__a21oi_2)
     2    0.01    0.07    0.10    8.10 v _35292_/Y (sky130_fd_sc_hd__a21oi_2)
                                         _10402_ (net)
                  0.07    0.00    8.10 v _35293_/A1 (sky130_fd_sc_hd__o21bai_1)
     1    0.01    0.18    0.20    8.30 ^ _35293_/Y (sky130_fd_sc_hd__o21bai_1)
                                         _10403_ (net)
                  0.18    0.00    8.30 ^ _35294_/A1 (sky130_fd_sc_hd__a21oi_2)
     2    0.01    0.07    0.10    8.40 v _35294_/Y (sky130_fd_sc_hd__a21oi_2)
                                         _10404_ (net)
                  0.07    0.00    8.40 v _36593_/A1 (sky130_fd_sc_hd__o21bai_1)
     1    0.01    0.15    0.18    8.57 ^ _36593_/Y (sky130_fd_sc_hd__o21bai_1)
                                         _11163_ (net)
                  0.15    0.00    8.57 ^ _36594_/A1 (sky130_fd_sc_hd__a21oi_2)
     1    0.00    0.05    0.07    8.64 v _36594_/Y (sky130_fd_sc_hd__a21oi_2)
                                         _11164_ (net)
                  0.05    0.00    8.64 v place2363/A (sky130_fd_sc_hd__buf_4)
     2    0.02    0.04    0.15    8.80 v place2363/X (sky130_fd_sc_hd__buf_4)
                                         net2363 (net)
                  0.04    0.00    8.80 v _36595_/A (sky130_fd_sc_hd__xnor2_4)
     2    0.01    0.07    0.15    8.95 v _36595_/Y (sky130_fd_sc_hd__xnor2_4)
                                         mul_product[22] (net)
                  0.07    0.00    8.95 v _53011_/A (sky130_fd_sc_hd__fa_1)
     2    0.01    0.15    0.61    9.56 ^ _53011_/SUM (sky130_fd_sc_hd__fa_1)
                                         _26542_ (net)
                  0.15    0.00    9.56 ^ _53001_/B (sky130_fd_sc_hd__fa_1)
     1    0.01    0.12    0.49   10.05 v _53001_/SUM (sky130_fd_sc_hd__fa_1)
                                         _26543_ (net)
                  0.12    0.00   10.05 v _53132_/B (sky130_fd_sc_hd__fa_1)
     1    0.01    0.10    0.51   10.56 v _53132_/SUM (sky130_fd_sc_hd__fa_1)
                                         _26785_ (net)
                  0.10    0.00   10.56 v _53114_/B (sky130_fd_sc_hd__fa_1)
     1    0.01    0.08    0.54   11.10 ^ _53114_/SUM (sky130_fd_sc_hd__fa_1)
                                         _26308_ (net)
                  0.08    0.00   11.10 ^ _52937_/CIN (sky130_fd_sc_hd__fa_1)
     1    0.01    0.10    0.44   11.54 v _52937_/SUM (sky130_fd_sc_hd__fa_1)
                                         _26311_ (net)
                  0.10    0.00   11.54 v _53276_/A (sky130_fd_sc_hd__ha_1)
     2    0.01    0.06    0.32   11.87 v _53276_/SUM (sky130_fd_sc_hd__ha_1)
                                         _00379_ (net)
                  0.06    0.00   11.87 v _27428_/B1 (sky130_fd_sc_hd__o21ai_1)
     1    0.00    0.10    0.08   11.95 ^ _27428_/Y (sky130_fd_sc_hd__o21ai_1)
                                         _26147_ (net)
                  0.10    0.00   11.95 ^ _27429_/B (sky130_fd_sc_hd__nand2b_1)
     2    0.02    0.12    0.13   12.08 v _27429_/Y (sky130_fd_sc_hd__nand2b_1)
                                         _26148_ (net)
                  0.12    0.00   12.08 v _27445_/D1 (sky130_fd_sc_hd__a2111oi_2)
     1    0.01    0.30    0.26   12.34 ^ _27445_/Y (sky130_fd_sc_hd__a2111oi_2)
                                         _26164_ (net)
                  0.30    0.00   12.34 ^ _27446_/B1 (sky130_fd_sc_hd__o211ai_1)
     2    0.01    0.15    0.21   12.54 v _27446_/Y (sky130_fd_sc_hd__o211ai_1)
                                         _26165_ (net)
                  0.15    0.00   12.54 v _34010_/A1 (sky130_fd_sc_hd__a311oi_1)
     1    0.01    0.28    0.31   12.85 ^ _34010_/Y (sky130_fd_sc_hd__a311oi_1)
                                         _09590_ (net)
                  0.28    0.00   12.85 ^ _34012_/A2 (sky130_fd_sc_hd__o21ba_2)
     2    0.01    0.10    0.22   13.07 ^ _34012_/X (sky130_fd_sc_hd__o21ba_2)
                                         _09592_ (net)
                  0.10    0.00   13.07 ^ _34013_/A1 (sky130_fd_sc_hd__o21bai_4)
     2    0.01    0.06    0.08   13.15 v _34013_/Y (sky130_fd_sc_hd__o21bai_4)
                                         _09593_ (net)
                  0.06    0.00   13.15 v _34014_/A1 (sky130_fd_sc_hd__a21oi_2)
     3    0.01    0.18    0.20   13.35 ^ _34014_/Y (sky130_fd_sc_hd__a21oi_2)
                                         _09594_ (net)
                  0.18    0.00   13.35 ^ _34118_/A2 (sky130_fd_sc_hd__o21ai_2)
     2    0.01    0.07    0.10   13.45 v _34118_/Y (sky130_fd_sc_hd__o21ai_2)
                                         _09659_ (net)
                  0.07    0.00   13.45 v _34122_/A3 (sky130_fd_sc_hd__o41ai_2)
     2    0.01    0.31    0.35   13.79 ^ _34122_/Y (sky130_fd_sc_hd__o41ai_2)
                                         _09663_ (net)
                  0.31    0.00   13.79 ^ _34123_/A1 (sky130_fd_sc_hd__o21ba_2)
     2    0.02    0.11    0.26   14.05 ^ _34123_/X (sky130_fd_sc_hd__o21ba_2)
                                         _09664_ (net)
                  0.11    0.00   14.05 ^ _34124_/A1 (sky130_fd_sc_hd__o21bai_4)
     2    0.01    0.06    0.09   14.14 v _34124_/Y (sky130_fd_sc_hd__o21bai_4)
                                         _09665_ (net)
                  0.06    0.00   14.14 v _34125_/A (sky130_fd_sc_hd__xor2_2)
     2    0.02    0.31    0.31   14.46 ^ _34125_/X (sky130_fd_sc_hd__xor2_2)
                                         u_mul_reduce.prod[36] (net)
                  0.31    0.00   14.46 ^ _53205_/A (sky130_fd_sc_hd__ha_2)
     1    0.01    0.07    0.25   14.71 ^ _53205_/COUT (sky130_fd_sc_hd__ha_2)
                                         _26913_ (net)
                  0.07    0.00   14.71 ^ _53320_/B (sky130_fd_sc_hd__ha_4)
     1    0.01    0.04    0.20   14.91 v _53320_/SUM (sky130_fd_sc_hd__ha_4)
                                         _26450_ (net)
                  0.04    0.00   14.91 v _52974_/A (sky130_fd_sc_hd__fa_1)
     1    0.00    0.06    0.53   15.44 ^ _52974_/SUM (sky130_fd_sc_hd__fa_1)
                                         _00061_ (net)
                  0.06    0.00   15.44 ^ _36386_/A (sky130_fd_sc_hd__inv_1)
     1    0.01    0.03    0.05   15.49 v _36386_/Y (sky130_fd_sc_hd__inv_1)
                                         _00052_ (net)
                  0.03    0.00   15.49 v _52966_/CIN (sky130_fd_sc_hd__fa_1)
     1    0.00    0.08    0.43   15.92 v _52966_/SUM (sky130_fd_sc_hd__fa_1)
                                         _26422_ (net)
                  0.08    0.00   15.92 v _53263_/B (sky130_fd_sc_hd__ha_1)
     3    0.01    0.08    0.32   16.24 v _53263_/SUM (sky130_fd_sc_hd__ha_1)
                                         _00358_ (net)
                  0.08    0.00   16.24 v _28542_/A2 (sky130_fd_sc_hd__a21o_1)
     1    0.01    0.04    0.20   16.43 v _28542_/X (sky130_fd_sc_hd__a21o_1)
                                         _06000_ (net)
                  0.04    0.00   16.43 v _28543_/A1 (sky130_fd_sc_hd__a21oi_2)
     2    0.01    0.14    0.15   16.59 ^ _28543_/Y (sky130_fd_sc_hd__a21oi_2)
                                         _06001_ (net)
                  0.14    0.00   16.59 ^ _28546_/A2 (sky130_fd_sc_hd__o21ai_1)
     2    0.01    0.07    0.09   16.68 v _28546_/Y (sky130_fd_sc_hd__o21ai_1)
                                         _06004_ (net)
                  0.07    0.00   16.68 v _28547_/C1 (sky130_fd_sc_hd__a311o_1)
     4    0.02    0.12    0.36   17.03 v _28547_/X (sky130_fd_sc_hd__a311o_1)
                                         _06005_ (net)
                  0.12    0.00   17.03 v _28609_/A2 (sky130_fd_sc_hd__a2111oi_2)
     1    0.00    0.28    0.39   17.42 ^ _28609_/Y (sky130_fd_sc_hd__a2111oi_2)
                                         _06067_ (net)
                  0.28    0.00   17.42 ^ _28616_/B (sky130_fd_sc_hd__nor3_1)
     2    0.01    0.10    0.14   17.56 v _28616_/Y (sky130_fd_sc_hd__nor3_1)
                                         _06074_ (net)
                  0.10    0.00   17.56 v _28617_/B1 (sky130_fd_sc_hd__a21oi_2)
     1    0.00    0.10    0.13   17.69 ^ _28617_/Y (sky130_fd_sc_hd__a21oi_2)
                                         _06075_ (net)
                  0.10    0.00   17.69 ^ place2122/A (sky130_fd_sc_hd__buf_4)
     5    0.03    0.09    0.16   17.85 ^ place2122/X (sky130_fd_sc_hd__buf_4)
                                         net2122 (net)
                  0.09    0.00   17.86 ^ _28938_/B (sky130_fd_sc_hd__nand2_4)
     2    0.01    0.03    0.06   17.91 v _28938_/Y (sky130_fd_sc_hd__nand2_4)
                                         _06286_ (net)
                  0.03    0.00   17.91 v _28939_/B (sky130_fd_sc_hd__nor3_2)
     2    0.03    0.54    0.45   18.36 ^ _28939_/Y (sky130_fd_sc_hd__nor3_2)
                                         _06287_ (net)
                  0.54    0.00   18.37 ^ place2115/A (sky130_fd_sc_hd__buf_4)
    10    0.05    0.14    0.29   18.66 ^ place2115/X (sky130_fd_sc_hd__buf_4)
                                         net2115 (net)
                  0.14    0.00   18.66 ^ _31088_/A2 (sky130_fd_sc_hd__a211oi_1)
     2    0.01    0.11    0.14   18.81 v _31088_/Y (sky130_fd_sc_hd__a211oi_1)
                                         _07704_ (net)
                  0.11    0.00   18.81 v _31101_/A1 (sky130_fd_sc_hd__o211a_2)
     4    0.02    0.08    0.34   19.15 v _31101_/X (sky130_fd_sc_hd__o211a_2)
                                         _07717_ (net)
                  0.08    0.00   19.15 v _31147_/B1 (sky130_fd_sc_hd__a2111oi_4)
     9    0.06    0.93    0.86   20.00 ^ _31147_/Y (sky130_fd_sc_hd__a2111oi_4)
                                         _07763_ (net)
                  0.93    0.00   20.01 ^ _48271_/A (sky130_fd_sc_hd__nor3_1)
     1    0.00    0.15    0.14   20.14 v _48271_/Y (sky130_fd_sc_hd__nor3_1)
                                         _22669_ (net)
                  0.15    0.00   20.14 v _48272_/B2 (sky130_fd_sc_hd__o22a_1)
     2    0.01    0.09    0.25   20.39 v _48272_/X (sky130_fd_sc_hd__o22a_1)
                                         _22670_ (net)
                  0.09    0.00   20.39 v _48312_/B2 (sky130_fd_sc_hd__a221o_1)
     2    0.01    0.08    0.37   20.77 v _48312_/X (sky130_fd_sc_hd__a221o_1)
                                         _22710_ (net)
                  0.08    0.00   20.77 v _48359_/A2 (sky130_fd_sc_hd__o211ai_2)
     9    0.04    0.51    0.44   21.21 ^ _48359_/Y (sky130_fd_sc_hd__o211ai_2)
                                         _22757_ (net)
                  0.51    0.00   21.21 ^ place2029/A (sky130_fd_sc_hd__buf_12)
    12    0.04    0.07    0.20   21.41 ^ place2029/X (sky130_fd_sc_hd__buf_12)
                                         net2029 (net)
                  0.07    0.00   21.41 ^ _48422_/B (sky130_fd_sc_hd__and3_1)
     1    0.01    0.08    0.17   21.58 ^ _48422_/X (sky130_fd_sc_hd__and3_1)
                                         _22811_ (net)
                  0.08    0.00   21.58 ^ _48424_/A3 (sky130_fd_sc_hd__o31ai_2)
     1    0.00    0.13    0.06   21.64 v _48424_/Y (sky130_fd_sc_hd__o31ai_2)
                                         _01111_ (net)
                  0.13    0.00   21.64 v mul_reduced_q[2]$_DFFE_PN0P_/D (sky130_fd_sc_hd__dfrtp_1)
                                 21.64   data arrival time

                  0.00   20.00   20.00   clock clk (rise edge)
                          0.00   20.00   clock network delay (ideal)
                         -0.25   19.75   clock uncertainty
                          0.00   19.75   clock reconvergence pessimism
                                 19.75 ^ mul_reduced_q[2]$_DFFE_PN0P_/CLK (sky130_fd_sc_hd__dfrtp_1)
                         -0.16   19.59   library setup time
                                 19.59   data required time
-----------------------------------------------------------------------------
                                 19.59   data required time
                                -21.64   data arrival time
-----------------------------------------------------------------------------
                                 -2.05   slack (VIOLATED)



==========================================================================
detailed place report_check_types -max_slew -max_cap -max_fanout -violators
--------------------------------------------------------------------------

==========================================================================
detailed place max_slew_check_slack
--------------------------------------------------------------------------
0.0062220231629908085

==========================================================================
detailed place max_slew_check_limit
--------------------------------------------------------------------------
1.4930319786071777

==========================================================================
detailed place max_slew_check_slack_limit
--------------------------------------------------------------------------
0.0042

==========================================================================
detailed place max_fanout_check_slack
--------------------------------------------------------------------------
1.0000000150474662e+30

==========================================================================
detailed place max_fanout_check_limit
--------------------------------------------------------------------------
1.0000000150474662e+30

==========================================================================
detailed place max_capacitance_check_slack
--------------------------------------------------------------------------
-0.0005932076601311564

==========================================================================
detailed place max_capacitance_check_limit
--------------------------------------------------------------------------
0.06592799723148346

==========================================================================
detailed place max_capacitance_check_slack_limit
--------------------------------------------------------------------------
-0.0090

==========================================================================
detailed place max_slew_violation_count
--------------------------------------------------------------------------
max slew violation count 0

==========================================================================
detailed place max_fanout_violation_count
--------------------------------------------------------------------------
max fanout violation count 0

==========================================================================
detailed place max_cap_violation_count
--------------------------------------------------------------------------
max cap violation count 0

==========================================================================
detailed place setup_violation_count
--------------------------------------------------------------------------
setup violation count 12

==========================================================================
detailed place hold_violation_count
--------------------------------------------------------------------------
hold violation count 0

==========================================================================
detailed place report_checks -path_delay max reg to reg
--------------------------------------------------------------------------
Startpoint: coeff_a_q[1]$_DFFE_PN0P_
            (rising edge-triggered flip-flop clocked by clk)
Endpoint: mul_reduced_q[2]$_DFFE_PN0P_
          (rising edge-triggered flip-flop clocked by clk)
Path Group: clk
Path Type: max

  Delay    Time   Description
---------------------------------------------------------
   0.00    0.00   clock clk (rise edge)
   0.00    0.00   clock network delay (ideal)
   0.00    0.00 ^ coeff_a_q[1]$_DFFE_PN0P_/CLK (sky130_fd_sc_hd__dfrtp_2)
   0.40    0.40 v coeff_a_q[1]$_DFFE_PN0P_/Q (sky130_fd_sc_hd__dfrtp_2)
   0.27    0.67 ^ _53501_/SUM (sky130_fd_sc_hd__ha_4)
   0.04    0.71 v _36525_/Y (sky130_fd_sc_hd__inv_2)
   0.15    0.86 v _53574_/COUT (sky130_fd_sc_hd__ha_4)
   0.37    1.23 v _53157_/COUT (sky130_fd_sc_hd__fa_2)
   0.13    1.37 ^ _29547_/Y (sky130_fd_sc_hd__a21oi_2)
   0.05    1.42 v _29548_/Y (sky130_fd_sc_hd__nor2_1)
   0.19    1.60 ^ _29549_/Y (sky130_fd_sc_hd__nor2_1)
   0.13    1.73 v _29560_/Y (sky130_fd_sc_hd__xnor2_1)
   0.18    1.92 ^ _29563_/Y (sky130_fd_sc_hd__nor3_1)
   0.19    2.11 ^ _29564_/Y (sky130_fd_sc_hd__nor2b_1)
   0.18    2.29 ^ _29565_/Y (sky130_fd_sc_hd__nor2b_2)
   0.06    2.35 v _29566_/Y (sky130_fd_sc_hd__nand2_1)
   0.16    2.51 ^ _29567_/Y (sky130_fd_sc_hd__a21oi_1)
   0.06    2.57 v _29568_/Y (sky130_fd_sc_hd__nor2_1)
   0.24    2.82 v _29574_/X (sky130_fd_sc_hd__o211a_1)
   0.25    3.07 v _29575_/X (sky130_fd_sc_hd__or2_4)
   0.17    3.24 v _36444_/X (sky130_fd_sc_hd__and2_4)
   0.14    3.38 v _36465_/X (sky130_fd_sc_hd__xor2_1)
   0.26    3.64 ^ _36466_/Y (sky130_fd_sc_hd__mux2i_1)
   0.17    3.81 v _36467_/Y (sky130_fd_sc_hd__nor2_1)
   0.25    4.06 ^ _36468_/Y (sky130_fd_sc_hd__a21oi_2)
   0.09    4.14 v _52340_/Y (sky130_fd_sc_hd__nor2_1)
   0.50    4.65 v _53080_/SUM (sky130_fd_sc_hd__fa_1)
   0.58    5.23 ^ _53135_/SUM (sky130_fd_sc_hd__fa_2)
   0.20    5.43 v _53271_/SUM (sky130_fd_sc_hd__ha_4)
   0.49    5.92 ^ _52933_/SUM (sky130_fd_sc_hd__fa_1)
   0.45    6.37 v _53161_/SUM (sky130_fd_sc_hd__fa_1)
   0.29    6.66 ^ _53452_/SUM (sky130_fd_sc_hd__ha_4)
   0.03    6.69 v _29492_/Y (sky130_fd_sc_hd__inv_2)
   0.19    6.88 ^ _35283_/Y (sky130_fd_sc_hd__o21bai_1)
   0.09    6.97 v _35284_/Y (sky130_fd_sc_hd__a21oi_2)
   0.20    7.17 ^ _35285_/Y (sky130_fd_sc_hd__o21bai_1)
   0.09    7.26 v _35286_/Y (sky130_fd_sc_hd__a21oi_2)
   0.18    7.45 ^ _35287_/Y (sky130_fd_sc_hd__o21bai_1)
   0.08    7.53 v _35288_/Y (sky130_fd_sc_hd__a21oi_2)
   0.19    7.72 ^ _35289_/Y (sky130_fd_sc_hd__o21bai_1)
   0.08    7.80 v _35290_/Y (sky130_fd_sc_hd__a21oi_2)
   0.20    8.00 ^ _35291_/Y (sky130_fd_sc_hd__o21bai_1)
   0.10    8.10 v _35292_/Y (sky130_fd_sc_hd__a21oi_2)
   0.20    8.30 ^ _35293_/Y (sky130_fd_sc_hd__o21bai_1)
   0.10    8.40 v _35294_/Y (sky130_fd_sc_hd__a21oi_2)
   0.18    8.57 ^ _36593_/Y (sky130_fd_sc_hd__o21bai_1)
   0.07    8.64 v _36594_/Y (sky130_fd_sc_hd__a21oi_2)
   0.15    8.80 v place2363/X (sky130_fd_sc_hd__buf_4)
   0.15    8.95 v _36595_/Y (sky130_fd_sc_hd__xnor2_4)
   0.61    9.56 ^ _53011_/SUM (sky130_fd_sc_hd__fa_1)
   0.49   10.05 v _53001_/SUM (sky130_fd_sc_hd__fa_1)
   0.51   10.56 v _53132_/SUM (sky130_fd_sc_hd__fa_1)
   0.54   11.10 ^ _53114_/SUM (sky130_fd_sc_hd__fa_1)
   0.44   11.54 v _52937_/SUM (sky130_fd_sc_hd__fa_1)
   0.32   11.87 v _53276_/SUM (sky130_fd_sc_hd__ha_1)
   0.08   11.95 ^ _27428_/Y (sky130_fd_sc_hd__o21ai_1)
   0.13   12.08 v _27429_/Y (sky130_fd_sc_hd__nand2b_1)
   0.26   12.34 ^ _27445_/Y (sky130_fd_sc_hd__a2111oi_2)
   0.21   12.54 v _27446_/Y (sky130_fd_sc_hd__o211ai_1)
   0.31   12.85 ^ _34010_/Y (sky130_fd_sc_hd__a311oi_1)
   0.22   13.07 ^ _34012_/X (sky130_fd_sc_hd__o21ba_2)
   0.08   13.15 v _34013_/Y (sky130_fd_sc_hd__o21bai_4)
   0.20   13.35 ^ _34014_/Y (sky130_fd_sc_hd__a21oi_2)
   0.10   13.45 v _34118_/Y (sky130_fd_sc_hd__o21ai_2)
   0.35   13.79 ^ _34122_/Y (sky130_fd_sc_hd__o41ai_2)
   0.26   14.05 ^ _34123_/X (sky130_fd_sc_hd__o21ba_2)
   0.09   14.14 v _34124_/Y (sky130_fd_sc_hd__o21bai_4)
   0.31   14.46 ^ _34125_/X (sky130_fd_sc_hd__xor2_2)
   0.25   14.71 ^ _53205_/COUT (sky130_fd_sc_hd__ha_2)
   0.20   14.91 v _53320_/SUM (sky130_fd_sc_hd__ha_4)
   0.53   15.44 ^ _52974_/SUM (sky130_fd_sc_hd__fa_1)
   0.05   15.49 v _36386_/Y (sky130_fd_sc_hd__inv_1)
   0.43   15.92 v _52966_/SUM (sky130_fd_sc_hd__fa_1)
   0.32   16.24 v _53263_/SUM (sky130_fd_sc_hd__ha_1)
   0.20   16.43 v _28542_/X (sky130_fd_sc_hd__a21o_1)
   0.15   16.59 ^ _28543_/Y (sky130_fd_sc_hd__a21oi_2)
   0.09   16.68 v _28546_/Y (sky130_fd_sc_hd__o21ai_1)
   0.36   17.03 v _28547_/X (sky130_fd_sc_hd__a311o_1)
   0.39   17.42 ^ _28609_/Y (sky130_fd_sc_hd__a2111oi_2)
   0.14   17.56 v _28616_/Y (sky130_fd_sc_hd__nor3_1)
   0.13   17.69 ^ _28617_/Y (sky130_fd_sc_hd__a21oi_2)
   0.16   17.85 ^ place2122/X (sky130_fd_sc_hd__buf_4)
   0.06   17.91 v _28938_/Y (sky130_fd_sc_hd__nand2_4)
   0.45   18.36 ^ _28939_/Y (sky130_fd_sc_hd__nor3_2)
   0.30   18.66 ^ place2115/X (sky130_fd_sc_hd__buf_4)
   0.15   18.81 v _31088_/Y (sky130_fd_sc_hd__a211oi_1)
   0.34   19.15 v _31101_/X (sky130_fd_sc_hd__o211a_2)
   0.86   20.00 ^ _31147_/Y (sky130_fd_sc_hd__a2111oi_4)
   0.14   20.14 v _48271_/Y (sky130_fd_sc_hd__nor3_1)
   0.25   20.39 v _48272_/X (sky130_fd_sc_hd__o22a_1)
   0.37   20.77 v _48312_/X (sky130_fd_sc_hd__a221o_1)
   0.44   21.21 ^ _48359_/Y (sky130_fd_sc_hd__o211ai_2)
   0.20   21.41 ^ place2029/X (sky130_fd_sc_hd__buf_12)
   0.17   21.58 ^ _48422_/X (sky130_fd_sc_hd__and3_1)
   0.06   21.64 v _48424_/Y (sky130_fd_sc_hd__o31ai_2)
   0.00   21.64 v mul_reduced_q[2]$_DFFE_PN0P_/D (sky130_fd_sc_hd__dfrtp_1)
          21.64   data arrival time

  20.00   20.00   clock clk (rise edge)
   0.00   20.00   clock network delay (ideal)
  -0.25   19.75   clock uncertainty
   0.00   19.75   clock reconvergence pessimism
          19.75 ^ mul_reduced_q[2]$_DFFE_PN0P_/CLK (sky130_fd_sc_hd__dfrtp_1)
  -0.16   19.59   library setup time
          19.59   data required time
---------------------------------------------------------
          19.59   data required time
         -21.64   data arrival time
---------------------------------------------------------
          -2.05   slack (VIOLATED)



==========================================================================
detailed place report_checks -path_delay min reg to reg
--------------------------------------------------------------------------
Startpoint: st[10]$_DFF_PN0_ (rising edge-triggered flip-flop clocked by clk)
Endpoint: done$_DFF_PN0_ (rising edge-triggered flip-flop clocked by clk)
Path Group: clk
Path Type: min

  Delay    Time   Description
---------------------------------------------------------
   0.00    0.00   clock clk (rise edge)
   0.00    0.00   clock network delay (ideal)
   0.00    0.00 ^ st[10]$_DFF_PN0_/CLK (sky130_fd_sc_hd__dfrtp_1)
   0.32    0.32 ^ st[10]$_DFF_PN0_/Q (sky130_fd_sc_hd__dfrtp_1)
   0.00    0.32 ^ done$_DFF_PN0_/D (sky130_fd_sc_hd__dfrtp_1)
           0.32   data arrival time

   0.00    0.00   clock clk (rise edge)
   0.00    0.00   clock network delay (ideal)
   0.25    0.25   clock uncertainty
   0.00    0.25   clock reconvergence pessimism
           0.25 ^ done$_DFF_PN0_/CLK (sky130_fd_sc_hd__dfrtp_1)
  -0.05    0.20   library hold time
           0.20   data required time
---------------------------------------------------------
           0.20   data required time
          -0.32   data arrival time
---------------------------------------------------------
           0.11   slack (MET)



==========================================================================
detailed place critical path target clock latency max path
--------------------------------------------------------------------------
0.0000

==========================================================================
detailed place critical path target clock latency min path
--------------------------------------------------------------------------
0.0000

==========================================================================
detailed place critical path source clock latency min path
--------------------------------------------------------------------------
0.0000

==========================================================================
detailed place critical path delay
--------------------------------------------------------------------------
21.6417

==========================================================================
detailed place critical path slack
--------------------------------------------------------------------------
-2.0550

==========================================================================
detailed place slack div critical path delay
--------------------------------------------------------------------------
-9.495557

==========================================================================
detailed place report_power
--------------------------------------------------------------------------
Group                  Internal  Switching    Leakage      Total
                          Power      Power      Power      Power (Watts)
----------------------------------------------------------------
Sequential             9.57e-03   3.78e-05   4.53e-08   9.61e-03  99.5%
Combinational          2.13e-05   2.91e-05   4.65e-08   5.05e-05   0.5%
Clock                  0.00e+00   0.00e+00   0.00e+00   0.00e+00   0.0%
Macro                  0.00e+00   0.00e+00   0.00e+00   0.00e+00   0.0%
Pad                    0.00e+00   0.00e+00   0.00e+00   0.00e+00   0.0%
----------------------------------------------------------------
Total                  9.59e-03   6.69e-05   9.18e-08   9.66e-03 100.0%
                          99.3%       0.7%       0.0%
