
==========================================================================
cts final report_tns
--------------------------------------------------------------------------
tns max -15.27

==========================================================================
cts final report_wns
--------------------------------------------------------------------------
wns max -1.30

==========================================================================
cts final report_worst_slack
--------------------------------------------------------------------------
worst slack max -1.30

==========================================================================
cts final report_clock_min_period
--------------------------------------------------------------------------
clk period_min = 21.30 fmax = 46.95

==========================================================================
cts final report_clock_skew
--------------------------------------------------------------------------
Clock clk
   1.18 source latency j[4]$_DFFE_PN0P_/CLK ^
  -1.07 target latency coeff_ram[64][0]$_DFFE_PP_/CLK ^
   0.25 clock uncertainty
   0.00 CRPR
--------------
   0.36 setup skew


==========================================================================
cts final report_checks -path_delay min
--------------------------------------------------------------------------
Startpoint: st[10]$_DFF_PN0_ (rising edge-triggered flip-flop clocked by clk)
Endpoint: done$_DFF_PN0_ (rising edge-triggered flip-flop clocked by clk)
Path Group: clk
Path Type: min

Fanout     Cap    Slew   Delay    Time   Description
-----------------------------------------------------------------------------
                          0.00    0.00   clock clk (rise edge)
                          0.00    0.00   clock source latency
     1    0.17    0.00    0.00    0.00 ^ clk (in)
                                         clk (net)
                  0.02    0.01    0.01 ^ clkbuf_0_clk/A (sky130_fd_sc_hd__clkbuf_16)
     4    0.21    0.22    0.25    0.25 ^ clkbuf_0_clk/X (sky130_fd_sc_hd__clkbuf_16)
                                         clknet_0_clk (net)
                  0.22    0.01    0.26 ^ clkbuf_2_3_0_clk/A (sky130_fd_sc_hd__clkbuf_16)
     8    0.22    0.23    0.33    0.59 ^ clkbuf_2_3_0_clk/X (sky130_fd_sc_hd__clkbuf_16)
                                         clknet_2_3_0_clk (net)
                  0.23    0.01    0.59 ^ clkbuf_5_26__f_clk/A (sky130_fd_sc_hd__clkbuf_16)
    17    0.27    0.27    0.36    0.95 ^ clkbuf_5_26__f_clk/X (sky130_fd_sc_hd__clkbuf_16)
                                         clknet_5_26__leaf_clk (net)
                  0.27    0.01    0.96 ^ clkbuf_leaf_270_clk/A (sky130_fd_sc_hd__clkbuf_16)
    10    0.03    0.06    0.21    1.17 ^ clkbuf_leaf_270_clk/X (sky130_fd_sc_hd__clkbuf_16)
                                         clknet_leaf_270_clk (net)
                  0.06    0.00    1.17 ^ st[10]$_DFF_PN0_/CLK (sky130_fd_sc_hd__dfrtp_1)
     2    0.01    0.07    0.34    1.51 ^ st[10]$_DFF_PN0_/Q (sky130_fd_sc_hd__dfrtp_1)
                                         st[10] (net)
                  0.07    0.00    1.51 ^ done$_DFF_PN0_/D (sky130_fd_sc_hd__dfrtp_1)
                                  1.51   data arrival time

                          0.00    0.00   clock clk (rise edge)
                          0.00    0.00   clock source latency
     1    0.17    0.00    0.00    0.00 ^ clk (in)
                                         clk (net)
                  0.02    0.01    0.01 ^ clkbuf_0_clk/A (sky130_fd_sc_hd__clkbuf_16)
     4    0.21    0.22    0.25    0.25 ^ clkbuf_0_clk/X (sky130_fd_sc_hd__clkbuf_16)
                                         clknet_0_clk (net)
                  0.22    0.01    0.26 ^ clkbuf_2_3_0_clk/A (sky130_fd_sc_hd__clkbuf_16)
     8    0.22    0.23    0.33    0.59 ^ clkbuf_2_3_0_clk/X (sky130_fd_sc_hd__clkbuf_16)
                                         clknet_2_3_0_clk (net)
                  0.23    0.01    0.59 ^ clkbuf_5_26__f_clk/A (sky130_fd_sc_hd__clkbuf_16)
    17    0.27    0.27    0.36    0.95 ^ clkbuf_5_26__f_clk/X (sky130_fd_sc_hd__clkbuf_16)
                                         clknet_5_26__leaf_clk (net)
                  0.27    0.01    0.96 ^ clkbuf_leaf_270_clk/A (sky130_fd_sc_hd__clkbuf_16)
    10    0.03    0.06    0.21    1.17 ^ clkbuf_leaf_270_clk/X (sky130_fd_sc_hd__clkbuf_16)
                                         clknet_leaf_270_clk (net)
                  0.06    0.00    1.17 ^ done$_DFF_PN0_/CLK (sky130_fd_sc_hd__dfrtp_1)
                          0.25    1.42   clock uncertainty
                          0.00    1.42   clock reconvergence pessimism
                         -0.04    1.38   library hold time
                                  1.38   data required time
-----------------------------------------------------------------------------
                                  1.38   data required time
                                 -1.51   data arrival time
-----------------------------------------------------------------------------
                                  0.13   slack (MET)



==========================================================================
cts final report_checks -path_delay max
--------------------------------------------------------------------------
Startpoint: coeff_a_q[1]$_DFFE_PN0P_
            (rising edge-triggered flip-flop clocked by clk)
Endpoint: mul_reduced_q[2]$_DFFE_PN0P_
          (rising edge-triggered flip-flop clocked by clk)
Path Group: clk
Path Type: max

Fanout     Cap    Slew   Delay    Time   Description
-----------------------------------------------------------------------------
                          0.00    0.00   clock clk (rise edge)
                          0.00    0.00   clock source latency
     1    0.17    0.00    0.00    0.00 ^ clk (in)
                                         clk (net)
                  0.02    0.01    0.01 ^ clkbuf_0_clk/A (sky130_fd_sc_hd__clkbuf_16)
     4    0.21    0.22    0.25    0.25 ^ clkbuf_0_clk/X (sky130_fd_sc_hd__clkbuf_16)
                                         clknet_0_clk (net)
                  0.22    0.01    0.26 ^ clkbuf_2_1_0_clk/A (sky130_fd_sc_hd__clkbuf_16)
     8    0.21    0.22    0.32    0.58 ^ clkbuf_2_1_0_clk/X (sky130_fd_sc_hd__clkbuf_16)
                                         clknet_2_1_0_clk (net)
                  0.22    0.00    0.58 ^ clkbuf_5_15__f_clk/A (sky130_fd_sc_hd__clkbuf_16)
    16    0.25    0.26    0.35    0.93 ^ clkbuf_5_15__f_clk/X (sky130_fd_sc_hd__clkbuf_16)
                                         clknet_5_15__leaf_clk (net)
                  0.26    0.01    0.93 ^ clkbuf_leaf_334_clk/A (sky130_fd_sc_hd__clkbuf_16)
    11    0.04    0.06    0.21    1.14 ^ clkbuf_leaf_334_clk/X (sky130_fd_sc_hd__clkbuf_16)
                                         clknet_leaf_334_clk (net)
                  0.06    0.00    1.14 ^ coeff_a_q[1]$_DFFE_PN0P_/CLK (sky130_fd_sc_hd__dfrtp_2)
     2    0.01    0.06    0.42    1.57 v coeff_a_q[1]$_DFFE_PN0P_/Q (sky130_fd_sc_hd__dfrtp_2)
                                         coeff_a_q[1] (net)
                  0.06    0.00    1.57 v _53501_/B (sky130_fd_sc_hd__ha_4)
     2    0.01    0.04    0.27    1.84 ^ _53501_/SUM (sky130_fd_sc_hd__ha_4)
                                         _00673_ (net)
                  0.04    0.00    1.84 ^ _36525_/A (sky130_fd_sc_hd__inv_2)
     1    0.01    0.02    0.04    1.87 v _36525_/Y (sky130_fd_sc_hd__inv_2)
                                         _00722_ (net)
                  0.02    0.00    1.87 v _53574_/B (sky130_fd_sc_hd__ha_4)
     2    0.01    0.03    0.15    2.02 v _53574_/COUT (sky130_fd_sc_hd__ha_4)
                                         _00216_ (net)
                  0.03    0.00    2.02 v _53157_/CIN (sky130_fd_sc_hd__fa_2)
     2    0.01    0.08    0.35    2.37 v _53157_/COUT (sky130_fd_sc_hd__fa_2)
                                         _00219_ (net)
                  0.08    0.00    2.37 v _29547_/A2 (sky130_fd_sc_hd__a21oi_2)
     1    0.00    0.10    0.15    2.52 ^ _29547_/Y (sky130_fd_sc_hd__a21oi_2)
                                         _06685_ (net)
                  0.10    0.00    2.52 ^ _29548_/B (sky130_fd_sc_hd__nor2_1)
     1    0.00    0.04    0.06    2.58 v _29548_/Y (sky130_fd_sc_hd__nor2_1)
                                         _06686_ (net)
                  0.04    0.00    2.58 v _29549_/B (sky130_fd_sc_hd__nor2_2)
     2    0.01    0.14    0.13    2.70 ^ _29549_/Y (sky130_fd_sc_hd__nor2_2)
                                         _06687_ (net)
                  0.14    0.00    2.70 ^ _29560_/A (sky130_fd_sc_hd__xnor2_1)
     2    0.01    0.07    0.11    2.81 v _29560_/Y (sky130_fd_sc_hd__xnor2_1)
                                         _06698_ (net)
                  0.07    0.00    2.82 v _29563_/B (sky130_fd_sc_hd__nor3_1)
     2    0.00    0.20    0.21    3.03 ^ _29563_/Y (sky130_fd_sc_hd__nor3_1)
                                         _06701_ (net)
                  0.20    0.00    3.03 ^ _29564_/B_N (sky130_fd_sc_hd__nor2b_2)
     2    0.01    0.10    0.19    3.22 ^ _29564_/Y (sky130_fd_sc_hd__nor2b_2)
                                         _06702_ (net)
                  0.10    0.00    3.22 ^ _29565_/B_N (sky130_fd_sc_hd__nor2b_4)
     2    0.01    0.08    0.16    3.38 ^ _29565_/Y (sky130_fd_sc_hd__nor2b_4)
                                         _06703_ (net)
                  0.08    0.00    3.38 ^ _29566_/B (sky130_fd_sc_hd__nand2_1)
     1    0.01    0.09    0.07    3.45 v _29566_/Y (sky130_fd_sc_hd__nand2_1)
                                         _06704_ (net)
                  0.09    0.00    3.45 v _29567_/B1 (sky130_fd_sc_hd__a21oi_2)
     1    0.01    0.12    0.14    3.59 ^ _29567_/Y (sky130_fd_sc_hd__a21oi_2)
                                         _06705_ (net)
                  0.12    0.00    3.59 ^ _29568_/B (sky130_fd_sc_hd__nor2_1)
     1    0.00    0.06    0.06    3.65 v _29568_/Y (sky130_fd_sc_hd__nor2_1)
                                         _06706_ (net)
                  0.06    0.00    3.65 v _29574_/A2 (sky130_fd_sc_hd__o211a_1)
     2    0.01    0.05    0.22    3.87 v _29574_/X (sky130_fd_sc_hd__o211a_1)
                                         _06712_ (net)
                  0.05    0.00    3.87 v _29575_/B (sky130_fd_sc_hd__or2_4)
     4    0.01    0.06    0.25    4.12 v _29575_/X (sky130_fd_sc_hd__or2_4)
                                         _06713_ (net)
                  0.06    0.00    4.12 v _36452_/C (sky130_fd_sc_hd__and3_4)
     3    0.01    0.04    0.19    4.31 v _36452_/X (sky130_fd_sc_hd__and3_4)
                                         _11106_ (net)
                  0.04    0.00    4.31 v _36459_/B (sky130_fd_sc_hd__nand2b_1)
     1    0.01    0.08    0.08    4.40 ^ _36459_/Y (sky130_fd_sc_hd__nand2b_1)
                                         _11112_ (net)
                  0.08    0.00    4.40 ^ _36460_/B (sky130_fd_sc_hd__xor2_1)
     1    0.00    0.04    0.06    4.46 v _36460_/X (sky130_fd_sc_hd__xor2_1)
                                         _11113_ (net)
                  0.04    0.00    4.46 v _36462_/A2 (sky130_fd_sc_hd__a211o_1)
     4    0.02    0.12    0.37    4.83 v _36462_/X (sky130_fd_sc_hd__a211o_1)
                                         _11115_ (net)
                  0.12    0.00    4.83 v _36463_/B1_N (sky130_fd_sc_hd__a21boi_4)
     1    0.01    0.05    0.17    5.00 v _36463_/Y (sky130_fd_sc_hd__a21boi_4)
                                         _11116_ (net)
                  0.05    0.00    5.00 v rebuffer3826/A (sky130_fd_sc_hd__buf_12)
     7    0.05    0.04    0.15    5.15 v rebuffer3826/X (sky130_fd_sc_hd__buf_12)
                                         net3826 (net)
                  0.04    0.00    5.15 v _36555_/B (sky130_fd_sc_hd__nor2_4)
     1    0.01    0.08    0.08    5.23 ^ _36555_/Y (sky130_fd_sc_hd__nor2_4)
                                         _00235_ (net)
                  0.08    0.00    5.23 ^ _53169_/B (sky130_fd_sc_hd__fa_2)
     1    0.01    0.09    0.45    5.69 v _53169_/SUM (sky130_fd_sc_hd__fa_2)
                                         _26764_ (net)
                  0.09    0.00    5.69 v _53105_/B (sky130_fd_sc_hd__fa_2)
     1    0.01    0.08    0.39    6.08 v _53105_/COUT (sky130_fd_sc_hd__fa_2)
                                         _26527_ (net)
                  0.08    0.00    6.08 v _52996_/B (sky130_fd_sc_hd__fa_1)
     1    0.01    0.09    0.54    6.62 ^ _52996_/SUM (sky130_fd_sc_hd__fa_1)
                                         _26529_ (net)
                  0.09    0.00    6.62 ^ _53104_/B (sky130_fd_sc_hd__fa_1)
     1    0.01    0.10    0.45    7.07 v _53104_/SUM (sky130_fd_sc_hd__fa_1)
                                         _26572_ (net)
                  0.10    0.00    7.07 v _53010_/B (sky130_fd_sc_hd__fa_1)
     1    0.01    0.11    0.52    7.59 v _53010_/SUM (sky130_fd_sc_hd__fa_1)
                                         _26574_ (net)
                  0.11    0.00    7.59 v _53383_/A (sky130_fd_sc_hd__ha_4)
     2    0.01    0.04    0.29    7.88 ^ _53383_/SUM (sky130_fd_sc_hd__ha_4)
                                         _00525_ (net)
                  0.04    0.00    7.88 ^ _35282_/A (sky130_fd_sc_hd__inv_2)
     2    0.01    0.02    0.03    7.91 v _35282_/Y (sky130_fd_sc_hd__inv_2)
                                         _10392_ (net)
                  0.02    0.00    7.91 v _35285_/A1 (sky130_fd_sc_hd__o21bai_1)
     1    0.01    0.19    0.18    8.09 ^ _35285_/Y (sky130_fd_sc_hd__o21bai_1)
                                         _10395_ (net)
                  0.19    0.00    8.09 ^ _35286_/A2 (sky130_fd_sc_hd__a21oi_2)
     2    0.01    0.05    0.09    8.18 v _35286_/Y (sky130_fd_sc_hd__a21oi_2)
                                         _10396_ (net)
                  0.05    0.00    8.18 v _35287_/A2 (sky130_fd_sc_hd__o21bai_1)
     1    0.01    0.17    0.17    8.35 ^ _35287_/Y (sky130_fd_sc_hd__o21bai_1)
                                         _10397_ (net)
                  0.17    0.00    8.35 ^ _35288_/A2 (sky130_fd_sc_hd__a21oi_2)
     2    0.01    0.05    0.09    8.44 v _35288_/Y (sky130_fd_sc_hd__a21oi_2)
                                         _10398_ (net)
                  0.05    0.00    8.44 v _35289_/A2 (sky130_fd_sc_hd__o21bai_1)
     1    0.01    0.18    0.18    8.62 ^ _35289_/Y (sky130_fd_sc_hd__o21bai_1)
                                         _10399_ (net)
                  0.18    0.00    8.62 ^ _35290_/A2 (sky130_fd_sc_hd__a21oi_2)
     2    0.01    0.05    0.09    8.71 v _35290_/Y (sky130_fd_sc_hd__a21oi_2)
                                         _10400_ (net)
                  0.05    0.00    8.71 v _35291_/A2 (sky130_fd_sc_hd__o21bai_1)
     1    0.01    0.20    0.19    8.90 ^ _35291_/Y (sky130_fd_sc_hd__o21bai_1)
                                         _10401_ (net)
                  0.20    0.00    8.90 ^ _35292_/A2 (sky130_fd_sc_hd__a21oi_2)
     2    0.01    0.05    0.09    8.99 v _35292_/Y (sky130_fd_sc_hd__a21oi_2)
                                         _10402_ (net)
                  0.05    0.00    8.99 v rebuffer3739/A (sky130_fd_sc_hd__buf_4)
     1    0.02    0.04    0.15    9.15 v rebuffer3739/X (sky130_fd_sc_hd__buf_4)
                                         net3739 (net)
                  0.04    0.00    9.15 v _47947_/A (sky130_fd_sc_hd__xnor2_4)
     2    0.02    0.21    0.22    9.37 ^ _47947_/Y (sky130_fd_sc_hd__xnor2_4)
                                         _00208_ (net)
                  0.21    0.00    9.37 ^ _47948_/A (sky130_fd_sc_hd__clkinvlp_4)
     4    0.03    0.16    0.22    9.59 v _47948_/Y (sky130_fd_sc_hd__clkinvlp_4)
                                         mul_product[18] (net)
                  0.16    0.00    9.59 v _53055_/A (sky130_fd_sc_hd__fa_1)
     2    0.01    0.12    0.57   10.16 v _53055_/SUM (sky130_fd_sc_hd__fa_1)
                                         _26261_ (net)
                  0.12    0.00   10.16 v _52926_/A (sky130_fd_sc_hd__fa_1)
     1    0.01    0.13    0.56   10.73 v _52926_/SUM (sky130_fd_sc_hd__fa_1)
                                         _26263_ (net)
                  0.13    0.00   10.73 v _52972_/A (sky130_fd_sc_hd__fa_1)
     1    0.01    0.09    0.58   11.31 ^ _52972_/SUM (sky130_fd_sc_hd__fa_1)
                                         _26444_ (net)
                  0.09    0.00   11.31 ^ _53116_/B (sky130_fd_sc_hd__fa_1)
     1    0.01    0.09    0.43   11.74 v _53116_/SUM (sky130_fd_sc_hd__fa_1)
                                         _26789_ (net)
                  0.09    0.00   11.74 v _53120_/CIN (sky130_fd_sc_hd__fa_1)
     1    0.01    0.12    0.54   12.29 ^ _53120_/SUM (sky130_fd_sc_hd__fa_1)
                                         _26801_ (net)
                  0.12    0.00   12.29 ^ _53390_/B (sky130_fd_sc_hd__ha_4)
     2    0.01    0.04    0.22   12.50 v _53390_/SUM (sky130_fd_sc_hd__ha_4)
                                         _00536_ (net)
                  0.04    0.00   12.50 v _27426_/A1 (sky130_fd_sc_hd__a21oi_2)
     1    0.01    0.11    0.13   12.63 ^ _27426_/Y (sky130_fd_sc_hd__a21oi_2)
                                         _26145_ (net)
                  0.11    0.00   12.63 ^ _27427_/A (sky130_fd_sc_hd__nor2b_1)
     1    0.00    0.04    0.06   12.68 v _27427_/Y (sky130_fd_sc_hd__nor2b_1)
                                         _26146_ (net)
                  0.04    0.00   12.68 v _27428_/A2 (sky130_fd_sc_hd__o21ai_1)
     1    0.00    0.10    0.11   12.79 ^ _27428_/Y (sky130_fd_sc_hd__o21ai_1)
                                         _26147_ (net)
                  0.10    0.00   12.79 ^ _27429_/B (sky130_fd_sc_hd__nand2b_1)
     2    0.02    0.12    0.13   12.93 v _27429_/Y (sky130_fd_sc_hd__nand2b_1)
                                         _26148_ (net)
                  0.12    0.00   12.93 v _27445_/C1 (sky130_fd_sc_hd__a2111oi_2)
     1    0.01    0.31    0.33   13.26 ^ _27445_/Y (sky130_fd_sc_hd__a2111oi_2)
                                         _26164_ (net)
                  0.31    0.00   13.26 ^ _27446_/C1 (sky130_fd_sc_hd__o211ai_1)
     2    0.01    0.16    0.21   13.47 v _27446_/Y (sky130_fd_sc_hd__o211ai_1)
                                         _26165_ (net)
                  0.16    0.00   13.47 v _34010_/A3 (sky130_fd_sc_hd__a311oi_1)
     1    0.01    0.28    0.36   13.82 ^ _34010_/Y (sky130_fd_sc_hd__a311oi_1)
                                         _09590_ (net)
                  0.28    0.00   13.83 ^ _34012_/A1 (sky130_fd_sc_hd__o21ba_2)
     2    0.01    0.10    0.24   14.06 ^ _34012_/X (sky130_fd_sc_hd__o21ba_2)
                                         _09592_ (net)
                  0.10    0.00   14.06 ^ _34013_/A1 (sky130_fd_sc_hd__o21bai_4)
     2    0.01    0.06    0.09   14.15 v _34013_/Y (sky130_fd_sc_hd__o21bai_4)
                                         _09593_ (net)
                  0.06    0.00   14.15 v _34014_/A1 (sky130_fd_sc_hd__a21oi_4)
     3    0.01    0.14    0.16   14.31 ^ _34014_/Y (sky130_fd_sc_hd__a21oi_4)
                                         _09594_ (net)
                  0.14    0.00   14.31 ^ _34015_/A (sky130_fd_sc_hd__inv_1)
     1    0.00    0.05    0.07   14.38 v _34015_/Y (sky130_fd_sc_hd__inv_1)
                                         _09595_ (net)
                  0.05    0.00   14.38 v _34016_/A1 (sky130_fd_sc_hd__a21oi_2)
     2    0.01    0.11    0.13   14.51 ^ _34016_/Y (sky130_fd_sc_hd__a21oi_2)
                                         _09596_ (net)
                  0.11    0.00   14.51 ^ _34017_/B (sky130_fd_sc_hd__nor2_1)
     1    0.00    0.03    0.05   14.56 v _34017_/Y (sky130_fd_sc_hd__nor2_1)
                                         _09597_ (net)
                  0.03    0.00   14.56 v _34018_/B (sky130_fd_sc_hd__nor2_1)
     1    0.01    0.12    0.11   14.67 ^ _34018_/Y (sky130_fd_sc_hd__nor2_1)
                                         _09598_ (net)
                  0.12    0.00   14.67 ^ _34019_/A (sky130_fd_sc_hd__xor2_1)
     2    0.01    0.20    0.22   14.89 ^ _34019_/X (sky130_fd_sc_hd__xor2_1)
                                         _00134_ (net)
                  0.20    0.00   14.89 ^ rebuffer3738/A (sky130_fd_sc_hd__buf_4)
     1    0.01    0.03    0.15   15.04 ^ rebuffer3738/X (sky130_fd_sc_hd__buf_4)
                                         net3738 (net)
                  0.03    0.00   15.04 ^ _53309_/A (sky130_fd_sc_hd__ha_1)
     1    0.01    0.07    0.24   15.28 v _53309_/SUM (sky130_fd_sc_hd__ha_1)
                                         _26474_ (net)
                  0.07    0.00   15.28 v _52983_/B (sky130_fd_sc_hd__fa_1)
     1    0.00    0.08    0.46   15.74 v _52983_/SUM (sky130_fd_sc_hd__fa_1)
                                         _26477_ (net)
                  0.08    0.00   15.74 v _53521_/A (sky130_fd_sc_hd__ha_1)
     1    0.01    0.08    0.33   16.07 v _53521_/SUM (sky130_fd_sc_hd__ha_1)
                                         _26605_ (net)
                  0.08    0.00   16.07 v _53027_/A (sky130_fd_sc_hd__fa_1)
     1    0.00    0.08    0.48   16.55 v _53027_/SUM (sky130_fd_sc_hd__fa_1)
                                         _26608_ (net)
                  0.08    0.00   16.55 v _53460_/B (sky130_fd_sc_hd__ha_1)
     1    0.00    0.05    0.29   16.84 ^ _53460_/SUM (sky130_fd_sc_hd__ha_1)
                                         _00613_ (net)
                  0.05    0.00   16.84 ^ _52305_/A (sky130_fd_sc_hd__inv_1)
     1    0.00    0.02    0.04   16.88 v _52305_/Y (sky130_fd_sc_hd__inv_1)
                                         _00406_ (net)
                  0.02    0.00   16.88 v _53290_/B (sky130_fd_sc_hd__ha_1)
     2    0.01    0.07    0.28   17.16 v _53290_/SUM (sky130_fd_sc_hd__ha_1)
                                         _00409_ (net)
                  0.07    0.00   17.16 v place2226/A (sky130_fd_sc_hd__buf_4)
     4    0.01    0.04    0.16   17.31 v place2226/X (sky130_fd_sc_hd__buf_4)
                                         net2226 (net)
                  0.04    0.00   17.31 v _28545_/A1 (sky130_fd_sc_hd__a22oi_2)
     1    0.00    0.14    0.15   17.47 ^ _28545_/Y (sky130_fd_sc_hd__a22oi_2)
                                         _06003_ (net)
                  0.14    0.00   17.47 ^ _28546_/B1 (sky130_fd_sc_hd__o21ai_1)
     2    0.01    0.07    0.10   17.57 v _28546_/Y (sky130_fd_sc_hd__o21ai_1)
                                         _06004_ (net)
                  0.07    0.00   17.57 v _28547_/C1 (sky130_fd_sc_hd__a311o_1)
     4    0.02    0.13    0.36   17.92 v _28547_/X (sky130_fd_sc_hd__a311o_1)
                                         _06005_ (net)
                  0.13    0.00   17.92 v _28548_/A1 (sky130_fd_sc_hd__a2111oi_2)
     1    0.01    0.30    0.35   18.27 ^ _28548_/Y (sky130_fd_sc_hd__a2111oi_2)
                                         _06006_ (net)
                  0.30    0.00   18.27 ^ _28550_/A (sky130_fd_sc_hd__nor3_2)
     1    0.01    0.08    0.11   18.38 v _28550_/Y (sky130_fd_sc_hd__nor3_2)
                                         _06008_ (net)
                  0.08    0.00   18.38 v _28551_/B (sky130_fd_sc_hd__xnor2_2)
     3    0.01    0.22    0.21   18.60 ^ _28551_/Y (sky130_fd_sc_hd__xnor2_2)
                                         _06009_ (net)
                  0.22    0.00   18.60 ^ _28937_/B (sky130_fd_sc_hd__nand3_2)
     2    0.01    0.11    0.15   18.75 v _28937_/Y (sky130_fd_sc_hd__nand3_2)
                                         _06285_ (net)
                  0.11    0.00   18.75 v _28939_/B (sky130_fd_sc_hd__nor3_4)
     1    0.01    0.13    0.18   18.94 ^ _28939_/Y (sky130_fd_sc_hd__nor3_4)
                                         _06287_ (net)
                  0.13    0.00   18.94 ^ rebuffer3709/A (sky130_fd_sc_hd__buf_6)
     2    0.03    0.07    0.15   19.08 ^ rebuffer3709/X (sky130_fd_sc_hd__buf_6)
                                         net3709 (net)
                  0.07    0.00   19.09 ^ _28941_/A (sky130_fd_sc_hd__xnor2_4)
     2    0.01    0.15    0.13   19.21 ^ _28941_/Y (sky130_fd_sc_hd__xnor2_4)
                                         _00459_ (net)
                  0.15    0.00   19.21 ^ _28942_/A (sky130_fd_sc_hd__inv_2)
     2    0.01    0.04    0.06   19.27 v _28942_/Y (sky130_fd_sc_hd__inv_2)
                                         u_mul_reduce.r1[0] (net)
                  0.04    0.00   19.27 v _53326_/A (sky130_fd_sc_hd__ha_2)
     1    0.01    0.04    0.19   19.46 v _53326_/COUT (sky130_fd_sc_hd__ha_2)
                                         _00463_ (net)
                  0.04    0.00   19.46 v _31071_/A (sky130_fd_sc_hd__and3_4)
     2    0.01    0.05    0.16   19.62 v _31071_/X (sky130_fd_sc_hd__and3_4)
                                         _07687_ (net)
                  0.05    0.00   19.62 v _31072_/B1 (sky130_fd_sc_hd__o21ai_4)
     2    0.02    0.16    0.08   19.70 ^ _31072_/Y (sky130_fd_sc_hd__o21ai_4)
                                         _07688_ (net)
                  0.16    0.00   19.70 ^ _31087_/C (sky130_fd_sc_hd__nor4b_4)
     2    0.01    0.07    0.07   19.76 v _31087_/Y (sky130_fd_sc_hd__nor4b_4)
                                         _07703_ (net)
                  0.07    0.00   19.76 v rebuffer3711/A (sky130_fd_sc_hd__buf_4)
     2    0.01    0.04    0.15   19.92 v rebuffer3711/X (sky130_fd_sc_hd__buf_4)
                                         net3711 (net)
                  0.04    0.00   19.92 v _31144_/A1 (sky130_fd_sc_hd__a2111o_2)
     4    0.03    0.14    0.50   20.42 v _31144_/X (sky130_fd_sc_hd__a2111o_2)
                                         _07760_ (net)
                  0.14    0.00   20.42 v place2058/A (sky130_fd_sc_hd__buf_6)
     2    0.01    0.02    0.15   20.58 v place2058/X (sky130_fd_sc_hd__buf_6)
                                         net2058 (net)
                  0.02    0.00   20.58 v _48258_/B1 (sky130_fd_sc_hd__o21a_1)
     2    0.01    0.06    0.12   20.69 v _48258_/X (sky130_fd_sc_hd__o21a_1)
                                         _22656_ (net)
                  0.06    0.00   20.69 v _48272_/A2 (sky130_fd_sc_hd__o22a_1)
     2    0.01    0.09    0.25   20.94 v _48272_/X (sky130_fd_sc_hd__o22a_1)
                                         _22670_ (net)
                  0.09    0.00   20.94 v _48312_/B1 (sky130_fd_sc_hd__a221o_1)
     2    0.01    0.11    0.37   21.31 v _48312_/X (sky130_fd_sc_hd__a221o_1)
                                         _22710_ (net)
                  0.11    0.00   21.31 v _48359_/A1 (sky130_fd_sc_hd__o211ai_4)
     3    0.02    0.20    0.25   21.56 ^ _48359_/Y (sky130_fd_sc_hd__o211ai_4)
                                         _22757_ (net)
                  0.20    0.00   21.56 ^ rebuffer3717/A (sky130_fd_sc_hd__buf_6)
     2    0.02    0.05    0.14   21.70 ^ rebuffer3717/X (sky130_fd_sc_hd__buf_6)
                                         net3717 (net)
                  0.05    0.00   21.70 ^ place2029/A (sky130_fd_sc_hd__buf_12)
     6    0.03    0.05    0.10   21.81 ^ place2029/X (sky130_fd_sc_hd__buf_12)
                                         net2029 (net)
                  0.05    0.00   21.81 ^ _48422_/B (sky130_fd_sc_hd__and3_1)
     1    0.01    0.08    0.17   21.97 ^ _48422_/X (sky130_fd_sc_hd__and3_1)
                                         _22811_ (net)
                  0.08    0.00   21.97 ^ _48424_/A3 (sky130_fd_sc_hd__o31ai_2)
     1    0.00    0.13    0.06   22.03 v _48424_/Y (sky130_fd_sc_hd__o31ai_2)
                                         _01111_ (net)
                  0.13    0.00   22.03 v mul_reduced_q[2]$_DFFE_PN0P_/D (sky130_fd_sc_hd__dfrtp_1)
                                 22.03   data arrival time

                         20.00   20.00   clock clk (rise edge)
                          0.00   20.00   clock source latency
     1    0.17    0.00    0.00   20.00 ^ clk (in)
                                         clk (net)
                  0.02    0.01   20.01 ^ clkbuf_0_clk/A (sky130_fd_sc_hd__clkbuf_16)
     4    0.21    0.22    0.25   20.25 ^ clkbuf_0_clk/X (sky130_fd_sc_hd__clkbuf_16)
                                         clknet_0_clk (net)
                  0.22    0.01   20.26 ^ clkbuf_2_1_0_clk/A (sky130_fd_sc_hd__clkbuf_16)
     8    0.21    0.22    0.32   20.58 ^ clkbuf_2_1_0_clk/X (sky130_fd_sc_hd__clkbuf_16)
                                         clknet_2_1_0_clk (net)
                  0.22    0.00   20.58 ^ clkbuf_5_14__f_clk/A (sky130_fd_sc_hd__clkbuf_16)
    13    0.24    0.25    0.34   20.92 ^ clkbuf_5_14__f_clk/X (sky130_fd_sc_hd__clkbuf_16)
                                         clknet_5_14__leaf_clk (net)
                  0.25    0.01   20.92 ^ clkbuf_leaf_332_clk/A (sky130_fd_sc_hd__clkbuf_16)
     8    0.04    0.06    0.21   21.13 ^ clkbuf_leaf_332_clk/X (sky130_fd_sc_hd__clkbuf_16)
                                         clknet_leaf_332_clk (net)
                  0.06    0.00   21.13 ^ mul_reduced_q[2]$_DFFE_PN0P_/CLK (sky130_fd_sc_hd__dfrtp_1)
                         -0.25   20.88   clock uncertainty
                          0.00   20.88   clock reconvergence pessimism
                         -0.15   20.73   library setup time
                                 20.73   data required time
-----------------------------------------------------------------------------
                                 20.73   data required time
                                -22.03   data arrival time
-----------------------------------------------------------------------------
                                 -1.30   slack (VIOLATED)



==========================================================================
cts final report_checks -unconstrained
--------------------------------------------------------------------------
Startpoint: coeff_a_q[1]$_DFFE_PN0P_
            (rising edge-triggered flip-flop clocked by clk)
Endpoint: mul_reduced_q[2]$_DFFE_PN0P_
          (rising edge-triggered flip-flop clocked by clk)
Path Group: clk
Path Type: max

Fanout     Cap    Slew   Delay    Time   Description
-----------------------------------------------------------------------------
                          0.00    0.00   clock clk (rise edge)
                          0.00    0.00   clock source latency
     1    0.17    0.00    0.00    0.00 ^ clk (in)
                                         clk (net)
                  0.02    0.01    0.01 ^ clkbuf_0_clk/A (sky130_fd_sc_hd__clkbuf_16)
     4    0.21    0.22    0.25    0.25 ^ clkbuf_0_clk/X (sky130_fd_sc_hd__clkbuf_16)
                                         clknet_0_clk (net)
                  0.22    0.01    0.26 ^ clkbuf_2_1_0_clk/A (sky130_fd_sc_hd__clkbuf_16)
     8    0.21    0.22    0.32    0.58 ^ clkbuf_2_1_0_clk/X (sky130_fd_sc_hd__clkbuf_16)
                                         clknet_2_1_0_clk (net)
                  0.22    0.00    0.58 ^ clkbuf_5_15__f_clk/A (sky130_fd_sc_hd__clkbuf_16)
    16    0.25    0.26    0.35    0.93 ^ clkbuf_5_15__f_clk/X (sky130_fd_sc_hd__clkbuf_16)
                                         clknet_5_15__leaf_clk (net)
                  0.26    0.01    0.93 ^ clkbuf_leaf_334_clk/A (sky130_fd_sc_hd__clkbuf_16)
    11    0.04    0.06    0.21    1.14 ^ clkbuf_leaf_334_clk/X (sky130_fd_sc_hd__clkbuf_16)
                                         clknet_leaf_334_clk (net)
                  0.06    0.00    1.14 ^ coeff_a_q[1]$_DFFE_PN0P_/CLK (sky130_fd_sc_hd__dfrtp_2)
     2    0.01    0.06    0.42    1.57 v coeff_a_q[1]$_DFFE_PN0P_/Q (sky130_fd_sc_hd__dfrtp_2)
                                         coeff_a_q[1] (net)
                  0.06    0.00    1.57 v _53501_/B (sky130_fd_sc_hd__ha_4)
     2    0.01    0.04    0.27    1.84 ^ _53501_/SUM (sky130_fd_sc_hd__ha_4)
                                         _00673_ (net)
                  0.04    0.00    1.84 ^ _36525_/A (sky130_fd_sc_hd__inv_2)
     1    0.01    0.02    0.04    1.87 v _36525_/Y (sky130_fd_sc_hd__inv_2)
                                         _00722_ (net)
                  0.02    0.00    1.87 v _53574_/B (sky130_fd_sc_hd__ha_4)
     2    0.01    0.03    0.15    2.02 v _53574_/COUT (sky130_fd_sc_hd__ha_4)
                                         _00216_ (net)
                  0.03    0.00    2.02 v _53157_/CIN (sky130_fd_sc_hd__fa_2)
     2    0.01    0.08    0.35    2.37 v _53157_/COUT (sky130_fd_sc_hd__fa_2)
                                         _00219_ (net)
                  0.08    0.00    2.37 v _29547_/A2 (sky130_fd_sc_hd__a21oi_2)
     1    0.00    0.10    0.15    2.52 ^ _29547_/Y (sky130_fd_sc_hd__a21oi_2)
                                         _06685_ (net)
                  0.10    0.00    2.52 ^ _29548_/B (sky130_fd_sc_hd__nor2_1)
     1    0.00    0.04    0.06    2.58 v _29548_/Y (sky130_fd_sc_hd__nor2_1)
                                         _06686_ (net)
                  0.04    0.00    2.58 v _29549_/B (sky130_fd_sc_hd__nor2_2)
     2    0.01    0.14    0.13    2.70 ^ _29549_/Y (sky130_fd_sc_hd__nor2_2)
                                         _06687_ (net)
                  0.14    0.00    2.70 ^ _29560_/A (sky130_fd_sc_hd__xnor2_1)
     2    0.01    0.07    0.11    2.81 v _29560_/Y (sky130_fd_sc_hd__xnor2_1)
                                         _06698_ (net)
                  0.07    0.00    2.82 v _29563_/B (sky130_fd_sc_hd__nor3_1)
     2    0.00    0.20    0.21    3.03 ^ _29563_/Y (sky130_fd_sc_hd__nor3_1)
                                         _06701_ (net)
                  0.20    0.00    3.03 ^ _29564_/B_N (sky130_fd_sc_hd__nor2b_2)
     2    0.01    0.10    0.19    3.22 ^ _29564_/Y (sky130_fd_sc_hd__nor2b_2)
                                         _06702_ (net)
                  0.10    0.00    3.22 ^ _29565_/B_N (sky130_fd_sc_hd__nor2b_4)
     2    0.01    0.08    0.16    3.38 ^ _29565_/Y (sky130_fd_sc_hd__nor2b_4)
                                         _06703_ (net)
                  0.08    0.00    3.38 ^ _29566_/B (sky130_fd_sc_hd__nand2_1)
     1    0.01    0.09    0.07    3.45 v _29566_/Y (sky130_fd_sc_hd__nand2_1)
                                         _06704_ (net)
                  0.09    0.00    3.45 v _29567_/B1 (sky130_fd_sc_hd__a21oi_2)
     1    0.01    0.12    0.14    3.59 ^ _29567_/Y (sky130_fd_sc_hd__a21oi_2)
                                         _06705_ (net)
                  0.12    0.00    3.59 ^ _29568_/B (sky130_fd_sc_hd__nor2_1)
     1    0.00    0.06    0.06    3.65 v _29568_/Y (sky130_fd_sc_hd__nor2_1)
                                         _06706_ (net)
                  0.06    0.00    3.65 v _29574_/A2 (sky130_fd_sc_hd__o211a_1)
     2    0.01    0.05    0.22    3.87 v _29574_/X (sky130_fd_sc_hd__o211a_1)
                                         _06712_ (net)
                  0.05    0.00    3.87 v _29575_/B (sky130_fd_sc_hd__or2_4)
     4    0.01    0.06    0.25    4.12 v _29575_/X (sky130_fd_sc_hd__or2_4)
                                         _06713_ (net)
                  0.06    0.00    4.12 v _36452_/C (sky130_fd_sc_hd__and3_4)
     3    0.01    0.04    0.19    4.31 v _36452_/X (sky130_fd_sc_hd__and3_4)
                                         _11106_ (net)
                  0.04    0.00    4.31 v _36459_/B (sky130_fd_sc_hd__nand2b_1)
     1    0.01    0.08    0.08    4.40 ^ _36459_/Y (sky130_fd_sc_hd__nand2b_1)
                                         _11112_ (net)
                  0.08    0.00    4.40 ^ _36460_/B (sky130_fd_sc_hd__xor2_1)
     1    0.00    0.04    0.06    4.46 v _36460_/X (sky130_fd_sc_hd__xor2_1)
                                         _11113_ (net)
                  0.04    0.00    4.46 v _36462_/A2 (sky130_fd_sc_hd__a211o_1)
     4    0.02    0.12    0.37    4.83 v _36462_/X (sky130_fd_sc_hd__a211o_1)
                                         _11115_ (net)
                  0.12    0.00    4.83 v _36463_/B1_N (sky130_fd_sc_hd__a21boi_4)
     1    0.01    0.05    0.17    5.00 v _36463_/Y (sky130_fd_sc_hd__a21boi_4)
                                         _11116_ (net)
                  0.05    0.00    5.00 v rebuffer3826/A (sky130_fd_sc_hd__buf_12)
     7    0.05    0.04    0.15    5.15 v rebuffer3826/X (sky130_fd_sc_hd__buf_12)
                                         net3826 (net)
                  0.04    0.00    5.15 v _36555_/B (sky130_fd_sc_hd__nor2_4)
     1    0.01    0.08    0.08    5.23 ^ _36555_/Y (sky130_fd_sc_hd__nor2_4)
                                         _00235_ (net)
                  0.08    0.00    5.23 ^ _53169_/B (sky130_fd_sc_hd__fa_2)
     1    0.01    0.09    0.45    5.69 v _53169_/SUM (sky130_fd_sc_hd__fa_2)
                                         _26764_ (net)
                  0.09    0.00    5.69 v _53105_/B (sky130_fd_sc_hd__fa_2)
     1    0.01    0.08    0.39    6.08 v _53105_/COUT (sky130_fd_sc_hd__fa_2)
                                         _26527_ (net)
                  0.08    0.00    6.08 v _52996_/B (sky130_fd_sc_hd__fa_1)
     1    0.01    0.09    0.54    6.62 ^ _52996_/SUM (sky130_fd_sc_hd__fa_1)
                                         _26529_ (net)
                  0.09    0.00    6.62 ^ _53104_/B (sky130_fd_sc_hd__fa_1)
     1    0.01    0.10    0.45    7.07 v _53104_/SUM (sky130_fd_sc_hd__fa_1)
                                         _26572_ (net)
                  0.10    0.00    7.07 v _53010_/B (sky130_fd_sc_hd__fa_1)
     1    0.01    0.11    0.52    7.59 v _53010_/SUM (sky130_fd_sc_hd__fa_1)
                                         _26574_ (net)
                  0.11    0.00    7.59 v _53383_/A (sky130_fd_sc_hd__ha_4)
     2    0.01    0.04    0.29    7.88 ^ _53383_/SUM (sky130_fd_sc_hd__ha_4)
                                         _00525_ (net)
                  0.04    0.00    7.88 ^ _35282_/A (sky130_fd_sc_hd__inv_2)
     2    0.01    0.02    0.03    7.91 v _35282_/Y (sky130_fd_sc_hd__inv_2)
                                         _10392_ (net)
                  0.02    0.00    7.91 v _35285_/A1 (sky130_fd_sc_hd__o21bai_1)
     1    0.01    0.19    0.18    8.09 ^ _35285_/Y (sky130_fd_sc_hd__o21bai_1)
                                         _10395_ (net)
                  0.19    0.00    8.09 ^ _35286_/A2 (sky130_fd_sc_hd__a21oi_2)
     2    0.01    0.05    0.09    8.18 v _35286_/Y (sky130_fd_sc_hd__a21oi_2)
                                         _10396_ (net)
                  0.05    0.00    8.18 v _35287_/A2 (sky130_fd_sc_hd__o21bai_1)
     1    0.01    0.17    0.17    8.35 ^ _35287_/Y (sky130_fd_sc_hd__o21bai_1)
                                         _10397_ (net)
                  0.17    0.00    8.35 ^ _35288_/A2 (sky130_fd_sc_hd__a21oi_2)
     2    0.01    0.05    0.09    8.44 v _35288_/Y (sky130_fd_sc_hd__a21oi_2)
                                         _10398_ (net)
                  0.05    0.00    8.44 v _35289_/A2 (sky130_fd_sc_hd__o21bai_1)
     1    0.01    0.18    0.18    8.62 ^ _35289_/Y (sky130_fd_sc_hd__o21bai_1)
                                         _10399_ (net)
                  0.18    0.00    8.62 ^ _35290_/A2 (sky130_fd_sc_hd__a21oi_2)
     2    0.01    0.05    0.09    8.71 v _35290_/Y (sky130_fd_sc_hd__a21oi_2)
                                         _10400_ (net)
                  0.05    0.00    8.71 v _35291_/A2 (sky130_fd_sc_hd__o21bai_1)
     1    0.01    0.20    0.19    8.90 ^ _35291_/Y (sky130_fd_sc_hd__o21bai_1)
                                         _10401_ (net)
                  0.20    0.00    8.90 ^ _35292_/A2 (sky130_fd_sc_hd__a21oi_2)
     2    0.01    0.05    0.09    8.99 v _35292_/Y (sky130_fd_sc_hd__a21oi_2)
                                         _10402_ (net)
                  0.05    0.00    8.99 v rebuffer3739/A (sky130_fd_sc_hd__buf_4)
     1    0.02    0.04    0.15    9.15 v rebuffer3739/X (sky130_fd_sc_hd__buf_4)
                                         net3739 (net)
                  0.04    0.00    9.15 v _47947_/A (sky130_fd_sc_hd__xnor2_4)
     2    0.02    0.21    0.22    9.37 ^ _47947_/Y (sky130_fd_sc_hd__xnor2_4)
                                         _00208_ (net)
                  0.21    0.00    9.37 ^ _47948_/A (sky130_fd_sc_hd__clkinvlp_4)
     4    0.03    0.16    0.22    9.59 v _47948_/Y (sky130_fd_sc_hd__clkinvlp_4)
                                         mul_product[18] (net)
                  0.16    0.00    9.59 v _53055_/A (sky130_fd_sc_hd__fa_1)
     2    0.01    0.12    0.57   10.16 v _53055_/SUM (sky130_fd_sc_hd__fa_1)
                                         _26261_ (net)
                  0.12    0.00   10.16 v _52926_/A (sky130_fd_sc_hd__fa_1)
     1    0.01    0.13    0.56   10.73 v _52926_/SUM (sky130_fd_sc_hd__fa_1)
                                         _26263_ (net)
                  0.13    0.00   10.73 v _52972_/A (sky130_fd_sc_hd__fa_1)
     1    0.01    0.09    0.58   11.31 ^ _52972_/SUM (sky130_fd_sc_hd__fa_1)
                                         _26444_ (net)
                  0.09    0.00   11.31 ^ _53116_/B (sky130_fd_sc_hd__fa_1)
     1    0.01    0.09    0.43   11.74 v _53116_/SUM (sky130_fd_sc_hd__fa_1)
                                         _26789_ (net)
                  0.09    0.00   11.74 v _53120_/CIN (sky130_fd_sc_hd__fa_1)
     1    0.01    0.12    0.54   12.29 ^ _53120_/SUM (sky130_fd_sc_hd__fa_1)
                                         _26801_ (net)
                  0.12    0.00   12.29 ^ _53390_/B (sky130_fd_sc_hd__ha_4)
     2    0.01    0.04    0.22   12.50 v _53390_/SUM (sky130_fd_sc_hd__ha_4)
                                         _00536_ (net)
                  0.04    0.00   12.50 v _27426_/A1 (sky130_fd_sc_hd__a21oi_2)
     1    0.01    0.11    0.13   12.63 ^ _27426_/Y (sky130_fd_sc_hd__a21oi_2)
                                         _26145_ (net)
                  0.11    0.00   12.63 ^ _27427_/A (sky130_fd_sc_hd__nor2b_1)
     1    0.00    0.04    0.06   12.68 v _27427_/Y (sky130_fd_sc_hd__nor2b_1)
                                         _26146_ (net)
                  0.04    0.00   12.68 v _27428_/A2 (sky130_fd_sc_hd__o21ai_1)
     1    0.00    0.10    0.11   12.79 ^ _27428_/Y (sky130_fd_sc_hd__o21ai_1)
                                         _26147_ (net)
                  0.10    0.00   12.79 ^ _27429_/B (sky130_fd_sc_hd__nand2b_1)
     2    0.02    0.12    0.13   12.93 v _27429_/Y (sky130_fd_sc_hd__nand2b_1)
                                         _26148_ (net)
                  0.12    0.00   12.93 v _27445_/C1 (sky130_fd_sc_hd__a2111oi_2)
     1    0.01    0.31    0.33   13.26 ^ _27445_/Y (sky130_fd_sc_hd__a2111oi_2)
                                         _26164_ (net)
                  0.31    0.00   13.26 ^ _27446_/C1 (sky130_fd_sc_hd__o211ai_1)
     2    0.01    0.16    0.21   13.47 v _27446_/Y (sky130_fd_sc_hd__o211ai_1)
                                         _26165_ (net)
                  0.16    0.00   13.47 v _34010_/A3 (sky130_fd_sc_hd__a311oi_1)
     1    0.01    0.28    0.36   13.82 ^ _34010_/Y (sky130_fd_sc_hd__a311oi_1)
                                         _09590_ (net)
                  0.28    0.00   13.83 ^ _34012_/A1 (sky130_fd_sc_hd__o21ba_2)
     2    0.01    0.10    0.24   14.06 ^ _34012_/X (sky130_fd_sc_hd__o21ba_2)
                                         _09592_ (net)
                  0.10    0.00   14.06 ^ _34013_/A1 (sky130_fd_sc_hd__o21bai_4)
     2    0.01    0.06    0.09   14.15 v _34013_/Y (sky130_fd_sc_hd__o21bai_4)
                                         _09593_ (net)
                  0.06    0.00   14.15 v _34014_/A1 (sky130_fd_sc_hd__a21oi_4)
     3    0.01    0.14    0.16   14.31 ^ _34014_/Y (sky130_fd_sc_hd__a21oi_4)
                                         _09594_ (net)
                  0.14    0.00   14.31 ^ _34015_/A (sky130_fd_sc_hd__inv_1)
     1    0.00    0.05    0.07   14.38 v _34015_/Y (sky130_fd_sc_hd__inv_1)
                                         _09595_ (net)
                  0.05    0.00   14.38 v _34016_/A1 (sky130_fd_sc_hd__a21oi_2)
     2    0.01    0.11    0.13   14.51 ^ _34016_/Y (sky130_fd_sc_hd__a21oi_2)
                                         _09596_ (net)
                  0.11    0.00   14.51 ^ _34017_/B (sky130_fd_sc_hd__nor2_1)
     1    0.00    0.03    0.05   14.56 v _34017_/Y (sky130_fd_sc_hd__nor2_1)
                                         _09597_ (net)
                  0.03    0.00   14.56 v _34018_/B (sky130_fd_sc_hd__nor2_1)
     1    0.01    0.12    0.11   14.67 ^ _34018_/Y (sky130_fd_sc_hd__nor2_1)
                                         _09598_ (net)
                  0.12    0.00   14.67 ^ _34019_/A (sky130_fd_sc_hd__xor2_1)
     2    0.01    0.20    0.22   14.89 ^ _34019_/X (sky130_fd_sc_hd__xor2_1)
                                         _00134_ (net)
                  0.20    0.00   14.89 ^ rebuffer3738/A (sky130_fd_sc_hd__buf_4)
     1    0.01    0.03    0.15   15.04 ^ rebuffer3738/X (sky130_fd_sc_hd__buf_4)
                                         net3738 (net)
                  0.03    0.00   15.04 ^ _53309_/A (sky130_fd_sc_hd__ha_1)
     1    0.01    0.07    0.24   15.28 v _53309_/SUM (sky130_fd_sc_hd__ha_1)
                                         _26474_ (net)
                  0.07    0.00   15.28 v _52983_/B (sky130_fd_sc_hd__fa_1)
     1    0.00    0.08    0.46   15.74 v _52983_/SUM (sky130_fd_sc_hd__fa_1)
                                         _26477_ (net)
                  0.08    0.00   15.74 v _53521_/A (sky130_fd_sc_hd__ha_1)
     1    0.01    0.08    0.33   16.07 v _53521_/SUM (sky130_fd_sc_hd__ha_1)
                                         _26605_ (net)
                  0.08    0.00   16.07 v _53027_/A (sky130_fd_sc_hd__fa_1)
     1    0.00    0.08    0.48   16.55 v _53027_/SUM (sky130_fd_sc_hd__fa_1)
                                         _26608_ (net)
                  0.08    0.00   16.55 v _53460_/B (sky130_fd_sc_hd__ha_1)
     1    0.00    0.05    0.29   16.84 ^ _53460_/SUM (sky130_fd_sc_hd__ha_1)
                                         _00613_ (net)
                  0.05    0.00   16.84 ^ _52305_/A (sky130_fd_sc_hd__inv_1)
     1    0.00    0.02    0.04   16.88 v _52305_/Y (sky130_fd_sc_hd__inv_1)
                                         _00406_ (net)
                  0.02    0.00   16.88 v _53290_/B (sky130_fd_sc_hd__ha_1)
     2    0.01    0.07    0.28   17.16 v _53290_/SUM (sky130_fd_sc_hd__ha_1)
                                         _00409_ (net)
                  0.07    0.00   17.16 v place2226/A (sky130_fd_sc_hd__buf_4)
     4    0.01    0.04    0.16   17.31 v place2226/X (sky130_fd_sc_hd__buf_4)
                                         net2226 (net)
                  0.04    0.00   17.31 v _28545_/A1 (sky130_fd_sc_hd__a22oi_2)
     1    0.00    0.14    0.15   17.47 ^ _28545_/Y (sky130_fd_sc_hd__a22oi_2)
                                         _06003_ (net)
                  0.14    0.00   17.47 ^ _28546_/B1 (sky130_fd_sc_hd__o21ai_1)
     2    0.01    0.07    0.10   17.57 v _28546_/Y (sky130_fd_sc_hd__o21ai_1)
                                         _06004_ (net)
                  0.07    0.00   17.57 v _28547_/C1 (sky130_fd_sc_hd__a311o_1)
     4    0.02    0.13    0.36   17.92 v _28547_/X (sky130_fd_sc_hd__a311o_1)
                                         _06005_ (net)
                  0.13    0.00   17.92 v _28548_/A1 (sky130_fd_sc_hd__a2111oi_2)
     1    0.01    0.30    0.35   18.27 ^ _28548_/Y (sky130_fd_sc_hd__a2111oi_2)
                                         _06006_ (net)
                  0.30    0.00   18.27 ^ _28550_/A (sky130_fd_sc_hd__nor3_2)
     1    0.01    0.08    0.11   18.38 v _28550_/Y (sky130_fd_sc_hd__nor3_2)
                                         _06008_ (net)
                  0.08    0.00   18.38 v _28551_/B (sky130_fd_sc_hd__xnor2_2)
     3    0.01    0.22    0.21   18.60 ^ _28551_/Y (sky130_fd_sc_hd__xnor2_2)
                                         _06009_ (net)
                  0.22    0.00   18.60 ^ _28937_/B (sky130_fd_sc_hd__nand3_2)
     2    0.01    0.11    0.15   18.75 v _28937_/Y (sky130_fd_sc_hd__nand3_2)
                                         _06285_ (net)
                  0.11    0.00   18.75 v _28939_/B (sky130_fd_sc_hd__nor3_4)
     1    0.01    0.13    0.18   18.94 ^ _28939_/Y (sky130_fd_sc_hd__nor3_4)
                                         _06287_ (net)
                  0.13    0.00   18.94 ^ rebuffer3709/A (sky130_fd_sc_hd__buf_6)
     2    0.03    0.07    0.15   19.08 ^ rebuffer3709/X (sky130_fd_sc_hd__buf_6)
                                         net3709 (net)
                  0.07    0.00   19.09 ^ _28941_/A (sky130_fd_sc_hd__xnor2_4)
     2    0.01    0.15    0.13   19.21 ^ _28941_/Y (sky130_fd_sc_hd__xnor2_4)
                                         _00459_ (net)
                  0.15    0.00   19.21 ^ _28942_/A (sky130_fd_sc_hd__inv_2)
     2    0.01    0.04    0.06   19.27 v _28942_/Y (sky130_fd_sc_hd__inv_2)
                                         u_mul_reduce.r1[0] (net)
                  0.04    0.00   19.27 v _53326_/A (sky130_fd_sc_hd__ha_2)
     1    0.01    0.04    0.19   19.46 v _53326_/COUT (sky130_fd_sc_hd__ha_2)
                                         _00463_ (net)
                  0.04    0.00   19.46 v _31071_/A (sky130_fd_sc_hd__and3_4)
     2    0.01    0.05    0.16   19.62 v _31071_/X (sky130_fd_sc_hd__and3_4)
                                         _07687_ (net)
                  0.05    0.00   19.62 v _31072_/B1 (sky130_fd_sc_hd__o21ai_4)
     2    0.02    0.16    0.08   19.70 ^ _31072_/Y (sky130_fd_sc_hd__o21ai_4)
                                         _07688_ (net)
                  0.16    0.00   19.70 ^ _31087_/C (sky130_fd_sc_hd__nor4b_4)
     2    0.01    0.07    0.07   19.76 v _31087_/Y (sky130_fd_sc_hd__nor4b_4)
                                         _07703_ (net)
                  0.07    0.00   19.76 v rebuffer3711/A (sky130_fd_sc_hd__buf_4)
     2    0.01    0.04    0.15   19.92 v rebuffer3711/X (sky130_fd_sc_hd__buf_4)
                                         net3711 (net)
                  0.04    0.00   19.92 v _31144_/A1 (sky130_fd_sc_hd__a2111o_2)
     4    0.03    0.14    0.50   20.42 v _31144_/X (sky130_fd_sc_hd__a2111o_2)
                                         _07760_ (net)
                  0.14    0.00   20.42 v place2058/A (sky130_fd_sc_hd__buf_6)
     2    0.01    0.02    0.15   20.58 v place2058/X (sky130_fd_sc_hd__buf_6)
                                         net2058 (net)
                  0.02    0.00   20.58 v _48258_/B1 (sky130_fd_sc_hd__o21a_1)
     2    0.01    0.06    0.12   20.69 v _48258_/X (sky130_fd_sc_hd__o21a_1)
                                         _22656_ (net)
                  0.06    0.00   20.69 v _48272_/A2 (sky130_fd_sc_hd__o22a_1)
     2    0.01    0.09    0.25   20.94 v _48272_/X (sky130_fd_sc_hd__o22a_1)
                                         _22670_ (net)
                  0.09    0.00   20.94 v _48312_/B1 (sky130_fd_sc_hd__a221o_1)
     2    0.01    0.11    0.37   21.31 v _48312_/X (sky130_fd_sc_hd__a221o_1)
                                         _22710_ (net)
                  0.11    0.00   21.31 v _48359_/A1 (sky130_fd_sc_hd__o211ai_4)
     3    0.02    0.20    0.25   21.56 ^ _48359_/Y (sky130_fd_sc_hd__o211ai_4)
                                         _22757_ (net)
                  0.20    0.00   21.56 ^ rebuffer3717/A (sky130_fd_sc_hd__buf_6)
     2    0.02    0.05    0.14   21.70 ^ rebuffer3717/X (sky130_fd_sc_hd__buf_6)
                                         net3717 (net)
                  0.05    0.00   21.70 ^ place2029/A (sky130_fd_sc_hd__buf_12)
     6    0.03    0.05    0.10   21.81 ^ place2029/X (sky130_fd_sc_hd__buf_12)
                                         net2029 (net)
                  0.05    0.00   21.81 ^ _48422_/B (sky130_fd_sc_hd__and3_1)
     1    0.01    0.08    0.17   21.97 ^ _48422_/X (sky130_fd_sc_hd__and3_1)
                                         _22811_ (net)
                  0.08    0.00   21.97 ^ _48424_/A3 (sky130_fd_sc_hd__o31ai_2)
     1    0.00    0.13    0.06   22.03 v _48424_/Y (sky130_fd_sc_hd__o31ai_2)
                                         _01111_ (net)
                  0.13    0.00   22.03 v mul_reduced_q[2]$_DFFE_PN0P_/D (sky130_fd_sc_hd__dfrtp_1)
                                 22.03   data arrival time

                         20.00   20.00   clock clk (rise edge)
                          0.00   20.00   clock source latency
     1    0.17    0.00    0.00   20.00 ^ clk (in)
                                         clk (net)
                  0.02    0.01   20.01 ^ clkbuf_0_clk/A (sky130_fd_sc_hd__clkbuf_16)
     4    0.21    0.22    0.25   20.25 ^ clkbuf_0_clk/X (sky130_fd_sc_hd__clkbuf_16)
                                         clknet_0_clk (net)
                  0.22    0.01   20.26 ^ clkbuf_2_1_0_clk/A (sky130_fd_sc_hd__clkbuf_16)
     8    0.21    0.22    0.32   20.58 ^ clkbuf_2_1_0_clk/X (sky130_fd_sc_hd__clkbuf_16)
                                         clknet_2_1_0_clk (net)
                  0.22    0.00   20.58 ^ clkbuf_5_14__f_clk/A (sky130_fd_sc_hd__clkbuf_16)
    13    0.24    0.25    0.34   20.92 ^ clkbuf_5_14__f_clk/X (sky130_fd_sc_hd__clkbuf_16)
                                         clknet_5_14__leaf_clk (net)
                  0.25    0.01   20.92 ^ clkbuf_leaf_332_clk/A (sky130_fd_sc_hd__clkbuf_16)
     8    0.04    0.06    0.21   21.13 ^ clkbuf_leaf_332_clk/X (sky130_fd_sc_hd__clkbuf_16)
                                         clknet_leaf_332_clk (net)
                  0.06    0.00   21.13 ^ mul_reduced_q[2]$_DFFE_PN0P_/CLK (sky130_fd_sc_hd__dfrtp_1)
                         -0.25   20.88   clock uncertainty
                          0.00   20.88   clock reconvergence pessimism
                         -0.15   20.73   library setup time
                                 20.73   data required time
-----------------------------------------------------------------------------
                                 20.73   data required time
                                -22.03   data arrival time
-----------------------------------------------------------------------------
                                 -1.30   slack (VIOLATED)



==========================================================================
cts final report_check_types -max_slew -max_cap -max_fanout -violators
--------------------------------------------------------------------------

==========================================================================
cts final max_slew_check_slack
--------------------------------------------------------------------------
0.003800071543082595

==========================================================================
cts final max_slew_check_limit
--------------------------------------------------------------------------
1.4930319786071777

==========================================================================
cts final max_slew_check_slack_limit
--------------------------------------------------------------------------
0.0025

==========================================================================
cts final max_fanout_check_slack
--------------------------------------------------------------------------
1.0000000150474662e+30

==========================================================================
cts final max_fanout_check_limit
--------------------------------------------------------------------------
1.0000000150474662e+30

==========================================================================
cts final max_capacitance_check_slack
--------------------------------------------------------------------------
-0.0007040470372885466

==========================================================================
cts final max_capacitance_check_limit
--------------------------------------------------------------------------
0.06592799723148346

==========================================================================
cts final max_capacitance_check_slack_limit
--------------------------------------------------------------------------
-0.0107

==========================================================================
cts final max_slew_violation_count
--------------------------------------------------------------------------
max slew violation count 0

==========================================================================
cts final max_fanout_violation_count
--------------------------------------------------------------------------
max fanout violation count 0

==========================================================================
cts final max_cap_violation_count
--------------------------------------------------------------------------
max cap violation count 0

==========================================================================
cts final setup_violation_count
--------------------------------------------------------------------------
setup violation count 12

==========================================================================
cts final hold_violation_count
--------------------------------------------------------------------------
hold violation count 0

==========================================================================
cts final report_checks -path_delay max reg to reg
--------------------------------------------------------------------------
Startpoint: coeff_a_q[1]$_DFFE_PN0P_
            (rising edge-triggered flip-flop clocked by clk)
Endpoint: mul_reduced_q[2]$_DFFE_PN0P_
          (rising edge-triggered flip-flop clocked by clk)
Path Group: clk
Path Type: max

  Delay    Time   Description
---------------------------------------------------------
   0.00    0.00   clock clk (rise edge)
   0.00    0.00   clock source latency
   0.00    0.00 ^ clk (in)
   0.25    0.25 ^ clkbuf_0_clk/X (sky130_fd_sc_hd__clkbuf_16)
   0.32    0.58 ^ clkbuf_2_1_0_clk/X (sky130_fd_sc_hd__clkbuf_16)
   0.35    0.93 ^ clkbuf_5_15__f_clk/X (sky130_fd_sc_hd__clkbuf_16)
   0.22    1.14 ^ clkbuf_leaf_334_clk/X (sky130_fd_sc_hd__clkbuf_16)
   0.00    1.14 ^ coeff_a_q[1]$_DFFE_PN0P_/CLK (sky130_fd_sc_hd__dfrtp_2)
   0.42    1.57 v coeff_a_q[1]$_DFFE_PN0P_/Q (sky130_fd_sc_hd__dfrtp_2)
   0.27    1.84 ^ _53501_/SUM (sky130_fd_sc_hd__ha_4)
   0.04    1.87 v _36525_/Y (sky130_fd_sc_hd__inv_2)
   0.15    2.02 v _53574_/COUT (sky130_fd_sc_hd__ha_4)
   0.35    2.37 v _53157_/COUT (sky130_fd_sc_hd__fa_2)
   0.15    2.52 ^ _29547_/Y (sky130_fd_sc_hd__a21oi_2)
   0.06    2.58 v _29548_/Y (sky130_fd_sc_hd__nor2_1)
   0.13    2.70 ^ _29549_/Y (sky130_fd_sc_hd__nor2_2)
   0.11    2.81 v _29560_/Y (sky130_fd_sc_hd__xnor2_1)
   0.21    3.03 ^ _29563_/Y (sky130_fd_sc_hd__nor3_1)
   0.19    3.22 ^ _29564_/Y (sky130_fd_sc_hd__nor2b_2)
   0.16    3.38 ^ _29565_/Y (sky130_fd_sc_hd__nor2b_4)
   0.07    3.45 v _29566_/Y (sky130_fd_sc_hd__nand2_1)
   0.14    3.59 ^ _29567_/Y (sky130_fd_sc_hd__a21oi_2)
   0.06    3.65 v _29568_/Y (sky130_fd_sc_hd__nor2_1)
   0.22    3.87 v _29574_/X (sky130_fd_sc_hd__o211a_1)
   0.25    4.12 v _29575_/X (sky130_fd_sc_hd__or2_4)
   0.19    4.31 v _36452_/X (sky130_fd_sc_hd__and3_4)
   0.08    4.40 ^ _36459_/Y (sky130_fd_sc_hd__nand2b_1)
   0.06    4.46 v _36460_/X (sky130_fd_sc_hd__xor2_1)
   0.37    4.83 v _36462_/X (sky130_fd_sc_hd__a211o_1)
   0.17    5.00 v _36463_/Y (sky130_fd_sc_hd__a21boi_4)
   0.15    5.15 v rebuffer3826/X (sky130_fd_sc_hd__buf_12)
   0.09    5.23 ^ _36555_/Y (sky130_fd_sc_hd__nor2_4)
   0.45    5.69 v _53169_/SUM (sky130_fd_sc_hd__fa_2)
   0.39    6.08 v _53105_/COUT (sky130_fd_sc_hd__fa_2)
   0.54    6.62 ^ _52996_/SUM (sky130_fd_sc_hd__fa_1)
   0.45    7.07 v _53104_/SUM (sky130_fd_sc_hd__fa_1)
   0.52    7.59 v _53010_/SUM (sky130_fd_sc_hd__fa_1)
   0.29    7.88 ^ _53383_/SUM (sky130_fd_sc_hd__ha_4)
   0.03    7.91 v _35282_/Y (sky130_fd_sc_hd__inv_2)
   0.18    8.09 ^ _35285_/Y (sky130_fd_sc_hd__o21bai_1)
   0.09    8.18 v _35286_/Y (sky130_fd_sc_hd__a21oi_2)
   0.17    8.35 ^ _35287_/Y (sky130_fd_sc_hd__o21bai_1)
   0.09    8.44 v _35288_/Y (sky130_fd_sc_hd__a21oi_2)
   0.18    8.62 ^ _35289_/Y (sky130_fd_sc_hd__o21bai_1)
   0.09    8.71 v _35290_/Y (sky130_fd_sc_hd__a21oi_2)
   0.19    8.90 ^ _35291_/Y (sky130_fd_sc_hd__o21bai_1)
   0.09    8.99 v _35292_/Y (sky130_fd_sc_hd__a21oi_2)
   0.15    9.15 v rebuffer3739/X (sky130_fd_sc_hd__buf_4)
   0.22    9.37 ^ _47947_/Y (sky130_fd_sc_hd__xnor2_4)
   0.22    9.59 v _47948_/Y (sky130_fd_sc_hd__clkinvlp_4)
   0.57   10.16 v _53055_/SUM (sky130_fd_sc_hd__fa_1)
   0.56   10.73 v _52926_/SUM (sky130_fd_sc_hd__fa_1)
   0.58   11.31 ^ _52972_/SUM (sky130_fd_sc_hd__fa_1)
   0.43   11.74 v _53116_/SUM (sky130_fd_sc_hd__fa_1)
   0.54   12.29 ^ _53120_/SUM (sky130_fd_sc_hd__fa_1)
   0.22   12.50 v _53390_/SUM (sky130_fd_sc_hd__ha_4)
   0.13   12.63 ^ _27426_/Y (sky130_fd_sc_hd__a21oi_2)
   0.06   12.68 v _27427_/Y (sky130_fd_sc_hd__nor2b_1)
   0.11   12.79 ^ _27428_/Y (sky130_fd_sc_hd__o21ai_1)
   0.13   12.93 v _27429_/Y (sky130_fd_sc_hd__nand2b_1)
   0.33   13.26 ^ _27445_/Y (sky130_fd_sc_hd__a2111oi_2)
   0.21   13.47 v _27446_/Y (sky130_fd_sc_hd__o211ai_1)
   0.36   13.82 ^ _34010_/Y (sky130_fd_sc_hd__a311oi_1)
   0.24   14.06 ^ _34012_/X (sky130_fd_sc_hd__o21ba_2)
   0.09   14.15 v _34013_/Y (sky130_fd_sc_hd__o21bai_4)
   0.16   14.31 ^ _34014_/Y (sky130_fd_sc_hd__a21oi_4)
   0.07   14.38 v _34015_/Y (sky130_fd_sc_hd__inv_1)
   0.13   14.51 ^ _34016_/Y (sky130_fd_sc_hd__a21oi_2)
   0.05   14.56 v _34017_/Y (sky130_fd_sc_hd__nor2_1)
   0.11   14.67 ^ _34018_/Y (sky130_fd_sc_hd__nor2_1)
   0.22   14.89 ^ _34019_/X (sky130_fd_sc_hd__xor2_1)
   0.15   15.04 ^ rebuffer3738/X (sky130_fd_sc_hd__buf_4)
   0.24   15.28 v _53309_/SUM (sky130_fd_sc_hd__ha_1)
   0.46   15.74 v _52983_/SUM (sky130_fd_sc_hd__fa_1)
   0.33   16.07 v _53521_/SUM (sky130_fd_sc_hd__ha_1)
   0.48   16.55 v _53027_/SUM (sky130_fd_sc_hd__fa_1)
   0.29   16.84 ^ _53460_/SUM (sky130_fd_sc_hd__ha_1)
   0.04   16.88 v _52305_/Y (sky130_fd_sc_hd__inv_1)
   0.28   17.16 v _53290_/SUM (sky130_fd_sc_hd__ha_1)
   0.16   17.31 v place2226/X (sky130_fd_sc_hd__buf_4)
   0.15   17.47 ^ _28545_/Y (sky130_fd_sc_hd__a22oi_2)
   0.10   17.57 v _28546_/Y (sky130_fd_sc_hd__o21ai_1)
   0.36   17.92 v _28547_/X (sky130_fd_sc_hd__a311o_1)
   0.35   18.27 ^ _28548_/Y (sky130_fd_sc_hd__a2111oi_2)
   0.11   18.38 v _28550_/Y (sky130_fd_sc_hd__nor3_2)
   0.21   18.60 ^ _28551_/Y (sky130_fd_sc_hd__xnor2_2)
   0.15   18.75 v _28937_/Y (sky130_fd_sc_hd__nand3_2)
   0.19   18.94 ^ _28939_/Y (sky130_fd_sc_hd__nor3_4)
   0.15   19.08 ^ rebuffer3709/X (sky130_fd_sc_hd__buf_6)
   0.13   19.21 ^ _28941_/Y (sky130_fd_sc_hd__xnor2_4)
   0.06   19.27 v _28942_/Y (sky130_fd_sc_hd__inv_2)
   0.19   19.46 v _53326_/COUT (sky130_fd_sc_hd__ha_2)
   0.16   19.62 v _31071_/X (sky130_fd_sc_hd__and3_4)
   0.08   19.70 ^ _31072_/Y (sky130_fd_sc_hd__o21ai_4)
   0.07   19.76 v _31087_/Y (sky130_fd_sc_hd__nor4b_4)
   0.15   19.92 v rebuffer3711/X (sky130_fd_sc_hd__buf_4)
   0.51   20.42 v _31144_/X (sky130_fd_sc_hd__a2111o_2)
   0.15   20.58 v place2058/X (sky130_fd_sc_hd__buf_6)
   0.12   20.69 v _48258_/X (sky130_fd_sc_hd__o21a_1)
   0.25   20.94 v _48272_/X (sky130_fd_sc_hd__o22a_1)
   0.37   21.31 v _48312_/X (sky130_fd_sc_hd__a221o_1)
   0.25   21.56 ^ _48359_/Y (sky130_fd_sc_hd__o211ai_4)
   0.14   21.70 ^ rebuffer3717/X (sky130_fd_sc_hd__buf_6)
   0.10   21.81 ^ place2029/X (sky130_fd_sc_hd__buf_12)
   0.17   21.97 ^ _48422_/X (sky130_fd_sc_hd__and3_1)
   0.06   22.03 v _48424_/Y (sky130_fd_sc_hd__o31ai_2)
   0.00   22.03 v mul_reduced_q[2]$_DFFE_PN0P_/D (sky130_fd_sc_hd__dfrtp_1)
          22.03   data arrival time

  20.00   20.00   clock clk (rise edge)
   0.00   20.00   clock source latency
   0.00   20.00 ^ clk (in)
   0.25   20.25 ^ clkbuf_0_clk/X (sky130_fd_sc_hd__clkbuf_16)
   0.32   20.58 ^ clkbuf_2_1_0_clk/X (sky130_fd_sc_hd__clkbuf_16)
   0.34   20.92 ^ clkbuf_5_14__f_clk/X (sky130_fd_sc_hd__clkbuf_16)
   0.21   21.13 ^ clkbuf_leaf_332_clk/X (sky130_fd_sc_hd__clkbuf_16)
   0.00   21.13 ^ mul_reduced_q[2]$_DFFE_PN0P_/CLK (sky130_fd_sc_hd__dfrtp_1)
  -0.25   20.88   clock uncertainty
   0.00   20.88   clock reconvergence pessimism
  -0.15   20.73   library setup time
          20.73   data required time
---------------------------------------------------------
          20.73   data required time
         -22.03   data arrival time
---------------------------------------------------------
          -1.30   slack (VIOLATED)



==========================================================================
cts final report_checks -path_delay min reg to reg
--------------------------------------------------------------------------
Startpoint: st[10]$_DFF_PN0_ (rising edge-triggered flip-flop clocked by clk)
Endpoint: done$_DFF_PN0_ (rising edge-triggered flip-flop clocked by clk)
Path Group: clk
Path Type: min

  Delay    Time   Description
---------------------------------------------------------
   0.00    0.00   clock clk (rise edge)
   0.00    0.00   clock source latency
   0.00    0.00 ^ clk (in)
   0.25    0.25 ^ clkbuf_0_clk/X (sky130_fd_sc_hd__clkbuf_16)
   0.33    0.59 ^ clkbuf_2_3_0_clk/X (sky130_fd_sc_hd__clkbuf_16)
   0.37    0.95 ^ clkbuf_5_26__f_clk/X (sky130_fd_sc_hd__clkbuf_16)
   0.22    1.17 ^ clkbuf_leaf_270_clk/X (sky130_fd_sc_hd__clkbuf_16)
   0.00    1.17 ^ st[10]$_DFF_PN0_/CLK (sky130_fd_sc_hd__dfrtp_1)
   0.34    1.51 ^ st[10]$_DFF_PN0_/Q (sky130_fd_sc_hd__dfrtp_1)
   0.00    1.51 ^ done$_DFF_PN0_/D (sky130_fd_sc_hd__dfrtp_1)
           1.51   data arrival time

   0.00    0.00   clock clk (rise edge)
   0.00    0.00   clock source latency
   0.00    0.00 ^ clk (in)
   0.25    0.25 ^ clkbuf_0_clk/X (sky130_fd_sc_hd__clkbuf_16)
   0.33    0.59 ^ clkbuf_2_3_0_clk/X (sky130_fd_sc_hd__clkbuf_16)
   0.37    0.95 ^ clkbuf_5_26__f_clk/X (sky130_fd_sc_hd__clkbuf_16)
   0.22    1.17 ^ clkbuf_leaf_270_clk/X (sky130_fd_sc_hd__clkbuf_16)
   0.00    1.17 ^ done$_DFF_PN0_/CLK (sky130_fd_sc_hd__dfrtp_1)
   0.25    1.42   clock uncertainty
   0.00    1.42   clock reconvergence pessimism
  -0.04    1.38   library hold time
           1.38   data required time
---------------------------------------------------------
           1.38   data required time
          -1.51   data arrival time
---------------------------------------------------------
           0.13   slack (MET)



==========================================================================
cts final critical path target clock latency max path
--------------------------------------------------------------------------
1.0993

==========================================================================
cts final critical path target clock latency min path
--------------------------------------------------------------------------
1.1727

==========================================================================
cts final critical path source clock latency min path
--------------------------------------------------------------------------
0.0000

==========================================================================
cts final critical path delay
--------------------------------------------------------------------------
22.0312

==========================================================================
cts final critical path slack
--------------------------------------------------------------------------
-1.3011

==========================================================================
cts final slack div critical path delay
--------------------------------------------------------------------------
-5.905716

==========================================================================
cts final report_power
--------------------------------------------------------------------------
Group                  Internal  Switching    Leakage      Total
                          Power      Power      Power      Power (Watts)
----------------------------------------------------------------
Sequential             9.38e-03   3.79e-05   4.53e-08   9.42e-03  50.4%
Combinational          2.13e-05   2.93e-05   4.67e-08   5.06e-05   0.3%
Clock                  5.18e-03   4.04e-03   7.89e-09   9.22e-03  49.3%
Macro                  0.00e+00   0.00e+00   0.00e+00   0.00e+00   0.0%
Pad                    0.00e+00   0.00e+00   0.00e+00   0.00e+00   0.0%
----------------------------------------------------------------
Total                  1.46e-02   4.11e-03   9.99e-08   1.87e-02 100.0%
                          78.0%      22.0%       0.0%
