
==========================================================================
global route report_tns
--------------------------------------------------------------------------
tns max -24.61

==========================================================================
global route report_wns
--------------------------------------------------------------------------
wns max -2.10

==========================================================================
global route report_worst_slack
--------------------------------------------------------------------------
worst slack max -2.10

==========================================================================
global route report_clock_min_period
--------------------------------------------------------------------------
clk period_min = 22.10 fmax = 45.26

==========================================================================
global route report_clock_skew
--------------------------------------------------------------------------
Clock clk
   1.18 source latency coeff_ram[152][15]$_SDFFE_PP0P_/CLK ^
  -1.08 target latency rdata[15]$_DFF_P_/CLK ^
   0.25 clock uncertainty
   0.00 CRPR
--------------
   0.35 setup skew


==========================================================================
global route report_checks -path_delay min
--------------------------------------------------------------------------
Startpoint: st[10]$_DFF_PN0_ (rising edge-triggered flip-flop clocked by clk)
Endpoint: done$_DFF_PN0_ (rising edge-triggered flip-flop clocked by clk)
Path Group: clk
Path Type: min

Fanout     Cap    Slew   Delay    Time   Description
-----------------------------------------------------------------------------
                          0.00    0.00   clock clk (rise edge)
                          0.00    0.00   clock source latency
     2    0.15    0.00    0.00    0.00 ^ clk (in)
                                         clk (net)
                  0.01    0.01    0.01 ^ clkbuf_0_clk/A (sky130_fd_sc_hd__clkbuf_16)
     4    0.22    0.23    0.25    0.26 ^ clkbuf_0_clk/X (sky130_fd_sc_hd__clkbuf_16)
                                         clknet_0_clk (net)
                  0.23    0.01    0.27 ^ clkbuf_2_3_0_clk/A (sky130_fd_sc_hd__clkbuf_16)
     8    0.19    0.20    0.31    0.58 ^ clkbuf_2_3_0_clk/X (sky130_fd_sc_hd__clkbuf_16)
                                         clknet_2_3_0_clk (net)
                  0.20    0.01    0.58 ^ clkbuf_5_26__f_clk/A (sky130_fd_sc_hd__clkbuf_16)
    17    0.25    0.26    0.34    0.93 ^ clkbuf_5_26__f_clk/X (sky130_fd_sc_hd__clkbuf_16)
                                         clknet_5_26__leaf_clk (net)
                  0.26    0.01    0.93 ^ clkbuf_leaf_270_clk/A (sky130_fd_sc_hd__clkbuf_16)
    10    0.04    0.06    0.21    1.15 ^ clkbuf_leaf_270_clk/X (sky130_fd_sc_hd__clkbuf_16)
                                         clknet_leaf_270_clk (net)
                  0.06    0.00    1.15 ^ st[10]$_DFF_PN0_/CLK (sky130_fd_sc_hd__dfrtp_1)
     2    0.01    0.09    0.36    1.50 ^ st[10]$_DFF_PN0_/Q (sky130_fd_sc_hd__dfrtp_1)
                                         st[10] (net)
                  0.09    0.00    1.51 ^ done$_DFF_PN0_/D (sky130_fd_sc_hd__dfrtp_1)
                                  1.51   data arrival time

                          0.00    0.00   clock clk (rise edge)
                          0.00    0.00   clock source latency
     2    0.15    0.00    0.00    0.00 ^ clk (in)
                                         clk (net)
                  0.01    0.01    0.01 ^ clkbuf_0_clk/A (sky130_fd_sc_hd__clkbuf_16)
     4    0.22    0.23    0.25    0.26 ^ clkbuf_0_clk/X (sky130_fd_sc_hd__clkbuf_16)
                                         clknet_0_clk (net)
                  0.23    0.01    0.27 ^ clkbuf_2_3_0_clk/A (sky130_fd_sc_hd__clkbuf_16)
     8    0.19    0.20    0.31    0.58 ^ clkbuf_2_3_0_clk/X (sky130_fd_sc_hd__clkbuf_16)
                                         clknet_2_3_0_clk (net)
                  0.20    0.01    0.58 ^ clkbuf_5_26__f_clk/A (sky130_fd_sc_hd__clkbuf_16)
    17    0.25    0.26    0.34    0.93 ^ clkbuf_5_26__f_clk/X (sky130_fd_sc_hd__clkbuf_16)
                                         clknet_5_26__leaf_clk (net)
                  0.26    0.01    0.93 ^ clkbuf_leaf_270_clk/A (sky130_fd_sc_hd__clkbuf_16)
    10    0.04    0.06    0.21    1.15 ^ clkbuf_leaf_270_clk/X (sky130_fd_sc_hd__clkbuf_16)
                                         clknet_leaf_270_clk (net)
                  0.06    0.00    1.15 ^ done$_DFF_PN0_/CLK (sky130_fd_sc_hd__dfrtp_1)
                          0.25    1.40   clock uncertainty
                          0.00    1.40   clock reconvergence pessimism
                         -0.04    1.36   library hold time
                                  1.36   data required time
-----------------------------------------------------------------------------
                                  1.36   data required time
                                 -1.51   data arrival time
-----------------------------------------------------------------------------
                                  0.15   slack (MET)



==========================================================================
global route report_checks -path_delay max
--------------------------------------------------------------------------
Startpoint: coeff_a_q[1]$_DFFE_PN0P_
            (rising edge-triggered flip-flop clocked by clk)
Endpoint: mul_reduced_q[2]$_DFFE_PN0P_
          (rising edge-triggered flip-flop clocked by clk)
Path Group: clk
Path Type: max

Fanout     Cap    Slew   Delay    Time   Description
-----------------------------------------------------------------------------
                          0.00    0.00   clock clk (rise edge)
                          0.00    0.00   clock source latency
     2    0.15    0.00    0.00    0.00 ^ clk (in)
                                         clk (net)
                  0.01    0.01    0.01 ^ clkbuf_0_clk/A (sky130_fd_sc_hd__clkbuf_16)
     4    0.22    0.23    0.25    0.26 ^ clkbuf_0_clk/X (sky130_fd_sc_hd__clkbuf_16)
                                         clknet_0_clk (net)
                  0.23    0.01    0.27 ^ clkbuf_2_1_0_clk/A (sky130_fd_sc_hd__clkbuf_16)
     8    0.20    0.21    0.31    0.58 ^ clkbuf_2_1_0_clk/X (sky130_fd_sc_hd__clkbuf_16)
                                         clknet_2_1_0_clk (net)
                  0.21    0.01    0.59 ^ clkbuf_5_15__f_clk/A (sky130_fd_sc_hd__clkbuf_16)
    16    0.24    0.25    0.33    0.92 ^ clkbuf_5_15__f_clk/X (sky130_fd_sc_hd__clkbuf_16)
                                         clknet_5_15__leaf_clk (net)
                  0.25    0.01    0.93 ^ clkbuf_leaf_334_clk/A (sky130_fd_sc_hd__clkbuf_16)
    11    0.05    0.07    0.21    1.14 ^ clkbuf_leaf_334_clk/X (sky130_fd_sc_hd__clkbuf_16)
                                         clknet_leaf_334_clk (net)
                  0.07    0.00    1.14 ^ coeff_a_q[1]$_DFFE_PN0P_/CLK (sky130_fd_sc_hd__dfrtp_2)
     2    0.01    0.07    0.43    1.57 v coeff_a_q[1]$_DFFE_PN0P_/Q (sky130_fd_sc_hd__dfrtp_2)
                                         coeff_a_q[1] (net)
                  0.07    0.00    1.57 v _53501_/B (sky130_fd_sc_hd__ha_4)
     2    0.01    0.04    0.28    1.85 ^ _53501_/SUM (sky130_fd_sc_hd__ha_4)
                                         _00673_ (net)
                  0.04    0.00    1.85 ^ _36525_/A (sky130_fd_sc_hd__inv_2)
     1    0.01    0.03    0.04    1.89 v _36525_/Y (sky130_fd_sc_hd__inv_2)
                                         _00722_ (net)
                  0.03    0.00    1.89 v _53574_/B (sky130_fd_sc_hd__ha_4)
     2    0.01    0.04    0.16    2.05 v _53574_/COUT (sky130_fd_sc_hd__ha_4)
                                         _00216_ (net)
                  0.04    0.00    2.05 v _53157_/CIN (sky130_fd_sc_hd__fa_2)
     2    0.01    0.08    0.35    2.40 v _53157_/COUT (sky130_fd_sc_hd__fa_2)
                                         _00219_ (net)
                  0.08    0.00    2.40 v _29547_/A2 (sky130_fd_sc_hd__a21oi_2)
     1    0.01    0.11    0.16    2.56 ^ _29547_/Y (sky130_fd_sc_hd__a21oi_2)
                                         _06685_ (net)
                  0.11    0.00    2.56 ^ _29548_/B (sky130_fd_sc_hd__nor2_1)
     1    0.01    0.05    0.07    2.63 v _29548_/Y (sky130_fd_sc_hd__nor2_1)
                                         _06686_ (net)
                  0.05    0.00    2.63 v _29549_/A (sky130_fd_sc_hd__nor2_2)
     2    0.02    0.21    0.21    2.84 ^ _29549_/Y (sky130_fd_sc_hd__nor2_2)
                                         _06687_ (net)
                  0.21    0.00    2.84 ^ _29560_/A (sky130_fd_sc_hd__xnor2_2)
     2    0.01    0.09    0.13    2.97 v _29560_/Y (sky130_fd_sc_hd__xnor2_2)
                                         _06698_ (net)
                  0.09    0.00    2.97 v _29563_/C (sky130_fd_sc_hd__nor3_2)
     2    0.01    0.19    0.17    3.13 ^ _29563_/Y (sky130_fd_sc_hd__nor3_2)
                                         _06701_ (net)
                  0.19    0.00    3.13 ^ _29564_/B_N (sky130_fd_sc_hd__nor2b_2)
     2    0.01    0.10    0.20    3.33 ^ _29564_/Y (sky130_fd_sc_hd__nor2b_2)
                                         _06702_ (net)
                  0.10    0.00    3.33 ^ _29565_/B_N (sky130_fd_sc_hd__nor2b_4)
     2    0.01    0.10    0.17    3.50 ^ _29565_/Y (sky130_fd_sc_hd__nor2b_4)
                                         _06703_ (net)
                  0.10    0.00    3.50 ^ _29566_/B (sky130_fd_sc_hd__nand2_1)
     1    0.01    0.10    0.08    3.58 v _29566_/Y (sky130_fd_sc_hd__nand2_1)
                                         _06704_ (net)
                  0.10    0.00    3.58 v _29567_/B1 (sky130_fd_sc_hd__a21oi_2)
     1    0.01    0.12    0.14    3.72 ^ _29567_/Y (sky130_fd_sc_hd__a21oi_2)
                                         _06705_ (net)
                  0.12    0.00    3.72 ^ _29568_/B (sky130_fd_sc_hd__nor2_1)
     1    0.00    0.06    0.06    3.79 v _29568_/Y (sky130_fd_sc_hd__nor2_1)
                                         _06706_ (net)
                  0.06    0.00    3.79 v _29574_/A2 (sky130_fd_sc_hd__o211a_1)
     2    0.01    0.06    0.24    4.02 v _29574_/X (sky130_fd_sc_hd__o211a_1)
                                         _06712_ (net)
                  0.06    0.00    4.02 v _29575_/B (sky130_fd_sc_hd__or2_4)
     4    0.02    0.06    0.26    4.28 v _29575_/X (sky130_fd_sc_hd__or2_4)
                                         _06713_ (net)
                  0.06    0.00    4.28 v _36452_/C (sky130_fd_sc_hd__and3_4)
     3    0.01    0.04    0.20    4.48 v _36452_/X (sky130_fd_sc_hd__and3_4)
                                         _11106_ (net)
                  0.04    0.00    4.48 v _36459_/B (sky130_fd_sc_hd__nand2b_1)
     1    0.01    0.08    0.09    4.57 ^ _36459_/Y (sky130_fd_sc_hd__nand2b_1)
                                         _11112_ (net)
                  0.08    0.00    4.57 ^ _36460_/A (sky130_fd_sc_hd__xor2_1)
     1    0.00    0.15    0.17    4.74 ^ _36460_/X (sky130_fd_sc_hd__xor2_1)
                                         _11113_ (net)
                  0.15    0.00    4.74 ^ _36462_/A1 (sky130_fd_sc_hd__a211o_1)
     4    0.02    0.18    0.24    4.98 ^ _36462_/X (sky130_fd_sc_hd__a211o_1)
                                         _11115_ (net)
                  0.18    0.00    4.98 ^ _36463_/B1_N (sky130_fd_sc_hd__a21boi_4)
     1    0.01    0.14    0.23    5.21 ^ _36463_/Y (sky130_fd_sc_hd__a21boi_4)
                                         _11116_ (net)
                  0.14    0.00    5.21 ^ rebuffer3826/A (sky130_fd_sc_hd__buf_12)
     7    0.05    0.07    0.15    5.36 ^ rebuffer3826/X (sky130_fd_sc_hd__buf_12)
                                         net3826 (net)
                  0.07    0.00    5.36 ^ _36555_/B (sky130_fd_sc_hd__nor2_4)
     1    0.01    0.05    0.04    5.41 v _36555_/Y (sky130_fd_sc_hd__nor2_4)
                                         _00235_ (net)
                  0.05    0.00    5.41 v _53169_/B (sky130_fd_sc_hd__fa_2)
     1    0.01    0.08    0.37    5.78 v _53169_/COUT (sky130_fd_sc_hd__fa_2)
                                         _26869_ (net)
                  0.08    0.00    5.78 v _53173_/B (sky130_fd_sc_hd__fa_1)
     1    0.01    0.11    0.50    6.29 v _53173_/SUM (sky130_fd_sc_hd__fa_1)
                                         _26252_ (net)
                  0.11    0.00    6.29 v _52924_/B (sky130_fd_sc_hd__fa_1)
     1    0.01    0.10    0.56    6.85 ^ _52924_/SUM (sky130_fd_sc_hd__fa_1)
                                         _26256_ (net)
                  0.10    0.00    6.85 ^ _53104_/CIN (sky130_fd_sc_hd__fa_1)
     1    0.01    0.09    0.44    7.29 v _53104_/SUM (sky130_fd_sc_hd__fa_1)
                                         _26572_ (net)
                  0.09    0.00    7.29 v _53010_/CIN (sky130_fd_sc_hd__fa_1)
     1    0.01    0.11    0.49    7.78 v _53010_/SUM (sky130_fd_sc_hd__fa_1)
                                         _26574_ (net)
                  0.11    0.00    7.78 v _53383_/A (sky130_fd_sc_hd__ha_4)
     2    0.01    0.05    0.30    8.08 ^ _53383_/SUM (sky130_fd_sc_hd__ha_4)
                                         _00525_ (net)
                  0.05    0.00    8.08 ^ _35282_/A (sky130_fd_sc_hd__inv_2)
     2    0.01    0.02    0.03    8.11 v _35282_/Y (sky130_fd_sc_hd__inv_2)
                                         _10392_ (net)
                  0.02    0.00    8.11 v _35285_/A2 (sky130_fd_sc_hd__o21bai_1)
     1    0.01    0.19    0.18    8.29 ^ _35285_/Y (sky130_fd_sc_hd__o21bai_1)
                                         _10395_ (net)
                  0.19    0.00    8.29 ^ _35286_/A1 (sky130_fd_sc_hd__a21oi_2)
     2    0.01    0.07    0.10    8.39 v _35286_/Y (sky130_fd_sc_hd__a21oi_2)
                                         _10396_ (net)
                  0.07    0.00    8.39 v _35287_/A1 (sky130_fd_sc_hd__o21bai_1)
     1    0.01    0.18    0.20    8.59 ^ _35287_/Y (sky130_fd_sc_hd__o21bai_1)
                                         _10397_ (net)
                  0.18    0.00    8.59 ^ _35288_/A2 (sky130_fd_sc_hd__a21oi_2)
     2    0.01    0.06    0.09    8.68 v _35288_/Y (sky130_fd_sc_hd__a21oi_2)
                                         _10398_ (net)
                  0.06    0.00    8.68 v _35289_/A1 (sky130_fd_sc_hd__o21bai_1)
     1    0.01    0.19    0.20    8.88 ^ _35289_/Y (sky130_fd_sc_hd__o21bai_1)
                                         _10399_ (net)
                  0.19    0.00    8.89 ^ _35290_/A1 (sky130_fd_sc_hd__a21oi_2)
     2    0.01    0.07    0.09    8.98 v _35290_/Y (sky130_fd_sc_hd__a21oi_2)
                                         _10400_ (net)
                  0.07    0.00    8.98 v _35291_/A1 (sky130_fd_sc_hd__o21bai_1)
     1    0.01    0.23    0.23    9.21 ^ _35291_/Y (sky130_fd_sc_hd__o21bai_1)
                                         _10401_ (net)
                  0.23    0.00    9.21 ^ _35292_/A2 (sky130_fd_sc_hd__a21oi_2)
     2    0.01    0.06    0.10    9.31 v _35292_/Y (sky130_fd_sc_hd__a21oi_2)
                                         _10402_ (net)
                  0.06    0.00    9.31 v _35293_/A1 (sky130_fd_sc_hd__o21bai_1)
     1    0.01    0.19    0.21    9.52 ^ _35293_/Y (sky130_fd_sc_hd__o21bai_1)
                                         _10403_ (net)
                  0.19    0.00    9.52 ^ _35294_/A1 (sky130_fd_sc_hd__a21oi_2)
     2    0.01    0.08    0.11    9.63 v _35294_/Y (sky130_fd_sc_hd__a21oi_2)
                                         _10404_ (net)
                  0.08    0.00    9.63 v _35295_/A (sky130_fd_sc_hd__xnor2_2)
     2    0.01    0.19    0.22    9.85 ^ _35295_/Y (sky130_fd_sc_hd__xnor2_2)
                                         _00034_ (net)
                  0.19    0.00    9.85 ^ _35296_/A (sky130_fd_sc_hd__inv_2)
     4    0.03    0.09    0.12    9.97 v _35296_/Y (sky130_fd_sc_hd__inv_2)
                                         mul_product[20] (net)
                  0.09    0.00    9.97 v _53055_/A (sky130_fd_sc_hd__fa_2)
     2    0.01    0.09    0.61   10.58 ^ _53055_/SUM (sky130_fd_sc_hd__fa_2)
                                         _26261_ (net)
                  0.09    0.00   10.58 ^ _52926_/CIN (sky130_fd_sc_hd__fa_1)
     1    0.01    0.13    0.47   11.06 v _52926_/SUM (sky130_fd_sc_hd__fa_1)
                                         _26263_ (net)
                  0.13    0.00   11.06 v _52972_/A (sky130_fd_sc_hd__fa_1)
     1    0.01    0.09    0.58   11.64 ^ _52972_/SUM (sky130_fd_sc_hd__fa_1)
                                         _26444_ (net)
                  0.09    0.00   11.64 ^ _53116_/CIN (sky130_fd_sc_hd__fa_1)
     1    0.01    0.10    0.44   12.08 v _53116_/SUM (sky130_fd_sc_hd__fa_1)
                                         _26789_ (net)
                  0.10    0.00   12.08 v _53120_/B (sky130_fd_sc_hd__fa_1)
     1    0.01    0.14    0.58   12.67 ^ _53120_/SUM (sky130_fd_sc_hd__fa_1)
                                         _26801_ (net)
                  0.14    0.00   12.67 ^ _53390_/B (sky130_fd_sc_hd__ha_4)
     2    0.01    0.04    0.22   12.89 v _53390_/SUM (sky130_fd_sc_hd__ha_4)
                                         _00536_ (net)
                  0.04    0.00   12.89 v _27426_/A1 (sky130_fd_sc_hd__a21oi_2)
     1    0.01    0.11    0.13   13.01 ^ _27426_/Y (sky130_fd_sc_hd__a21oi_2)
                                         _26145_ (net)
                  0.11    0.00   13.01 ^ _27427_/A (sky130_fd_sc_hd__nor2b_1)
     1    0.00    0.04    0.06   13.07 v _27427_/Y (sky130_fd_sc_hd__nor2b_1)
                                         _26146_ (net)
                  0.04    0.00   13.07 v _27428_/A2 (sky130_fd_sc_hd__o21ai_1)
     1    0.00    0.11    0.12   13.18 ^ _27428_/Y (sky130_fd_sc_hd__o21ai_1)
                                         _26147_ (net)
                  0.11    0.00   13.18 ^ _27429_/B (sky130_fd_sc_hd__nand2b_1)
     2    0.02    0.18    0.18   13.37 v _27429_/Y (sky130_fd_sc_hd__nand2b_1)
                                         _26148_ (net)
                  0.18    0.00   13.37 v _27445_/D1 (sky130_fd_sc_hd__a2111oi_4)
     1    0.01    0.28    0.26   13.63 ^ _27445_/Y (sky130_fd_sc_hd__a2111oi_4)
                                         _26164_ (net)
                  0.28    0.00   13.63 ^ _27446_/B1 (sky130_fd_sc_hd__o211ai_1)
     2    0.01    0.15    0.21   13.83 v _27446_/Y (sky130_fd_sc_hd__o211ai_1)
                                         _26165_ (net)
                  0.15    0.00   13.83 v _34010_/A1 (sky130_fd_sc_hd__a311oi_1)
     1    0.01    0.29    0.32   14.15 ^ _34010_/Y (sky130_fd_sc_hd__a311oi_1)
                                         _09590_ (net)
                  0.29    0.00   14.15 ^ _34012_/A2 (sky130_fd_sc_hd__o21ba_2)
     2    0.02    0.11    0.23   14.38 ^ _34012_/X (sky130_fd_sc_hd__o21ba_2)
                                         _09592_ (net)
                  0.11    0.00   14.38 ^ _34013_/A1 (sky130_fd_sc_hd__o21bai_4)
     2    0.02    0.07    0.10   14.48 v _34013_/Y (sky130_fd_sc_hd__o21bai_4)
                                         _09593_ (net)
                  0.07    0.00   14.48 v _34014_/A2 (sky130_fd_sc_hd__a21oi_4)
     3    0.01    0.15    0.19   14.67 ^ _34014_/Y (sky130_fd_sc_hd__a21oi_4)
                                         _09594_ (net)
                  0.15    0.00   14.67 ^ _34015_/A (sky130_fd_sc_hd__inv_1)
     1    0.01    0.06    0.09   14.76 v _34015_/Y (sky130_fd_sc_hd__inv_1)
                                         _09595_ (net)
                  0.06    0.00   14.76 v _34016_/A1 (sky130_fd_sc_hd__a21oi_2)
     2    0.01    0.13    0.16   14.92 ^ _34016_/Y (sky130_fd_sc_hd__a21oi_2)
                                         _09596_ (net)
                  0.13    0.00   14.92 ^ _34017_/B (sky130_fd_sc_hd__nor2_1)
     1    0.00    0.04    0.06   14.98 v _34017_/Y (sky130_fd_sc_hd__nor2_1)
                                         _09597_ (net)
                  0.04    0.00   14.98 v _34018_/B (sky130_fd_sc_hd__nor2_1)
     1    0.01    0.15    0.14   15.11 ^ _34018_/Y (sky130_fd_sc_hd__nor2_1)
                                         _09598_ (net)
                  0.15    0.00   15.11 ^ _34019_/B (sky130_fd_sc_hd__xor2_1)
     2    0.01    0.21    0.23   15.34 ^ _34019_/X (sky130_fd_sc_hd__xor2_1)
                                         _00134_ (net)
                  0.21    0.00   15.34 ^ rebuffer3738/A (sky130_fd_sc_hd__buf_4)
     1    0.01    0.04    0.15   15.50 ^ rebuffer3738/X (sky130_fd_sc_hd__buf_4)
                                         net3738 (net)
                  0.04    0.00   15.50 ^ _53309_/A (sky130_fd_sc_hd__ha_1)
     1    0.01    0.08    0.25   15.74 v _53309_/SUM (sky130_fd_sc_hd__ha_1)
                                         _26474_ (net)
                  0.08    0.00   15.75 v _52983_/B (sky130_fd_sc_hd__fa_1)
     1    0.01    0.12    0.56   16.31 ^ _52983_/SUM (sky130_fd_sc_hd__fa_1)
                                         _26477_ (net)
                  0.12    0.00   16.31 ^ _53521_/B (sky130_fd_sc_hd__ha_4)
     1    0.01    0.04    0.22   16.53 v _53521_/SUM (sky130_fd_sc_hd__ha_4)
                                         _26605_ (net)
                  0.04    0.00   16.53 v _53027_/A (sky130_fd_sc_hd__fa_1)
     1    0.00    0.08    0.48   17.00 v _53027_/SUM (sky130_fd_sc_hd__fa_1)
                                         _26608_ (net)
                  0.08    0.00   17.00 v _53460_/B (sky130_fd_sc_hd__ha_1)
     1    0.01    0.06    0.30   17.30 ^ _53460_/SUM (sky130_fd_sc_hd__ha_1)
                                         _00613_ (net)
                  0.06    0.00   17.30 ^ _52305_/A (sky130_fd_sc_hd__inv_1)
     1    0.00    0.03    0.05   17.35 v _52305_/Y (sky130_fd_sc_hd__inv_1)
                                         _00406_ (net)
                  0.03    0.00   17.35 v _53290_/B (sky130_fd_sc_hd__ha_1)
     2    0.01    0.08    0.30   17.65 v _53290_/SUM (sky130_fd_sc_hd__ha_1)
                                         _00409_ (net)
                  0.08    0.00   17.65 v place2226/A (sky130_fd_sc_hd__buf_4)
     4    0.02    0.04    0.16   17.81 v place2226/X (sky130_fd_sc_hd__buf_4)
                                         net2226 (net)
                  0.04    0.00   17.81 v _28545_/A1 (sky130_fd_sc_hd__a22oi_2)
     1    0.01    0.15    0.16   17.97 ^ _28545_/Y (sky130_fd_sc_hd__a22oi_2)
                                         _06003_ (net)
                  0.15    0.00   17.97 ^ _28546_/B1 (sky130_fd_sc_hd__o21ai_1)
     2    0.01    0.09    0.12   18.09 v _28546_/Y (sky130_fd_sc_hd__o21ai_1)
                                         _06004_ (net)
                  0.09    0.00   18.09 v _28547_/B1 (sky130_fd_sc_hd__a311o_2)
     4    0.03    0.12    0.45   18.54 v _28547_/X (sky130_fd_sc_hd__a311o_2)
                                         _06005_ (net)
                  0.12    0.00   18.55 v _28548_/A1 (sky130_fd_sc_hd__a2111oi_4)
     1    0.01    0.29    0.35   18.89 ^ _28548_/Y (sky130_fd_sc_hd__a2111oi_4)
                                         _06006_ (net)
                  0.29    0.00   18.89 ^ _28550_/A (sky130_fd_sc_hd__nor3_2)
     1    0.01    0.08    0.11   19.00 v _28550_/Y (sky130_fd_sc_hd__nor3_2)
                                         _06008_ (net)
                  0.08    0.00   19.00 v _28551_/A (sky130_fd_sc_hd__xnor2_2)
     3    0.01    0.23    0.25   19.25 ^ _28551_/Y (sky130_fd_sc_hd__xnor2_2)
                                         _06009_ (net)
                  0.23    0.00   19.25 ^ _28937_/B (sky130_fd_sc_hd__nand3_2)
     2    0.02    0.15    0.16   19.41 v _28937_/Y (sky130_fd_sc_hd__nand3_2)
                                         _06285_ (net)
                  0.15    0.00   19.41 v _28939_/B (sky130_fd_sc_hd__nor3_4)
     1    0.01    0.15    0.21   19.62 ^ _28939_/Y (sky130_fd_sc_hd__nor3_4)
                                         _06287_ (net)
                  0.15    0.00   19.62 ^ rebuffer3709/A (sky130_fd_sc_hd__buf_6)
     2    0.03    0.07    0.15   19.77 ^ rebuffer3709/X (sky130_fd_sc_hd__buf_6)
                                         net3709 (net)
                  0.08    0.00   19.78 ^ _28941_/A (sky130_fd_sc_hd__xnor2_4)
     2    0.01    0.15    0.13   19.91 ^ _28941_/Y (sky130_fd_sc_hd__xnor2_4)
                                         _00459_ (net)
                  0.15    0.00   19.91 ^ _28942_/A (sky130_fd_sc_hd__inv_2)
     2    0.01    0.05    0.07   19.98 v _28942_/Y (sky130_fd_sc_hd__inv_2)
                                         u_mul_reduce.r1[0] (net)
                  0.05    0.00   19.98 v _53326_/A (sky130_fd_sc_hd__ha_2)
     1    0.01    0.05    0.19   20.17 v _53326_/COUT (sky130_fd_sc_hd__ha_2)
                                         _00463_ (net)
                  0.05    0.00   20.17 v _31071_/A (sky130_fd_sc_hd__and3_4)
     2    0.02    0.05    0.17   20.34 v _31071_/X (sky130_fd_sc_hd__and3_4)
                                         _07687_ (net)
                  0.05    0.00   20.34 v _31072_/B1 (sky130_fd_sc_hd__o21ai_4)
     2    0.02    0.16    0.08   20.41 ^ _31072_/Y (sky130_fd_sc_hd__o21ai_4)
                                         _07688_ (net)
                  0.16    0.00   20.41 ^ _31087_/C (sky130_fd_sc_hd__nor4b_4)
     2    0.01    0.07    0.07   20.48 v _31087_/Y (sky130_fd_sc_hd__nor4b_4)
                                         _07703_ (net)
                  0.07    0.00   20.48 v rebuffer3711/A (sky130_fd_sc_hd__buf_4)
     2    0.02    0.04    0.16   20.64 v rebuffer3711/X (sky130_fd_sc_hd__buf_4)
                                         net3711 (net)
                  0.04    0.00   20.64 v _31144_/A1 (sky130_fd_sc_hd__a2111o_2)
     4    0.03    0.14    0.51   21.15 v _31144_/X (sky130_fd_sc_hd__a2111o_2)
                                         _07760_ (net)
                  0.14    0.00   21.15 v place2058/A (sky130_fd_sc_hd__buf_6)
     2    0.01    0.02    0.16   21.31 v place2058/X (sky130_fd_sc_hd__buf_6)
                                         net2058 (net)
                  0.02    0.00   21.31 v _48258_/B1 (sky130_fd_sc_hd__o21a_1)
     2    0.01    0.07    0.13   21.43 v _48258_/X (sky130_fd_sc_hd__o21a_1)
                                         _22656_ (net)
                  0.07    0.00   21.44 v _48272_/A2 (sky130_fd_sc_hd__o22a_1)
     2    0.01    0.09    0.25   21.69 v _48272_/X (sky130_fd_sc_hd__o22a_1)
                                         _22670_ (net)
                  0.09    0.00   21.69 v _48312_/B2 (sky130_fd_sc_hd__a221o_1)
     2    0.02    0.11    0.40   22.09 v _48312_/X (sky130_fd_sc_hd__a221o_1)
                                         _22710_ (net)
                  0.11    0.00   22.09 v _48359_/A2 (sky130_fd_sc_hd__o211ai_4)
     3    0.02    0.22    0.24   22.33 ^ _48359_/Y (sky130_fd_sc_hd__o211ai_4)
                                         _22757_ (net)
                  0.22    0.00   22.33 ^ rebuffer3717/A (sky130_fd_sc_hd__buf_6)
     2    0.02    0.05    0.15   22.48 ^ rebuffer3717/X (sky130_fd_sc_hd__buf_6)
                                         net3717 (net)
                  0.05    0.00   22.48 ^ place2029/A (sky130_fd_sc_hd__buf_12)
     6    0.03    0.05    0.11   22.59 ^ place2029/X (sky130_fd_sc_hd__buf_12)
                                         net2029 (net)
                  0.05    0.00   22.59 ^ _48422_/B (sky130_fd_sc_hd__and3_4)
     1    0.01    0.05    0.18   22.76 ^ _48422_/X (sky130_fd_sc_hd__and3_4)
                                         _22811_ (net)
                  0.05    0.00   22.76 ^ _48424_/A3 (sky130_fd_sc_hd__o31ai_2)
     1    0.00    0.16    0.06   22.82 v _48424_/Y (sky130_fd_sc_hd__o31ai_2)
                                         _01111_ (net)
                  0.16    0.00   22.82 v mul_reduced_q[2]$_DFFE_PN0P_/D (sky130_fd_sc_hd__dfrtp_1)
                                 22.82   data arrival time

                         20.00   20.00   clock clk (rise edge)
                          0.00   20.00   clock source latency
     2    0.15    0.00    0.00   20.00 ^ clk (in)
                                         clk (net)
                  0.01    0.01   20.01 ^ clkbuf_0_clk/A (sky130_fd_sc_hd__clkbuf_16)
     4    0.22    0.23    0.25   20.26 ^ clkbuf_0_clk/X (sky130_fd_sc_hd__clkbuf_16)
                                         clknet_0_clk (net)
                  0.23    0.01   20.27 ^ clkbuf_2_1_0_clk/A (sky130_fd_sc_hd__clkbuf_16)
     8    0.20    0.21    0.31   20.58 ^ clkbuf_2_1_0_clk/X (sky130_fd_sc_hd__clkbuf_16)
                                         clknet_2_1_0_clk (net)
                  0.21    0.01   20.59 ^ clkbuf_5_14__f_clk/A (sky130_fd_sc_hd__clkbuf_16)
    13    0.23    0.24    0.33   20.92 ^ clkbuf_5_14__f_clk/X (sky130_fd_sc_hd__clkbuf_16)
                                         clknet_5_14__leaf_clk (net)
                  0.24    0.01   20.92 ^ clkbuf_leaf_332_clk/A (sky130_fd_sc_hd__clkbuf_16)
     8    0.04    0.06    0.21   21.13 ^ clkbuf_leaf_332_clk/X (sky130_fd_sc_hd__clkbuf_16)
                                         clknet_leaf_332_clk (net)
                  0.06    0.00   21.13 ^ mul_reduced_q[2]$_DFFE_PN0P_/CLK (sky130_fd_sc_hd__dfrtp_1)
                         -0.25   20.88   clock uncertainty
                          0.00   20.88   clock reconvergence pessimism
                         -0.16   20.72   library setup time
                                 20.72   data required time
-----------------------------------------------------------------------------
                                 20.72   data required time
                                -22.82   data arrival time
-----------------------------------------------------------------------------
                                 -2.10   slack (VIOLATED)



==========================================================================
global route report_checks -unconstrained
--------------------------------------------------------------------------
Startpoint: coeff_a_q[1]$_DFFE_PN0P_
            (rising edge-triggered flip-flop clocked by clk)
Endpoint: mul_reduced_q[2]$_DFFE_PN0P_
          (rising edge-triggered flip-flop clocked by clk)
Path Group: clk
Path Type: max

Fanout     Cap    Slew   Delay    Time   Description
-----------------------------------------------------------------------------
                          0.00    0.00   clock clk (rise edge)
                          0.00    0.00   clock source latency
     2    0.15    0.00    0.00    0.00 ^ clk (in)
                                         clk (net)
                  0.01    0.01    0.01 ^ clkbuf_0_clk/A (sky130_fd_sc_hd__clkbuf_16)
     4    0.22    0.23    0.25    0.26 ^ clkbuf_0_clk/X (sky130_fd_sc_hd__clkbuf_16)
                                         clknet_0_clk (net)
                  0.23    0.01    0.27 ^ clkbuf_2_1_0_clk/A (sky130_fd_sc_hd__clkbuf_16)
     8    0.20    0.21    0.31    0.58 ^ clkbuf_2_1_0_clk/X (sky130_fd_sc_hd__clkbuf_16)
                                         clknet_2_1_0_clk (net)
                  0.21    0.01    0.59 ^ clkbuf_5_15__f_clk/A (sky130_fd_sc_hd__clkbuf_16)
    16    0.24    0.25    0.33    0.92 ^ clkbuf_5_15__f_clk/X (sky130_fd_sc_hd__clkbuf_16)
                                         clknet_5_15__leaf_clk (net)
                  0.25    0.01    0.93 ^ clkbuf_leaf_334_clk/A (sky130_fd_sc_hd__clkbuf_16)
    11    0.05    0.07    0.21    1.14 ^ clkbuf_leaf_334_clk/X (sky130_fd_sc_hd__clkbuf_16)
                                         clknet_leaf_334_clk (net)
                  0.07    0.00    1.14 ^ coeff_a_q[1]$_DFFE_PN0P_/CLK (sky130_fd_sc_hd__dfrtp_2)
     2    0.01    0.07    0.43    1.57 v coeff_a_q[1]$_DFFE_PN0P_/Q (sky130_fd_sc_hd__dfrtp_2)
                                         coeff_a_q[1] (net)
                  0.07    0.00    1.57 v _53501_/B (sky130_fd_sc_hd__ha_4)
     2    0.01    0.04    0.28    1.85 ^ _53501_/SUM (sky130_fd_sc_hd__ha_4)
                                         _00673_ (net)
                  0.04    0.00    1.85 ^ _36525_/A (sky130_fd_sc_hd__inv_2)
     1    0.01    0.03    0.04    1.89 v _36525_/Y (sky130_fd_sc_hd__inv_2)
                                         _00722_ (net)
                  0.03    0.00    1.89 v _53574_/B (sky130_fd_sc_hd__ha_4)
     2    0.01    0.04    0.16    2.05 v _53574_/COUT (sky130_fd_sc_hd__ha_4)
                                         _00216_ (net)
                  0.04    0.00    2.05 v _53157_/CIN (sky130_fd_sc_hd__fa_2)
     2    0.01    0.08    0.35    2.40 v _53157_/COUT (sky130_fd_sc_hd__fa_2)
                                         _00219_ (net)
                  0.08    0.00    2.40 v _29547_/A2 (sky130_fd_sc_hd__a21oi_2)
     1    0.01    0.11    0.16    2.56 ^ _29547_/Y (sky130_fd_sc_hd__a21oi_2)
                                         _06685_ (net)
                  0.11    0.00    2.56 ^ _29548_/B (sky130_fd_sc_hd__nor2_1)
     1    0.01    0.05    0.07    2.63 v _29548_/Y (sky130_fd_sc_hd__nor2_1)
                                         _06686_ (net)
                  0.05    0.00    2.63 v _29549_/A (sky130_fd_sc_hd__nor2_2)
     2    0.02    0.21    0.21    2.84 ^ _29549_/Y (sky130_fd_sc_hd__nor2_2)
                                         _06687_ (net)
                  0.21    0.00    2.84 ^ _29560_/A (sky130_fd_sc_hd__xnor2_2)
     2    0.01    0.09    0.13    2.97 v _29560_/Y (sky130_fd_sc_hd__xnor2_2)
                                         _06698_ (net)
                  0.09    0.00    2.97 v _29563_/C (sky130_fd_sc_hd__nor3_2)
     2    0.01    0.19    0.17    3.13 ^ _29563_/Y (sky130_fd_sc_hd__nor3_2)
                                         _06701_ (net)
                  0.19    0.00    3.13 ^ _29564_/B_N (sky130_fd_sc_hd__nor2b_2)
     2    0.01    0.10    0.20    3.33 ^ _29564_/Y (sky130_fd_sc_hd__nor2b_2)
                                         _06702_ (net)
                  0.10    0.00    3.33 ^ _29565_/B_N (sky130_fd_sc_hd__nor2b_4)
     2    0.01    0.10    0.17    3.50 ^ _29565_/Y (sky130_fd_sc_hd__nor2b_4)
                                         _06703_ (net)
                  0.10    0.00    3.50 ^ _29566_/B (sky130_fd_sc_hd__nand2_1)
     1    0.01    0.10    0.08    3.58 v _29566_/Y (sky130_fd_sc_hd__nand2_1)
                                         _06704_ (net)
                  0.10    0.00    3.58 v _29567_/B1 (sky130_fd_sc_hd__a21oi_2)
     1    0.01    0.12    0.14    3.72 ^ _29567_/Y (sky130_fd_sc_hd__a21oi_2)
                                         _06705_ (net)
                  0.12    0.00    3.72 ^ _29568_/B (sky130_fd_sc_hd__nor2_1)
     1    0.00    0.06    0.06    3.79 v _29568_/Y (sky130_fd_sc_hd__nor2_1)
                                         _06706_ (net)
                  0.06    0.00    3.79 v _29574_/A2 (sky130_fd_sc_hd__o211a_1)
     2    0.01    0.06    0.24    4.02 v _29574_/X (sky130_fd_sc_hd__o211a_1)
                                         _06712_ (net)
                  0.06    0.00    4.02 v _29575_/B (sky130_fd_sc_hd__or2_4)
     4    0.02    0.06    0.26    4.28 v _29575_/X (sky130_fd_sc_hd__or2_4)
                                         _06713_ (net)
                  0.06    0.00    4.28 v _36452_/C (sky130_fd_sc_hd__and3_4)
     3    0.01    0.04    0.20    4.48 v _36452_/X (sky130_fd_sc_hd__and3_4)
                                         _11106_ (net)
                  0.04    0.00    4.48 v _36459_/B (sky130_fd_sc_hd__nand2b_1)
     1    0.01    0.08    0.09    4.57 ^ _36459_/Y (sky130_fd_sc_hd__nand2b_1)
                                         _11112_ (net)
                  0.08    0.00    4.57 ^ _36460_/A (sky130_fd_sc_hd__xor2_1)
     1    0.00    0.15    0.17    4.74 ^ _36460_/X (sky130_fd_sc_hd__xor2_1)
                                         _11113_ (net)
                  0.15    0.00    4.74 ^ _36462_/A1 (sky130_fd_sc_hd__a211o_1)
     4    0.02    0.18    0.24    4.98 ^ _36462_/X (sky130_fd_sc_hd__a211o_1)
                                         _11115_ (net)
                  0.18    0.00    4.98 ^ _36463_/B1_N (sky130_fd_sc_hd__a21boi_4)
     1    0.01    0.14    0.23    5.21 ^ _36463_/Y (sky130_fd_sc_hd__a21boi_4)
                                         _11116_ (net)
                  0.14    0.00    5.21 ^ rebuffer3826/A (sky130_fd_sc_hd__buf_12)
     7    0.05    0.07    0.15    5.36 ^ rebuffer3826/X (sky130_fd_sc_hd__buf_12)
                                         net3826 (net)
                  0.07    0.00    5.36 ^ _36555_/B (sky130_fd_sc_hd__nor2_4)
     1    0.01    0.05    0.04    5.41 v _36555_/Y (sky130_fd_sc_hd__nor2_4)
                                         _00235_ (net)
                  0.05    0.00    5.41 v _53169_/B (sky130_fd_sc_hd__fa_2)
     1    0.01    0.08    0.37    5.78 v _53169_/COUT (sky130_fd_sc_hd__fa_2)
                                         _26869_ (net)
                  0.08    0.00    5.78 v _53173_/B (sky130_fd_sc_hd__fa_1)
     1    0.01    0.11    0.50    6.29 v _53173_/SUM (sky130_fd_sc_hd__fa_1)
                                         _26252_ (net)
                  0.11    0.00    6.29 v _52924_/B (sky130_fd_sc_hd__fa_1)
     1    0.01    0.10    0.56    6.85 ^ _52924_/SUM (sky130_fd_sc_hd__fa_1)
                                         _26256_ (net)
                  0.10    0.00    6.85 ^ _53104_/CIN (sky130_fd_sc_hd__fa_1)
     1    0.01    0.09    0.44    7.29 v _53104_/SUM (sky130_fd_sc_hd__fa_1)
                                         _26572_ (net)
                  0.09    0.00    7.29 v _53010_/CIN (sky130_fd_sc_hd__fa_1)
     1    0.01    0.11    0.49    7.78 v _53010_/SUM (sky130_fd_sc_hd__fa_1)
                                         _26574_ (net)
                  0.11    0.00    7.78 v _53383_/A (sky130_fd_sc_hd__ha_4)
     2    0.01    0.05    0.30    8.08 ^ _53383_/SUM (sky130_fd_sc_hd__ha_4)
                                         _00525_ (net)
                  0.05    0.00    8.08 ^ _35282_/A (sky130_fd_sc_hd__inv_2)
     2    0.01    0.02    0.03    8.11 v _35282_/Y (sky130_fd_sc_hd__inv_2)
                                         _10392_ (net)
                  0.02    0.00    8.11 v _35285_/A2 (sky130_fd_sc_hd__o21bai_1)
     1    0.01    0.19    0.18    8.29 ^ _35285_/Y (sky130_fd_sc_hd__o21bai_1)
                                         _10395_ (net)
                  0.19    0.00    8.29 ^ _35286_/A1 (sky130_fd_sc_hd__a21oi_2)
     2    0.01    0.07    0.10    8.39 v _35286_/Y (sky130_fd_sc_hd__a21oi_2)
                                         _10396_ (net)
                  0.07    0.00    8.39 v _35287_/A1 (sky130_fd_sc_hd__o21bai_1)
     1    0.01    0.18    0.20    8.59 ^ _35287_/Y (sky130_fd_sc_hd__o21bai_1)
                                         _10397_ (net)
                  0.18    0.00    8.59 ^ _35288_/A2 (sky130_fd_sc_hd__a21oi_2)
     2    0.01    0.06    0.09    8.68 v _35288_/Y (sky130_fd_sc_hd__a21oi_2)
                                         _10398_ (net)
                  0.06    0.00    8.68 v _35289_/A1 (sky130_fd_sc_hd__o21bai_1)
     1    0.01    0.19    0.20    8.88 ^ _35289_/Y (sky130_fd_sc_hd__o21bai_1)
                                         _10399_ (net)
                  0.19    0.00    8.89 ^ _35290_/A1 (sky130_fd_sc_hd__a21oi_2)
     2    0.01    0.07    0.09    8.98 v _35290_/Y (sky130_fd_sc_hd__a21oi_2)
                                         _10400_ (net)
                  0.07    0.00    8.98 v _35291_/A1 (sky130_fd_sc_hd__o21bai_1)
     1    0.01    0.23    0.23    9.21 ^ _35291_/Y (sky130_fd_sc_hd__o21bai_1)
                                         _10401_ (net)
                  0.23    0.00    9.21 ^ _35292_/A2 (sky130_fd_sc_hd__a21oi_2)
     2    0.01    0.06    0.10    9.31 v _35292_/Y (sky130_fd_sc_hd__a21oi_2)
                                         _10402_ (net)
                  0.06    0.00    9.31 v _35293_/A1 (sky130_fd_sc_hd__o21bai_1)
     1    0.01    0.19    0.21    9.52 ^ _35293_/Y (sky130_fd_sc_hd__o21bai_1)
                                         _10403_ (net)
                  0.19    0.00    9.52 ^ _35294_/A1 (sky130_fd_sc_hd__a21oi_2)
     2    0.01    0.08    0.11    9.63 v _35294_/Y (sky130_fd_sc_hd__a21oi_2)
                                         _10404_ (net)
                  0.08    0.00    9.63 v _35295_/A (sky130_fd_sc_hd__xnor2_2)
     2    0.01    0.19    0.22    9.85 ^ _35295_/Y (sky130_fd_sc_hd__xnor2_2)
                                         _00034_ (net)
                  0.19    0.00    9.85 ^ _35296_/A (sky130_fd_sc_hd__inv_2)
     4    0.03    0.09    0.12    9.97 v _35296_/Y (sky130_fd_sc_hd__inv_2)
                                         mul_product[20] (net)
                  0.09    0.00    9.97 v _53055_/A (sky130_fd_sc_hd__fa_2)
     2    0.01    0.09    0.61   10.58 ^ _53055_/SUM (sky130_fd_sc_hd__fa_2)
                                         _26261_ (net)
                  0.09    0.00   10.58 ^ _52926_/CIN (sky130_fd_sc_hd__fa_1)
     1    0.01    0.13    0.47   11.06 v _52926_/SUM (sky130_fd_sc_hd__fa_1)
                                         _26263_ (net)
                  0.13    0.00   11.06 v _52972_/A (sky130_fd_sc_hd__fa_1)
     1    0.01    0.09    0.58   11.64 ^ _52972_/SUM (sky130_fd_sc_hd__fa_1)
                                         _26444_ (net)
                  0.09    0.00   11.64 ^ _53116_/CIN (sky130_fd_sc_hd__fa_1)
     1    0.01    0.10    0.44   12.08 v _53116_/SUM (sky130_fd_sc_hd__fa_1)
                                         _26789_ (net)
                  0.10    0.00   12.08 v _53120_/B (sky130_fd_sc_hd__fa_1)
     1    0.01    0.14    0.58   12.67 ^ _53120_/SUM (sky130_fd_sc_hd__fa_1)
                                         _26801_ (net)
                  0.14    0.00   12.67 ^ _53390_/B (sky130_fd_sc_hd__ha_4)
     2    0.01    0.04    0.22   12.89 v _53390_/SUM (sky130_fd_sc_hd__ha_4)
                                         _00536_ (net)
                  0.04    0.00   12.89 v _27426_/A1 (sky130_fd_sc_hd__a21oi_2)
     1    0.01    0.11    0.13   13.01 ^ _27426_/Y (sky130_fd_sc_hd__a21oi_2)
                                         _26145_ (net)
                  0.11    0.00   13.01 ^ _27427_/A (sky130_fd_sc_hd__nor2b_1)
     1    0.00    0.04    0.06   13.07 v _27427_/Y (sky130_fd_sc_hd__nor2b_1)
                                         _26146_ (net)
                  0.04    0.00   13.07 v _27428_/A2 (sky130_fd_sc_hd__o21ai_1)
     1    0.00    0.11    0.12   13.18 ^ _27428_/Y (sky130_fd_sc_hd__o21ai_1)
                                         _26147_ (net)
                  0.11    0.00   13.18 ^ _27429_/B (sky130_fd_sc_hd__nand2b_1)
     2    0.02    0.18    0.18   13.37 v _27429_/Y (sky130_fd_sc_hd__nand2b_1)
                                         _26148_ (net)
                  0.18    0.00   13.37 v _27445_/D1 (sky130_fd_sc_hd__a2111oi_4)
     1    0.01    0.28    0.26   13.63 ^ _27445_/Y (sky130_fd_sc_hd__a2111oi_4)
                                         _26164_ (net)
                  0.28    0.00   13.63 ^ _27446_/B1 (sky130_fd_sc_hd__o211ai_1)
     2    0.01    0.15    0.21   13.83 v _27446_/Y (sky130_fd_sc_hd__o211ai_1)
                                         _26165_ (net)
                  0.15    0.00   13.83 v _34010_/A1 (sky130_fd_sc_hd__a311oi_1)
     1    0.01    0.29    0.32   14.15 ^ _34010_/Y (sky130_fd_sc_hd__a311oi_1)
                                         _09590_ (net)
                  0.29    0.00   14.15 ^ _34012_/A2 (sky130_fd_sc_hd__o21ba_2)
     2    0.02    0.11    0.23   14.38 ^ _34012_/X (sky130_fd_sc_hd__o21ba_2)
                                         _09592_ (net)
                  0.11    0.00   14.38 ^ _34013_/A1 (sky130_fd_sc_hd__o21bai_4)
     2    0.02    0.07    0.10   14.48 v _34013_/Y (sky130_fd_sc_hd__o21bai_4)
                                         _09593_ (net)
                  0.07    0.00   14.48 v _34014_/A2 (sky130_fd_sc_hd__a21oi_4)
     3    0.01    0.15    0.19   14.67 ^ _34014_/Y (sky130_fd_sc_hd__a21oi_4)
                                         _09594_ (net)
                  0.15    0.00   14.67 ^ _34015_/A (sky130_fd_sc_hd__inv_1)
     1    0.01    0.06    0.09   14.76 v _34015_/Y (sky130_fd_sc_hd__inv_1)
                                         _09595_ (net)
                  0.06    0.00   14.76 v _34016_/A1 (sky130_fd_sc_hd__a21oi_2)
     2    0.01    0.13    0.16   14.92 ^ _34016_/Y (sky130_fd_sc_hd__a21oi_2)
                                         _09596_ (net)
                  0.13    0.00   14.92 ^ _34017_/B (sky130_fd_sc_hd__nor2_1)
     1    0.00    0.04    0.06   14.98 v _34017_/Y (sky130_fd_sc_hd__nor2_1)
                                         _09597_ (net)
                  0.04    0.00   14.98 v _34018_/B (sky130_fd_sc_hd__nor2_1)
     1    0.01    0.15    0.14   15.11 ^ _34018_/Y (sky130_fd_sc_hd__nor2_1)
                                         _09598_ (net)
                  0.15    0.00   15.11 ^ _34019_/B (sky130_fd_sc_hd__xor2_1)
     2    0.01    0.21    0.23   15.34 ^ _34019_/X (sky130_fd_sc_hd__xor2_1)
                                         _00134_ (net)
                  0.21    0.00   15.34 ^ rebuffer3738/A (sky130_fd_sc_hd__buf_4)
     1    0.01    0.04    0.15   15.50 ^ rebuffer3738/X (sky130_fd_sc_hd__buf_4)
                                         net3738 (net)
                  0.04    0.00   15.50 ^ _53309_/A (sky130_fd_sc_hd__ha_1)
     1    0.01    0.08    0.25   15.74 v _53309_/SUM (sky130_fd_sc_hd__ha_1)
                                         _26474_ (net)
                  0.08    0.00   15.75 v _52983_/B (sky130_fd_sc_hd__fa_1)
     1    0.01    0.12    0.56   16.31 ^ _52983_/SUM (sky130_fd_sc_hd__fa_1)
                                         _26477_ (net)
                  0.12    0.00   16.31 ^ _53521_/B (sky130_fd_sc_hd__ha_4)
     1    0.01    0.04    0.22   16.53 v _53521_/SUM (sky130_fd_sc_hd__ha_4)
                                         _26605_ (net)
                  0.04    0.00   16.53 v _53027_/A (sky130_fd_sc_hd__fa_1)
     1    0.00    0.08    0.48   17.00 v _53027_/SUM (sky130_fd_sc_hd__fa_1)
                                         _26608_ (net)
                  0.08    0.00   17.00 v _53460_/B (sky130_fd_sc_hd__ha_1)
     1    0.01    0.06    0.30   17.30 ^ _53460_/SUM (sky130_fd_sc_hd__ha_1)
                                         _00613_ (net)
                  0.06    0.00   17.30 ^ _52305_/A (sky130_fd_sc_hd__inv_1)
     1    0.00    0.03    0.05   17.35 v _52305_/Y (sky130_fd_sc_hd__inv_1)
                                         _00406_ (net)
                  0.03    0.00   17.35 v _53290_/B (sky130_fd_sc_hd__ha_1)
     2    0.01    0.08    0.30   17.65 v _53290_/SUM (sky130_fd_sc_hd__ha_1)
                                         _00409_ (net)
                  0.08    0.00   17.65 v place2226/A (sky130_fd_sc_hd__buf_4)
     4    0.02    0.04    0.16   17.81 v place2226/X (sky130_fd_sc_hd__buf_4)
                                         net2226 (net)
                  0.04    0.00   17.81 v _28545_/A1 (sky130_fd_sc_hd__a22oi_2)
     1    0.01    0.15    0.16   17.97 ^ _28545_/Y (sky130_fd_sc_hd__a22oi_2)
                                         _06003_ (net)
                  0.15    0.00   17.97 ^ _28546_/B1 (sky130_fd_sc_hd__o21ai_1)
     2    0.01    0.09    0.12   18.09 v _28546_/Y (sky130_fd_sc_hd__o21ai_1)
                                         _06004_ (net)
                  0.09    0.00   18.09 v _28547_/B1 (sky130_fd_sc_hd__a311o_2)
     4    0.03    0.12    0.45   18.54 v _28547_/X (sky130_fd_sc_hd__a311o_2)
                                         _06005_ (net)
                  0.12    0.00   18.55 v _28548_/A1 (sky130_fd_sc_hd__a2111oi_4)
     1    0.01    0.29    0.35   18.89 ^ _28548_/Y (sky130_fd_sc_hd__a2111oi_4)
                                         _06006_ (net)
                  0.29    0.00   18.89 ^ _28550_/A (sky130_fd_sc_hd__nor3_2)
     1    0.01    0.08    0.11   19.00 v _28550_/Y (sky130_fd_sc_hd__nor3_2)
                                         _06008_ (net)
                  0.08    0.00   19.00 v _28551_/A (sky130_fd_sc_hd__xnor2_2)
     3    0.01    0.23    0.25   19.25 ^ _28551_/Y (sky130_fd_sc_hd__xnor2_2)
                                         _06009_ (net)
                  0.23    0.00   19.25 ^ _28937_/B (sky130_fd_sc_hd__nand3_2)
     2    0.02    0.15    0.16   19.41 v _28937_/Y (sky130_fd_sc_hd__nand3_2)
                                         _06285_ (net)
                  0.15    0.00   19.41 v _28939_/B (sky130_fd_sc_hd__nor3_4)
     1    0.01    0.15    0.21   19.62 ^ _28939_/Y (sky130_fd_sc_hd__nor3_4)
                                         _06287_ (net)
                  0.15    0.00   19.62 ^ rebuffer3709/A (sky130_fd_sc_hd__buf_6)
     2    0.03    0.07    0.15   19.77 ^ rebuffer3709/X (sky130_fd_sc_hd__buf_6)
                                         net3709 (net)
                  0.08    0.00   19.78 ^ _28941_/A (sky130_fd_sc_hd__xnor2_4)
     2    0.01    0.15    0.13   19.91 ^ _28941_/Y (sky130_fd_sc_hd__xnor2_4)
                                         _00459_ (net)
                  0.15    0.00   19.91 ^ _28942_/A (sky130_fd_sc_hd__inv_2)
     2    0.01    0.05    0.07   19.98 v _28942_/Y (sky130_fd_sc_hd__inv_2)
                                         u_mul_reduce.r1[0] (net)
                  0.05    0.00   19.98 v _53326_/A (sky130_fd_sc_hd__ha_2)
     1    0.01    0.05    0.19   20.17 v _53326_/COUT (sky130_fd_sc_hd__ha_2)
                                         _00463_ (net)
                  0.05    0.00   20.17 v _31071_/A (sky130_fd_sc_hd__and3_4)
     2    0.02    0.05    0.17   20.34 v _31071_/X (sky130_fd_sc_hd__and3_4)
                                         _07687_ (net)
                  0.05    0.00   20.34 v _31072_/B1 (sky130_fd_sc_hd__o21ai_4)
     2    0.02    0.16    0.08   20.41 ^ _31072_/Y (sky130_fd_sc_hd__o21ai_4)
                                         _07688_ (net)
                  0.16    0.00   20.41 ^ _31087_/C (sky130_fd_sc_hd__nor4b_4)
     2    0.01    0.07    0.07   20.48 v _31087_/Y (sky130_fd_sc_hd__nor4b_4)
                                         _07703_ (net)
                  0.07    0.00   20.48 v rebuffer3711/A (sky130_fd_sc_hd__buf_4)
     2    0.02    0.04    0.16   20.64 v rebuffer3711/X (sky130_fd_sc_hd__buf_4)
                                         net3711 (net)
                  0.04    0.00   20.64 v _31144_/A1 (sky130_fd_sc_hd__a2111o_2)
     4    0.03    0.14    0.51   21.15 v _31144_/X (sky130_fd_sc_hd__a2111o_2)
                                         _07760_ (net)
                  0.14    0.00   21.15 v place2058/A (sky130_fd_sc_hd__buf_6)
     2    0.01    0.02    0.16   21.31 v place2058/X (sky130_fd_sc_hd__buf_6)
                                         net2058 (net)
                  0.02    0.00   21.31 v _48258_/B1 (sky130_fd_sc_hd__o21a_1)
     2    0.01    0.07    0.13   21.43 v _48258_/X (sky130_fd_sc_hd__o21a_1)
                                         _22656_ (net)
                  0.07    0.00   21.44 v _48272_/A2 (sky130_fd_sc_hd__o22a_1)
     2    0.01    0.09    0.25   21.69 v _48272_/X (sky130_fd_sc_hd__o22a_1)
                                         _22670_ (net)
                  0.09    0.00   21.69 v _48312_/B2 (sky130_fd_sc_hd__a221o_1)
     2    0.02    0.11    0.40   22.09 v _48312_/X (sky130_fd_sc_hd__a221o_1)
                                         _22710_ (net)
                  0.11    0.00   22.09 v _48359_/A2 (sky130_fd_sc_hd__o211ai_4)
     3    0.02    0.22    0.24   22.33 ^ _48359_/Y (sky130_fd_sc_hd__o211ai_4)
                                         _22757_ (net)
                  0.22    0.00   22.33 ^ rebuffer3717/A (sky130_fd_sc_hd__buf_6)
     2    0.02    0.05    0.15   22.48 ^ rebuffer3717/X (sky130_fd_sc_hd__buf_6)
                                         net3717 (net)
                  0.05    0.00   22.48 ^ place2029/A (sky130_fd_sc_hd__buf_12)
     6    0.03    0.05    0.11   22.59 ^ place2029/X (sky130_fd_sc_hd__buf_12)
                                         net2029 (net)
                  0.05    0.00   22.59 ^ _48422_/B (sky130_fd_sc_hd__and3_4)
     1    0.01    0.05    0.18   22.76 ^ _48422_/X (sky130_fd_sc_hd__and3_4)
                                         _22811_ (net)
                  0.05    0.00   22.76 ^ _48424_/A3 (sky130_fd_sc_hd__o31ai_2)
     1    0.00    0.16    0.06   22.82 v _48424_/Y (sky130_fd_sc_hd__o31ai_2)
                                         _01111_ (net)
                  0.16    0.00   22.82 v mul_reduced_q[2]$_DFFE_PN0P_/D (sky130_fd_sc_hd__dfrtp_1)
                                 22.82   data arrival time

                         20.00   20.00   clock clk (rise edge)
                          0.00   20.00   clock source latency
     2    0.15    0.00    0.00   20.00 ^ clk (in)
                                         clk (net)
                  0.01    0.01   20.01 ^ clkbuf_0_clk/A (sky130_fd_sc_hd__clkbuf_16)
     4    0.22    0.23    0.25   20.26 ^ clkbuf_0_clk/X (sky130_fd_sc_hd__clkbuf_16)
                                         clknet_0_clk (net)
                  0.23    0.01   20.27 ^ clkbuf_2_1_0_clk/A (sky130_fd_sc_hd__clkbuf_16)
     8    0.20    0.21    0.31   20.58 ^ clkbuf_2_1_0_clk/X (sky130_fd_sc_hd__clkbuf_16)
                                         clknet_2_1_0_clk (net)
                  0.21    0.01   20.59 ^ clkbuf_5_14__f_clk/A (sky130_fd_sc_hd__clkbuf_16)
    13    0.23    0.24    0.33   20.92 ^ clkbuf_5_14__f_clk/X (sky130_fd_sc_hd__clkbuf_16)
                                         clknet_5_14__leaf_clk (net)
                  0.24    0.01   20.92 ^ clkbuf_leaf_332_clk/A (sky130_fd_sc_hd__clkbuf_16)
     8    0.04    0.06    0.21   21.13 ^ clkbuf_leaf_332_clk/X (sky130_fd_sc_hd__clkbuf_16)
                                         clknet_leaf_332_clk (net)
                  0.06    0.00   21.13 ^ mul_reduced_q[2]$_DFFE_PN0P_/CLK (sky130_fd_sc_hd__dfrtp_1)
                         -0.25   20.88   clock uncertainty
                          0.00   20.88   clock reconvergence pessimism
                         -0.16   20.72   library setup time
                                 20.72   data required time
-----------------------------------------------------------------------------
                                 20.72   data required time
                                -22.82   data arrival time
-----------------------------------------------------------------------------
                                 -2.10   slack (VIOLATED)



==========================================================================
global route report_check_types -max_slew -max_cap -max_fanout -violators
--------------------------------------------------------------------------

==========================================================================
global route max_slew_check_slack
--------------------------------------------------------------------------
0.013393841683864594

==========================================================================
global route max_slew_check_limit
--------------------------------------------------------------------------
1.5

==========================================================================
global route max_slew_check_slack_limit
--------------------------------------------------------------------------
0.0089

==========================================================================
global route max_fanout_check_slack
--------------------------------------------------------------------------
1.0000000150474662e+30

==========================================================================
global route max_fanout_check_limit
--------------------------------------------------------------------------
1.0000000150474662e+30

==========================================================================
global route max_capacitance_check_slack
--------------------------------------------------------------------------
0.0005701886839233339

==========================================================================
global route max_capacitance_check_limit
--------------------------------------------------------------------------
0.043954998254776

==========================================================================
global route max_capacitance_check_slack_limit
--------------------------------------------------------------------------
0.0130

==========================================================================
global route max_slew_violation_count
--------------------------------------------------------------------------
max slew violation count 0

==========================================================================
global route max_fanout_violation_count
--------------------------------------------------------------------------
max fanout violation count 0

==========================================================================
global route max_cap_violation_count
--------------------------------------------------------------------------
max cap violation count 0

==========================================================================
global route setup_violation_count
--------------------------------------------------------------------------
setup violation count 12

==========================================================================
global route hold_violation_count
--------------------------------------------------------------------------
hold violation count 0

==========================================================================
global route report_checks -path_delay max reg to reg
--------------------------------------------------------------------------
Startpoint: coeff_a_q[1]$_DFFE_PN0P_
            (rising edge-triggered flip-flop clocked by clk)
Endpoint: mul_reduced_q[2]$_DFFE_PN0P_
          (rising edge-triggered flip-flop clocked by clk)
Path Group: clk
Path Type: max

  Delay    Time   Description
---------------------------------------------------------
   0.00    0.00   clock clk (rise edge)
   0.00    0.00   clock source latency
   0.00    0.00 ^ clk (in)
   0.26    0.26 ^ clkbuf_0_clk/X (sky130_fd_sc_hd__clkbuf_16)
   0.32    0.58 ^ clkbuf_2_1_0_clk/X (sky130_fd_sc_hd__clkbuf_16)
   0.34    0.92 ^ clkbuf_5_15__f_clk/X (sky130_fd_sc_hd__clkbuf_16)
   0.22    1.14 ^ clkbuf_leaf_334_clk/X (sky130_fd_sc_hd__clkbuf_16)
   0.00    1.14 ^ coeff_a_q[1]$_DFFE_PN0P_/CLK (sky130_fd_sc_hd__dfrtp_2)
   0.43    1.57 v coeff_a_q[1]$_DFFE_PN0P_/Q (sky130_fd_sc_hd__dfrtp_2)
   0.28    1.85 ^ _53501_/SUM (sky130_fd_sc_hd__ha_4)
   0.04    1.89 v _36525_/Y (sky130_fd_sc_hd__inv_2)
   0.16    2.05 v _53574_/COUT (sky130_fd_sc_hd__ha_4)
   0.35    2.40 v _53157_/COUT (sky130_fd_sc_hd__fa_2)
   0.16    2.56 ^ _29547_/Y (sky130_fd_sc_hd__a21oi_2)
   0.07    2.63 v _29548_/Y (sky130_fd_sc_hd__nor2_1)
   0.21    2.84 ^ _29549_/Y (sky130_fd_sc_hd__nor2_2)
   0.13    2.97 v _29560_/Y (sky130_fd_sc_hd__xnor2_2)
   0.17    3.13 ^ _29563_/Y (sky130_fd_sc_hd__nor3_2)
   0.20    3.33 ^ _29564_/Y (sky130_fd_sc_hd__nor2b_2)
   0.17    3.50 ^ _29565_/Y (sky130_fd_sc_hd__nor2b_4)
   0.08    3.58 v _29566_/Y (sky130_fd_sc_hd__nand2_1)
   0.14    3.72 ^ _29567_/Y (sky130_fd_sc_hd__a21oi_2)
   0.06    3.79 v _29568_/Y (sky130_fd_sc_hd__nor2_1)
   0.24    4.02 v _29574_/X (sky130_fd_sc_hd__o211a_1)
   0.26    4.28 v _29575_/X (sky130_fd_sc_hd__or2_4)
   0.20    4.48 v _36452_/X (sky130_fd_sc_hd__and3_4)
   0.09    4.57 ^ _36459_/Y (sky130_fd_sc_hd__nand2b_1)
   0.17    4.74 ^ _36460_/X (sky130_fd_sc_hd__xor2_1)
   0.24    4.98 ^ _36462_/X (sky130_fd_sc_hd__a211o_1)
   0.23    5.21 ^ _36463_/Y (sky130_fd_sc_hd__a21boi_4)
   0.15    5.36 ^ rebuffer3826/X (sky130_fd_sc_hd__buf_12)
   0.05    5.41 v _36555_/Y (sky130_fd_sc_hd__nor2_4)
   0.38    5.78 v _53169_/COUT (sky130_fd_sc_hd__fa_2)
   0.50    6.29 v _53173_/SUM (sky130_fd_sc_hd__fa_1)
   0.56    6.85 ^ _52924_/SUM (sky130_fd_sc_hd__fa_1)
   0.44    7.29 v _53104_/SUM (sky130_fd_sc_hd__fa_1)
   0.49    7.78 v _53010_/SUM (sky130_fd_sc_hd__fa_1)
   0.30    8.08 ^ _53383_/SUM (sky130_fd_sc_hd__ha_4)
   0.03    8.11 v _35282_/Y (sky130_fd_sc_hd__inv_2)
   0.18    8.29 ^ _35285_/Y (sky130_fd_sc_hd__o21bai_1)
   0.10    8.39 v _35286_/Y (sky130_fd_sc_hd__a21oi_2)
   0.20    8.59 ^ _35287_/Y (sky130_fd_sc_hd__o21bai_1)
   0.09    8.68 v _35288_/Y (sky130_fd_sc_hd__a21oi_2)
   0.20    8.88 ^ _35289_/Y (sky130_fd_sc_hd__o21bai_1)
   0.09    8.98 v _35290_/Y (sky130_fd_sc_hd__a21oi_2)
   0.23    9.21 ^ _35291_/Y (sky130_fd_sc_hd__o21bai_1)
   0.10    9.31 v _35292_/Y (sky130_fd_sc_hd__a21oi_2)
   0.21    9.52 ^ _35293_/Y (sky130_fd_sc_hd__o21bai_1)
   0.11    9.63 v _35294_/Y (sky130_fd_sc_hd__a21oi_2)
   0.22    9.85 ^ _35295_/Y (sky130_fd_sc_hd__xnor2_2)
   0.12    9.97 v _35296_/Y (sky130_fd_sc_hd__inv_2)
   0.62   10.58 ^ _53055_/SUM (sky130_fd_sc_hd__fa_2)
   0.47   11.06 v _52926_/SUM (sky130_fd_sc_hd__fa_1)
   0.58   11.64 ^ _52972_/SUM (sky130_fd_sc_hd__fa_1)
   0.44   12.08 v _53116_/SUM (sky130_fd_sc_hd__fa_1)
   0.58   12.67 ^ _53120_/SUM (sky130_fd_sc_hd__fa_1)
   0.22   12.89 v _53390_/SUM (sky130_fd_sc_hd__ha_4)
   0.13   13.01 ^ _27426_/Y (sky130_fd_sc_hd__a21oi_2)
   0.06   13.07 v _27427_/Y (sky130_fd_sc_hd__nor2b_1)
   0.12   13.18 ^ _27428_/Y (sky130_fd_sc_hd__o21ai_1)
   0.18   13.37 v _27429_/Y (sky130_fd_sc_hd__nand2b_1)
   0.26   13.63 ^ _27445_/Y (sky130_fd_sc_hd__a2111oi_4)
   0.21   13.83 v _27446_/Y (sky130_fd_sc_hd__o211ai_1)
   0.32   14.15 ^ _34010_/Y (sky130_fd_sc_hd__a311oi_1)
   0.23   14.38 ^ _34012_/X (sky130_fd_sc_hd__o21ba_2)
   0.10   14.48 v _34013_/Y (sky130_fd_sc_hd__o21bai_4)
   0.19   14.67 ^ _34014_/Y (sky130_fd_sc_hd__a21oi_4)
   0.09   14.76 v _34015_/Y (sky130_fd_sc_hd__inv_1)
   0.16   14.92 ^ _34016_/Y (sky130_fd_sc_hd__a21oi_2)
   0.06   14.98 v _34017_/Y (sky130_fd_sc_hd__nor2_1)
   0.14   15.11 ^ _34018_/Y (sky130_fd_sc_hd__nor2_1)
   0.23   15.34 ^ _34019_/X (sky130_fd_sc_hd__xor2_1)
   0.15   15.50 ^ rebuffer3738/X (sky130_fd_sc_hd__buf_4)
   0.25   15.74 v _53309_/SUM (sky130_fd_sc_hd__ha_1)
   0.56   16.31 ^ _52983_/SUM (sky130_fd_sc_hd__fa_1)
   0.22   16.53 v _53521_/SUM (sky130_fd_sc_hd__ha_4)
   0.48   17.00 v _53027_/SUM (sky130_fd_sc_hd__fa_1)
   0.30   17.30 ^ _53460_/SUM (sky130_fd_sc_hd__ha_1)
   0.05   17.35 v _52305_/Y (sky130_fd_sc_hd__inv_1)
   0.30   17.65 v _53290_/SUM (sky130_fd_sc_hd__ha_1)
   0.16   17.81 v place2226/X (sky130_fd_sc_hd__buf_4)
   0.16   17.97 ^ _28545_/Y (sky130_fd_sc_hd__a22oi_2)
   0.12   18.09 v _28546_/Y (sky130_fd_sc_hd__o21ai_1)
   0.45   18.54 v _28547_/X (sky130_fd_sc_hd__a311o_2)
   0.35   18.89 ^ _28548_/Y (sky130_fd_sc_hd__a2111oi_4)
   0.11   19.00 v _28550_/Y (sky130_fd_sc_hd__nor3_2)
   0.25   19.25 ^ _28551_/Y (sky130_fd_sc_hd__xnor2_2)
   0.16   19.41 v _28937_/Y (sky130_fd_sc_hd__nand3_2)
   0.21   19.62 ^ _28939_/Y (sky130_fd_sc_hd__nor3_4)
   0.15   19.77 ^ rebuffer3709/X (sky130_fd_sc_hd__buf_6)
   0.13   19.91 ^ _28941_/Y (sky130_fd_sc_hd__xnor2_4)
   0.07   19.98 v _28942_/Y (sky130_fd_sc_hd__inv_2)
   0.19   20.17 v _53326_/COUT (sky130_fd_sc_hd__ha_2)
   0.17   20.34 v _31071_/X (sky130_fd_sc_hd__and3_4)
   0.08   20.41 ^ _31072_/Y (sky130_fd_sc_hd__o21ai_4)
   0.07   20.48 v _31087_/Y (sky130_fd_sc_hd__nor4b_4)
   0.16   20.64 v rebuffer3711/X (sky130_fd_sc_hd__buf_4)
   0.51   21.15 v _31144_/X (sky130_fd_sc_hd__a2111o_2)
   0.16   21.31 v place2058/X (sky130_fd_sc_hd__buf_6)
   0.13   21.43 v _48258_/X (sky130_fd_sc_hd__o21a_1)
   0.25   21.69 v _48272_/X (sky130_fd_sc_hd__o22a_1)
   0.40   22.09 v _48312_/X (sky130_fd_sc_hd__a221o_1)
   0.24   22.33 ^ _48359_/Y (sky130_fd_sc_hd__o211ai_4)
   0.15   22.48 ^ rebuffer3717/X (sky130_fd_sc_hd__buf_6)
   0.11   22.59 ^ place2029/X (sky130_fd_sc_hd__buf_12)
   0.18   22.76 ^ _48422_/X (sky130_fd_sc_hd__and3_4)
   0.06   22.82 v _48424_/Y (sky130_fd_sc_hd__o31ai_2)
   0.00   22.82 v mul_reduced_q[2]$_DFFE_PN0P_/D (sky130_fd_sc_hd__dfrtp_1)
          22.82   data arrival time

  20.00   20.00   clock clk (rise edge)
   0.00   20.00   clock source latency
   0.00   20.00 ^ clk (in)
   0.26   20.26 ^ clkbuf_0_clk/X (sky130_fd_sc_hd__clkbuf_16)
   0.32   20.58 ^ clkbuf_2_1_0_clk/X (sky130_fd_sc_hd__clkbuf_16)
   0.33   20.92 ^ clkbuf_5_14__f_clk/X (sky130_fd_sc_hd__clkbuf_16)
   0.22   21.13 ^ clkbuf_leaf_332_clk/X (sky130_fd_sc_hd__clkbuf_16)
   0.00   21.13 ^ mul_reduced_q[2]$_DFFE_PN0P_/CLK (sky130_fd_sc_hd__dfrtp_1)
  -0.25   20.88   clock uncertainty
   0.00   20.88   clock reconvergence pessimism
  -0.16   20.72   library setup time
          20.72   data required time
---------------------------------------------------------
          20.72   data required time
         -22.82   data arrival time
---------------------------------------------------------
          -2.10   slack (VIOLATED)



==========================================================================
global route report_checks -path_delay min reg to reg
--------------------------------------------------------------------------
Startpoint: st[10]$_DFF_PN0_ (rising edge-triggered flip-flop clocked by clk)
Endpoint: done$_DFF_PN0_ (rising edge-triggered flip-flop clocked by clk)
Path Group: clk
Path Type: min

  Delay    Time   Description
---------------------------------------------------------
   0.00    0.00   clock clk (rise edge)
   0.00    0.00   clock source latency
   0.00    0.00 ^ clk (in)
   0.26    0.26 ^ clkbuf_0_clk/X (sky130_fd_sc_hd__clkbuf_16)
   0.32    0.58 ^ clkbuf_2_3_0_clk/X (sky130_fd_sc_hd__clkbuf_16)
   0.35    0.93 ^ clkbuf_5_26__f_clk/X (sky130_fd_sc_hd__clkbuf_16)
   0.22    1.15 ^ clkbuf_leaf_270_clk/X (sky130_fd_sc_hd__clkbuf_16)
   0.00    1.15 ^ st[10]$_DFF_PN0_/CLK (sky130_fd_sc_hd__dfrtp_1)
   0.36    1.50 ^ st[10]$_DFF_PN0_/Q (sky130_fd_sc_hd__dfrtp_1)
   0.00    1.51 ^ done$_DFF_PN0_/D (sky130_fd_sc_hd__dfrtp_1)
           1.51   data arrival time

   0.00    0.00   clock clk (rise edge)
   0.00    0.00   clock source latency
   0.00    0.00 ^ clk (in)
   0.26    0.26 ^ clkbuf_0_clk/X (sky130_fd_sc_hd__clkbuf_16)
   0.32    0.58 ^ clkbuf_2_3_0_clk/X (sky130_fd_sc_hd__clkbuf_16)
   0.35    0.93 ^ clkbuf_5_26__f_clk/X (sky130_fd_sc_hd__clkbuf_16)
   0.22    1.15 ^ clkbuf_leaf_270_clk/X (sky130_fd_sc_hd__clkbuf_16)
   0.00    1.15 ^ done$_DFF_PN0_/CLK (sky130_fd_sc_hd__dfrtp_1)
   0.25    1.40   clock uncertainty
   0.00    1.40   clock reconvergence pessimism
  -0.04    1.36   library hold time
           1.36   data required time
---------------------------------------------------------
           1.36   data required time
          -1.51   data arrival time
---------------------------------------------------------
           0.15   slack (MET)



==========================================================================
global route critical path target clock latency max path
--------------------------------------------------------------------------
1.0956

==========================================================================
global route critical path target clock latency min path
--------------------------------------------------------------------------
1.1467

==========================================================================
global route critical path source clock latency min path
--------------------------------------------------------------------------
0.0000

==========================================================================
global route critical path delay
--------------------------------------------------------------------------
22.8192

==========================================================================
global route critical path slack
--------------------------------------------------------------------------
-2.0952

==========================================================================
global route slack div critical path delay
--------------------------------------------------------------------------
-9.181742

==========================================================================
global route report_power
--------------------------------------------------------------------------
Group                  Internal  Switching    Leakage      Total
                          Power      Power      Power      Power (Watts)
----------------------------------------------------------------
Sequential             9.38e-03   3.98e-05   4.53e-08   9.42e-03  49.5%
Combinational          2.13e-05   3.20e-05   4.69e-08   5.34e-05   0.3%
Clock                  5.20e-03   4.34e-03   7.89e-09   9.54e-03  50.2%
Macro                  0.00e+00   0.00e+00   0.00e+00   0.00e+00   0.0%
Pad                    0.00e+00   0.00e+00   0.00e+00   0.00e+00   0.0%
----------------------------------------------------------------
Total                  1.46e-02   4.41e-03   1.00e-07   1.90e-02 100.0%
                          76.8%      23.2%       0.0%
