violation type: Short
	srcs: net:_03881_ net:net2616
	bbox = (282.8300, 349.5700) - (282.9600, 349.7100) on Layer met1
violation type: Short
	srcs: net:_03881_ net:net2616
	bbox = (282.8300, 349.5700) - (282.9600, 349.7600) on Layer met1
violation type: Short
	srcs: net:_03881_ net:net2616
	bbox = (282.8300, 349.5700) - (282.9700, 349.7100) on Layer met1
violation type: Short
	srcs: net:_03881_ net:net2616
	bbox = (282.8300, 349.5700) - (282.9700, 349.7600) on Layer met1
violation type: Short
	srcs: net:_03881_ net:net2616
	bbox = (282.8300, 349.5700) - (283.6600, 349.7100) on Layer met1
violation type: Short
	srcs: net:_03881_ net:net2616
	bbox = (282.8300, 349.6200) - (282.9600, 349.7100) on Layer met1
violation type: Short
	srcs: net:_03881_ net:net2616
	bbox = (282.8300, 349.6200) - (282.9600, 349.7600) on Layer met1
violation type: Short
	srcs: net:_03881_ net:net2616
	bbox = (282.8300, 349.6200) - (282.9700, 349.7100) on Layer met1
violation type: Short
	srcs: net:_03881_ net:net2616
	bbox = (282.8300, 349.6200) - (282.9700, 349.7600) on Layer met1
violation type: Short
	srcs: net:_03881_ net:net2616
	bbox = (282.8300, 349.6200) - (283.6600, 349.7100) on Layer met1
violation type: Short
	srcs: net:_03881_ net:net2616
	bbox = (283.5200, 349.5700) - (283.6600, 349.7100) on Layer met1
violation type: Short
	srcs: net:_03881_ net:net2616
	bbox = (283.5200, 349.5700) - (283.6600, 349.7600) on Layer met1
violation type: Short
	srcs: net:_03881_ net:net2616
	bbox = (283.5200, 349.6200) - (283.6600, 349.7100) on Layer met1
violation type: Short
	srcs: net:_03881_ net:net2616
	bbox = (283.5200, 349.6200) - (283.6600, 349.7600) on Layer met1
violation type: Short
	srcs: net:_03881_ net:net2616
	bbox = (283.5200, 349.6700) - (283.6600, 349.7100) on Layer met1
violation type: Short
	srcs: net:net3481 net:coeff_ram\[137\]\[10\]
	bbox = (464.4650, 621.6000) - (464.5300, 621.8200) on Layer met1
violation type: Short
	srcs: net:net3481 net:coeff_ram\[137\]\[10\]
	bbox = (464.4650, 621.6200) - (464.5300, 621.7600) on Layer met1
violation type: Short
	srcs: net:_03881_ net:coeff_ram\[227\]\[10\]
	bbox = (284.2100, 349.2800) - (284.3500, 349.4200) on Layer met2
violation type: Metal Spacing
	srcs: net:net3481 net:coeff_ram\[137\]\[10\]
	bbox = (464.3450, 621.6000) - (464.4650, 621.8300) on Layer met1
violation type: Metal Spacing
	srcs: net:coeff_ram\[137\]\[10\]
	bbox = (464.7550, 621.6000) - (464.7600, 621.7600) on Layer met1
violation type: Metal Spacing
	srcs: net:_03881_
	bbox = (283.5550, 349.7600) - (283.7200, 349.8700) on Layer met2
violation type: Metal Spacing
	srcs: net:_03881_ net:coeff_ram\[227\]\[10\]
	bbox = (284.1200, 349.2800) - (284.2100, 349.7600) on Layer met2
violation type: Metal Spacing
	srcs: net:_03881_ net:coeff_ram\[227\]\[10\]
	bbox = (284.1200, 349.6200) - (284.2100, 349.7600) on Layer met2
