
==========================================================================
finish report_tns
--------------------------------------------------------------------------
tns max -12.04

==========================================================================
finish report_wns
--------------------------------------------------------------------------
wns max -1.06

==========================================================================
finish report_worst_slack
--------------------------------------------------------------------------
worst slack max -1.06

==========================================================================
finish report_clock_min_period
--------------------------------------------------------------------------
clk period_min = 21.06 fmax = 47.49

==========================================================================
finish report_clock_skew
--------------------------------------------------------------------------
Clock clk
   1.17 source latency j[4]$_DFFE_PN0P_/CLK ^
  -1.07 target latency coeff_ram[38][15]$_SDFFE_PP0P_/CLK ^
   0.25 clock uncertainty
   0.00 CRPR
--------------
   0.35 setup skew


==========================================================================
finish report_checks -path_delay min
--------------------------------------------------------------------------
Startpoint: st[10]$_DFF_PN0_ (rising edge-triggered flip-flop clocked by clk)
Endpoint: done$_DFF_PN0_ (rising edge-triggered flip-flop clocked by clk)
Path Group: clk
Path Type: min

Fanout     Cap    Slew   Delay    Time   Description
-----------------------------------------------------------------------------
                          0.00    0.00   clock clk (rise edge)
                          0.00    0.00   clock source latency
     2    0.12    0.00    0.00    0.00 ^ clk (in)
                                         clk (net)
                  0.01    0.01    0.01 ^ clkbuf_0_clk/A (sky130_fd_sc_hd__clkbuf_16)
     4    0.22    0.23    0.25    0.26 ^ clkbuf_0_clk/X (sky130_fd_sc_hd__clkbuf_16)
                                         clknet_0_clk (net)
                  0.23    0.01    0.27 ^ clkbuf_2_3_0_clk/A (sky130_fd_sc_hd__clkbuf_16)
     8    0.21    0.22    0.32    0.59 ^ clkbuf_2_3_0_clk/X (sky130_fd_sc_hd__clkbuf_16)
                                         clknet_2_3_0_clk (net)
                  0.22    0.01    0.59 ^ clkbuf_5_26__f_clk/A (sky130_fd_sc_hd__clkbuf_16)
    17    0.26    0.27    0.35    0.95 ^ clkbuf_5_26__f_clk/X (sky130_fd_sc_hd__clkbuf_16)
                                         clknet_5_26__leaf_clk (net)
                  0.27    0.01    0.95 ^ clkbuf_leaf_270_clk/A (sky130_fd_sc_hd__clkbuf_16)
    10    0.04    0.06    0.21    1.16 ^ clkbuf_leaf_270_clk/X (sky130_fd_sc_hd__clkbuf_16)
                                         clknet_leaf_270_clk (net)
                  0.06    0.00    1.17 ^ st[10]$_DFF_PN0_/CLK (sky130_fd_sc_hd__dfrtp_1)
     2    0.01    0.07    0.34    1.51 ^ st[10]$_DFF_PN0_/Q (sky130_fd_sc_hd__dfrtp_1)
                                         st[10] (net)
                  0.07    0.00    1.51 ^ done$_DFF_PN0_/D (sky130_fd_sc_hd__dfrtp_1)
                                  1.51   data arrival time

                          0.00    0.00   clock clk (rise edge)
                          0.00    0.00   clock source latency
     2    0.12    0.00    0.00    0.00 ^ clk (in)
                                         clk (net)
                  0.01    0.01    0.01 ^ clkbuf_0_clk/A (sky130_fd_sc_hd__clkbuf_16)
     4    0.22    0.23    0.25    0.26 ^ clkbuf_0_clk/X (sky130_fd_sc_hd__clkbuf_16)
                                         clknet_0_clk (net)
                  0.23    0.01    0.27 ^ clkbuf_2_3_0_clk/A (sky130_fd_sc_hd__clkbuf_16)
     8    0.21    0.22    0.32    0.59 ^ clkbuf_2_3_0_clk/X (sky130_fd_sc_hd__clkbuf_16)
                                         clknet_2_3_0_clk (net)
                  0.22    0.01    0.59 ^ clkbuf_5_26__f_clk/A (sky130_fd_sc_hd__clkbuf_16)
    17    0.26    0.27    0.35    0.95 ^ clkbuf_5_26__f_clk/X (sky130_fd_sc_hd__clkbuf_16)
                                         clknet_5_26__leaf_clk (net)
                  0.27    0.01    0.95 ^ clkbuf_leaf_270_clk/A (sky130_fd_sc_hd__clkbuf_16)
    10    0.04    0.06    0.21    1.16 ^ clkbuf_leaf_270_clk/X (sky130_fd_sc_hd__clkbuf_16)
                                         clknet_leaf_270_clk (net)
                  0.06    0.00    1.17 ^ done$_DFF_PN0_/CLK (sky130_fd_sc_hd__dfrtp_1)
                          0.25    1.42   clock uncertainty
                          0.00    1.42   clock reconvergence pessimism
                         -0.04    1.38   library hold time
                                  1.38   data required time
-----------------------------------------------------------------------------
                                  1.38   data required time
                                 -1.51   data arrival time
-----------------------------------------------------------------------------
                                  0.13   slack (MET)



==========================================================================
finish report_checks -path_delay max
--------------------------------------------------------------------------
Startpoint: coeff_a_q[1]$_DFFE_PN0P_
            (rising edge-triggered flip-flop clocked by clk)
Endpoint: mul_reduced_q[2]$_DFFE_PN0P_
          (rising edge-triggered flip-flop clocked by clk)
Path Group: clk
Path Type: max

Fanout     Cap    Slew   Delay    Time   Description
-----------------------------------------------------------------------------
                          0.00    0.00   clock clk (rise edge)
                          0.00    0.00   clock source latency
     2    0.12    0.00    0.00    0.00 ^ clk (in)
                                         clk (net)
                  0.01    0.01    0.01 ^ clkbuf_0_clk/A (sky130_fd_sc_hd__clkbuf_16)
     4    0.22    0.23    0.25    0.26 ^ clkbuf_0_clk/X (sky130_fd_sc_hd__clkbuf_16)
                                         clknet_0_clk (net)
                  0.23    0.01    0.27 ^ clkbuf_2_1_0_clk/A (sky130_fd_sc_hd__clkbuf_16)
     8    0.21    0.22    0.32    0.59 ^ clkbuf_2_1_0_clk/X (sky130_fd_sc_hd__clkbuf_16)
                                         clknet_2_1_0_clk (net)
                  0.22    0.00    0.60 ^ clkbuf_5_15__f_clk/A (sky130_fd_sc_hd__clkbuf_16)
    16    0.24    0.24    0.34    0.93 ^ clkbuf_5_15__f_clk/X (sky130_fd_sc_hd__clkbuf_16)
                                         clknet_5_15__leaf_clk (net)
                  0.25    0.01    0.94 ^ clkbuf_leaf_334_clk/A (sky130_fd_sc_hd__clkbuf_16)
    11    0.04    0.06    0.21    1.14 ^ clkbuf_leaf_334_clk/X (sky130_fd_sc_hd__clkbuf_16)
                                         clknet_leaf_334_clk (net)
                  0.06    0.00    1.15 ^ coeff_a_q[1]$_DFFE_PN0P_/CLK (sky130_fd_sc_hd__dfrtp_2)
     2    0.01    0.06    0.42    1.57 v coeff_a_q[1]$_DFFE_PN0P_/Q (sky130_fd_sc_hd__dfrtp_2)
                                         coeff_a_q[1] (net)
                  0.06    0.00    1.57 v _53501_/B (sky130_fd_sc_hd__ha_4)
     2    0.01    0.04    0.27    1.84 ^ _53501_/SUM (sky130_fd_sc_hd__ha_4)
                                         _00673_ (net)
                  0.04    0.00    1.84 ^ _36525_/A (sky130_fd_sc_hd__inv_2)
     1    0.01    0.02    0.04    1.88 v _36525_/Y (sky130_fd_sc_hd__inv_2)
                                         _00722_ (net)
                  0.02    0.00    1.88 v _53574_/B (sky130_fd_sc_hd__ha_4)
     2    0.01    0.03    0.15    2.03 v _53574_/COUT (sky130_fd_sc_hd__ha_4)
                                         _00216_ (net)
                  0.03    0.00    2.03 v _53157_/CIN (sky130_fd_sc_hd__fa_2)
     2    0.01    0.08    0.35    2.37 v _53157_/COUT (sky130_fd_sc_hd__fa_2)
                                         _00219_ (net)
                  0.08    0.00    2.37 v _29547_/A2 (sky130_fd_sc_hd__a21oi_2)
     1    0.00    0.10    0.15    2.52 ^ _29547_/Y (sky130_fd_sc_hd__a21oi_2)
                                         _06685_ (net)
                  0.10    0.00    2.52 ^ _29548_/B (sky130_fd_sc_hd__nor2_1)
     1    0.01    0.04    0.06    2.58 v _29548_/Y (sky130_fd_sc_hd__nor2_1)
                                         _06686_ (net)
                  0.04    0.00    2.58 v _29549_/A (sky130_fd_sc_hd__nor2_2)
     2    0.02    0.18    0.18    2.76 ^ _29549_/Y (sky130_fd_sc_hd__nor2_2)
                                         _06687_ (net)
                  0.18    0.00    2.76 ^ _29550_/A2 (sky130_fd_sc_hd__o21bai_1)
     1    0.01    0.07    0.11    2.87 v _29550_/Y (sky130_fd_sc_hd__o21bai_1)
                                         _06688_ (net)
                  0.07    0.00    2.87 v _29551_/A1 (sky130_fd_sc_hd__a21oi_2)
     2    0.01    0.15    0.17    3.04 ^ _29551_/Y (sky130_fd_sc_hd__a21oi_2)
                                         _06689_ (net)
                  0.15    0.00    3.04 ^ _29552_/A2 (sky130_fd_sc_hd__o21bai_1)
     1    0.01    0.07    0.10    3.14 v _29552_/Y (sky130_fd_sc_hd__o21bai_1)
                                         _06690_ (net)
                  0.07    0.00    3.14 v _29553_/A1 (sky130_fd_sc_hd__a21oi_2)
     2    0.01    0.12    0.15    3.29 ^ _29553_/Y (sky130_fd_sc_hd__a21oi_2)
                                         _06691_ (net)
                  0.12    0.00    3.29 ^ _29571_/A2 (sky130_fd_sc_hd__o21bai_1)
     1    0.00    0.06    0.09    3.38 v _29571_/Y (sky130_fd_sc_hd__o21bai_1)
                                         _06709_ (net)
                  0.06    0.00    3.38 v _29572_/A1 (sky130_fd_sc_hd__a21oi_2)
     1    0.01    0.15    0.17    3.55 ^ _29572_/Y (sky130_fd_sc_hd__a21oi_2)
                                         _06710_ (net)
                  0.15    0.00    3.55 ^ _29573_/B (sky130_fd_sc_hd__xnor2_2)
     2    0.01    0.15    0.14    3.68 ^ _29573_/Y (sky130_fd_sc_hd__xnor2_2)
                                         _06711_ (net)
                  0.15    0.00    3.68 ^ _29574_/B1 (sky130_fd_sc_hd__o211a_1)
     2    0.01    0.07    0.19    3.87 ^ _29574_/X (sky130_fd_sc_hd__o211a_1)
                                         _06712_ (net)
                  0.07    0.00    3.87 ^ _29575_/B (sky130_fd_sc_hd__or2_4)
     4    0.02    0.06    0.14    4.01 ^ _29575_/X (sky130_fd_sc_hd__or2_4)
                                         _06713_ (net)
                  0.06    0.00    4.01 ^ _36452_/C (sky130_fd_sc_hd__and3_4)
     3    0.01    0.06    0.19    4.21 ^ _36452_/X (sky130_fd_sc_hd__and3_4)
                                         _11106_ (net)
                  0.06    0.00    4.21 ^ _36453_/B (sky130_fd_sc_hd__nand2_1)
     1    0.01    0.07    0.07    4.28 v _36453_/Y (sky130_fd_sc_hd__nand2_1)
                                         _11107_ (net)
                  0.07    0.00    4.28 v _36454_/A (sky130_fd_sc_hd__xor2_1)
     1    0.01    0.06    0.18    4.46 v _36454_/X (sky130_fd_sc_hd__xor2_1)
                                         _11108_ (net)
                  0.06    0.00    4.46 v _36456_/A2 (sky130_fd_sc_hd__a211o_1)
     2    0.01    0.08    0.33    4.79 v _36456_/X (sky130_fd_sc_hd__a211o_1)
                                         _11110_ (net)
                  0.08    0.00    4.79 v _36457_/B1_N (sky130_fd_sc_hd__a21boi_4)
     1    0.01    0.06    0.16    4.95 v _36457_/Y (sky130_fd_sc_hd__a21boi_4)
                                         _11111_ (net)
                  0.06    0.00    4.95 v place2493/A (sky130_fd_sc_hd__buf_12)
     7    0.06    0.04    0.15    5.10 v place2493/X (sky130_fd_sc_hd__buf_12)
                                         net2493 (net)
                  0.04    0.00    5.10 v _36553_/A (sky130_fd_sc_hd__nor2_2)
     1    0.01    0.09    0.11    5.21 ^ _36553_/Y (sky130_fd_sc_hd__nor2_2)
                                         _00232_ (net)
                  0.09    0.00    5.21 ^ _53168_/CIN (sky130_fd_sc_hd__fa_1)
     1    0.01    0.09    0.44    5.65 v _53168_/SUM (sky130_fd_sc_hd__fa_1)
                                         _26726_ (net)
                  0.09    0.00    5.65 v _53087_/CIN (sky130_fd_sc_hd__fa_1)
     1    0.01    0.10    0.47    6.12 v _53087_/SUM (sky130_fd_sc_hd__fa_1)
                                         _26243_ (net)
                  0.10    0.00    6.12 v _52922_/A (sky130_fd_sc_hd__fa_1)
     1    0.01    0.10    0.58    6.70 ^ _52922_/SUM (sky130_fd_sc_hd__fa_1)
                                         _26247_ (net)
                  0.10    0.00    6.70 ^ _52959_/B (sky130_fd_sc_hd__fa_1)
     1    0.01    0.11    0.46    7.16 v _52959_/SUM (sky130_fd_sc_hd__fa_1)
                                         _26401_ (net)
                  0.11    0.00    7.16 v _53085_/B (sky130_fd_sc_hd__fa_1)
     1    0.01    0.11    0.51    7.68 v _53085_/SUM (sky130_fd_sc_hd__fa_1)
                                         _26723_ (net)
                  0.11    0.00    7.68 v _53382_/B (sky130_fd_sc_hd__ha_4)
     2    0.01    0.04    0.29    7.97 ^ _53382_/SUM (sky130_fd_sc_hd__ha_4)
                                         _00523_ (net)
                  0.04    0.00    7.97 ^ _27595_/A (sky130_fd_sc_hd__inv_1)
     2    0.01    0.03    0.04    8.01 v _27595_/Y (sky130_fd_sc_hd__inv_1)
                                         _05326_ (net)
                  0.03    0.00    8.01 v _27604_/A2 (sky130_fd_sc_hd__o21bai_1)
     1    0.01    0.17    0.16    8.17 ^ _27604_/Y (sky130_fd_sc_hd__o21bai_1)
                                         _05335_ (net)
                  0.17    0.00    8.17 ^ _27605_/A1 (sky130_fd_sc_hd__a21oi_2)
     2    0.01    0.06    0.08    8.26 v _27605_/Y (sky130_fd_sc_hd__a21oi_2)
                                         _05336_ (net)
                  0.06    0.00    8.26 v _27926_/A2 (sky130_fd_sc_hd__o21bai_1)
     1    0.01    0.15    0.16    8.42 ^ _27926_/Y (sky130_fd_sc_hd__o21bai_1)
                                         _05558_ (net)
                  0.15    0.00    8.42 ^ _27927_/A1 (sky130_fd_sc_hd__a21oi_2)
     2    0.01    0.06    0.08    8.50 v _27927_/Y (sky130_fd_sc_hd__a21oi_2)
                                         _05559_ (net)
                  0.06    0.00    8.50 v _27928_/A1 (sky130_fd_sc_hd__o21bai_1)
     1    0.01    0.19    0.20    8.70 ^ _27928_/Y (sky130_fd_sc_hd__o21bai_1)
                                         _05560_ (net)
                  0.19    0.00    8.70 ^ _27929_/A1 (sky130_fd_sc_hd__a21oi_2)
     2    0.01    0.06    0.09    8.79 v _27929_/Y (sky130_fd_sc_hd__a21oi_2)
                                         _05561_ (net)
                  0.06    0.00    8.79 v _27930_/A2 (sky130_fd_sc_hd__o21bai_1)
     1    0.01    0.16    0.17    8.95 ^ _27930_/Y (sky130_fd_sc_hd__o21bai_1)
                                         _05562_ (net)
                  0.16    0.00    8.95 ^ _27931_/A1 (sky130_fd_sc_hd__a21oi_2)
     2    0.01    0.07    0.09    9.05 v _27931_/Y (sky130_fd_sc_hd__a21oi_2)
                                         _05563_ (net)
                  0.07    0.00    9.05 v place2394/A (sky130_fd_sc_hd__buf_4)
     1    0.01    0.03    0.15    9.19 v place2394/X (sky130_fd_sc_hd__buf_4)
                                         net2394 (net)
                  0.03    0.00    9.19 v _27934_/A2 (sky130_fd_sc_hd__o21ai_4)
     2    0.02    0.16    0.16    9.35 ^ _27934_/Y (sky130_fd_sc_hd__o21ai_4)
                                         _05566_ (net)
                  0.16    0.00    9.35 ^ _29648_/A (sky130_fd_sc_hd__xnor2_2)
     2    0.01    0.18    0.15    9.51 ^ _29648_/Y (sky130_fd_sc_hd__xnor2_2)
                                         _00187_ (net)
                  0.18    0.00    9.51 ^ _29649_/A (sky130_fd_sc_hd__inv_2)
     4    0.02    0.07    0.10    9.60 v _29649_/Y (sky130_fd_sc_hd__inv_2)
                                         mul_product[21] (net)
                  0.07    0.00    9.60 v rebuffer3735/A (sky130_fd_sc_hd__buf_4)
     1    0.01    0.03    0.15    9.75 v rebuffer3735/X (sky130_fd_sc_hd__buf_4)
                                         net3735 (net)
                  0.03    0.00    9.75 v _53011_/B (sky130_fd_sc_hd__fa_2)
     2    0.01    0.10    0.57   10.32 ^ _53011_/SUM (sky130_fd_sc_hd__fa_2)
                                         _26542_ (net)
                  0.10    0.00   10.32 ^ _53001_/B (sky130_fd_sc_hd__fa_1)
     1    0.01    0.11    0.47   10.79 v _53001_/SUM (sky130_fd_sc_hd__fa_1)
                                         _26543_ (net)
                  0.11    0.00   10.79 v _53132_/CIN (sky130_fd_sc_hd__fa_1)
     1    0.01    0.08    0.52   11.30 ^ _53132_/SUM (sky130_fd_sc_hd__fa_1)
                                         _26785_ (net)
                  0.08    0.00   11.30 ^ _53114_/CIN (sky130_fd_sc_hd__fa_1)
     1    0.01    0.10    0.45   11.75 v _53114_/SUM (sky130_fd_sc_hd__fa_1)
                                         _26308_ (net)
                  0.10    0.00   11.75 v _52937_/B (sky130_fd_sc_hd__fa_1)
     1    0.01    0.09    0.48   12.24 v _52937_/SUM (sky130_fd_sc_hd__fa_1)
                                         _26311_ (net)
                  0.09    0.00   12.24 v _53276_/B (sky130_fd_sc_hd__ha_1)
     2    0.01    0.07    0.30   12.54 v _53276_/SUM (sky130_fd_sc_hd__ha_1)
                                         _00379_ (net)
                  0.07    0.00   12.54 v _27428_/B1 (sky130_fd_sc_hd__o21ai_1)
     1    0.00    0.10    0.08   12.62 ^ _27428_/Y (sky130_fd_sc_hd__o21ai_1)
                                         _26147_ (net)
                  0.10    0.00   12.62 ^ _27429_/B (sky130_fd_sc_hd__nand2b_1)
     2    0.02    0.15    0.15   12.77 v _27429_/Y (sky130_fd_sc_hd__nand2b_1)
                                         _26148_ (net)
                  0.15    0.00   12.78 v _27445_/D1 (sky130_fd_sc_hd__a2111oi_4)
     1    0.00    0.25    0.23   13.00 ^ _27445_/Y (sky130_fd_sc_hd__a2111oi_4)
                                         _26164_ (net)
                  0.25    0.00   13.00 ^ _27446_/B1 (sky130_fd_sc_hd__o211ai_1)
     2    0.01    0.14    0.19   13.20 v _27446_/Y (sky130_fd_sc_hd__o211ai_1)
                                         _26165_ (net)
                  0.14    0.00   13.20 v _34010_/A1 (sky130_fd_sc_hd__a311oi_1)
     1    0.01    0.27    0.30   13.49 ^ _34010_/Y (sky130_fd_sc_hd__a311oi_1)
                                         _09590_ (net)
                  0.27    0.00   13.49 ^ _34012_/A2 (sky130_fd_sc_hd__o21ba_2)
     2    0.01    0.09    0.21   13.71 ^ _34012_/X (sky130_fd_sc_hd__o21ba_2)
                                         _09592_ (net)
                  0.09    0.00   13.71 ^ _34013_/A1 (sky130_fd_sc_hd__o21bai_4)
     2    0.01    0.06    0.09   13.80 v _34013_/Y (sky130_fd_sc_hd__o21bai_4)
                                         _09593_ (net)
                  0.06    0.00   13.80 v _34014_/A2 (sky130_fd_sc_hd__a21oi_4)
     3    0.01    0.14    0.18   13.97 ^ _34014_/Y (sky130_fd_sc_hd__a21oi_4)
                                         _09594_ (net)
                  0.14    0.00   13.97 ^ rebuffer4038/A (sky130_fd_sc_hd__buf_6)
     1    0.01    0.03    0.11   14.09 ^ rebuffer4038/X (sky130_fd_sc_hd__buf_6)
                                         net4038 (net)
                  0.03    0.00   14.09 ^ _34118_/A2 (sky130_fd_sc_hd__o21ai_2)
     2    0.01    0.07    0.06   14.15 v _34118_/Y (sky130_fd_sc_hd__o21ai_2)
                                         _09659_ (net)
                  0.07    0.00   14.15 v _34122_/A3 (sky130_fd_sc_hd__o41ai_2)
     2    0.01    0.30    0.34   14.49 ^ _34122_/Y (sky130_fd_sc_hd__o41ai_2)
                                         _09663_ (net)
                  0.30    0.00   14.49 ^ _34123_/A1 (sky130_fd_sc_hd__o21ba_2)
     2    0.02    0.14    0.27   14.76 ^ _34123_/X (sky130_fd_sc_hd__o21ba_2)
                                         _09664_ (net)
                  0.14    0.00   14.76 ^ _34124_/A1 (sky130_fd_sc_hd__o21bai_4)
     2    0.02    0.07    0.11   14.86 v _34124_/Y (sky130_fd_sc_hd__o21bai_4)
                                         _09665_ (net)
                  0.07    0.00   14.87 v _34125_/B (sky130_fd_sc_hd__xor2_4)
     2    0.03    0.23    0.24   15.10 ^ _34125_/X (sky130_fd_sc_hd__xor2_4)
                                         u_mul_reduce.prod[36] (net)
                  0.23    0.00   15.11 ^ _53205_/B (sky130_fd_sc_hd__ha_4)
     1    0.01    0.05    0.18   15.28 ^ _53205_/COUT (sky130_fd_sc_hd__ha_4)
                                         _26913_ (net)
                  0.05    0.00   15.28 ^ _53320_/B (sky130_fd_sc_hd__ha_4)
     1    0.01    0.04    0.19   15.47 v _53320_/SUM (sky130_fd_sc_hd__ha_4)
                                         _26450_ (net)
                  0.04    0.00   15.48 v _52974_/A (sky130_fd_sc_hd__fa_1)
     1    0.00    0.06    0.53   16.01 ^ _52974_/SUM (sky130_fd_sc_hd__fa_1)
                                         _00061_ (net)
                  0.06    0.00   16.01 ^ _36386_/A (sky130_fd_sc_hd__inv_1)
     1    0.01    0.03    0.05   16.06 v _36386_/Y (sky130_fd_sc_hd__inv_1)
                                         _00052_ (net)
                  0.03    0.00   16.06 v _52966_/CIN (sky130_fd_sc_hd__fa_1)
     1    0.01    0.11    0.52   16.57 ^ _52966_/SUM (sky130_fd_sc_hd__fa_1)
                                         _26422_ (net)
                  0.11    0.00   16.57 ^ _53263_/B (sky130_fd_sc_hd__ha_4)
     3    0.01    0.04    0.21   16.78 v _53263_/SUM (sky130_fd_sc_hd__ha_4)
                                         _00358_ (net)
                  0.04    0.00   16.79 v _28542_/A2 (sky130_fd_sc_hd__a21o_1)
     1    0.01    0.05    0.18   16.97 v _28542_/X (sky130_fd_sc_hd__a21o_1)
                                         _06000_ (net)
                  0.05    0.00   16.97 v _28543_/A2 (sky130_fd_sc_hd__a21oi_2)
     2    0.01    0.15    0.17   17.14 ^ _28543_/Y (sky130_fd_sc_hd__a21oi_2)
                                         _06001_ (net)
                  0.15    0.00   17.14 ^ _28546_/A2 (sky130_fd_sc_hd__o21ai_1)
     2    0.01    0.07    0.10   17.24 v _28546_/Y (sky130_fd_sc_hd__o21ai_1)
                                         _06004_ (net)
                  0.07    0.00   17.24 v _28547_/B1 (sky130_fd_sc_hd__a311o_2)
     4    0.03    0.12    0.44   17.68 v _28547_/X (sky130_fd_sc_hd__a311o_2)
                                         _06005_ (net)
                  0.12    0.00   17.68 v _28548_/A1 (sky130_fd_sc_hd__a2111oi_4)
     1    0.01    0.27    0.33   18.01 ^ _28548_/Y (sky130_fd_sc_hd__a2111oi_4)
                                         _06006_ (net)
                  0.27    0.00   18.01 ^ _28550_/A (sky130_fd_sc_hd__nor3_2)
     1    0.01    0.08    0.11   18.11 v _28550_/Y (sky130_fd_sc_hd__nor3_2)
                                         _06008_ (net)
                  0.08    0.00   18.11 v _28551_/A (sky130_fd_sc_hd__xnor2_2)
     3    0.01    0.20    0.23   18.34 ^ _28551_/Y (sky130_fd_sc_hd__xnor2_2)
                                         _06009_ (net)
                  0.20    0.00   18.34 ^ _28937_/B (sky130_fd_sc_hd__nand3_2)
     2    0.01    0.13    0.15   18.49 v _28937_/Y (sky130_fd_sc_hd__nand3_2)
                                         _06285_ (net)
                  0.13    0.00   18.49 v _28939_/B (sky130_fd_sc_hd__nor3_4)
     1    0.01    0.13    0.19   18.68 ^ _28939_/Y (sky130_fd_sc_hd__nor3_4)
                                         _06287_ (net)
                  0.13    0.00   18.68 ^ rebuffer3709/A (sky130_fd_sc_hd__buf_6)
     2    0.03    0.07    0.15   18.83 ^ rebuffer3709/X (sky130_fd_sc_hd__buf_6)
                                         net3709 (net)
                  0.07    0.00   18.84 ^ _28941_/A (sky130_fd_sc_hd__xnor2_4)
     2    0.01    0.14    0.12   18.96 ^ _28941_/Y (sky130_fd_sc_hd__xnor2_4)
                                         _00459_ (net)
                  0.14    0.00   18.96 ^ _28942_/A (sky130_fd_sc_hd__inv_2)
     2    0.01    0.04    0.06   19.02 v _28942_/Y (sky130_fd_sc_hd__inv_2)
                                         u_mul_reduce.r1[0] (net)
                  0.04    0.00   19.02 v _53326_/A (sky130_fd_sc_hd__ha_2)
     1    0.01    0.04    0.19   19.20 v _53326_/COUT (sky130_fd_sc_hd__ha_2)
                                         _00463_ (net)
                  0.04    0.00   19.20 v _31071_/A (sky130_fd_sc_hd__and3_4)
     2    0.01    0.04    0.16   19.36 v _31071_/X (sky130_fd_sc_hd__and3_4)
                                         _07687_ (net)
                  0.04    0.00   19.36 v _31072_/B1 (sky130_fd_sc_hd__o21ai_4)
     2    0.02    0.16    0.07   19.44 ^ _31072_/Y (sky130_fd_sc_hd__o21ai_4)
                                         _07688_ (net)
                  0.16    0.00   19.44 ^ _31087_/C (sky130_fd_sc_hd__nor4b_4)
     2    0.01    0.07    0.07   19.50 v _31087_/Y (sky130_fd_sc_hd__nor4b_4)
                                         _07703_ (net)
                  0.07    0.00   19.50 v rebuffer3711/A (sky130_fd_sc_hd__buf_4)
     2    0.01    0.04    0.15   19.66 v rebuffer3711/X (sky130_fd_sc_hd__buf_4)
                                         net3711 (net)
                  0.04    0.00   19.66 v _31144_/A1 (sky130_fd_sc_hd__a2111o_2)
     4    0.03    0.14    0.51   20.16 v _31144_/X (sky130_fd_sc_hd__a2111o_2)
                                         _07760_ (net)
                  0.14    0.00   20.17 v place2058/A (sky130_fd_sc_hd__buf_6)
     2    0.01    0.02    0.15   20.32 v place2058/X (sky130_fd_sc_hd__buf_6)
                                         net2058 (net)
                  0.02    0.00   20.32 v _48258_/B1 (sky130_fd_sc_hd__o21a_1)
     2    0.01    0.06    0.12   20.44 v _48258_/X (sky130_fd_sc_hd__o21a_1)
                                         _22656_ (net)
                  0.06    0.00   20.44 v _48272_/A2 (sky130_fd_sc_hd__o22a_1)
     2    0.01    0.09    0.24   20.68 v _48272_/X (sky130_fd_sc_hd__o22a_1)
                                         _22670_ (net)
                  0.09    0.00   20.68 v _48312_/B2 (sky130_fd_sc_hd__a221o_1)
     2    0.01    0.11    0.40   21.08 v _48312_/X (sky130_fd_sc_hd__a221o_1)
                                         _22710_ (net)
                  0.11    0.00   21.08 v _48359_/A2 (sky130_fd_sc_hd__o211ai_4)
     3    0.02    0.21    0.23   21.31 ^ _48359_/Y (sky130_fd_sc_hd__o211ai_4)
                                         _22757_ (net)
                  0.21    0.00   21.31 ^ rebuffer3717/A (sky130_fd_sc_hd__buf_6)
     2    0.02    0.05    0.14   21.45 ^ rebuffer3717/X (sky130_fd_sc_hd__buf_6)
                                         net3717 (net)
                  0.05    0.00   21.45 ^ place2029/A (sky130_fd_sc_hd__buf_12)
     6    0.03    0.05    0.10   21.56 ^ place2029/X (sky130_fd_sc_hd__buf_12)
                                         net2029 (net)
                  0.05    0.00   21.56 ^ _48422_/B (sky130_fd_sc_hd__and3_4)
     1    0.01    0.05    0.17   21.73 ^ _48422_/X (sky130_fd_sc_hd__and3_4)
                                         _22811_ (net)
                  0.05    0.00   21.73 ^ _48424_/A3 (sky130_fd_sc_hd__o31ai_2)
     1    0.00    0.14    0.05   21.78 v _48424_/Y (sky130_fd_sc_hd__o31ai_2)
                                         _01111_ (net)
                  0.14    0.00   21.78 v mul_reduced_q[2]$_DFFE_PN0P_/D (sky130_fd_sc_hd__dfrtp_1)
                                 21.78   data arrival time

                         20.00   20.00   clock clk (rise edge)
                          0.00   20.00   clock source latency
     2    0.12    0.00    0.00   20.00 ^ clk (in)
                                         clk (net)
                  0.01    0.01   20.01 ^ clkbuf_0_clk/A (sky130_fd_sc_hd__clkbuf_16)
     4    0.22    0.23    0.25   20.26 ^ clkbuf_0_clk/X (sky130_fd_sc_hd__clkbuf_16)
                                         clknet_0_clk (net)
                  0.23    0.01   20.27 ^ clkbuf_2_1_0_clk/A (sky130_fd_sc_hd__clkbuf_16)
     8    0.21    0.22    0.32   20.59 ^ clkbuf_2_1_0_clk/X (sky130_fd_sc_hd__clkbuf_16)
                                         clknet_2_1_0_clk (net)
                  0.22    0.00   20.60 ^ clkbuf_5_14__f_clk/A (sky130_fd_sc_hd__clkbuf_16)
    13    0.22    0.23    0.32   20.92 ^ clkbuf_5_14__f_clk/X (sky130_fd_sc_hd__clkbuf_16)
                                         clknet_5_14__leaf_clk (net)
                  0.23    0.01   20.93 ^ clkbuf_leaf_332_clk/A (sky130_fd_sc_hd__clkbuf_16)
     8    0.04    0.06    0.20   21.12 ^ clkbuf_leaf_332_clk/X (sky130_fd_sc_hd__clkbuf_16)
                                         clknet_leaf_332_clk (net)
                  0.06    0.00   21.13 ^ mul_reduced_q[2]$_DFFE_PN0P_/CLK (sky130_fd_sc_hd__dfrtp_1)
                         -0.25   20.88   clock uncertainty
                          0.00   20.88   clock reconvergence pessimism
                         -0.15   20.72   library setup time
                                 20.72   data required time
-----------------------------------------------------------------------------
                                 20.72   data required time
                                -21.78   data arrival time
-----------------------------------------------------------------------------
                                 -1.06   slack (VIOLATED)



==========================================================================
finish report_checks -unconstrained
--------------------------------------------------------------------------
Startpoint: coeff_a_q[1]$_DFFE_PN0P_
            (rising edge-triggered flip-flop clocked by clk)
Endpoint: mul_reduced_q[2]$_DFFE_PN0P_
          (rising edge-triggered flip-flop clocked by clk)
Path Group: clk
Path Type: max

Fanout     Cap    Slew   Delay    Time   Description
-----------------------------------------------------------------------------
                          0.00    0.00   clock clk (rise edge)
                          0.00    0.00   clock source latency
     2    0.12    0.00    0.00    0.00 ^ clk (in)
                                         clk (net)
                  0.01    0.01    0.01 ^ clkbuf_0_clk/A (sky130_fd_sc_hd__clkbuf_16)
     4    0.22    0.23    0.25    0.26 ^ clkbuf_0_clk/X (sky130_fd_sc_hd__clkbuf_16)
                                         clknet_0_clk (net)
                  0.23    0.01    0.27 ^ clkbuf_2_1_0_clk/A (sky130_fd_sc_hd__clkbuf_16)
     8    0.21    0.22    0.32    0.59 ^ clkbuf_2_1_0_clk/X (sky130_fd_sc_hd__clkbuf_16)
                                         clknet_2_1_0_clk (net)
                  0.22    0.00    0.60 ^ clkbuf_5_15__f_clk/A (sky130_fd_sc_hd__clkbuf_16)
    16    0.24    0.24    0.34    0.93 ^ clkbuf_5_15__f_clk/X (sky130_fd_sc_hd__clkbuf_16)
                                         clknet_5_15__leaf_clk (net)
                  0.25    0.01    0.94 ^ clkbuf_leaf_334_clk/A (sky130_fd_sc_hd__clkbuf_16)
    11    0.04    0.06    0.21    1.14 ^ clkbuf_leaf_334_clk/X (sky130_fd_sc_hd__clkbuf_16)
                                         clknet_leaf_334_clk (net)
                  0.06    0.00    1.15 ^ coeff_a_q[1]$_DFFE_PN0P_/CLK (sky130_fd_sc_hd__dfrtp_2)
     2    0.01    0.06    0.42    1.57 v coeff_a_q[1]$_DFFE_PN0P_/Q (sky130_fd_sc_hd__dfrtp_2)
                                         coeff_a_q[1] (net)
                  0.06    0.00    1.57 v _53501_/B (sky130_fd_sc_hd__ha_4)
     2    0.01    0.04    0.27    1.84 ^ _53501_/SUM (sky130_fd_sc_hd__ha_4)
                                         _00673_ (net)
                  0.04    0.00    1.84 ^ _36525_/A (sky130_fd_sc_hd__inv_2)
     1    0.01    0.02    0.04    1.88 v _36525_/Y (sky130_fd_sc_hd__inv_2)
                                         _00722_ (net)
                  0.02    0.00    1.88 v _53574_/B (sky130_fd_sc_hd__ha_4)
     2    0.01    0.03    0.15    2.03 v _53574_/COUT (sky130_fd_sc_hd__ha_4)
                                         _00216_ (net)
                  0.03    0.00    2.03 v _53157_/CIN (sky130_fd_sc_hd__fa_2)
     2    0.01    0.08    0.35    2.37 v _53157_/COUT (sky130_fd_sc_hd__fa_2)
                                         _00219_ (net)
                  0.08    0.00    2.37 v _29547_/A2 (sky130_fd_sc_hd__a21oi_2)
     1    0.00    0.10    0.15    2.52 ^ _29547_/Y (sky130_fd_sc_hd__a21oi_2)
                                         _06685_ (net)
                  0.10    0.00    2.52 ^ _29548_/B (sky130_fd_sc_hd__nor2_1)
     1    0.01    0.04    0.06    2.58 v _29548_/Y (sky130_fd_sc_hd__nor2_1)
                                         _06686_ (net)
                  0.04    0.00    2.58 v _29549_/A (sky130_fd_sc_hd__nor2_2)
     2    0.02    0.18    0.18    2.76 ^ _29549_/Y (sky130_fd_sc_hd__nor2_2)
                                         _06687_ (net)
                  0.18    0.00    2.76 ^ _29550_/A2 (sky130_fd_sc_hd__o21bai_1)
     1    0.01    0.07    0.11    2.87 v _29550_/Y (sky130_fd_sc_hd__o21bai_1)
                                         _06688_ (net)
                  0.07    0.00    2.87 v _29551_/A1 (sky130_fd_sc_hd__a21oi_2)
     2    0.01    0.15    0.17    3.04 ^ _29551_/Y (sky130_fd_sc_hd__a21oi_2)
                                         _06689_ (net)
                  0.15    0.00    3.04 ^ _29552_/A2 (sky130_fd_sc_hd__o21bai_1)
     1    0.01    0.07    0.10    3.14 v _29552_/Y (sky130_fd_sc_hd__o21bai_1)
                                         _06690_ (net)
                  0.07    0.00    3.14 v _29553_/A1 (sky130_fd_sc_hd__a21oi_2)
     2    0.01    0.12    0.15    3.29 ^ _29553_/Y (sky130_fd_sc_hd__a21oi_2)
                                         _06691_ (net)
                  0.12    0.00    3.29 ^ _29571_/A2 (sky130_fd_sc_hd__o21bai_1)
     1    0.00    0.06    0.09    3.38 v _29571_/Y (sky130_fd_sc_hd__o21bai_1)
                                         _06709_ (net)
                  0.06    0.00    3.38 v _29572_/A1 (sky130_fd_sc_hd__a21oi_2)
     1    0.01    0.15    0.17    3.55 ^ _29572_/Y (sky130_fd_sc_hd__a21oi_2)
                                         _06710_ (net)
                  0.15    0.00    3.55 ^ _29573_/B (sky130_fd_sc_hd__xnor2_2)
     2    0.01    0.15    0.14    3.68 ^ _29573_/Y (sky130_fd_sc_hd__xnor2_2)
                                         _06711_ (net)
                  0.15    0.00    3.68 ^ _29574_/B1 (sky130_fd_sc_hd__o211a_1)
     2    0.01    0.07    0.19    3.87 ^ _29574_/X (sky130_fd_sc_hd__o211a_1)
                                         _06712_ (net)
                  0.07    0.00    3.87 ^ _29575_/B (sky130_fd_sc_hd__or2_4)
     4    0.02    0.06    0.14    4.01 ^ _29575_/X (sky130_fd_sc_hd__or2_4)
                                         _06713_ (net)
                  0.06    0.00    4.01 ^ _36452_/C (sky130_fd_sc_hd__and3_4)
     3    0.01    0.06    0.19    4.21 ^ _36452_/X (sky130_fd_sc_hd__and3_4)
                                         _11106_ (net)
                  0.06    0.00    4.21 ^ _36453_/B (sky130_fd_sc_hd__nand2_1)
     1    0.01    0.07    0.07    4.28 v _36453_/Y (sky130_fd_sc_hd__nand2_1)
                                         _11107_ (net)
                  0.07    0.00    4.28 v _36454_/A (sky130_fd_sc_hd__xor2_1)
     1    0.01    0.06    0.18    4.46 v _36454_/X (sky130_fd_sc_hd__xor2_1)
                                         _11108_ (net)
                  0.06    0.00    4.46 v _36456_/A2 (sky130_fd_sc_hd__a211o_1)
     2    0.01    0.08    0.33    4.79 v _36456_/X (sky130_fd_sc_hd__a211o_1)
                                         _11110_ (net)
                  0.08    0.00    4.79 v _36457_/B1_N (sky130_fd_sc_hd__a21boi_4)
     1    0.01    0.06    0.16    4.95 v _36457_/Y (sky130_fd_sc_hd__a21boi_4)
                                         _11111_ (net)
                  0.06    0.00    4.95 v place2493/A (sky130_fd_sc_hd__buf_12)
     7    0.06    0.04    0.15    5.10 v place2493/X (sky130_fd_sc_hd__buf_12)
                                         net2493 (net)
                  0.04    0.00    5.10 v _36553_/A (sky130_fd_sc_hd__nor2_2)
     1    0.01    0.09    0.11    5.21 ^ _36553_/Y (sky130_fd_sc_hd__nor2_2)
                                         _00232_ (net)
                  0.09    0.00    5.21 ^ _53168_/CIN (sky130_fd_sc_hd__fa_1)
     1    0.01    0.09    0.44    5.65 v _53168_/SUM (sky130_fd_sc_hd__fa_1)
                                         _26726_ (net)
                  0.09    0.00    5.65 v _53087_/CIN (sky130_fd_sc_hd__fa_1)
     1    0.01    0.10    0.47    6.12 v _53087_/SUM (sky130_fd_sc_hd__fa_1)
                                         _26243_ (net)
                  0.10    0.00    6.12 v _52922_/A (sky130_fd_sc_hd__fa_1)
     1    0.01    0.10    0.58    6.70 ^ _52922_/SUM (sky130_fd_sc_hd__fa_1)
                                         _26247_ (net)
                  0.10    0.00    6.70 ^ _52959_/B (sky130_fd_sc_hd__fa_1)
     1    0.01    0.11    0.46    7.16 v _52959_/SUM (sky130_fd_sc_hd__fa_1)
                                         _26401_ (net)
                  0.11    0.00    7.16 v _53085_/B (sky130_fd_sc_hd__fa_1)
     1    0.01    0.11    0.51    7.68 v _53085_/SUM (sky130_fd_sc_hd__fa_1)
                                         _26723_ (net)
                  0.11    0.00    7.68 v _53382_/B (sky130_fd_sc_hd__ha_4)
     2    0.01    0.04    0.29    7.97 ^ _53382_/SUM (sky130_fd_sc_hd__ha_4)
                                         _00523_ (net)
                  0.04    0.00    7.97 ^ _27595_/A (sky130_fd_sc_hd__inv_1)
     2    0.01    0.03    0.04    8.01 v _27595_/Y (sky130_fd_sc_hd__inv_1)
                                         _05326_ (net)
                  0.03    0.00    8.01 v _27604_/A2 (sky130_fd_sc_hd__o21bai_1)
     1    0.01    0.17    0.16    8.17 ^ _27604_/Y (sky130_fd_sc_hd__o21bai_1)
                                         _05335_ (net)
                  0.17    0.00    8.17 ^ _27605_/A1 (sky130_fd_sc_hd__a21oi_2)
     2    0.01    0.06    0.08    8.26 v _27605_/Y (sky130_fd_sc_hd__a21oi_2)
                                         _05336_ (net)
                  0.06    0.00    8.26 v _27926_/A2 (sky130_fd_sc_hd__o21bai_1)
     1    0.01    0.15    0.16    8.42 ^ _27926_/Y (sky130_fd_sc_hd__o21bai_1)
                                         _05558_ (net)
                  0.15    0.00    8.42 ^ _27927_/A1 (sky130_fd_sc_hd__a21oi_2)
     2    0.01    0.06    0.08    8.50 v _27927_/Y (sky130_fd_sc_hd__a21oi_2)
                                         _05559_ (net)
                  0.06    0.00    8.50 v _27928_/A1 (sky130_fd_sc_hd__o21bai_1)
     1    0.01    0.19    0.20    8.70 ^ _27928_/Y (sky130_fd_sc_hd__o21bai_1)
                                         _05560_ (net)
                  0.19    0.00    8.70 ^ _27929_/A1 (sky130_fd_sc_hd__a21oi_2)
     2    0.01    0.06    0.09    8.79 v _27929_/Y (sky130_fd_sc_hd__a21oi_2)
                                         _05561_ (net)
                  0.06    0.00    8.79 v _27930_/A2 (sky130_fd_sc_hd__o21bai_1)
     1    0.01    0.16    0.17    8.95 ^ _27930_/Y (sky130_fd_sc_hd__o21bai_1)
                                         _05562_ (net)
                  0.16    0.00    8.95 ^ _27931_/A1 (sky130_fd_sc_hd__a21oi_2)
     2    0.01    0.07    0.09    9.05 v _27931_/Y (sky130_fd_sc_hd__a21oi_2)
                                         _05563_ (net)
                  0.07    0.00    9.05 v place2394/A (sky130_fd_sc_hd__buf_4)
     1    0.01    0.03    0.15    9.19 v place2394/X (sky130_fd_sc_hd__buf_4)
                                         net2394 (net)
                  0.03    0.00    9.19 v _27934_/A2 (sky130_fd_sc_hd__o21ai_4)
     2    0.02    0.16    0.16    9.35 ^ _27934_/Y (sky130_fd_sc_hd__o21ai_4)
                                         _05566_ (net)
                  0.16    0.00    9.35 ^ _29648_/A (sky130_fd_sc_hd__xnor2_2)
     2    0.01    0.18    0.15    9.51 ^ _29648_/Y (sky130_fd_sc_hd__xnor2_2)
                                         _00187_ (net)
                  0.18    0.00    9.51 ^ _29649_/A (sky130_fd_sc_hd__inv_2)
     4    0.02    0.07    0.10    9.60 v _29649_/Y (sky130_fd_sc_hd__inv_2)
                                         mul_product[21] (net)
                  0.07    0.00    9.60 v rebuffer3735/A (sky130_fd_sc_hd__buf_4)
     1    0.01    0.03    0.15    9.75 v rebuffer3735/X (sky130_fd_sc_hd__buf_4)
                                         net3735 (net)
                  0.03    0.00    9.75 v _53011_/B (sky130_fd_sc_hd__fa_2)
     2    0.01    0.10    0.57   10.32 ^ _53011_/SUM (sky130_fd_sc_hd__fa_2)
                                         _26542_ (net)
                  0.10    0.00   10.32 ^ _53001_/B (sky130_fd_sc_hd__fa_1)
     1    0.01    0.11    0.47   10.79 v _53001_/SUM (sky130_fd_sc_hd__fa_1)
                                         _26543_ (net)
                  0.11    0.00   10.79 v _53132_/CIN (sky130_fd_sc_hd__fa_1)
     1    0.01    0.08    0.52   11.30 ^ _53132_/SUM (sky130_fd_sc_hd__fa_1)
                                         _26785_ (net)
                  0.08    0.00   11.30 ^ _53114_/CIN (sky130_fd_sc_hd__fa_1)
     1    0.01    0.10    0.45   11.75 v _53114_/SUM (sky130_fd_sc_hd__fa_1)
                                         _26308_ (net)
                  0.10    0.00   11.75 v _52937_/B (sky130_fd_sc_hd__fa_1)
     1    0.01    0.09    0.48   12.24 v _52937_/SUM (sky130_fd_sc_hd__fa_1)
                                         _26311_ (net)
                  0.09    0.00   12.24 v _53276_/B (sky130_fd_sc_hd__ha_1)
     2    0.01    0.07    0.30   12.54 v _53276_/SUM (sky130_fd_sc_hd__ha_1)
                                         _00379_ (net)
                  0.07    0.00   12.54 v _27428_/B1 (sky130_fd_sc_hd__o21ai_1)
     1    0.00    0.10    0.08   12.62 ^ _27428_/Y (sky130_fd_sc_hd__o21ai_1)
                                         _26147_ (net)
                  0.10    0.00   12.62 ^ _27429_/B (sky130_fd_sc_hd__nand2b_1)
     2    0.02    0.15    0.15   12.77 v _27429_/Y (sky130_fd_sc_hd__nand2b_1)
                                         _26148_ (net)
                  0.15    0.00   12.78 v _27445_/D1 (sky130_fd_sc_hd__a2111oi_4)
     1    0.00    0.25    0.23   13.00 ^ _27445_/Y (sky130_fd_sc_hd__a2111oi_4)
                                         _26164_ (net)
                  0.25    0.00   13.00 ^ _27446_/B1 (sky130_fd_sc_hd__o211ai_1)
     2    0.01    0.14    0.19   13.20 v _27446_/Y (sky130_fd_sc_hd__o211ai_1)
                                         _26165_ (net)
                  0.14    0.00   13.20 v _34010_/A1 (sky130_fd_sc_hd__a311oi_1)
     1    0.01    0.27    0.30   13.49 ^ _34010_/Y (sky130_fd_sc_hd__a311oi_1)
                                         _09590_ (net)
                  0.27    0.00   13.49 ^ _34012_/A2 (sky130_fd_sc_hd__o21ba_2)
     2    0.01    0.09    0.21   13.71 ^ _34012_/X (sky130_fd_sc_hd__o21ba_2)
                                         _09592_ (net)
                  0.09    0.00   13.71 ^ _34013_/A1 (sky130_fd_sc_hd__o21bai_4)
     2    0.01    0.06    0.09   13.80 v _34013_/Y (sky130_fd_sc_hd__o21bai_4)
                                         _09593_ (net)
                  0.06    0.00   13.80 v _34014_/A2 (sky130_fd_sc_hd__a21oi_4)
     3    0.01    0.14    0.18   13.97 ^ _34014_/Y (sky130_fd_sc_hd__a21oi_4)
                                         _09594_ (net)
                  0.14    0.00   13.97 ^ rebuffer4038/A (sky130_fd_sc_hd__buf_6)
     1    0.01    0.03    0.11   14.09 ^ rebuffer4038/X (sky130_fd_sc_hd__buf_6)
                                         net4038 (net)
                  0.03    0.00   14.09 ^ _34118_/A2 (sky130_fd_sc_hd__o21ai_2)
     2    0.01    0.07    0.06   14.15 v _34118_/Y (sky130_fd_sc_hd__o21ai_2)
                                         _09659_ (net)
                  0.07    0.00   14.15 v _34122_/A3 (sky130_fd_sc_hd__o41ai_2)
     2    0.01    0.30    0.34   14.49 ^ _34122_/Y (sky130_fd_sc_hd__o41ai_2)
                                         _09663_ (net)
                  0.30    0.00   14.49 ^ _34123_/A1 (sky130_fd_sc_hd__o21ba_2)
     2    0.02    0.14    0.27   14.76 ^ _34123_/X (sky130_fd_sc_hd__o21ba_2)
                                         _09664_ (net)
                  0.14    0.00   14.76 ^ _34124_/A1 (sky130_fd_sc_hd__o21bai_4)
     2    0.02    0.07    0.11   14.86 v _34124_/Y (sky130_fd_sc_hd__o21bai_4)
                                         _09665_ (net)
                  0.07    0.00   14.87 v _34125_/B (sky130_fd_sc_hd__xor2_4)
     2    0.03    0.23    0.24   15.10 ^ _34125_/X (sky130_fd_sc_hd__xor2_4)
                                         u_mul_reduce.prod[36] (net)
                  0.23    0.00   15.11 ^ _53205_/B (sky130_fd_sc_hd__ha_4)
     1    0.01    0.05    0.18   15.28 ^ _53205_/COUT (sky130_fd_sc_hd__ha_4)
                                         _26913_ (net)
                  0.05    0.00   15.28 ^ _53320_/B (sky130_fd_sc_hd__ha_4)
     1    0.01    0.04    0.19   15.47 v _53320_/SUM (sky130_fd_sc_hd__ha_4)
                                         _26450_ (net)
                  0.04    0.00   15.48 v _52974_/A (sky130_fd_sc_hd__fa_1)
     1    0.00    0.06    0.53   16.01 ^ _52974_/SUM (sky130_fd_sc_hd__fa_1)
                                         _00061_ (net)
                  0.06    0.00   16.01 ^ _36386_/A (sky130_fd_sc_hd__inv_1)
     1    0.01    0.03    0.05   16.06 v _36386_/Y (sky130_fd_sc_hd__inv_1)
                                         _00052_ (net)
                  0.03    0.00   16.06 v _52966_/CIN (sky130_fd_sc_hd__fa_1)
     1    0.01    0.11    0.52   16.57 ^ _52966_/SUM (sky130_fd_sc_hd__fa_1)
                                         _26422_ (net)
                  0.11    0.00   16.57 ^ _53263_/B (sky130_fd_sc_hd__ha_4)
     3    0.01    0.04    0.21   16.78 v _53263_/SUM (sky130_fd_sc_hd__ha_4)
                                         _00358_ (net)
                  0.04    0.00   16.79 v _28542_/A2 (sky130_fd_sc_hd__a21o_1)
     1    0.01    0.05    0.18   16.97 v _28542_/X (sky130_fd_sc_hd__a21o_1)
                                         _06000_ (net)
                  0.05    0.00   16.97 v _28543_/A2 (sky130_fd_sc_hd__a21oi_2)
     2    0.01    0.15    0.17   17.14 ^ _28543_/Y (sky130_fd_sc_hd__a21oi_2)
                                         _06001_ (net)
                  0.15    0.00   17.14 ^ _28546_/A2 (sky130_fd_sc_hd__o21ai_1)
     2    0.01    0.07    0.10   17.24 v _28546_/Y (sky130_fd_sc_hd__o21ai_1)
                                         _06004_ (net)
                  0.07    0.00   17.24 v _28547_/B1 (sky130_fd_sc_hd__a311o_2)
     4    0.03    0.12    0.44   17.68 v _28547_/X (sky130_fd_sc_hd__a311o_2)
                                         _06005_ (net)
                  0.12    0.00   17.68 v _28548_/A1 (sky130_fd_sc_hd__a2111oi_4)
     1    0.01    0.27    0.33   18.01 ^ _28548_/Y (sky130_fd_sc_hd__a2111oi_4)
                                         _06006_ (net)
                  0.27    0.00   18.01 ^ _28550_/A (sky130_fd_sc_hd__nor3_2)
     1    0.01    0.08    0.11   18.11 v _28550_/Y (sky130_fd_sc_hd__nor3_2)
                                         _06008_ (net)
                  0.08    0.00   18.11 v _28551_/A (sky130_fd_sc_hd__xnor2_2)
     3    0.01    0.20    0.23   18.34 ^ _28551_/Y (sky130_fd_sc_hd__xnor2_2)
                                         _06009_ (net)
                  0.20    0.00   18.34 ^ _28937_/B (sky130_fd_sc_hd__nand3_2)
     2    0.01    0.13    0.15   18.49 v _28937_/Y (sky130_fd_sc_hd__nand3_2)
                                         _06285_ (net)
                  0.13    0.00   18.49 v _28939_/B (sky130_fd_sc_hd__nor3_4)
     1    0.01    0.13    0.19   18.68 ^ _28939_/Y (sky130_fd_sc_hd__nor3_4)
                                         _06287_ (net)
                  0.13    0.00   18.68 ^ rebuffer3709/A (sky130_fd_sc_hd__buf_6)
     2    0.03    0.07    0.15   18.83 ^ rebuffer3709/X (sky130_fd_sc_hd__buf_6)
                                         net3709 (net)
                  0.07    0.00   18.84 ^ _28941_/A (sky130_fd_sc_hd__xnor2_4)
     2    0.01    0.14    0.12   18.96 ^ _28941_/Y (sky130_fd_sc_hd__xnor2_4)
                                         _00459_ (net)
                  0.14    0.00   18.96 ^ _28942_/A (sky130_fd_sc_hd__inv_2)
     2    0.01    0.04    0.06   19.02 v _28942_/Y (sky130_fd_sc_hd__inv_2)
                                         u_mul_reduce.r1[0] (net)
                  0.04    0.00   19.02 v _53326_/A (sky130_fd_sc_hd__ha_2)
     1    0.01    0.04    0.19   19.20 v _53326_/COUT (sky130_fd_sc_hd__ha_2)
                                         _00463_ (net)
                  0.04    0.00   19.20 v _31071_/A (sky130_fd_sc_hd__and3_4)
     2    0.01    0.04    0.16   19.36 v _31071_/X (sky130_fd_sc_hd__and3_4)
                                         _07687_ (net)
                  0.04    0.00   19.36 v _31072_/B1 (sky130_fd_sc_hd__o21ai_4)
     2    0.02    0.16    0.07   19.44 ^ _31072_/Y (sky130_fd_sc_hd__o21ai_4)
                                         _07688_ (net)
                  0.16    0.00   19.44 ^ _31087_/C (sky130_fd_sc_hd__nor4b_4)
     2    0.01    0.07    0.07   19.50 v _31087_/Y (sky130_fd_sc_hd__nor4b_4)
                                         _07703_ (net)
                  0.07    0.00   19.50 v rebuffer3711/A (sky130_fd_sc_hd__buf_4)
     2    0.01    0.04    0.15   19.66 v rebuffer3711/X (sky130_fd_sc_hd__buf_4)
                                         net3711 (net)
                  0.04    0.00   19.66 v _31144_/A1 (sky130_fd_sc_hd__a2111o_2)
     4    0.03    0.14    0.51   20.16 v _31144_/X (sky130_fd_sc_hd__a2111o_2)
                                         _07760_ (net)
                  0.14    0.00   20.17 v place2058/A (sky130_fd_sc_hd__buf_6)
     2    0.01    0.02    0.15   20.32 v place2058/X (sky130_fd_sc_hd__buf_6)
                                         net2058 (net)
                  0.02    0.00   20.32 v _48258_/B1 (sky130_fd_sc_hd__o21a_1)
     2    0.01    0.06    0.12   20.44 v _48258_/X (sky130_fd_sc_hd__o21a_1)
                                         _22656_ (net)
                  0.06    0.00   20.44 v _48272_/A2 (sky130_fd_sc_hd__o22a_1)
     2    0.01    0.09    0.24   20.68 v _48272_/X (sky130_fd_sc_hd__o22a_1)
                                         _22670_ (net)
                  0.09    0.00   20.68 v _48312_/B2 (sky130_fd_sc_hd__a221o_1)
     2    0.01    0.11    0.40   21.08 v _48312_/X (sky130_fd_sc_hd__a221o_1)
                                         _22710_ (net)
                  0.11    0.00   21.08 v _48359_/A2 (sky130_fd_sc_hd__o211ai_4)
     3    0.02    0.21    0.23   21.31 ^ _48359_/Y (sky130_fd_sc_hd__o211ai_4)
                                         _22757_ (net)
                  0.21    0.00   21.31 ^ rebuffer3717/A (sky130_fd_sc_hd__buf_6)
     2    0.02    0.05    0.14   21.45 ^ rebuffer3717/X (sky130_fd_sc_hd__buf_6)
                                         net3717 (net)
                  0.05    0.00   21.45 ^ place2029/A (sky130_fd_sc_hd__buf_12)
     6    0.03    0.05    0.10   21.56 ^ place2029/X (sky130_fd_sc_hd__buf_12)
                                         net2029 (net)
                  0.05    0.00   21.56 ^ _48422_/B (sky130_fd_sc_hd__and3_4)
     1    0.01    0.05    0.17   21.73 ^ _48422_/X (sky130_fd_sc_hd__and3_4)
                                         _22811_ (net)
                  0.05    0.00   21.73 ^ _48424_/A3 (sky130_fd_sc_hd__o31ai_2)
     1    0.00    0.14    0.05   21.78 v _48424_/Y (sky130_fd_sc_hd__o31ai_2)
                                         _01111_ (net)
                  0.14    0.00   21.78 v mul_reduced_q[2]$_DFFE_PN0P_/D (sky130_fd_sc_hd__dfrtp_1)
                                 21.78   data arrival time

                         20.00   20.00   clock clk (rise edge)
                          0.00   20.00   clock source latency
     2    0.12    0.00    0.00   20.00 ^ clk (in)
                                         clk (net)
                  0.01    0.01   20.01 ^ clkbuf_0_clk/A (sky130_fd_sc_hd__clkbuf_16)
     4    0.22    0.23    0.25   20.26 ^ clkbuf_0_clk/X (sky130_fd_sc_hd__clkbuf_16)
                                         clknet_0_clk (net)
                  0.23    0.01   20.27 ^ clkbuf_2_1_0_clk/A (sky130_fd_sc_hd__clkbuf_16)
     8    0.21    0.22    0.32   20.59 ^ clkbuf_2_1_0_clk/X (sky130_fd_sc_hd__clkbuf_16)
                                         clknet_2_1_0_clk (net)
                  0.22    0.00   20.60 ^ clkbuf_5_14__f_clk/A (sky130_fd_sc_hd__clkbuf_16)
    13    0.22    0.23    0.32   20.92 ^ clkbuf_5_14__f_clk/X (sky130_fd_sc_hd__clkbuf_16)
                                         clknet_5_14__leaf_clk (net)
                  0.23    0.01   20.93 ^ clkbuf_leaf_332_clk/A (sky130_fd_sc_hd__clkbuf_16)
     8    0.04    0.06    0.20   21.12 ^ clkbuf_leaf_332_clk/X (sky130_fd_sc_hd__clkbuf_16)
                                         clknet_leaf_332_clk (net)
                  0.06    0.00   21.13 ^ mul_reduced_q[2]$_DFFE_PN0P_/CLK (sky130_fd_sc_hd__dfrtp_1)
                         -0.25   20.88   clock uncertainty
                          0.00   20.88   clock reconvergence pessimism
                         -0.15   20.72   library setup time
                                 20.72   data required time
-----------------------------------------------------------------------------
                                 20.72   data required time
                                -21.78   data arrival time
-----------------------------------------------------------------------------
                                 -1.06   slack (VIOLATED)



==========================================================================
finish report_check_types -max_slew -max_cap -max_fanout -violators
--------------------------------------------------------------------------
max slew

Pin                                    Limit    Slew   Slack
------------------------------------------------------------
_42338_/Y                               1.49    1.70   -0.21 (VIOLATED)
_39778_/Y                               1.49    1.69   -0.20 (VIOLATED)
_42445_/A2                              1.50    1.70   -0.20 (VIOLATED)
ram_q_b[0]$_DFF_P_/D                    1.50    1.69   -0.19 (VIOLATED)
_38873_/Y                               1.49    1.66   -0.16 (VIOLATED)
_38874_/B1                              1.50    1.66   -0.16 (VIOLATED)
_46222_/A3                              1.50    1.65   -0.15 (VIOLATED)
_46164_/Y                               1.51    1.65   -0.14 (VIOLATED)
_44358_/Y                               1.49    1.62   -0.13 (VIOLATED)
_44731_/Y                               1.50    1.63   -0.13 (VIOLATED)
_47428_/Y                               1.49    1.62   -0.13 (VIOLATED)
_44759_/A2                              1.50    1.63   -0.13 (VIOLATED)
_44359_/B1                              1.50    1.62   -0.12 (VIOLATED)
ANTENNA_52/DIODE                        1.50    1.62   -0.12 (VIOLATED)
_47457_/A2                              1.50    1.62   -0.12 (VIOLATED)
_41401_/Y                               1.49    1.60   -0.11 (VIOLATED)
_41402_/B1                              1.50    1.60   -0.10 (VIOLATED)
_45678_/A                               1.50    1.58   -0.08 (VIOLATED)
_39184_/Y                               1.49    1.58   -0.08 (VIOLATED)
_39365_/Y                               1.49    1.57   -0.08 (VIOLATED)
_39198_/A2                              1.50    1.58   -0.08 (VIOLATED)
ANTENNA_89/DIODE                        1.50    1.58   -0.08 (VIOLATED)
_40766_/Y                               1.49    1.56   -0.07 (VIOLATED)
_39381_/Y                               1.49    1.56   -0.07 (VIOLATED)
_39366_/B1                              1.50    1.57   -0.07 (VIOLATED)
_38706_/Y                               1.49    1.56   -0.06 (VIOLATED)
_45503_/Y                               1.49    1.56   -0.06 (VIOLATED)
_40767_/B1                              1.50    1.56   -0.06 (VIOLATED)
_38707_/C                               1.50    1.56   -0.06 (VIOLATED)
_39663_/Y                               1.49    1.55   -0.06 (VIOLATED)
_39394_/A2                              1.50    1.56   -0.06 (VIOLATED)
_45504_/B1                              1.50    1.56   -0.06 (VIOLATED)
_37760_/Y                               1.49    1.54   -0.05 (VIOLATED)
_39664_/B1                              1.50    1.55   -0.05 (VIOLATED)
_37778_/A2                              1.50    1.54   -0.04 (VIOLATED)
ANTENNA_85/DIODE                        1.50    1.54   -0.04 (VIOLATED)
_40529_/Y                               1.49    1.52   -0.03 (VIOLATED)
_40568_/A2                              1.50    1.52   -0.02 (VIOLATED)
ANTENNA_98/DIODE                        1.50    1.52   -0.02 (VIOLATED)
_38963_/A2                              1.50    1.52   -0.02 (VIOLATED)
_38933_/Y                               1.50    1.52   -0.02 (VIOLATED)
_42587_/Y                               1.49    1.51   -0.02 (VIOLATED)
_36943_/Y                               1.49    1.50   -0.01 (VIOLATED)
_41431_/Y                               1.49    1.50   -0.01 (VIOLATED)
_42588_/B1                              1.50    1.51   -0.01 (VIOLATED)

max capacitance

Pin                                    Limit     Cap   Slack
------------------------------------------------------------
_44731_/Y                               0.12    0.13   -0.01 (VIOLATED)

_46164_/Y                               0.08    0.10   -0.01 (VIOLATED)

_38873_/Y                               0.07    0.07   -0.01 (VIOLATED)

_39778_/Y                               0.05    0.06   -0.01 (VIOLATED)

_42338_/Y                               0.04    0.05   -0.01 (VIOLATED)

_47428_/Y                               0.07    0.07   -0.01 (VIOLATED)

_44358_/Y                               0.04    0.05   -0.00 (VIOLATED)

_39184_/Y                               0.07    0.07   -0.00 (VIOLATED)

_39381_/Y                               0.06    0.07   -0.00 (VIOLATED)

_41401_/Y                               0.04    0.05   -0.00 (VIOLATED)

_38706_/Y                               0.07    0.07   -0.00 (VIOLATED)

_45503_/Y                               0.07    0.07   -0.00 (VIOLATED)

_39663_/Y                               0.05    0.06   -0.00 (VIOLATED)

_39365_/Y                               0.04    0.05   -0.00 (VIOLATED)

_37760_/Y                               0.07    0.07   -0.00 (VIOLATED)

_40766_/Y                               0.04    0.05   -0.00 (VIOLATED)

_40529_/Y                               0.07    0.07   -0.00 (VIOLATED)

_38933_/Y                               0.07    0.08   -0.00 (VIOLATED)

_36943_/Y                               0.06    0.07   -0.00 (VIOLATED)

_42587_/Y                               0.04    0.05   -0.00 (VIOLATED)

_41431_/Y                               0.07    0.07   -0.00 (VIOLATED)


==========================================================================
finish max_slew_check_slack
--------------------------------------------------------------------------
-0.20828494429588318

==========================================================================
finish max_slew_check_limit
--------------------------------------------------------------------------
1.4899029731750488

==========================================================================
finish max_slew_check_slack_limit
--------------------------------------------------------------------------
-0.1398

==========================================================================
finish max_fanout_check_slack
--------------------------------------------------------------------------
1.0000000150474662e+30

==========================================================================
finish max_fanout_check_limit
--------------------------------------------------------------------------
1.0000000150474662e+30

==========================================================================
finish max_capacitance_check_slack
--------------------------------------------------------------------------
-0.012119564227759838

==========================================================================
finish max_capacitance_check_limit
--------------------------------------------------------------------------
0.11811299622058868

==========================================================================
finish max_capacitance_check_slack_limit
--------------------------------------------------------------------------
-0.1026

==========================================================================
finish max_slew_violation_count
--------------------------------------------------------------------------
max slew violation count 45

==========================================================================
finish max_fanout_violation_count
--------------------------------------------------------------------------
max fanout violation count 0

==========================================================================
finish max_cap_violation_count
--------------------------------------------------------------------------
max cap violation count 21

==========================================================================
finish setup_violation_count
--------------------------------------------------------------------------
setup violation count 12

==========================================================================
finish hold_violation_count
--------------------------------------------------------------------------
hold violation count 0

==========================================================================
finish report_checks -path_delay max reg to reg
--------------------------------------------------------------------------
Startpoint: coeff_a_q[1]$_DFFE_PN0P_
            (rising edge-triggered flip-flop clocked by clk)
Endpoint: mul_reduced_q[2]$_DFFE_PN0P_
          (rising edge-triggered flip-flop clocked by clk)
Path Group: clk
Path Type: max

  Delay    Time   Description
---------------------------------------------------------
   0.00    0.00   clock clk (rise edge)
   0.00    0.00   clock source latency
   0.00    0.00 ^ clk (in)
   0.26    0.26 ^ clkbuf_0_clk/X (sky130_fd_sc_hd__clkbuf_16)
   0.33    0.59 ^ clkbuf_2_1_0_clk/X (sky130_fd_sc_hd__clkbuf_16)
   0.34    0.93 ^ clkbuf_5_15__f_clk/X (sky130_fd_sc_hd__clkbuf_16)
   0.21    1.14 ^ clkbuf_leaf_334_clk/X (sky130_fd_sc_hd__clkbuf_16)
   0.00    1.15 ^ coeff_a_q[1]$_DFFE_PN0P_/CLK (sky130_fd_sc_hd__dfrtp_2)
   0.42    1.57 v coeff_a_q[1]$_DFFE_PN0P_/Q (sky130_fd_sc_hd__dfrtp_2)
   0.27    1.84 ^ _53501_/SUM (sky130_fd_sc_hd__ha_4)
   0.04    1.88 v _36525_/Y (sky130_fd_sc_hd__inv_2)
   0.15    2.03 v _53574_/COUT (sky130_fd_sc_hd__ha_4)
   0.35    2.37 v _53157_/COUT (sky130_fd_sc_hd__fa_2)
   0.15    2.52 ^ _29547_/Y (sky130_fd_sc_hd__a21oi_2)
   0.06    2.58 v _29548_/Y (sky130_fd_sc_hd__nor2_1)
   0.18    2.76 ^ _29549_/Y (sky130_fd_sc_hd__nor2_2)
   0.11    2.87 v _29550_/Y (sky130_fd_sc_hd__o21bai_1)
   0.17    3.04 ^ _29551_/Y (sky130_fd_sc_hd__a21oi_2)
   0.10    3.14 v _29552_/Y (sky130_fd_sc_hd__o21bai_1)
   0.15    3.29 ^ _29553_/Y (sky130_fd_sc_hd__a21oi_2)
   0.09    3.38 v _29571_/Y (sky130_fd_sc_hd__o21bai_1)
   0.17    3.55 ^ _29572_/Y (sky130_fd_sc_hd__a21oi_2)
   0.14    3.68 ^ _29573_/Y (sky130_fd_sc_hd__xnor2_2)
   0.19    3.87 ^ _29574_/X (sky130_fd_sc_hd__o211a_1)
   0.14    4.01 ^ _29575_/X (sky130_fd_sc_hd__or2_4)
   0.20    4.21 ^ _36452_/X (sky130_fd_sc_hd__and3_4)
   0.07    4.28 v _36453_/Y (sky130_fd_sc_hd__nand2_1)
   0.18    4.46 v _36454_/X (sky130_fd_sc_hd__xor2_1)
   0.33    4.79 v _36456_/X (sky130_fd_sc_hd__a211o_1)
   0.16    4.95 v _36457_/Y (sky130_fd_sc_hd__a21boi_4)
   0.15    5.10 v place2493/X (sky130_fd_sc_hd__buf_12)
   0.12    5.21 ^ _36553_/Y (sky130_fd_sc_hd__nor2_2)
   0.44    5.65 v _53168_/SUM (sky130_fd_sc_hd__fa_1)
   0.47    6.12 v _53087_/SUM (sky130_fd_sc_hd__fa_1)
   0.58    6.70 ^ _52922_/SUM (sky130_fd_sc_hd__fa_1)
   0.46    7.16 v _52959_/SUM (sky130_fd_sc_hd__fa_1)
   0.51    7.68 v _53085_/SUM (sky130_fd_sc_hd__fa_1)
   0.29    7.97 ^ _53382_/SUM (sky130_fd_sc_hd__ha_4)
   0.04    8.01 v _27595_/Y (sky130_fd_sc_hd__inv_1)
   0.16    8.17 ^ _27604_/Y (sky130_fd_sc_hd__o21bai_1)
   0.08    8.26 v _27605_/Y (sky130_fd_sc_hd__a21oi_2)
   0.16    8.42 ^ _27926_/Y (sky130_fd_sc_hd__o21bai_1)
   0.08    8.50 v _27927_/Y (sky130_fd_sc_hd__a21oi_2)
   0.20    8.70 ^ _27928_/Y (sky130_fd_sc_hd__o21bai_1)
   0.09    8.79 v _27929_/Y (sky130_fd_sc_hd__a21oi_2)
   0.17    8.95 ^ _27930_/Y (sky130_fd_sc_hd__o21bai_1)
   0.09    9.05 v _27931_/Y (sky130_fd_sc_hd__a21oi_2)
   0.15    9.19 v place2394/X (sky130_fd_sc_hd__buf_4)
   0.16    9.35 ^ _27934_/Y (sky130_fd_sc_hd__o21ai_4)
   0.16    9.51 ^ _29648_/Y (sky130_fd_sc_hd__xnor2_2)
   0.10    9.60 v _29649_/Y (sky130_fd_sc_hd__inv_2)
   0.15    9.75 v rebuffer3735/X (sky130_fd_sc_hd__buf_4)
   0.57   10.32 ^ _53011_/SUM (sky130_fd_sc_hd__fa_2)
   0.47   10.79 v _53001_/SUM (sky130_fd_sc_hd__fa_1)
   0.52   11.30 ^ _53132_/SUM (sky130_fd_sc_hd__fa_1)
   0.45   11.75 v _53114_/SUM (sky130_fd_sc_hd__fa_1)
   0.48   12.24 v _52937_/SUM (sky130_fd_sc_hd__fa_1)
   0.30   12.54 v _53276_/SUM (sky130_fd_sc_hd__ha_1)
   0.08   12.62 ^ _27428_/Y (sky130_fd_sc_hd__o21ai_1)
   0.15   12.77 v _27429_/Y (sky130_fd_sc_hd__nand2b_1)
   0.23   13.00 ^ _27445_/Y (sky130_fd_sc_hd__a2111oi_4)
   0.19   13.20 v _27446_/Y (sky130_fd_sc_hd__o211ai_1)
   0.30   13.49 ^ _34010_/Y (sky130_fd_sc_hd__a311oi_1)
   0.21   13.71 ^ _34012_/X (sky130_fd_sc_hd__o21ba_2)
   0.09   13.80 v _34013_/Y (sky130_fd_sc_hd__o21bai_4)
   0.18   13.97 ^ _34014_/Y (sky130_fd_sc_hd__a21oi_4)
   0.11   14.09 ^ rebuffer4038/X (sky130_fd_sc_hd__buf_6)
   0.06   14.15 v _34118_/Y (sky130_fd_sc_hd__o21ai_2)
   0.34   14.49 ^ _34122_/Y (sky130_fd_sc_hd__o41ai_2)
   0.27   14.76 ^ _34123_/X (sky130_fd_sc_hd__o21ba_2)
   0.11   14.86 v _34124_/Y (sky130_fd_sc_hd__o21bai_4)
   0.24   15.10 ^ _34125_/X (sky130_fd_sc_hd__xor2_4)
   0.18   15.28 ^ _53205_/COUT (sky130_fd_sc_hd__ha_4)
   0.19   15.47 v _53320_/SUM (sky130_fd_sc_hd__ha_4)
   0.53   16.01 ^ _52974_/SUM (sky130_fd_sc_hd__fa_1)
   0.05   16.06 v _36386_/Y (sky130_fd_sc_hd__inv_1)
   0.52   16.57 ^ _52966_/SUM (sky130_fd_sc_hd__fa_1)
   0.21   16.78 v _53263_/SUM (sky130_fd_sc_hd__ha_4)
   0.18   16.97 v _28542_/X (sky130_fd_sc_hd__a21o_1)
   0.17   17.14 ^ _28543_/Y (sky130_fd_sc_hd__a21oi_2)
   0.10   17.24 v _28546_/Y (sky130_fd_sc_hd__o21ai_1)
   0.44   17.68 v _28547_/X (sky130_fd_sc_hd__a311o_2)
   0.33   18.01 ^ _28548_/Y (sky130_fd_sc_hd__a2111oi_4)
   0.11   18.11 v _28550_/Y (sky130_fd_sc_hd__nor3_2)
   0.23   18.34 ^ _28551_/Y (sky130_fd_sc_hd__xnor2_2)
   0.15   18.49 v _28937_/Y (sky130_fd_sc_hd__nand3_2)
   0.19   18.68 ^ _28939_/Y (sky130_fd_sc_hd__nor3_4)
   0.15   18.83 ^ rebuffer3709/X (sky130_fd_sc_hd__buf_6)
   0.13   18.96 ^ _28941_/Y (sky130_fd_sc_hd__xnor2_4)
   0.06   19.02 v _28942_/Y (sky130_fd_sc_hd__inv_2)
   0.19   19.20 v _53326_/COUT (sky130_fd_sc_hd__ha_2)
   0.16   19.36 v _31071_/X (sky130_fd_sc_hd__and3_4)
   0.07   19.44 ^ _31072_/Y (sky130_fd_sc_hd__o21ai_4)
   0.07   19.50 v _31087_/Y (sky130_fd_sc_hd__nor4b_4)
   0.15   19.66 v rebuffer3711/X (sky130_fd_sc_hd__buf_4)
   0.51   20.16 v _31144_/X (sky130_fd_sc_hd__a2111o_2)
   0.16   20.32 v place2058/X (sky130_fd_sc_hd__buf_6)
   0.12   20.44 v _48258_/X (sky130_fd_sc_hd__o21a_1)
   0.24   20.68 v _48272_/X (sky130_fd_sc_hd__o22a_1)
   0.40   21.08 v _48312_/X (sky130_fd_sc_hd__a221o_1)
   0.23   21.31 ^ _48359_/Y (sky130_fd_sc_hd__o211ai_4)
   0.14   21.45 ^ rebuffer3717/X (sky130_fd_sc_hd__buf_6)
   0.10   21.56 ^ place2029/X (sky130_fd_sc_hd__buf_12)
   0.17   21.73 ^ _48422_/X (sky130_fd_sc_hd__and3_4)
   0.05   21.78 v _48424_/Y (sky130_fd_sc_hd__o31ai_2)
   0.00   21.78 v mul_reduced_q[2]$_DFFE_PN0P_/D (sky130_fd_sc_hd__dfrtp_1)
          21.78   data arrival time

  20.00   20.00   clock clk (rise edge)
   0.00   20.00   clock source latency
   0.00   20.00 ^ clk (in)
   0.26   20.26 ^ clkbuf_0_clk/X (sky130_fd_sc_hd__clkbuf_16)
   0.33   20.59 ^ clkbuf_2_1_0_clk/X (sky130_fd_sc_hd__clkbuf_16)
   0.33   20.92 ^ clkbuf_5_14__f_clk/X (sky130_fd_sc_hd__clkbuf_16)
   0.21   21.12 ^ clkbuf_leaf_332_clk/X (sky130_fd_sc_hd__clkbuf_16)
   0.00   21.13 ^ mul_reduced_q[2]$_DFFE_PN0P_/CLK (sky130_fd_sc_hd__dfrtp_1)
  -0.25   20.88   clock uncertainty
   0.00   20.88   clock reconvergence pessimism
  -0.15   20.72   library setup time
          20.72   data required time
---------------------------------------------------------
          20.72   data required time
         -21.78   data arrival time
---------------------------------------------------------
          -1.06   slack (VIOLATED)



==========================================================================
finish report_checks -path_delay min reg to reg
--------------------------------------------------------------------------
Startpoint: st[10]$_DFF_PN0_ (rising edge-triggered flip-flop clocked by clk)
Endpoint: done$_DFF_PN0_ (rising edge-triggered flip-flop clocked by clk)
Path Group: clk
Path Type: min

  Delay    Time   Description
---------------------------------------------------------
   0.00    0.00   clock clk (rise edge)
   0.00    0.00   clock source latency
   0.00    0.00 ^ clk (in)
   0.26    0.26 ^ clkbuf_0_clk/X (sky130_fd_sc_hd__clkbuf_16)
   0.33    0.59 ^ clkbuf_2_3_0_clk/X (sky130_fd_sc_hd__clkbuf_16)
   0.36    0.95 ^ clkbuf_5_26__f_clk/X (sky130_fd_sc_hd__clkbuf_16)
   0.22    1.16 ^ clkbuf_leaf_270_clk/X (sky130_fd_sc_hd__clkbuf_16)
   0.00    1.17 ^ st[10]$_DFF_PN0_/CLK (sky130_fd_sc_hd__dfrtp_1)
   0.34    1.51 ^ st[10]$_DFF_PN0_/Q (sky130_fd_sc_hd__dfrtp_1)
   0.00    1.51 ^ done$_DFF_PN0_/D (sky130_fd_sc_hd__dfrtp_1)
           1.51   data arrival time

   0.00    0.00   clock clk (rise edge)
   0.00    0.00   clock source latency
   0.00    0.00 ^ clk (in)
   0.26    0.26 ^ clkbuf_0_clk/X (sky130_fd_sc_hd__clkbuf_16)
   0.33    0.59 ^ clkbuf_2_3_0_clk/X (sky130_fd_sc_hd__clkbuf_16)
   0.36    0.95 ^ clkbuf_5_26__f_clk/X (sky130_fd_sc_hd__clkbuf_16)
   0.22    1.16 ^ clkbuf_leaf_270_clk/X (sky130_fd_sc_hd__clkbuf_16)
   0.00    1.17 ^ done$_DFF_PN0_/CLK (sky130_fd_sc_hd__dfrtp_1)
   0.25    1.42   clock uncertainty
   0.00    1.42   clock reconvergence pessimism
  -0.04    1.38   library hold time
           1.38   data required time
---------------------------------------------------------
           1.38   data required time
          -1.51   data arrival time
---------------------------------------------------------
           0.13   slack (MET)



==========================================================================
finish critical path target clock latency max path
--------------------------------------------------------------------------
1.1002

==========================================================================
finish critical path target clock latency min path
--------------------------------------------------------------------------
1.1653

==========================================================================
finish critical path source clock latency min path
--------------------------------------------------------------------------
0.0000

==========================================================================
finish critical path delay
--------------------------------------------------------------------------
21.7827

==========================================================================
finish critical path slack
--------------------------------------------------------------------------
-1.0580

==========================================================================
finish slack div critical path delay
--------------------------------------------------------------------------
-4.857065

==========================================================================
finish report_power
--------------------------------------------------------------------------
Group                  Internal  Switching    Leakage      Total
                          Power      Power      Power      Power (Watts)
----------------------------------------------------------------
Sequential             9.38e-03   4.32e-05   4.53e-08   9.43e-03  50.2%
Combinational          2.13e-05   2.89e-05   4.69e-08   5.03e-05   0.3%
Clock                  5.19e-03   4.10e-03   7.90e-09   9.29e-03  49.5%
Macro                  0.00e+00   0.00e+00   0.00e+00   0.00e+00   0.0%
Pad                    0.00e+00   0.00e+00   0.00e+00   0.00e+00   0.0%
----------------------------------------------------------------
Total                  1.46e-02   4.17e-03   1.00e-07   1.88e-02 100.0%
                          77.8%      22.2%       0.0%
