Warning 1650: /root/cac_runs/ntt_opt_pipe_w12_20ns/results/sky130hd/cac_ntt_opt_pipe_w12_20ns/base/6_final.spef line 85204, net ANTENNA_6 not found.
Warning 1650: /root/cac_runs/ntt_opt_pipe_w12_20ns/results/sky130hd/cac_ntt_opt_pipe_w12_20ns/base/6_final.spef line 85356, net ANTENNA_6 not found.
Warning 1648: /root/cac_runs/ntt_opt_pipe_w12_20ns/results/sky130hd/cac_ntt_opt_pipe_w12_20ns/base/6_final.spef line 112504, instance ANTENNA_3:DIODE not found.
Warning 1650: /root/cac_runs/ntt_opt_pipe_w12_20ns/results/sky130hd/cac_ntt_opt_pipe_w12_20ns/base/6_final.spef line 112509, net ANTENNA_3 not found.
Warning 1650: /root/cac_runs/ntt_opt_pipe_w12_20ns/results/sky130hd/cac_ntt_opt_pipe_w12_20ns/base/6_final.spef line 112516, net ANTENNA_3 not found.
Warning 1650: /root/cac_runs/ntt_opt_pipe_w12_20ns/results/sky130hd/cac_ntt_opt_pipe_w12_20ns/base/6_final.spef line 112517, net ANTENNA_3 not found.
Warning 1650: /root/cac_runs/ntt_opt_pipe_w12_20ns/results/sky130hd/cac_ntt_opt_pipe_w12_20ns/base/6_final.spef line 112518, net ANTENNA_3 not found.
Warning 1650: /root/cac_runs/ntt_opt_pipe_w12_20ns/results/sky130hd/cac_ntt_opt_pipe_w12_20ns/base/6_final.spef line 112519, net ANTENNA_3 not found.
Warning 1650: /root/cac_runs/ntt_opt_pipe_w12_20ns/results/sky130hd/cac_ntt_opt_pipe_w12_20ns/base/6_final.spef line 112520, net ANTENNA_3 not found.
Warning 1650: /root/cac_runs/ntt_opt_pipe_w12_20ns/results/sky130hd/cac_ntt_opt_pipe_w12_20ns/base/6_final.spef line 112521, net ANTENNA_3 not found.
Warning 1650: /root/cac_runs/ntt_opt_pipe_w12_20ns/results/sky130hd/cac_ntt_opt_pipe_w12_20ns/base/6_final.spef line 112522, net ANTENNA_3 not found.
Warning 1650: /root/cac_runs/ntt_opt_pipe_w12_20ns/results/sky130hd/cac_ntt_opt_pipe_w12_20ns/base/6_final.spef line 112523, net ANTENNA_3 not found.
Warning 1650: /root/cac_runs/ntt_opt_pipe_w12_20ns/results/sky130hd/cac_ntt_opt_pipe_w12_20ns/base/6_final.spef line 112524, net ANTENNA_3 not found.
Warning 1650: /root/cac_runs/ntt_opt_pipe_w12_20ns/results/sky130hd/cac_ntt_opt_pipe_w12_20ns/base/6_final.spef line 112525, net ANTENNA_3 not found.
Warning 1650: /root/cac_runs/ntt_opt_pipe_w12_20ns/results/sky130hd/cac_ntt_opt_pipe_w12_20ns/base/6_final.spef line 112526, net ANTENNA_3 not found.
Warning 1650: /root/cac_runs/ntt_opt_pipe_w12_20ns/results/sky130hd/cac_ntt_opt_pipe_w12_20ns/base/6_final.spef line 112527, net ANTENNA_3 not found.
Warning 1650: /root/cac_runs/ntt_opt_pipe_w12_20ns/results/sky130hd/cac_ntt_opt_pipe_w12_20ns/base/6_final.spef line 112528, net ANTENNA_3 not found.
Warning 1650: /root/cac_runs/ntt_opt_pipe_w12_20ns/results/sky130hd/cac_ntt_opt_pipe_w12_20ns/base/6_final.spef line 112574, net ANTENNA_3 not found.
Warning 1650: /root/cac_runs/ntt_opt_pipe_w12_20ns/results/sky130hd/cac_ntt_opt_pipe_w12_20ns/base/6_final.spef line 112575, net ANTENNA_3 not found.
Warning 1650: /root/cac_runs/ntt_opt_pipe_w12_20ns/results/sky130hd/cac_ntt_opt_pipe_w12_20ns/base/6_final.spef line 215070, net ANTENNA_3 not found.
Warning 1650: /root/cac_runs/ntt_opt_pipe_w12_20ns/results/sky130hd/cac_ntt_opt_pipe_w12_20ns/base/6_final.spef line 217476, net ANTENNA_6 not found.
Warning 1650: /root/cac_runs/ntt_opt_pipe_w12_20ns/results/sky130hd/cac_ntt_opt_pipe_w12_20ns/base/6_final.spef line 223266, net ANTENNA_3 not found.
Warning 1648: /root/cac_runs/ntt_opt_pipe_w12_20ns/results/sky130hd/cac_ntt_opt_pipe_w12_20ns/base/6_final.spef line 241178, instance ANTENNA_8:DIODE not found.
Warning 1650: /root/cac_runs/ntt_opt_pipe_w12_20ns/results/sky130hd/cac_ntt_opt_pipe_w12_20ns/base/6_final.spef line 241183, net ANTENNA_8 not found.
Warning 1650: /root/cac_runs/ntt_opt_pipe_w12_20ns/results/sky130hd/cac_ntt_opt_pipe_w12_20ns/base/6_final.spef line 241218, net ANTENNA_8 not found.
Warning 1648: /root/cac_runs/ntt_opt_pipe_w12_20ns/results/sky130hd/cac_ntt_opt_pipe_w12_20ns/base/6_final.spef line 275507, instance ANTENNA_2:DIODE not found.
Warning 1648: /root/cac_runs/ntt_opt_pipe_w12_20ns/results/sky130hd/cac_ntt_opt_pipe_w12_20ns/base/6_final.spef line 275509, instance ANTENNA_1:DIODE not found.
Warning 1650: /root/cac_runs/ntt_opt_pipe_w12_20ns/results/sky130hd/cac_ntt_opt_pipe_w12_20ns/base/6_final.spef line 275513, net ANTENNA_2 not found.
Warning 1650: /root/cac_runs/ntt_opt_pipe_w12_20ns/results/sky130hd/cac_ntt_opt_pipe_w12_20ns/base/6_final.spef line 275515, net ANTENNA_1 not found.
Warning 1650: /root/cac_runs/ntt_opt_pipe_w12_20ns/results/sky130hd/cac_ntt_opt_pipe_w12_20ns/base/6_final.spef line 275574, net ANTENNA_1 not found.
Warning 1650: /root/cac_runs/ntt_opt_pipe_w12_20ns/results/sky130hd/cac_ntt_opt_pipe_w12_20ns/base/6_final.spef line 275577, net ANTENNA_2 not found.
Warning 1650: /root/cac_runs/ntt_opt_pipe_w12_20ns/results/sky130hd/cac_ntt_opt_pipe_w12_20ns/base/6_final.spef line 276628, net ANTENNA_3 not found.
Warning 1650: /root/cac_runs/ntt_opt_pipe_w12_20ns/results/sky130hd/cac_ntt_opt_pipe_w12_20ns/base/6_final.spef line 311240, net ANTENNA_3 not found.
Warning 1650: /root/cac_runs/ntt_opt_pipe_w12_20ns/results/sky130hd/cac_ntt_opt_pipe_w12_20ns/base/6_final.spef line 311241, net ANTENNA_3 not found.
Warning 1650: /root/cac_runs/ntt_opt_pipe_w12_20ns/results/sky130hd/cac_ntt_opt_pipe_w12_20ns/base/6_final.spef line 326422, net ANTENNA_9 not found.
Warning 1648: /root/cac_runs/ntt_opt_pipe_w12_20ns/results/sky130hd/cac_ntt_opt_pipe_w12_20ns/base/6_final.spef line 331804, instance ANTENNA_9:DIODE not found.
Warning 1650: /root/cac_runs/ntt_opt_pipe_w12_20ns/results/sky130hd/cac_ntt_opt_pipe_w12_20ns/base/6_final.spef line 331812, net ANTENNA_9 not found.
Warning 1650: /root/cac_runs/ntt_opt_pipe_w12_20ns/results/sky130hd/cac_ntt_opt_pipe_w12_20ns/base/6_final.spef line 331832, net ANTENNA_9 not found.
Warning 1650: /root/cac_runs/ntt_opt_pipe_w12_20ns/results/sky130hd/cac_ntt_opt_pipe_w12_20ns/base/6_final.spef line 331833, net ANTENNA_9 not found.
Warning 1650: /root/cac_runs/ntt_opt_pipe_w12_20ns/results/sky130hd/cac_ntt_opt_pipe_w12_20ns/base/6_final.spef line 332010, net ANTENNA_9 not found.
Warning 1650: /root/cac_runs/ntt_opt_pipe_w12_20ns/results/sky130hd/cac_ntt_opt_pipe_w12_20ns/base/6_final.spef line 333004, net ANTENNA_3 not found.
Warning 1650: /root/cac_runs/ntt_opt_pipe_w12_20ns/results/sky130hd/cac_ntt_opt_pipe_w12_20ns/base/6_final.spef line 333210, net ANTENNA_3 not found.
Warning 1650: /root/cac_runs/ntt_opt_pipe_w12_20ns/results/sky130hd/cac_ntt_opt_pipe_w12_20ns/base/6_final.spef line 333370, net ANTENNA_3 not found.
Warning 1648: /root/cac_runs/ntt_opt_pipe_w12_20ns/results/sky130hd/cac_ntt_opt_pipe_w12_20ns/base/6_final.spef line 360482, instance ANTENNA_5:DIODE not found.
Warning 1650: /root/cac_runs/ntt_opt_pipe_w12_20ns/results/sky130hd/cac_ntt_opt_pipe_w12_20ns/base/6_final.spef line 360487, net ANTENNA_5 not found.
Warning 1650: /root/cac_runs/ntt_opt_pipe_w12_20ns/results/sky130hd/cac_ntt_opt_pipe_w12_20ns/base/6_final.spef line 360602, net ANTENNA_5 not found.
Warning 1650: /root/cac_runs/ntt_opt_pipe_w12_20ns/results/sky130hd/cac_ntt_opt_pipe_w12_20ns/base/6_final.spef line 360618, net ANTENNA_5 not found.
Warning 1648: /root/cac_runs/ntt_opt_pipe_w12_20ns/results/sky130hd/cac_ntt_opt_pipe_w12_20ns/base/6_final.spef line 360812, instance ANTENNA_4:DIODE not found.
Warning 1650: /root/cac_runs/ntt_opt_pipe_w12_20ns/results/sky130hd/cac_ntt_opt_pipe_w12_20ns/base/6_final.spef line 360817, net ANTENNA_4 not found.
Warning 1650: /root/cac_runs/ntt_opt_pipe_w12_20ns/results/sky130hd/cac_ntt_opt_pipe_w12_20ns/base/6_final.spef line 360920, net ANTENNA_4 not found.
Warning 1650: /root/cac_runs/ntt_opt_pipe_w12_20ns/results/sky130hd/cac_ntt_opt_pipe_w12_20ns/base/6_final.spef line 365796, net ANTENNA_5 not found.
Warning 1648: /root/cac_runs/ntt_opt_pipe_w12_20ns/results/sky130hd/cac_ntt_opt_pipe_w12_20ns/base/6_final.spef line 368071, instance ANTENNA_6:DIODE not found.
Warning 1648: /root/cac_runs/ntt_opt_pipe_w12_20ns/results/sky130hd/cac_ntt_opt_pipe_w12_20ns/base/6_final.spef line 368084, instance ANTENNA_7:DIODE not found.
Warning 1650: /root/cac_runs/ntt_opt_pipe_w12_20ns/results/sky130hd/cac_ntt_opt_pipe_w12_20ns/base/6_final.spef line 368090, net ANTENNA_6 not found.
Warning 1650: /root/cac_runs/ntt_opt_pipe_w12_20ns/results/sky130hd/cac_ntt_opt_pipe_w12_20ns/base/6_final.spef line 368103, net ANTENNA_7 not found.
Warning 1650: /root/cac_runs/ntt_opt_pipe_w12_20ns/results/sky130hd/cac_ntt_opt_pipe_w12_20ns/base/6_final.spef line 368168, net ANTENNA_6 not found.
Warning 1650: /root/cac_runs/ntt_opt_pipe_w12_20ns/results/sky130hd/cac_ntt_opt_pipe_w12_20ns/base/6_final.spef line 368484, net ANTENNA_6 not found.
Warning 1650: /root/cac_runs/ntt_opt_pipe_w12_20ns/results/sky130hd/cac_ntt_opt_pipe_w12_20ns/base/6_final.spef line 368487, net ANTENNA_6 not found.
Warning 1650: /root/cac_runs/ntt_opt_pipe_w12_20ns/results/sky130hd/cac_ntt_opt_pipe_w12_20ns/base/6_final.spef line 368730, net ANTENNA_7 not found.
Warning 1650: /root/cac_runs/ntt_opt_pipe_w12_20ns/results/sky130hd/cac_ntt_opt_pipe_w12_20ns/base/6_final.spef line 368779, net ANTENNA_6 not found.
Warning 1650: /root/cac_runs/ntt_opt_pipe_w12_20ns/results/sky130hd/cac_ntt_opt_pipe_w12_20ns/base/6_final.spef line 369276, net ANTENNA_3 not found.
Warning 1650: /root/cac_runs/ntt_opt_pipe_w12_20ns/results/sky130hd/cac_ntt_opt_pipe_w12_20ns/base/6_final.spef line 414287, net ANTENNA_3 not found.
Warning 1650: /root/cac_runs/ntt_opt_pipe_w12_20ns/results/sky130hd/cac_ntt_opt_pipe_w12_20ns/base/6_final.spef line 452242, net ANTENNA_3 not found.
Warning 1650: /root/cac_runs/ntt_opt_pipe_w12_20ns/results/sky130hd/cac_ntt_opt_pipe_w12_20ns/base/6_final.spef line 478151, net ANTENNA_3 not found.
Warning 1650: /root/cac_runs/ntt_opt_pipe_w12_20ns/results/sky130hd/cac_ntt_opt_pipe_w12_20ns/base/6_final.spef line 511275, net ANTENNA_9 not found.
Warning 1650: /root/cac_runs/ntt_opt_pipe_w12_20ns/results/sky130hd/cac_ntt_opt_pipe_w12_20ns/base/6_final.spef line 543665, net ANTENNA_3 not found.
RESULT setup_wns 11.905
RESULT hold_wns -0.008
max_delay/setup group clk

                                     Required  Actual
Endpoint                               Delay   Delay   Slack
------------------------------------------------------------
mul_reduced_q[1]$_DFFE_PN0P_/D (sky130_fd_sc_hd__dfrtp_1)   20.37    7.83   12.54 (MET)

min_delay/hold group clk

                                     Required  Actual
Endpoint                               Delay   Delay   Slack
------------------------------------------------------------
done$_DFF_PN0_/D (sky130_fd_sc_hd__dfrtp_1)    0.86    0.86   -0.01 (VIOLATED)

