
==========================================================================
floorplan final report_tns
--------------------------------------------------------------------------
tns max 0.00

==========================================================================
floorplan final report_wns
--------------------------------------------------------------------------
wns max 0.00

==========================================================================
floorplan final report_worst_slack
--------------------------------------------------------------------------
worst slack max 7.95

==========================================================================
floorplan final report_clock_min_period
--------------------------------------------------------------------------
clk period_min = 22.05 fmax = 45.36

==========================================================================
floorplan final report_checks -path_delay min
--------------------------------------------------------------------------
Startpoint: st[12]$_DFF_PN0_ (rising edge-triggered flip-flop clocked by clk)
Endpoint: done$_DFF_PN0_ (rising edge-triggered flip-flop clocked by clk)
Path Group: clk
Path Type: min

Fanout     Cap    Slew   Delay    Time   Description
-----------------------------------------------------------------------------
                  0.00    0.00    0.00   clock clk (rise edge)
                          0.00    0.00   clock network delay (ideal)
                  0.00    0.00    0.00 ^ st[12]$_DFF_PN0_/CLK (sky130_fd_sc_hd__dfrtp_1)
     2    0.00    0.05    0.30    0.30 ^ st[12]$_DFF_PN0_/Q (sky130_fd_sc_hd__dfrtp_1)
                                         st[12] (net)
                  0.05    0.00    0.30 ^ done$_DFF_PN0_/D (sky130_fd_sc_hd__dfrtp_1)
                                  0.30   data arrival time

                  0.00    0.00    0.00   clock clk (rise edge)
                          0.00    0.00   clock network delay (ideal)
                          0.25    0.25   clock uncertainty
                          0.00    0.25   clock reconvergence pessimism
                                  0.25 ^ done$_DFF_PN0_/CLK (sky130_fd_sc_hd__dfrtp_1)
                         -0.04    0.21   library hold time
                                  0.21   data required time
-----------------------------------------------------------------------------
                                  0.21   data required time
                                 -0.30   data arrival time
-----------------------------------------------------------------------------
                                  0.10   slack (MET)



==========================================================================
floorplan final report_checks -path_delay max
--------------------------------------------------------------------------
Startpoint: coeff_a_q[1]$_DFFE_PN0P_
            (rising edge-triggered flip-flop clocked by clk)
Endpoint: mul_reduced_q[2]$_DFFE_PN0P_
          (rising edge-triggered flip-flop clocked by clk)
Path Group: clk
Path Type: max

Fanout     Cap    Slew   Delay    Time   Description
-----------------------------------------------------------------------------
                  0.00    0.00    0.00   clock clk (rise edge)
                          0.00    0.00   clock network delay (ideal)
                  0.00    0.00    0.00 ^ coeff_a_q[1]$_DFFE_PN0P_/CLK (sky130_fd_sc_hd__dfrtp_1)
     6    0.02    0.13    0.43    0.43 v coeff_a_q[1]$_DFFE_PN0P_/Q (sky130_fd_sc_hd__dfrtp_1)
                                         coeff_a_q[1] (net)
                  0.13    0.00    0.43 v _13427_/A (sky130_fd_sc_hd__ha_1)
     2    0.00    0.06    0.32    0.76 ^ _13427_/SUM (sky130_fd_sc_hd__ha_1)
                                         _00477_ (net)
                  0.06    0.00    0.76 ^ _07505_/A (sky130_fd_sc_hd__inv_1)
     1    0.00    0.02    0.04    0.79 v _07505_/Y (sky130_fd_sc_hd__inv_1)
                                         _00430_ (net)
                  0.02    0.00    0.79 v _13611_/B (sky130_fd_sc_hd__ha_1)
     2    0.01    0.07    0.20    0.99 v _13611_/COUT (sky130_fd_sc_hd__ha_1)
                                         _00193_ (net)
                  0.07    0.00    0.99 v _13164_/A (sky130_fd_sc_hd__fa_1)
     2    0.01    0.09    0.45    1.44 v _13164_/COUT (sky130_fd_sc_hd__fa_1)
                                         _00195_ (net)
                  0.09    0.00    1.44 v _07673_/A1 (sky130_fd_sc_hd__a21oi_1)
     1    0.00    0.10    0.13    1.57 ^ _07673_/Y (sky130_fd_sc_hd__a21oi_1)
                                         _02567_ (net)
                  0.10    0.00    1.57 ^ _07674_/B (sky130_fd_sc_hd__nor2_1)
     1    0.00    0.03    0.05    1.62 v _07674_/Y (sky130_fd_sc_hd__nor2_1)
                                         _02568_ (net)
                  0.03    0.00    1.62 v _07675_/B (sky130_fd_sc_hd__nor2_1)
     2    0.01    0.15    0.13    1.75 ^ _07675_/Y (sky130_fd_sc_hd__nor2_1)
                                         _02569_ (net)
                  0.15    0.00    1.75 ^ _07686_/B (sky130_fd_sc_hd__xnor2_1)
     2    0.01    0.07    0.11    1.85 v _07686_/Y (sky130_fd_sc_hd__xnor2_1)
                                         _02580_ (net)
                  0.07    0.00    1.85 v _07689_/A (sky130_fd_sc_hd__nor3_1)
     2    0.00    0.16    0.19    2.04 ^ _07689_/Y (sky130_fd_sc_hd__nor3_1)
                                         _02583_ (net)
                  0.16    0.00    2.04 ^ _07690_/B_N (sky130_fd_sc_hd__nor2b_1)
     2    0.00    0.11    0.16    2.21 ^ _07690_/Y (sky130_fd_sc_hd__nor2b_1)
                                         _02584_ (net)
                  0.11    0.00    2.21 ^ _07691_/B_N (sky130_fd_sc_hd__nor2b_1)
     4    0.01    0.21    0.23    2.43 ^ _07691_/Y (sky130_fd_sc_hd__nor2b_1)
                                         _02585_ (net)
                  0.21    0.00    2.43 ^ _07692_/B (sky130_fd_sc_hd__nand2_1)
     1    0.00    0.07    0.07    2.51 v _07692_/Y (sky130_fd_sc_hd__nand2_1)
                                         _02586_ (net)
                  0.07    0.00    2.51 v _07693_/B1 (sky130_fd_sc_hd__a21oi_1)
     1    0.00    0.10    0.11    2.62 ^ _07693_/Y (sky130_fd_sc_hd__a21oi_1)
                                         _02587_ (net)
                  0.10    0.00    2.62 ^ _07694_/B (sky130_fd_sc_hd__nor2_1)
     1    0.00    0.06    0.05    2.67 v _07694_/Y (sky130_fd_sc_hd__nor2_1)
                                         _02588_ (net)
                  0.06    0.00    2.67 v _07700_/A2 (sky130_fd_sc_hd__o211a_1)
     3    0.01    0.05    0.22    2.89 v _07700_/X (sky130_fd_sc_hd__o211a_1)
                                         _02594_ (net)
                  0.05    0.00    2.89 v _07701_/B (sky130_fd_sc_hd__or2_2)
     2    0.00    0.06    0.27    3.16 v _07701_/X (sky130_fd_sc_hd__or2_2)
                                         _02595_ (net)
                  0.06    0.00    3.16 v _07702_/A (sky130_fd_sc_hd__clkbuf_1)
    10    0.02    0.14    0.19    3.34 v _07702_/X (sky130_fd_sc_hd__clkbuf_1)
                                         _02596_ (net)
                  0.14    0.00    3.34 v _07877_/B (sky130_fd_sc_hd__nor2_1)
     1    0.00    0.08    0.11    3.46 ^ _07877_/Y (sky130_fd_sc_hd__nor2_1)
                                         _02677_ (net)
                  0.08    0.00    3.46 ^ _07878_/B1 (sky130_fd_sc_hd__a21oi_1)
     1    0.00    0.07    0.04    3.50 v _07878_/Y (sky130_fd_sc_hd__a21oi_1)
                                         _02678_ (net)
                  0.07    0.00    3.50 v _07880_/A2 (sky130_fd_sc_hd__a211oi_1)
     5    0.01    0.46    0.44    3.94 ^ _07880_/Y (sky130_fd_sc_hd__a211oi_1)
                                         _02680_ (net)
                  0.46    0.00    3.94 ^ _07881_/B1 (sky130_fd_sc_hd__a21o_1)
     8    0.02    0.18    0.23    4.17 ^ _07881_/X (sky130_fd_sc_hd__a21o_1)
                                         _02681_ (net)
                  0.18    0.00    4.17 ^ _07952_/A (sky130_fd_sc_hd__nor2_1)
     1    0.01    0.06    0.09    4.27 v _07952_/Y (sky130_fd_sc_hd__nor2_1)
                                         _00206_ (net)
                  0.06    0.00    4.27 v _13201_/A (sky130_fd_sc_hd__fa_1)
     1    0.00    0.08    0.47    4.73 v _13201_/SUM (sky130_fd_sc_hd__fa_1)
                                         _06884_ (net)
                  0.08    0.00    4.73 v _13291_/B (sky130_fd_sc_hd__ha_1)
     1    0.00    0.05    0.20    4.93 v _13291_/COUT (sky130_fd_sc_hd__ha_1)
                                         _06831_ (net)
                  0.05    0.00    4.93 v _13165_/CIN (sky130_fd_sc_hd__fa_1)
     1    0.00    0.07    0.49    5.42 ^ _13165_/SUM (sky130_fd_sc_hd__fa_1)
                                         _06600_ (net)
                  0.07    0.00    5.42 ^ _13066_/CIN (sky130_fd_sc_hd__fa_1)
     1    0.01    0.09    0.43    5.85 v _13066_/SUM (sky130_fd_sc_hd__fa_1)
                                         _06602_ (net)
                  0.09    0.00    5.85 v _13094_/B (sky130_fd_sc_hd__fa_1)
     1    0.00    0.08    0.46    6.31 v _13094_/SUM (sky130_fd_sc_hd__fa_1)
                                         _06675_ (net)
                  0.08    0.00    6.31 v _13502_/B (sky130_fd_sc_hd__ha_1)
     1    0.00    0.05    0.27    6.58 v _13502_/SUM (sky130_fd_sc_hd__ha_1)
                                         _00595_ (net)
                  0.05    0.00    6.58 v _07111_/A (sky130_fd_sc_hd__inv_1)
     3    0.01    0.09    0.09    6.67 ^ _07111_/Y (sky130_fd_sc_hd__inv_1)
                                         _02077_ (net)
                  0.09    0.00    6.67 ^ _07465_/A (sky130_fd_sc_hd__nor2_1)
     1    0.00    0.03    0.05    6.72 v _07465_/Y (sky130_fd_sc_hd__nor2_1)
                                         _02398_ (net)
                  0.03    0.00    6.72 v _07466_/B (sky130_fd_sc_hd__nor2_1)
     2    0.01    0.15    0.13    6.85 ^ _07466_/Y (sky130_fd_sc_hd__nor2_1)
                                         _02399_ (net)
                  0.15    0.00    6.85 ^ _07467_/A2 (sky130_fd_sc_hd__o21bai_1)
     1    0.00    0.05    0.07    6.92 v _07467_/Y (sky130_fd_sc_hd__o21bai_1)
                                         _02400_ (net)
                  0.05    0.00    6.92 v _07468_/A2 (sky130_fd_sc_hd__a21oi_1)
     2    0.01    0.19    0.20    7.12 ^ _07468_/Y (sky130_fd_sc_hd__a21oi_1)
                                         _02401_ (net)
                  0.19    0.00    7.12 ^ _07469_/A2 (sky130_fd_sc_hd__o21bai_1)
     1    0.00    0.05    0.08    7.20 v _07469_/Y (sky130_fd_sc_hd__o21bai_1)
                                         _02402_ (net)
                  0.05    0.00    7.20 v _07470_/A2 (sky130_fd_sc_hd__a21oi_1)
     2    0.01    0.19    0.20    7.40 ^ _07470_/Y (sky130_fd_sc_hd__a21oi_1)
                                         _02403_ (net)
                  0.19    0.00    7.40 ^ _07471_/A2 (sky130_fd_sc_hd__o21bai_1)
     1    0.00    0.05    0.08    7.47 v _07471_/Y (sky130_fd_sc_hd__o21bai_1)
                                         _02404_ (net)
                  0.05    0.00    7.47 v _07472_/A2 (sky130_fd_sc_hd__a21oi_1)
     2    0.01    0.19    0.20    7.67 ^ _07472_/Y (sky130_fd_sc_hd__a21oi_1)
                                         _02405_ (net)
                  0.19    0.00    7.67 ^ _07473_/A2 (sky130_fd_sc_hd__o21bai_1)
     1    0.00    0.05    0.08    7.75 v _07473_/Y (sky130_fd_sc_hd__o21bai_1)
                                         _02406_ (net)
                  0.05    0.00    7.75 v _07474_/A2 (sky130_fd_sc_hd__a21oi_1)
     2    0.01    0.19    0.20    7.95 ^ _07474_/Y (sky130_fd_sc_hd__a21oi_1)
                                         _02407_ (net)
                  0.19    0.00    7.95 ^ _07475_/A2 (sky130_fd_sc_hd__o21bai_1)
     1    0.00    0.05    0.08    8.03 v _07475_/Y (sky130_fd_sc_hd__o21bai_1)
                                         _02408_ (net)
                  0.05    0.00    8.03 v _07476_/A2 (sky130_fd_sc_hd__a21oi_1)
     2    0.01    0.19    0.19    8.22 ^ _07476_/Y (sky130_fd_sc_hd__a21oi_1)
                                         _02409_ (net)
                  0.19    0.00    8.22 ^ _07477_/A (sky130_fd_sc_hd__nor2b_1)
     1    0.00    0.05    0.07    8.29 v _07477_/Y (sky130_fd_sc_hd__nor2b_1)
                                         _02410_ (net)
                  0.05    0.00    8.29 v _07478_/A2 (sky130_fd_sc_hd__o21a_1)
     2    0.00    0.04    0.17    8.46 v _07478_/X (sky130_fd_sc_hd__o21a_1)
                                         _02411_ (net)
                  0.04    0.00    8.46 v _07782_/A4 (sky130_fd_sc_hd__o41a_1)
     2    0.01    0.09    0.34    8.80 v _07782_/X (sky130_fd_sc_hd__o41a_1)
                                         _02612_ (net)
                  0.09    0.00    8.80 v _07783_/B (sky130_fd_sc_hd__xor2_1)
     7    0.03    0.67    0.55    9.36 ^ _07783_/X (sky130_fd_sc_hd__xor2_1)
                                         mul_product[22] (net)
                  0.67    0.00    9.36 ^ _12954_/CIN (sky130_fd_sc_hd__fa_1)
     2    0.01    0.10    0.56    9.92 v _12954_/SUM (sky130_fd_sc_hd__fa_1)
                                         _06235_ (net)
                  0.10    0.00    9.92 v _13071_/CIN (sky130_fd_sc_hd__fa_1)
     1    0.00    0.07    0.51   10.42 ^ _13071_/SUM (sky130_fd_sc_hd__fa_1)
                                         _06364_ (net)
                  0.07    0.00   10.42 ^ _12997_/CIN (sky130_fd_sc_hd__fa_1)
     1    0.00    0.09    0.42   10.84 v _12997_/SUM (sky130_fd_sc_hd__fa_1)
                                         _06366_ (net)
                  0.09    0.00   10.84 v _13186_/CIN (sky130_fd_sc_hd__fa_1)
     1    0.01    0.08    0.51   11.36 ^ _13186_/SUM (sky130_fd_sc_hd__fa_1)
                                         _06421_ (net)
                  0.08    0.00   11.36 ^ _13012_/B (sky130_fd_sc_hd__fa_1)
     1    0.00    0.08    0.42   11.77 v _13012_/SUM (sky130_fd_sc_hd__fa_1)
                                         _06424_ (net)
                  0.08    0.00   11.77 v _13572_/B (sky130_fd_sc_hd__ha_1)
     1    0.00    0.04    0.28   12.05 ^ _13572_/SUM (sky130_fd_sc_hd__ha_1)
                                         _00681_ (net)
                  0.04    0.00   12.05 ^ _07181_/B1 (sky130_fd_sc_hd__o21a_1)
     2    0.00    0.05    0.11   12.16 ^ _07181_/X (sky130_fd_sc_hd__o21a_1)
                                         _02132_ (net)
                  0.05    0.00   12.16 ^ _07182_/C (sky130_fd_sc_hd__and3_1)
     2    0.00    0.07    0.16   12.33 ^ _07182_/X (sky130_fd_sc_hd__and3_1)
                                         _02133_ (net)
                  0.07    0.00   12.33 ^ _07187_/A2 (sky130_fd_sc_hd__a211oi_1)
     1    0.00    0.07    0.07   12.39 v _07187_/Y (sky130_fd_sc_hd__a211oi_1)
                                         _02138_ (net)
                  0.07    0.00   12.39 v _07190_/A (sky130_fd_sc_hd__nor3_1)
     3    0.01    0.25    0.26   12.66 ^ _07190_/Y (sky130_fd_sc_hd__nor3_1)
                                         _02141_ (net)
                  0.25    0.00   12.66 ^ _07194_/A4 (sky130_fd_sc_hd__a41oi_1)
     3    0.00    0.12    0.17   12.82 v _07194_/Y (sky130_fd_sc_hd__a41oi_1)
                                         _02145_ (net)
                  0.12    0.00   12.82 v _07199_/A1 (sky130_fd_sc_hd__a2111oi_0)
     3    0.01    0.63    0.59   13.41 ^ _07199_/Y (sky130_fd_sc_hd__a2111oi_0)
                                         _02150_ (net)
                  0.63    0.00   13.41 ^ _07200_/A2 (sky130_fd_sc_hd__o21a_1)
     3    0.01    0.09    0.21   13.62 ^ _07200_/X (sky130_fd_sc_hd__o21a_1)
                                         _02151_ (net)
                  0.09    0.00   13.62 ^ _07201_/A2 (sky130_fd_sc_hd__o21a_1)
     1    0.00    0.04    0.11   13.73 ^ _07201_/X (sky130_fd_sc_hd__o21a_1)
                                         _02152_ (net)
                  0.04    0.00   13.73 ^ _07202_/B (sky130_fd_sc_hd__nor2_1)
     1    0.00    0.03    0.04   13.77 v _07202_/Y (sky130_fd_sc_hd__nor2_1)
                                         _02153_ (net)
                  0.03    0.00   13.77 v _07203_/B (sky130_fd_sc_hd__xnor2_1)
     4    0.02    0.41    0.34   14.11 ^ _07203_/Y (sky130_fd_sc_hd__xnor2_1)
                                         u_mul_reduce.prod[36] (net)
                  0.41    0.00   14.11 ^ _13323_/B (sky130_fd_sc_hd__ha_1)
     1    0.00    0.05    0.31   14.42 v _13323_/SUM (sky130_fd_sc_hd__ha_1)
                                         _06984_ (net)
                  0.05    0.00   14.42 v _13600_/B (sky130_fd_sc_hd__ha_1)
     1    0.01    0.07    0.29   14.72 v _13600_/SUM (sky130_fd_sc_hd__ha_1)
                                         _06206_ (net)
                  0.07    0.00   14.72 v _12943_/A (sky130_fd_sc_hd__fa_1)
     1    0.00    0.05    0.53   15.25 ^ _12943_/SUM (sky130_fd_sc_hd__fa_1)
                                         _00017_ (net)
                  0.05    0.00   15.25 ^ _07774_/A (sky130_fd_sc_hd__inv_1)
     1    0.01    0.03    0.05   15.29 v _07774_/Y (sky130_fd_sc_hd__inv_1)
                                         _00151_ (net)
                  0.03    0.00   15.29 v _13121_/B (sky130_fd_sc_hd__fa_1)
     1    0.00    0.07    0.38   15.67 v _13121_/COUT (sky130_fd_sc_hd__fa_1)
                                         _06723_ (net)
                  0.07    0.00   15.67 v _13476_/B (sky130_fd_sc_hd__ha_1)
     1    0.00    0.04    0.27   15.94 ^ _13476_/SUM (sky130_fd_sc_hd__ha_1)
                                         _00551_ (net)
                  0.04    0.00   15.94 ^ _07295_/A (sky130_fd_sc_hd__clkbuf_1)
     9    0.02    0.22    0.20   16.14 ^ _07295_/X (sky130_fd_sc_hd__clkbuf_1)
                                         _02237_ (net)
                  0.22    0.00   16.14 ^ _07416_/A_N (sky130_fd_sc_hd__nand2b_1)
     2    0.00    0.07    0.14   16.28 ^ _07416_/Y (sky130_fd_sc_hd__nand2b_1)
                                         _02358_ (net)
                  0.07    0.00   16.28 ^ _07417_/B1_N (sky130_fd_sc_hd__o21ba_2)
     1    0.00    0.04    0.16   16.44 v _07417_/X (sky130_fd_sc_hd__o21ba_2)
                                         _02359_ (net)
                  0.04    0.00   16.44 v _07421_/B1 (sky130_fd_sc_hd__a2111oi_2)
     3    0.01    0.50    0.50   16.95 ^ _07421_/Y (sky130_fd_sc_hd__a2111oi_2)
                                         _02363_ (net)
                  0.50    0.00   16.95 ^ _07425_/B (sky130_fd_sc_hd__nand3b_4)
     6    0.01    0.12    0.14   17.09 v _07425_/Y (sky130_fd_sc_hd__nand3b_4)
                                         _02367_ (net)
                  0.12    0.00   17.09 v _07440_/C1 (sky130_fd_sc_hd__a2111o_1)
     6    0.01    0.11    0.43   17.52 v _07440_/X (sky130_fd_sc_hd__a2111o_1)
                                         _02382_ (net)
                  0.11    0.00   17.52 v _07441_/D (sky130_fd_sc_hd__or4_1)
     1    0.00    0.07    0.40   17.92 v _07441_/X (sky130_fd_sc_hd__or4_1)
                                         _02383_ (net)
                  0.07    0.00   17.92 v _07442_/A (sky130_fd_sc_hd__buf_2)
     6    0.01    0.05    0.16   18.07 v _07442_/X (sky130_fd_sc_hd__buf_2)
                                         _02384_ (net)
                  0.05    0.00   18.07 v _07443_/C (sky130_fd_sc_hd__nor3_2)
     6    0.01    0.28    0.22   18.29 ^ _07443_/Y (sky130_fd_sc_hd__nor3_2)
                                         _02385_ (net)
                  0.28    0.00   18.29 ^ _07444_/A (sky130_fd_sc_hd__buf_2)
    10    0.03    0.14    0.24   18.53 ^ _07444_/X (sky130_fd_sc_hd__buf_2)
                                         _02386_ (net)
                  0.14    0.00   18.53 ^ _07445_/B (sky130_fd_sc_hd__xnor2_1)
     3    0.01    0.10    0.12   18.65 v _07445_/Y (sky130_fd_sc_hd__xnor2_1)
                                         u_mul_reduce.r1[0] (net)
                  0.10    0.00   18.65 v _07742_/A (sky130_fd_sc_hd__inv_1)
     1    0.00    0.05    0.07   18.73 ^ _07742_/Y (sky130_fd_sc_hd__inv_1)
                                         _00287_ (net)
                  0.05    0.00   18.73 ^ _13253_/A (sky130_fd_sc_hd__ha_1)
     3    0.01    0.09    0.17   18.89 ^ _13253_/COUT (sky130_fd_sc_hd__ha_1)
                                         _00289_ (net)
                  0.09    0.00   18.89 ^ _11821_/A (sky130_fd_sc_hd__inv_1)
     2    0.01    0.04    0.06   18.95 v _11821_/Y (sky130_fd_sc_hd__inv_1)
                                         _01304_ (net)
                  0.04    0.00   18.95 v _11823_/A1 (sky130_fd_sc_hd__o32ai_1)
     6    0.01    0.54    0.50   19.46 ^ _11823_/Y (sky130_fd_sc_hd__o32ai_1)
                                         _01306_ (net)
                  0.54    0.00   19.46 ^ _11826_/C1 (sky130_fd_sc_hd__o2111ai_1)
     7    0.02    0.29    0.35   19.81 v _11826_/Y (sky130_fd_sc_hd__o2111ai_1)
                                         _01309_ (net)
                  0.29    0.00   19.81 v _11904_/A2 (sky130_fd_sc_hd__a21o_1)
     5    0.01    0.07    0.29   20.10 v _11904_/X (sky130_fd_sc_hd__a21o_1)
                                         _01387_ (net)
                  0.07    0.00   20.10 v _11949_/B1 (sky130_fd_sc_hd__o21ai_0)
     1    0.00    0.10    0.06   20.17 ^ _11949_/Y (sky130_fd_sc_hd__o21ai_0)
                                         _01432_ (net)
                  0.10    0.00   20.17 ^ _11950_/D_N (sky130_fd_sc_hd__or4b_2)
     1    0.00    0.09    0.57   20.74 v _11950_/X (sky130_fd_sc_hd__or4b_2)
                                         _01433_ (net)
                  0.09    0.00   20.74 v _11963_/A_N (sky130_fd_sc_hd__nand4bb_1)
     1    0.01    0.13    0.23   20.97 v _11963_/Y (sky130_fd_sc_hd__nand4bb_1)
                                         _01446_ (net)
                  0.13    0.00   20.97 v _11964_/D1 (sky130_fd_sc_hd__a2111oi_4)
     3    0.01    0.29    0.25   21.22 ^ _11964_/Y (sky130_fd_sc_hd__a2111oi_4)
                                         _01447_ (net)
                  0.29    0.00   21.22 ^ _11965_/A (sky130_fd_sc_hd__buf_6)
    10    0.03    0.08    0.18   21.40 ^ _11965_/X (sky130_fd_sc_hd__buf_6)
                                         _01448_ (net)
                  0.08    0.00   21.40 ^ _12030_/S (sky130_fd_sc_hd__mux2i_1)
     1    0.00    0.15    0.20   21.60 ^ _12030_/Y (sky130_fd_sc_hd__mux2i_1)
                                         _01505_ (net)
                  0.15    0.00   21.60 ^ _12032_/B1 (sky130_fd_sc_hd__a211oi_2)
     1    0.00    0.07    0.06   21.66 v _12032_/Y (sky130_fd_sc_hd__a211oi_2)
                                         _00800_ (net)
                  0.07    0.00   21.66 v mul_reduced_q[2]$_DFFE_PN0P_/D (sky130_fd_sc_hd__dfrtp_1)
                                 21.66   data arrival time

                  0.00   30.00   30.00   clock clk (rise edge)
                          0.00   30.00   clock network delay (ideal)
                         -0.25   29.75   clock uncertainty
                          0.00   29.75   clock reconvergence pessimism
                                 29.75 ^ mul_reduced_q[2]$_DFFE_PN0P_/CLK (sky130_fd_sc_hd__dfrtp_1)
                         -0.14   29.61   library setup time
                                 29.61   data required time
-----------------------------------------------------------------------------
                                 29.61   data required time
                                -21.66   data arrival time
-----------------------------------------------------------------------------
                                  7.95   slack (MET)



==========================================================================
floorplan final report_checks -unconstrained
--------------------------------------------------------------------------
Startpoint: coeff_a_q[1]$_DFFE_PN0P_
            (rising edge-triggered flip-flop clocked by clk)
Endpoint: mul_reduced_q[2]$_DFFE_PN0P_
          (rising edge-triggered flip-flop clocked by clk)
Path Group: clk
Path Type: max

Fanout     Cap    Slew   Delay    Time   Description
-----------------------------------------------------------------------------
                  0.00    0.00    0.00   clock clk (rise edge)
                          0.00    0.00   clock network delay (ideal)
                  0.00    0.00    0.00 ^ coeff_a_q[1]$_DFFE_PN0P_/CLK (sky130_fd_sc_hd__dfrtp_1)
     6    0.02    0.13    0.43    0.43 v coeff_a_q[1]$_DFFE_PN0P_/Q (sky130_fd_sc_hd__dfrtp_1)
                                         coeff_a_q[1] (net)
                  0.13    0.00    0.43 v _13427_/A (sky130_fd_sc_hd__ha_1)
     2    0.00    0.06    0.32    0.76 ^ _13427_/SUM (sky130_fd_sc_hd__ha_1)
                                         _00477_ (net)
                  0.06    0.00    0.76 ^ _07505_/A (sky130_fd_sc_hd__inv_1)
     1    0.00    0.02    0.04    0.79 v _07505_/Y (sky130_fd_sc_hd__inv_1)
                                         _00430_ (net)
                  0.02    0.00    0.79 v _13611_/B (sky130_fd_sc_hd__ha_1)
     2    0.01    0.07    0.20    0.99 v _13611_/COUT (sky130_fd_sc_hd__ha_1)
                                         _00193_ (net)
                  0.07    0.00    0.99 v _13164_/A (sky130_fd_sc_hd__fa_1)
     2    0.01    0.09    0.45    1.44 v _13164_/COUT (sky130_fd_sc_hd__fa_1)
                                         _00195_ (net)
                  0.09    0.00    1.44 v _07673_/A1 (sky130_fd_sc_hd__a21oi_1)
     1    0.00    0.10    0.13    1.57 ^ _07673_/Y (sky130_fd_sc_hd__a21oi_1)
                                         _02567_ (net)
                  0.10    0.00    1.57 ^ _07674_/B (sky130_fd_sc_hd__nor2_1)
     1    0.00    0.03    0.05    1.62 v _07674_/Y (sky130_fd_sc_hd__nor2_1)
                                         _02568_ (net)
                  0.03    0.00    1.62 v _07675_/B (sky130_fd_sc_hd__nor2_1)
     2    0.01    0.15    0.13    1.75 ^ _07675_/Y (sky130_fd_sc_hd__nor2_1)
                                         _02569_ (net)
                  0.15    0.00    1.75 ^ _07686_/B (sky130_fd_sc_hd__xnor2_1)
     2    0.01    0.07    0.11    1.85 v _07686_/Y (sky130_fd_sc_hd__xnor2_1)
                                         _02580_ (net)
                  0.07    0.00    1.85 v _07689_/A (sky130_fd_sc_hd__nor3_1)
     2    0.00    0.16    0.19    2.04 ^ _07689_/Y (sky130_fd_sc_hd__nor3_1)
                                         _02583_ (net)
                  0.16    0.00    2.04 ^ _07690_/B_N (sky130_fd_sc_hd__nor2b_1)
     2    0.00    0.11    0.16    2.21 ^ _07690_/Y (sky130_fd_sc_hd__nor2b_1)
                                         _02584_ (net)
                  0.11    0.00    2.21 ^ _07691_/B_N (sky130_fd_sc_hd__nor2b_1)
     4    0.01    0.21    0.23    2.43 ^ _07691_/Y (sky130_fd_sc_hd__nor2b_1)
                                         _02585_ (net)
                  0.21    0.00    2.43 ^ _07692_/B (sky130_fd_sc_hd__nand2_1)
     1    0.00    0.07    0.07    2.51 v _07692_/Y (sky130_fd_sc_hd__nand2_1)
                                         _02586_ (net)
                  0.07    0.00    2.51 v _07693_/B1 (sky130_fd_sc_hd__a21oi_1)
     1    0.00    0.10    0.11    2.62 ^ _07693_/Y (sky130_fd_sc_hd__a21oi_1)
                                         _02587_ (net)
                  0.10    0.00    2.62 ^ _07694_/B (sky130_fd_sc_hd__nor2_1)
     1    0.00    0.06    0.05    2.67 v _07694_/Y (sky130_fd_sc_hd__nor2_1)
                                         _02588_ (net)
                  0.06    0.00    2.67 v _07700_/A2 (sky130_fd_sc_hd__o211a_1)
     3    0.01    0.05    0.22    2.89 v _07700_/X (sky130_fd_sc_hd__o211a_1)
                                         _02594_ (net)
                  0.05    0.00    2.89 v _07701_/B (sky130_fd_sc_hd__or2_2)
     2    0.00    0.06    0.27    3.16 v _07701_/X (sky130_fd_sc_hd__or2_2)
                                         _02595_ (net)
                  0.06    0.00    3.16 v _07702_/A (sky130_fd_sc_hd__clkbuf_1)
    10    0.02    0.14    0.19    3.34 v _07702_/X (sky130_fd_sc_hd__clkbuf_1)
                                         _02596_ (net)
                  0.14    0.00    3.34 v _07877_/B (sky130_fd_sc_hd__nor2_1)
     1    0.00    0.08    0.11    3.46 ^ _07877_/Y (sky130_fd_sc_hd__nor2_1)
                                         _02677_ (net)
                  0.08    0.00    3.46 ^ _07878_/B1 (sky130_fd_sc_hd__a21oi_1)
     1    0.00    0.07    0.04    3.50 v _07878_/Y (sky130_fd_sc_hd__a21oi_1)
                                         _02678_ (net)
                  0.07    0.00    3.50 v _07880_/A2 (sky130_fd_sc_hd__a211oi_1)
     5    0.01    0.46    0.44    3.94 ^ _07880_/Y (sky130_fd_sc_hd__a211oi_1)
                                         _02680_ (net)
                  0.46    0.00    3.94 ^ _07881_/B1 (sky130_fd_sc_hd__a21o_1)
     8    0.02    0.18    0.23    4.17 ^ _07881_/X (sky130_fd_sc_hd__a21o_1)
                                         _02681_ (net)
                  0.18    0.00    4.17 ^ _07952_/A (sky130_fd_sc_hd__nor2_1)
     1    0.01    0.06    0.09    4.27 v _07952_/Y (sky130_fd_sc_hd__nor2_1)
                                         _00206_ (net)
                  0.06    0.00    4.27 v _13201_/A (sky130_fd_sc_hd__fa_1)
     1    0.00    0.08    0.47    4.73 v _13201_/SUM (sky130_fd_sc_hd__fa_1)
                                         _06884_ (net)
                  0.08    0.00    4.73 v _13291_/B (sky130_fd_sc_hd__ha_1)
     1    0.00    0.05    0.20    4.93 v _13291_/COUT (sky130_fd_sc_hd__ha_1)
                                         _06831_ (net)
                  0.05    0.00    4.93 v _13165_/CIN (sky130_fd_sc_hd__fa_1)
     1    0.00    0.07    0.49    5.42 ^ _13165_/SUM (sky130_fd_sc_hd__fa_1)
                                         _06600_ (net)
                  0.07    0.00    5.42 ^ _13066_/CIN (sky130_fd_sc_hd__fa_1)
     1    0.01    0.09    0.43    5.85 v _13066_/SUM (sky130_fd_sc_hd__fa_1)
                                         _06602_ (net)
                  0.09    0.00    5.85 v _13094_/B (sky130_fd_sc_hd__fa_1)
     1    0.00    0.08    0.46    6.31 v _13094_/SUM (sky130_fd_sc_hd__fa_1)
                                         _06675_ (net)
                  0.08    0.00    6.31 v _13502_/B (sky130_fd_sc_hd__ha_1)
     1    0.00    0.05    0.27    6.58 v _13502_/SUM (sky130_fd_sc_hd__ha_1)
                                         _00595_ (net)
                  0.05    0.00    6.58 v _07111_/A (sky130_fd_sc_hd__inv_1)
     3    0.01    0.09    0.09    6.67 ^ _07111_/Y (sky130_fd_sc_hd__inv_1)
                                         _02077_ (net)
                  0.09    0.00    6.67 ^ _07465_/A (sky130_fd_sc_hd__nor2_1)
     1    0.00    0.03    0.05    6.72 v _07465_/Y (sky130_fd_sc_hd__nor2_1)
                                         _02398_ (net)
                  0.03    0.00    6.72 v _07466_/B (sky130_fd_sc_hd__nor2_1)
     2    0.01    0.15    0.13    6.85 ^ _07466_/Y (sky130_fd_sc_hd__nor2_1)
                                         _02399_ (net)
                  0.15    0.00    6.85 ^ _07467_/A2 (sky130_fd_sc_hd__o21bai_1)
     1    0.00    0.05    0.07    6.92 v _07467_/Y (sky130_fd_sc_hd__o21bai_1)
                                         _02400_ (net)
                  0.05    0.00    6.92 v _07468_/A2 (sky130_fd_sc_hd__a21oi_1)
     2    0.01    0.19    0.20    7.12 ^ _07468_/Y (sky130_fd_sc_hd__a21oi_1)
                                         _02401_ (net)
                  0.19    0.00    7.12 ^ _07469_/A2 (sky130_fd_sc_hd__o21bai_1)
     1    0.00    0.05    0.08    7.20 v _07469_/Y (sky130_fd_sc_hd__o21bai_1)
                                         _02402_ (net)
                  0.05    0.00    7.20 v _07470_/A2 (sky130_fd_sc_hd__a21oi_1)
     2    0.01    0.19    0.20    7.40 ^ _07470_/Y (sky130_fd_sc_hd__a21oi_1)
                                         _02403_ (net)
                  0.19    0.00    7.40 ^ _07471_/A2 (sky130_fd_sc_hd__o21bai_1)
     1    0.00    0.05    0.08    7.47 v _07471_/Y (sky130_fd_sc_hd__o21bai_1)
                                         _02404_ (net)
                  0.05    0.00    7.47 v _07472_/A2 (sky130_fd_sc_hd__a21oi_1)
     2    0.01    0.19    0.20    7.67 ^ _07472_/Y (sky130_fd_sc_hd__a21oi_1)
                                         _02405_ (net)
                  0.19    0.00    7.67 ^ _07473_/A2 (sky130_fd_sc_hd__o21bai_1)
     1    0.00    0.05    0.08    7.75 v _07473_/Y (sky130_fd_sc_hd__o21bai_1)
                                         _02406_ (net)
                  0.05    0.00    7.75 v _07474_/A2 (sky130_fd_sc_hd__a21oi_1)
     2    0.01    0.19    0.20    7.95 ^ _07474_/Y (sky130_fd_sc_hd__a21oi_1)
                                         _02407_ (net)
                  0.19    0.00    7.95 ^ _07475_/A2 (sky130_fd_sc_hd__o21bai_1)
     1    0.00    0.05    0.08    8.03 v _07475_/Y (sky130_fd_sc_hd__o21bai_1)
                                         _02408_ (net)
                  0.05    0.00    8.03 v _07476_/A2 (sky130_fd_sc_hd__a21oi_1)
     2    0.01    0.19    0.19    8.22 ^ _07476_/Y (sky130_fd_sc_hd__a21oi_1)
                                         _02409_ (net)
                  0.19    0.00    8.22 ^ _07477_/A (sky130_fd_sc_hd__nor2b_1)
     1    0.00    0.05    0.07    8.29 v _07477_/Y (sky130_fd_sc_hd__nor2b_1)
                                         _02410_ (net)
                  0.05    0.00    8.29 v _07478_/A2 (sky130_fd_sc_hd__o21a_1)
     2    0.00    0.04    0.17    8.46 v _07478_/X (sky130_fd_sc_hd__o21a_1)
                                         _02411_ (net)
                  0.04    0.00    8.46 v _07782_/A4 (sky130_fd_sc_hd__o41a_1)
     2    0.01    0.09    0.34    8.80 v _07782_/X (sky130_fd_sc_hd__o41a_1)
                                         _02612_ (net)
                  0.09    0.00    8.80 v _07783_/B (sky130_fd_sc_hd__xor2_1)
     7    0.03    0.67    0.55    9.36 ^ _07783_/X (sky130_fd_sc_hd__xor2_1)
                                         mul_product[22] (net)
                  0.67    0.00    9.36 ^ _12954_/CIN (sky130_fd_sc_hd__fa_1)
     2    0.01    0.10    0.56    9.92 v _12954_/SUM (sky130_fd_sc_hd__fa_1)
                                         _06235_ (net)
                  0.10    0.00    9.92 v _13071_/CIN (sky130_fd_sc_hd__fa_1)
     1    0.00    0.07    0.51   10.42 ^ _13071_/SUM (sky130_fd_sc_hd__fa_1)
                                         _06364_ (net)
                  0.07    0.00   10.42 ^ _12997_/CIN (sky130_fd_sc_hd__fa_1)
     1    0.00    0.09    0.42   10.84 v _12997_/SUM (sky130_fd_sc_hd__fa_1)
                                         _06366_ (net)
                  0.09    0.00   10.84 v _13186_/CIN (sky130_fd_sc_hd__fa_1)
     1    0.01    0.08    0.51   11.36 ^ _13186_/SUM (sky130_fd_sc_hd__fa_1)
                                         _06421_ (net)
                  0.08    0.00   11.36 ^ _13012_/B (sky130_fd_sc_hd__fa_1)
     1    0.00    0.08    0.42   11.77 v _13012_/SUM (sky130_fd_sc_hd__fa_1)
                                         _06424_ (net)
                  0.08    0.00   11.77 v _13572_/B (sky130_fd_sc_hd__ha_1)
     1    0.00    0.04    0.28   12.05 ^ _13572_/SUM (sky130_fd_sc_hd__ha_1)
                                         _00681_ (net)
                  0.04    0.00   12.05 ^ _07181_/B1 (sky130_fd_sc_hd__o21a_1)
     2    0.00    0.05    0.11   12.16 ^ _07181_/X (sky130_fd_sc_hd__o21a_1)
                                         _02132_ (net)
                  0.05    0.00   12.16 ^ _07182_/C (sky130_fd_sc_hd__and3_1)
     2    0.00    0.07    0.16   12.33 ^ _07182_/X (sky130_fd_sc_hd__and3_1)
                                         _02133_ (net)
                  0.07    0.00   12.33 ^ _07187_/A2 (sky130_fd_sc_hd__a211oi_1)
     1    0.00    0.07    0.07   12.39 v _07187_/Y (sky130_fd_sc_hd__a211oi_1)
                                         _02138_ (net)
                  0.07    0.00   12.39 v _07190_/A (sky130_fd_sc_hd__nor3_1)
     3    0.01    0.25    0.26   12.66 ^ _07190_/Y (sky130_fd_sc_hd__nor3_1)
                                         _02141_ (net)
                  0.25    0.00   12.66 ^ _07194_/A4 (sky130_fd_sc_hd__a41oi_1)
     3    0.00    0.12    0.17   12.82 v _07194_/Y (sky130_fd_sc_hd__a41oi_1)
                                         _02145_ (net)
                  0.12    0.00   12.82 v _07199_/A1 (sky130_fd_sc_hd__a2111oi_0)
     3    0.01    0.63    0.59   13.41 ^ _07199_/Y (sky130_fd_sc_hd__a2111oi_0)
                                         _02150_ (net)
                  0.63    0.00   13.41 ^ _07200_/A2 (sky130_fd_sc_hd__o21a_1)
     3    0.01    0.09    0.21   13.62 ^ _07200_/X (sky130_fd_sc_hd__o21a_1)
                                         _02151_ (net)
                  0.09    0.00   13.62 ^ _07201_/A2 (sky130_fd_sc_hd__o21a_1)
     1    0.00    0.04    0.11   13.73 ^ _07201_/X (sky130_fd_sc_hd__o21a_1)
                                         _02152_ (net)
                  0.04    0.00   13.73 ^ _07202_/B (sky130_fd_sc_hd__nor2_1)
     1    0.00    0.03    0.04   13.77 v _07202_/Y (sky130_fd_sc_hd__nor2_1)
                                         _02153_ (net)
                  0.03    0.00   13.77 v _07203_/B (sky130_fd_sc_hd__xnor2_1)
     4    0.02    0.41    0.34   14.11 ^ _07203_/Y (sky130_fd_sc_hd__xnor2_1)
                                         u_mul_reduce.prod[36] (net)
                  0.41    0.00   14.11 ^ _13323_/B (sky130_fd_sc_hd__ha_1)
     1    0.00    0.05    0.31   14.42 v _13323_/SUM (sky130_fd_sc_hd__ha_1)
                                         _06984_ (net)
                  0.05    0.00   14.42 v _13600_/B (sky130_fd_sc_hd__ha_1)
     1    0.01    0.07    0.29   14.72 v _13600_/SUM (sky130_fd_sc_hd__ha_1)
                                         _06206_ (net)
                  0.07    0.00   14.72 v _12943_/A (sky130_fd_sc_hd__fa_1)
     1    0.00    0.05    0.53   15.25 ^ _12943_/SUM (sky130_fd_sc_hd__fa_1)
                                         _00017_ (net)
                  0.05    0.00   15.25 ^ _07774_/A (sky130_fd_sc_hd__inv_1)
     1    0.01    0.03    0.05   15.29 v _07774_/Y (sky130_fd_sc_hd__inv_1)
                                         _00151_ (net)
                  0.03    0.00   15.29 v _13121_/B (sky130_fd_sc_hd__fa_1)
     1    0.00    0.07    0.38   15.67 v _13121_/COUT (sky130_fd_sc_hd__fa_1)
                                         _06723_ (net)
                  0.07    0.00   15.67 v _13476_/B (sky130_fd_sc_hd__ha_1)
     1    0.00    0.04    0.27   15.94 ^ _13476_/SUM (sky130_fd_sc_hd__ha_1)
                                         _00551_ (net)
                  0.04    0.00   15.94 ^ _07295_/A (sky130_fd_sc_hd__clkbuf_1)
     9    0.02    0.22    0.20   16.14 ^ _07295_/X (sky130_fd_sc_hd__clkbuf_1)
                                         _02237_ (net)
                  0.22    0.00   16.14 ^ _07416_/A_N (sky130_fd_sc_hd__nand2b_1)
     2    0.00    0.07    0.14   16.28 ^ _07416_/Y (sky130_fd_sc_hd__nand2b_1)
                                         _02358_ (net)
                  0.07    0.00   16.28 ^ _07417_/B1_N (sky130_fd_sc_hd__o21ba_2)
     1    0.00    0.04    0.16   16.44 v _07417_/X (sky130_fd_sc_hd__o21ba_2)
                                         _02359_ (net)
                  0.04    0.00   16.44 v _07421_/B1 (sky130_fd_sc_hd__a2111oi_2)
     3    0.01    0.50    0.50   16.95 ^ _07421_/Y (sky130_fd_sc_hd__a2111oi_2)
                                         _02363_ (net)
                  0.50    0.00   16.95 ^ _07425_/B (sky130_fd_sc_hd__nand3b_4)
     6    0.01    0.12    0.14   17.09 v _07425_/Y (sky130_fd_sc_hd__nand3b_4)
                                         _02367_ (net)
                  0.12    0.00   17.09 v _07440_/C1 (sky130_fd_sc_hd__a2111o_1)
     6    0.01    0.11    0.43   17.52 v _07440_/X (sky130_fd_sc_hd__a2111o_1)
                                         _02382_ (net)
                  0.11    0.00   17.52 v _07441_/D (sky130_fd_sc_hd__or4_1)
     1    0.00    0.07    0.40   17.92 v _07441_/X (sky130_fd_sc_hd__or4_1)
                                         _02383_ (net)
                  0.07    0.00   17.92 v _07442_/A (sky130_fd_sc_hd__buf_2)
     6    0.01    0.05    0.16   18.07 v _07442_/X (sky130_fd_sc_hd__buf_2)
                                         _02384_ (net)
                  0.05    0.00   18.07 v _07443_/C (sky130_fd_sc_hd__nor3_2)
     6    0.01    0.28    0.22   18.29 ^ _07443_/Y (sky130_fd_sc_hd__nor3_2)
                                         _02385_ (net)
                  0.28    0.00   18.29 ^ _07444_/A (sky130_fd_sc_hd__buf_2)
    10    0.03    0.14    0.24   18.53 ^ _07444_/X (sky130_fd_sc_hd__buf_2)
                                         _02386_ (net)
                  0.14    0.00   18.53 ^ _07445_/B (sky130_fd_sc_hd__xnor2_1)
     3    0.01    0.10    0.12   18.65 v _07445_/Y (sky130_fd_sc_hd__xnor2_1)
                                         u_mul_reduce.r1[0] (net)
                  0.10    0.00   18.65 v _07742_/A (sky130_fd_sc_hd__inv_1)
     1    0.00    0.05    0.07   18.73 ^ _07742_/Y (sky130_fd_sc_hd__inv_1)
                                         _00287_ (net)
                  0.05    0.00   18.73 ^ _13253_/A (sky130_fd_sc_hd__ha_1)
     3    0.01    0.09    0.17   18.89 ^ _13253_/COUT (sky130_fd_sc_hd__ha_1)
                                         _00289_ (net)
                  0.09    0.00   18.89 ^ _11821_/A (sky130_fd_sc_hd__inv_1)
     2    0.01    0.04    0.06   18.95 v _11821_/Y (sky130_fd_sc_hd__inv_1)
                                         _01304_ (net)
                  0.04    0.00   18.95 v _11823_/A1 (sky130_fd_sc_hd__o32ai_1)
     6    0.01    0.54    0.50   19.46 ^ _11823_/Y (sky130_fd_sc_hd__o32ai_1)
                                         _01306_ (net)
                  0.54    0.00   19.46 ^ _11826_/C1 (sky130_fd_sc_hd__o2111ai_1)
     7    0.02    0.29    0.35   19.81 v _11826_/Y (sky130_fd_sc_hd__o2111ai_1)
                                         _01309_ (net)
                  0.29    0.00   19.81 v _11904_/A2 (sky130_fd_sc_hd__a21o_1)
     5    0.01    0.07    0.29   20.10 v _11904_/X (sky130_fd_sc_hd__a21o_1)
                                         _01387_ (net)
                  0.07    0.00   20.10 v _11949_/B1 (sky130_fd_sc_hd__o21ai_0)
     1    0.00    0.10    0.06   20.17 ^ _11949_/Y (sky130_fd_sc_hd__o21ai_0)
                                         _01432_ (net)
                  0.10    0.00   20.17 ^ _11950_/D_N (sky130_fd_sc_hd__or4b_2)
     1    0.00    0.09    0.57   20.74 v _11950_/X (sky130_fd_sc_hd__or4b_2)
                                         _01433_ (net)
                  0.09    0.00   20.74 v _11963_/A_N (sky130_fd_sc_hd__nand4bb_1)
     1    0.01    0.13    0.23   20.97 v _11963_/Y (sky130_fd_sc_hd__nand4bb_1)
                                         _01446_ (net)
                  0.13    0.00   20.97 v _11964_/D1 (sky130_fd_sc_hd__a2111oi_4)
     3    0.01    0.29    0.25   21.22 ^ _11964_/Y (sky130_fd_sc_hd__a2111oi_4)
                                         _01447_ (net)
                  0.29    0.00   21.22 ^ _11965_/A (sky130_fd_sc_hd__buf_6)
    10    0.03    0.08    0.18   21.40 ^ _11965_/X (sky130_fd_sc_hd__buf_6)
                                         _01448_ (net)
                  0.08    0.00   21.40 ^ _12030_/S (sky130_fd_sc_hd__mux2i_1)
     1    0.00    0.15    0.20   21.60 ^ _12030_/Y (sky130_fd_sc_hd__mux2i_1)
                                         _01505_ (net)
                  0.15    0.00   21.60 ^ _12032_/B1 (sky130_fd_sc_hd__a211oi_2)
     1    0.00    0.07    0.06   21.66 v _12032_/Y (sky130_fd_sc_hd__a211oi_2)
                                         _00800_ (net)
                  0.07    0.00   21.66 v mul_reduced_q[2]$_DFFE_PN0P_/D (sky130_fd_sc_hd__dfrtp_1)
                                 21.66   data arrival time

                  0.00   30.00   30.00   clock clk (rise edge)
                          0.00   30.00   clock network delay (ideal)
                         -0.25   29.75   clock uncertainty
                          0.00   29.75   clock reconvergence pessimism
                                 29.75 ^ mul_reduced_q[2]$_DFFE_PN0P_/CLK (sky130_fd_sc_hd__dfrtp_1)
                         -0.14   29.61   library setup time
                                 29.61   data required time
-----------------------------------------------------------------------------
                                 29.61   data required time
                                -21.66   data arrival time
-----------------------------------------------------------------------------
                                  7.95   slack (MET)



==========================================================================
floorplan final report_power
--------------------------------------------------------------------------
Group                  Internal  Switching    Leakage      Total
                          Power      Power      Power      Power (Watts)
----------------------------------------------------------------
Sequential             6.71e-03   0.00e+00   3.89e-08   6.71e-03  99.3%
Combinational          1.77e-06   4.31e-05   2.19e-08   4.49e-05   0.7%
Clock                  0.00e+00   0.00e+00   0.00e+00   0.00e+00   0.0%
Macro                  0.00e+00   0.00e+00   0.00e+00   0.00e+00   0.0%
Pad                    0.00e+00   0.00e+00   0.00e+00   0.00e+00   0.0%
----------------------------------------------------------------
Total                  6.71e-03   4.31e-05   6.09e-08   6.75e-03 100.0%
                          99.4%       0.6%       0.0%
