
==========================================================================
detailed place report_tns
--------------------------------------------------------------------------
tns max 0.00

==========================================================================
detailed place report_wns
--------------------------------------------------------------------------
wns max 0.00

==========================================================================
detailed place report_worst_slack
--------------------------------------------------------------------------
worst slack max 4.07

==========================================================================
detailed place report_clock_min_period
--------------------------------------------------------------------------
clk period_min = 25.93 fmax = 38.56

==========================================================================
detailed place report_checks -path_delay min
--------------------------------------------------------------------------
Startpoint: st[6]$_DFF_PN0_ (rising edge-triggered flip-flop clocked by clk)
Endpoint: st[13]$_DFF_PN0_ (rising edge-triggered flip-flop clocked by clk)
Path Group: clk
Path Type: min

Fanout     Cap    Slew   Delay    Time   Description
-----------------------------------------------------------------------------
                  0.00    0.00    0.00   clock clk (rise edge)
                          0.00    0.00   clock network delay (ideal)
                  0.00    0.00    0.00 ^ st[6]$_DFF_PN0_/CLK (sky130_fd_sc_hd__dfrtp_1)
     2    0.01    0.07    0.32    0.32 ^ st[6]$_DFF_PN0_/Q (sky130_fd_sc_hd__dfrtp_1)
                                         st[6] (net)
                  0.07    0.00    0.32 ^ st[13]$_DFF_PN0_/D (sky130_fd_sc_hd__dfrtp_1)
                                  0.32   data arrival time

                  0.00    0.00    0.00   clock clk (rise edge)
                          0.00    0.00   clock network delay (ideal)
                          0.25    0.25   clock uncertainty
                          0.00    0.25   clock reconvergence pessimism
                                  0.25 ^ st[13]$_DFF_PN0_/CLK (sky130_fd_sc_hd__dfrtp_1)
                         -0.05    0.20   library hold time
                                  0.20   data required time
-----------------------------------------------------------------------------
                                  0.20   data required time
                                 -0.32   data arrival time
-----------------------------------------------------------------------------
                                  0.12   slack (MET)



==========================================================================
detailed place report_checks -path_delay max
--------------------------------------------------------------------------
Startpoint: coeff_a_q[1]$_DFFE_PN0P_
            (rising edge-triggered flip-flop clocked by clk)
Endpoint: mul_reduced_q[2]$_DFFE_PN0P_
          (rising edge-triggered flip-flop clocked by clk)
Path Group: clk
Path Type: max

Fanout     Cap    Slew   Delay    Time   Description
-----------------------------------------------------------------------------
                  0.00    0.00    0.00   clock clk (rise edge)
                          0.00    0.00   clock network delay (ideal)
                  0.00    0.00    0.00 ^ coeff_a_q[1]$_DFFE_PN0P_/CLK (sky130_fd_sc_hd__dfrtp_1)
     6    0.03    0.16    0.45    0.45 v coeff_a_q[1]$_DFFE_PN0P_/Q (sky130_fd_sc_hd__dfrtp_1)
                                         coeff_a_q[1] (net)
                  0.16    0.00    0.45 v _13427_/A (sky130_fd_sc_hd__ha_1)
     2    0.01    0.07    0.34    0.80 ^ _13427_/SUM (sky130_fd_sc_hd__ha_1)
                                         _00477_ (net)
                  0.07    0.00    0.80 ^ _07505_/A (sky130_fd_sc_hd__inv_1)
     1    0.00    0.03    0.05    0.84 v _07505_/Y (sky130_fd_sc_hd__inv_1)
                                         _00430_ (net)
                  0.03    0.00    0.84 v _13611_/B (sky130_fd_sc_hd__ha_1)
     2    0.01    0.07    0.20    1.04 v _13611_/COUT (sky130_fd_sc_hd__ha_1)
                                         _00193_ (net)
                  0.07    0.00    1.04 v _13164_/A (sky130_fd_sc_hd__fa_1)
     2    0.01    0.09    0.45    1.50 v _13164_/COUT (sky130_fd_sc_hd__fa_1)
                                         _00195_ (net)
                  0.09    0.00    1.50 v _07673_/A1 (sky130_fd_sc_hd__a21oi_1)
     1    0.00    0.13    0.15    1.65 ^ _07673_/Y (sky130_fd_sc_hd__a21oi_1)
                                         _02567_ (net)
                  0.13    0.00    1.65 ^ _07674_/B (sky130_fd_sc_hd__nor2_1)
     1    0.00    0.04    0.05    1.71 v _07674_/Y (sky130_fd_sc_hd__nor2_1)
                                         _02568_ (net)
                  0.04    0.00    1.71 v _07675_/B (sky130_fd_sc_hd__nor2_1)
     2    0.01    0.18    0.15    1.86 ^ _07675_/Y (sky130_fd_sc_hd__nor2_1)
                                         _02569_ (net)
                  0.18    0.00    1.86 ^ _07686_/B (sky130_fd_sc_hd__xnor2_1)
     2    0.01    0.09    0.12    1.98 v _07686_/Y (sky130_fd_sc_hd__xnor2_1)
                                         _02580_ (net)
                  0.09    0.00    1.98 v _07689_/A (sky130_fd_sc_hd__nor3_1)
     2    0.01    0.21    0.24    2.22 ^ _07689_/Y (sky130_fd_sc_hd__nor3_1)
                                         _02583_ (net)
                  0.21    0.00    2.22 ^ _07690_/B_N (sky130_fd_sc_hd__nor2b_1)
     2    0.00    0.11    0.18    2.41 ^ _07690_/Y (sky130_fd_sc_hd__nor2b_1)
                                         _02584_ (net)
                  0.11    0.00    2.41 ^ _07691_/B_N (sky130_fd_sc_hd__nor2b_1)
     4    0.01    0.22    0.25    2.65 ^ _07691_/Y (sky130_fd_sc_hd__nor2b_1)
                                         _02585_ (net)
                  0.22    0.00    2.65 ^ _07692_/B (sky130_fd_sc_hd__nand2_1)
     1    0.00    0.09    0.08    2.74 v _07692_/Y (sky130_fd_sc_hd__nand2_1)
                                         _02586_ (net)
                  0.09    0.00    2.74 v _07693_/B1 (sky130_fd_sc_hd__a21oi_1)
     1    0.00    0.14    0.15    2.89 ^ _07693_/Y (sky130_fd_sc_hd__a21oi_1)
                                         _02587_ (net)
                  0.14    0.00    2.89 ^ _07694_/B (sky130_fd_sc_hd__nor2_1)
     1    0.00    0.08    0.07    2.95 v _07694_/Y (sky130_fd_sc_hd__nor2_1)
                                         _02588_ (net)
                  0.08    0.00    2.95 v _07700_/A2 (sky130_fd_sc_hd__o211a_1)
     3    0.01    0.06    0.23    3.19 v _07700_/X (sky130_fd_sc_hd__o211a_1)
                                         _02594_ (net)
                  0.06    0.00    3.19 v _07701_/B (sky130_fd_sc_hd__or2_2)
    11    0.04    0.13    0.38    3.57 v _07701_/X (sky130_fd_sc_hd__or2_2)
                                         _02595_ (net)
                  0.13    0.00    3.57 v _07703_/B (sky130_fd_sc_hd__xnor2_1)
     1    0.00    0.05    0.15    3.73 v _07703_/Y (sky130_fd_sc_hd__xnor2_1)
                                         _02597_ (net)
                  0.05    0.00    3.73 v _07705_/A1 (sky130_fd_sc_hd__mux2i_1)
     2    0.01    0.27    0.25    3.98 ^ _07705_/Y (sky130_fd_sc_hd__mux2i_1)
                                         _02599_ (net)
                  0.27    0.00    3.98 ^ _07706_/B (sky130_fd_sc_hd__nor2_1)
     4    0.01    0.12    0.12    4.09 v _07706_/Y (sky130_fd_sc_hd__nor2_1)
                                         _02600_ (net)
                  0.12    0.00    4.09 v _07707_/B1 (sky130_fd_sc_hd__a21oi_1)
     9    0.04    0.89    0.72    4.81 ^ _07707_/Y (sky130_fd_sc_hd__a21oi_1)
                                         _02601_ (net)
                  0.89    0.00    4.81 ^ _07953_/A (sky130_fd_sc_hd__nor2_1)
     1    0.01    0.18    0.17    4.98 v _07953_/Y (sky130_fd_sc_hd__nor2_1)
                                         _00144_ (net)
                  0.18    0.00    4.98 v _13116_/A (sky130_fd_sc_hd__fa_1)
     1    0.01    0.08    0.47    5.45 v _13116_/COUT (sky130_fd_sc_hd__fa_1)
                                         _06712_ (net)
                  0.08    0.00    5.45 v _13291_/A (sky130_fd_sc_hd__ha_1)
     1    0.01    0.05    0.22    5.67 v _13291_/COUT (sky130_fd_sc_hd__ha_1)
                                         _06831_ (net)
                  0.05    0.00    5.67 v _13165_/CIN (sky130_fd_sc_hd__fa_1)
     1    0.01    0.09    0.51    6.18 ^ _13165_/SUM (sky130_fd_sc_hd__fa_1)
                                         _06600_ (net)
                  0.09    0.00    6.18 ^ _13066_/CIN (sky130_fd_sc_hd__fa_1)
     1    0.01    0.10    0.45    6.63 v _13066_/SUM (sky130_fd_sc_hd__fa_1)
                                         _06602_ (net)
                  0.10    0.00    6.63 v _13094_/B (sky130_fd_sc_hd__fa_1)
     1    0.00    0.09    0.48    7.11 v _13094_/SUM (sky130_fd_sc_hd__fa_1)
                                         _06675_ (net)
                  0.09    0.00    7.11 v _13502_/B (sky130_fd_sc_hd__ha_1)
     1    0.00    0.05    0.28    7.39 v _13502_/SUM (sky130_fd_sc_hd__ha_1)
                                         _00595_ (net)
                  0.05    0.00    7.39 v _07111_/A (sky130_fd_sc_hd__inv_1)
     3    0.01    0.10    0.10    7.48 ^ _07111_/Y (sky130_fd_sc_hd__inv_1)
                                         _02077_ (net)
                  0.10    0.00    7.48 ^ _07465_/A (sky130_fd_sc_hd__nor2_1)
     1    0.00    0.04    0.06    7.54 v _07465_/Y (sky130_fd_sc_hd__nor2_1)
                                         _02398_ (net)
                  0.04    0.00    7.54 v _07466_/B (sky130_fd_sc_hd__nor2_1)
     2    0.01    0.18    0.16    7.70 ^ _07466_/Y (sky130_fd_sc_hd__nor2_1)
                                         _02399_ (net)
                  0.18    0.00    7.70 ^ _07467_/A2 (sky130_fd_sc_hd__o21bai_1)
     1    0.00    0.06    0.09    7.79 v _07467_/Y (sky130_fd_sc_hd__o21bai_1)
                                         _02400_ (net)
                  0.06    0.00    7.79 v _07468_/A2 (sky130_fd_sc_hd__a21oi_1)
     2    0.01    0.24    0.24    8.03 ^ _07468_/Y (sky130_fd_sc_hd__a21oi_1)
                                         _02401_ (net)
                  0.24    0.00    8.03 ^ _07469_/A2 (sky130_fd_sc_hd__o21bai_1)
     1    0.00    0.07    0.11    8.14 v _07469_/Y (sky130_fd_sc_hd__o21bai_1)
                                         _02402_ (net)
                  0.07    0.00    8.14 v _07470_/A2 (sky130_fd_sc_hd__a21oi_1)
     2    0.01    0.21    0.22    8.36 ^ _07470_/Y (sky130_fd_sc_hd__a21oi_1)
                                         _02403_ (net)
                  0.21    0.00    8.36 ^ _07471_/A2 (sky130_fd_sc_hd__o21bai_1)
     1    0.00    0.06    0.09    8.46 v _07471_/Y (sky130_fd_sc_hd__o21bai_1)
                                         _02404_ (net)
                  0.06    0.00    8.46 v _07472_/A2 (sky130_fd_sc_hd__a21oi_1)
     2    0.01    0.23    0.23    8.69 ^ _07472_/Y (sky130_fd_sc_hd__a21oi_1)
                                         _02405_ (net)
                  0.23    0.00    8.69 ^ _07473_/A2 (sky130_fd_sc_hd__o21bai_1)
     1    0.00    0.06    0.10    8.79 v _07473_/Y (sky130_fd_sc_hd__o21bai_1)
                                         _02406_ (net)
                  0.06    0.00    8.79 v _07474_/A2 (sky130_fd_sc_hd__a21oi_1)
     2    0.01    0.22    0.23    9.02 ^ _07474_/Y (sky130_fd_sc_hd__a21oi_1)
                                         _02407_ (net)
                  0.22    0.00    9.02 ^ _07475_/A2 (sky130_fd_sc_hd__o21bai_1)
     1    0.00    0.05    0.09    9.10 v _07475_/Y (sky130_fd_sc_hd__o21bai_1)
                                         _02408_ (net)
                  0.05    0.00    9.10 v _07476_/A2 (sky130_fd_sc_hd__a21oi_1)
     2    0.01    0.22    0.23    9.33 ^ _07476_/Y (sky130_fd_sc_hd__a21oi_1)
                                         _02409_ (net)
                  0.22    0.00    9.33 ^ _07477_/A (sky130_fd_sc_hd__nor2b_1)
     1    0.00    0.05    0.07    9.40 v _07477_/Y (sky130_fd_sc_hd__nor2b_1)
                                         _02410_ (net)
                  0.05    0.00    9.40 v _07478_/A2 (sky130_fd_sc_hd__o21a_1)
     2    0.01    0.05    0.18    9.58 v _07478_/X (sky130_fd_sc_hd__o21a_1)
                                         _02411_ (net)
                  0.05    0.00    9.58 v _07782_/A4 (sky130_fd_sc_hd__o41a_1)
     2    0.01    0.10    0.35    9.94 v _07782_/X (sky130_fd_sc_hd__o41a_1)
                                         _02612_ (net)
                  0.10    0.00    9.94 v _07783_/B (sky130_fd_sc_hd__xor2_1)
     7    0.05    0.97    0.78   10.71 ^ _07783_/X (sky130_fd_sc_hd__xor2_1)
                                         mul_product[22] (net)
                  0.97    0.00   10.71 ^ _12954_/CIN (sky130_fd_sc_hd__fa_1)
     2    0.01    0.11    0.60   11.31 v _12954_/SUM (sky130_fd_sc_hd__fa_1)
                                         _06235_ (net)
                  0.11    0.00   11.31 v _13071_/CIN (sky130_fd_sc_hd__fa_1)
     1    0.01    0.09    0.53   11.84 ^ _13071_/SUM (sky130_fd_sc_hd__fa_1)
                                         _06364_ (net)
                  0.09    0.00   11.84 ^ _12997_/CIN (sky130_fd_sc_hd__fa_1)
     1    0.00    0.09    0.43   12.27 v _12997_/SUM (sky130_fd_sc_hd__fa_1)
                                         _06366_ (net)
                  0.09    0.00   12.27 v _13186_/CIN (sky130_fd_sc_hd__fa_1)
     1    0.01    0.09    0.52   12.79 ^ _13186_/SUM (sky130_fd_sc_hd__fa_1)
                                         _06421_ (net)
                  0.09    0.00   12.79 ^ _13012_/B (sky130_fd_sc_hd__fa_1)
     1    0.00    0.08    0.42   13.21 v _13012_/SUM (sky130_fd_sc_hd__fa_1)
                                         _06424_ (net)
                  0.08    0.00   13.21 v _13572_/B (sky130_fd_sc_hd__ha_1)
     1    0.00    0.04    0.28   13.49 ^ _13572_/SUM (sky130_fd_sc_hd__ha_1)
                                         _00681_ (net)
                  0.04    0.00   13.49 ^ _07181_/B1 (sky130_fd_sc_hd__o21a_1)
     2    0.01    0.07    0.13   13.62 ^ _07181_/X (sky130_fd_sc_hd__o21a_1)
                                         _02132_ (net)
                  0.07    0.00   13.62 ^ _07182_/C (sky130_fd_sc_hd__and3_1)
     2    0.01    0.08    0.18   13.79 ^ _07182_/X (sky130_fd_sc_hd__and3_1)
                                         _02133_ (net)
                  0.08    0.00   13.79 ^ _07187_/A2 (sky130_fd_sc_hd__a211oi_1)
     1    0.00    0.11    0.08   13.88 v _07187_/Y (sky130_fd_sc_hd__a211oi_1)
                                         _02138_ (net)
                  0.11    0.00   13.88 v _07190_/A (sky130_fd_sc_hd__nor3_1)
     3    0.01    0.30    0.31   14.19 ^ _07190_/Y (sky130_fd_sc_hd__nor3_1)
                                         _02141_ (net)
                  0.30    0.00   14.19 ^ _07194_/A4 (sky130_fd_sc_hd__a41oi_1)
     3    0.01    0.15    0.21   14.40 v _07194_/Y (sky130_fd_sc_hd__a41oi_1)
                                         _02145_ (net)
                  0.15    0.00   14.40 v _07199_/A1 (sky130_fd_sc_hd__a2111oi_0)
     3    0.01    0.79    0.72   15.11 ^ _07199_/Y (sky130_fd_sc_hd__a2111oi_0)
                                         _02150_ (net)
                  0.79    0.00   15.11 ^ _07200_/A2 (sky130_fd_sc_hd__o21a_1)
     3    0.01    0.11    0.23   15.35 ^ _07200_/X (sky130_fd_sc_hd__o21a_1)
                                         _02151_ (net)
                  0.11    0.00   15.35 ^ _07201_/A2 (sky130_fd_sc_hd__o21a_1)
     1    0.00    0.04    0.12   15.46 ^ _07201_/X (sky130_fd_sc_hd__o21a_1)
                                         _02152_ (net)
                  0.04    0.00   15.46 ^ _07202_/B (sky130_fd_sc_hd__nor2_1)
     1    0.01    0.03    0.04   15.51 v _07202_/Y (sky130_fd_sc_hd__nor2_1)
                                         _02153_ (net)
                  0.03    0.00   15.51 v _07203_/B (sky130_fd_sc_hd__xnor2_1)
     4    0.03    0.57    0.46   15.96 ^ _07203_/Y (sky130_fd_sc_hd__xnor2_1)
                                         u_mul_reduce.prod[36] (net)
                  0.57    0.00   15.97 ^ _13323_/B (sky130_fd_sc_hd__ha_1)
     1    0.01    0.06    0.35   16.32 v _13323_/SUM (sky130_fd_sc_hd__ha_1)
                                         _06984_ (net)
                  0.06    0.00   16.32 v _13600_/B (sky130_fd_sc_hd__ha_1)
     1    0.01    0.07    0.30   16.62 v _13600_/SUM (sky130_fd_sc_hd__ha_1)
                                         _06206_ (net)
                  0.07    0.00   16.62 v _12943_/A (sky130_fd_sc_hd__fa_1)
     1    0.00    0.06    0.54   17.16 ^ _12943_/SUM (sky130_fd_sc_hd__fa_1)
                                         _00017_ (net)
                  0.06    0.00   17.16 ^ _07774_/A (sky130_fd_sc_hd__inv_1)
     1    0.01    0.04    0.05   17.21 v _07774_/Y (sky130_fd_sc_hd__inv_1)
                                         _00151_ (net)
                  0.04    0.00   17.21 v _13121_/B (sky130_fd_sc_hd__fa_1)
     1    0.00    0.08    0.45   17.66 v _13121_/SUM (sky130_fd_sc_hd__fa_1)
                                         _06724_ (net)
                  0.08    0.00   17.66 v _13285_/A (sky130_fd_sc_hd__ha_1)
     7    0.03    0.16    0.42   18.09 v _13285_/SUM (sky130_fd_sc_hd__ha_1)
                                         _00315_ (net)
                  0.16    0.00   18.09 v _07299_/B (sky130_fd_sc_hd__and3_1)
     2    0.01    0.05    0.23   18.31 v _07299_/X (sky130_fd_sc_hd__and3_1)
                                         _02241_ (net)
                  0.05    0.00   18.31 v _07310_/A1 (sky130_fd_sc_hd__a21oi_1)
     6    0.02    0.42    0.35   18.67 ^ _07310_/Y (sky130_fd_sc_hd__a21oi_1)
                                         _02252_ (net)
                  0.42    0.00   18.67 ^ _07402_/A2 (sky130_fd_sc_hd__a21oi_1)
     1    0.00    0.09    0.13   18.80 v _07402_/Y (sky130_fd_sc_hd__a21oi_1)
                                         _02344_ (net)
                  0.09    0.00   18.80 v _07405_/B1 (sky130_fd_sc_hd__a311oi_1)
     5    0.02    0.67    0.59   19.39 ^ _07405_/Y (sky130_fd_sc_hd__a311oi_1)
                                         _02347_ (net)
                  0.67    0.00   19.39 ^ _07406_/C (sky130_fd_sc_hd__nand3b_1)
     4    0.02    0.22    0.28   19.67 v _07406_/Y (sky130_fd_sc_hd__nand3b_1)
                                         _02348_ (net)
                  0.22    0.00   19.67 v _07603_/C (sky130_fd_sc_hd__nor4_1)
     4    0.01    0.56    0.55   20.22 ^ _07603_/Y (sky130_fd_sc_hd__nor4_1)
                                         _02502_ (net)
                  0.56    0.00   20.22 ^ _07611_/C (sky130_fd_sc_hd__nand3_1)
    12    0.06    0.56    0.58   20.80 v _07611_/Y (sky130_fd_sc_hd__nand3_1)
                                         _02510_ (net)
                  0.56    0.00   20.80 v _07713_/A2 (sky130_fd_sc_hd__o21ai_0)
     3    0.01    0.43    0.57   21.37 ^ _07713_/Y (sky130_fd_sc_hd__o21ai_0)
                                         _00288_ (net)
                  0.43    0.00   21.37 ^ _13253_/B (sky130_fd_sc_hd__ha_1)
     3    0.01    0.12    0.29   21.66 ^ _13253_/COUT (sky130_fd_sc_hd__ha_1)
                                         _00289_ (net)
                  0.12    0.00   21.66 ^ _11821_/A (sky130_fd_sc_hd__inv_1)
     2    0.01    0.06    0.08   21.74 v _11821_/Y (sky130_fd_sc_hd__inv_1)
                                         _01304_ (net)
                  0.06    0.00   21.74 v _11823_/A1 (sky130_fd_sc_hd__o32ai_1)
     6    0.02    0.75    0.68   22.41 ^ _11823_/Y (sky130_fd_sc_hd__o32ai_1)
                                         _01306_ (net)
                  0.75    0.00   22.41 ^ _11826_/C1 (sky130_fd_sc_hd__o2111ai_1)
     7    0.03    0.43    0.52   22.93 v _11826_/Y (sky130_fd_sc_hd__o2111ai_1)
                                         _01309_ (net)
                  0.43    0.00   22.93 v _11904_/A2 (sky130_fd_sc_hd__a21o_1)
     5    0.01    0.08    0.34   23.28 v _11904_/X (sky130_fd_sc_hd__a21o_1)
                                         _01387_ (net)
                  0.08    0.00   23.28 v _11949_/B1 (sky130_fd_sc_hd__o21ai_0)
     1    0.00    0.15    0.09   23.36 ^ _11949_/Y (sky130_fd_sc_hd__o21ai_0)
                                         _01432_ (net)
                  0.15    0.00   23.36 ^ _11950_/D_N (sky130_fd_sc_hd__or4b_2)
     1    0.00    0.10    0.60   23.96 v _11950_/X (sky130_fd_sc_hd__or4b_2)
                                         _01433_ (net)
                  0.10    0.00   23.96 v _11963_/A_N (sky130_fd_sc_hd__nand4bb_1)
     1    0.01    0.16    0.26   24.22 v _11963_/Y (sky130_fd_sc_hd__nand4bb_1)
                                         _01446_ (net)
                  0.16    0.00   24.22 v _11964_/D1 (sky130_fd_sc_hd__a2111oi_4)
    21    0.08    1.14    0.92   25.14 ^ _11964_/Y (sky130_fd_sc_hd__a2111oi_4)
                                         _01447_ (net)
                  1.14    0.00   25.14 ^ _12030_/S (sky130_fd_sc_hd__mux2i_1)
     1    0.00    0.17    0.20   25.35 v _12030_/Y (sky130_fd_sc_hd__mux2i_1)
                                         _01505_ (net)
                  0.17    0.00   25.35 v _12032_/B1 (sky130_fd_sc_hd__a211oi_2)
     1    0.00    0.16    0.24   25.59 ^ _12032_/Y (sky130_fd_sc_hd__a211oi_2)
                                         _00800_ (net)
                  0.16    0.00   25.59 ^ mul_reduced_q[2]$_DFFE_PN0P_/D (sky130_fd_sc_hd__dfrtp_1)
                                 25.59   data arrival time

                  0.00   30.00   30.00   clock clk (rise edge)
                          0.00   30.00   clock network delay (ideal)
                         -0.25   29.75   clock uncertainty
                          0.00   29.75   clock reconvergence pessimism
                                 29.75 ^ mul_reduced_q[2]$_DFFE_PN0P_/CLK (sky130_fd_sc_hd__dfrtp_1)
                         -0.09   29.66   library setup time
                                 29.66   data required time
-----------------------------------------------------------------------------
                                 29.66   data required time
                                -25.59   data arrival time
-----------------------------------------------------------------------------
                                  4.07   slack (MET)



==========================================================================
detailed place report_checks -unconstrained
--------------------------------------------------------------------------
Startpoint: coeff_a_q[1]$_DFFE_PN0P_
            (rising edge-triggered flip-flop clocked by clk)
Endpoint: mul_reduced_q[2]$_DFFE_PN0P_
          (rising edge-triggered flip-flop clocked by clk)
Path Group: clk
Path Type: max

Fanout     Cap    Slew   Delay    Time   Description
-----------------------------------------------------------------------------
                  0.00    0.00    0.00   clock clk (rise edge)
                          0.00    0.00   clock network delay (ideal)
                  0.00    0.00    0.00 ^ coeff_a_q[1]$_DFFE_PN0P_/CLK (sky130_fd_sc_hd__dfrtp_1)
     6    0.03    0.16    0.45    0.45 v coeff_a_q[1]$_DFFE_PN0P_/Q (sky130_fd_sc_hd__dfrtp_1)
                                         coeff_a_q[1] (net)
                  0.16    0.00    0.45 v _13427_/A (sky130_fd_sc_hd__ha_1)
     2    0.01    0.07    0.34    0.80 ^ _13427_/SUM (sky130_fd_sc_hd__ha_1)
                                         _00477_ (net)
                  0.07    0.00    0.80 ^ _07505_/A (sky130_fd_sc_hd__inv_1)
     1    0.00    0.03    0.05    0.84 v _07505_/Y (sky130_fd_sc_hd__inv_1)
                                         _00430_ (net)
                  0.03    0.00    0.84 v _13611_/B (sky130_fd_sc_hd__ha_1)
     2    0.01    0.07    0.20    1.04 v _13611_/COUT (sky130_fd_sc_hd__ha_1)
                                         _00193_ (net)
                  0.07    0.00    1.04 v _13164_/A (sky130_fd_sc_hd__fa_1)
     2    0.01    0.09    0.45    1.50 v _13164_/COUT (sky130_fd_sc_hd__fa_1)
                                         _00195_ (net)
                  0.09    0.00    1.50 v _07673_/A1 (sky130_fd_sc_hd__a21oi_1)
     1    0.00    0.13    0.15    1.65 ^ _07673_/Y (sky130_fd_sc_hd__a21oi_1)
                                         _02567_ (net)
                  0.13    0.00    1.65 ^ _07674_/B (sky130_fd_sc_hd__nor2_1)
     1    0.00    0.04    0.05    1.71 v _07674_/Y (sky130_fd_sc_hd__nor2_1)
                                         _02568_ (net)
                  0.04    0.00    1.71 v _07675_/B (sky130_fd_sc_hd__nor2_1)
     2    0.01    0.18    0.15    1.86 ^ _07675_/Y (sky130_fd_sc_hd__nor2_1)
                                         _02569_ (net)
                  0.18    0.00    1.86 ^ _07686_/B (sky130_fd_sc_hd__xnor2_1)
     2    0.01    0.09    0.12    1.98 v _07686_/Y (sky130_fd_sc_hd__xnor2_1)
                                         _02580_ (net)
                  0.09    0.00    1.98 v _07689_/A (sky130_fd_sc_hd__nor3_1)
     2    0.01    0.21    0.24    2.22 ^ _07689_/Y (sky130_fd_sc_hd__nor3_1)
                                         _02583_ (net)
                  0.21    0.00    2.22 ^ _07690_/B_N (sky130_fd_sc_hd__nor2b_1)
     2    0.00    0.11    0.18    2.41 ^ _07690_/Y (sky130_fd_sc_hd__nor2b_1)
                                         _02584_ (net)
                  0.11    0.00    2.41 ^ _07691_/B_N (sky130_fd_sc_hd__nor2b_1)
     4    0.01    0.22    0.25    2.65 ^ _07691_/Y (sky130_fd_sc_hd__nor2b_1)
                                         _02585_ (net)
                  0.22    0.00    2.65 ^ _07692_/B (sky130_fd_sc_hd__nand2_1)
     1    0.00    0.09    0.08    2.74 v _07692_/Y (sky130_fd_sc_hd__nand2_1)
                                         _02586_ (net)
                  0.09    0.00    2.74 v _07693_/B1 (sky130_fd_sc_hd__a21oi_1)
     1    0.00    0.14    0.15    2.89 ^ _07693_/Y (sky130_fd_sc_hd__a21oi_1)
                                         _02587_ (net)
                  0.14    0.00    2.89 ^ _07694_/B (sky130_fd_sc_hd__nor2_1)
     1    0.00    0.08    0.07    2.95 v _07694_/Y (sky130_fd_sc_hd__nor2_1)
                                         _02588_ (net)
                  0.08    0.00    2.95 v _07700_/A2 (sky130_fd_sc_hd__o211a_1)
     3    0.01    0.06    0.23    3.19 v _07700_/X (sky130_fd_sc_hd__o211a_1)
                                         _02594_ (net)
                  0.06    0.00    3.19 v _07701_/B (sky130_fd_sc_hd__or2_2)
    11    0.04    0.13    0.38    3.57 v _07701_/X (sky130_fd_sc_hd__or2_2)
                                         _02595_ (net)
                  0.13    0.00    3.57 v _07703_/B (sky130_fd_sc_hd__xnor2_1)
     1    0.00    0.05    0.15    3.73 v _07703_/Y (sky130_fd_sc_hd__xnor2_1)
                                         _02597_ (net)
                  0.05    0.00    3.73 v _07705_/A1 (sky130_fd_sc_hd__mux2i_1)
     2    0.01    0.27    0.25    3.98 ^ _07705_/Y (sky130_fd_sc_hd__mux2i_1)
                                         _02599_ (net)
                  0.27    0.00    3.98 ^ _07706_/B (sky130_fd_sc_hd__nor2_1)
     4    0.01    0.12    0.12    4.09 v _07706_/Y (sky130_fd_sc_hd__nor2_1)
                                         _02600_ (net)
                  0.12    0.00    4.09 v _07707_/B1 (sky130_fd_sc_hd__a21oi_1)
     9    0.04    0.89    0.72    4.81 ^ _07707_/Y (sky130_fd_sc_hd__a21oi_1)
                                         _02601_ (net)
                  0.89    0.00    4.81 ^ _07953_/A (sky130_fd_sc_hd__nor2_1)
     1    0.01    0.18    0.17    4.98 v _07953_/Y (sky130_fd_sc_hd__nor2_1)
                                         _00144_ (net)
                  0.18    0.00    4.98 v _13116_/A (sky130_fd_sc_hd__fa_1)
     1    0.01    0.08    0.47    5.45 v _13116_/COUT (sky130_fd_sc_hd__fa_1)
                                         _06712_ (net)
                  0.08    0.00    5.45 v _13291_/A (sky130_fd_sc_hd__ha_1)
     1    0.01    0.05    0.22    5.67 v _13291_/COUT (sky130_fd_sc_hd__ha_1)
                                         _06831_ (net)
                  0.05    0.00    5.67 v _13165_/CIN (sky130_fd_sc_hd__fa_1)
     1    0.01    0.09    0.51    6.18 ^ _13165_/SUM (sky130_fd_sc_hd__fa_1)
                                         _06600_ (net)
                  0.09    0.00    6.18 ^ _13066_/CIN (sky130_fd_sc_hd__fa_1)
     1    0.01    0.10    0.45    6.63 v _13066_/SUM (sky130_fd_sc_hd__fa_1)
                                         _06602_ (net)
                  0.10    0.00    6.63 v _13094_/B (sky130_fd_sc_hd__fa_1)
     1    0.00    0.09    0.48    7.11 v _13094_/SUM (sky130_fd_sc_hd__fa_1)
                                         _06675_ (net)
                  0.09    0.00    7.11 v _13502_/B (sky130_fd_sc_hd__ha_1)
     1    0.00    0.05    0.28    7.39 v _13502_/SUM (sky130_fd_sc_hd__ha_1)
                                         _00595_ (net)
                  0.05    0.00    7.39 v _07111_/A (sky130_fd_sc_hd__inv_1)
     3    0.01    0.10    0.10    7.48 ^ _07111_/Y (sky130_fd_sc_hd__inv_1)
                                         _02077_ (net)
                  0.10    0.00    7.48 ^ _07465_/A (sky130_fd_sc_hd__nor2_1)
     1    0.00    0.04    0.06    7.54 v _07465_/Y (sky130_fd_sc_hd__nor2_1)
                                         _02398_ (net)
                  0.04    0.00    7.54 v _07466_/B (sky130_fd_sc_hd__nor2_1)
     2    0.01    0.18    0.16    7.70 ^ _07466_/Y (sky130_fd_sc_hd__nor2_1)
                                         _02399_ (net)
                  0.18    0.00    7.70 ^ _07467_/A2 (sky130_fd_sc_hd__o21bai_1)
     1    0.00    0.06    0.09    7.79 v _07467_/Y (sky130_fd_sc_hd__o21bai_1)
                                         _02400_ (net)
                  0.06    0.00    7.79 v _07468_/A2 (sky130_fd_sc_hd__a21oi_1)
     2    0.01    0.24    0.24    8.03 ^ _07468_/Y (sky130_fd_sc_hd__a21oi_1)
                                         _02401_ (net)
                  0.24    0.00    8.03 ^ _07469_/A2 (sky130_fd_sc_hd__o21bai_1)
     1    0.00    0.07    0.11    8.14 v _07469_/Y (sky130_fd_sc_hd__o21bai_1)
                                         _02402_ (net)
                  0.07    0.00    8.14 v _07470_/A2 (sky130_fd_sc_hd__a21oi_1)
     2    0.01    0.21    0.22    8.36 ^ _07470_/Y (sky130_fd_sc_hd__a21oi_1)
                                         _02403_ (net)
                  0.21    0.00    8.36 ^ _07471_/A2 (sky130_fd_sc_hd__o21bai_1)
     1    0.00    0.06    0.09    8.46 v _07471_/Y (sky130_fd_sc_hd__o21bai_1)
                                         _02404_ (net)
                  0.06    0.00    8.46 v _07472_/A2 (sky130_fd_sc_hd__a21oi_1)
     2    0.01    0.23    0.23    8.69 ^ _07472_/Y (sky130_fd_sc_hd__a21oi_1)
                                         _02405_ (net)
                  0.23    0.00    8.69 ^ _07473_/A2 (sky130_fd_sc_hd__o21bai_1)
     1    0.00    0.06    0.10    8.79 v _07473_/Y (sky130_fd_sc_hd__o21bai_1)
                                         _02406_ (net)
                  0.06    0.00    8.79 v _07474_/A2 (sky130_fd_sc_hd__a21oi_1)
     2    0.01    0.22    0.23    9.02 ^ _07474_/Y (sky130_fd_sc_hd__a21oi_1)
                                         _02407_ (net)
                  0.22    0.00    9.02 ^ _07475_/A2 (sky130_fd_sc_hd__o21bai_1)
     1    0.00    0.05    0.09    9.10 v _07475_/Y (sky130_fd_sc_hd__o21bai_1)
                                         _02408_ (net)
                  0.05    0.00    9.10 v _07476_/A2 (sky130_fd_sc_hd__a21oi_1)
     2    0.01    0.22    0.23    9.33 ^ _07476_/Y (sky130_fd_sc_hd__a21oi_1)
                                         _02409_ (net)
                  0.22    0.00    9.33 ^ _07477_/A (sky130_fd_sc_hd__nor2b_1)
     1    0.00    0.05    0.07    9.40 v _07477_/Y (sky130_fd_sc_hd__nor2b_1)
                                         _02410_ (net)
                  0.05    0.00    9.40 v _07478_/A2 (sky130_fd_sc_hd__o21a_1)
     2    0.01    0.05    0.18    9.58 v _07478_/X (sky130_fd_sc_hd__o21a_1)
                                         _02411_ (net)
                  0.05    0.00    9.58 v _07782_/A4 (sky130_fd_sc_hd__o41a_1)
     2    0.01    0.10    0.35    9.94 v _07782_/X (sky130_fd_sc_hd__o41a_1)
                                         _02612_ (net)
                  0.10    0.00    9.94 v _07783_/B (sky130_fd_sc_hd__xor2_1)
     7    0.05    0.97    0.78   10.71 ^ _07783_/X (sky130_fd_sc_hd__xor2_1)
                                         mul_product[22] (net)
                  0.97    0.00   10.71 ^ _12954_/CIN (sky130_fd_sc_hd__fa_1)
     2    0.01    0.11    0.60   11.31 v _12954_/SUM (sky130_fd_sc_hd__fa_1)
                                         _06235_ (net)
                  0.11    0.00   11.31 v _13071_/CIN (sky130_fd_sc_hd__fa_1)
     1    0.01    0.09    0.53   11.84 ^ _13071_/SUM (sky130_fd_sc_hd__fa_1)
                                         _06364_ (net)
                  0.09    0.00   11.84 ^ _12997_/CIN (sky130_fd_sc_hd__fa_1)
     1    0.00    0.09    0.43   12.27 v _12997_/SUM (sky130_fd_sc_hd__fa_1)
                                         _06366_ (net)
                  0.09    0.00   12.27 v _13186_/CIN (sky130_fd_sc_hd__fa_1)
     1    0.01    0.09    0.52   12.79 ^ _13186_/SUM (sky130_fd_sc_hd__fa_1)
                                         _06421_ (net)
                  0.09    0.00   12.79 ^ _13012_/B (sky130_fd_sc_hd__fa_1)
     1    0.00    0.08    0.42   13.21 v _13012_/SUM (sky130_fd_sc_hd__fa_1)
                                         _06424_ (net)
                  0.08    0.00   13.21 v _13572_/B (sky130_fd_sc_hd__ha_1)
     1    0.00    0.04    0.28   13.49 ^ _13572_/SUM (sky130_fd_sc_hd__ha_1)
                                         _00681_ (net)
                  0.04    0.00   13.49 ^ _07181_/B1 (sky130_fd_sc_hd__o21a_1)
     2    0.01    0.07    0.13   13.62 ^ _07181_/X (sky130_fd_sc_hd__o21a_1)
                                         _02132_ (net)
                  0.07    0.00   13.62 ^ _07182_/C (sky130_fd_sc_hd__and3_1)
     2    0.01    0.08    0.18   13.79 ^ _07182_/X (sky130_fd_sc_hd__and3_1)
                                         _02133_ (net)
                  0.08    0.00   13.79 ^ _07187_/A2 (sky130_fd_sc_hd__a211oi_1)
     1    0.00    0.11    0.08   13.88 v _07187_/Y (sky130_fd_sc_hd__a211oi_1)
                                         _02138_ (net)
                  0.11    0.00   13.88 v _07190_/A (sky130_fd_sc_hd__nor3_1)
     3    0.01    0.30    0.31   14.19 ^ _07190_/Y (sky130_fd_sc_hd__nor3_1)
                                         _02141_ (net)
                  0.30    0.00   14.19 ^ _07194_/A4 (sky130_fd_sc_hd__a41oi_1)
     3    0.01    0.15    0.21   14.40 v _07194_/Y (sky130_fd_sc_hd__a41oi_1)
                                         _02145_ (net)
                  0.15    0.00   14.40 v _07199_/A1 (sky130_fd_sc_hd__a2111oi_0)
     3    0.01    0.79    0.72   15.11 ^ _07199_/Y (sky130_fd_sc_hd__a2111oi_0)
                                         _02150_ (net)
                  0.79    0.00   15.11 ^ _07200_/A2 (sky130_fd_sc_hd__o21a_1)
     3    0.01    0.11    0.23   15.35 ^ _07200_/X (sky130_fd_sc_hd__o21a_1)
                                         _02151_ (net)
                  0.11    0.00   15.35 ^ _07201_/A2 (sky130_fd_sc_hd__o21a_1)
     1    0.00    0.04    0.12   15.46 ^ _07201_/X (sky130_fd_sc_hd__o21a_1)
                                         _02152_ (net)
                  0.04    0.00   15.46 ^ _07202_/B (sky130_fd_sc_hd__nor2_1)
     1    0.01    0.03    0.04   15.51 v _07202_/Y (sky130_fd_sc_hd__nor2_1)
                                         _02153_ (net)
                  0.03    0.00   15.51 v _07203_/B (sky130_fd_sc_hd__xnor2_1)
     4    0.03    0.57    0.46   15.96 ^ _07203_/Y (sky130_fd_sc_hd__xnor2_1)
                                         u_mul_reduce.prod[36] (net)
                  0.57    0.00   15.97 ^ _13323_/B (sky130_fd_sc_hd__ha_1)
     1    0.01    0.06    0.35   16.32 v _13323_/SUM (sky130_fd_sc_hd__ha_1)
                                         _06984_ (net)
                  0.06    0.00   16.32 v _13600_/B (sky130_fd_sc_hd__ha_1)
     1    0.01    0.07    0.30   16.62 v _13600_/SUM (sky130_fd_sc_hd__ha_1)
                                         _06206_ (net)
                  0.07    0.00   16.62 v _12943_/A (sky130_fd_sc_hd__fa_1)
     1    0.00    0.06    0.54   17.16 ^ _12943_/SUM (sky130_fd_sc_hd__fa_1)
                                         _00017_ (net)
                  0.06    0.00   17.16 ^ _07774_/A (sky130_fd_sc_hd__inv_1)
     1    0.01    0.04    0.05   17.21 v _07774_/Y (sky130_fd_sc_hd__inv_1)
                                         _00151_ (net)
                  0.04    0.00   17.21 v _13121_/B (sky130_fd_sc_hd__fa_1)
     1    0.00    0.08    0.45   17.66 v _13121_/SUM (sky130_fd_sc_hd__fa_1)
                                         _06724_ (net)
                  0.08    0.00   17.66 v _13285_/A (sky130_fd_sc_hd__ha_1)
     7    0.03    0.16    0.42   18.09 v _13285_/SUM (sky130_fd_sc_hd__ha_1)
                                         _00315_ (net)
                  0.16    0.00   18.09 v _07299_/B (sky130_fd_sc_hd__and3_1)
     2    0.01    0.05    0.23   18.31 v _07299_/X (sky130_fd_sc_hd__and3_1)
                                         _02241_ (net)
                  0.05    0.00   18.31 v _07310_/A1 (sky130_fd_sc_hd__a21oi_1)
     6    0.02    0.42    0.35   18.67 ^ _07310_/Y (sky130_fd_sc_hd__a21oi_1)
                                         _02252_ (net)
                  0.42    0.00   18.67 ^ _07402_/A2 (sky130_fd_sc_hd__a21oi_1)
     1    0.00    0.09    0.13   18.80 v _07402_/Y (sky130_fd_sc_hd__a21oi_1)
                                         _02344_ (net)
                  0.09    0.00   18.80 v _07405_/B1 (sky130_fd_sc_hd__a311oi_1)
     5    0.02    0.67    0.59   19.39 ^ _07405_/Y (sky130_fd_sc_hd__a311oi_1)
                                         _02347_ (net)
                  0.67    0.00   19.39 ^ _07406_/C (sky130_fd_sc_hd__nand3b_1)
     4    0.02    0.22    0.28   19.67 v _07406_/Y (sky130_fd_sc_hd__nand3b_1)
                                         _02348_ (net)
                  0.22    0.00   19.67 v _07603_/C (sky130_fd_sc_hd__nor4_1)
     4    0.01    0.56    0.55   20.22 ^ _07603_/Y (sky130_fd_sc_hd__nor4_1)
                                         _02502_ (net)
                  0.56    0.00   20.22 ^ _07611_/C (sky130_fd_sc_hd__nand3_1)
    12    0.06    0.56    0.58   20.80 v _07611_/Y (sky130_fd_sc_hd__nand3_1)
                                         _02510_ (net)
                  0.56    0.00   20.80 v _07713_/A2 (sky130_fd_sc_hd__o21ai_0)
     3    0.01    0.43    0.57   21.37 ^ _07713_/Y (sky130_fd_sc_hd__o21ai_0)
                                         _00288_ (net)
                  0.43    0.00   21.37 ^ _13253_/B (sky130_fd_sc_hd__ha_1)
     3    0.01    0.12    0.29   21.66 ^ _13253_/COUT (sky130_fd_sc_hd__ha_1)
                                         _00289_ (net)
                  0.12    0.00   21.66 ^ _11821_/A (sky130_fd_sc_hd__inv_1)
     2    0.01    0.06    0.08   21.74 v _11821_/Y (sky130_fd_sc_hd__inv_1)
                                         _01304_ (net)
                  0.06    0.00   21.74 v _11823_/A1 (sky130_fd_sc_hd__o32ai_1)
     6    0.02    0.75    0.68   22.41 ^ _11823_/Y (sky130_fd_sc_hd__o32ai_1)
                                         _01306_ (net)
                  0.75    0.00   22.41 ^ _11826_/C1 (sky130_fd_sc_hd__o2111ai_1)
     7    0.03    0.43    0.52   22.93 v _11826_/Y (sky130_fd_sc_hd__o2111ai_1)
                                         _01309_ (net)
                  0.43    0.00   22.93 v _11904_/A2 (sky130_fd_sc_hd__a21o_1)
     5    0.01    0.08    0.34   23.28 v _11904_/X (sky130_fd_sc_hd__a21o_1)
                                         _01387_ (net)
                  0.08    0.00   23.28 v _11949_/B1 (sky130_fd_sc_hd__o21ai_0)
     1    0.00    0.15    0.09   23.36 ^ _11949_/Y (sky130_fd_sc_hd__o21ai_0)
                                         _01432_ (net)
                  0.15    0.00   23.36 ^ _11950_/D_N (sky130_fd_sc_hd__or4b_2)
     1    0.00    0.10    0.60   23.96 v _11950_/X (sky130_fd_sc_hd__or4b_2)
                                         _01433_ (net)
                  0.10    0.00   23.96 v _11963_/A_N (sky130_fd_sc_hd__nand4bb_1)
     1    0.01    0.16    0.26   24.22 v _11963_/Y (sky130_fd_sc_hd__nand4bb_1)
                                         _01446_ (net)
                  0.16    0.00   24.22 v _11964_/D1 (sky130_fd_sc_hd__a2111oi_4)
    21    0.08    1.14    0.92   25.14 ^ _11964_/Y (sky130_fd_sc_hd__a2111oi_4)
                                         _01447_ (net)
                  1.14    0.00   25.14 ^ _12030_/S (sky130_fd_sc_hd__mux2i_1)
     1    0.00    0.17    0.20   25.35 v _12030_/Y (sky130_fd_sc_hd__mux2i_1)
                                         _01505_ (net)
                  0.17    0.00   25.35 v _12032_/B1 (sky130_fd_sc_hd__a211oi_2)
     1    0.00    0.16    0.24   25.59 ^ _12032_/Y (sky130_fd_sc_hd__a211oi_2)
                                         _00800_ (net)
                  0.16    0.00   25.59 ^ mul_reduced_q[2]$_DFFE_PN0P_/D (sky130_fd_sc_hd__dfrtp_1)
                                 25.59   data arrival time

                  0.00   30.00   30.00   clock clk (rise edge)
                          0.00   30.00   clock network delay (ideal)
                         -0.25   29.75   clock uncertainty
                          0.00   29.75   clock reconvergence pessimism
                                 29.75 ^ mul_reduced_q[2]$_DFFE_PN0P_/CLK (sky130_fd_sc_hd__dfrtp_1)
                         -0.09   29.66   library setup time
                                 29.66   data required time
-----------------------------------------------------------------------------
                                 29.66   data required time
                                -25.59   data arrival time
-----------------------------------------------------------------------------
                                  4.07   slack (MET)



==========================================================================
detailed place report_check_types -max_slew -max_cap -max_fanout -violators
--------------------------------------------------------------------------

==========================================================================
detailed place max_slew_check_slack
--------------------------------------------------------------------------
0.11189116537570953

==========================================================================
detailed place max_slew_check_limit
--------------------------------------------------------------------------
1.48431396484375

==========================================================================
detailed place max_slew_check_slack_limit
--------------------------------------------------------------------------
0.0754

==========================================================================
detailed place max_fanout_check_slack
--------------------------------------------------------------------------
1.0000000150474662e+30

==========================================================================
detailed place max_fanout_check_limit
--------------------------------------------------------------------------
1.0000000150474662e+30

==========================================================================
detailed place max_capacitance_check_slack
--------------------------------------------------------------------------
0.003107801079750061

==========================================================================
detailed place max_capacitance_check_limit
--------------------------------------------------------------------------
0.05036399886012077

==========================================================================
detailed place max_capacitance_check_slack_limit
--------------------------------------------------------------------------
0.0617

==========================================================================
detailed place max_slew_violation_count
--------------------------------------------------------------------------
max slew violation count 0

==========================================================================
detailed place max_fanout_violation_count
--------------------------------------------------------------------------
max fanout violation count 0

==========================================================================
detailed place max_cap_violation_count
--------------------------------------------------------------------------
max cap violation count 0

==========================================================================
detailed place setup_violation_count
--------------------------------------------------------------------------
setup violation count 0

==========================================================================
detailed place hold_violation_count
--------------------------------------------------------------------------
hold violation count 0

==========================================================================
detailed place report_checks -path_delay max reg to reg
--------------------------------------------------------------------------
Startpoint: coeff_a_q[1]$_DFFE_PN0P_
            (rising edge-triggered flip-flop clocked by clk)
Endpoint: mul_reduced_q[2]$_DFFE_PN0P_
          (rising edge-triggered flip-flop clocked by clk)
Path Group: clk
Path Type: max

  Delay    Time   Description
---------------------------------------------------------
   0.00    0.00   clock clk (rise edge)
   0.00    0.00   clock network delay (ideal)
   0.00    0.00 ^ coeff_a_q[1]$_DFFE_PN0P_/CLK (sky130_fd_sc_hd__dfrtp_1)
   0.45    0.45 v coeff_a_q[1]$_DFFE_PN0P_/Q (sky130_fd_sc_hd__dfrtp_1)
   0.34    0.80 ^ _13427_/SUM (sky130_fd_sc_hd__ha_1)
   0.05    0.84 v _07505_/Y (sky130_fd_sc_hd__inv_1)
   0.20    1.04 v _13611_/COUT (sky130_fd_sc_hd__ha_1)
   0.45    1.50 v _13164_/COUT (sky130_fd_sc_hd__fa_1)
   0.15    1.65 ^ _07673_/Y (sky130_fd_sc_hd__a21oi_1)
   0.05    1.71 v _07674_/Y (sky130_fd_sc_hd__nor2_1)
   0.15    1.86 ^ _07675_/Y (sky130_fd_sc_hd__nor2_1)
   0.12    1.98 v _07686_/Y (sky130_fd_sc_hd__xnor2_1)
   0.24    2.22 ^ _07689_/Y (sky130_fd_sc_hd__nor3_1)
   0.18    2.41 ^ _07690_/Y (sky130_fd_sc_hd__nor2b_1)
   0.25    2.65 ^ _07691_/Y (sky130_fd_sc_hd__nor2b_1)
   0.08    2.74 v _07692_/Y (sky130_fd_sc_hd__nand2_1)
   0.15    2.89 ^ _07693_/Y (sky130_fd_sc_hd__a21oi_1)
   0.07    2.95 v _07694_/Y (sky130_fd_sc_hd__nor2_1)
   0.24    3.19 v _07700_/X (sky130_fd_sc_hd__o211a_1)
   0.38    3.57 v _07701_/X (sky130_fd_sc_hd__or2_2)
   0.15    3.73 v _07703_/Y (sky130_fd_sc_hd__xnor2_1)
   0.25    3.98 ^ _07705_/Y (sky130_fd_sc_hd__mux2i_1)
   0.12    4.09 v _07706_/Y (sky130_fd_sc_hd__nor2_1)
   0.72    4.81 ^ _07707_/Y (sky130_fd_sc_hd__a21oi_1)
   0.17    4.98 v _07953_/Y (sky130_fd_sc_hd__nor2_1)
   0.47    5.45 v _13116_/COUT (sky130_fd_sc_hd__fa_1)
   0.22    5.67 v _13291_/COUT (sky130_fd_sc_hd__ha_1)
   0.51    6.18 ^ _13165_/SUM (sky130_fd_sc_hd__fa_1)
   0.45    6.63 v _13066_/SUM (sky130_fd_sc_hd__fa_1)
   0.48    7.11 v _13094_/SUM (sky130_fd_sc_hd__fa_1)
   0.28    7.39 v _13502_/SUM (sky130_fd_sc_hd__ha_1)
   0.10    7.48 ^ _07111_/Y (sky130_fd_sc_hd__inv_1)
   0.06    7.54 v _07465_/Y (sky130_fd_sc_hd__nor2_1)
   0.16    7.70 ^ _07466_/Y (sky130_fd_sc_hd__nor2_1)
   0.09    7.79 v _07467_/Y (sky130_fd_sc_hd__o21bai_1)
   0.24    8.03 ^ _07468_/Y (sky130_fd_sc_hd__a21oi_1)
   0.11    8.14 v _07469_/Y (sky130_fd_sc_hd__o21bai_1)
   0.22    8.36 ^ _07470_/Y (sky130_fd_sc_hd__a21oi_1)
   0.09    8.46 v _07471_/Y (sky130_fd_sc_hd__o21bai_1)
   0.23    8.69 ^ _07472_/Y (sky130_fd_sc_hd__a21oi_1)
   0.10    8.79 v _07473_/Y (sky130_fd_sc_hd__o21bai_1)
   0.23    9.02 ^ _07474_/Y (sky130_fd_sc_hd__a21oi_1)
   0.09    9.10 v _07475_/Y (sky130_fd_sc_hd__o21bai_1)
   0.23    9.33 ^ _07476_/Y (sky130_fd_sc_hd__a21oi_1)
   0.07    9.40 v _07477_/Y (sky130_fd_sc_hd__nor2b_1)
   0.18    9.58 v _07478_/X (sky130_fd_sc_hd__o21a_1)
   0.35    9.94 v _07782_/X (sky130_fd_sc_hd__o41a_1)
   0.78   10.71 ^ _07783_/X (sky130_fd_sc_hd__xor2_1)
   0.60   11.31 v _12954_/SUM (sky130_fd_sc_hd__fa_1)
   0.53   11.84 ^ _13071_/SUM (sky130_fd_sc_hd__fa_1)
   0.43   12.27 v _12997_/SUM (sky130_fd_sc_hd__fa_1)
   0.52   12.79 ^ _13186_/SUM (sky130_fd_sc_hd__fa_1)
   0.42   13.21 v _13012_/SUM (sky130_fd_sc_hd__fa_1)
   0.28   13.49 ^ _13572_/SUM (sky130_fd_sc_hd__ha_1)
   0.13   13.62 ^ _07181_/X (sky130_fd_sc_hd__o21a_1)
   0.18   13.79 ^ _07182_/X (sky130_fd_sc_hd__and3_1)
   0.08   13.88 v _07187_/Y (sky130_fd_sc_hd__a211oi_1)
   0.31   14.19 ^ _07190_/Y (sky130_fd_sc_hd__nor3_1)
   0.21   14.40 v _07194_/Y (sky130_fd_sc_hd__a41oi_1)
   0.72   15.11 ^ _07199_/Y (sky130_fd_sc_hd__a2111oi_0)
   0.23   15.35 ^ _07200_/X (sky130_fd_sc_hd__o21a_1)
   0.12   15.46 ^ _07201_/X (sky130_fd_sc_hd__o21a_1)
   0.04   15.51 v _07202_/Y (sky130_fd_sc_hd__nor2_1)
   0.46   15.96 ^ _07203_/Y (sky130_fd_sc_hd__xnor2_1)
   0.35   16.32 v _13323_/SUM (sky130_fd_sc_hd__ha_1)
   0.30   16.62 v _13600_/SUM (sky130_fd_sc_hd__ha_1)
   0.54   17.16 ^ _12943_/SUM (sky130_fd_sc_hd__fa_1)
   0.05   17.21 v _07774_/Y (sky130_fd_sc_hd__inv_1)
   0.45   17.66 v _13121_/SUM (sky130_fd_sc_hd__fa_1)
   0.42   18.09 v _13285_/SUM (sky130_fd_sc_hd__ha_1)
   0.23   18.31 v _07299_/X (sky130_fd_sc_hd__and3_1)
   0.35   18.67 ^ _07310_/Y (sky130_fd_sc_hd__a21oi_1)
   0.13   18.80 v _07402_/Y (sky130_fd_sc_hd__a21oi_1)
   0.59   19.39 ^ _07405_/Y (sky130_fd_sc_hd__a311oi_1)
   0.28   19.67 v _07406_/Y (sky130_fd_sc_hd__nand3b_1)
   0.55   20.22 ^ _07603_/Y (sky130_fd_sc_hd__nor4_1)
   0.58   20.80 v _07611_/Y (sky130_fd_sc_hd__nand3_1)
   0.57   21.37 ^ _07713_/Y (sky130_fd_sc_hd__o21ai_0)
   0.29   21.66 ^ _13253_/COUT (sky130_fd_sc_hd__ha_1)
   0.08   21.74 v _11821_/Y (sky130_fd_sc_hd__inv_1)
   0.68   22.41 ^ _11823_/Y (sky130_fd_sc_hd__o32ai_1)
   0.52   22.93 v _11826_/Y (sky130_fd_sc_hd__o2111ai_1)
   0.35   23.28 v _11904_/X (sky130_fd_sc_hd__a21o_1)
   0.09   23.36 ^ _11949_/Y (sky130_fd_sc_hd__o21ai_0)
   0.60   23.96 v _11950_/X (sky130_fd_sc_hd__or4b_2)
   0.26   24.22 v _11963_/Y (sky130_fd_sc_hd__nand4bb_1)
   0.92   25.14 ^ _11964_/Y (sky130_fd_sc_hd__a2111oi_4)
   0.21   25.35 v _12030_/Y (sky130_fd_sc_hd__mux2i_1)
   0.24   25.59 ^ _12032_/Y (sky130_fd_sc_hd__a211oi_2)
   0.00   25.59 ^ mul_reduced_q[2]$_DFFE_PN0P_/D (sky130_fd_sc_hd__dfrtp_1)
          25.59   data arrival time

  30.00   30.00   clock clk (rise edge)
   0.00   30.00   clock network delay (ideal)
  -0.25   29.75   clock uncertainty
   0.00   29.75   clock reconvergence pessimism
          29.75 ^ mul_reduced_q[2]$_DFFE_PN0P_/CLK (sky130_fd_sc_hd__dfrtp_1)
  -0.09   29.66   library setup time
          29.66   data required time
---------------------------------------------------------
          29.66   data required time
         -25.59   data arrival time
---------------------------------------------------------
           4.07   slack (MET)



==========================================================================
detailed place report_checks -path_delay min reg to reg
--------------------------------------------------------------------------
Startpoint: st[6]$_DFF_PN0_ (rising edge-triggered flip-flop clocked by clk)
Endpoint: st[13]$_DFF_PN0_ (rising edge-triggered flip-flop clocked by clk)
Path Group: clk
Path Type: min

  Delay    Time   Description
---------------------------------------------------------
   0.00    0.00   clock clk (rise edge)
   0.00    0.00   clock network delay (ideal)
   0.00    0.00 ^ st[6]$_DFF_PN0_/CLK (sky130_fd_sc_hd__dfrtp_1)
   0.32    0.32 ^ st[6]$_DFF_PN0_/Q (sky130_fd_sc_hd__dfrtp_1)
   0.00    0.32 ^ st[13]$_DFF_PN0_/D (sky130_fd_sc_hd__dfrtp_1)
           0.32   data arrival time

   0.00    0.00   clock clk (rise edge)
   0.00    0.00   clock network delay (ideal)
   0.25    0.25   clock uncertainty
   0.00    0.25   clock reconvergence pessimism
           0.25 ^ st[13]$_DFF_PN0_/CLK (sky130_fd_sc_hd__dfrtp_1)
  -0.05    0.20   library hold time
           0.20   data required time
---------------------------------------------------------
           0.20   data required time
          -0.32   data arrival time
---------------------------------------------------------
           0.12   slack (MET)



==========================================================================
detailed place critical path target clock latency max path
--------------------------------------------------------------------------
0.0000

==========================================================================
detailed place critical path target clock latency min path
--------------------------------------------------------------------------
0.0000

==========================================================================
detailed place critical path source clock latency min path
--------------------------------------------------------------------------
0.0000

==========================================================================
detailed place critical path delay
--------------------------------------------------------------------------
25.5897

==========================================================================
detailed place critical path slack
--------------------------------------------------------------------------
4.0660

==========================================================================
detailed place slack div critical path delay
--------------------------------------------------------------------------
15.889205

==========================================================================
detailed place report_power
--------------------------------------------------------------------------
Group                  Internal  Switching    Leakage      Total
                          Power      Power      Power      Power (Watts)
----------------------------------------------------------------
Sequential             6.65e-03   0.00e+00   3.89e-08   6.65e-03  98.1%
Combinational          1.23e-05   1.19e-04   2.40e-08   1.31e-04   1.9%
Clock                  0.00e+00   0.00e+00   0.00e+00   0.00e+00   0.0%
Macro                  0.00e+00   0.00e+00   0.00e+00   0.00e+00   0.0%
Pad                    0.00e+00   0.00e+00   0.00e+00   0.00e+00   0.0%
----------------------------------------------------------------
Total                  6.67e-03   1.19e-04   6.29e-08   6.79e-03 100.0%
                          98.2%       1.8%       0.0%
