
==========================================================================
finish report_tns
--------------------------------------------------------------------------
tns max 0.00

==========================================================================
finish report_wns
--------------------------------------------------------------------------
wns max 0.00

==========================================================================
finish report_worst_slack
--------------------------------------------------------------------------
worst slack max 3.81

==========================================================================
finish report_clock_min_period
--------------------------------------------------------------------------
clk period_min = 26.19 fmax = 38.19

==========================================================================
finish report_clock_skew
--------------------------------------------------------------------------
Clock clk
   1.00 source latency ram_wdata_b[5]$_DFFE_PN0P_/CLK ^
  -0.94 target latency u_coeff_ram.u_model.mem[38][5]$_DFFE_PP_/CLK ^
   0.25 clock uncertainty
   0.00 CRPR
--------------
   0.31 setup skew


==========================================================================
finish report_checks -path_delay min
--------------------------------------------------------------------------
Startpoint: st[12]$_DFF_PN0_ (rising edge-triggered flip-flop clocked by clk)
Endpoint: done$_DFF_PN0_ (rising edge-triggered flip-flop clocked by clk)
Path Group: clk
Path Type: min

Fanout     Cap    Slew   Delay    Time   Description
-----------------------------------------------------------------------------
                          0.00    0.00   clock clk (rise edge)
                          0.00    0.00   clock source latency
     2    0.09    0.00    0.00    0.00 ^ clk (in)
                                         clk (net)
                  0.01    0.00    0.00 ^ clkbuf_0_clk/A (sky130_fd_sc_hd__clkbuf_16)
     4    0.16    0.17    0.21    0.22 ^ clkbuf_0_clk/X (sky130_fd_sc_hd__clkbuf_16)
                                         clknet_0_clk (net)
                  0.17    0.01    0.22 ^ clkbuf_2_3_0_clk/A (sky130_fd_sc_hd__clkbuf_16)
     8    0.16    0.17    0.27    0.49 ^ clkbuf_2_3_0_clk/X (sky130_fd_sc_hd__clkbuf_16)
                                         clknet_2_3_0_clk (net)
                  0.17    0.00    0.50 ^ clkbuf_5_31__f_clk/A (sky130_fd_sc_hd__clkbuf_16)
    12    0.19    0.20    0.29    0.79 ^ clkbuf_5_31__f_clk/X (sky130_fd_sc_hd__clkbuf_16)
                                         clknet_5_31__leaf_clk (net)
                  0.20    0.00    0.79 ^ clkbuf_leaf_227_clk/A (sky130_fd_sc_hd__clkbuf_16)
    10    0.04    0.06    0.19    0.99 ^ clkbuf_leaf_227_clk/X (sky130_fd_sc_hd__clkbuf_16)
                                         clknet_leaf_227_clk (net)
                  0.06    0.00    0.99 ^ st[12]$_DFF_PN0_/CLK (sky130_fd_sc_hd__dfrtp_1)
     2    0.01    0.06    0.34    1.33 ^ st[12]$_DFF_PN0_/Q (sky130_fd_sc_hd__dfrtp_1)
                                         st[12] (net)
                  0.06    0.00    1.33 ^ done$_DFF_PN0_/D (sky130_fd_sc_hd__dfrtp_1)
                                  1.33   data arrival time

                          0.00    0.00   clock clk (rise edge)
                          0.00    0.00   clock source latency
     2    0.09    0.00    0.00    0.00 ^ clk (in)
                                         clk (net)
                  0.01    0.00    0.00 ^ clkbuf_0_clk/A (sky130_fd_sc_hd__clkbuf_16)
     4    0.16    0.17    0.21    0.22 ^ clkbuf_0_clk/X (sky130_fd_sc_hd__clkbuf_16)
                                         clknet_0_clk (net)
                  0.17    0.01    0.22 ^ clkbuf_2_3_0_clk/A (sky130_fd_sc_hd__clkbuf_16)
     8    0.16    0.17    0.27    0.49 ^ clkbuf_2_3_0_clk/X (sky130_fd_sc_hd__clkbuf_16)
                                         clknet_2_3_0_clk (net)
                  0.17    0.00    0.50 ^ clkbuf_5_31__f_clk/A (sky130_fd_sc_hd__clkbuf_16)
    12    0.19    0.20    0.29    0.79 ^ clkbuf_5_31__f_clk/X (sky130_fd_sc_hd__clkbuf_16)
                                         clknet_5_31__leaf_clk (net)
                  0.20    0.00    0.79 ^ clkbuf_leaf_228_clk/A (sky130_fd_sc_hd__clkbuf_16)
    10    0.04    0.06    0.19    0.99 ^ clkbuf_leaf_228_clk/X (sky130_fd_sc_hd__clkbuf_16)
                                         clknet_leaf_228_clk (net)
                  0.06    0.00    0.99 ^ done$_DFF_PN0_/CLK (sky130_fd_sc_hd__dfrtp_1)
                          0.25    1.24   clock uncertainty
                          0.00    1.24   clock reconvergence pessimism
                         -0.04    1.20   library hold time
                                  1.20   data required time
-----------------------------------------------------------------------------
                                  1.20   data required time
                                 -1.33   data arrival time
-----------------------------------------------------------------------------
                                  0.13   slack (MET)



==========================================================================
finish report_checks -path_delay max
--------------------------------------------------------------------------
Startpoint: coeff_a_q[1]$_DFFE_PN0P_
            (rising edge-triggered flip-flop clocked by clk)
Endpoint: mul_reduced_q[2]$_DFFE_PN0P_
          (rising edge-triggered flip-flop clocked by clk)
Path Group: clk
Path Type: max

Fanout     Cap    Slew   Delay    Time   Description
-----------------------------------------------------------------------------
                          0.00    0.00   clock clk (rise edge)
                          0.00    0.00   clock source latency
     2    0.09    0.00    0.00    0.00 ^ clk (in)
                                         clk (net)
                  0.01    0.00    0.00 ^ clkbuf_0_clk/A (sky130_fd_sc_hd__clkbuf_16)
     4    0.16    0.17    0.21    0.22 ^ clkbuf_0_clk/X (sky130_fd_sc_hd__clkbuf_16)
                                         clknet_0_clk (net)
                  0.17    0.01    0.22 ^ clkbuf_2_3_0_clk/A (sky130_fd_sc_hd__clkbuf_16)
     8    0.16    0.17    0.27    0.49 ^ clkbuf_2_3_0_clk/X (sky130_fd_sc_hd__clkbuf_16)
                                         clknet_2_3_0_clk (net)
                  0.17    0.00    0.50 ^ clkbuf_5_30__f_clk/A (sky130_fd_sc_hd__clkbuf_16)
    14    0.20    0.21    0.30    0.79 ^ clkbuf_5_30__f_clk/X (sky130_fd_sc_hd__clkbuf_16)
                                         clknet_5_30__leaf_clk (net)
                  0.21    0.00    0.79 ^ clkbuf_leaf_235_clk/A (sky130_fd_sc_hd__clkbuf_16)
    10    0.04    0.06    0.20    0.99 ^ clkbuf_leaf_235_clk/X (sky130_fd_sc_hd__clkbuf_16)
                                         clknet_leaf_235_clk (net)
                  0.06    0.00    0.99 ^ coeff_a_q[1]$_DFFE_PN0P_/CLK (sky130_fd_sc_hd__dfrtp_1)
     6    0.03    0.16    0.48    1.47 v coeff_a_q[1]$_DFFE_PN0P_/Q (sky130_fd_sc_hd__dfrtp_1)
                                         coeff_a_q[1] (net)
                  0.16    0.00    1.47 v _13427_/A (sky130_fd_sc_hd__ha_1)
     2    0.01    0.07    0.34    1.81 ^ _13427_/SUM (sky130_fd_sc_hd__ha_1)
                                         _00477_ (net)
                  0.07    0.00    1.81 ^ _07505_/A (sky130_fd_sc_hd__inv_1)
     1    0.00    0.03    0.05    1.86 v _07505_/Y (sky130_fd_sc_hd__inv_1)
                                         _00430_ (net)
                  0.03    0.00    1.86 v _13611_/B (sky130_fd_sc_hd__ha_1)
     2    0.01    0.07    0.20    2.06 v _13611_/COUT (sky130_fd_sc_hd__ha_1)
                                         _00193_ (net)
                  0.07    0.00    2.06 v _13164_/A (sky130_fd_sc_hd__fa_1)
     2    0.01    0.09    0.45    2.51 v _13164_/COUT (sky130_fd_sc_hd__fa_1)
                                         _00195_ (net)
                  0.09    0.00    2.51 v _07673_/A1 (sky130_fd_sc_hd__a21oi_1)
     1    0.00    0.14    0.17    2.68 ^ _07673_/Y (sky130_fd_sc_hd__a21oi_1)
                                         _02567_ (net)
                  0.14    0.00    2.68 ^ _07674_/B (sky130_fd_sc_hd__nor2_1)
     1    0.00    0.04    0.05    2.73 v _07674_/Y (sky130_fd_sc_hd__nor2_1)
                                         _02568_ (net)
                  0.04    0.00    2.73 v _07675_/B (sky130_fd_sc_hd__nor2_1)
     2    0.01    0.17    0.15    2.88 ^ _07675_/Y (sky130_fd_sc_hd__nor2_1)
                                         _02569_ (net)
                  0.17    0.00    2.88 ^ _07686_/B (sky130_fd_sc_hd__xnor2_1)
     2    0.01    0.08    0.12    3.00 v _07686_/Y (sky130_fd_sc_hd__xnor2_1)
                                         _02580_ (net)
                  0.08    0.00    3.00 v _07689_/A (sky130_fd_sc_hd__nor3_1)
     2    0.01    0.21    0.24    3.25 ^ _07689_/Y (sky130_fd_sc_hd__nor3_1)
                                         _02583_ (net)
                  0.21    0.00    3.25 ^ _07690_/B_N (sky130_fd_sc_hd__nor2b_1)
     2    0.01    0.14    0.20    3.45 ^ _07690_/Y (sky130_fd_sc_hd__nor2b_1)
                                         _02584_ (net)
                  0.14    0.00    3.45 ^ _07691_/B_N (sky130_fd_sc_hd__nor2b_1)
     4    0.01    0.23    0.26    3.71 ^ _07691_/Y (sky130_fd_sc_hd__nor2b_1)
                                         _02585_ (net)
                  0.23    0.00    3.71 ^ _07692_/B (sky130_fd_sc_hd__nand2_1)
     1    0.00    0.08    0.08    3.79 v _07692_/Y (sky130_fd_sc_hd__nand2_1)
                                         _02586_ (net)
                  0.08    0.00    3.79 v _07693_/B1 (sky130_fd_sc_hd__a21oi_1)
     1    0.00    0.14    0.15    3.94 ^ _07693_/Y (sky130_fd_sc_hd__a21oi_1)
                                         _02587_ (net)
                  0.14    0.00    3.94 ^ _07694_/B (sky130_fd_sc_hd__nor2_1)
     1    0.00    0.08    0.07    4.00 v _07694_/Y (sky130_fd_sc_hd__nor2_1)
                                         _02588_ (net)
                  0.08    0.00    4.00 v _07700_/A2 (sky130_fd_sc_hd__o211a_1)
     3    0.01    0.06    0.24    4.25 v _07700_/X (sky130_fd_sc_hd__o211a_1)
                                         _02594_ (net)
                  0.06    0.00    4.25 v _07701_/B (sky130_fd_sc_hd__or2_2)
    11    0.04    0.13    0.38    4.63 v _07701_/X (sky130_fd_sc_hd__or2_2)
                                         _02595_ (net)
                  0.13    0.00    4.63 v _07877_/B (sky130_fd_sc_hd__nor2_1)
     1    0.00    0.09    0.12    4.75 ^ _07877_/Y (sky130_fd_sc_hd__nor2_1)
                                         _02677_ (net)
                  0.09    0.00    4.75 ^ _07878_/B1 (sky130_fd_sc_hd__a21oi_1)
     1    0.00    0.06    0.05    4.80 v _07878_/Y (sky130_fd_sc_hd__a21oi_1)
                                         _02678_ (net)
                  0.06    0.00    4.80 v _07880_/A2 (sky130_fd_sc_hd__a211oi_1)
     5    0.03    0.87    0.74    5.54 ^ _07880_/Y (sky130_fd_sc_hd__a211oi_1)
                                         _02680_ (net)
                  0.87    0.00    5.54 ^ _07881_/B1 (sky130_fd_sc_hd__a21o_1)
     8    0.03    0.28    0.32    5.86 ^ _07881_/X (sky130_fd_sc_hd__a21o_1)
                                         _02681_ (net)
                  0.28    0.00    5.87 ^ _07952_/A (sky130_fd_sc_hd__nor2_1)
     1    0.01    0.18    0.12    5.98 v _07952_/Y (sky130_fd_sc_hd__nor2_1)
                                         _00206_ (net)
                  0.18    0.00    5.98 v _13201_/A (sky130_fd_sc_hd__fa_1)
     1    0.01    0.09    0.53    6.51 v _13201_/SUM (sky130_fd_sc_hd__fa_1)
                                         _06884_ (net)
                  0.09    0.00    6.51 v _13291_/B (sky130_fd_sc_hd__ha_1)
     1    0.01    0.05    0.21    6.72 v _13291_/COUT (sky130_fd_sc_hd__ha_1)
                                         _06831_ (net)
                  0.05    0.00    6.72 v _13165_/CIN (sky130_fd_sc_hd__fa_1)
     1    0.01    0.08    0.50    7.22 ^ _13165_/SUM (sky130_fd_sc_hd__fa_1)
                                         _06600_ (net)
                  0.08    0.00    7.22 ^ _13066_/CIN (sky130_fd_sc_hd__fa_1)
     1    0.01    0.10    0.44    7.66 v _13066_/SUM (sky130_fd_sc_hd__fa_1)
                                         _06602_ (net)
                  0.10    0.00    7.66 v _13094_/B (sky130_fd_sc_hd__fa_1)
     1    0.00    0.09    0.48    8.14 v _13094_/SUM (sky130_fd_sc_hd__fa_1)
                                         _06675_ (net)
                  0.09    0.00    8.14 v _13502_/B (sky130_fd_sc_hd__ha_1)
     1    0.00    0.05    0.28    8.42 v _13502_/SUM (sky130_fd_sc_hd__ha_1)
                                         _00595_ (net)
                  0.05    0.00    8.42 v _07111_/A (sky130_fd_sc_hd__inv_1)
     3    0.01    0.10    0.10    8.52 ^ _07111_/Y (sky130_fd_sc_hd__inv_1)
                                         _02077_ (net)
                  0.10    0.00    8.52 ^ _07465_/A (sky130_fd_sc_hd__nor2_1)
     1    0.00    0.04    0.06    8.57 v _07465_/Y (sky130_fd_sc_hd__nor2_1)
                                         _02398_ (net)
                  0.04    0.00    8.57 v _07466_/B (sky130_fd_sc_hd__nor2_1)
     2    0.01    0.17    0.15    8.72 ^ _07466_/Y (sky130_fd_sc_hd__nor2_1)
                                         _02399_ (net)
                  0.17    0.00    8.72 ^ _07467_/A2 (sky130_fd_sc_hd__o21bai_1)
     1    0.00    0.05    0.08    8.81 v _07467_/Y (sky130_fd_sc_hd__o21bai_1)
                                         _02400_ (net)
                  0.05    0.00    8.81 v _07468_/A2 (sky130_fd_sc_hd__a21oi_1)
     2    0.01    0.22    0.23    9.04 ^ _07468_/Y (sky130_fd_sc_hd__a21oi_1)
                                         _02401_ (net)
                  0.22    0.00    9.04 ^ _07469_/A2 (sky130_fd_sc_hd__o21bai_1)
     1    0.00    0.06    0.10    9.13 v _07469_/Y (sky130_fd_sc_hd__o21bai_1)
                                         _02402_ (net)
                  0.06    0.00    9.13 v _07470_/A2 (sky130_fd_sc_hd__a21oi_1)
     2    0.01    0.20    0.22    9.35 ^ _07470_/Y (sky130_fd_sc_hd__a21oi_1)
                                         _02403_ (net)
                  0.20    0.00    9.35 ^ _07471_/A2 (sky130_fd_sc_hd__o21bai_1)
     1    0.00    0.05    0.09    9.44 v _07471_/Y (sky130_fd_sc_hd__o21bai_1)
                                         _02404_ (net)
                  0.05    0.00    9.44 v _07472_/A2 (sky130_fd_sc_hd__a21oi_1)
     2    0.01    0.22    0.23    9.67 ^ _07472_/Y (sky130_fd_sc_hd__a21oi_1)
                                         _02405_ (net)
                  0.22    0.00    9.67 ^ _07473_/A2 (sky130_fd_sc_hd__o21bai_1)
     1    0.00    0.05    0.09    9.76 v _07473_/Y (sky130_fd_sc_hd__o21bai_1)
                                         _02406_ (net)
                  0.05    0.00    9.77 v _07474_/A2 (sky130_fd_sc_hd__a21oi_1)
     2    0.01    0.21    0.22    9.99 ^ _07474_/Y (sky130_fd_sc_hd__a21oi_1)
                                         _02407_ (net)
                  0.21    0.00    9.99 ^ _07475_/A2 (sky130_fd_sc_hd__o21bai_1)
     1    0.00    0.05    0.09   10.08 v _07475_/Y (sky130_fd_sc_hd__o21bai_1)
                                         _02408_ (net)
                  0.05    0.00   10.08 v _07476_/A2 (sky130_fd_sc_hd__a21oi_1)
     2    0.01    0.22    0.22   10.30 ^ _07476_/Y (sky130_fd_sc_hd__a21oi_1)
                                         _02409_ (net)
                  0.22    0.00   10.30 ^ _07477_/A (sky130_fd_sc_hd__nor2b_1)
     1    0.00    0.06    0.07   10.37 v _07477_/Y (sky130_fd_sc_hd__nor2b_1)
                                         _02410_ (net)
                  0.06    0.00   10.37 v _07478_/A2 (sky130_fd_sc_hd__o21a_1)
     2    0.01    0.05    0.18   10.56 v _07478_/X (sky130_fd_sc_hd__o21a_1)
                                         _02411_ (net)
                  0.05    0.00   10.56 v _07782_/A4 (sky130_fd_sc_hd__o41a_1)
     2    0.01    0.10    0.35   10.91 v _07782_/X (sky130_fd_sc_hd__o41a_1)
                                         _02612_ (net)
                  0.10    0.00   10.91 v _07783_/B (sky130_fd_sc_hd__xor2_1)
     7    0.05    0.95    0.76   11.67 ^ _07783_/X (sky130_fd_sc_hd__xor2_1)
                                         mul_product[22] (net)
                  0.95    0.00   11.68 ^ _12954_/CIN (sky130_fd_sc_hd__fa_1)
     2    0.01    0.11    0.59   12.27 v _12954_/SUM (sky130_fd_sc_hd__fa_1)
                                         _06235_ (net)
                  0.11    0.00   12.27 v _13071_/CIN (sky130_fd_sc_hd__fa_1)
     1    0.01    0.09    0.53   12.80 ^ _13071_/SUM (sky130_fd_sc_hd__fa_1)
                                         _06364_ (net)
                  0.09    0.00   12.80 ^ _12997_/CIN (sky130_fd_sc_hd__fa_1)
     1    0.01    0.09    0.43   13.23 v _12997_/SUM (sky130_fd_sc_hd__fa_1)
                                         _06366_ (net)
                  0.09    0.00   13.23 v _13186_/CIN (sky130_fd_sc_hd__fa_1)
     1    0.01    0.08    0.52   13.75 ^ _13186_/SUM (sky130_fd_sc_hd__fa_1)
                                         _06421_ (net)
                  0.08    0.00   13.75 ^ _13012_/B (sky130_fd_sc_hd__fa_1)
     1    0.00    0.08    0.42   14.16 v _13012_/SUM (sky130_fd_sc_hd__fa_1)
                                         _06424_ (net)
                  0.08    0.00   14.16 v _13572_/B (sky130_fd_sc_hd__ha_1)
     1    0.00    0.04    0.28   14.45 ^ _13572_/SUM (sky130_fd_sc_hd__ha_1)
                                         _00681_ (net)
                  0.04    0.00   14.45 ^ _07181_/B1 (sky130_fd_sc_hd__o21a_1)
     2    0.01    0.07    0.13   14.57 ^ _07181_/X (sky130_fd_sc_hd__o21a_1)
                                         _02132_ (net)
                  0.07    0.00   14.58 ^ _07182_/C (sky130_fd_sc_hd__and3_1)
     2    0.01    0.08    0.18   14.75 ^ _07182_/X (sky130_fd_sc_hd__and3_1)
                                         _02133_ (net)
                  0.08    0.00   14.75 ^ _07187_/A2 (sky130_fd_sc_hd__a211oi_1)
     1    0.00    0.10    0.08   14.83 v _07187_/Y (sky130_fd_sc_hd__a211oi_1)
                                         _02138_ (net)
                  0.10    0.00   14.83 v _07190_/A (sky130_fd_sc_hd__nor3_1)
     3    0.01    0.29    0.31   15.14 ^ _07190_/Y (sky130_fd_sc_hd__nor3_1)
                                         _02141_ (net)
                  0.29    0.00   15.14 ^ _07194_/A4 (sky130_fd_sc_hd__a41oi_1)
     3    0.01    0.15    0.21   15.34 v _07194_/Y (sky130_fd_sc_hd__a41oi_1)
                                         _02145_ (net)
                  0.15    0.00   15.34 v _07199_/A1 (sky130_fd_sc_hd__a2111oi_0)
     3    0.01    0.81    0.73   16.08 ^ _07199_/Y (sky130_fd_sc_hd__a2111oi_0)
                                         _02150_ (net)
                  0.81    0.00   16.08 ^ _07200_/A2 (sky130_fd_sc_hd__o21a_1)
     3    0.01    0.11    0.23   16.31 ^ _07200_/X (sky130_fd_sc_hd__o21a_1)
                                         _02151_ (net)
                  0.11    0.00   16.31 ^ _07201_/A2 (sky130_fd_sc_hd__o21a_1)
     1    0.00    0.04    0.12   16.43 ^ _07201_/X (sky130_fd_sc_hd__o21a_1)
                                         _02152_ (net)
                  0.04    0.00   16.43 ^ _07202_/B (sky130_fd_sc_hd__nor2_1)
     1    0.00    0.03    0.04   16.47 v _07202_/Y (sky130_fd_sc_hd__nor2_1)
                                         _02153_ (net)
                  0.03    0.00   16.47 v _07203_/B (sky130_fd_sc_hd__xnor2_1)
     4    0.03    0.57    0.46   16.93 ^ _07203_/Y (sky130_fd_sc_hd__xnor2_1)
                                         u_mul_reduce.prod[36] (net)
                  0.57    0.00   16.93 ^ _13323_/B (sky130_fd_sc_hd__ha_1)
     1    0.01    0.07    0.36   17.29 v _13323_/SUM (sky130_fd_sc_hd__ha_1)
                                         _06984_ (net)
                  0.07    0.00   17.29 v _13600_/B (sky130_fd_sc_hd__ha_1)
     1    0.01    0.07    0.31   17.59 v _13600_/SUM (sky130_fd_sc_hd__ha_1)
                                         _06206_ (net)
                  0.07    0.00   17.59 v _12943_/A (sky130_fd_sc_hd__fa_1)
     1    0.00    0.05    0.54   18.13 ^ _12943_/SUM (sky130_fd_sc_hd__fa_1)
                                         _00017_ (net)
                  0.05    0.00   18.13 ^ _07774_/A (sky130_fd_sc_hd__inv_1)
     1    0.01    0.04    0.05   18.18 v _07774_/Y (sky130_fd_sc_hd__inv_1)
                                         _00151_ (net)
                  0.04    0.00   18.18 v _13121_/B (sky130_fd_sc_hd__fa_1)
     1    0.00    0.08    0.45   18.63 v _13121_/SUM (sky130_fd_sc_hd__fa_1)
                                         _06724_ (net)
                  0.08    0.00   18.63 v _13285_/A (sky130_fd_sc_hd__ha_1)
     7    0.03    0.16    0.43   19.06 v _13285_/SUM (sky130_fd_sc_hd__ha_1)
                                         _00315_ (net)
                  0.16    0.00   19.06 v _07299_/B (sky130_fd_sc_hd__and3_1)
     2    0.01    0.05    0.23   19.28 v _07299_/X (sky130_fd_sc_hd__and3_1)
                                         _02241_ (net)
                  0.05    0.00   19.28 v _07310_/A1 (sky130_fd_sc_hd__a21oi_1)
     6    0.02    0.45    0.37   19.66 ^ _07310_/Y (sky130_fd_sc_hd__a21oi_1)
                                         _02252_ (net)
                  0.45    0.00   19.66 ^ _07402_/A2 (sky130_fd_sc_hd__a21oi_1)
     1    0.00    0.09    0.14   19.80 v _07402_/Y (sky130_fd_sc_hd__a21oi_1)
                                         _02344_ (net)
                  0.09    0.00   19.80 v _07405_/B1 (sky130_fd_sc_hd__a311oi_1)
     5    0.02    0.72    0.63   20.43 ^ _07405_/Y (sky130_fd_sc_hd__a311oi_1)
                                         _02347_ (net)
                  0.72    0.00   20.43 ^ _07406_/C (sky130_fd_sc_hd__nand3b_1)
     4    0.02    0.24    0.29   20.72 v _07406_/Y (sky130_fd_sc_hd__nand3b_1)
                                         _02348_ (net)
                  0.24    0.00   20.72 v _07603_/C (sky130_fd_sc_hd__nor4_1)
     4    0.01    0.63    0.60   21.33 ^ _07603_/Y (sky130_fd_sc_hd__nor4_1)
                                         _02502_ (net)
                  0.63    0.00   21.33 ^ _07611_/C (sky130_fd_sc_hd__nand3_1)
    12    0.06    0.58    0.60   21.93 v _07611_/Y (sky130_fd_sc_hd__nand3_1)
                                         _02510_ (net)
                  0.58    0.01   21.93 v _07713_/A2 (sky130_fd_sc_hd__o21ai_0)
     3    0.01    0.46    0.59   22.53 ^ _07713_/Y (sky130_fd_sc_hd__o21ai_0)
                                         _00288_ (net)
                  0.46    0.00   22.53 ^ _13253_/B (sky130_fd_sc_hd__ha_1)
     3    0.01    0.11    0.28   22.81 ^ _13253_/COUT (sky130_fd_sc_hd__ha_1)
                                         _00289_ (net)
                  0.11    0.00   22.81 ^ _11821_/A (sky130_fd_sc_hd__inv_1)
     2    0.01    0.05    0.08   22.89 v _11821_/Y (sky130_fd_sc_hd__inv_1)
                                         _01304_ (net)
                  0.05    0.00   22.89 v _11823_/A1 (sky130_fd_sc_hd__o32ai_1)
     6    0.02    0.77    0.69   23.58 ^ _11823_/Y (sky130_fd_sc_hd__o32ai_1)
                                         _01306_ (net)
                  0.77    0.00   23.58 ^ _11826_/C1 (sky130_fd_sc_hd__o2111ai_1)
     7    0.03    0.44    0.52   24.10 v _11826_/Y (sky130_fd_sc_hd__o2111ai_1)
                                         _01309_ (net)
                  0.44    0.00   24.10 v _11904_/A2 (sky130_fd_sc_hd__a21o_1)
     5    0.01    0.08    0.35   24.46 v _11904_/X (sky130_fd_sc_hd__a21o_1)
                                         _01387_ (net)
                  0.08    0.00   24.46 v _11949_/B1 (sky130_fd_sc_hd__o21ai_0)
     1    0.00    0.16    0.09   24.55 ^ _11949_/Y (sky130_fd_sc_hd__o21ai_0)
                                         _01432_ (net)
                  0.16    0.00   24.55 ^ _11950_/D_N (sky130_fd_sc_hd__or4b_2)
     1    0.00    0.10    0.59   25.14 v _11950_/X (sky130_fd_sc_hd__or4b_2)
                                         _01433_ (net)
                  0.10    0.00   25.14 v _11963_/A_N (sky130_fd_sc_hd__nand4bb_1)
     1    0.01    0.18    0.27   25.41 v _11963_/Y (sky130_fd_sc_hd__nand4bb_1)
                                         _01446_ (net)
                  0.18    0.00   25.41 v _11964_/D1 (sky130_fd_sc_hd__a2111oi_4)
    21    0.08    1.17    0.95   26.36 ^ _11964_/Y (sky130_fd_sc_hd__a2111oi_4)
                                         _01447_ (net)
                  1.17    0.01   26.37 ^ _12030_/S (sky130_fd_sc_hd__mux2i_1)
     1    0.00    0.18    0.21   26.57 v _12030_/Y (sky130_fd_sc_hd__mux2i_1)
                                         _01505_ (net)
                  0.18    0.00   26.57 v _12032_/B1 (sky130_fd_sc_hd__a211oi_2)
     1    0.00    0.16    0.24   26.81 ^ _12032_/Y (sky130_fd_sc_hd__a211oi_2)
                                         _00800_ (net)
                  0.16    0.00   26.81 ^ mul_reduced_q[2]$_DFFE_PN0P_/D (sky130_fd_sc_hd__dfrtp_1)
                                 26.81   data arrival time

                         30.00   30.00   clock clk (rise edge)
                          0.00   30.00   clock source latency
     2    0.09    0.00    0.00   30.00 ^ clk (in)
                                         clk (net)
                  0.01    0.00   30.00 ^ clkbuf_0_clk/A (sky130_fd_sc_hd__clkbuf_16)
     4    0.16    0.17    0.21   30.22 ^ clkbuf_0_clk/X (sky130_fd_sc_hd__clkbuf_16)
                                         clknet_0_clk (net)
                  0.17    0.01   30.22 ^ clkbuf_2_3_0_clk/A (sky130_fd_sc_hd__clkbuf_16)
     8    0.16    0.17    0.27   30.49 ^ clkbuf_2_3_0_clk/X (sky130_fd_sc_hd__clkbuf_16)
                                         clknet_2_3_0_clk (net)
                  0.17    0.00   30.50 ^ clkbuf_5_27__f_clk/A (sky130_fd_sc_hd__clkbuf_16)
    11    0.17    0.18    0.28   30.77 ^ clkbuf_5_27__f_clk/X (sky130_fd_sc_hd__clkbuf_16)
                                         clknet_5_27__leaf_clk (net)
                  0.18    0.01   30.78 ^ clkbuf_leaf_237_clk/A (sky130_fd_sc_hd__clkbuf_16)
    10    0.04    0.06    0.18   30.96 ^ clkbuf_leaf_237_clk/X (sky130_fd_sc_hd__clkbuf_16)
                                         clknet_leaf_237_clk (net)
                  0.06    0.00   30.96 ^ mul_reduced_q[2]$_DFFE_PN0P_/CLK (sky130_fd_sc_hd__dfrtp_1)
                         -0.25   30.71   clock uncertainty
                          0.00   30.71   clock reconvergence pessimism
                         -0.08   30.63   library setup time
                                 30.63   data required time
-----------------------------------------------------------------------------
                                 30.63   data required time
                                -26.81   data arrival time
-----------------------------------------------------------------------------
                                  3.81   slack (MET)



==========================================================================
finish report_checks -unconstrained
--------------------------------------------------------------------------
Startpoint: coeff_a_q[1]$_DFFE_PN0P_
            (rising edge-triggered flip-flop clocked by clk)
Endpoint: mul_reduced_q[2]$_DFFE_PN0P_
          (rising edge-triggered flip-flop clocked by clk)
Path Group: clk
Path Type: max

Fanout     Cap    Slew   Delay    Time   Description
-----------------------------------------------------------------------------
                          0.00    0.00   clock clk (rise edge)
                          0.00    0.00   clock source latency
     2    0.09    0.00    0.00    0.00 ^ clk (in)
                                         clk (net)
                  0.01    0.00    0.00 ^ clkbuf_0_clk/A (sky130_fd_sc_hd__clkbuf_16)
     4    0.16    0.17    0.21    0.22 ^ clkbuf_0_clk/X (sky130_fd_sc_hd__clkbuf_16)
                                         clknet_0_clk (net)
                  0.17    0.01    0.22 ^ clkbuf_2_3_0_clk/A (sky130_fd_sc_hd__clkbuf_16)
     8    0.16    0.17    0.27    0.49 ^ clkbuf_2_3_0_clk/X (sky130_fd_sc_hd__clkbuf_16)
                                         clknet_2_3_0_clk (net)
                  0.17    0.00    0.50 ^ clkbuf_5_30__f_clk/A (sky130_fd_sc_hd__clkbuf_16)
    14    0.20    0.21    0.30    0.79 ^ clkbuf_5_30__f_clk/X (sky130_fd_sc_hd__clkbuf_16)
                                         clknet_5_30__leaf_clk (net)
                  0.21    0.00    0.79 ^ clkbuf_leaf_235_clk/A (sky130_fd_sc_hd__clkbuf_16)
    10    0.04    0.06    0.20    0.99 ^ clkbuf_leaf_235_clk/X (sky130_fd_sc_hd__clkbuf_16)
                                         clknet_leaf_235_clk (net)
                  0.06    0.00    0.99 ^ coeff_a_q[1]$_DFFE_PN0P_/CLK (sky130_fd_sc_hd__dfrtp_1)
     6    0.03    0.16    0.48    1.47 v coeff_a_q[1]$_DFFE_PN0P_/Q (sky130_fd_sc_hd__dfrtp_1)
                                         coeff_a_q[1] (net)
                  0.16    0.00    1.47 v _13427_/A (sky130_fd_sc_hd__ha_1)
     2    0.01    0.07    0.34    1.81 ^ _13427_/SUM (sky130_fd_sc_hd__ha_1)
                                         _00477_ (net)
                  0.07    0.00    1.81 ^ _07505_/A (sky130_fd_sc_hd__inv_1)
     1    0.00    0.03    0.05    1.86 v _07505_/Y (sky130_fd_sc_hd__inv_1)
                                         _00430_ (net)
                  0.03    0.00    1.86 v _13611_/B (sky130_fd_sc_hd__ha_1)
     2    0.01    0.07    0.20    2.06 v _13611_/COUT (sky130_fd_sc_hd__ha_1)
                                         _00193_ (net)
                  0.07    0.00    2.06 v _13164_/A (sky130_fd_sc_hd__fa_1)
     2    0.01    0.09    0.45    2.51 v _13164_/COUT (sky130_fd_sc_hd__fa_1)
                                         _00195_ (net)
                  0.09    0.00    2.51 v _07673_/A1 (sky130_fd_sc_hd__a21oi_1)
     1    0.00    0.14    0.17    2.68 ^ _07673_/Y (sky130_fd_sc_hd__a21oi_1)
                                         _02567_ (net)
                  0.14    0.00    2.68 ^ _07674_/B (sky130_fd_sc_hd__nor2_1)
     1    0.00    0.04    0.05    2.73 v _07674_/Y (sky130_fd_sc_hd__nor2_1)
                                         _02568_ (net)
                  0.04    0.00    2.73 v _07675_/B (sky130_fd_sc_hd__nor2_1)
     2    0.01    0.17    0.15    2.88 ^ _07675_/Y (sky130_fd_sc_hd__nor2_1)
                                         _02569_ (net)
                  0.17    0.00    2.88 ^ _07686_/B (sky130_fd_sc_hd__xnor2_1)
     2    0.01    0.08    0.12    3.00 v _07686_/Y (sky130_fd_sc_hd__xnor2_1)
                                         _02580_ (net)
                  0.08    0.00    3.00 v _07689_/A (sky130_fd_sc_hd__nor3_1)
     2    0.01    0.21    0.24    3.25 ^ _07689_/Y (sky130_fd_sc_hd__nor3_1)
                                         _02583_ (net)
                  0.21    0.00    3.25 ^ _07690_/B_N (sky130_fd_sc_hd__nor2b_1)
     2    0.01    0.14    0.20    3.45 ^ _07690_/Y (sky130_fd_sc_hd__nor2b_1)
                                         _02584_ (net)
                  0.14    0.00    3.45 ^ _07691_/B_N (sky130_fd_sc_hd__nor2b_1)
     4    0.01    0.23    0.26    3.71 ^ _07691_/Y (sky130_fd_sc_hd__nor2b_1)
                                         _02585_ (net)
                  0.23    0.00    3.71 ^ _07692_/B (sky130_fd_sc_hd__nand2_1)
     1    0.00    0.08    0.08    3.79 v _07692_/Y (sky130_fd_sc_hd__nand2_1)
                                         _02586_ (net)
                  0.08    0.00    3.79 v _07693_/B1 (sky130_fd_sc_hd__a21oi_1)
     1    0.00    0.14    0.15    3.94 ^ _07693_/Y (sky130_fd_sc_hd__a21oi_1)
                                         _02587_ (net)
                  0.14    0.00    3.94 ^ _07694_/B (sky130_fd_sc_hd__nor2_1)
     1    0.00    0.08    0.07    4.00 v _07694_/Y (sky130_fd_sc_hd__nor2_1)
                                         _02588_ (net)
                  0.08    0.00    4.00 v _07700_/A2 (sky130_fd_sc_hd__o211a_1)
     3    0.01    0.06    0.24    4.25 v _07700_/X (sky130_fd_sc_hd__o211a_1)
                                         _02594_ (net)
                  0.06    0.00    4.25 v _07701_/B (sky130_fd_sc_hd__or2_2)
    11    0.04    0.13    0.38    4.63 v _07701_/X (sky130_fd_sc_hd__or2_2)
                                         _02595_ (net)
                  0.13    0.00    4.63 v _07877_/B (sky130_fd_sc_hd__nor2_1)
     1    0.00    0.09    0.12    4.75 ^ _07877_/Y (sky130_fd_sc_hd__nor2_1)
                                         _02677_ (net)
                  0.09    0.00    4.75 ^ _07878_/B1 (sky130_fd_sc_hd__a21oi_1)
     1    0.00    0.06    0.05    4.80 v _07878_/Y (sky130_fd_sc_hd__a21oi_1)
                                         _02678_ (net)
                  0.06    0.00    4.80 v _07880_/A2 (sky130_fd_sc_hd__a211oi_1)
     5    0.03    0.87    0.74    5.54 ^ _07880_/Y (sky130_fd_sc_hd__a211oi_1)
                                         _02680_ (net)
                  0.87    0.00    5.54 ^ _07881_/B1 (sky130_fd_sc_hd__a21o_1)
     8    0.03    0.28    0.32    5.86 ^ _07881_/X (sky130_fd_sc_hd__a21o_1)
                                         _02681_ (net)
                  0.28    0.00    5.87 ^ _07952_/A (sky130_fd_sc_hd__nor2_1)
     1    0.01    0.18    0.12    5.98 v _07952_/Y (sky130_fd_sc_hd__nor2_1)
                                         _00206_ (net)
                  0.18    0.00    5.98 v _13201_/A (sky130_fd_sc_hd__fa_1)
     1    0.01    0.09    0.53    6.51 v _13201_/SUM (sky130_fd_sc_hd__fa_1)
                                         _06884_ (net)
                  0.09    0.00    6.51 v _13291_/B (sky130_fd_sc_hd__ha_1)
     1    0.01    0.05    0.21    6.72 v _13291_/COUT (sky130_fd_sc_hd__ha_1)
                                         _06831_ (net)
                  0.05    0.00    6.72 v _13165_/CIN (sky130_fd_sc_hd__fa_1)
     1    0.01    0.08    0.50    7.22 ^ _13165_/SUM (sky130_fd_sc_hd__fa_1)
                                         _06600_ (net)
                  0.08    0.00    7.22 ^ _13066_/CIN (sky130_fd_sc_hd__fa_1)
     1    0.01    0.10    0.44    7.66 v _13066_/SUM (sky130_fd_sc_hd__fa_1)
                                         _06602_ (net)
                  0.10    0.00    7.66 v _13094_/B (sky130_fd_sc_hd__fa_1)
     1    0.00    0.09    0.48    8.14 v _13094_/SUM (sky130_fd_sc_hd__fa_1)
                                         _06675_ (net)
                  0.09    0.00    8.14 v _13502_/B (sky130_fd_sc_hd__ha_1)
     1    0.00    0.05    0.28    8.42 v _13502_/SUM (sky130_fd_sc_hd__ha_1)
                                         _00595_ (net)
                  0.05    0.00    8.42 v _07111_/A (sky130_fd_sc_hd__inv_1)
     3    0.01    0.10    0.10    8.52 ^ _07111_/Y (sky130_fd_sc_hd__inv_1)
                                         _02077_ (net)
                  0.10    0.00    8.52 ^ _07465_/A (sky130_fd_sc_hd__nor2_1)
     1    0.00    0.04    0.06    8.57 v _07465_/Y (sky130_fd_sc_hd__nor2_1)
                                         _02398_ (net)
                  0.04    0.00    8.57 v _07466_/B (sky130_fd_sc_hd__nor2_1)
     2    0.01    0.17    0.15    8.72 ^ _07466_/Y (sky130_fd_sc_hd__nor2_1)
                                         _02399_ (net)
                  0.17    0.00    8.72 ^ _07467_/A2 (sky130_fd_sc_hd__o21bai_1)
     1    0.00    0.05    0.08    8.81 v _07467_/Y (sky130_fd_sc_hd__o21bai_1)
                                         _02400_ (net)
                  0.05    0.00    8.81 v _07468_/A2 (sky130_fd_sc_hd__a21oi_1)
     2    0.01    0.22    0.23    9.04 ^ _07468_/Y (sky130_fd_sc_hd__a21oi_1)
                                         _02401_ (net)
                  0.22    0.00    9.04 ^ _07469_/A2 (sky130_fd_sc_hd__o21bai_1)
     1    0.00    0.06    0.10    9.13 v _07469_/Y (sky130_fd_sc_hd__o21bai_1)
                                         _02402_ (net)
                  0.06    0.00    9.13 v _07470_/A2 (sky130_fd_sc_hd__a21oi_1)
     2    0.01    0.20    0.22    9.35 ^ _07470_/Y (sky130_fd_sc_hd__a21oi_1)
                                         _02403_ (net)
                  0.20    0.00    9.35 ^ _07471_/A2 (sky130_fd_sc_hd__o21bai_1)
     1    0.00    0.05    0.09    9.44 v _07471_/Y (sky130_fd_sc_hd__o21bai_1)
                                         _02404_ (net)
                  0.05    0.00    9.44 v _07472_/A2 (sky130_fd_sc_hd__a21oi_1)
     2    0.01    0.22    0.23    9.67 ^ _07472_/Y (sky130_fd_sc_hd__a21oi_1)
                                         _02405_ (net)
                  0.22    0.00    9.67 ^ _07473_/A2 (sky130_fd_sc_hd__o21bai_1)
     1    0.00    0.05    0.09    9.76 v _07473_/Y (sky130_fd_sc_hd__o21bai_1)
                                         _02406_ (net)
                  0.05    0.00    9.77 v _07474_/A2 (sky130_fd_sc_hd__a21oi_1)
     2    0.01    0.21    0.22    9.99 ^ _07474_/Y (sky130_fd_sc_hd__a21oi_1)
                                         _02407_ (net)
                  0.21    0.00    9.99 ^ _07475_/A2 (sky130_fd_sc_hd__o21bai_1)
     1    0.00    0.05    0.09   10.08 v _07475_/Y (sky130_fd_sc_hd__o21bai_1)
                                         _02408_ (net)
                  0.05    0.00   10.08 v _07476_/A2 (sky130_fd_sc_hd__a21oi_1)
     2    0.01    0.22    0.22   10.30 ^ _07476_/Y (sky130_fd_sc_hd__a21oi_1)
                                         _02409_ (net)
                  0.22    0.00   10.30 ^ _07477_/A (sky130_fd_sc_hd__nor2b_1)
     1    0.00    0.06    0.07   10.37 v _07477_/Y (sky130_fd_sc_hd__nor2b_1)
                                         _02410_ (net)
                  0.06    0.00   10.37 v _07478_/A2 (sky130_fd_sc_hd__o21a_1)
     2    0.01    0.05    0.18   10.56 v _07478_/X (sky130_fd_sc_hd__o21a_1)
                                         _02411_ (net)
                  0.05    0.00   10.56 v _07782_/A4 (sky130_fd_sc_hd__o41a_1)
     2    0.01    0.10    0.35   10.91 v _07782_/X (sky130_fd_sc_hd__o41a_1)
                                         _02612_ (net)
                  0.10    0.00   10.91 v _07783_/B (sky130_fd_sc_hd__xor2_1)
     7    0.05    0.95    0.76   11.67 ^ _07783_/X (sky130_fd_sc_hd__xor2_1)
                                         mul_product[22] (net)
                  0.95    0.00   11.68 ^ _12954_/CIN (sky130_fd_sc_hd__fa_1)
     2    0.01    0.11    0.59   12.27 v _12954_/SUM (sky130_fd_sc_hd__fa_1)
                                         _06235_ (net)
                  0.11    0.00   12.27 v _13071_/CIN (sky130_fd_sc_hd__fa_1)
     1    0.01    0.09    0.53   12.80 ^ _13071_/SUM (sky130_fd_sc_hd__fa_1)
                                         _06364_ (net)
                  0.09    0.00   12.80 ^ _12997_/CIN (sky130_fd_sc_hd__fa_1)
     1    0.01    0.09    0.43   13.23 v _12997_/SUM (sky130_fd_sc_hd__fa_1)
                                         _06366_ (net)
                  0.09    0.00   13.23 v _13186_/CIN (sky130_fd_sc_hd__fa_1)
     1    0.01    0.08    0.52   13.75 ^ _13186_/SUM (sky130_fd_sc_hd__fa_1)
                                         _06421_ (net)
                  0.08    0.00   13.75 ^ _13012_/B (sky130_fd_sc_hd__fa_1)
     1    0.00    0.08    0.42   14.16 v _13012_/SUM (sky130_fd_sc_hd__fa_1)
                                         _06424_ (net)
                  0.08    0.00   14.16 v _13572_/B (sky130_fd_sc_hd__ha_1)
     1    0.00    0.04    0.28   14.45 ^ _13572_/SUM (sky130_fd_sc_hd__ha_1)
                                         _00681_ (net)
                  0.04    0.00   14.45 ^ _07181_/B1 (sky130_fd_sc_hd__o21a_1)
     2    0.01    0.07    0.13   14.57 ^ _07181_/X (sky130_fd_sc_hd__o21a_1)
                                         _02132_ (net)
                  0.07    0.00   14.58 ^ _07182_/C (sky130_fd_sc_hd__and3_1)
     2    0.01    0.08    0.18   14.75 ^ _07182_/X (sky130_fd_sc_hd__and3_1)
                                         _02133_ (net)
                  0.08    0.00   14.75 ^ _07187_/A2 (sky130_fd_sc_hd__a211oi_1)
     1    0.00    0.10    0.08   14.83 v _07187_/Y (sky130_fd_sc_hd__a211oi_1)
                                         _02138_ (net)
                  0.10    0.00   14.83 v _07190_/A (sky130_fd_sc_hd__nor3_1)
     3    0.01    0.29    0.31   15.14 ^ _07190_/Y (sky130_fd_sc_hd__nor3_1)
                                         _02141_ (net)
                  0.29    0.00   15.14 ^ _07194_/A4 (sky130_fd_sc_hd__a41oi_1)
     3    0.01    0.15    0.21   15.34 v _07194_/Y (sky130_fd_sc_hd__a41oi_1)
                                         _02145_ (net)
                  0.15    0.00   15.34 v _07199_/A1 (sky130_fd_sc_hd__a2111oi_0)
     3    0.01    0.81    0.73   16.08 ^ _07199_/Y (sky130_fd_sc_hd__a2111oi_0)
                                         _02150_ (net)
                  0.81    0.00   16.08 ^ _07200_/A2 (sky130_fd_sc_hd__o21a_1)
     3    0.01    0.11    0.23   16.31 ^ _07200_/X (sky130_fd_sc_hd__o21a_1)
                                         _02151_ (net)
                  0.11    0.00   16.31 ^ _07201_/A2 (sky130_fd_sc_hd__o21a_1)
     1    0.00    0.04    0.12   16.43 ^ _07201_/X (sky130_fd_sc_hd__o21a_1)
                                         _02152_ (net)
                  0.04    0.00   16.43 ^ _07202_/B (sky130_fd_sc_hd__nor2_1)
     1    0.00    0.03    0.04   16.47 v _07202_/Y (sky130_fd_sc_hd__nor2_1)
                                         _02153_ (net)
                  0.03    0.00   16.47 v _07203_/B (sky130_fd_sc_hd__xnor2_1)
     4    0.03    0.57    0.46   16.93 ^ _07203_/Y (sky130_fd_sc_hd__xnor2_1)
                                         u_mul_reduce.prod[36] (net)
                  0.57    0.00   16.93 ^ _13323_/B (sky130_fd_sc_hd__ha_1)
     1    0.01    0.07    0.36   17.29 v _13323_/SUM (sky130_fd_sc_hd__ha_1)
                                         _06984_ (net)
                  0.07    0.00   17.29 v _13600_/B (sky130_fd_sc_hd__ha_1)
     1    0.01    0.07    0.31   17.59 v _13600_/SUM (sky130_fd_sc_hd__ha_1)
                                         _06206_ (net)
                  0.07    0.00   17.59 v _12943_/A (sky130_fd_sc_hd__fa_1)
     1    0.00    0.05    0.54   18.13 ^ _12943_/SUM (sky130_fd_sc_hd__fa_1)
                                         _00017_ (net)
                  0.05    0.00   18.13 ^ _07774_/A (sky130_fd_sc_hd__inv_1)
     1    0.01    0.04    0.05   18.18 v _07774_/Y (sky130_fd_sc_hd__inv_1)
                                         _00151_ (net)
                  0.04    0.00   18.18 v _13121_/B (sky130_fd_sc_hd__fa_1)
     1    0.00    0.08    0.45   18.63 v _13121_/SUM (sky130_fd_sc_hd__fa_1)
                                         _06724_ (net)
                  0.08    0.00   18.63 v _13285_/A (sky130_fd_sc_hd__ha_1)
     7    0.03    0.16    0.43   19.06 v _13285_/SUM (sky130_fd_sc_hd__ha_1)
                                         _00315_ (net)
                  0.16    0.00   19.06 v _07299_/B (sky130_fd_sc_hd__and3_1)
     2    0.01    0.05    0.23   19.28 v _07299_/X (sky130_fd_sc_hd__and3_1)
                                         _02241_ (net)
                  0.05    0.00   19.28 v _07310_/A1 (sky130_fd_sc_hd__a21oi_1)
     6    0.02    0.45    0.37   19.66 ^ _07310_/Y (sky130_fd_sc_hd__a21oi_1)
                                         _02252_ (net)
                  0.45    0.00   19.66 ^ _07402_/A2 (sky130_fd_sc_hd__a21oi_1)
     1    0.00    0.09    0.14   19.80 v _07402_/Y (sky130_fd_sc_hd__a21oi_1)
                                         _02344_ (net)
                  0.09    0.00   19.80 v _07405_/B1 (sky130_fd_sc_hd__a311oi_1)
     5    0.02    0.72    0.63   20.43 ^ _07405_/Y (sky130_fd_sc_hd__a311oi_1)
                                         _02347_ (net)
                  0.72    0.00   20.43 ^ _07406_/C (sky130_fd_sc_hd__nand3b_1)
     4    0.02    0.24    0.29   20.72 v _07406_/Y (sky130_fd_sc_hd__nand3b_1)
                                         _02348_ (net)
                  0.24    0.00   20.72 v _07603_/C (sky130_fd_sc_hd__nor4_1)
     4    0.01    0.63    0.60   21.33 ^ _07603_/Y (sky130_fd_sc_hd__nor4_1)
                                         _02502_ (net)
                  0.63    0.00   21.33 ^ _07611_/C (sky130_fd_sc_hd__nand3_1)
    12    0.06    0.58    0.60   21.93 v _07611_/Y (sky130_fd_sc_hd__nand3_1)
                                         _02510_ (net)
                  0.58    0.01   21.93 v _07713_/A2 (sky130_fd_sc_hd__o21ai_0)
     3    0.01    0.46    0.59   22.53 ^ _07713_/Y (sky130_fd_sc_hd__o21ai_0)
                                         _00288_ (net)
                  0.46    0.00   22.53 ^ _13253_/B (sky130_fd_sc_hd__ha_1)
     3    0.01    0.11    0.28   22.81 ^ _13253_/COUT (sky130_fd_sc_hd__ha_1)
                                         _00289_ (net)
                  0.11    0.00   22.81 ^ _11821_/A (sky130_fd_sc_hd__inv_1)
     2    0.01    0.05    0.08   22.89 v _11821_/Y (sky130_fd_sc_hd__inv_1)
                                         _01304_ (net)
                  0.05    0.00   22.89 v _11823_/A1 (sky130_fd_sc_hd__o32ai_1)
     6    0.02    0.77    0.69   23.58 ^ _11823_/Y (sky130_fd_sc_hd__o32ai_1)
                                         _01306_ (net)
                  0.77    0.00   23.58 ^ _11826_/C1 (sky130_fd_sc_hd__o2111ai_1)
     7    0.03    0.44    0.52   24.10 v _11826_/Y (sky130_fd_sc_hd__o2111ai_1)
                                         _01309_ (net)
                  0.44    0.00   24.10 v _11904_/A2 (sky130_fd_sc_hd__a21o_1)
     5    0.01    0.08    0.35   24.46 v _11904_/X (sky130_fd_sc_hd__a21o_1)
                                         _01387_ (net)
                  0.08    0.00   24.46 v _11949_/B1 (sky130_fd_sc_hd__o21ai_0)
     1    0.00    0.16    0.09   24.55 ^ _11949_/Y (sky130_fd_sc_hd__o21ai_0)
                                         _01432_ (net)
                  0.16    0.00   24.55 ^ _11950_/D_N (sky130_fd_sc_hd__or4b_2)
     1    0.00    0.10    0.59   25.14 v _11950_/X (sky130_fd_sc_hd__or4b_2)
                                         _01433_ (net)
                  0.10    0.00   25.14 v _11963_/A_N (sky130_fd_sc_hd__nand4bb_1)
     1    0.01    0.18    0.27   25.41 v _11963_/Y (sky130_fd_sc_hd__nand4bb_1)
                                         _01446_ (net)
                  0.18    0.00   25.41 v _11964_/D1 (sky130_fd_sc_hd__a2111oi_4)
    21    0.08    1.17    0.95   26.36 ^ _11964_/Y (sky130_fd_sc_hd__a2111oi_4)
                                         _01447_ (net)
                  1.17    0.01   26.37 ^ _12030_/S (sky130_fd_sc_hd__mux2i_1)
     1    0.00    0.18    0.21   26.57 v _12030_/Y (sky130_fd_sc_hd__mux2i_1)
                                         _01505_ (net)
                  0.18    0.00   26.57 v _12032_/B1 (sky130_fd_sc_hd__a211oi_2)
     1    0.00    0.16    0.24   26.81 ^ _12032_/Y (sky130_fd_sc_hd__a211oi_2)
                                         _00800_ (net)
                  0.16    0.00   26.81 ^ mul_reduced_q[2]$_DFFE_PN0P_/D (sky130_fd_sc_hd__dfrtp_1)
                                 26.81   data arrival time

                         30.00   30.00   clock clk (rise edge)
                          0.00   30.00   clock source latency
     2    0.09    0.00    0.00   30.00 ^ clk (in)
                                         clk (net)
                  0.01    0.00   30.00 ^ clkbuf_0_clk/A (sky130_fd_sc_hd__clkbuf_16)
     4    0.16    0.17    0.21   30.22 ^ clkbuf_0_clk/X (sky130_fd_sc_hd__clkbuf_16)
                                         clknet_0_clk (net)
                  0.17    0.01   30.22 ^ clkbuf_2_3_0_clk/A (sky130_fd_sc_hd__clkbuf_16)
     8    0.16    0.17    0.27   30.49 ^ clkbuf_2_3_0_clk/X (sky130_fd_sc_hd__clkbuf_16)
                                         clknet_2_3_0_clk (net)
                  0.17    0.00   30.50 ^ clkbuf_5_27__f_clk/A (sky130_fd_sc_hd__clkbuf_16)
    11    0.17    0.18    0.28   30.77 ^ clkbuf_5_27__f_clk/X (sky130_fd_sc_hd__clkbuf_16)
                                         clknet_5_27__leaf_clk (net)
                  0.18    0.01   30.78 ^ clkbuf_leaf_237_clk/A (sky130_fd_sc_hd__clkbuf_16)
    10    0.04    0.06    0.18   30.96 ^ clkbuf_leaf_237_clk/X (sky130_fd_sc_hd__clkbuf_16)
                                         clknet_leaf_237_clk (net)
                  0.06    0.00   30.96 ^ mul_reduced_q[2]$_DFFE_PN0P_/CLK (sky130_fd_sc_hd__dfrtp_1)
                         -0.25   30.71   clock uncertainty
                          0.00   30.71   clock reconvergence pessimism
                         -0.08   30.63   library setup time
                                 30.63   data required time
-----------------------------------------------------------------------------
                                 30.63   data required time
                                -26.81   data arrival time
-----------------------------------------------------------------------------
                                  3.81   slack (MET)



==========================================================================
finish report_check_types -max_slew -max_cap -max_fanout -violators
--------------------------------------------------------------------------

==========================================================================
finish max_slew_check_slack
--------------------------------------------------------------------------
0.007524536922574043

==========================================================================
finish max_slew_check_limit
--------------------------------------------------------------------------
1.48431396484375

==========================================================================
finish max_slew_check_slack_limit
--------------------------------------------------------------------------
0.0051

==========================================================================
finish max_fanout_check_slack
--------------------------------------------------------------------------
1.0000000150474662e+30

==========================================================================
finish max_fanout_check_limit
--------------------------------------------------------------------------
1.0000000150474662e+30

==========================================================================
finish max_capacitance_check_slack
--------------------------------------------------------------------------
-0.0006071091629564762

==========================================================================
finish max_capacitance_check_limit
--------------------------------------------------------------------------
0.05036399886012077

==========================================================================
finish max_capacitance_check_slack_limit
--------------------------------------------------------------------------
-0.0121

==========================================================================
finish max_slew_violation_count
--------------------------------------------------------------------------
max slew violation count 0

==========================================================================
finish max_fanout_violation_count
--------------------------------------------------------------------------
max fanout violation count 0

==========================================================================
finish max_cap_violation_count
--------------------------------------------------------------------------
max cap violation count 0

==========================================================================
finish setup_violation_count
--------------------------------------------------------------------------
setup violation count 0

==========================================================================
finish hold_violation_count
--------------------------------------------------------------------------
hold violation count 0

==========================================================================
finish report_checks -path_delay max reg to reg
--------------------------------------------------------------------------
Startpoint: coeff_a_q[1]$_DFFE_PN0P_
            (rising edge-triggered flip-flop clocked by clk)
Endpoint: mul_reduced_q[2]$_DFFE_PN0P_
          (rising edge-triggered flip-flop clocked by clk)
Path Group: clk
Path Type: max

  Delay    Time   Description
---------------------------------------------------------
   0.00    0.00   clock clk (rise edge)
   0.00    0.00   clock source latency
   0.00    0.00 ^ clk (in)
   0.22    0.22 ^ clkbuf_0_clk/X (sky130_fd_sc_hd__clkbuf_16)
   0.28    0.49 ^ clkbuf_2_3_0_clk/X (sky130_fd_sc_hd__clkbuf_16)
   0.30    0.79 ^ clkbuf_5_30__f_clk/X (sky130_fd_sc_hd__clkbuf_16)
   0.20    0.99 ^ clkbuf_leaf_235_clk/X (sky130_fd_sc_hd__clkbuf_16)
   0.00    0.99 ^ coeff_a_q[1]$_DFFE_PN0P_/CLK (sky130_fd_sc_hd__dfrtp_1)
   0.48    1.47 v coeff_a_q[1]$_DFFE_PN0P_/Q (sky130_fd_sc_hd__dfrtp_1)
   0.34    1.81 ^ _13427_/SUM (sky130_fd_sc_hd__ha_1)
   0.05    1.86 v _07505_/Y (sky130_fd_sc_hd__inv_1)
   0.20    2.06 v _13611_/COUT (sky130_fd_sc_hd__ha_1)
   0.45    2.51 v _13164_/COUT (sky130_fd_sc_hd__fa_1)
   0.17    2.68 ^ _07673_/Y (sky130_fd_sc_hd__a21oi_1)
   0.06    2.73 v _07674_/Y (sky130_fd_sc_hd__nor2_1)
   0.15    2.88 ^ _07675_/Y (sky130_fd_sc_hd__nor2_1)
   0.12    3.00 v _07686_/Y (sky130_fd_sc_hd__xnor2_1)
   0.24    3.25 ^ _07689_/Y (sky130_fd_sc_hd__nor3_1)
   0.20    3.45 ^ _07690_/Y (sky130_fd_sc_hd__nor2b_1)
   0.26    3.71 ^ _07691_/Y (sky130_fd_sc_hd__nor2b_1)
   0.08    3.79 v _07692_/Y (sky130_fd_sc_hd__nand2_1)
   0.15    3.94 ^ _07693_/Y (sky130_fd_sc_hd__a21oi_1)
   0.07    4.00 v _07694_/Y (sky130_fd_sc_hd__nor2_1)
   0.24    4.25 v _07700_/X (sky130_fd_sc_hd__o211a_1)
   0.38    4.63 v _07701_/X (sky130_fd_sc_hd__or2_2)
   0.12    4.75 ^ _07877_/Y (sky130_fd_sc_hd__nor2_1)
   0.05    4.80 v _07878_/Y (sky130_fd_sc_hd__a21oi_1)
   0.75    5.54 ^ _07880_/Y (sky130_fd_sc_hd__a211oi_1)
   0.32    5.86 ^ _07881_/X (sky130_fd_sc_hd__a21o_1)
   0.12    5.98 v _07952_/Y (sky130_fd_sc_hd__nor2_1)
   0.53    6.51 v _13201_/SUM (sky130_fd_sc_hd__fa_1)
   0.21    6.72 v _13291_/COUT (sky130_fd_sc_hd__ha_1)
   0.50    7.22 ^ _13165_/SUM (sky130_fd_sc_hd__fa_1)
   0.44    7.66 v _13066_/SUM (sky130_fd_sc_hd__fa_1)
   0.48    8.14 v _13094_/SUM (sky130_fd_sc_hd__fa_1)
   0.28    8.42 v _13502_/SUM (sky130_fd_sc_hd__ha_1)
   0.10    8.52 ^ _07111_/Y (sky130_fd_sc_hd__inv_1)
   0.06    8.57 v _07465_/Y (sky130_fd_sc_hd__nor2_1)
   0.15    8.72 ^ _07466_/Y (sky130_fd_sc_hd__nor2_1)
   0.08    8.81 v _07467_/Y (sky130_fd_sc_hd__o21bai_1)
   0.23    9.04 ^ _07468_/Y (sky130_fd_sc_hd__a21oi_1)
   0.10    9.13 v _07469_/Y (sky130_fd_sc_hd__o21bai_1)
   0.22    9.35 ^ _07470_/Y (sky130_fd_sc_hd__a21oi_1)
   0.09    9.44 v _07471_/Y (sky130_fd_sc_hd__o21bai_1)
   0.23    9.67 ^ _07472_/Y (sky130_fd_sc_hd__a21oi_1)
   0.09    9.76 v _07473_/Y (sky130_fd_sc_hd__o21bai_1)
   0.22    9.99 ^ _07474_/Y (sky130_fd_sc_hd__a21oi_1)
   0.09   10.08 v _07475_/Y (sky130_fd_sc_hd__o21bai_1)
   0.22   10.30 ^ _07476_/Y (sky130_fd_sc_hd__a21oi_1)
   0.08   10.37 v _07477_/Y (sky130_fd_sc_hd__nor2b_1)
   0.18   10.56 v _07478_/X (sky130_fd_sc_hd__o21a_1)
   0.35   10.91 v _07782_/X (sky130_fd_sc_hd__o41a_1)
   0.76   11.67 ^ _07783_/X (sky130_fd_sc_hd__xor2_1)
   0.60   12.27 v _12954_/SUM (sky130_fd_sc_hd__fa_1)
   0.53   12.80 ^ _13071_/SUM (sky130_fd_sc_hd__fa_1)
   0.43   13.23 v _12997_/SUM (sky130_fd_sc_hd__fa_1)
   0.52   13.75 ^ _13186_/SUM (sky130_fd_sc_hd__fa_1)
   0.42   14.16 v _13012_/SUM (sky130_fd_sc_hd__fa_1)
   0.28   14.45 ^ _13572_/SUM (sky130_fd_sc_hd__ha_1)
   0.13   14.57 ^ _07181_/X (sky130_fd_sc_hd__o21a_1)
   0.18   14.75 ^ _07182_/X (sky130_fd_sc_hd__and3_1)
   0.08   14.83 v _07187_/Y (sky130_fd_sc_hd__a211oi_1)
   0.31   15.14 ^ _07190_/Y (sky130_fd_sc_hd__nor3_1)
   0.21   15.34 v _07194_/Y (sky130_fd_sc_hd__a41oi_1)
   0.73   16.08 ^ _07199_/Y (sky130_fd_sc_hd__a2111oi_0)
   0.24   16.31 ^ _07200_/X (sky130_fd_sc_hd__o21a_1)
   0.12   16.43 ^ _07201_/X (sky130_fd_sc_hd__o21a_1)
   0.04   16.47 v _07202_/Y (sky130_fd_sc_hd__nor2_1)
   0.46   16.93 ^ _07203_/Y (sky130_fd_sc_hd__xnor2_1)
   0.36   17.29 v _13323_/SUM (sky130_fd_sc_hd__ha_1)
   0.31   17.59 v _13600_/SUM (sky130_fd_sc_hd__ha_1)
   0.54   18.13 ^ _12943_/SUM (sky130_fd_sc_hd__fa_1)
   0.05   18.18 v _07774_/Y (sky130_fd_sc_hd__inv_1)
   0.45   18.63 v _13121_/SUM (sky130_fd_sc_hd__fa_1)
   0.43   19.06 v _13285_/SUM (sky130_fd_sc_hd__ha_1)
   0.23   19.28 v _07299_/X (sky130_fd_sc_hd__and3_1)
   0.37   19.66 ^ _07310_/Y (sky130_fd_sc_hd__a21oi_1)
   0.14   19.80 v _07402_/Y (sky130_fd_sc_hd__a21oi_1)
   0.63   20.43 ^ _07405_/Y (sky130_fd_sc_hd__a311oi_1)
   0.29   20.72 v _07406_/Y (sky130_fd_sc_hd__nand3b_1)
   0.61   21.33 ^ _07603_/Y (sky130_fd_sc_hd__nor4_1)
   0.60   21.93 v _07611_/Y (sky130_fd_sc_hd__nand3_1)
   0.60   22.53 ^ _07713_/Y (sky130_fd_sc_hd__o21ai_0)
   0.28   22.81 ^ _13253_/COUT (sky130_fd_sc_hd__ha_1)
   0.08   22.89 v _11821_/Y (sky130_fd_sc_hd__inv_1)
   0.69   23.58 ^ _11823_/Y (sky130_fd_sc_hd__o32ai_1)
   0.52   24.10 v _11826_/Y (sky130_fd_sc_hd__o2111ai_1)
   0.35   24.46 v _11904_/X (sky130_fd_sc_hd__a21o_1)
   0.09   24.55 ^ _11949_/Y (sky130_fd_sc_hd__o21ai_0)
   0.59   25.14 v _11950_/X (sky130_fd_sc_hd__or4b_2)
   0.27   25.41 v _11963_/Y (sky130_fd_sc_hd__nand4bb_1)
   0.95   26.36 ^ _11964_/Y (sky130_fd_sc_hd__a2111oi_4)
   0.21   26.57 v _12030_/Y (sky130_fd_sc_hd__mux2i_1)
   0.24   26.81 ^ _12032_/Y (sky130_fd_sc_hd__a211oi_2)
   0.00   26.81 ^ mul_reduced_q[2]$_DFFE_PN0P_/D (sky130_fd_sc_hd__dfrtp_1)
          26.81   data arrival time

  30.00   30.00   clock clk (rise edge)
   0.00   30.00   clock source latency
   0.00   30.00 ^ clk (in)
   0.22   30.22 ^ clkbuf_0_clk/X (sky130_fd_sc_hd__clkbuf_16)
   0.28   30.49 ^ clkbuf_2_3_0_clk/X (sky130_fd_sc_hd__clkbuf_16)
   0.28   30.77 ^ clkbuf_5_27__f_clk/X (sky130_fd_sc_hd__clkbuf_16)
   0.19   30.96 ^ clkbuf_leaf_237_clk/X (sky130_fd_sc_hd__clkbuf_16)
   0.00   30.96 ^ mul_reduced_q[2]$_DFFE_PN0P_/CLK (sky130_fd_sc_hd__dfrtp_1)
  -0.25   30.71   clock uncertainty
   0.00   30.71   clock reconvergence pessimism
  -0.08   30.63   library setup time
          30.63   data required time
---------------------------------------------------------
          30.63   data required time
         -26.81   data arrival time
---------------------------------------------------------
           3.81   slack (MET)



==========================================================================
finish report_checks -path_delay min reg to reg
--------------------------------------------------------------------------
Startpoint: st[12]$_DFF_PN0_ (rising edge-triggered flip-flop clocked by clk)
Endpoint: done$_DFF_PN0_ (rising edge-triggered flip-flop clocked by clk)
Path Group: clk
Path Type: min

  Delay    Time   Description
---------------------------------------------------------
   0.00    0.00   clock clk (rise edge)
   0.00    0.00   clock source latency
   0.00    0.00 ^ clk (in)
   0.22    0.22 ^ clkbuf_0_clk/X (sky130_fd_sc_hd__clkbuf_16)
   0.28    0.49 ^ clkbuf_2_3_0_clk/X (sky130_fd_sc_hd__clkbuf_16)
   0.29    0.79 ^ clkbuf_5_31__f_clk/X (sky130_fd_sc_hd__clkbuf_16)
   0.20    0.99 ^ clkbuf_leaf_227_clk/X (sky130_fd_sc_hd__clkbuf_16)
   0.00    0.99 ^ st[12]$_DFF_PN0_/CLK (sky130_fd_sc_hd__dfrtp_1)
   0.34    1.33 ^ st[12]$_DFF_PN0_/Q (sky130_fd_sc_hd__dfrtp_1)
   0.00    1.33 ^ done$_DFF_PN0_/D (sky130_fd_sc_hd__dfrtp_1)
           1.33   data arrival time

   0.00    0.00   clock clk (rise edge)
   0.00    0.00   clock source latency
   0.00    0.00 ^ clk (in)
   0.22    0.22 ^ clkbuf_0_clk/X (sky130_fd_sc_hd__clkbuf_16)
   0.28    0.49 ^ clkbuf_2_3_0_clk/X (sky130_fd_sc_hd__clkbuf_16)
   0.29    0.79 ^ clkbuf_5_31__f_clk/X (sky130_fd_sc_hd__clkbuf_16)
   0.20    0.99 ^ clkbuf_leaf_228_clk/X (sky130_fd_sc_hd__clkbuf_16)
   0.00    0.99 ^ done$_DFF_PN0_/CLK (sky130_fd_sc_hd__dfrtp_1)
   0.25    1.24   clock uncertainty
   0.00    1.24   clock reconvergence pessimism
  -0.04    1.20   library hold time
           1.20   data required time
---------------------------------------------------------
           1.20   data required time
          -1.33   data arrival time
---------------------------------------------------------
           0.13   slack (MET)



==========================================================================
finish critical path target clock latency max path
--------------------------------------------------------------------------
0.9667

==========================================================================
finish critical path target clock latency min path
--------------------------------------------------------------------------
0.9865

==========================================================================
finish critical path source clock latency min path
--------------------------------------------------------------------------
0.0000

==========================================================================
finish critical path delay
--------------------------------------------------------------------------
26.8144

==========================================================================
finish critical path slack
--------------------------------------------------------------------------
3.8131

==========================================================================
finish slack div critical path delay
--------------------------------------------------------------------------
14.220344

==========================================================================
finish report_power
--------------------------------------------------------------------------
Group                  Internal  Switching    Leakage      Total
                          Power      Power      Power      Power (Watts)
----------------------------------------------------------------
Sequential             6.53e-03   0.00e+00   3.89e-08   6.53e-03  54.9%
Combinational          1.23e-05   1.17e-04   2.40e-08   1.29e-04   1.1%
Clock                  2.95e-03   2.28e-03   6.66e-09   5.23e-03  44.0%
Macro                  0.00e+00   0.00e+00   0.00e+00   0.00e+00   0.0%
Pad                    0.00e+00   0.00e+00   0.00e+00   0.00e+00   0.0%
----------------------------------------------------------------
Total                  9.50e-03   2.39e-03   6.96e-08   1.19e-02 100.0%
                          79.9%      20.1%       0.0%
