OpenROAD f552262465b0bfef8f097e258f94bc501d01e19d 
Features included (+) or not (-): +GPU +GUI +Python
This program is licensed under the BSD-3 license. See the LICENSE file for details.
Components of this program may be licensed under more restrictive licenses which must be honored.
[INFO ORD-0030] Using 12 thread(s).
read_liberty /opt/eda/orfs-6101364b/flow/platforms/sky130hd/lib/sky130_fd_sc_hd__tt_025C_1v80.lib
[INFO ODB-0227] LEF file: /opt/eda/orfs-6101364b/flow/platforms/sky130hd/lef/sky130_fd_sc_hd.tlef, created 13 layers, 25 vias
[INFO ODB-0227] LEF file: /opt/eda/orfs-6101364b/flow/platforms/sky130hd/lef/sky130_fd_sc_hd_merged.lef, created 441 library cells
link_design kyber_ntt_engine
read_sdc /root/cac_runs/ntt_sp_15ns/results/sky130hd/cac_ntt_sp_15ns/base/1_2_yosys.sdc
source /opt/eda/orfs-6101364b/flow/platforms/sky130hd/setRC.tcl
eliminate_dead_logic
Removed 0 unused instances and 0 unused nets.
Design area 186141 um^2 100% utilization.
write_db /root/cac_runs/ntt_sp_15ns/results/sky130hd/cac_ntt_sp_15ns/base/1_synth.odb
write_sdc -no_timestamp /root/cac_runs/ntt_sp_15ns/results/sky130hd/cac_ntt_sp_15ns/base/1_synth.sdc
Elapsed time: 0:02.08[h:]min:sec. CPU time: user 0.90 sys 0.08 (47%). Peak memory: 157772KB.
Log                       Ext     Elapsed/s Peak Memory/MB sha1sum result [0:20)
1_synth                   .odb            2            154 735e432e05603c8772dc
1_synth                   .sdc                             19a95eee5984ac384932
