OpenROAD f552262465b0bfef8f097e258f94bc501d01e19d 
Features included (+) or not (-): +GPU +GUI +Python
This program is licensed under the BSD-3 license. See the LICENSE file for details.
Components of this program may be licensed under more restrictive licenses which must be honored.
[INFO ORD-0030] Using 12 thread(s).
read_liberty /opt/eda/orfs-6101364b/flow/platforms/sky130hd/lib/sky130_fd_sc_hd__tt_025C_1v80.lib
read_db /root/cac_runs/ntt_sp_15ns/results/sky130hd/cac_ntt_sp_15ns/base/3_2_place_iop.odb
read_sdc /root/cac_runs/ntt_sp_15ns/results/sky130hd/cac_ntt_sp_15ns/base/2_floorplan.sdc
source /opt/eda/orfs-6101364b/flow/platforms/sky130hd/setRC.tcl
[INFO RSZ-0026] Removed 591 buffers.
Perform port buffering...
[INFO RSZ-0027] Inserted 36 sky130_fd_sc_hd__clkdlybuf4s50_1 input buffers.
[INFO RSZ-0028] Inserted 18 sky130_fd_sc_hd__clkdlybuf4s50_1 output buffers.
[INFO GPL-0022] Initialize gpl and calculate uniform density.
Placement density is 0.5939999914169312, computed from PLACE_DENSITY_LB_ADDON  0.20 and lower bound 0.47999998927116394
global_placement -density 0.5939999914169312 -pad_left 0 -pad_right 0 -routability_driven -timing_driven -force_center_initial_place -min_phi_coef 0.95 -max_phi_coef 1.05
[INFO GPL-0001] ---- Initialize GPL Main Data Structures
[INFO GPL-0002] DBU: 1000
[INFO GPL-0003] SiteSize: (  0.460  2.720 ) um
[INFO GPL-0004] CoreBBox: (  1.380  2.720 ) ( 644.000 641.920 ) um
[INFO GPL-0016] Core area:                  410762.704 um^2
[INFO GPL-0036] Movable instances area:     184982.413 um^2
[INFO GPL-0037] Total instances area:       191802.704 um^2
[INFO GPL-0035] Pin density area adjust:      7863.910 um^2
[INFO GPL-0032] ---- Initialize Region: Top-level
[INFO GPL-0006] Number of instances:             15689
[INFO GPL-0007] Movable instances:               10238
[INFO GPL-0008] Fixed instances:                  5451
[INFO GPL-0009] Dummy instances:                     0
[INFO GPL-0010] Number of nets:                  10946
[INFO GPL-0011] Number of pins:                  42495
[INFO GPL-0012] Die BBox:       (  0.000  0.000 ) ( 645.155 645.155 ) um
[INFO GPL-0013] Placement BBox: (  1.380  2.720 ) ( 644.000 641.920 ) um
[INFO GPL-0014] Region name: top-level.
[INFO GPL-0015] Region area:                410762.704 um^2
[INFO GPL-0017] Fixed instances area:         6820.291 um^2
[INFO GPL-0018] Movable instances area:     192846.323 um^2
[INFO GPL-0019] Utilization:                    47.741 %
[INFO GPL-0020] Standard cells area:        192846.323 um^2
[INFO GPL-0021] Large instances area:            0.000 um^2
[INFO GPL-0005] ---- Execute Conjugate Gradient Initial Placement.
[INFO GPL-0051] Source of initial instance position counters:
	Odb location = 0	Core center = 10238	Region center = 0
[InitialPlace]  Iter: 1 conjugate gradient residual: 0.00353393 HPWL: 441425223
[InitialPlace]  Iter: 2 conjugate gradient residual: 0.00324469 HPWL: 152131468
[InitialPlace]  Iter: 3 conjugate gradient residual: 0.00408909 HPWL: 151372448
[InitialPlace]  Iter: 4 conjugate gradient residual: 0.00332565 HPWL: 149802827
[InitialPlace]  Iter: 5 conjugate gradient residual: 0.00339541 HPWL: 148589557
[InitialPlace]  Iter: 6 conjugate gradient residual: 0.00192785 HPWL: 147823321
[InitialPlace]  Iter: 7 conjugate gradient residual: 0.00067386 HPWL: 146511643
[InitialPlace]  Iter: 8 conjugate gradient residual: 0.00025443 HPWL: 145164799
[InitialPlace]  Iter: 9 conjugate gradient residual: 0.00021549 HPWL: 143109715
[InitialPlace]  Iter: 10 conjugate gradient residual: 0.00016842 HPWL: 142225085
[InitialPlace]  Iter: 11 conjugate gradient residual: 0.00017878 HPWL: 141862418
[InitialPlace]  Iter: 12 conjugate gradient residual: 0.00011978 HPWL: 141373963
[InitialPlace]  Iter: 13 conjugate gradient residual: 0.00006462 HPWL: 140758093
[InitialPlace]  Iter: 14 conjugate gradient residual: 0.00006101 HPWL: 140473614
[InitialPlace]  Iter: 15 conjugate gradient residual: 0.00005653 HPWL: 140081776
[InitialPlace]  Iter: 16 conjugate gradient residual: 0.00003792 HPWL: 139894193
[InitialPlace]  Iter: 17 conjugate gradient residual: 0.00002196 HPWL: 139700785
[InitialPlace]  Iter: 18 conjugate gradient residual: 0.00001636 HPWL: 139691946
[InitialPlace]  Iter: 19 conjugate gradient residual: 0.00001662 HPWL: 139581379
[InitialPlace]  Iter: 20 conjugate gradient residual: 0.00000928 HPWL: 139644978
[INFO GPL-0033] ---- Initialize Nesterov Region: Top-level
[INFO GPL-0023] Placement target density:       0.5940
[INFO GPL-0024] Movable insts average area:     18.836 um^2
[INFO GPL-0025] Ideal bin area:                 31.711 um^2
[INFO GPL-0026] Ideal bin count:                 12953
[INFO GPL-0027] Total bin area:             410762.704 um^2
[INFO GPL-0028] Bin count (X, Y):          64 ,     64
[INFO GPL-0029] Bin size (W * H):      10.041 *  9.988 um
[INFO GPL-0030] Number of bins:                   4096
[INFO GPL-0084] ---- Execute Nesterov Global Placement.
[INFO GPL-0031] HPWL: Half-Perimeter Wirelength
Iteration | Overflow |     HPWL (um) |  HPWL(%) |   Penalty | Group
---------------------------------------------------------------
        0 |   0.9943 |  2.138584e+04 |   +0.00% |  8.57e-17 |      
       10 |   0.9892 |  3.021316e+04 |  +41.28% |  1.40e-16 |      
       20 |   0.9879 |  3.194298e+04 |   +5.73% |  2.27e-16 |      
       30 |   0.9872 |  3.241576e+04 |   +1.48% |  3.70e-16 |      
       40 |   0.9867 |  3.267443e+04 |   +0.80% |  6.03e-16 |      
       50 |   0.9863 |  3.287224e+04 |   +0.61% |  9.82e-16 |      
       60 |   0.9854 |  3.306799e+04 |   +0.60% |  1.60e-15 |      
       70 |   0.9848 |  3.307859e+04 |   +0.03% |  2.61e-15 |      
       80 |   0.9847 |  3.297376e+04 |   -0.32% |  4.24e-15 |      
       90 |   0.9843 |  3.288990e+04 |   -0.25% |  6.91e-15 |      
      100 |   0.9838 |  3.285498e+04 |   -0.11% |  1.13e-14 |      
      110 |   0.9833 |  3.288048e+04 |   +0.08% |  1.83e-14 |      
      120 |   0.9837 |  3.295564e+04 |   +0.23% |  2.99e-14 |      
      130 |   0.9831 |  3.315482e+04 |   +0.60% |  4.87e-14 |      
      140 |   0.9820 |  3.356152e+04 |   +1.23% |  7.93e-14 |      
      150 |   0.9807 |  3.433554e+04 |   +2.31% |  1.29e-13 |      
      160 |   0.9799 |  3.564523e+04 |   +3.81% |  2.10e-13 |      
      170 |   0.9788 |  3.847546e+04 |   +7.94% |  3.42e-13 |      
      180 |   0.9751 |  4.375857e+04 |  +13.73% |  5.57e-13 |      
      190 |   0.9702 |  5.138872e+04 |  +17.44% |  9.07e-13 |      
      200 |   0.9620 |  6.043634e+04 |  +17.61% |  1.48e-12 |      
      210 |   0.9501 |  6.983167e+04 |  +15.55% |  2.40e-12 |      
      220 |   0.9398 |  7.965363e+04 |  +14.07% |  3.91e-12 |      
      230 |   0.9257 |  9.085446e+04 |  +14.06% |  6.36e-12 |      
      240 |   0.9058 |  1.045605e+05 |  +15.09% |  1.03e-11 |      
      250 |   0.8778 |  1.198033e+05 |  +14.58% |  1.68e-11 |      
      260 |   0.8481 |  1.347826e+05 |  +12.50% |  2.74e-11 |      
      270 |   0.8200 |  1.478304e+05 |   +9.68% |  4.45e-11 |      
      280 |   0.7890 |  1.626062e+05 |  +10.00% |  7.24e-11 |      
      290 |   0.7509 |  1.854303e+05 |  +14.04% |  1.18e-10 |      
      300 |   0.7130 |  2.019903e+05 |   +8.93% |  1.91e-10 |      
      310 |   0.6733 |  2.090900e+05 |   +3.51% |  3.11e-10 |      
[INFO GPL-0100] Timing-driven iteration 1/2, virtual: false.
[INFO GPL-0101]    Iter: 320, overflow: 0.632, keep resizer changes at: 1, HPWL: 217304369
Iteration |   Area    | Resized | Buffers | Nets repaired | Remaining
---------------------------------------------------------------------
        0 |     +0.0% |       0 |       0 |             0 |     10946
    final |     +3.1% |      74 |     240 |            71 |         0
---------------------------------------------------------------------
[INFO RSZ-0034] Found 74 slew violations.
[INFO RSZ-0036] Found 23 capacitance violations.
[INFO RSZ-0039] Resized 74 instances.
[INFO RSZ-0038] Inserted 240 buffers in 71 nets.
   Iter   |    Area   | Removed | Inserted |   Pins
          |           | Buffers | Buffers  | Remaining
-------------------------------------------------------
        0 |     +0.0% |       0 |        0 |     10909
     1000 |     +1.1% |       1 |      295 |      9909
     2000 |     +1.6% |       1 |      420 |      8909
     3000 |     +2.7% |       2 |      705 |      7909
     4000 |     +2.5% |      25 |      731 |      6909
     5000 |     +2.4% |      41 |      743 |      5909
     6000 |     +0.8% |     225 |      842 |      4909
     7000 |     +0.8% |     238 |      910 |      3909
     8000 |     +0.8% |     238 |      910 |      2909
     9000 |     +0.8% |     238 |      910 |      1909
    10000 |     +0.8% |     238 |      910 |       909
    final |     +1.0% |     240 |      956 |         0
-------------------------------------------------------
[INFO GPL-0106] Timing-driven: worst slack -5.750543e-09
[INFO GPL-0107] Timing-driven: repair_design delta area: 7721.793 um^2 (+4.00%)
[INFO GPL-0108] Timing-driven: repair_design, gpl delta gcells: 956 (+9.34%)
[INFO GPL-0109] Timing-driven: repair_design, gcells created: 1196, deleted: 240
[INFO GPL-0110] Timing-driven: new target density: 0.613116
Iteration | Overflow |     HPWL (um) |  HPWL(%) |   Penalty | Group
---------------------------------------------------------------
      320 |   0.6273 |  2.411955e+05 |  +15.35% |  5.06e-10 |      
[INFO GPL-0038] Routability snapshot saved at iter = 327
      326 |   0.5991 |  2.555547e+05 |          |           |      
      330 |   0.5866 |  2.592683e+05 |   +7.49% |  8.21e-10 |      
      340 |   0.5460 |  2.683919e+05 |   +3.52% |  1.34e-09 |      
      350 |   0.4975 |  2.705679e+05 |   +0.81% |  2.18e-09 |      
      360 |   0.4582 |  2.721382e+05 |   +0.58% |  3.54e-09 |      
      370 |   0.4088 |  2.748825e+05 |   +1.01% |  5.77e-09 |      
      380 |   0.3597 |  2.744272e+05 |   -0.17% |  9.39e-09 |      
      390 |   0.3174 |  2.745550e+05 |   +0.05% |  1.43e-08 |      
[INFO GPL-0040] Routability iteration: 1
[WARNING GRT-0281] Net clk has a large fanout of 4268 terminals.
[INFO GPL-0041] Total routing overflow: 13.1058
[INFO GPL-0042] Number of overflowed tiles: 78 (0.90%)
[INFO GPL-0043] Average top 0.5% routing congestion: 1.2606
[INFO GPL-0044] Average top 1.0% routing congestion: 1.1491
[INFO GPL-0045] Average top 2.0% routing congestion: 1.0306
[INFO GPL-0046] Average top 5.0% routing congestion: 0.8939
[INFO GPL-0047] Routability iteration weighted routing congestion: 1.2049
[INFO GPL-0048] Routing congestion (1.2049) lower than previous minimum (1e+30). Updating minimum.
[INFO GPL-0086] Inflated area:                5364.514 um^2 (+2.67%)
[INFO GPL-0052] Placement target density:       0.6131
[INFO GPL-0076] Removing fillers, count: Before: 2344, After: 2077 (-11.39%)
[INFO GPL-0077] Filler area (um^2)     : Before: 47095.456, After: 41728.837 (-11.40%)
[INFO GPL-0078] Removed fillers count: 267, area removed: 5364.275 um^2. Remaining area to be compensated by modifying density: 0.239 um^2
[INFO GPL-0058] White space area:           403942.413 um^2 (+0.00%)
[INFO GPL-0059] Movable instances area:     247663.559 um^2 (+0.00%)
[INFO GPL-0060] Total filler area:           41728.837 um^2 (-11.40%)
[INFO GPL-0061] Total non-inflated area:    247661.467 um^2 (-0.00%)
[INFO GPL-0062] Total inflated area:        253025.981 um^2 (-0.00%)
[INFO GPL-0063] New Target Density:             0.6131
[INFO GPL-0087] Routability end iteration: increase inflation and revert back to snapshot.
Iteration | Overflow |     HPWL (um) |  HPWL(%) |   Penalty | Group
---------------------------------------------------------------
      400 |   0.5957 |  2.597614e+05 |   -5.39% |  7.97e-10 |      
      410 |   0.5538 |  2.725394e+05 |   +4.92% |  1.17e-09 |      
      420 |   0.5199 |  2.734225e+05 |   +0.32% |  1.73e-09 |      
      430 |   0.4943 |  2.751981e+05 |   +0.65% |  2.54e-09 |      
      440 |   0.4521 |  2.797139e+05 |   +1.64% |  3.74e-09 |      
      450 |   0.4132 |  2.772475e+05 |   -0.88% |  5.52e-09 |      
      460 |   0.3774 |  2.769271e+05 |   -0.12% |  8.13e-09 |      
      470 |   0.3426 |  2.809892e+05 |   +1.47% |  1.20e-08 |      
      480 |   0.3061 |  2.837329e+05 |   +0.98% |  1.76e-08 |      
[INFO GPL-0040] Routability iteration: 2
[INFO GPL-0041] Total routing overflow: 3.2301
[INFO GPL-0042] Number of overflowed tiles: 32 (0.37%)
[INFO GPL-0043] Average top 0.5% routing congestion: 1.0694
[INFO GPL-0044] Average top 1.0% routing congestion: 1.0093
[INFO GPL-0045] Average top 2.0% routing congestion: 0.9396
[INFO GPL-0046] Average top 5.0% routing congestion: 0.8479
[INFO GPL-0047] Routability iteration weighted routing congestion: 1.0394
[INFO GPL-0048] Routing congestion (1.0394) lower than previous minimum (1.205). Updating minimum.
[INFO GPL-0086] Inflated area:                 995.593 um^2 (+0.48%)
[INFO GPL-0052] Placement target density:       0.6131
[INFO GPL-0076] Removing fillers, count: Before: 2077, After: 2028 (-2.36%)
[INFO GPL-0077] Filler area (um^2)     : Before: 41728.837, After: 40744.382 (-2.36%)
[INFO GPL-0078] Removed fillers count: 49, area removed: 984.455 um^2. Remaining area to be compensated by modifying density: 11.138 um^2
[INFO GPL-0058] White space area:           403942.413 um^2 (+0.00%)
[INFO GPL-0059] Movable instances area:     247663.559 um^2 (+0.00%)
[INFO GPL-0060] Total filler area:           40744.382 um^2 (-2.36%)
[INFO GPL-0061] Total non-inflated area:    247672.605 um^2 (+0.00%)
[INFO GPL-0062] Total inflated area:        248668.197 um^2 (+0.00%)
[INFO GPL-0063] New Target Density:             0.6131
[INFO GPL-0087] Routability end iteration: increase inflation and revert back to snapshot.
Iteration | Overflow |     HPWL (um) |  HPWL(%) |   Penalty | Group
---------------------------------------------------------------
      490 |   0.5785 |  2.666854e+05 |   -6.01% |  9.30e-10 |      
      500 |   0.5376 |  2.750999e+05 |   +3.16% |  1.37e-09 |      
      510 |   0.5070 |  2.751042e+05 |   +0.00% |  2.02e-09 |      
      520 |   0.4802 |  2.790246e+05 |   +1.43% |  2.97e-09 |      
      530 |   0.4356 |  2.808420e+05 |   +0.65% |  4.37e-09 |      
      540 |   0.3991 |  2.777244e+05 |   -1.11% |  6.44e-09 |      
      550 |   0.3655 |  2.798129e+05 |   +0.75% |  9.48e-09 |      
      560 |   0.3267 |  2.840487e+05 |   +1.51% |  1.40e-08 |      
[INFO GPL-0040] Routability iteration: 3
[INFO GPL-0041] Total routing overflow: 2.9527
[INFO GPL-0042] Number of overflowed tiles: 31 (0.36%)
[INFO GPL-0043] Average top 0.5% routing congestion: 1.0599
[INFO GPL-0044] Average top 1.0% routing congestion: 0.9920
[INFO GPL-0045] Average top 2.0% routing congestion: 0.9251
[INFO GPL-0046] Average top 5.0% routing congestion: 0.8397
[INFO GPL-0047] Routability iteration weighted routing congestion: 1.0259
[INFO GPL-0048] Routing congestion (1.0259) lower than previous minimum (1.039). Updating minimum.
[INFO GPL-0086] Inflated area:                 983.855 um^2 (+0.48%)
[INFO GPL-0052] Placement target density:       0.6131
[INFO GPL-0076] Removing fillers, count: Before: 2028, After: 1980 (-2.37%)
[INFO GPL-0077] Filler area (um^2)     : Before: 40744.382, After: 39780.018 (-2.37%)
[INFO GPL-0078] Removed fillers count: 48, area removed: 964.364 um^2. Remaining area to be compensated by modifying density: 19.491 um^2
[INFO GPL-0058] White space area:           403942.413 um^2 (+0.00%)
[INFO GPL-0059] Movable instances area:     247663.559 um^2 (+0.00%)
[INFO GPL-0060] Total filler area:           39780.018 um^2 (-2.37%)
[INFO GPL-0061] Total non-inflated area:    247692.096 um^2 (+0.01%)
[INFO GPL-0062] Total inflated area:        248675.951 um^2 (+0.01%)
[INFO GPL-0063] New Target Density:             0.6131
[INFO GPL-0087] Routability end iteration: increase inflation and revert back to snapshot.
Iteration | Overflow |     HPWL (um) |  HPWL(%) |   Penalty | Group
---------------------------------------------------------------
      570 |   0.6105 |  2.568286e+05 |   -9.58% |  7.09e-10 |      
      580 |   0.5663 |  2.725097e+05 |   +6.11% |  1.04e-09 |      
      590 |   0.5276 |  2.767178e+05 |   +1.54% |  1.54e-09 |      
      600 |   0.5032 |  2.769054e+05 |   +0.07% |  2.26e-09 |      
      610 |   0.4681 |  2.822045e+05 |   +1.91% |  3.33e-09 |      
      620 |   0.4249 |  2.820084e+05 |   -0.07% |  4.91e-09 |      
      630 |   0.3900 |  2.792034e+05 |   -0.99% |  7.23e-09 |      
      640 |   0.3546 |  2.832083e+05 |   +1.43% |  1.07e-08 |      
      650 |   0.3163 |  2.863715e+05 |   +1.12% |  1.57e-08 |      
[INFO GPL-0040] Routability iteration: 4
[INFO GPL-0041] Total routing overflow: 1.4994
[INFO GPL-0042] Number of overflowed tiles: 26 (0.30%)
[INFO GPL-0043] Average top 0.5% routing congestion: 1.0219
[INFO GPL-0044] Average top 1.0% routing congestion: 0.9725
[INFO GPL-0045] Average top 2.0% routing congestion: 0.9149
[INFO GPL-0046] Average top 5.0% routing congestion: 0.8334
[INFO GPL-0047] Routability iteration weighted routing congestion: 0.9972
[INFO GPL-0050] Weighted routing congestion is lower than target routing congestion(1.0100), end routability optimization.
[INFO GPL-0090] Routability finished. Target routing congestion achieved succesfully.
Iteration | Overflow |     HPWL (um) |  HPWL(%) |   Penalty | Group
---------------------------------------------------------------
      660 |   0.2809 |  2.874975e+05 |   +0.39% |  2.31e-08 |      
      670 |   0.2482 |  2.855737e+05 |   -0.67% |  3.40e-08 |      
      680 |   0.2237 |  2.875822e+05 |   +0.70% |  5.01e-08 |      
      690 |   0.1928 |  2.887414e+05 |   +0.40% |  7.38e-08 |      
[INFO GPL-0100] Timing-driven iteration 2/2, virtual: false.
[INFO GPL-0101]    Iter: 691, overflow: 0.193, keep resizer changes at: 1, HPWL: 288741363
Iteration |   Area    | Resized | Buffers | Nets repaired | Remaining
---------------------------------------------------------------------
        0 |     +0.0% |       0 |       0 |             0 |     11902
    final |     +0.2% |      30 |      14 |            29 |         0
---------------------------------------------------------------------
[INFO RSZ-0034] Found 30 slew violations.
[INFO RSZ-0039] Resized 30 instances.
[INFO RSZ-0038] Inserted 14 buffers in 29 nets.
   Iter   |    Area   | Removed | Inserted |   Pins
          |           | Buffers | Buffers  | Remaining
-------------------------------------------------------
        0 |     +0.0% |       0 |        0 |     10909
     1000 |     +0.2% |     295 |      356 |      9909
     2000 |     +0.3% |     420 |      509 |      8909
     3000 |     +0.4% |     715 |      827 |      7909
     4000 |     +0.4% |     745 |      858 |      6909
     5000 |     +0.4% |     757 |      878 |      5909
     6000 |     +0.6% |     856 |     1004 |      4909
     7000 |     +0.6% |     924 |     1081 |      3909
     8000 |     +0.6% |     924 |     1081 |      2909
     9000 |     +0.6% |     924 |     1081 |      1909
    10000 |     +0.6% |     924 |     1081 |       909
    final |     +0.7% |     970 |     1131 |         0
-------------------------------------------------------
[INFO GPL-0106] Timing-driven: worst slack -5.9666245e-09
[INFO GPL-0107] Timing-driven: repair_design delta area: 708.136 um^2 (+0.34%)
[INFO GPL-0108] Timing-driven: repair_design, gpl delta gcells: 175 (+1.56%)
[INFO GPL-0109] Timing-driven: repair_design, gcells created: 1145, deleted: 970
[INFO GPL-0110] Timing-driven: new target density: 0.61493975
Iteration | Overflow |     HPWL (um) |  HPWL(%) |   Penalty | Group
---------------------------------------------------------------
      700 |   0.1694 |  3.070968e+05 |   +6.36% |  1.09e-07 |      
      710 |   0.1451 |  3.065163e+05 |   -0.19% |  1.60e-07 |      
      720 |   0.1243 |  3.067319e+05 |   +0.07% |  2.36e-07 |      
      730 |   0.1058 |  3.068962e+05 |   +0.05% |  3.47e-07 |      
      734 |   0.0988 |  3.066214e+05 |          |  4.21e-07 |      
---------------------------------------------------------------
[INFO GPL-1001] Global placement finished at iteration 734
[INFO GPL-1017] Routability mode iteration count: 326
[INFO GPL-1005] Routability final weighted congestion: 0.8585
[INFO GPL-1002] Placed Cell Area            208620.2144
[INFO GPL-1003] Available Free Area         403942.4128
[INFO GPL-1004] Minimum Feasible Density        0.4800 (cell_area / free_area)
[INFO GPL-1006]   Suggested Target Densities:
[INFO GPL-1007]     - For 90% usage of free space: 0.5738
[INFO GPL-1008]     - For 80% usage of free space: 0.6456
[INFO GPL-1011] Original area (um^2): 192846.32
[INFO GPL-1012] Total routability artificial inflation: 7343.96 (+3.81%)
[INFO GPL-1013] Total timing-driven delta area: 8429.93 (+4.37%)
[INFO GPL-1014] Final placement area: 208620.21 (+8.18%)
Took 218 seconds: global_placement -density 0.5939999914169312 -pad_left 0 -pad_right 0 -routability_driven -timing_driven -force_center_initial_place -min_phi_coef 0.95 -max_phi_coef 1.05
estimate_parasitics -placement
Report metrics stage 3, global place...

==========================================================================
global place report_design_area
--------------------------------------------------------------------------
Design area 201288 um^2 49% utilization.
write_db /root/cac_runs/ntt_sp_15ns/results/sky130hd/cac_ntt_sp_15ns/base/3_3_place_gp.odb
Elapsed time: 3:46.57[h:]min:sec. CPU time: user 862.19 sys 1.36 (381%). Peak memory: 375600KB.
Log                       Ext     Elapsed/s Peak Memory/MB sha1sum result [0:20)
3_3_place_gp              .odb          226            366 d5c88ebf9c78493b6df0
