OpenROAD f552262465b0bfef8f097e258f94bc501d01e19d 
Features included (+) or not (-): +GPU +GUI +Python
This program is licensed under the BSD-3 license. See the LICENSE file for details.
Components of this program may be licensed under more restrictive licenses which must be honored.
[INFO ORD-0030] Using 12 thread(s).
read_liberty /opt/eda/orfs-6101364b/flow/platforms/sky130hd/lib/sky130_fd_sc_hd__tt_025C_1v80.lib
read_db /root/cac_runs/ntt_sp_15ns/results/sky130hd/cac_ntt_sp_15ns/base/4_cts.odb
read_sdc /root/cac_runs/ntt_sp_15ns/results/sky130hd/cac_ntt_sp_15ns/base/4_cts.sdc
source /opt/eda/orfs-6101364b/flow/platforms/sky130hd/setRC.tcl
pin_access
[INFO DRT-0149] Reading tech and libs.
[WARNING DRT-0349] LEF58_ENCLOSURE with no CUTCLASS is not supported. Skipping for layer mcon
[WARNING DRT-0349] LEF58_ENCLOSURE with no CUTCLASS is not supported. Skipping for layer mcon
[WARNING DRT-0349] LEF58_ENCLOSURE with no CUTCLASS is not supported. Skipping for layer via
[WARNING DRT-0349] LEF58_ENCLOSURE with no CUTCLASS is not supported. Skipping for layer via
[WARNING DRT-0349] LEF58_ENCLOSURE with no CUTCLASS is not supported. Skipping for layer via2
[WARNING DRT-0349] LEF58_ENCLOSURE with no CUTCLASS is not supported. Skipping for layer via2
[WARNING DRT-0349] LEF58_ENCLOSURE with no CUTCLASS is not supported. Skipping for layer via3
[WARNING DRT-0349] LEF58_ENCLOSURE with no CUTCLASS is not supported. Skipping for layer via3
[WARNING DRT-0349] LEF58_ENCLOSURE with no CUTCLASS is not supported. Skipping for layer via4
[WARNING DRT-0349] LEF58_ENCLOSURE with no CUTCLASS is not supported. Skipping for layer via4

Units:                1000
Number of layers:     13
Number of macros:     441
Number of vias:       29
Number of viarulegen: 25

[INFO DRT-0150] Reading design.
[WARNING DRT-0120] Large net net2283 has 149 pins which may impact routing performance. Consider optimization.
[WARNING DRT-0120] Large net net2252 has 104 pins which may impact routing performance. Consider optimization.
[WARNING DRT-0120] Large net net2244 has 175 pins which may impact routing performance. Consider optimization.
[WARNING DRT-0120] Large net net2234 has 145 pins which may impact routing performance. Consider optimization.
[WARNING DRT-0120] Large net net2232 has 162 pins which may impact routing performance. Consider optimization.
[WARNING DRT-0120] Large net net2230 has 104 pins which may impact routing performance. Consider optimization.
[WARNING DRT-0120] Large net net2184 has 109 pins which may impact routing performance. Consider optimization.

Design:                   kyber_ntt_engine
Die area:                 ( 0 0 ) ( 645155 645155 )
Number of track patterns: 12
Number of DEF vias:       0
Number of components:     17667
Number of terminals:      57
Number of snets:          2
Number of nets:           12552

[INFO DRT-0167] List of default vias:
  Layer via
    default via: M1M2_PR
  Layer via2
    default via: M2M3_PR
  Layer via3
    default via: M3M4_PR
  Layer via4
    default via: M4M5_PR
[INFO DRT-0162] Library cell analysis.
[INFO DRT-0163] Instance analysis.
[INFO DRT-0164] Number of unique instances = 257.
[INFO DRT-0168] Init region query.
[INFO DRT-0024]   Complete FR_MASTERSLICE.
[INFO DRT-0024]   Complete Fr_VIA.
[INFO DRT-0024]   Complete li1.
[INFO DRT-0024]   Complete mcon.
[INFO DRT-0024]   Complete met1.
[INFO DRT-0024]   Complete via.
[INFO DRT-0024]   Complete met2.
[INFO DRT-0024]   Complete via2.
[INFO DRT-0024]   Complete met3.
[INFO DRT-0024]   Complete via3.
[INFO DRT-0024]   Complete met4.
[INFO DRT-0024]   Complete via4.
[INFO DRT-0024]   Complete met5.
[INFO DRT-0033] FR_MASTERSLICE shape region query size = 0.
[INFO DRT-0033] FR_VIA shape region query size = 0.
[INFO DRT-0033] li1 shape region query size = 598015.
[INFO DRT-0033] mcon shape region query size = 400190.
[INFO DRT-0033] met1 shape region query size = 122461.
[INFO DRT-0033] via shape region query size = 27730.
[INFO DRT-0033] met2 shape region query size = 16658.
[INFO DRT-0033] via2 shape region query size = 22184.
[INFO DRT-0033] met3 shape region query size = 16673.
[INFO DRT-0033] via3 shape region query size = 22184.
[INFO DRT-0033] met4 shape region query size = 6698.
[INFO DRT-0033] via4 shape region query size = 1105.
[INFO DRT-0033] met5 shape region query size = 1199.
[INFO DRT-0165] Start pin access.
[INFO DRT-0076]   Complete 1000 pins.
[INFO DRT-0076]   Complete 2000 pins.
[INFO DRT-0078]   Complete 2083 pins.
[INFO DRT-0079]   Complete 100 unique inst patterns.
[INFO DRT-0079]   Complete 200 unique inst patterns.
[INFO DRT-0081]   Complete 257 unique inst patterns.
[INFO DRT-0084]   Complete 9057 groups.
#scanned instances     = 17667
#unique  instances     = 257
#stdCellGenAp          = 9592
#stdCellValidPlanarAp  = 162
#stdCellValidViaAp     = 6204
#stdCellPinNoAp        = 10
#stdCellPinCnt         = 46024
#instTermValidViaApCnt = 0
#macroGenAp            = 0
#macroValidPlanarAp    = 0
#macroValidViaAp       = 0
#macroNoAp             = 0
[INFO DRT-0166] Complete pin access.
[INFO DRT-0267] cpu time = 00:06:54, elapsed time = 00:02:16, memory = 253.84 (MB), peak = 260.85 (MB)
Took 138 seconds: pin_access
global_route -congestion_report_file /root/cac_runs/ntt_sp_15ns/reports/sky130hd/cac_ntt_sp_15ns/base/congestion.rpt -congestion_iterations 30 -congestion_report_iter_step 5 -verbose
[INFO GRT-0020] Min routing layer: met1
[INFO GRT-0021] Max routing layer: met5
[INFO GRT-0022] Global adjustment: 0%
[INFO GRT-0023] Grid origin: (0, 0)
[INFO GRT-0088] Layer li1     Track-Pitch = 0.4600  line-2-Via Pitch: 0.3400
[INFO GRT-0088] Layer met1    Track-Pitch = 0.3400  line-2-Via Pitch: 0.3400
[INFO GRT-0088] Layer met2    Track-Pitch = 0.4600  line-2-Via Pitch: 0.3500
[INFO GRT-0088] Layer met3    Track-Pitch = 0.6800  line-2-Via Pitch: 0.6150
[INFO GRT-0088] Layer met4    Track-Pitch = 0.9200  line-2-Via Pitch: 1.0400
[INFO GRT-0088] Layer met5    Track-Pitch = 3.4000  line-2-Via Pitch: 3.1100
[INFO GRT-0003] Macros: 0
[INFO GRT-0004] Blockages: 109445
[INFO GRT-0019] Found 433 clock nets.
[INFO GRT-0001] Minimum degree: 2
[INFO GRT-0002] Maximum degree: 175

[INFO GRT-0053] Routing resources analysis:
          Routing      Original      Derated      Resource
Layer     Direction    Resources     Resources    Reduction (%)
---------------------------------------------------------------
li1        Vertical            0             0          0.00%
met1       Horizontal     121767         94017          22.79%
met2       Vertical       110952         85192          23.22%
met3       Horizontal      83030         65182          21.50%
met4       Vertical        54740         39008          28.74%
met5       Horizontal      12236          8648          29.32%
---------------------------------------------------------------

[INFO GRT-0101] Running extra iterations to remove congestion.
[INFO GRT-0102] Start extra iteration 1/30
[INFO GRT-0102] Start extra iteration 2/30
[INFO GRT-0102] Start extra iteration 3/30
[INFO GRT-0102] Start extra iteration 4/30
[INFO GRT-0197] Via related to pin nodes: 83534
[INFO GRT-0198] Via related Steiner nodes: 2715
[INFO GRT-0199] Via filling finished.
[INFO GRT-0111] Final number of vias: 107277
[INFO GRT-0112] Final usage 3D: 396013

[INFO GRT-0096] Final congestion report:
Layer         Resource        Demand        Usage (%)    Max H / Max V / Total Congestion
---------------------------------------------------------------------------------------
li1                  0             0            0.00%             0 /  0 /  0
met1             94017         32239           34.29%             0 /  0 /  0
met2             85192         35603           41.79%             0 /  0 /  0
met3             65182          2505            3.84%             0 /  0 /  0
met4             39008          3835            9.83%             0 /  0 /  0
met5              8648             0            0.00%             0 /  0 /  0
---------------------------------------------------------------------------------------
Total           292047         74182           25.40%             0 /  0 /  0

[INFO GRT-0018] Total wirelength: 768384 um
[INFO GRT-0014] Routed nets: 12494
[INFO GRT-0303] Global routing runtime = 00:00:14
Took 16 seconds: global_route -congestion_report_file /root/cac_runs/ntt_sp_15ns/reports/sky130hd/cac_ntt_sp_15ns/base/congestion.rpt -congestion_iterations 30 -congestion_report_iter_step 5 -verbose
estimate_parasitics -global_routing
Perform buffer insertion and gate resizing...
repair_design -verbose
Iteration |   Area    | Resized | Buffers | Nets repaired | Remaining
---------------------------------------------------------------------
        0 |     +0.0% |       0 |       0 |             0 |     12924
[WARNING RSZ-0104] Net _06895_ only has one pin. Check if it is intended to be dangling.
[WARNING RSZ-0104] Net _06931_ only has one pin. Check if it is intended to be dangling.
[WARNING RSZ-0104] Net _06908_ only has one pin. Check if it is intended to be dangling.
     1000 |     +0.0% |       0 |       0 |             0 |     11924
[WARNING RSZ-0104] Net _06993_ only has one pin. Check if it is intended to be dangling.
[WARNING RSZ-0104] Net _06992_ only has one pin. Check if it is intended to be dangling.
[WARNING RSZ-0104] Net _07104_ only has one pin. Check if it is intended to be dangling.
[WARNING RSZ-0104] Net _07101_ only has one pin. Check if it is intended to be dangling.
[WARNING RSZ-0104] Net _07040_ only has one pin. Check if it is intended to be dangling.
[WARNING RSZ-0104] Net _07105_ only has one pin. Check if it is intended to be dangling.
[WARNING RSZ-0104] Net _07100_ only has one pin. Check if it is intended to be dangling.
[WARNING RSZ-0104] Net _07038_ only has one pin. Check if it is intended to be dangling.
[WARNING RSZ-0104] Net _07082_ only has one pin. Check if it is intended to be dangling.
[WARNING RSZ-0104] Net _06971_ only has one pin. Check if it is intended to be dangling.
[WARNING RSZ-0104] Net _07081_ only has one pin. Check if it is intended to be dangling.
[WARNING RSZ-0104] Net _07096_ only has one pin. Check if it is intended to be dangling.
[WARNING RSZ-0104] Net _06894_ only has one pin. Check if it is intended to be dangling.
[WARNING RSZ-0104] Net _06288_ only has one pin. Check if it is intended to be dangling.
     2000 |     +0.0% |       0 |       0 |             0 |     10924
[WARNING RSZ-0104] Net _07085_ only has one pin. Check if it is intended to be dangling.
[WARNING RSZ-0104] Net u_mul_reduce.prod\[2\] only has one pin. Check if it is intended to be dangling.
[WARNING RSZ-0104] Net _06910_ only has one pin. Check if it is intended to be dangling.
     3000 |     +0.0% |       0 |       0 |             0 |      9924
     4000 |     +0.0% |       0 |       0 |             0 |      8924
     5000 |     +0.0% |       0 |       0 |             0 |      7924
     6000 |     +0.0% |       0 |       0 |             0 |      6924
[WARNING RSZ-0104] Net _06922_ only has one pin. Check if it is intended to be dangling.
[WARNING RSZ-0104] Net _06901_ only has one pin. Check if it is intended to be dangling.
[WARNING RSZ-0104] Net _07010_ only has one pin. Check if it is intended to be dangling.
[WARNING RSZ-0104] Net _06914_ only has one pin. Check if it is intended to be dangling.
     7000 |     +0.0% |       0 |       0 |             0 |      5924
[WARNING RSZ-0104] Net _07063_ only has one pin. Check if it is intended to be dangling.
[WARNING RSZ-0104] Net _07061_ only has one pin. Check if it is intended to be dangling.
[WARNING RSZ-0104] Net _07058_ only has one pin. Check if it is intended to be dangling.
[WARNING RSZ-0104] Net _07054_ only has one pin. Check if it is intended to be dangling.
[WARNING RSZ-0104] Net _07053_ only has one pin. Check if it is intended to be dangling.
[WARNING RSZ-0104] Net _07026_ only has one pin. Check if it is intended to be dangling.
[WARNING RSZ-0104] Net _06976_ only has one pin. Check if it is intended to be dangling.
[WARNING RSZ-0104] Net _07103_ only has one pin. Check if it is intended to be dangling.
[WARNING RSZ-0104] Net _07093_ only has one pin. Check if it is intended to be dangling.
[WARNING RSZ-0104] Net _07092_ only has one pin. Check if it is intended to be dangling.
[WARNING RSZ-0104] Net _07091_ only has one pin. Check if it is intended to be dangling.
[WARNING RSZ-0104] Net _07090_ only has one pin. Check if it is intended to be dangling.
[WARNING RSZ-0104] Net _07089_ only has one pin. Check if it is intended to be dangling.
[WARNING RSZ-0104] Net _07075_ only has one pin. Check if it is intended to be dangling.
[WARNING RSZ-0104] Net _07071_ only has one pin. Check if it is intended to be dangling.
[WARNING RSZ-0104] Net _07070_ only has one pin. Check if it is intended to be dangling.
[WARNING RSZ-0104] Net _07064_ only has one pin. Check if it is intended to be dangling.
[WARNING RSZ-0104] Net _07062_ only has one pin. Check if it is intended to be dangling.
[WARNING RSZ-0104] Net _07059_ only has one pin. Check if it is intended to be dangling.
[WARNING RSZ-0104] Net _07055_ only has one pin. Check if it is intended to be dangling.
[WARNING RSZ-0104] Net _07050_ only has one pin. Check if it is intended to be dangling.
[WARNING RSZ-0104] Net _07049_ only has one pin. Check if it is intended to be dangling.
[WARNING RSZ-0104] Net _07047_ only has one pin. Check if it is intended to be dangling.
[WARNING RSZ-0104] Net _07044_ only has one pin. Check if it is intended to be dangling.
[WARNING RSZ-0104] Net _07043_ only has one pin. Check if it is intended to be dangling.
[WARNING RSZ-0104] Net _07033_ only has one pin. Check if it is intended to be dangling.
[WARNING RSZ-0104] Net _07027_ only has one pin. Check if it is intended to be dangling.
[WARNING RSZ-0104] Net _07013_ only has one pin. Check if it is intended to be dangling.
[WARNING RSZ-0104] Net _06979_ only has one pin. Check if it is intended to be dangling.
[WARNING RSZ-0104] Net _06977_ only has one pin. Check if it is intended to be dangling.
[WARNING RSZ-0104] Net _06962_ only has one pin. Check if it is intended to be dangling.
[WARNING RSZ-0104] Net _06930_ only has one pin. Check if it is intended to be dangling.
[WARNING RSZ-0104] Net _06916_ only has one pin. Check if it is intended to be dangling.
[WARNING RSZ-0104] Net _06953_ only has one pin. Check if it is intended to be dangling.
     8000 |     +0.0% |       0 |       0 |             0 |      4924
     9000 |     +0.0% |       0 |       0 |             0 |      3924
    10000 |     +0.0% |       0 |       0 |             0 |      2924
    11000 |     +0.0% |       0 |       0 |             0 |      1924
    12000 |     +0.0% |       0 |       0 |             0 |       924
    final |     +0.0% |       0 |       0 |             0 |         0
---------------------------------------------------------------------
[INFO RSZ-0504] Runtime: 8.40s
Took 8 seconds: repair_design -verbose
global_route -start_incremental
detailed_placement
[INFO DPL-0006] Core area: 410762.70 um^2
[INFO DPL-0007] Movable instances area: 209616.04 um^2
[INFO DPL-0008] Fixed instances area within core: 6820.29 um^2
[INFO DPL-0009] Utilization: 52.7%
[INFO DPL-0005] Diamond search max displacement: +/- 500 sites horizontally, +/- 100 rows vertically.
[INFO DPL-1102] Legalizing using negotiation legalizer.
[INFO DPL-1103] Negotiation base search window: +/-20 sites horizontally, +/-5 rows vertically 
	Automatic search window extension enabled.
	Search window extendable up to the max displacement cap of +/-500 sites, +/-100 rows near walls.
[INFO DPL-1104] NegotiationLegalizer DRC penalty: 5.
[INFO DPL-0392] Negotiation cell height distribution (1 unique row-count(s)):
[INFO DPL-0393]   height 1 row(s): 17667 cells
[INFO DPL-0500] Runtime: 0.36s
Placement Analysis
---------------------------------
total displacement          0.0 u
average displacement        0.0 u
max displacement            0.0 u
original HPWL          372346.6 u
legalized HPWL         372346.6 u
delta HPWL                    0 %

global_route -end_incremental -congestion_report_file /root/cac_runs/ntt_sp_15ns/reports/sky130hd/cac_ntt_sp_15ns/base/congestion_post_repair_design.rpt
Repair setup and hold violations...
estimate_parasitics -global_routing
repair_timing -setup_margin 0 -hold_margin 0 -repair_tns 100 -verbose
[INFO RSZ-0100] Repair move sequence: UnbufferMove SizeUpMove SwapPinsMove BufferMove CloneMove SplitLoadMove 
[INFO RSZ-0094] Found 12 endpoints with setup violations.
[INFO RSZ-0099] Repairing 12 out of 12 (100.00%) violating endpoints...
   Iter   | Removed | Resized | Inserted | Cloned |  Pin  |   Area   |    WNS   |   StTNS    |   EnTNS    |  Viol  |  Worst  
          | Buffers |  Gates  | Buffers  |  Gates | Swaps |          |          |            |            | Endpts | St/EnPt 
------------------------------------------------------------------------------------------------------------------------------
       0* |       0 |       0 |        0 |      0 |     0 |    +0.0% |   -6.923 |     -237.9 |      -82.3 |     12 | mul_reduced_q\[9\]$_DFFE_PN0P_/D
      10* |       0 |       9 |        0 |      0 |     0 |    +0.0% |   -6.795 |     -231.5 |      -80.8 |     12 | mul_reduced_q\[7\]$_DFFE_PN0P_/D
      20* |       0 |      12 |        1 |      0 |     6 |    +0.0% |   -6.683 |     -229.0 |      -79.6 |     12 | mul_reduced_q\[7\]$_DFFE_PN0P_/D
      30* |       0 |      18 |        1 |      0 |    10 |    +0.0% |   -6.630 |     -227.2 |      -79.0 |     12 | mul_reduced_q\[2\]$_DFFE_PN0P_/D
      40* |       0 |      22 |        1 |      0 |    16 |    +0.1% |   -6.592 |     -224.2 |      -78.5 |     12 | mul_reduced_q\[2\]$_DFFE_PN0P_/D
      50* |       0 |      25 |        5 |      0 |    20 |    +0.1% |   -6.630 |     -225.4 |      -79.0 |     12 | mul_reduced_q\[2\]$_DFFE_PN0P_/D
      60* |       0 |      27 |        7 |      0 |    26 |    +0.1% |   -6.706 |     -229.0 |      -79.9 |     12 | mul_reduced_q\[2\]$_DFFE_PN0P_/D
      70* |       0 |      30 |        9 |      0 |    32 |    +0.1% |   -6.688 |     -228.2 |      -79.7 |     12 | mul_reduced_q\[2\]$_DFFE_PN0P_/D
      80* |       0 |      33 |       11 |      0 |    37 |    +0.1% |   -6.661 |     -227.1 |      -79.3 |     12 | mul_reduced_q\[2\]$_DFFE_PN0P_/D
      90* |       0 |      35 |       12 |      0 |    44 |    +0.1% |   -6.557 |     -222.5 |      -78.1 |     12 | mul_reduced_q\[2\]$_DFFE_PN0P_/D
     100* |       0 |      40 |       12 |      0 |    49 |    +0.1% |   -6.533 |     -221.2 |      -77.8 |     12 | mul_reduced_q\[2\]$_DFFE_PN0P_/D
     110* |       0 |      47 |       13 |      0 |    51 |    +0.2% |   -6.493 |     -219.2 |      -77.3 |     12 | mul_reduced_q\[2\]$_DFFE_PN0P_/D
     120* |       0 |      47 |       14 |      0 |    60 |    +0.2% |   -6.606 |     -224.8 |      -78.7 |     12 | mul_reduced_q\[2\]$_DFFE_PN0P_/D
     130* |       0 |      53 |       14 |      0 |    64 |    +0.2% |   -6.597 |     -223.2 |      -78.6 |     12 | mul_reduced_q\[2\]$_DFFE_PN0P_/D
     140* |       0 |      54 |       17 |      0 |    70 |    +0.2% |   -6.573 |     -223.1 |      -78.3 |     12 | mul_reduced_q\[2\]$_DFFE_PN0P_/D
     150* |       0 |      59 |       20 |      0 |    72 |    +0.2% |   -6.551 |     -222.4 |      -78.0 |     12 | mul_reduced_q\[2\]$_DFFE_PN0P_/D
     160* |       0 |      61 |       24 |      0 |    77 |    +0.2% |   -6.545 |     -221.7 |      -77.9 |     12 | mul_reduced_q\[2\]$_DFFE_PN0P_/D
     161* |       0 |      47 |       13 |      0 |    52 |    +0.2% |   -6.489 |     -219.1 |      -77.3 |     12 | mul_reduced_q\[2\]$_DFFE_PN0P_/D
     170* |       0 |      53 |       13 |      0 |    54 |    +0.2% |   -6.415 |     -216.6 |      -76.4 |     12 | mul_reduced_q\[2\]$_DFFE_PN0P_/D
     180* |       0 |      58 |       14 |      0 |    58 |    +0.2% |   -6.489 |     -218.9 |      -77.3 |     12 | mul_reduced_q\[2\]$_DFFE_PN0P_/D
     190* |       0 |      60 |       16 |      0 |    64 |    +0.2% |   -6.512 |     -220.3 |      -77.5 |     12 | mul_reduced_q\[2\]$_DFFE_PN0P_/D
     200* |       0 |      66 |       17 |      0 |    67 |    +0.2% |   -6.432 |     -216.4 |      -76.6 |     12 | mul_reduced_q\[2\]$_DFFE_PN0P_/D
     210* |       0 |      72 |       17 |      0 |    71 |    +0.2% |   -6.439 |     -216.7 |      -76.7 |     12 | mul_reduced_q\[2\]$_DFFE_PN0P_/D
     220* |       0 |      78 |       18 |      0 |    74 |    +0.3% |   -6.355 |     -213.3 |      -75.7 |     12 | mul_reduced_q\[2\]$_DFFE_PN0P_/D
     230* |       0 |      79 |       21 |      0 |    80 |    +0.3% |   -6.389 |     -214.5 |      -76.1 |     12 | mul_reduced_q\[2\]$_DFFE_PN0P_/D
     240* |       0 |      81 |       23 |      0 |    86 |    +0.3% |   -6.429 |     -215.4 |      -76.6 |     12 | mul_reduced_q\[2\]$_DFFE_PN0P_/D
     250* |       0 |      86 |       23 |      0 |    91 |    +0.3% |   -6.410 |     -214.8 |      -76.3 |     12 | mul_reduced_q\[2\]$_DFFE_PN0P_/D
     260* |       0 |      90 |       25 |      0 |    95 |    +0.3% |   -6.439 |     -215.1 |      -76.7 |     12 | mul_reduced_q\[2\]$_DFFE_PN0P_/D
     270* |       0 |      92 |       26 |      0 |   102 |    +0.3% |   -6.425 |     -217.0 |      -76.5 |     12 | mul_reduced_q\[2\]$_DFFE_PN0P_/D
     280* |       0 |      94 |       30 |      0 |   107 |    +0.4% |   -6.486 |     -220.2 |      -77.2 |     12 | mul_reduced_q\[2\]$_DFFE_PN0P_/D
     290* |       0 |      98 |       33 |      0 |   110 |    +0.4% |   -6.456 |     -220.2 |      -76.9 |     12 | mul_reduced_q\[2\]$_DFFE_PN0P_/D
     300* |       0 |     102 |       34 |      0 |   115 |    +0.4% |   -6.457 |     -220.1 |      -76.9 |     12 | mul_reduced_q\[2\]$_DFFE_PN0P_/D
     310* |       0 |     107 |       36 |      0 |   118 |    +0.4% |   -6.459 |     -220.0 |      -76.9 |     12 | mul_reduced_q\[2\]$_DFFE_PN0P_/D
     317* |       0 |      92 |       26 |      0 |    99 |    +0.3% |   -6.344 |     -213.9 |      -75.5 |     12 | mul_reduced_q\[2\]$_DFFE_PN0P_/D
     320* |       0 |      93 |       27 |      0 |    99 |    +0.3% |   -6.348 |     -213.7 |      -75.6 |     12 | mul_reduced_q\[2\]$_DFFE_PN0P_/D
     330* |       0 |      98 |       28 |      0 |   103 |    +0.4% |   -6.294 |     -212.7 |      -74.9 |     12 | mul_reduced_q\[2\]$_DFFE_PN0P_/D
     340* |       1 |     103 |       29 |      0 |   106 |    +0.4% |   -6.282 |     -211.9 |      -74.8 |     12 | mul_reduced_q\[9\]$_DFFE_PN0P_/D
     350* |       1 |     109 |       29 |      0 |   110 |    +0.4% |   -6.301 |     -212.8 |      -75.1 |     12 | mul_reduced_q\[9\]$_DFFE_PN0P_/D
     360* |       1 |     110 |       30 |      0 |   118 |    +0.4% |   -6.307 |     -211.9 |      -75.2 |     12 | mul_reduced_q\[9\]$_DFFE_PN0P_/D
     370* |       1 |     115 |       31 |      0 |   122 |    +0.4% |   -6.276 |     -211.0 |      -74.8 |     12 | mul_reduced_q\[9\]$_DFFE_PN0P_/D
     380* |       1 |     118 |       34 |      0 |   127 |    +0.4% |   -6.351 |     -213.9 |      -75.7 |     12 | mul_reduced_q\[9\]$_DFFE_PN0P_/D
     390* |       1 |     121 |       34 |      0 |   134 |    +0.5% |   -6.357 |     -214.1 |      -75.7 |     12 | mul_reduced_q\[9\]$_DFFE_PN0P_/D
     400* |       2 |     125 |       36 |      0 |   137 |    +0.5% |   -6.332 |     -213.1 |      -75.5 |     12 | mul_reduced_q\[9\]$_DFFE_PN0P_/D
     410* |       2 |     129 |       37 |      0 |   142 |    +0.5% |   -6.340 |     -214.2 |      -75.5 |     12 | mul_reduced_q\[9\]$_DFFE_PN0P_/D
     411* |       1 |     115 |       31 |      0 |   123 |    +0.4% |   -6.276 |     -211.0 |      -74.8 |     12 | mul_reduced_q\[9\]$_DFFE_PN0P_/D
     420* |       1 |     120 |       32 |      0 |   125 |    +0.4% |   -6.276 |     -211.4 |      -74.7 |     12 | mul_reduced_q\[5\]$_DFFE_PN0P_/D
     430* |       1 |     124 |       35 |      0 |   128 |    +0.5% |   -6.293 |     -211.9 |      -75.0 |     12 | mul_reduced_q\[5\]$_DFFE_PN0P_/D
     433* |       1 |     122 |       34 |      0 |   125 |    +0.4% |   -6.272 |     -211.1 |      -74.7 |     12 | mul_reduced_q\[5\]$_DFFE_PN0P_/D
     440* |       1 |     124 |       35 |      0 |   128 |    +0.5% |   -6.249 |     -211.0 |      -74.4 |     12 | mul_reduced_q\[5\]$_DFFE_PN0P_/D
     445* |       1 |     128 |       35 |      0 |   128 |    +0.5% |   -6.237 |     -210.7 |      -74.3 |     12 | mul_reduced_q\[5\]$_DFFE_PN0P_/D
     449* |       1 |     128 |       35 |      0 |   128 |    +0.5% |   -6.237 |     -210.7 |      -74.3 |     12 | mul_reduced_q\[5\]$_DFFE_PN0P_/D
     450* |       1 |     128 |       35 |      0 |   128 |    +0.5% |   -6.237 |     -210.7 |      -74.3 |     12 | mul_reduced_q\[5\]$_DFFE_PN0P_/D
     451* |       1 |     128 |       35 |      0 |   128 |    +0.5% |   -6.237 |     -210.7 |      -74.3 |     12 | mul_reduced_q\[5\]$_DFFE_PN0P_/D
     456* |       1 |     129 |       35 |      0 |   128 |    +0.5% |   -6.237 |     -210.7 |      -74.2 |     12 | mul_reduced_q\[5\]$_DFFE_PN0P_/D
     460* |       1 |     131 |       35 |      0 |   129 |    +0.5% |   -6.244 |     -211.0 |      -74.3 |     12 | mul_reduced_q\[5\]$_DFFE_PN0P_/D
     460* |       1 |     129 |       35 |      0 |   128 |    +0.5% |   -6.237 |     -210.7 |      -74.2 |     12 | mul_reduced_q\[5\]$_DFFE_PN0P_/D
     465* |       1 |     131 |       35 |      0 |   128 |    +0.5% |   -6.237 |     -210.7 |      -74.2 |     12 | mul_reduced_q\[5\]$_DFFE_PN0P_/D
     470* |       1 |     133 |       35 |      0 |   130 |    +0.5% |   -6.245 |     -211.1 |      -74.3 |     12 | mul_reduced_q\[4\]$_DFFE_PN0P_/D
     470* |       1 |     131 |       35 |      0 |   128 |    +0.5% |   -6.237 |     -210.7 |      -74.2 |     12 | mul_reduced_q\[5\]$_DFFE_PN0P_/D
     477* |       1 |     131 |       35 |      0 |   128 |    +0.5% |   -6.237 |     -210.7 |      -74.2 |     12 | mul_reduced_q\[5\]$_DFFE_PN0P_/D
     477* |       1 |     131 |       35 |      0 |   128 |    +0.5% |   -6.237 |     -210.7 |      -74.2 |     12 | mul_reduced_q\[5\]$_DFFE_PN0P_/D
     478+ |       1 |     131 |       35 |      0 |   128 |    +0.5% |   -6.237 |     -210.7 |      -74.2 |     12 | mul_reduced_q\[5\]$_DFFE_PN0P_/D
     479+ |       1 |     131 |       35 |      0 |   128 |    +0.5% |   -6.237 |     -210.7 |      -74.2 |     12 | mul_reduced_q\[5\]$_DFFE_PN0P_/D
     480+ |       1 |     131 |       35 |      0 |   128 |    +0.5% |   -6.237 |     -210.7 |      -74.2 |     12 | mul_reduced_q\[5\]$_DFFE_PN0P_/D
     480+ |       1 |     131 |       35 |      0 |   128 |    +0.5% |   -6.237 |     -210.7 |      -74.2 |     12 | mul_reduced_q\[5\]$_DFFE_PN0P_/D
     481+ |       1 |     131 |       35 |      0 |   128 |    +0.5% |   -6.237 |     -210.7 |      -74.2 |     12 | mul_reduced_q\[5\]$_DFFE_PN0P_/D
     482+ |       1 |     131 |       35 |      0 |   128 |    +0.5% |   -6.237 |     -210.7 |      -74.2 |     12 | mul_reduced_q\[5\]$_DFFE_PN0P_/D
     483+ |       1 |     131 |       35 |      0 |   128 |    +0.5% |   -6.237 |     -210.7 |      -74.2 |     12 | mul_reduced_q\[5\]$_DFFE_PN0P_/D
     484+ |       1 |     131 |       35 |      0 |   128 |    +0.5% |   -6.237 |     -210.7 |      -74.2 |     12 | mul_reduced_q\[5\]$_DFFE_PN0P_/D
     485+ |       1 |     131 |       35 |      0 |   128 |    +0.5% |   -6.237 |     -210.7 |      -74.2 |     12 | mul_reduced_q\[5\]$_DFFE_PN0P_/D
     486+ |       1 |     131 |       35 |      0 |   128 |    +0.5% |   -6.237 |     -210.7 |      -74.2 |     12 | mul_reduced_q\[5\]$_DFFE_PN0P_/D
     487+ |       1 |     131 |       35 |      0 |   128 |    +0.5% |   -6.237 |     -210.7 |      -74.2 |     12 | mul_reduced_q\[5\]$_DFFE_PN0P_/D
     488+ |       1 |     131 |       35 |      0 |   128 |    +0.5% |   -6.237 |     -210.7 |      -74.2 |     12 | mul_reduced_q\[5\]$_DFFE_PN0P_/D
     489+ |       1 |     131 |       35 |      0 |   128 |    +0.5% |   -6.237 |     -210.7 |      -74.2 |     12 | mul_reduced_q\[5\]$_DFFE_PN0P_/D
    final |       1 |     131 |       35 |      0 |   128 |    +0.5% |   -6.237 |     -210.7 |      -74.2 |     12 | mul_reduced_q\[5\]$_DFFE_PN0P_/D
------------------------------------------------------------------------------------------------------------------------------
[INFO RSZ-0059] Removed 1 buffers.
[INFO RSZ-0040] Inserted 35 buffers.
[INFO RSZ-0051] Resized 131 instances: 131 up, 0 up match, 0 down, 0 VT
[INFO RSZ-0043] Swapped pins on 128 instances.
[WARNING RSZ-0062] Unable to repair all setup violations.
[INFO RSZ-0505] Runtime: 223.17s
[INFO RSZ-0033] No hold violations found.
[INFO RSZ-0506] Runtime: 0.58s
Took 232 seconds: repair_timing -setup_margin 0 -hold_margin 0 -repair_tns 100 -verbose
global_route -start_incremental
detailed_placement
[INFO DPL-0006] Core area: 410762.70 um^2
[INFO DPL-0007] Movable instances area: 210653.28 um^2
[INFO DPL-0008] Fixed instances area within core: 6820.29 um^2
[INFO DPL-0009] Utilization: 52.9%
[INFO DPL-0005] Diamond search max displacement: +/- 500 sites horizontally, +/- 100 rows vertically.
[INFO DPL-1102] Legalizing using negotiation legalizer.
[INFO DPL-1103] Negotiation base search window: +/-20 sites horizontally, +/-5 rows vertically 
	Automatic search window extension enabled.
	Search window extendable up to the max displacement cap of +/-500 sites, +/-100 rows near walls.
[INFO DPL-1104] NegotiationLegalizer DRC penalty: 5.
[INFO DPL-0392] Negotiation cell height distribution (1 unique row-count(s)):
[INFO DPL-0393]   height 1 row(s): 17701 cells
          |      Total |  Illegal |  Illegal
Iteration | Violations |    Cells |    Sites
---------------------------------------------
        0 |         29 |         7 |        22
        1 |          0 |         0 |         0
Negotiation phase 1 converged at iteration 1.
[INFO DPL-0500] Runtime: 0.51s
Placement Analysis
---------------------------------
total displacement        516.0 u
average displacement        0.0 u
max displacement           16.8 u
original HPWL          372703.7 u
legalized HPWL         373405.1 u
delta HPWL                    0 %

check_placement -verbose
global_route -end_incremental -congestion_report_file /root/cac_runs/ntt_sp_15ns/reports/sky130hd/cac_ntt_sp_15ns/base/congestion_post_repair_timing.rpt
Took 5 seconds: global_route -end_incremental -congestion_report_file /root/cac_runs/ntt_sp_15ns/reports/sky130hd/cac_ntt_sp_15ns/base/congestion_post_repair_timing.rpt
estimate_parasitics -global_routing
global_route -start_incremental
global_route -end_incremental -congestion_report_file /root/cac_runs/ntt_sp_15ns/reports/sky130hd/cac_ntt_sp_15ns/base/congestion_post_recover_power.rpt
Repair antennas...
[INFO GRT-0012] Found 17 antenna violations.
[INFO GRT-0302] Inserted 17 jumpers for 15 nets.
[INFO GRT-0012] Found 2 antenna violations.
[INFO DPL-0006] Core area: 410762.70 um^2
[INFO DPL-0007] Movable instances area: 210620.75 um^2
[INFO DPL-0008] Fixed instances area within core: 6860.33 um^2
[INFO DPL-0009] Utilization: 52.9%
[INFO DPL-0005] Diamond search max displacement: +/- 500 sites horizontally, +/- 100 rows vertically.
[INFO DPL-1102] Legalizing using negotiation legalizer.
[INFO DPL-1103] Negotiation base search window: +/-20 sites horizontally, +/-5 rows vertically 
	Automatic search window extension enabled.
	Search window extendable up to the max displacement cap of +/-500 sites, +/-100 rows near walls.
[INFO DPL-1104] NegotiationLegalizer DRC penalty: 5.
[INFO DPL-0392] Negotiation cell height distribution (1 unique row-count(s)):
[INFO DPL-0393]   height 1 row(s): 17704 cells
          |      Total |  Illegal |  Illegal
Iteration | Violations |    Cells |    Sites
---------------------------------------------
        0 |          0 |         0 |         0
Negotiation phase 1 converged at iteration 0.
[INFO DPL-0500] Runtime: 0.29s
[INFO GRT-0015] Inserted 3 diodes.
[INFO GRT-0012] Found 1 antenna violations.
[INFO GRT-0302] Inserted 0 jumpers for 0 nets.
[INFO GRT-0012] Found 1 antenna violations.
[INFO DPL-0006] Core area: 410762.70 um^2
[INFO DPL-0007] Movable instances area: 210635.77 um^2
[INFO DPL-0008] Fixed instances area within core: 6847.82 um^2
[INFO DPL-0009] Utilization: 52.9%
[INFO DPL-0005] Diamond search max displacement: +/- 500 sites horizontally, +/- 100 rows vertically.
[INFO DPL-1102] Legalizing using negotiation legalizer.
[INFO DPL-1103] Negotiation base search window: +/-20 sites horizontally, +/-5 rows vertically 
	Automatic search window extension enabled.
	Search window extendable up to the max displacement cap of +/-500 sites, +/-100 rows near walls.
[INFO DPL-1104] NegotiationLegalizer DRC penalty: 5.
[INFO DPL-0392] Negotiation cell height distribution (1 unique row-count(s)):
[INFO DPL-0393]   height 1 row(s): 17705 cells
[INFO DPL-0500] Runtime: 0.43s
[INFO GRT-0015] Inserted 1 diodes.
[INFO GRT-0012] Found 1 antenna violations.
[INFO GRT-0302] Inserted 0 jumpers for 0 nets.
[INFO GRT-0012] Found 1 antenna violations.
[INFO DPL-0006] Core area: 410762.70 um^2
[INFO DPL-0007] Movable instances area: 210638.27 um^2
[INFO DPL-0008] Fixed instances area within core: 6847.82 um^2
[INFO DPL-0009] Utilization: 52.9%
[INFO DPL-0005] Diamond search max displacement: +/- 500 sites horizontally, +/- 100 rows vertically.
[INFO DPL-1102] Legalizing using negotiation legalizer.
[INFO DPL-1103] Negotiation base search window: +/-20 sites horizontally, +/-5 rows vertically 
	Automatic search window extension enabled.
	Search window extendable up to the max displacement cap of +/-500 sites, +/-100 rows near walls.
[INFO DPL-1104] NegotiationLegalizer DRC penalty: 5.
[INFO DPL-0392] Negotiation cell height distribution (1 unique row-count(s)):
[INFO DPL-0393]   height 1 row(s): 17706 cells
          |      Total |  Illegal |  Illegal
Iteration | Violations |    Cells |    Sites
---------------------------------------------
        0 |          0 |         0 |         0
Negotiation phase 1 converged at iteration 0.
[INFO DPL-0500] Runtime: 0.38s
[INFO GRT-0015] Inserted 1 diodes.
[INFO GRT-0012] Found 0 antenna violations.
[INFO ANT-0002] Found 0 net violations.
[INFO ANT-0001] Found 0 pin violations.
Estimate parasitics...
estimate_parasitics -global_routing
Report metrics stage 5, global route...

==========================================================================
global route report_design_area
--------------------------------------------------------------------------
Design area 217486 um^2 53% utilization.
[INFO FLW-0007] clock clk period 15.000000
[INFO FLW-0008] Clock clk period 20.267
[INFO FLW-0009] Clock clk slack -6.333
write_sdc -no_timestamp /root/cac_runs/ntt_sp_15ns/results/sky130hd/cac_ntt_sp_15ns/base/updated_clks.sdc
[INFO FLW-0011] Path endpoint path count 8987
write_db /root/cac_runs/ntt_sp_15ns/results/sky130hd/cac_ntt_sp_15ns/base/5_1_grt.odb
write_sdc -no_timestamp /root/cac_runs/ntt_sp_15ns/results/sky130hd/cac_ntt_sp_15ns/base/5_1_grt.sdc
Elapsed time: 7:38.06[h:]min:sec. CPU time: user 851.02 sys 4.33 (186%). Peak memory: 604992KB.
Log                       Ext     Elapsed/s Peak Memory/MB sha1sum result [0:20)
5_1_grt                   .odb          458            590 e6aa5d668a5cdacbaae2
5_1_grt                   .sdc                             abc52b3d986fe2379af8
