
===========================================================================
report_checks -path_delay max (Setup)
============================================================================
======================= max_tt_025C_1v80 Corner ===================================

Startpoint: _39_ (rising edge-triggered flip-flop clocked by clk)
Endpoint: count[4] (output port clocked by clk)
Path Group: clk
Path Type: max

Fanout         Cap        Slew       Delay        Time   Description
---------------------------------------------------------------------------------------------
                                  0.000000    0.000000   clock clk (rise edge)
                                  0.000000    0.000000   clock source latency
     1    0.010818    0.055106    0.036840    0.036840 ^ clk (in)
                                                         clk (net)
                      0.055113    0.000000    0.036840 ^ clkbuf_0_clk/A (sky130_fd_sc_hd__clkbuf_16)
     2    0.018098    0.040280    0.126834    0.163674 ^ clkbuf_0_clk/X (sky130_fd_sc_hd__clkbuf_16)
                                                         clknet_0_clk (net)
                      0.040298    0.001253    0.164927 ^ clkbuf_1_1__f_clk/A (sky130_fd_sc_hd__clkbuf_16)
     4    0.010883    0.034105    0.114902    0.279829 ^ clkbuf_1_1__f_clk/X (sky130_fd_sc_hd__clkbuf_16)
                                                         clknet_1_1__leaf_clk (net)
                      0.034106    0.000532    0.280361 ^ _39_/CLK (sky130_fd_sc_hd__dfrtp_1)
     5    0.013391    0.128112    0.379244    0.659605 ^ _39_/Q (sky130_fd_sc_hd__dfrtp_1)
                                                         net7 (net)
                      0.128112    0.000596    0.660201 ^ output7/A (sky130_fd_sc_hd__buf_2)
     1    0.034195    0.170431    0.227223    0.887424 ^ output7/X (sky130_fd_sc_hd__buf_2)
                                                         count[4] (net)
                      0.170445    0.001648    0.889072 ^ count[4] (out)
                                              0.889072   data arrival time

                                 20.000000   20.000000   clock clk (rise edge)
                                  0.000000   20.000000   clock network delay (propagated)
                                 -0.250000   19.750002   clock uncertainty
                                  0.000000   19.750002   clock reconvergence pessimism
                                 -4.000000   15.750001   output external delay
                                             15.750001   data required time
---------------------------------------------------------------------------------------------
                                             15.750001   data required time
                                             -0.889072   data arrival time
---------------------------------------------------------------------------------------------
                                             14.860929   slack (MET)


Startpoint: _40_ (rising edge-triggered flip-flop clocked by clk)
Endpoint: count[5] (output port clocked by clk)
Path Group: clk
Path Type: max

Fanout         Cap        Slew       Delay        Time   Description
---------------------------------------------------------------------------------------------
                                  0.000000    0.000000   clock clk (rise edge)
                                  0.000000    0.000000   clock source latency
     1    0.010818    0.055106    0.036840    0.036840 ^ clk (in)
                                                         clk (net)
                      0.055113    0.000000    0.036840 ^ clkbuf_0_clk/A (sky130_fd_sc_hd__clkbuf_16)
     2    0.018098    0.040280    0.126834    0.163674 ^ clkbuf_0_clk/X (sky130_fd_sc_hd__clkbuf_16)
                                                         clknet_0_clk (net)
                      0.040298    0.001253    0.164927 ^ clkbuf_1_1__f_clk/A (sky130_fd_sc_hd__clkbuf_16)
     4    0.010883    0.034105    0.114902    0.279829 ^ clkbuf_1_1__f_clk/X (sky130_fd_sc_hd__clkbuf_16)
                                                         clknet_1_1__leaf_clk (net)
                      0.034106    0.000521    0.280349 ^ _40_/CLK (sky130_fd_sc_hd__dfrtp_1)
     4    0.011001    0.108490    0.364847    0.645196 ^ _40_/Q (sky130_fd_sc_hd__dfrtp_1)
                                                         net8 (net)
                      0.108492    0.000654    0.645850 ^ output8/A (sky130_fd_sc_hd__buf_2)
     1    0.034001    0.169430    0.219937    0.865788 ^ output8/X (sky130_fd_sc_hd__buf_2)
                                                         count[5] (net)
                      0.169443    0.001594    0.867382 ^ count[5] (out)
                                              0.867382   data arrival time

                                 20.000000   20.000000   clock clk (rise edge)
                                  0.000000   20.000000   clock network delay (propagated)
                                 -0.250000   19.750002   clock uncertainty
                                  0.000000   19.750002   clock reconvergence pessimism
                                 -4.000000   15.750001   output external delay
                                             15.750001   data required time
---------------------------------------------------------------------------------------------
                                             15.750001   data required time
                                             -0.867382   data arrival time
---------------------------------------------------------------------------------------------
                                             14.882619   slack (MET)


Startpoint: _45_ (rising edge-triggered flip-flop clocked by clk)
Endpoint: count[2] (output port clocked by clk)
Path Group: clk
Path Type: max

Fanout         Cap        Slew       Delay        Time   Description
---------------------------------------------------------------------------------------------
                                  0.000000    0.000000   clock clk (rise edge)
                                  0.000000    0.000000   clock source latency
     1    0.010818    0.055106    0.036840    0.036840 ^ clk (in)
                                                         clk (net)
                      0.055113    0.000000    0.036840 ^ clkbuf_0_clk/A (sky130_fd_sc_hd__clkbuf_16)
     2    0.018098    0.040280    0.126834    0.163674 ^ clkbuf_0_clk/X (sky130_fd_sc_hd__clkbuf_16)
                                                         clknet_0_clk (net)
                      0.040306    0.001592    0.165266 ^ clkbuf_1_0__f_clk/A (sky130_fd_sc_hd__clkbuf_16)
     4    0.012268    0.035283    0.116230    0.281496 ^ clkbuf_1_0__f_clk/X (sky130_fd_sc_hd__clkbuf_16)
                                                         clknet_1_0__leaf_clk (net)
                      0.035283    0.000552    0.282047 ^ _45_/CLK (sky130_fd_sc_hd__dfrtp_1)
     4    0.010305    0.102789    0.361138    0.643185 ^ _45_/Q (sky130_fd_sc_hd__dfrtp_1)
                                                         net5 (net)
                      0.102790    0.000574    0.643760 ^ output5/A (sky130_fd_sc_hd__buf_2)
     1    0.034104    0.169887    0.218148    0.861907 ^ output5/X (sky130_fd_sc_hd__buf_2)
                                                         count[2] (net)
                      0.169961    0.001641    0.863548 ^ count[2] (out)
                                              0.863548   data arrival time

                                 20.000000   20.000000   clock clk (rise edge)
                                  0.000000   20.000000   clock network delay (propagated)
                                 -0.250000   19.750002   clock uncertainty
                                  0.000000   19.750002   clock reconvergence pessimism
                                 -4.000000   15.750001   output external delay
                                             15.750001   data required time
---------------------------------------------------------------------------------------------
                                             15.750001   data required time
                                             -0.863548   data arrival time
---------------------------------------------------------------------------------------------
                                             14.886453   slack (MET)


Startpoint: _41_ (rising edge-triggered flip-flop clocked by clk)
Endpoint: count[6] (output port clocked by clk)
Path Group: clk
Path Type: max

Fanout         Cap        Slew       Delay        Time   Description
---------------------------------------------------------------------------------------------
                                  0.000000    0.000000   clock clk (rise edge)
                                  0.000000    0.000000   clock source latency
     1    0.010818    0.055106    0.036840    0.036840 ^ clk (in)
                                                         clk (net)
                      0.055113    0.000000    0.036840 ^ clkbuf_0_clk/A (sky130_fd_sc_hd__clkbuf_16)
     2    0.018098    0.040280    0.126834    0.163674 ^ clkbuf_0_clk/X (sky130_fd_sc_hd__clkbuf_16)
                                                         clknet_0_clk (net)
                      0.040298    0.001253    0.164927 ^ clkbuf_1_1__f_clk/A (sky130_fd_sc_hd__clkbuf_16)
     4    0.010883    0.034105    0.114902    0.279829 ^ clkbuf_1_1__f_clk/X (sky130_fd_sc_hd__clkbuf_16)
                                                         clknet_1_1__leaf_clk (net)
                      0.034106    0.000552    0.280381 ^ _41_/CLK (sky130_fd_sc_hd__dfrtp_1)
     3    0.007440    0.061024    0.374598    0.654978 v _41_/Q (sky130_fd_sc_hd__dfrtp_1)
                                                         net9 (net)
                      0.061024    0.000216    0.655194 v output9/A (sky130_fd_sc_hd__buf_2)
     1    0.034281    0.089910    0.186410    0.841604 v output9/X (sky130_fd_sc_hd__buf_2)
                                                         count[6] (net)
                      0.089946    0.001675    0.843279 v count[6] (out)
                                              0.843279   data arrival time

                                 20.000000   20.000000   clock clk (rise edge)
                                  0.000000   20.000000   clock network delay (propagated)
                                 -0.250000   19.750002   clock uncertainty
                                  0.000000   19.750002   clock reconvergence pessimism
                                 -4.000000   15.750001   output external delay
                                             15.750001   data required time
---------------------------------------------------------------------------------------------
                                             15.750001   data required time
                                             -0.843279   data arrival time
---------------------------------------------------------------------------------------------
                                             14.906722   slack (MET)


Startpoint: _38_ (rising edge-triggered flip-flop clocked by clk)
Endpoint: count[3] (output port clocked by clk)
Path Group: clk
Path Type: max

Fanout         Cap        Slew       Delay        Time   Description
---------------------------------------------------------------------------------------------
                                  0.000000    0.000000   clock clk (rise edge)
                                  0.000000    0.000000   clock source latency
     1    0.010818    0.055106    0.036840    0.036840 ^ clk (in)
                                                         clk (net)
                      0.055113    0.000000    0.036840 ^ clkbuf_0_clk/A (sky130_fd_sc_hd__clkbuf_16)
     2    0.018098    0.040280    0.126834    0.163674 ^ clkbuf_0_clk/X (sky130_fd_sc_hd__clkbuf_16)
                                                         clknet_0_clk (net)
                      0.040306    0.001592    0.165266 ^ clkbuf_1_0__f_clk/A (sky130_fd_sc_hd__clkbuf_16)
     4    0.012268    0.035283    0.116230    0.281496 ^ clkbuf_1_0__f_clk/X (sky130_fd_sc_hd__clkbuf_16)
                                                         clknet_1_0__leaf_clk (net)
                      0.035283    0.000507    0.282002 ^ _38_/CLK (sky130_fd_sc_hd__dfrtp_1)
     3    0.007102    0.059302    0.373250    0.655252 v _38_/Q (sky130_fd_sc_hd__dfrtp_1)
                                                         net6 (net)
                      0.059304    0.000377    0.655629 v output6/A (sky130_fd_sc_hd__buf_2)
     1    0.034342    0.090015    0.185794    0.841423 v output6/X (sky130_fd_sc_hd__buf_2)
                                                         count[3] (net)
                      0.090049    0.001616    0.843039 v count[3] (out)
                                              0.843039   data arrival time

                                 20.000000   20.000000   clock clk (rise edge)
                                  0.000000   20.000000   clock network delay (propagated)
                                 -0.250000   19.750002   clock uncertainty
                                  0.000000   19.750002   clock reconvergence pessimism
                                 -4.000000   15.750001   output external delay
                                             15.750001   data required time
---------------------------------------------------------------------------------------------
                                             15.750001   data required time
                                             -0.843039   data arrival time
---------------------------------------------------------------------------------------------
                                             14.906961   slack (MET)


Startpoint: _44_ (rising edge-triggered flip-flop clocked by clk)
Endpoint: count[1] (output port clocked by clk)
Path Group: clk
Path Type: max

Fanout         Cap        Slew       Delay        Time   Description
---------------------------------------------------------------------------------------------
                                  0.000000    0.000000   clock clk (rise edge)
                                  0.000000    0.000000   clock source latency
     1    0.010818    0.055106    0.036840    0.036840 ^ clk (in)
                                                         clk (net)
                      0.055113    0.000000    0.036840 ^ clkbuf_0_clk/A (sky130_fd_sc_hd__clkbuf_16)
     2    0.018098    0.040280    0.126834    0.163674 ^ clkbuf_0_clk/X (sky130_fd_sc_hd__clkbuf_16)
                                                         clknet_0_clk (net)
                      0.040306    0.001592    0.165266 ^ clkbuf_1_0__f_clk/A (sky130_fd_sc_hd__clkbuf_16)
     4    0.012268    0.035283    0.116230    0.281496 ^ clkbuf_1_0__f_clk/X (sky130_fd_sc_hd__clkbuf_16)
                                                         clknet_1_0__leaf_clk (net)
                      0.035283    0.000538    0.282033 ^ _44_/CLK (sky130_fd_sc_hd__dfrtp_1)
     3    0.006676    0.057168    0.370907    0.652940 v _44_/Q (sky130_fd_sc_hd__dfrtp_1)
                                                         net4 (net)
                      0.057168    0.000409    0.653349 v output4/A (sky130_fd_sc_hd__buf_2)
     1    0.034203    0.089749    0.184492    0.837841 v output4/X (sky130_fd_sc_hd__buf_2)
                                                         count[1] (net)
                      0.089787    0.001701    0.839542 v count[1] (out)
                                              0.839542   data arrival time

                                 20.000000   20.000000   clock clk (rise edge)
                                  0.000000   20.000000   clock network delay (propagated)
                                 -0.250000   19.750002   clock uncertainty
                                  0.000000   19.750002   clock reconvergence pessimism
                                 -4.000000   15.750001   output external delay
                                             15.750001   data required time
---------------------------------------------------------------------------------------------
                                             15.750001   data required time
                                             -0.839542   data arrival time
---------------------------------------------------------------------------------------------
                                             14.910460   slack (MET)


Startpoint: _43_ (rising edge-triggered flip-flop clocked by clk)
Endpoint: count[0] (output port clocked by clk)
Path Group: clk
Path Type: max

Fanout         Cap        Slew       Delay        Time   Description
---------------------------------------------------------------------------------------------
                                  0.000000    0.000000   clock clk (rise edge)
                                  0.000000    0.000000   clock source latency
     1    0.010818    0.055106    0.036840    0.036840 ^ clk (in)
                                                         clk (net)
                      0.055113    0.000000    0.036840 ^ clkbuf_0_clk/A (sky130_fd_sc_hd__clkbuf_16)
     2    0.018098    0.040280    0.126834    0.163674 ^ clkbuf_0_clk/X (sky130_fd_sc_hd__clkbuf_16)
                                                         clknet_0_clk (net)
                      0.040306    0.001592    0.165266 ^ clkbuf_1_0__f_clk/A (sky130_fd_sc_hd__clkbuf_16)
     4    0.012268    0.035283    0.116230    0.281496 ^ clkbuf_1_0__f_clk/X (sky130_fd_sc_hd__clkbuf_16)
                                                         clknet_1_0__leaf_clk (net)
                      0.035283    0.000547    0.282043 ^ _43_/CLK (sky130_fd_sc_hd__dfrtp_1)
     3    0.006644    0.057020    0.370723    0.652766 v _43_/Q (sky130_fd_sc_hd__dfrtp_1)
                                                         net3 (net)
                      0.057020    0.000410    0.653176 v output3/A (sky130_fd_sc_hd__buf_2)
     1    0.034298    0.089960    0.184584    0.837760 v output3/X (sky130_fd_sc_hd__buf_2)
                                                         count[0] (net)
                      0.089999    0.001726    0.839486 v count[0] (out)
                                              0.839486   data arrival time

                                 20.000000   20.000000   clock clk (rise edge)
                                  0.000000   20.000000   clock network delay (propagated)
                                 -0.250000   19.750002   clock uncertainty
                                  0.000000   19.750002   clock reconvergence pessimism
                                 -4.000000   15.750001   output external delay
                                             15.750001   data required time
---------------------------------------------------------------------------------------------
                                             15.750001   data required time
                                             -0.839486   data arrival time
---------------------------------------------------------------------------------------------
                                             14.910516   slack (MET)


Startpoint: _42_ (rising edge-triggered flip-flop clocked by clk)
Endpoint: count[7] (output port clocked by clk)
Path Group: clk
Path Type: max

Fanout         Cap        Slew       Delay        Time   Description
---------------------------------------------------------------------------------------------
                                  0.000000    0.000000   clock clk (rise edge)
                                  0.000000    0.000000   clock source latency
     1    0.010818    0.055106    0.036840    0.036840 ^ clk (in)
                                                         clk (net)
                      0.055113    0.000000    0.036840 ^ clkbuf_0_clk/A (sky130_fd_sc_hd__clkbuf_16)
     2    0.018098    0.040280    0.126834    0.163674 ^ clkbuf_0_clk/X (sky130_fd_sc_hd__clkbuf_16)
                                                         clknet_0_clk (net)
                      0.040298    0.001253    0.164927 ^ clkbuf_1_1__f_clk/A (sky130_fd_sc_hd__clkbuf_16)
     4    0.010883    0.034105    0.114902    0.279829 ^ clkbuf_1_1__f_clk/X (sky130_fd_sc_hd__clkbuf_16)
                                                         clknet_1_1__leaf_clk (net)
                      0.034106    0.000504    0.280333 ^ _42_/CLK (sky130_fd_sc_hd__dfrtp_1)
     2    0.004790    0.048328    0.360400    0.640732 v _42_/Q (sky130_fd_sc_hd__dfrtp_1)
                                                         net10 (net)
                      0.048328    0.000301    0.641034 v output10/A (sky130_fd_sc_hd__buf_2)
     1    0.034498    0.090434    0.181089    0.822123 v output10/X (sky130_fd_sc_hd__buf_2)
                                                         count[7] (net)
                      0.090475    0.001757    0.823880 v count[7] (out)
                                              0.823880   data arrival time

                                 20.000000   20.000000   clock clk (rise edge)
                                  0.000000   20.000000   clock network delay (propagated)
                                 -0.250000   19.750002   clock uncertainty
                                  0.000000   19.750002   clock reconvergence pessimism
                                 -4.000000   15.750001   output external delay
                                             15.750001   data required time
---------------------------------------------------------------------------------------------
                                             15.750001   data required time
                                             -0.823880   data arrival time
---------------------------------------------------------------------------------------------
                                             14.926121   slack (MET)


Startpoint: en (input port clocked by clk)
Endpoint: _41_ (rising edge-triggered flip-flop clocked by clk)
Path Group: clk
Path Type: max

Fanout         Cap        Slew       Delay        Time   Description
---------------------------------------------------------------------------------------------
                                  0.000000    0.000000   clock clk (rise edge)
                                  0.000000    0.000000   clock network delay (propagated)
                                  4.000000    4.000000 ^ input external delay
     1    0.002858    0.019982    0.010567    4.010567 ^ en (in)
                                                         en (net)
                      0.019982    0.000000    4.010567 ^ input1/A (sky130_fd_sc_hd__buf_1)
     3    0.011175    0.138039    0.137951    4.148518 ^ input1/X (sky130_fd_sc_hd__buf_1)
                                                         net1 (net)
                      0.138045    0.000751    4.149269 ^ _19_/C (sky130_fd_sc_hd__and3_2)
     7    0.025793    0.144831    0.281483    4.430752 ^ _19_/X (sky130_fd_sc_hd__and3_2)
                                                         _08_ (net)
                      0.144856    0.001916    4.432669 ^ _29_/B (sky130_fd_sc_hd__and4_1)
     2    0.008946    0.105618    0.246615    4.679284 ^ _29_/X (sky130_fd_sc_hd__and4_1)
                                                         _15_ (net)
                      0.105618    0.000311    4.679595 ^ _31_/A_N (sky130_fd_sc_hd__and2b_1)
     1    0.002737    0.033400    0.185103    4.864698 v _31_/X (sky130_fd_sc_hd__and2b_1)
                                                         _03_ (net)
                      0.033416    0.000200    4.864898 v _41_/D (sky130_fd_sc_hd__dfrtp_1)
                                              4.864898   data arrival time

                                 20.000000   20.000000   clock clk (rise edge)
                                  0.000000   20.000000   clock source latency
     1    0.010818    0.055106    0.036840   20.036840 ^ clk (in)
                                                         clk (net)
                      0.055113    0.000000   20.036840 ^ clkbuf_0_clk/A (sky130_fd_sc_hd__clkbuf_16)
     2    0.018098    0.040280    0.126834   20.163673 ^ clkbuf_0_clk/X (sky130_fd_sc_hd__clkbuf_16)
                                                         clknet_0_clk (net)
                      0.040298    0.001252   20.164927 ^ clkbuf_1_1__f_clk/A (sky130_fd_sc_hd__clkbuf_16)
     4    0.010883    0.034105    0.114904   20.279829 ^ clkbuf_1_1__f_clk/X (sky130_fd_sc_hd__clkbuf_16)
                                                         clknet_1_1__leaf_clk (net)
                      0.034106    0.000551   20.280380 ^ _41_/CLK (sky130_fd_sc_hd__dfrtp_1)
                                 -0.250000   20.030382   clock uncertainty
                                  0.000000   20.030382   clock reconvergence pessimism
                                 -0.111709   19.918673   library setup time
                                             19.918673   data required time
---------------------------------------------------------------------------------------------
                                             19.918673   data required time
                                             -4.864898   data arrival time
---------------------------------------------------------------------------------------------
                                             15.053776   slack (MET)


Startpoint: en (input port clocked by clk)
Endpoint: _42_ (rising edge-triggered flip-flop clocked by clk)
Path Group: clk
Path Type: max

Fanout         Cap        Slew       Delay        Time   Description
---------------------------------------------------------------------------------------------
                                  0.000000    0.000000   clock clk (rise edge)
                                  0.000000    0.000000   clock network delay (propagated)
                                  4.000000    4.000000 ^ input external delay
     1    0.002858    0.019982    0.010567    4.010567 ^ en (in)
                                                         en (net)
                      0.019982    0.000000    4.010567 ^ input1/A (sky130_fd_sc_hd__buf_1)
     3    0.011175    0.138039    0.137951    4.148518 ^ input1/X (sky130_fd_sc_hd__buf_1)
                                                         net1 (net)
                      0.138045    0.000751    4.149269 ^ _19_/C (sky130_fd_sc_hd__and3_2)
     7    0.025793    0.144831    0.281483    4.430752 ^ _19_/X (sky130_fd_sc_hd__and3_2)
                                                         _08_ (net)
                      0.144856    0.001916    4.432669 ^ _29_/B (sky130_fd_sc_hd__and4_1)
     2    0.008946    0.105618    0.246615    4.679284 ^ _29_/X (sky130_fd_sc_hd__and4_1)
                                                         _15_ (net)
                      0.105618    0.000504    4.679788 ^ _32_/B (sky130_fd_sc_hd__xor2_1)
     1    0.003739    0.127842    0.161216    4.841004 ^ _32_/X (sky130_fd_sc_hd__xor2_1)
                                                         _04_ (net)
                      0.127842    0.000254    4.841258 ^ _42_/D (sky130_fd_sc_hd__dfrtp_1)
                                              4.841258   data arrival time

                                 20.000000   20.000000   clock clk (rise edge)
                                  0.000000   20.000000   clock source latency
     1    0.010818    0.055106    0.036840   20.036840 ^ clk (in)
                                                         clk (net)
                      0.055113    0.000000   20.036840 ^ clkbuf_0_clk/A (sky130_fd_sc_hd__clkbuf_16)
     2    0.018098    0.040280    0.126834   20.163673 ^ clkbuf_0_clk/X (sky130_fd_sc_hd__clkbuf_16)
                                                         clknet_0_clk (net)
                      0.040298    0.001252   20.164927 ^ clkbuf_1_1__f_clk/A (sky130_fd_sc_hd__clkbuf_16)
     4    0.010883    0.034105    0.114904   20.279829 ^ clkbuf_1_1__f_clk/X (sky130_fd_sc_hd__clkbuf_16)
                                                         clknet_1_1__leaf_clk (net)
                      0.034106    0.000503   20.280333 ^ _42_/CLK (sky130_fd_sc_hd__dfrtp_1)
                                 -0.250000   20.030333   clock uncertainty
                                  0.000000   20.030333   clock reconvergence pessimism
                                 -0.080647   19.949686   library setup time
                                             19.949686   data required time
---------------------------------------------------------------------------------------------
                                             19.949686   data required time
                                             -4.841258   data arrival time
---------------------------------------------------------------------------------------------
                                             15.108429   slack (MET)


Startpoint: en (input port clocked by clk)
Endpoint: _40_ (rising edge-triggered flip-flop clocked by clk)
Path Group: clk
Path Type: max

Fanout         Cap        Slew       Delay        Time   Description
---------------------------------------------------------------------------------------------
                                  0.000000    0.000000   clock clk (rise edge)
                                  0.000000    0.000000   clock network delay (propagated)
                                  4.000000    4.000000 ^ input external delay
     1    0.002858    0.019982    0.010567    4.010567 ^ en (in)
                                                         en (net)
                      0.019982    0.000000    4.010567 ^ input1/A (sky130_fd_sc_hd__buf_1)
     3    0.011175    0.138039    0.137951    4.148518 ^ input1/X (sky130_fd_sc_hd__buf_1)
                                                         net1 (net)
                      0.138045    0.000751    4.149269 ^ _19_/C (sky130_fd_sc_hd__and3_2)
     7    0.025793    0.144831    0.281483    4.430752 ^ _19_/X (sky130_fd_sc_hd__and3_2)
                                                         _08_ (net)
                      0.144841    0.001372    4.432124 ^ _21_/A (sky130_fd_sc_hd__nand2_1)
     3    0.011591    0.097412    0.122250    4.554374 v _21_/Y (sky130_fd_sc_hd__nand2_1)
                                                         _10_ (net)
                      0.097447    0.000330    4.554705 v _28_/A1 (sky130_fd_sc_hd__o21a_1)
     1    0.002269    0.032289    0.194754    4.749458 v _28_/X (sky130_fd_sc_hd__o21a_1)
                                                         _02_ (net)
                      0.032289    0.000161    4.749619 v _40_/D (sky130_fd_sc_hd__dfrtp_1)
                                              4.749619   data arrival time

                                 20.000000   20.000000   clock clk (rise edge)
                                  0.000000   20.000000   clock source latency
     1    0.010818    0.055106    0.036840   20.036840 ^ clk (in)
                                                         clk (net)
                      0.055113    0.000000   20.036840 ^ clkbuf_0_clk/A (sky130_fd_sc_hd__clkbuf_16)
     2    0.018098    0.040280    0.126834   20.163673 ^ clkbuf_0_clk/X (sky130_fd_sc_hd__clkbuf_16)
                                                         clknet_0_clk (net)
                      0.040298    0.001252   20.164927 ^ clkbuf_1_1__f_clk/A (sky130_fd_sc_hd__clkbuf_16)
     4    0.010883    0.034105    0.114904   20.279829 ^ clkbuf_1_1__f_clk/X (sky130_fd_sc_hd__clkbuf_16)
                                                         clknet_1_1__leaf_clk (net)
                      0.034106    0.000520   20.280350 ^ _40_/CLK (sky130_fd_sc_hd__dfrtp_1)
                                 -0.250000   20.030352   clock uncertainty
                                  0.000000   20.030352   clock reconvergence pessimism
                                 -0.111217   19.919134   library setup time
                                             19.919134   data required time
---------------------------------------------------------------------------------------------
                                             19.919134   data required time
                                             -4.749619   data arrival time
---------------------------------------------------------------------------------------------
                                             15.169514   slack (MET)


Startpoint: en (input port clocked by clk)
Endpoint: _38_ (rising edge-triggered flip-flop clocked by clk)
Path Group: clk
Path Type: max

Fanout         Cap        Slew       Delay        Time   Description
---------------------------------------------------------------------------------------------
                                  0.000000    0.000000   clock clk (rise edge)
                                  0.000000    0.000000   clock network delay (propagated)
                                  4.000000    4.000000 v input external delay
     1    0.002682    0.008345    0.004275    4.004275 v en (in)
                                                         en (net)
                      0.008351    0.000000    4.004275 v input1/A (sky130_fd_sc_hd__buf_1)
     3    0.010491    0.067277    0.106531    4.110806 v input1/X (sky130_fd_sc_hd__buf_1)
                                                         net1 (net)
                      0.067284    0.000703    4.111508 v _19_/C (sky130_fd_sc_hd__and3_2)
     7    0.024667    0.086344    0.272722    4.384231 v _19_/X (sky130_fd_sc_hd__and3_2)
                                                         _08_ (net)
                      0.086369    0.001412    4.385643 v _22_/B (sky130_fd_sc_hd__and2_1)
     2    0.006633    0.050964    0.186984    4.572627 v _22_/X (sky130_fd_sc_hd__and2_1)
                                                         _11_ (net)
                      0.050966    0.000381    4.573008 v _23_/A2 (sky130_fd_sc_hd__o21a_1)
     1    0.003117    0.036549    0.166201    4.739209 v _23_/X (sky130_fd_sc_hd__o21a_1)
                                                         _00_ (net)
                      0.036549    0.000231    4.739439 v _38_/D (sky130_fd_sc_hd__dfrtp_1)
                                              4.739439   data arrival time

                                 20.000000   20.000000   clock clk (rise edge)
                                  0.000000   20.000000   clock source latency
     1    0.010818    0.055106    0.036840   20.036840 ^ clk (in)
                                                         clk (net)
                      0.055113    0.000000   20.036840 ^ clkbuf_0_clk/A (sky130_fd_sc_hd__clkbuf_16)
     2    0.018098    0.040280    0.126834   20.163673 ^ clkbuf_0_clk/X (sky130_fd_sc_hd__clkbuf_16)
                                                         clknet_0_clk (net)
                      0.040306    0.001593   20.165268 ^ clkbuf_1_0__f_clk/A (sky130_fd_sc_hd__clkbuf_16)
     4    0.012268    0.035283    0.116229   20.281496 ^ clkbuf_1_0__f_clk/X (sky130_fd_sc_hd__clkbuf_16)
                                                         clknet_1_0__leaf_clk (net)
                      0.035283    0.000506   20.282001 ^ _38_/CLK (sky130_fd_sc_hd__dfrtp_1)
                                 -0.250000   20.032003   clock uncertainty
                                  0.000000   20.032003   clock reconvergence pessimism
                                 -0.112808   19.919195   library setup time
                                             19.919195   data required time
---------------------------------------------------------------------------------------------
                                             19.919195   data required time
                                             -4.739439   data arrival time
---------------------------------------------------------------------------------------------
                                             15.179756   slack (MET)


Startpoint: en (input port clocked by clk)
Endpoint: _39_ (rising edge-triggered flip-flop clocked by clk)
Path Group: clk
Path Type: max

Fanout         Cap        Slew       Delay        Time   Description
---------------------------------------------------------------------------------------------
                                  0.000000    0.000000   clock clk (rise edge)
                                  0.000000    0.000000   clock network delay (propagated)
                                  4.000000    4.000000 ^ input external delay
     1    0.002858    0.019982    0.010567    4.010567 ^ en (in)
                                                         en (net)
                      0.019982    0.000000    4.010567 ^ input1/A (sky130_fd_sc_hd__buf_1)
     3    0.011175    0.138039    0.137951    4.148518 ^ input1/X (sky130_fd_sc_hd__buf_1)
                                                         net1 (net)
                      0.138045    0.000751    4.149269 ^ _19_/C (sky130_fd_sc_hd__and3_2)
     7    0.025793    0.144831    0.281483    4.430752 ^ _19_/X (sky130_fd_sc_hd__and3_2)
                                                         _08_ (net)
                      0.144841    0.001372    4.432124 ^ _21_/A (sky130_fd_sc_hd__nand2_1)
     3    0.011591    0.097412    0.122250    4.554374 v _21_/Y (sky130_fd_sc_hd__nand2_1)
                                                         _10_ (net)
                      0.097454    0.000727    4.555101 v _24_/B (sky130_fd_sc_hd__xnor2_1)
     1    0.002262    0.041996    0.136577    4.691678 v _24_/Y (sky130_fd_sc_hd__xnor2_1)
                                                         _01_ (net)
                      0.041996    0.000102    4.691780 v _39_/D (sky130_fd_sc_hd__dfrtp_1)
                                              4.691780   data arrival time

                                 20.000000   20.000000   clock clk (rise edge)
                                  0.000000   20.000000   clock source latency
     1    0.010818    0.055106    0.036840   20.036840 ^ clk (in)
                                                         clk (net)
                      0.055113    0.000000   20.036840 ^ clkbuf_0_clk/A (sky130_fd_sc_hd__clkbuf_16)
     2    0.018098    0.040280    0.126834   20.163673 ^ clkbuf_0_clk/X (sky130_fd_sc_hd__clkbuf_16)
                                                         clknet_0_clk (net)
                      0.040298    0.001252   20.164927 ^ clkbuf_1_1__f_clk/A (sky130_fd_sc_hd__clkbuf_16)
     4    0.010883    0.034105    0.114904   20.279829 ^ clkbuf_1_1__f_clk/X (sky130_fd_sc_hd__clkbuf_16)
                                                         clknet_1_1__leaf_clk (net)
                      0.034106    0.000531   20.280361 ^ _39_/CLK (sky130_fd_sc_hd__dfrtp_1)
                                 -0.250000   20.030361   clock uncertainty
                                  0.000000   20.030361   clock reconvergence pessimism
                                 -0.115455   19.914907   library setup time
                                             19.914907   data required time
---------------------------------------------------------------------------------------------
                                             19.914907   data required time
                                             -4.691780   data arrival time
---------------------------------------------------------------------------------------------
                                             15.223128   slack (MET)


Startpoint: en (input port clocked by clk)
Endpoint: _45_ (rising edge-triggered flip-flop clocked by clk)
Path Group: clk
Path Type: max

Fanout         Cap        Slew       Delay        Time   Description
---------------------------------------------------------------------------------------------
                                  0.000000    0.000000   clock clk (rise edge)
                                  0.000000    0.000000   clock network delay (propagated)
                                  4.000000    4.000000 ^ input external delay
     1    0.002858    0.019982    0.010567    4.010567 ^ en (in)
                                                         en (net)
                      0.019982    0.000000    4.010567 ^ input1/A (sky130_fd_sc_hd__buf_1)
     3    0.011175    0.138039    0.137951    4.148518 ^ input1/X (sky130_fd_sc_hd__buf_1)
                                                         net1 (net)
                      0.138045    0.000751    4.149269 ^ _19_/C (sky130_fd_sc_hd__and3_2)
     7    0.025793    0.144831    0.281483    4.430752 ^ _19_/X (sky130_fd_sc_hd__and3_2)
                                                         _08_ (net)
                      0.144844    0.001487    4.432239 ^ _22_/B (sky130_fd_sc_hd__and2_1)
     2    0.007121    0.083858    0.171471    4.603711 ^ _22_/X (sky130_fd_sc_hd__and2_1)
                                                         _11_ (net)
                      0.083859    0.000409    4.604119 ^ _37_/A (sky130_fd_sc_hd__nor2_1)
     1    0.003730    0.034637    0.055412    4.659531 v _37_/Y (sky130_fd_sc_hd__nor2_1)
                                                         _07_ (net)
                      0.034637    0.000267    4.659799 v _45_/D (sky130_fd_sc_hd__dfrtp_1)
                                              4.659799   data arrival time

                                 20.000000   20.000000   clock clk (rise edge)
                                  0.000000   20.000000   clock source latency
     1    0.010818    0.055106    0.036840   20.036840 ^ clk (in)
                                                         clk (net)
                      0.055113    0.000000   20.036840 ^ clkbuf_0_clk/A (sky130_fd_sc_hd__clkbuf_16)
     2    0.018098    0.040280    0.126834   20.163673 ^ clkbuf_0_clk/X (sky130_fd_sc_hd__clkbuf_16)
                                                         clknet_0_clk (net)
                      0.040306    0.001593   20.165268 ^ clkbuf_1_0__f_clk/A (sky130_fd_sc_hd__clkbuf_16)
     4    0.012268    0.035283    0.116229   20.281496 ^ clkbuf_1_0__f_clk/X (sky130_fd_sc_hd__clkbuf_16)
                                                         clknet_1_0__leaf_clk (net)
                      0.035283    0.000551   20.282047 ^ _45_/CLK (sky130_fd_sc_hd__dfrtp_1)
                                 -0.250000   20.032047   clock uncertainty
                                  0.000000   20.032047   clock reconvergence pessimism
                                 -0.111973   19.920074   library setup time
                                             19.920074   data required time
---------------------------------------------------------------------------------------------
                                             19.920074   data required time
                                             -4.659799   data arrival time
---------------------------------------------------------------------------------------------
                                             15.260277   slack (MET)


Startpoint: en (input port clocked by clk)
Endpoint: _44_ (rising edge-triggered flip-flop clocked by clk)
Path Group: clk
Path Type: max

Fanout         Cap        Slew       Delay        Time   Description
---------------------------------------------------------------------------------------------
                                  0.000000    0.000000   clock clk (rise edge)
                                  0.000000    0.000000   clock network delay (propagated)
                                  4.000000    4.000000 ^ input external delay
     1    0.002858    0.019982    0.010567    4.010567 ^ en (in)
                                                         en (net)
                      0.019982    0.000000    4.010567 ^ input1/A (sky130_fd_sc_hd__buf_1)
     3    0.011175    0.138039    0.137951    4.148518 ^ input1/X (sky130_fd_sc_hd__buf_1)
                                                         net1 (net)
                      0.138045    0.000751    4.149269 ^ _19_/C (sky130_fd_sc_hd__and3_2)
     7    0.025793    0.144831    0.281483    4.430752 ^ _19_/X (sky130_fd_sc_hd__and3_2)
                                                         _08_ (net)
                      0.144841    0.001353    4.432106 ^ _35_/A (sky130_fd_sc_hd__nor2_1)
     1    0.002473    0.041614    0.063574    4.495680 v _35_/Y (sky130_fd_sc_hd__nor2_1)
                                                         _06_ (net)
                      0.041614    0.000169    4.495849 v _44_/D (sky130_fd_sc_hd__dfrtp_1)
                                              4.495849   data arrival time

                                 20.000000   20.000000   clock clk (rise edge)
                                  0.000000   20.000000   clock source latency
     1    0.010818    0.055106    0.036840   20.036840 ^ clk (in)
                                                         clk (net)
                      0.055113    0.000000   20.036840 ^ clkbuf_0_clk/A (sky130_fd_sc_hd__clkbuf_16)
     2    0.018098    0.040280    0.126834   20.163673 ^ clkbuf_0_clk/X (sky130_fd_sc_hd__clkbuf_16)
                                                         clknet_0_clk (net)
                      0.040306    0.001593   20.165268 ^ clkbuf_1_0__f_clk/A (sky130_fd_sc_hd__clkbuf_16)
     4    0.012268    0.035283    0.116229   20.281496 ^ clkbuf_1_0__f_clk/X (sky130_fd_sc_hd__clkbuf_16)
                                                         clknet_1_0__leaf_clk (net)
                      0.035283    0.000538   20.282034 ^ _44_/CLK (sky130_fd_sc_hd__dfrtp_1)
                                 -0.250000   20.032036   clock uncertainty
                                  0.000000   20.032036   clock reconvergence pessimism
                                 -0.115019   19.917017   library setup time
                                             19.917017   data required time
---------------------------------------------------------------------------------------------
                                             19.917017   data required time
                                             -4.495849   data arrival time
---------------------------------------------------------------------------------------------
                                             15.421167   slack (MET)


Startpoint: en (input port clocked by clk)
Endpoint: _43_ (rising edge-triggered flip-flop clocked by clk)
Path Group: clk
Path Type: max

Fanout         Cap        Slew       Delay        Time   Description
---------------------------------------------------------------------------------------------
                                  0.000000    0.000000   clock clk (rise edge)
                                  0.000000    0.000000   clock network delay (propagated)
                                  4.000000    4.000000 ^ input external delay
     1    0.002858    0.019982    0.010567    4.010567 ^ en (in)
                                                         en (net)
                      0.019982    0.000000    4.010567 ^ input1/A (sky130_fd_sc_hd__buf_1)
     3    0.011175    0.138039    0.137951    4.148518 ^ input1/X (sky130_fd_sc_hd__buf_1)
                                                         net1 (net)
                      0.138046    0.000763    4.149281 ^ _33_/B (sky130_fd_sc_hd__xor2_1)
     1    0.002889    0.113162    0.154888    4.304169 ^ _33_/X (sky130_fd_sc_hd__xor2_1)
                                                         _05_ (net)
                      0.113162    0.000194    4.304363 ^ _43_/D (sky130_fd_sc_hd__dfrtp_1)
                                              4.304363   data arrival time

                                 20.000000   20.000000   clock clk (rise edge)
                                  0.000000   20.000000   clock source latency
     1    0.010818    0.055106    0.036840   20.036840 ^ clk (in)
                                                         clk (net)
                      0.055113    0.000000   20.036840 ^ clkbuf_0_clk/A (sky130_fd_sc_hd__clkbuf_16)
     2    0.018098    0.040280    0.126834   20.163673 ^ clkbuf_0_clk/X (sky130_fd_sc_hd__clkbuf_16)
                                                         clknet_0_clk (net)
                      0.040306    0.001593   20.165268 ^ clkbuf_1_0__f_clk/A (sky130_fd_sc_hd__clkbuf_16)
     4    0.012268    0.035283    0.116229   20.281496 ^ clkbuf_1_0__f_clk/X (sky130_fd_sc_hd__clkbuf_16)
                                                         clknet_1_0__leaf_clk (net)
                      0.035283    0.000547   20.282043 ^ _43_/CLK (sky130_fd_sc_hd__dfrtp_1)
                                 -0.250000   20.032043   clock uncertainty
                                  0.000000   20.032043   clock reconvergence pessimism
                                 -0.077066   19.954979   library setup time
                                             19.954979   data required time
---------------------------------------------------------------------------------------------
                                             19.954979   data required time
                                             -4.304363   data arrival time
---------------------------------------------------------------------------------------------
                                             15.650616   slack (MET)


Startpoint: rst_n (input port clocked by clk)
Endpoint: _40_ (recovery check against rising-edge clock clk)
Path Group: asynchronous
Path Type: max

Fanout         Cap        Slew       Delay        Time   Description
---------------------------------------------------------------------------------------------
                                  0.000000    0.000000   clock clk (rise edge)
                                  0.000000    0.000000   clock network delay (propagated)
                                  4.000000    4.000000 ^ input external delay
     1    0.002492    0.018417    0.009280    4.009280 ^ rst_n (in)
                                                         rst_n (net)
                      0.018419    0.000000    4.009280 ^ input2/A (sky130_fd_sc_hd__buf_2)
     8    0.038828    0.191408    0.201749    4.211030 ^ input2/X (sky130_fd_sc_hd__buf_2)
                                                         net2 (net)
                      0.191439    0.002023    4.213053 ^ _40_/RESET_B (sky130_fd_sc_hd__dfrtp_1)
                                              4.213053   data arrival time

                                 20.000000   20.000000   clock clk (rise edge)
                                  0.000000   20.000000   clock source latency
     1    0.010818    0.055106    0.036840   20.036840 ^ clk (in)
                                                         clk (net)
                      0.055113    0.000000   20.036840 ^ clkbuf_0_clk/A (sky130_fd_sc_hd__clkbuf_16)
     2    0.018098    0.040280    0.126834   20.163673 ^ clkbuf_0_clk/X (sky130_fd_sc_hd__clkbuf_16)
                                                         clknet_0_clk (net)
                      0.040298    0.001252   20.164927 ^ clkbuf_1_1__f_clk/A (sky130_fd_sc_hd__clkbuf_16)
     4    0.010883    0.034105    0.114904   20.279829 ^ clkbuf_1_1__f_clk/X (sky130_fd_sc_hd__clkbuf_16)
                                                         clknet_1_1__leaf_clk (net)
                      0.034106    0.000520   20.280350 ^ _40_/CLK (sky130_fd_sc_hd__dfrtp_1)
                                 -0.250000   20.030352   clock uncertainty
                                  0.000000   20.030352   clock reconvergence pessimism
                                  0.189015   20.219366   library recovery time
                                             20.219366   data required time
---------------------------------------------------------------------------------------------
                                             20.219366   data required time
                                             -4.213053   data arrival time
---------------------------------------------------------------------------------------------
                                             16.006313   slack (MET)


Startpoint: rst_n (input port clocked by clk)
Endpoint: _39_ (recovery check against rising-edge clock clk)
Path Group: asynchronous
Path Type: max

Fanout         Cap        Slew       Delay        Time   Description
---------------------------------------------------------------------------------------------
                                  0.000000    0.000000   clock clk (rise edge)
                                  0.000000    0.000000   clock network delay (propagated)
                                  4.000000    4.000000 ^ input external delay
     1    0.002492    0.018417    0.009280    4.009280 ^ rst_n (in)
                                                         rst_n (net)
                      0.018419    0.000000    4.009280 ^ input2/A (sky130_fd_sc_hd__buf_2)
     8    0.038828    0.191408    0.201749    4.211030 ^ input2/X (sky130_fd_sc_hd__buf_2)
                                                         net2 (net)
                      0.191427    0.001593    4.212622 ^ _39_/RESET_B (sky130_fd_sc_hd__dfrtp_1)
                                              4.212622   data arrival time

                                 20.000000   20.000000   clock clk (rise edge)
                                  0.000000   20.000000   clock source latency
     1    0.010818    0.055106    0.036840   20.036840 ^ clk (in)
                                                         clk (net)
                      0.055113    0.000000   20.036840 ^ clkbuf_0_clk/A (sky130_fd_sc_hd__clkbuf_16)
     2    0.018098    0.040280    0.126834   20.163673 ^ clkbuf_0_clk/X (sky130_fd_sc_hd__clkbuf_16)
                                                         clknet_0_clk (net)
                      0.040298    0.001252   20.164927 ^ clkbuf_1_1__f_clk/A (sky130_fd_sc_hd__clkbuf_16)
     4    0.010883    0.034105    0.114904   20.279829 ^ clkbuf_1_1__f_clk/X (sky130_fd_sc_hd__clkbuf_16)
                                                         clknet_1_1__leaf_clk (net)
                      0.034106    0.000531   20.280361 ^ _39_/CLK (sky130_fd_sc_hd__dfrtp_1)
                                 -0.250000   20.030361   clock uncertainty
                                  0.000000   20.030361   clock reconvergence pessimism
                                  0.189018   20.219381   library recovery time
                                             20.219381   data required time
---------------------------------------------------------------------------------------------
                                             20.219381   data required time
                                             -4.212622   data arrival time
---------------------------------------------------------------------------------------------
                                             16.006760   slack (MET)


Startpoint: rst_n (input port clocked by clk)
Endpoint: _41_ (recovery check against rising-edge clock clk)
Path Group: asynchronous
Path Type: max

Fanout         Cap        Slew       Delay        Time   Description
---------------------------------------------------------------------------------------------
                                  0.000000    0.000000   clock clk (rise edge)
                                  0.000000    0.000000   clock network delay (propagated)
                                  4.000000    4.000000 ^ input external delay
     1    0.002492    0.018417    0.009280    4.009280 ^ rst_n (in)
                                                         rst_n (net)
                      0.018419    0.000000    4.009280 ^ input2/A (sky130_fd_sc_hd__buf_2)
     8    0.038828    0.191408    0.201749    4.211030 ^ input2/X (sky130_fd_sc_hd__buf_2)
                                                         net2 (net)
                      0.191419    0.001224    4.212254 ^ _41_/RESET_B (sky130_fd_sc_hd__dfrtp_1)
                                              4.212254   data arrival time

                                 20.000000   20.000000   clock clk (rise edge)
                                  0.000000   20.000000   clock source latency
     1    0.010818    0.055106    0.036840   20.036840 ^ clk (in)
                                                         clk (net)
                      0.055113    0.000000   20.036840 ^ clkbuf_0_clk/A (sky130_fd_sc_hd__clkbuf_16)
     2    0.018098    0.040280    0.126834   20.163673 ^ clkbuf_0_clk/X (sky130_fd_sc_hd__clkbuf_16)
                                                         clknet_0_clk (net)
                      0.040298    0.001252   20.164927 ^ clkbuf_1_1__f_clk/A (sky130_fd_sc_hd__clkbuf_16)
     4    0.010883    0.034105    0.114904   20.279829 ^ clkbuf_1_1__f_clk/X (sky130_fd_sc_hd__clkbuf_16)
                                                         clknet_1_1__leaf_clk (net)
                      0.034106    0.000551   20.280380 ^ _41_/CLK (sky130_fd_sc_hd__dfrtp_1)
                                 -0.250000   20.030382   clock uncertainty
                                  0.000000   20.030382   clock reconvergence pessimism
                                  0.189020   20.219402   library recovery time
                                             20.219402   data required time
---------------------------------------------------------------------------------------------
                                             20.219402   data required time
                                             -4.212254   data arrival time
---------------------------------------------------------------------------------------------
                                             16.007149   slack (MET)


Startpoint: rst_n (input port clocked by clk)
Endpoint: _42_ (recovery check against rising-edge clock clk)
Path Group: asynchronous
Path Type: max

Fanout         Cap        Slew       Delay        Time   Description
---------------------------------------------------------------------------------------------
                                  0.000000    0.000000   clock clk (rise edge)
                                  0.000000    0.000000   clock network delay (propagated)
                                  4.000000    4.000000 ^ input external delay
     1    0.002492    0.018417    0.009280    4.009280 ^ rst_n (in)
                                                         rst_n (net)
                      0.018419    0.000000    4.009280 ^ input2/A (sky130_fd_sc_hd__buf_2)
     8    0.038828    0.191408    0.201749    4.211030 ^ input2/X (sky130_fd_sc_hd__buf_2)
                                                         net2 (net)
                      0.191418    0.001183    4.212213 ^ _42_/RESET_B (sky130_fd_sc_hd__dfrtp_1)
                                              4.212213   data arrival time

                                 20.000000   20.000000   clock clk (rise edge)
                                  0.000000   20.000000   clock source latency
     1    0.010818    0.055106    0.036840   20.036840 ^ clk (in)
                                                         clk (net)
                      0.055113    0.000000   20.036840 ^ clkbuf_0_clk/A (sky130_fd_sc_hd__clkbuf_16)
     2    0.018098    0.040280    0.126834   20.163673 ^ clkbuf_0_clk/X (sky130_fd_sc_hd__clkbuf_16)
                                                         clknet_0_clk (net)
                      0.040298    0.001252   20.164927 ^ clkbuf_1_1__f_clk/A (sky130_fd_sc_hd__clkbuf_16)
     4    0.010883    0.034105    0.114904   20.279829 ^ clkbuf_1_1__f_clk/X (sky130_fd_sc_hd__clkbuf_16)
                                                         clknet_1_1__leaf_clk (net)
                      0.034106    0.000503   20.280333 ^ _42_/CLK (sky130_fd_sc_hd__dfrtp_1)
                                 -0.250000   20.030333   clock uncertainty
                                  0.000000   20.030333   clock reconvergence pessimism
                                  0.189021   20.219355   library recovery time
                                             20.219355   data required time
---------------------------------------------------------------------------------------------
                                             20.219355   data required time
                                             -4.212213   data arrival time
---------------------------------------------------------------------------------------------
                                             16.007141   slack (MET)


Startpoint: rst_n (input port clocked by clk)
Endpoint: _43_ (recovery check against rising-edge clock clk)
Path Group: asynchronous
Path Type: max

Fanout         Cap        Slew       Delay        Time   Description
---------------------------------------------------------------------------------------------
                                  0.000000    0.000000   clock clk (rise edge)
                                  0.000000    0.000000   clock network delay (propagated)
                                  4.000000    4.000000 ^ input external delay
     1    0.002492    0.018417    0.009280    4.009280 ^ rst_n (in)
                                                         rst_n (net)
                      0.018419    0.000000    4.009280 ^ input2/A (sky130_fd_sc_hd__buf_2)
     8    0.038828    0.191408    0.201749    4.211030 ^ input2/X (sky130_fd_sc_hd__buf_2)
                                                         net2 (net)
                      0.191481    0.003090    4.214120 ^ _43_/RESET_B (sky130_fd_sc_hd__dfrtp_1)
                                              4.214120   data arrival time

                                 20.000000   20.000000   clock clk (rise edge)
                                  0.000000   20.000000   clock source latency
     1    0.010818    0.055106    0.036840   20.036840 ^ clk (in)
                                                         clk (net)
                      0.055113    0.000000   20.036840 ^ clkbuf_0_clk/A (sky130_fd_sc_hd__clkbuf_16)
     2    0.018098    0.040280    0.126834   20.163673 ^ clkbuf_0_clk/X (sky130_fd_sc_hd__clkbuf_16)
                                                         clknet_0_clk (net)
                      0.040306    0.001593   20.165268 ^ clkbuf_1_0__f_clk/A (sky130_fd_sc_hd__clkbuf_16)
     4    0.012268    0.035283    0.116229   20.281496 ^ clkbuf_1_0__f_clk/X (sky130_fd_sc_hd__clkbuf_16)
                                                         clknet_1_0__leaf_clk (net)
                      0.035283    0.000547   20.282043 ^ _43_/CLK (sky130_fd_sc_hd__dfrtp_1)
                                 -0.250000   20.032043   clock uncertainty
                                  0.000000   20.032043   clock reconvergence pessimism
                                  0.189372   20.221416   library recovery time
                                             20.221416   data required time
---------------------------------------------------------------------------------------------
                                             20.221416   data required time
                                             -4.214120   data arrival time
---------------------------------------------------------------------------------------------
                                             16.007296   slack (MET)


Startpoint: rst_n (input port clocked by clk)
Endpoint: _44_ (recovery check against rising-edge clock clk)
Path Group: asynchronous
Path Type: max

Fanout         Cap        Slew       Delay        Time   Description
---------------------------------------------------------------------------------------------
                                  0.000000    0.000000   clock clk (rise edge)
                                  0.000000    0.000000   clock network delay (propagated)
                                  4.000000    4.000000 ^ input external delay
     1    0.002492    0.018417    0.009280    4.009280 ^ rst_n (in)
                                                         rst_n (net)
                      0.018419    0.000000    4.009280 ^ input2/A (sky130_fd_sc_hd__buf_2)
     8    0.038828    0.191408    0.201749    4.211030 ^ input2/X (sky130_fd_sc_hd__buf_2)
                                                         net2 (net)
                      0.191480    0.003074    4.214103 ^ _44_/RESET_B (sky130_fd_sc_hd__dfrtp_1)
                                              4.214103   data arrival time

                                 20.000000   20.000000   clock clk (rise edge)
                                  0.000000   20.000000   clock source latency
     1    0.010818    0.055106    0.036840   20.036840 ^ clk (in)
                                                         clk (net)
                      0.055113    0.000000   20.036840 ^ clkbuf_0_clk/A (sky130_fd_sc_hd__clkbuf_16)
     2    0.018098    0.040280    0.126834   20.163673 ^ clkbuf_0_clk/X (sky130_fd_sc_hd__clkbuf_16)
                                                         clknet_0_clk (net)
                      0.040306    0.001593   20.165268 ^ clkbuf_1_0__f_clk/A (sky130_fd_sc_hd__clkbuf_16)
     4    0.012268    0.035283    0.116229   20.281496 ^ clkbuf_1_0__f_clk/X (sky130_fd_sc_hd__clkbuf_16)
                                                         clknet_1_0__leaf_clk (net)
                      0.035283    0.000538   20.282034 ^ _44_/CLK (sky130_fd_sc_hd__dfrtp_1)
                                 -0.250000   20.032036   clock uncertainty
                                  0.000000   20.032036   clock reconvergence pessimism
                                  0.189373   20.221407   library recovery time
                                             20.221407   data required time
---------------------------------------------------------------------------------------------
                                             20.221407   data required time
                                             -4.214103   data arrival time
---------------------------------------------------------------------------------------------
                                             16.007305   slack (MET)


Startpoint: rst_n (input port clocked by clk)
Endpoint: _38_ (recovery check against rising-edge clock clk)
Path Group: asynchronous
Path Type: max

Fanout         Cap        Slew       Delay        Time   Description
---------------------------------------------------------------------------------------------
                                  0.000000    0.000000   clock clk (rise edge)
                                  0.000000    0.000000   clock network delay (propagated)
                                  4.000000    4.000000 ^ input external delay
     1    0.002492    0.018417    0.009280    4.009280 ^ rst_n (in)
                                                         rst_n (net)
                      0.018419    0.000000    4.009280 ^ input2/A (sky130_fd_sc_hd__buf_2)
     8    0.038828    0.191408    0.201749    4.211030 ^ input2/X (sky130_fd_sc_hd__buf_2)
                                                         net2 (net)
                      0.191466    0.002752    4.213781 ^ _38_/RESET_B (sky130_fd_sc_hd__dfrtp_1)
                                              4.213781   data arrival time

                                 20.000000   20.000000   clock clk (rise edge)
                                  0.000000   20.000000   clock source latency
     1    0.010818    0.055106    0.036840   20.036840 ^ clk (in)
                                                         clk (net)
                      0.055113    0.000000   20.036840 ^ clkbuf_0_clk/A (sky130_fd_sc_hd__clkbuf_16)
     2    0.018098    0.040280    0.126834   20.163673 ^ clkbuf_0_clk/X (sky130_fd_sc_hd__clkbuf_16)
                                                         clknet_0_clk (net)
                      0.040306    0.001593   20.165268 ^ clkbuf_1_0__f_clk/A (sky130_fd_sc_hd__clkbuf_16)
     4    0.012268    0.035283    0.116229   20.281496 ^ clkbuf_1_0__f_clk/X (sky130_fd_sc_hd__clkbuf_16)
                                                         clknet_1_0__leaf_clk (net)
                      0.035283    0.000506   20.282001 ^ _38_/CLK (sky130_fd_sc_hd__dfrtp_1)
                                 -0.250000   20.032003   clock uncertainty
                                  0.000000   20.032003   clock reconvergence pessimism
                                  0.189376   20.221378   library recovery time
                                             20.221378   data required time
---------------------------------------------------------------------------------------------
                                             20.221378   data required time
                                             -4.213781   data arrival time
---------------------------------------------------------------------------------------------
                                             16.007597   slack (MET)


Startpoint: rst_n (input port clocked by clk)
Endpoint: _45_ (recovery check against rising-edge clock clk)
Path Group: asynchronous
Path Type: max

Fanout         Cap        Slew       Delay        Time   Description
---------------------------------------------------------------------------------------------
                                  0.000000    0.000000   clock clk (rise edge)
                                  0.000000    0.000000   clock network delay (propagated)
                                  4.000000    4.000000 ^ input external delay
     1    0.002492    0.018417    0.009280    4.009280 ^ rst_n (in)
                                                         rst_n (net)
                      0.018419    0.000000    4.009280 ^ input2/A (sky130_fd_sc_hd__buf_2)
     8    0.038828    0.191408    0.201749    4.211030 ^ input2/X (sky130_fd_sc_hd__buf_2)
                                                         net2 (net)
                      0.191465    0.002751    4.213780 ^ _45_/RESET_B (sky130_fd_sc_hd__dfrtp_1)
                                              4.213780   data arrival time

                                 20.000000   20.000000   clock clk (rise edge)
                                  0.000000   20.000000   clock source latency
     1    0.010818    0.055106    0.036840   20.036840 ^ clk (in)
                                                         clk (net)
                      0.055113    0.000000   20.036840 ^ clkbuf_0_clk/A (sky130_fd_sc_hd__clkbuf_16)
     2    0.018098    0.040280    0.126834   20.163673 ^ clkbuf_0_clk/X (sky130_fd_sc_hd__clkbuf_16)
                                                         clknet_0_clk (net)
                      0.040306    0.001593   20.165268 ^ clkbuf_1_0__f_clk/A (sky130_fd_sc_hd__clkbuf_16)
     4    0.012268    0.035283    0.116229   20.281496 ^ clkbuf_1_0__f_clk/X (sky130_fd_sc_hd__clkbuf_16)
                                                         clknet_1_0__leaf_clk (net)
                      0.035283    0.000551   20.282047 ^ _45_/CLK (sky130_fd_sc_hd__dfrtp_1)
                                 -0.250000   20.032047   clock uncertainty
                                  0.000000   20.032047   clock reconvergence pessimism
                                  0.189376   20.221424   library recovery time
                                             20.221424   data required time
---------------------------------------------------------------------------------------------
                                             20.221424   data required time
                                             -4.213780   data arrival time
---------------------------------------------------------------------------------------------
                                             16.007643   slack (MET)



