
===========================================================================
report_checks -path_delay min (Hold)
============================================================================
======================= max_tt_025C_1v80 Corner ===================================

Startpoint: _41_ (rising edge-triggered flip-flop clocked by clk)
Endpoint: _41_ (rising edge-triggered flip-flop clocked by clk)
Path Group: clk
Path Type: min

Fanout         Cap        Slew       Delay        Time   Description
---------------------------------------------------------------------------------------------
                                  0.000000    0.000000   clock clk (rise edge)
                                  0.000000    0.000000   clock source latency
     1    0.010818    0.055106    0.036840    0.036840 ^ clk (in)
                                                         clk (net)
                      0.055113    0.000000    0.036840 ^ clkbuf_0_clk/A (sky130_fd_sc_hd__clkbuf_16)
     2    0.018098    0.040280    0.126834    0.163674 ^ clkbuf_0_clk/X (sky130_fd_sc_hd__clkbuf_16)
                                                         clknet_0_clk (net)
                      0.040298    0.001253    0.164927 ^ clkbuf_1_1__f_clk/A (sky130_fd_sc_hd__clkbuf_16)
     4    0.010883    0.034105    0.114902    0.279829 ^ clkbuf_1_1__f_clk/X (sky130_fd_sc_hd__clkbuf_16)
                                                         clknet_1_1__leaf_clk (net)
                      0.034106    0.000552    0.280381 ^ _41_/CLK (sky130_fd_sc_hd__dfrtp_1)
     3    0.007971    0.085164    0.345656    0.626037 ^ _41_/Q (sky130_fd_sc_hd__dfrtp_1)
                                                         net9 (net)
                      0.085165    0.000466    0.626503 ^ _30_/B1 (sky130_fd_sc_hd__a31o_1)
     1    0.001877    0.033747    0.092399    0.718902 ^ _30_/X (sky130_fd_sc_hd__a31o_1)
                                                         _16_ (net)
                      0.033747    0.000086    0.718988 ^ _31_/B (sky130_fd_sc_hd__and2b_1)
     1    0.002794    0.041254    0.109359    0.828346 ^ _31_/X (sky130_fd_sc_hd__and2b_1)
                                                         _03_ (net)
                      0.041255    0.000205    0.828551 ^ _41_/D (sky130_fd_sc_hd__dfrtp_1)
                                              0.828551   data arrival time

                                  0.000000    0.000000   clock clk (rise edge)
                                  0.000000    0.000000   clock source latency
     1    0.010818    0.055106    0.036840    0.036840 ^ clk (in)
                                                         clk (net)
                      0.055113    0.000000    0.036840 ^ clkbuf_0_clk/A (sky130_fd_sc_hd__clkbuf_16)
     2    0.018098    0.040280    0.126834    0.163674 ^ clkbuf_0_clk/X (sky130_fd_sc_hd__clkbuf_16)
                                                         clknet_0_clk (net)
                      0.040298    0.001253    0.164927 ^ clkbuf_1_1__f_clk/A (sky130_fd_sc_hd__clkbuf_16)
     4    0.010883    0.034105    0.114902    0.279829 ^ clkbuf_1_1__f_clk/X (sky130_fd_sc_hd__clkbuf_16)
                                                         clknet_1_1__leaf_clk (net)
                      0.034106    0.000552    0.280381 ^ _41_/CLK (sky130_fd_sc_hd__dfrtp_1)
                                  0.250000    0.530381   clock uncertainty
                                  0.000000    0.530381   clock reconvergence pessimism
                                 -0.035467    0.494914   library hold time
                                              0.494914   data required time
---------------------------------------------------------------------------------------------
                                              0.494914   data required time
                                             -0.828551   data arrival time
---------------------------------------------------------------------------------------------
                                              0.333638   slack (MET)


Startpoint: _40_ (rising edge-triggered flip-flop clocked by clk)
Endpoint: _40_ (rising edge-triggered flip-flop clocked by clk)
Path Group: clk
Path Type: min

Fanout         Cap        Slew       Delay        Time   Description
---------------------------------------------------------------------------------------------
                                  0.000000    0.000000   clock clk (rise edge)
                                  0.000000    0.000000   clock source latency
     1    0.010818    0.055106    0.036840    0.036840 ^ clk (in)
                                                         clk (net)
                      0.055113    0.000000    0.036840 ^ clkbuf_0_clk/A (sky130_fd_sc_hd__clkbuf_16)
     2    0.018098    0.040280    0.126834    0.163674 ^ clkbuf_0_clk/X (sky130_fd_sc_hd__clkbuf_16)
                                                         clknet_0_clk (net)
                      0.040298    0.001253    0.164927 ^ clkbuf_1_1__f_clk/A (sky130_fd_sc_hd__clkbuf_16)
     4    0.010883    0.034105    0.114902    0.279829 ^ clkbuf_1_1__f_clk/X (sky130_fd_sc_hd__clkbuf_16)
                                                         clknet_1_1__leaf_clk (net)
                      0.034106    0.000521    0.280349 ^ _40_/CLK (sky130_fd_sc_hd__dfrtp_1)
     4    0.010166    0.071522    0.388144    0.668493 v _40_/Q (sky130_fd_sc_hd__dfrtp_1)
                                                         net8 (net)
                      0.071588    0.000587    0.669081 v _27_/B (sky130_fd_sc_hd__nand2_1)
     1    0.003704    0.049312    0.078698    0.747778 ^ _27_/Y (sky130_fd_sc_hd__nand2_1)
                                                         _14_ (net)
                      0.049312    0.000159    0.747938 ^ _28_/A2 (sky130_fd_sc_hd__o21a_1)
     1    0.002326    0.035551    0.097045    0.844983 ^ _28_/X (sky130_fd_sc_hd__o21a_1)
                                                         _02_ (net)
                      0.035551    0.000165    0.845148 ^ _40_/D (sky130_fd_sc_hd__dfrtp_1)
                                              0.845148   data arrival time

                                  0.000000    0.000000   clock clk (rise edge)
                                  0.000000    0.000000   clock source latency
     1    0.010818    0.055106    0.036840    0.036840 ^ clk (in)
                                                         clk (net)
                      0.055113    0.000000    0.036840 ^ clkbuf_0_clk/A (sky130_fd_sc_hd__clkbuf_16)
     2    0.018098    0.040280    0.126834    0.163674 ^ clkbuf_0_clk/X (sky130_fd_sc_hd__clkbuf_16)
                                                         clknet_0_clk (net)
                      0.040298    0.001253    0.164927 ^ clkbuf_1_1__f_clk/A (sky130_fd_sc_hd__clkbuf_16)
     4    0.010883    0.034105    0.114902    0.279829 ^ clkbuf_1_1__f_clk/X (sky130_fd_sc_hd__clkbuf_16)
                                                         clknet_1_1__leaf_clk (net)
                      0.034106    0.000521    0.280349 ^ _40_/CLK (sky130_fd_sc_hd__dfrtp_1)
                                  0.250000    0.530349   clock uncertainty
                                  0.000000    0.530349   clock reconvergence pessimism
                                 -0.034270    0.496080   library hold time
                                              0.496080   data required time
---------------------------------------------------------------------------------------------
                                              0.496080   data required time
                                             -0.845148   data arrival time
---------------------------------------------------------------------------------------------
                                              0.349069   slack (MET)


Startpoint: _45_ (rising edge-triggered flip-flop clocked by clk)
Endpoint: _45_ (rising edge-triggered flip-flop clocked by clk)
Path Group: clk
Path Type: min

Fanout         Cap        Slew       Delay        Time   Description
---------------------------------------------------------------------------------------------
                                  0.000000    0.000000   clock clk (rise edge)
                                  0.000000    0.000000   clock source latency
     1    0.010818    0.055106    0.036840    0.036840 ^ clk (in)
                                                         clk (net)
                      0.055113    0.000000    0.036840 ^ clkbuf_0_clk/A (sky130_fd_sc_hd__clkbuf_16)
     2    0.018098    0.040280    0.126834    0.163674 ^ clkbuf_0_clk/X (sky130_fd_sc_hd__clkbuf_16)
                                                         clknet_0_clk (net)
                      0.040306    0.001592    0.165266 ^ clkbuf_1_0__f_clk/A (sky130_fd_sc_hd__clkbuf_16)
     4    0.012268    0.035283    0.116230    0.281496 ^ clkbuf_1_0__f_clk/X (sky130_fd_sc_hd__clkbuf_16)
                                                         clknet_1_0__leaf_clk (net)
                      0.035283    0.000552    0.282047 ^ _45_/CLK (sky130_fd_sc_hd__dfrtp_1)
     4    0.010305    0.102789    0.361138    0.643185 ^ _45_/Q (sky130_fd_sc_hd__dfrtp_1)
                                                         net5 (net)
                      0.102790    0.000545    0.643731 ^ _22_/A (sky130_fd_sc_hd__and2_1)
     2    0.007121    0.083567    0.159583    0.803314 ^ _22_/X (sky130_fd_sc_hd__and2_1)
                                                         _11_ (net)
                      0.083568    0.000409    0.803723 ^ _37_/A (sky130_fd_sc_hd__nor2_1)
     1    0.003730    0.030269    0.055327    0.859049 v _37_/Y (sky130_fd_sc_hd__nor2_1)
                                                         _07_ (net)
                      0.030272    0.000267    0.859317 v _45_/D (sky130_fd_sc_hd__dfrtp_1)
                                              0.859317   data arrival time

                                  0.000000    0.000000   clock clk (rise edge)
                                  0.000000    0.000000   clock source latency
     1    0.010818    0.055106    0.036840    0.036840 ^ clk (in)
                                                         clk (net)
                      0.055113    0.000000    0.036840 ^ clkbuf_0_clk/A (sky130_fd_sc_hd__clkbuf_16)
     2    0.018098    0.040280    0.126834    0.163674 ^ clkbuf_0_clk/X (sky130_fd_sc_hd__clkbuf_16)
                                                         clknet_0_clk (net)
                      0.040306    0.001592    0.165266 ^ clkbuf_1_0__f_clk/A (sky130_fd_sc_hd__clkbuf_16)
     4    0.012268    0.035283    0.116230    0.281496 ^ clkbuf_1_0__f_clk/X (sky130_fd_sc_hd__clkbuf_16)
                                                         clknet_1_0__leaf_clk (net)
                      0.035283    0.000552    0.282047 ^ _45_/CLK (sky130_fd_sc_hd__dfrtp_1)
                                  0.250000    0.532047   clock uncertainty
                                  0.000000    0.532047   clock reconvergence pessimism
                                 -0.041995    0.490052   library hold time
                                              0.490052   data required time
---------------------------------------------------------------------------------------------
                                              0.490052   data required time
                                             -0.859317   data arrival time
---------------------------------------------------------------------------------------------
                                              0.369265   slack (MET)


Startpoint: _45_ (rising edge-triggered flip-flop clocked by clk)
Endpoint: _38_ (rising edge-triggered flip-flop clocked by clk)
Path Group: clk
Path Type: min

Fanout         Cap        Slew       Delay        Time   Description
---------------------------------------------------------------------------------------------
                                  0.000000    0.000000   clock clk (rise edge)
                                  0.000000    0.000000   clock source latency
     1    0.010818    0.055106    0.036840    0.036840 ^ clk (in)
                                                         clk (net)
                      0.055113    0.000000    0.036840 ^ clkbuf_0_clk/A (sky130_fd_sc_hd__clkbuf_16)
     2    0.018098    0.040280    0.126834    0.163674 ^ clkbuf_0_clk/X (sky130_fd_sc_hd__clkbuf_16)
                                                         clknet_0_clk (net)
                      0.040306    0.001592    0.165266 ^ clkbuf_1_0__f_clk/A (sky130_fd_sc_hd__clkbuf_16)
     4    0.012268    0.035283    0.116230    0.281496 ^ clkbuf_1_0__f_clk/X (sky130_fd_sc_hd__clkbuf_16)
                                                         clknet_1_0__leaf_clk (net)
                      0.035283    0.000552    0.282047 ^ _45_/CLK (sky130_fd_sc_hd__dfrtp_1)
     4    0.010305    0.102789    0.361138    0.643185 ^ _45_/Q (sky130_fd_sc_hd__dfrtp_1)
                                                         net5 (net)
                      0.102790    0.000545    0.643731 ^ _22_/A (sky130_fd_sc_hd__and2_1)
     2    0.007121    0.083567    0.159583    0.803314 ^ _22_/X (sky130_fd_sc_hd__and2_1)
                                                         _11_ (net)
                      0.083568    0.000414    0.803728 ^ _23_/A2 (sky130_fd_sc_hd__o21a_1)
     1    0.003174    0.042780    0.112634    0.916362 ^ _23_/X (sky130_fd_sc_hd__o21a_1)
                                                         _00_ (net)
                      0.042781    0.000236    0.916597 ^ _38_/D (sky130_fd_sc_hd__dfrtp_1)
                                              0.916597   data arrival time

                                  0.000000    0.000000   clock clk (rise edge)
                                  0.000000    0.000000   clock source latency
     1    0.010818    0.055106    0.036840    0.036840 ^ clk (in)
                                                         clk (net)
                      0.055113    0.000000    0.036840 ^ clkbuf_0_clk/A (sky130_fd_sc_hd__clkbuf_16)
     2    0.018098    0.040280    0.126834    0.163674 ^ clkbuf_0_clk/X (sky130_fd_sc_hd__clkbuf_16)
                                                         clknet_0_clk (net)
                      0.040306    0.001592    0.165266 ^ clkbuf_1_0__f_clk/A (sky130_fd_sc_hd__clkbuf_16)
     4    0.012268    0.035283    0.116230    0.281496 ^ clkbuf_1_0__f_clk/X (sky130_fd_sc_hd__clkbuf_16)
                                                         clknet_1_0__leaf_clk (net)
                      0.035283    0.000507    0.282002 ^ _38_/CLK (sky130_fd_sc_hd__dfrtp_1)
                                  0.250000    0.532002   clock uncertainty
                                  0.000000    0.532002   clock reconvergence pessimism
                                 -0.035626    0.496376   library hold time
                                              0.496376   data required time
---------------------------------------------------------------------------------------------
                                              0.496376   data required time
                                             -0.916597   data arrival time
---------------------------------------------------------------------------------------------
                                              0.420221   slack (MET)


Startpoint: _41_ (rising edge-triggered flip-flop clocked by clk)
Endpoint: _42_ (rising edge-triggered flip-flop clocked by clk)
Path Group: clk
Path Type: min

Fanout         Cap        Slew       Delay        Time   Description
---------------------------------------------------------------------------------------------
                                  0.000000    0.000000   clock clk (rise edge)
                                  0.000000    0.000000   clock source latency
     1    0.010818    0.055106    0.036840    0.036840 ^ clk (in)
                                                         clk (net)
                      0.055113    0.000000    0.036840 ^ clkbuf_0_clk/A (sky130_fd_sc_hd__clkbuf_16)
     2    0.018098    0.040280    0.126834    0.163674 ^ clkbuf_0_clk/X (sky130_fd_sc_hd__clkbuf_16)
                                                         clknet_0_clk (net)
                      0.040298    0.001253    0.164927 ^ clkbuf_1_1__f_clk/A (sky130_fd_sc_hd__clkbuf_16)
     4    0.010883    0.034105    0.114902    0.279829 ^ clkbuf_1_1__f_clk/X (sky130_fd_sc_hd__clkbuf_16)
                                                         clknet_1_1__leaf_clk (net)
                      0.034106    0.000552    0.280381 ^ _41_/CLK (sky130_fd_sc_hd__dfrtp_1)
     3    0.007971    0.085164    0.345656    0.626037 ^ _41_/Q (sky130_fd_sc_hd__dfrtp_1)
                                                         net9 (net)
                      0.085164    0.000417    0.626454 ^ _29_/A (sky130_fd_sc_hd__and4_1)
     2    0.008946    0.105391    0.220019    0.846473 ^ _29_/X (sky130_fd_sc_hd__and4_1)
                                                         _15_ (net)
                      0.105391    0.000505    0.846977 ^ _32_/B (sky130_fd_sc_hd__xor2_1)
     1    0.003682    0.039619    0.078389    0.925366 v _32_/X (sky130_fd_sc_hd__xor2_1)
                                                         _04_ (net)
                      0.039619    0.000249    0.925615 v _42_/D (sky130_fd_sc_hd__dfrtp_1)
                                              0.925615   data arrival time

                                  0.000000    0.000000   clock clk (rise edge)
                                  0.000000    0.000000   clock source latency
     1    0.010818    0.055106    0.036840    0.036840 ^ clk (in)
                                                         clk (net)
                      0.055113    0.000000    0.036840 ^ clkbuf_0_clk/A (sky130_fd_sc_hd__clkbuf_16)
     2    0.018098    0.040280    0.126834    0.163674 ^ clkbuf_0_clk/X (sky130_fd_sc_hd__clkbuf_16)
                                                         clknet_0_clk (net)
                      0.040298    0.001253    0.164927 ^ clkbuf_1_1__f_clk/A (sky130_fd_sc_hd__clkbuf_16)
     4    0.010883    0.034105    0.114902    0.279829 ^ clkbuf_1_1__f_clk/X (sky130_fd_sc_hd__clkbuf_16)
                                                         clknet_1_1__leaf_clk (net)
                      0.034106    0.000504    0.280333 ^ _42_/CLK (sky130_fd_sc_hd__dfrtp_1)
                                  0.250000    0.530333   clock uncertainty
                                  0.000000    0.530333   clock reconvergence pessimism
                                 -0.046070    0.484263   library hold time
                                              0.484263   data required time
---------------------------------------------------------------------------------------------
                                              0.484263   data required time
                                             -0.925615   data arrival time
---------------------------------------------------------------------------------------------
                                              0.441352   slack (MET)


Startpoint: _43_ (rising edge-triggered flip-flop clocked by clk)
Endpoint: _44_ (rising edge-triggered flip-flop clocked by clk)
Path Group: clk
Path Type: min

Fanout         Cap        Slew       Delay        Time   Description
---------------------------------------------------------------------------------------------
                                  0.000000    0.000000   clock clk (rise edge)
                                  0.000000    0.000000   clock source latency
     1    0.010818    0.055106    0.036840    0.036840 ^ clk (in)
                                                         clk (net)
                      0.055113    0.000000    0.036840 ^ clkbuf_0_clk/A (sky130_fd_sc_hd__clkbuf_16)
     2    0.018098    0.040280    0.126834    0.163674 ^ clkbuf_0_clk/X (sky130_fd_sc_hd__clkbuf_16)
                                                         clknet_0_clk (net)
                      0.040306    0.001592    0.165266 ^ clkbuf_1_0__f_clk/A (sky130_fd_sc_hd__clkbuf_16)
     4    0.012268    0.035283    0.116230    0.281496 ^ clkbuf_1_0__f_clk/X (sky130_fd_sc_hd__clkbuf_16)
                                                         clknet_1_0__leaf_clk (net)
                      0.035283    0.000547    0.282043 ^ _43_/CLK (sky130_fd_sc_hd__dfrtp_1)
     3    0.007012    0.077548    0.339608    0.621650 ^ _43_/Q (sky130_fd_sc_hd__dfrtp_1)
                                                         net3 (net)
                      0.077549    0.000497    0.622148 ^ _19_/A (sky130_fd_sc_hd__and3_2)
     7    0.025793    0.144740    0.257672    0.879819 ^ _19_/X (sky130_fd_sc_hd__and3_2)
                                                         _08_ (net)
                      0.144751    0.001353    0.881172 ^ _35_/A (sky130_fd_sc_hd__nor2_1)
     1    0.002473    0.032531    0.063562    0.944734 v _35_/Y (sky130_fd_sc_hd__nor2_1)
                                                         _06_ (net)
                      0.032531    0.000169    0.944903 v _44_/D (sky130_fd_sc_hd__dfrtp_1)
                                              0.944903   data arrival time

                                  0.000000    0.000000   clock clk (rise edge)
                                  0.000000    0.000000   clock source latency
     1    0.010818    0.055106    0.036840    0.036840 ^ clk (in)
                                                         clk (net)
                      0.055113    0.000000    0.036840 ^ clkbuf_0_clk/A (sky130_fd_sc_hd__clkbuf_16)
     2    0.018098    0.040280    0.126834    0.163674 ^ clkbuf_0_clk/X (sky130_fd_sc_hd__clkbuf_16)
                                                         clknet_0_clk (net)
                      0.040306    0.001592    0.165266 ^ clkbuf_1_0__f_clk/A (sky130_fd_sc_hd__clkbuf_16)
     4    0.012268    0.035283    0.116230    0.281496 ^ clkbuf_1_0__f_clk/X (sky130_fd_sc_hd__clkbuf_16)
                                                         clknet_1_0__leaf_clk (net)
                      0.035283    0.000538    0.282033 ^ _44_/CLK (sky130_fd_sc_hd__dfrtp_1)
                                  0.250000    0.532033   clock uncertainty
                                  0.000000    0.532033   clock reconvergence pessimism
                                 -0.042915    0.489118   library hold time
                                              0.489118   data required time
---------------------------------------------------------------------------------------------
                                              0.489118   data required time
                                             -0.944903   data arrival time
---------------------------------------------------------------------------------------------
                                              0.455785   slack (MET)


Startpoint: _38_ (rising edge-triggered flip-flop clocked by clk)
Endpoint: _39_ (rising edge-triggered flip-flop clocked by clk)
Path Group: clk
Path Type: min

Fanout         Cap        Slew       Delay        Time   Description
---------------------------------------------------------------------------------------------
                                  0.000000    0.000000   clock clk (rise edge)
                                  0.000000    0.000000   clock source latency
     1    0.010818    0.055106    0.036840    0.036840 ^ clk (in)
                                                         clk (net)
                      0.055113    0.000000    0.036840 ^ clkbuf_0_clk/A (sky130_fd_sc_hd__clkbuf_16)
     2    0.018098    0.040280    0.126834    0.163674 ^ clkbuf_0_clk/X (sky130_fd_sc_hd__clkbuf_16)
                                                         clknet_0_clk (net)
                      0.040306    0.001592    0.165266 ^ clkbuf_1_0__f_clk/A (sky130_fd_sc_hd__clkbuf_16)
     4    0.012268    0.035283    0.116230    0.281496 ^ clkbuf_1_0__f_clk/X (sky130_fd_sc_hd__clkbuf_16)
                                                         clknet_1_0__leaf_clk (net)
                      0.035283    0.000507    0.282002 ^ _38_/CLK (sky130_fd_sc_hd__dfrtp_1)
     3    0.007102    0.059302    0.373250    0.655252 v _38_/Q (sky130_fd_sc_hd__dfrtp_1)
                                                         net6 (net)
                      0.059302    0.000208    0.655460 v _20_/B (sky130_fd_sc_hd__and2_1)
     4    0.012750    0.074589    0.198915    0.854375 v _20_/X (sky130_fd_sc_hd__and2_1)
                                                         _09_ (net)
                      0.074589    0.000364    0.854739 v _21_/B (sky130_fd_sc_hd__nand2_1)
     3    0.012139    0.118284    0.131855    0.986595 ^ _21_/Y (sky130_fd_sc_hd__nand2_1)
                                                         _10_ (net)
                      0.118291    0.000757    0.987351 ^ _24_/B (sky130_fd_sc_hd__xnor2_1)
     1    0.002262    0.033634    0.071058    1.058409 v _24_/Y (sky130_fd_sc_hd__xnor2_1)
                                                         _01_ (net)
                      0.033634    0.000102    1.058512 v _39_/D (sky130_fd_sc_hd__dfrtp_1)
                                              1.058512   data arrival time

                                  0.000000    0.000000   clock clk (rise edge)
                                  0.000000    0.000000   clock source latency
     1    0.010818    0.055106    0.036840    0.036840 ^ clk (in)
                                                         clk (net)
                      0.055113    0.000000    0.036840 ^ clkbuf_0_clk/A (sky130_fd_sc_hd__clkbuf_16)
     2    0.018098    0.040280    0.126834    0.163674 ^ clkbuf_0_clk/X (sky130_fd_sc_hd__clkbuf_16)
                                                         clknet_0_clk (net)
                      0.040298    0.001253    0.164927 ^ clkbuf_1_1__f_clk/A (sky130_fd_sc_hd__clkbuf_16)
     4    0.010883    0.034105    0.114902    0.279829 ^ clkbuf_1_1__f_clk/X (sky130_fd_sc_hd__clkbuf_16)
                                                         clknet_1_1__leaf_clk (net)
                      0.034106    0.000532    0.280361 ^ _39_/CLK (sky130_fd_sc_hd__dfrtp_1)
                                  0.250000    0.530361   clock uncertainty
                                  0.000000    0.530361   clock reconvergence pessimism
                                 -0.043633    0.486728   library hold time
                                              0.486728   data required time
---------------------------------------------------------------------------------------------
                                              0.486728   data required time
                                             -1.058512   data arrival time
---------------------------------------------------------------------------------------------
                                              0.571784   slack (MET)


Startpoint: _43_ (rising edge-triggered flip-flop clocked by clk)
Endpoint: _43_ (rising edge-triggered flip-flop clocked by clk)
Path Group: clk
Path Type: min

Fanout         Cap        Slew       Delay        Time   Description
---------------------------------------------------------------------------------------------
                                  0.000000    0.000000   clock clk (rise edge)
                                  0.000000    0.000000   clock source latency
     1    0.010818    0.055106    0.036840    0.036840 ^ clk (in)
                                                         clk (net)
                      0.055113    0.000000    0.036840 ^ clkbuf_0_clk/A (sky130_fd_sc_hd__clkbuf_16)
     2    0.018098    0.040280    0.126834    0.163674 ^ clkbuf_0_clk/X (sky130_fd_sc_hd__clkbuf_16)
                                                         clknet_0_clk (net)
                      0.040306    0.001592    0.165266 ^ clkbuf_1_0__f_clk/A (sky130_fd_sc_hd__clkbuf_16)
     4    0.012268    0.035283    0.116230    0.281496 ^ clkbuf_1_0__f_clk/X (sky130_fd_sc_hd__clkbuf_16)
                                                         clknet_1_0__leaf_clk (net)
                      0.035283    0.000547    0.282043 ^ _43_/CLK (sky130_fd_sc_hd__dfrtp_1)
     3    0.007012    0.077548    0.339608    0.621650 ^ _43_/Q (sky130_fd_sc_hd__dfrtp_1)
                                                         net3 (net)
                      0.077549    0.000430    0.622081 ^ hold2/A (sky130_fd_sc_hd__dlygate4sd3_1)
     2    0.008438    0.101902    0.588771    1.210851 ^ hold2/X (sky130_fd_sc_hd__dlygate4sd3_1)
                                                         net12 (net)
                      0.102007    0.000314    1.211165 ^ _33_/A (sky130_fd_sc_hd__xor2_1)
     1    0.002832    0.036393    0.074659    1.285824 v _33_/X (sky130_fd_sc_hd__xor2_1)
                                                         _05_ (net)
                      0.036393    0.000189    1.286013 v _43_/D (sky130_fd_sc_hd__dfrtp_1)
                                              1.286013   data arrival time

                                  0.000000    0.000000   clock clk (rise edge)
                                  0.000000    0.000000   clock source latency
     1    0.010818    0.055106    0.036840    0.036840 ^ clk (in)
                                                         clk (net)
                      0.055113    0.000000    0.036840 ^ clkbuf_0_clk/A (sky130_fd_sc_hd__clkbuf_16)
     2    0.018098    0.040280    0.126834    0.163674 ^ clkbuf_0_clk/X (sky130_fd_sc_hd__clkbuf_16)
                                                         clknet_0_clk (net)
                      0.040306    0.001592    0.165266 ^ clkbuf_1_0__f_clk/A (sky130_fd_sc_hd__clkbuf_16)
     4    0.012268    0.035283    0.116230    0.281496 ^ clkbuf_1_0__f_clk/X (sky130_fd_sc_hd__clkbuf_16)
                                                         clknet_1_0__leaf_clk (net)
                      0.035283    0.000547    0.282043 ^ _43_/CLK (sky130_fd_sc_hd__dfrtp_1)
                                  0.250000    0.532043   clock uncertainty
                                  0.000000    0.532043   clock reconvergence pessimism
                                 -0.044487    0.487555   library hold time
                                              0.487555   data required time
---------------------------------------------------------------------------------------------
                                              0.487555   data required time
                                             -1.286013   data arrival time
---------------------------------------------------------------------------------------------
                                              0.798458   slack (MET)


Startpoint: rst_n (input port clocked by clk)
Endpoint: _45_ (removal check against rising-edge clock clk)
Path Group: asynchronous
Path Type: min

Fanout         Cap        Slew       Delay        Time   Description
---------------------------------------------------------------------------------------------
                                  0.000000    0.000000   clock clk (rise edge)
                                  0.000000    0.000000   clock network delay (propagated)
                                  4.000000    4.000000 ^ input external delay
     1    0.002492    0.018417    0.009280    4.009280 ^ rst_n (in)
                                                         rst_n (net)
                      0.018419    0.000000    4.009280 ^ input2/A (sky130_fd_sc_hd__buf_2)
     8    0.038828    0.191408    0.201749    4.211030 ^ input2/X (sky130_fd_sc_hd__buf_2)
                                                         net2 (net)
                      0.191465    0.002751    4.213780 ^ _45_/RESET_B (sky130_fd_sc_hd__dfrtp_1)
                                              4.213780   data arrival time

                                  0.000000    0.000000   clock clk (rise edge)
                                  0.000000    0.000000   clock source latency
     1    0.010818    0.055106    0.036840    0.036840 ^ clk (in)
                                                         clk (net)
                      0.055113    0.000000    0.036840 ^ clkbuf_0_clk/A (sky130_fd_sc_hd__clkbuf_16)
     2    0.018098    0.040280    0.126834    0.163674 ^ clkbuf_0_clk/X (sky130_fd_sc_hd__clkbuf_16)
                                                         clknet_0_clk (net)
                      0.040306    0.001592    0.165266 ^ clkbuf_1_0__f_clk/A (sky130_fd_sc_hd__clkbuf_16)
     4    0.012268    0.035283    0.116230    0.281496 ^ clkbuf_1_0__f_clk/X (sky130_fd_sc_hd__clkbuf_16)
                                                         clknet_1_0__leaf_clk (net)
                      0.035283    0.000552    0.282047 ^ _45_/CLK (sky130_fd_sc_hd__dfrtp_1)
                                  0.250000    0.532047   clock uncertainty
                                  0.000000    0.532047   clock reconvergence pessimism
                                  0.357903    0.889950   library removal time
                                              0.889950   data required time
---------------------------------------------------------------------------------------------
                                              0.889950   data required time
                                             -4.213780   data arrival time
---------------------------------------------------------------------------------------------
                                              3.323831   slack (MET)


Startpoint: rst_n (input port clocked by clk)
Endpoint: _38_ (removal check against rising-edge clock clk)
Path Group: asynchronous
Path Type: min

Fanout         Cap        Slew       Delay        Time   Description
---------------------------------------------------------------------------------------------
                                  0.000000    0.000000   clock clk (rise edge)
                                  0.000000    0.000000   clock network delay (propagated)
                                  4.000000    4.000000 ^ input external delay
     1    0.002492    0.018417    0.009280    4.009280 ^ rst_n (in)
                                                         rst_n (net)
                      0.018419    0.000000    4.009280 ^ input2/A (sky130_fd_sc_hd__buf_2)
     8    0.038828    0.191408    0.201749    4.211030 ^ input2/X (sky130_fd_sc_hd__buf_2)
                                                         net2 (net)
                      0.191466    0.002752    4.213781 ^ _38_/RESET_B (sky130_fd_sc_hd__dfrtp_1)
                                              4.213781   data arrival time

                                  0.000000    0.000000   clock clk (rise edge)
                                  0.000000    0.000000   clock source latency
     1    0.010818    0.055106    0.036840    0.036840 ^ clk (in)
                                                         clk (net)
                      0.055113    0.000000    0.036840 ^ clkbuf_0_clk/A (sky130_fd_sc_hd__clkbuf_16)
     2    0.018098    0.040280    0.126834    0.163674 ^ clkbuf_0_clk/X (sky130_fd_sc_hd__clkbuf_16)
                                                         clknet_0_clk (net)
                      0.040306    0.001592    0.165266 ^ clkbuf_1_0__f_clk/A (sky130_fd_sc_hd__clkbuf_16)
     4    0.012268    0.035283    0.116230    0.281496 ^ clkbuf_1_0__f_clk/X (sky130_fd_sc_hd__clkbuf_16)
                                                         clknet_1_0__leaf_clk (net)
                      0.035283    0.000507    0.282002 ^ _38_/CLK (sky130_fd_sc_hd__dfrtp_1)
                                  0.250000    0.532002   clock uncertainty
                                  0.000000    0.532002   clock reconvergence pessimism
                                  0.357903    0.889905   library removal time
                                              0.889905   data required time
---------------------------------------------------------------------------------------------
                                              0.889905   data required time
                                             -4.213781   data arrival time
---------------------------------------------------------------------------------------------
                                              3.323877   slack (MET)


Startpoint: rst_n (input port clocked by clk)
Endpoint: _44_ (removal check against rising-edge clock clk)
Path Group: asynchronous
Path Type: min

Fanout         Cap        Slew       Delay        Time   Description
---------------------------------------------------------------------------------------------
                                  0.000000    0.000000   clock clk (rise edge)
                                  0.000000    0.000000   clock network delay (propagated)
                                  4.000000    4.000000 ^ input external delay
     1    0.002492    0.018417    0.009280    4.009280 ^ rst_n (in)
                                                         rst_n (net)
                      0.018419    0.000000    4.009280 ^ input2/A (sky130_fd_sc_hd__buf_2)
     8    0.038828    0.191408    0.201749    4.211030 ^ input2/X (sky130_fd_sc_hd__buf_2)
                                                         net2 (net)
                      0.191480    0.003074    4.214103 ^ _44_/RESET_B (sky130_fd_sc_hd__dfrtp_1)
                                              4.214103   data arrival time

                                  0.000000    0.000000   clock clk (rise edge)
                                  0.000000    0.000000   clock source latency
     1    0.010818    0.055106    0.036840    0.036840 ^ clk (in)
                                                         clk (net)
                      0.055113    0.000000    0.036840 ^ clkbuf_0_clk/A (sky130_fd_sc_hd__clkbuf_16)
     2    0.018098    0.040280    0.126834    0.163674 ^ clkbuf_0_clk/X (sky130_fd_sc_hd__clkbuf_16)
                                                         clknet_0_clk (net)
                      0.040306    0.001592    0.165266 ^ clkbuf_1_0__f_clk/A (sky130_fd_sc_hd__clkbuf_16)
     4    0.012268    0.035283    0.116230    0.281496 ^ clkbuf_1_0__f_clk/X (sky130_fd_sc_hd__clkbuf_16)
                                                         clknet_1_0__leaf_clk (net)
                      0.035283    0.000538    0.282033 ^ _44_/CLK (sky130_fd_sc_hd__dfrtp_1)
                                  0.250000    0.532033   clock uncertainty
                                  0.000000    0.532033   clock reconvergence pessimism
                                  0.357907    0.889940   library removal time
                                              0.889940   data required time
---------------------------------------------------------------------------------------------
                                              0.889940   data required time
                                             -4.214103   data arrival time
---------------------------------------------------------------------------------------------
                                              3.324164   slack (MET)


Startpoint: rst_n (input port clocked by clk)
Endpoint: _43_ (removal check against rising-edge clock clk)
Path Group: asynchronous
Path Type: min

Fanout         Cap        Slew       Delay        Time   Description
---------------------------------------------------------------------------------------------
                                  0.000000    0.000000   clock clk (rise edge)
                                  0.000000    0.000000   clock network delay (propagated)
                                  4.000000    4.000000 ^ input external delay
     1    0.002492    0.018417    0.009280    4.009280 ^ rst_n (in)
                                                         rst_n (net)
                      0.018419    0.000000    4.009280 ^ input2/A (sky130_fd_sc_hd__buf_2)
     8    0.038828    0.191408    0.201749    4.211030 ^ input2/X (sky130_fd_sc_hd__buf_2)
                                                         net2 (net)
                      0.191481    0.003090    4.214120 ^ _43_/RESET_B (sky130_fd_sc_hd__dfrtp_1)
                                              4.214120   data arrival time

                                  0.000000    0.000000   clock clk (rise edge)
                                  0.000000    0.000000   clock source latency
     1    0.010818    0.055106    0.036840    0.036840 ^ clk (in)
                                                         clk (net)
                      0.055113    0.000000    0.036840 ^ clkbuf_0_clk/A (sky130_fd_sc_hd__clkbuf_16)
     2    0.018098    0.040280    0.126834    0.163674 ^ clkbuf_0_clk/X (sky130_fd_sc_hd__clkbuf_16)
                                                         clknet_0_clk (net)
                      0.040306    0.001592    0.165266 ^ clkbuf_1_0__f_clk/A (sky130_fd_sc_hd__clkbuf_16)
     4    0.012268    0.035283    0.116230    0.281496 ^ clkbuf_1_0__f_clk/X (sky130_fd_sc_hd__clkbuf_16)
                                                         clknet_1_0__leaf_clk (net)
                      0.035283    0.000547    0.282043 ^ _43_/CLK (sky130_fd_sc_hd__dfrtp_1)
                                  0.250000    0.532043   clock uncertainty
                                  0.000000    0.532043   clock reconvergence pessimism
                                  0.357907    0.889949   library removal time
                                              0.889949   data required time
---------------------------------------------------------------------------------------------
                                              0.889949   data required time
                                             -4.214120   data arrival time
---------------------------------------------------------------------------------------------
                                              3.324170   slack (MET)


Startpoint: rst_n (input port clocked by clk)
Endpoint: _41_ (removal check against rising-edge clock clk)
Path Group: asynchronous
Path Type: min

Fanout         Cap        Slew       Delay        Time   Description
---------------------------------------------------------------------------------------------
                                  0.000000    0.000000   clock clk (rise edge)
                                  0.000000    0.000000   clock network delay (propagated)
                                  4.000000    4.000000 ^ input external delay
     1    0.002492    0.018417    0.009280    4.009280 ^ rst_n (in)
                                                         rst_n (net)
                      0.018419    0.000000    4.009280 ^ input2/A (sky130_fd_sc_hd__buf_2)
     8    0.038828    0.191408    0.201749    4.211030 ^ input2/X (sky130_fd_sc_hd__buf_2)
                                                         net2 (net)
                      0.191419    0.001224    4.212254 ^ _41_/RESET_B (sky130_fd_sc_hd__dfrtp_1)
                                              4.212254   data arrival time

                                  0.000000    0.000000   clock clk (rise edge)
                                  0.000000    0.000000   clock source latency
     1    0.010818    0.055106    0.036840    0.036840 ^ clk (in)
                                                         clk (net)
                      0.055113    0.000000    0.036840 ^ clkbuf_0_clk/A (sky130_fd_sc_hd__clkbuf_16)
     2    0.018098    0.040280    0.126834    0.163674 ^ clkbuf_0_clk/X (sky130_fd_sc_hd__clkbuf_16)
                                                         clknet_0_clk (net)
                      0.040298    0.001253    0.164927 ^ clkbuf_1_1__f_clk/A (sky130_fd_sc_hd__clkbuf_16)
     4    0.010883    0.034105    0.114902    0.279829 ^ clkbuf_1_1__f_clk/X (sky130_fd_sc_hd__clkbuf_16)
                                                         clknet_1_1__leaf_clk (net)
                      0.034106    0.000552    0.280381 ^ _41_/CLK (sky130_fd_sc_hd__dfrtp_1)
                                  0.250000    0.530381   clock uncertainty
                                  0.000000    0.530381   clock reconvergence pessimism
                                  0.357570    0.887950   library removal time
                                              0.887950   data required time
---------------------------------------------------------------------------------------------
                                              0.887950   data required time
                                             -4.212254   data arrival time
---------------------------------------------------------------------------------------------
                                              3.324303   slack (MET)


Startpoint: rst_n (input port clocked by clk)
Endpoint: _42_ (removal check against rising-edge clock clk)
Path Group: asynchronous
Path Type: min

Fanout         Cap        Slew       Delay        Time   Description
---------------------------------------------------------------------------------------------
                                  0.000000    0.000000   clock clk (rise edge)
                                  0.000000    0.000000   clock network delay (propagated)
                                  4.000000    4.000000 ^ input external delay
     1    0.002492    0.018417    0.009280    4.009280 ^ rst_n (in)
                                                         rst_n (net)
                      0.018419    0.000000    4.009280 ^ input2/A (sky130_fd_sc_hd__buf_2)
     8    0.038828    0.191408    0.201749    4.211030 ^ input2/X (sky130_fd_sc_hd__buf_2)
                                                         net2 (net)
                      0.191418    0.001183    4.212213 ^ _42_/RESET_B (sky130_fd_sc_hd__dfrtp_1)
                                              4.212213   data arrival time

                                  0.000000    0.000000   clock clk (rise edge)
                                  0.000000    0.000000   clock source latency
     1    0.010818    0.055106    0.036840    0.036840 ^ clk (in)
                                                         clk (net)
                      0.055113    0.000000    0.036840 ^ clkbuf_0_clk/A (sky130_fd_sc_hd__clkbuf_16)
     2    0.018098    0.040280    0.126834    0.163674 ^ clkbuf_0_clk/X (sky130_fd_sc_hd__clkbuf_16)
                                                         clknet_0_clk (net)
                      0.040298    0.001253    0.164927 ^ clkbuf_1_1__f_clk/A (sky130_fd_sc_hd__clkbuf_16)
     4    0.010883    0.034105    0.114902    0.279829 ^ clkbuf_1_1__f_clk/X (sky130_fd_sc_hd__clkbuf_16)
                                                         clknet_1_1__leaf_clk (net)
                      0.034106    0.000504    0.280333 ^ _42_/CLK (sky130_fd_sc_hd__dfrtp_1)
                                  0.250000    0.530333   clock uncertainty
                                  0.000000    0.530333   clock reconvergence pessimism
                                  0.357569    0.887902   library removal time
                                              0.887902   data required time
---------------------------------------------------------------------------------------------
                                              0.887902   data required time
                                             -4.212213   data arrival time
---------------------------------------------------------------------------------------------
                                              3.324310   slack (MET)


Startpoint: rst_n (input port clocked by clk)
Endpoint: _39_ (removal check against rising-edge clock clk)
Path Group: asynchronous
Path Type: min

Fanout         Cap        Slew       Delay        Time   Description
---------------------------------------------------------------------------------------------
                                  0.000000    0.000000   clock clk (rise edge)
                                  0.000000    0.000000   clock network delay (propagated)
                                  4.000000    4.000000 ^ input external delay
     1    0.002492    0.018417    0.009280    4.009280 ^ rst_n (in)
                                                         rst_n (net)
                      0.018419    0.000000    4.009280 ^ input2/A (sky130_fd_sc_hd__buf_2)
     8    0.038828    0.191408    0.201749    4.211030 ^ input2/X (sky130_fd_sc_hd__buf_2)
                                                         net2 (net)
                      0.191427    0.001593    4.212622 ^ _39_/RESET_B (sky130_fd_sc_hd__dfrtp_1)
                                              4.212622   data arrival time

                                  0.000000    0.000000   clock clk (rise edge)
                                  0.000000    0.000000   clock source latency
     1    0.010818    0.055106    0.036840    0.036840 ^ clk (in)
                                                         clk (net)
                      0.055113    0.000000    0.036840 ^ clkbuf_0_clk/A (sky130_fd_sc_hd__clkbuf_16)
     2    0.018098    0.040280    0.126834    0.163674 ^ clkbuf_0_clk/X (sky130_fd_sc_hd__clkbuf_16)
                                                         clknet_0_clk (net)
                      0.040298    0.001253    0.164927 ^ clkbuf_1_1__f_clk/A (sky130_fd_sc_hd__clkbuf_16)
     4    0.010883    0.034105    0.114902    0.279829 ^ clkbuf_1_1__f_clk/X (sky130_fd_sc_hd__clkbuf_16)
                                                         clknet_1_1__leaf_clk (net)
                      0.034106    0.000532    0.280361 ^ _39_/CLK (sky130_fd_sc_hd__dfrtp_1)
                                  0.250000    0.530361   clock uncertainty
                                  0.000000    0.530361   clock reconvergence pessimism
                                  0.357572    0.887932   library removal time
                                              0.887932   data required time
---------------------------------------------------------------------------------------------
                                              0.887932   data required time
                                             -4.212622   data arrival time
---------------------------------------------------------------------------------------------
                                              3.324689   slack (MET)


Startpoint: rst_n (input port clocked by clk)
Endpoint: _40_ (removal check against rising-edge clock clk)
Path Group: asynchronous
Path Type: min

Fanout         Cap        Slew       Delay        Time   Description
---------------------------------------------------------------------------------------------
                                  0.000000    0.000000   clock clk (rise edge)
                                  0.000000    0.000000   clock network delay (propagated)
                                  4.000000    4.000000 ^ input external delay
     1    0.002492    0.018417    0.009280    4.009280 ^ rst_n (in)
                                                         rst_n (net)
                      0.018419    0.000000    4.009280 ^ input2/A (sky130_fd_sc_hd__buf_2)
     8    0.038828    0.191408    0.201749    4.211030 ^ input2/X (sky130_fd_sc_hd__buf_2)
                                                         net2 (net)
                      0.191439    0.002023    4.213053 ^ _40_/RESET_B (sky130_fd_sc_hd__dfrtp_1)
                                              4.213053   data arrival time

                                  0.000000    0.000000   clock clk (rise edge)
                                  0.000000    0.000000   clock source latency
     1    0.010818    0.055106    0.036840    0.036840 ^ clk (in)
                                                         clk (net)
                      0.055113    0.000000    0.036840 ^ clkbuf_0_clk/A (sky130_fd_sc_hd__clkbuf_16)
     2    0.018098    0.040280    0.126834    0.163674 ^ clkbuf_0_clk/X (sky130_fd_sc_hd__clkbuf_16)
                                                         clknet_0_clk (net)
                      0.040298    0.001253    0.164927 ^ clkbuf_1_1__f_clk/A (sky130_fd_sc_hd__clkbuf_16)
     4    0.010883    0.034105    0.114902    0.279829 ^ clkbuf_1_1__f_clk/X (sky130_fd_sc_hd__clkbuf_16)
                                                         clknet_1_1__leaf_clk (net)
                      0.034106    0.000521    0.280349 ^ _40_/CLK (sky130_fd_sc_hd__dfrtp_1)
                                  0.250000    0.530349   clock uncertainty
                                  0.000000    0.530349   clock reconvergence pessimism
                                  0.357575    0.887925   library removal time
                                              0.887925   data required time
---------------------------------------------------------------------------------------------
                                              0.887925   data required time
                                             -4.213053   data arrival time
---------------------------------------------------------------------------------------------
                                              3.325128   slack (MET)


Startpoint: _42_ (rising edge-triggered flip-flop clocked by clk)
Endpoint: count[7] (output port clocked by clk)
Path Group: clk
Path Type: min

Fanout         Cap        Slew       Delay        Time   Description
---------------------------------------------------------------------------------------------
                                  0.000000    0.000000   clock clk (rise edge)
                                  0.000000    0.000000   clock source latency
     1    0.010818    0.055106    0.036840    0.036840 ^ clk (in)
                                                         clk (net)
                      0.055113    0.000000    0.036840 ^ clkbuf_0_clk/A (sky130_fd_sc_hd__clkbuf_16)
     2    0.018098    0.040280    0.126834    0.163674 ^ clkbuf_0_clk/X (sky130_fd_sc_hd__clkbuf_16)
                                                         clknet_0_clk (net)
                      0.040298    0.001253    0.164927 ^ clkbuf_1_1__f_clk/A (sky130_fd_sc_hd__clkbuf_16)
     4    0.010883    0.034105    0.114902    0.279829 ^ clkbuf_1_1__f_clk/X (sky130_fd_sc_hd__clkbuf_16)
                                                         clknet_1_1__leaf_clk (net)
                      0.034106    0.000504    0.280333 ^ _42_/CLK (sky130_fd_sc_hd__dfrtp_1)
     2    0.005115    0.062641    0.326473    0.606806 ^ _42_/Q (sky130_fd_sc_hd__dfrtp_1)
                                                         net10 (net)
                      0.062690    0.000322    0.607128 ^ output10/A (sky130_fd_sc_hd__buf_2)
     1    0.034498    0.171420    0.204591    0.811719 ^ output10/X (sky130_fd_sc_hd__buf_2)
                                                         count[7] (net)
                      0.171496    0.001759    0.813479 ^ count[7] (out)
                                              0.813479   data arrival time

                                  0.000000    0.000000   clock clk (rise edge)
                                  0.000000    0.000000   clock network delay (propagated)
                                  0.250000    0.250000   clock uncertainty
                                  0.000000    0.250000   clock reconvergence pessimism
                                 -4.000000   -3.750000   output external delay
                                             -3.750000   data required time
---------------------------------------------------------------------------------------------
                                             -3.750000   data required time
                                             -0.813479   data arrival time
---------------------------------------------------------------------------------------------
                                              4.563479   slack (MET)


Startpoint: _43_ (rising edge-triggered flip-flop clocked by clk)
Endpoint: count[0] (output port clocked by clk)
Path Group: clk
Path Type: min

Fanout         Cap        Slew       Delay        Time   Description
---------------------------------------------------------------------------------------------
                                  0.000000    0.000000   clock clk (rise edge)
                                  0.000000    0.000000   clock source latency
     1    0.010818    0.055106    0.036840    0.036840 ^ clk (in)
                                                         clk (net)
                      0.055113    0.000000    0.036840 ^ clkbuf_0_clk/A (sky130_fd_sc_hd__clkbuf_16)
     2    0.018098    0.040280    0.126834    0.163674 ^ clkbuf_0_clk/X (sky130_fd_sc_hd__clkbuf_16)
                                                         clknet_0_clk (net)
                      0.040306    0.001592    0.165266 ^ clkbuf_1_0__f_clk/A (sky130_fd_sc_hd__clkbuf_16)
     4    0.012268    0.035283    0.116230    0.281496 ^ clkbuf_1_0__f_clk/X (sky130_fd_sc_hd__clkbuf_16)
                                                         clknet_1_0__leaf_clk (net)
                      0.035283    0.000547    0.282043 ^ _43_/CLK (sky130_fd_sc_hd__dfrtp_1)
     3    0.007012    0.077548    0.339608    0.621650 ^ _43_/Q (sky130_fd_sc_hd__dfrtp_1)
                                                         net3 (net)
                      0.077549    0.000435    0.622085 ^ output3/A (sky130_fd_sc_hd__buf_2)
     1    0.034298    0.170663    0.209429    0.831515 ^ output3/X (sky130_fd_sc_hd__buf_2)
                                                         count[0] (net)
                      0.170739    0.001728    0.833243 ^ count[0] (out)
                                              0.833243   data arrival time

                                  0.000000    0.000000   clock clk (rise edge)
                                  0.000000    0.000000   clock network delay (propagated)
                                  0.250000    0.250000   clock uncertainty
                                  0.000000    0.250000   clock reconvergence pessimism
                                 -4.000000   -3.750000   output external delay
                                             -3.750000   data required time
---------------------------------------------------------------------------------------------
                                             -3.750000   data required time
                                             -0.833243   data arrival time
---------------------------------------------------------------------------------------------
                                              4.583243   slack (MET)


Startpoint: _44_ (rising edge-triggered flip-flop clocked by clk)
Endpoint: count[1] (output port clocked by clk)
Path Group: clk
Path Type: min

Fanout         Cap        Slew       Delay        Time   Description
---------------------------------------------------------------------------------------------
                                  0.000000    0.000000   clock clk (rise edge)
                                  0.000000    0.000000   clock source latency
     1    0.010818    0.055106    0.036840    0.036840 ^ clk (in)
                                                         clk (net)
                      0.055113    0.000000    0.036840 ^ clkbuf_0_clk/A (sky130_fd_sc_hd__clkbuf_16)
     2    0.018098    0.040280    0.126834    0.163674 ^ clkbuf_0_clk/X (sky130_fd_sc_hd__clkbuf_16)
                                                         clknet_0_clk (net)
                      0.040306    0.001592    0.165266 ^ clkbuf_1_0__f_clk/A (sky130_fd_sc_hd__clkbuf_16)
     4    0.012268    0.035283    0.116230    0.281496 ^ clkbuf_1_0__f_clk/X (sky130_fd_sc_hd__clkbuf_16)
                                                         clknet_1_0__leaf_clk (net)
                      0.035283    0.000538    0.282033 ^ _44_/CLK (sky130_fd_sc_hd__dfrtp_1)
     3    0.007061    0.077933    0.339948    0.621981 ^ _44_/Q (sky130_fd_sc_hd__dfrtp_1)
                                                         net4 (net)
                      0.077934    0.000435    0.622416 ^ output4/A (sky130_fd_sc_hd__buf_2)
     1    0.034203    0.170220    0.209272    0.831688 ^ output4/X (sky130_fd_sc_hd__buf_2)
                                                         count[1] (net)
                      0.170295    0.001704    0.833392 ^ count[1] (out)
                                              0.833392   data arrival time

                                  0.000000    0.000000   clock clk (rise edge)
                                  0.000000    0.000000   clock network delay (propagated)
                                  0.250000    0.250000   clock uncertainty
                                  0.000000    0.250000   clock reconvergence pessimism
                                 -4.000000   -3.750000   output external delay
                                             -3.750000   data required time
---------------------------------------------------------------------------------------------
                                             -3.750000   data required time
                                             -0.833392   data arrival time
---------------------------------------------------------------------------------------------
                                              4.583392   slack (MET)


Startpoint: _38_ (rising edge-triggered flip-flop clocked by clk)
Endpoint: count[3] (output port clocked by clk)
Path Group: clk
Path Type: min

Fanout         Cap        Slew       Delay        Time   Description
---------------------------------------------------------------------------------------------
                                  0.000000    0.000000   clock clk (rise edge)
                                  0.000000    0.000000   clock source latency
     1    0.010818    0.055106    0.036840    0.036840 ^ clk (in)
                                                         clk (net)
                      0.055113    0.000000    0.036840 ^ clkbuf_0_clk/A (sky130_fd_sc_hd__clkbuf_16)
     2    0.018098    0.040280    0.126834    0.163674 ^ clkbuf_0_clk/X (sky130_fd_sc_hd__clkbuf_16)
                                                         clknet_0_clk (net)
                      0.040306    0.001592    0.165266 ^ clkbuf_1_0__f_clk/A (sky130_fd_sc_hd__clkbuf_16)
     4    0.012268    0.035283    0.116230    0.281496 ^ clkbuf_1_0__f_clk/X (sky130_fd_sc_hd__clkbuf_16)
                                                         clknet_1_0__leaf_clk (net)
                      0.035283    0.000507    0.282002 ^ _38_/CLK (sky130_fd_sc_hd__dfrtp_1)
     3    0.007556    0.081845    0.343335    0.625337 ^ _38_/Q (sky130_fd_sc_hd__dfrtp_1)
                                                         net6 (net)
                      0.081846    0.000403    0.625740 ^ output6/A (sky130_fd_sc_hd__buf_2)
     1    0.034342    0.170876    0.211239    0.836979 ^ output6/X (sky130_fd_sc_hd__buf_2)
                                                         count[3] (net)
                      0.170949    0.001618    0.838598 ^ count[3] (out)
                                              0.838598   data arrival time

                                  0.000000    0.000000   clock clk (rise edge)
                                  0.000000    0.000000   clock network delay (propagated)
                                  0.250000    0.250000   clock uncertainty
                                  0.000000    0.250000   clock reconvergence pessimism
                                 -4.000000   -3.750000   output external delay
                                             -3.750000   data required time
---------------------------------------------------------------------------------------------
                                             -3.750000   data required time
                                             -0.838598   data arrival time
---------------------------------------------------------------------------------------------
                                              4.588598   slack (MET)


Startpoint: _41_ (rising edge-triggered flip-flop clocked by clk)
Endpoint: count[6] (output port clocked by clk)
Path Group: clk
Path Type: min

Fanout         Cap        Slew       Delay        Time   Description
---------------------------------------------------------------------------------------------
                                  0.000000    0.000000   clock clk (rise edge)
                                  0.000000    0.000000   clock source latency
     1    0.010818    0.055106    0.036840    0.036840 ^ clk (in)
                                                         clk (net)
                      0.055113    0.000000    0.036840 ^ clkbuf_0_clk/A (sky130_fd_sc_hd__clkbuf_16)
     2    0.018098    0.040280    0.126834    0.163674 ^ clkbuf_0_clk/X (sky130_fd_sc_hd__clkbuf_16)
                                                         clknet_0_clk (net)
                      0.040298    0.001253    0.164927 ^ clkbuf_1_1__f_clk/A (sky130_fd_sc_hd__clkbuf_16)
     4    0.010883    0.034105    0.114902    0.279829 ^ clkbuf_1_1__f_clk/X (sky130_fd_sc_hd__clkbuf_16)
                                                         clknet_1_1__leaf_clk (net)
                      0.034106    0.000552    0.280381 ^ _41_/CLK (sky130_fd_sc_hd__dfrtp_1)
     3    0.007971    0.085164    0.345656    0.626037 ^ _41_/Q (sky130_fd_sc_hd__dfrtp_1)
                                                         net9 (net)
                      0.085164    0.000232    0.626269 ^ output9/A (sky130_fd_sc_hd__buf_2)
     1    0.034281    0.170618    0.212211    0.838481 ^ output9/X (sky130_fd_sc_hd__buf_2)
                                                         count[6] (net)
                      0.170693    0.001677    0.840157 ^ count[6] (out)
                                              0.840157   data arrival time

                                  0.000000    0.000000   clock clk (rise edge)
                                  0.000000    0.000000   clock network delay (propagated)
                                  0.250000    0.250000   clock uncertainty
                                  0.000000    0.250000   clock reconvergence pessimism
                                 -4.000000   -3.750000   output external delay
                                             -3.750000   data required time
---------------------------------------------------------------------------------------------
                                             -3.750000   data required time
                                             -0.840157   data arrival time
---------------------------------------------------------------------------------------------
                                              4.590158   slack (MET)


Startpoint: _40_ (rising edge-triggered flip-flop clocked by clk)
Endpoint: count[5] (output port clocked by clk)
Path Group: clk
Path Type: min

Fanout         Cap        Slew       Delay        Time   Description
---------------------------------------------------------------------------------------------
                                  0.000000    0.000000   clock clk (rise edge)
                                  0.000000    0.000000   clock source latency
     1    0.010818    0.055106    0.036840    0.036840 ^ clk (in)
                                                         clk (net)
                      0.055113    0.000000    0.036840 ^ clkbuf_0_clk/A (sky130_fd_sc_hd__clkbuf_16)
     2    0.018098    0.040280    0.126834    0.163674 ^ clkbuf_0_clk/X (sky130_fd_sc_hd__clkbuf_16)
                                                         clknet_0_clk (net)
                      0.040298    0.001253    0.164927 ^ clkbuf_1_1__f_clk/A (sky130_fd_sc_hd__clkbuf_16)
     4    0.010883    0.034105    0.114902    0.279829 ^ clkbuf_1_1__f_clk/X (sky130_fd_sc_hd__clkbuf_16)
                                                         clknet_1_1__leaf_clk (net)
                      0.034106    0.000521    0.280349 ^ _40_/CLK (sky130_fd_sc_hd__dfrtp_1)
     4    0.010166    0.071522    0.388144    0.668493 v _40_/Q (sky130_fd_sc_hd__dfrtp_1)
                                                         net8 (net)
                      0.071588    0.000604    0.669097 v output8/A (sky130_fd_sc_hd__buf_2)
     1    0.034001    0.089288    0.190758    0.859854 v output8/X (sky130_fd_sc_hd__buf_2)
                                                         count[5] (net)
                      0.089321    0.001592    0.861447 v count[5] (out)
                                              0.861447   data arrival time

                                  0.000000    0.000000   clock clk (rise edge)
                                  0.000000    0.000000   clock network delay (propagated)
                                  0.250000    0.250000   clock uncertainty
                                  0.000000    0.250000   clock reconvergence pessimism
                                 -4.000000   -3.750000   output external delay
                                             -3.750000   data required time
---------------------------------------------------------------------------------------------
                                             -3.750000   data required time
                                             -0.861447   data arrival time
---------------------------------------------------------------------------------------------
                                              4.611446   slack (MET)


Startpoint: _45_ (rising edge-triggered flip-flop clocked by clk)
Endpoint: count[2] (output port clocked by clk)
Path Group: clk
Path Type: min

Fanout         Cap        Slew       Delay        Time   Description
---------------------------------------------------------------------------------------------
                                  0.000000    0.000000   clock clk (rise edge)
                                  0.000000    0.000000   clock source latency
     1    0.010818    0.055106    0.036840    0.036840 ^ clk (in)
                                                         clk (net)
                      0.055113    0.000000    0.036840 ^ clkbuf_0_clk/A (sky130_fd_sc_hd__clkbuf_16)
     2    0.018098    0.040280    0.126834    0.163674 ^ clkbuf_0_clk/X (sky130_fd_sc_hd__clkbuf_16)
                                                         clknet_0_clk (net)
                      0.040306    0.001592    0.165266 ^ clkbuf_1_0__f_clk/A (sky130_fd_sc_hd__clkbuf_16)
     4    0.012268    0.035283    0.116230    0.281496 ^ clkbuf_1_0__f_clk/X (sky130_fd_sc_hd__clkbuf_16)
                                                         clknet_1_0__leaf_clk (net)
                      0.035283    0.000552    0.282047 ^ _45_/CLK (sky130_fd_sc_hd__dfrtp_1)
     4    0.009858    0.070177    0.387385    0.669432 v _45_/Q (sky130_fd_sc_hd__dfrtp_1)
                                                         net5 (net)
                      0.070239    0.000545    0.669977 v output5/A (sky130_fd_sc_hd__buf_2)
     1    0.034104    0.089526    0.190302    0.860279 v output5/X (sky130_fd_sc_hd__buf_2)
                                                         count[2] (net)
                      0.089561    0.001639    0.861918 v count[2] (out)
                                              0.861918   data arrival time

                                  0.000000    0.000000   clock clk (rise edge)
                                  0.000000    0.000000   clock network delay (propagated)
                                  0.250000    0.250000   clock uncertainty
                                  0.000000    0.250000   clock reconvergence pessimism
                                 -4.000000   -3.750000   output external delay
                                             -3.750000   data required time
---------------------------------------------------------------------------------------------
                                             -3.750000   data required time
                                             -0.861918   data arrival time
---------------------------------------------------------------------------------------------
                                              4.611918   slack (MET)


Startpoint: _39_ (rising edge-triggered flip-flop clocked by clk)
Endpoint: count[4] (output port clocked by clk)
Path Group: clk
Path Type: min

Fanout         Cap        Slew       Delay        Time   Description
---------------------------------------------------------------------------------------------
                                  0.000000    0.000000   clock clk (rise edge)
                                  0.000000    0.000000   clock source latency
     1    0.010818    0.055106    0.036840    0.036840 ^ clk (in)
                                                         clk (net)
                      0.055113    0.000000    0.036840 ^ clkbuf_0_clk/A (sky130_fd_sc_hd__clkbuf_16)
     2    0.018098    0.040280    0.126834    0.163674 ^ clkbuf_0_clk/X (sky130_fd_sc_hd__clkbuf_16)
                                                         clknet_0_clk (net)
                      0.040298    0.001253    0.164927 ^ clkbuf_1_1__f_clk/A (sky130_fd_sc_hd__clkbuf_16)
     4    0.010883    0.034105    0.114902    0.279829 ^ clkbuf_1_1__f_clk/X (sky130_fd_sc_hd__clkbuf_16)
                                                         clknet_1_1__leaf_clk (net)
                      0.034106    0.000532    0.280361 ^ _39_/CLK (sky130_fd_sc_hd__dfrtp_1)
     5    0.012732    0.082679    0.398402    0.678763 v _39_/Q (sky130_fd_sc_hd__dfrtp_1)
                                                         net7 (net)
                      0.082681    0.000564    0.679327 v output7/A (sky130_fd_sc_hd__buf_2)
     1    0.034195    0.089738    0.196124    0.875450 v output7/X (sky130_fd_sc_hd__buf_2)
                                                         count[4] (net)
                      0.089773    0.001646    0.877096 v count[4] (out)
                                              0.877096   data arrival time

                                  0.000000    0.000000   clock clk (rise edge)
                                  0.000000    0.000000   clock network delay (propagated)
                                  0.250000    0.250000   clock uncertainty
                                  0.000000    0.250000   clock reconvergence pessimism
                                 -4.000000   -3.750000   output external delay
                                             -3.750000   data required time
---------------------------------------------------------------------------------------------
                                             -3.750000   data required time
                                             -0.877096   data arrival time
---------------------------------------------------------------------------------------------
                                              4.627096   slack (MET)



