
==========================================================================
global place report_tns
--------------------------------------------------------------------------
tns max 0.00

==========================================================================
global place report_wns
--------------------------------------------------------------------------
wns max 0.00

==========================================================================
global place report_worst_slack
--------------------------------------------------------------------------
worst slack max 0.47

==========================================================================
global place report_clock_min_period
--------------------------------------------------------------------------
clk period_min = 6.53 fmax = 153.21

==========================================================================
global place report_checks -path_delay min
--------------------------------------------------------------------------
Startpoint: load_q[1026]$_DFFE_PN0P_
            (rising edge-triggered flip-flop clocked by clk)
Endpoint: load_q[1026]$_DFFE_PN0P_
          (rising edge-triggered flip-flop clocked by clk)
Path Group: clk
Path Type: min

Fanout     Cap    Slew   Delay    Time   Description
-----------------------------------------------------------------------------
                  0.00    0.00    0.00   clock clk (rise edge)
                          0.00    0.00   clock network delay (ideal)
                  0.00    0.00    0.00 ^ load_q[1026]$_DFFE_PN0P_/CLK (sky130_fd_sc_hd__dfrtp_1)
     2    0.01    0.07    0.32    0.32 ^ load_q[1026]$_DFFE_PN0P_/Q (sky130_fd_sc_hd__dfrtp_1)
                                         load_q[1026] (net)
                  0.07    0.00    0.32 ^ _17545_/A (sky130_fd_sc_hd__nand2_1)
     1    0.00    0.03    0.05    0.37 v _17545_/Y (sky130_fd_sc_hd__nand2_1)
                                         _15537_ (net)
                  0.03    0.00    0.37 v _17546_/B1 (sky130_fd_sc_hd__o31ai_1)
     1    0.00    0.05    0.05    0.42 ^ _17546_/Y (sky130_fd_sc_hd__o31ai_1)
                                         _00590_ (net)
                  0.05    0.00    0.42 ^ load_q[1026]$_DFFE_PN0P_/D (sky130_fd_sc_hd__dfrtp_1)
                                  0.42   data arrival time

                  0.00    0.00    0.00   clock clk (rise edge)
                          0.00    0.00   clock network delay (ideal)
                          0.25    0.25   clock uncertainty
                          0.00    0.25   clock reconvergence pessimism
                                  0.25 ^ load_q[1026]$_DFFE_PN0P_/CLK (sky130_fd_sc_hd__dfrtp_1)
                         -0.04    0.21   library hold time
                                  0.21   data required time
-----------------------------------------------------------------------------
                                  0.21   data required time
                                 -0.42   data arrival time
-----------------------------------------------------------------------------
                                  0.21   slack (MET)



==========================================================================
global place report_checks -path_delay max
--------------------------------------------------------------------------
Startpoint: lane_idx[0] (input port clocked by clk)
Endpoint: lane_rdata[15] (output port clocked by clk)
Path Group: clk
Path Type: max

Fanout     Cap    Slew   Delay    Time   Description
-----------------------------------------------------------------------------
                  0.00    0.00    0.00   clock clk (rise edge)
                          0.00    0.00   clock network delay (ideal)
                          1.40    1.40 ^ input external delay
     1    0.01    0.00    0.00    1.40 ^ lane_idx[0] (in)
                                         lane_idx[0] (net)
                  0.00    0.00    1.40 ^ input1/A (sky130_fd_sc_hd__buf_8)
    30    0.41    0.64    0.46    1.86 ^ input1/X (sky130_fd_sc_hd__buf_8)
                                         net1 (net)
                  0.65    0.08    1.93 ^ place2444/A (sky130_fd_sc_hd__buf_12)
     8    0.13    0.16    0.26    2.20 ^ place2444/X (sky130_fd_sc_hd__buf_12)
                                         net2444 (net)
                  0.16    0.01    2.20 ^ place2440/A (sky130_fd_sc_hd__buf_4)
    18    0.14    0.39    0.38    2.58 ^ place2440/X (sky130_fd_sc_hd__buf_4)
                                         net2440 (net)
                  0.39    0.01    2.59 ^ _31802_/S0 (sky130_fd_sc_hd__mux4_2)
     1    0.00    0.08    0.55    3.14 v _31802_/X (sky130_fd_sc_hd__mux4_2)
                                         _14338_ (net)
                  0.08    0.00    3.14 v _31804_/A3 (sky130_fd_sc_hd__mux4_2)
     1    0.00    0.09    0.48    3.62 v _31804_/X (sky130_fd_sc_hd__mux4_2)
                                         _14340_ (net)
                  0.09    0.00    3.62 v _31805_/B (sky130_fd_sc_hd__nand2_1)
     1    0.01    0.07    0.10    3.72 ^ _31805_/Y (sky130_fd_sc_hd__nand2_1)
                                         _14341_ (net)
                  0.07    0.00    3.72 ^ _31806_/B1 (sky130_fd_sc_hd__o21ai_0)
     1    0.03    0.41    0.34    4.06 v _31806_/Y (sky130_fd_sc_hd__o21ai_0)
                                         net82 (net)
                  0.41    0.00    4.07 v place1586/A (sky130_fd_sc_hd__buf_4)
     1    0.00    0.03    0.28    4.35 v place1586/X (sky130_fd_sc_hd__buf_4)
                                         net1586 (net)
                  0.03    0.00    4.35 v output82/A (sky130_fd_sc_hd__clkdlybuf4s50_1)
     1    0.02    0.18    0.53    4.88 v output82/X (sky130_fd_sc_hd__clkdlybuf4s50_1)
                                         lane_rdata[15] (net)
                  0.18    0.00    4.88 v lane_rdata[15] (out)
                                  4.88   data arrival time

                  0.00    7.00    7.00   clock clk (rise edge)
                          0.00    7.00   clock network delay (ideal)
                         -0.25    6.75   clock uncertainty
                          0.00    6.75   clock reconvergence pessimism
                         -1.40    5.35   output external delay
                                  5.35   data required time
-----------------------------------------------------------------------------
                                  5.35   data required time
                                 -4.88   data arrival time
-----------------------------------------------------------------------------
                                  0.47   slack (MET)



==========================================================================
global place report_checks -unconstrained
--------------------------------------------------------------------------
Startpoint: lane_idx[0] (input port clocked by clk)
Endpoint: lane_rdata[15] (output port clocked by clk)
Path Group: clk
Path Type: max

Fanout     Cap    Slew   Delay    Time   Description
-----------------------------------------------------------------------------
                  0.00    0.00    0.00   clock clk (rise edge)
                          0.00    0.00   clock network delay (ideal)
                          1.40    1.40 ^ input external delay
     1    0.01    0.00    0.00    1.40 ^ lane_idx[0] (in)
                                         lane_idx[0] (net)
                  0.00    0.00    1.40 ^ input1/A (sky130_fd_sc_hd__buf_8)
    30    0.41    0.64    0.46    1.86 ^ input1/X (sky130_fd_sc_hd__buf_8)
                                         net1 (net)
                  0.65    0.08    1.93 ^ place2444/A (sky130_fd_sc_hd__buf_12)
     8    0.13    0.16    0.26    2.20 ^ place2444/X (sky130_fd_sc_hd__buf_12)
                                         net2444 (net)
                  0.16    0.01    2.20 ^ place2440/A (sky130_fd_sc_hd__buf_4)
    18    0.14    0.39    0.38    2.58 ^ place2440/X (sky130_fd_sc_hd__buf_4)
                                         net2440 (net)
                  0.39    0.01    2.59 ^ _31802_/S0 (sky130_fd_sc_hd__mux4_2)
     1    0.00    0.08    0.55    3.14 v _31802_/X (sky130_fd_sc_hd__mux4_2)
                                         _14338_ (net)
                  0.08    0.00    3.14 v _31804_/A3 (sky130_fd_sc_hd__mux4_2)
     1    0.00    0.09    0.48    3.62 v _31804_/X (sky130_fd_sc_hd__mux4_2)
                                         _14340_ (net)
                  0.09    0.00    3.62 v _31805_/B (sky130_fd_sc_hd__nand2_1)
     1    0.01    0.07    0.10    3.72 ^ _31805_/Y (sky130_fd_sc_hd__nand2_1)
                                         _14341_ (net)
                  0.07    0.00    3.72 ^ _31806_/B1 (sky130_fd_sc_hd__o21ai_0)
     1    0.03    0.41    0.34    4.06 v _31806_/Y (sky130_fd_sc_hd__o21ai_0)
                                         net82 (net)
                  0.41    0.00    4.07 v place1586/A (sky130_fd_sc_hd__buf_4)
     1    0.00    0.03    0.28    4.35 v place1586/X (sky130_fd_sc_hd__buf_4)
                                         net1586 (net)
                  0.03    0.00    4.35 v output82/A (sky130_fd_sc_hd__clkdlybuf4s50_1)
     1    0.02    0.18    0.53    4.88 v output82/X (sky130_fd_sc_hd__clkdlybuf4s50_1)
                                         lane_rdata[15] (net)
                  0.18    0.00    4.88 v lane_rdata[15] (out)
                                  4.88   data arrival time

                  0.00    7.00    7.00   clock clk (rise edge)
                          0.00    7.00   clock network delay (ideal)
                         -0.25    6.75   clock uncertainty
                          0.00    6.75   clock reconvergence pessimism
                         -1.40    5.35   output external delay
                                  5.35   data required time
-----------------------------------------------------------------------------
                                  5.35   data required time
                                 -4.88   data arrival time
-----------------------------------------------------------------------------
                                  0.47   slack (MET)



==========================================================================
global place report_power
--------------------------------------------------------------------------
Group                  Internal  Switching    Leakage      Total
                          Power      Power      Power      Power (Watts)
----------------------------------------------------------------
Sequential             2.14e-02   1.79e-03   4.92e-08   2.32e-02  59.8%
Combinational          3.76e-03   1.18e-02   4.39e-08   1.56e-02  40.2%
Clock                  0.00e+00   0.00e+00   0.00e+00   0.00e+00   0.0%
Macro                  0.00e+00   0.00e+00   0.00e+00   0.00e+00   0.0%
Pad                    0.00e+00   0.00e+00   0.00e+00   0.00e+00   0.0%
----------------------------------------------------------------
Total                  2.52e-02   1.36e-02   9.31e-08   3.88e-02 100.0%
                          64.9%      35.1%       0.0%
