
==========================================================================
cts final report_tns
--------------------------------------------------------------------------
tns max 0.00

==========================================================================
cts final report_wns
--------------------------------------------------------------------------
wns max 0.00

==========================================================================
cts final report_worst_slack
--------------------------------------------------------------------------
worst slack max 0.47

==========================================================================
cts final report_clock_min_period
--------------------------------------------------------------------------
clk period_min = 6.53 fmax = 153.08

==========================================================================
cts final report_clock_skew
--------------------------------------------------------------------------
Clock clk
   1.12 source latency u_core.g_serial_round.theta_d_q[162]$_DFFE_PN0P_/CLK ^
  -1.04 target latency u_core.state_out[1201]$_DFFE_PN0P_/CLK ^
   0.25 clock uncertainty
   0.00 CRPR
--------------
   0.33 setup skew


==========================================================================
cts final report_checks -path_delay min
--------------------------------------------------------------------------
Startpoint: load_q[301]$_DFFE_PN0P_
            (rising edge-triggered flip-flop clocked by clk)
Endpoint: u_core.state_out[301]$_DFFE_PN0P_
          (rising edge-triggered flip-flop clocked by clk)
Path Group: clk
Path Type: min

Fanout     Cap    Slew   Delay    Time   Description
-----------------------------------------------------------------------------
                          0.00    0.00   clock clk (rise edge)
                          0.00    0.00   clock source latency
     1    0.15    0.00    0.00    0.00 ^ clk (in)
                                         clk (net)
                  0.01    0.01    0.01 ^ clkbuf_0_clk/A (sky130_fd_sc_hd__clkbuf_16)
     4    0.21    0.22    0.25    0.25 ^ clkbuf_0_clk/X (sky130_fd_sc_hd__clkbuf_16)
                                         clknet_0_clk (net)
                  0.22    0.01    0.26 ^ clkbuf_2_3_0_clk/A (sky130_fd_sc_hd__clkbuf_16)
     8    0.21    0.22    0.32    0.57 ^ clkbuf_2_3_0_clk/X (sky130_fd_sc_hd__clkbuf_16)
                                         clknet_2_3_0_clk (net)
                  0.22    0.00    0.58 ^ clkbuf_5_25__f_clk/A (sky130_fd_sc_hd__clkbuf_16)
     9    0.15    0.16    0.28    0.86 ^ clkbuf_5_25__f_clk/X (sky130_fd_sc_hd__clkbuf_16)
                                         clknet_5_25__leaf_clk (net)
                  0.16    0.00    0.86 ^ clkbuf_leaf_228_clk/A (sky130_fd_sc_hd__clkbuf_16)
    10    0.04    0.06    0.18    1.04 ^ clkbuf_leaf_228_clk/X (sky130_fd_sc_hd__clkbuf_16)
                                         clknet_leaf_228_clk (net)
                  0.06    0.00    1.04 ^ load_q[301]$_DFFE_PN0P_/CLK (sky130_fd_sc_hd__dfrtp_1)
     2    0.01    0.07    0.34    1.39 ^ load_q[301]$_DFFE_PN0P_/Q (sky130_fd_sc_hd__dfrtp_1)
                                         load_q[301] (net)
                  0.07    0.00    1.39 ^ _26767_/A1 (sky130_fd_sc_hd__a221o_1)
     1    0.00    0.05    0.14    1.53 ^ _26767_/X (sky130_fd_sc_hd__a221o_1)
                                         _02595_ (net)
                  0.05    0.00    1.53 ^ u_core.state_out[301]$_DFFE_PN0P_/D (sky130_fd_sc_hd__dfrtp_1)
                                  1.53   data arrival time

                          0.00    0.00   clock clk (rise edge)
                          0.00    0.00   clock source latency
     1    0.15    0.00    0.00    0.00 ^ clk (in)
                                         clk (net)
                  0.01    0.01    0.01 ^ clkbuf_0_clk/A (sky130_fd_sc_hd__clkbuf_16)
     4    0.21    0.22    0.25    0.25 ^ clkbuf_0_clk/X (sky130_fd_sc_hd__clkbuf_16)
                                         clknet_0_clk (net)
                  0.22    0.01    0.26 ^ clkbuf_2_3_0_clk/A (sky130_fd_sc_hd__clkbuf_16)
     8    0.21    0.22    0.32    0.57 ^ clkbuf_2_3_0_clk/X (sky130_fd_sc_hd__clkbuf_16)
                                         clknet_2_3_0_clk (net)
                  0.22    0.01    0.58 ^ clkbuf_5_30__f_clk/A (sky130_fd_sc_hd__clkbuf_16)
    14    0.19    0.20    0.31    0.89 ^ clkbuf_5_30__f_clk/X (sky130_fd_sc_hd__clkbuf_16)
                                         clknet_5_30__leaf_clk (net)
                  0.20    0.00    0.89 ^ clkbuf_leaf_204_clk/A (sky130_fd_sc_hd__clkbuf_16)
     8    0.04    0.06    0.19    1.09 ^ clkbuf_leaf_204_clk/X (sky130_fd_sc_hd__clkbuf_16)
                                         clknet_leaf_204_clk (net)
                  0.06    0.00    1.09 ^ u_core.state_out[301]$_DFFE_PN0P_/CLK (sky130_fd_sc_hd__dfrtp_1)
                          0.25    1.34   clock uncertainty
                          0.00    1.34   clock reconvergence pessimism
                         -0.03    1.31   library hold time
                                  1.31   data required time
-----------------------------------------------------------------------------
                                  1.31   data required time
                                 -1.53   data arrival time
-----------------------------------------------------------------------------
                                  0.22   slack (MET)



==========================================================================
cts final report_checks -path_delay max
--------------------------------------------------------------------------
Startpoint: lane_idx[0] (input port clocked by clk)
Endpoint: lane_rdata[15] (output port clocked by clk)
Path Group: clk
Path Type: max

Fanout     Cap    Slew   Delay    Time   Description
-----------------------------------------------------------------------------
                          0.00    0.00   clock clk (rise edge)
                          0.00    0.00   clock network delay (propagated)
                          1.40    1.40 ^ input external delay
     1    0.01    0.00    0.00    1.40 ^ lane_idx[0] (in)
                                         lane_idx[0] (net)
                  0.00    0.00    1.40 ^ input1/A (sky130_fd_sc_hd__buf_8)
    30    0.40    0.64    0.46    1.86 ^ input1/X (sky130_fd_sc_hd__buf_8)
                                         net1 (net)
                  0.65    0.07    1.93 ^ place2444/A (sky130_fd_sc_hd__buf_12)
     8    0.13    0.16    0.26    2.19 ^ place2444/X (sky130_fd_sc_hd__buf_12)
                                         net2444 (net)
                  0.16    0.01    2.20 ^ place2440/A (sky130_fd_sc_hd__buf_4)
    18    0.15    0.40    0.39    2.59 ^ place2440/X (sky130_fd_sc_hd__buf_4)
                                         net2440 (net)
                  0.40    0.01    2.60 ^ _31802_/S0 (sky130_fd_sc_hd__mux4_2)
     1    0.00    0.08    0.55    3.15 v _31802_/X (sky130_fd_sc_hd__mux4_2)
                                         _14338_ (net)
                  0.08    0.00    3.15 v _31804_/A3 (sky130_fd_sc_hd__mux4_2)
     1    0.01    0.09    0.49    3.65 v _31804_/X (sky130_fd_sc_hd__mux4_2)
                                         _14340_ (net)
                  0.09    0.00    3.65 v _31805_/B (sky130_fd_sc_hd__nand2_1)
     1    0.00    0.06    0.08    3.73 ^ _31805_/Y (sky130_fd_sc_hd__nand2_1)
                                         _14341_ (net)
                  0.06    0.00    3.73 ^ _31806_/B1 (sky130_fd_sc_hd__o21ai_0)
     1    0.03    0.41    0.34    4.07 v _31806_/Y (sky130_fd_sc_hd__o21ai_0)
                                         net82 (net)
                  0.41    0.00    4.08 v place1586/A (sky130_fd_sc_hd__buf_4)
     1    0.00    0.03    0.28    4.35 v place1586/X (sky130_fd_sc_hd__buf_4)
                                         net1586 (net)
                  0.03    0.00    4.35 v output82/A (sky130_fd_sc_hd__clkdlybuf4s50_1)
     1    0.02    0.17    0.53    4.88 v output82/X (sky130_fd_sc_hd__clkdlybuf4s50_1)
                                         lane_rdata[15] (net)
                  0.17    0.00    4.88 v lane_rdata[15] (out)
                                  4.88   data arrival time

                          7.00    7.00   clock clk (rise edge)
                          0.00    7.00   clock network delay (propagated)
                         -0.25    6.75   clock uncertainty
                          0.00    6.75   clock reconvergence pessimism
                         -1.40    5.35   output external delay
                                  5.35   data required time
-----------------------------------------------------------------------------
                                  5.35   data required time
                                 -4.88   data arrival time
-----------------------------------------------------------------------------
                                  0.47   slack (MET)



==========================================================================
cts final report_checks -unconstrained
--------------------------------------------------------------------------
Startpoint: lane_idx[0] (input port clocked by clk)
Endpoint: lane_rdata[15] (output port clocked by clk)
Path Group: clk
Path Type: max

Fanout     Cap    Slew   Delay    Time   Description
-----------------------------------------------------------------------------
                          0.00    0.00   clock clk (rise edge)
                          0.00    0.00   clock network delay (propagated)
                          1.40    1.40 ^ input external delay
     1    0.01    0.00    0.00    1.40 ^ lane_idx[0] (in)
                                         lane_idx[0] (net)
                  0.00    0.00    1.40 ^ input1/A (sky130_fd_sc_hd__buf_8)
    30    0.40    0.64    0.46    1.86 ^ input1/X (sky130_fd_sc_hd__buf_8)
                                         net1 (net)
                  0.65    0.07    1.93 ^ place2444/A (sky130_fd_sc_hd__buf_12)
     8    0.13    0.16    0.26    2.19 ^ place2444/X (sky130_fd_sc_hd__buf_12)
                                         net2444 (net)
                  0.16    0.01    2.20 ^ place2440/A (sky130_fd_sc_hd__buf_4)
    18    0.15    0.40    0.39    2.59 ^ place2440/X (sky130_fd_sc_hd__buf_4)
                                         net2440 (net)
                  0.40    0.01    2.60 ^ _31802_/S0 (sky130_fd_sc_hd__mux4_2)
     1    0.00    0.08    0.55    3.15 v _31802_/X (sky130_fd_sc_hd__mux4_2)
                                         _14338_ (net)
                  0.08    0.00    3.15 v _31804_/A3 (sky130_fd_sc_hd__mux4_2)
     1    0.01    0.09    0.49    3.65 v _31804_/X (sky130_fd_sc_hd__mux4_2)
                                         _14340_ (net)
                  0.09    0.00    3.65 v _31805_/B (sky130_fd_sc_hd__nand2_1)
     1    0.00    0.06    0.08    3.73 ^ _31805_/Y (sky130_fd_sc_hd__nand2_1)
                                         _14341_ (net)
                  0.06    0.00    3.73 ^ _31806_/B1 (sky130_fd_sc_hd__o21ai_0)
     1    0.03    0.41    0.34    4.07 v _31806_/Y (sky130_fd_sc_hd__o21ai_0)
                                         net82 (net)
                  0.41    0.00    4.08 v place1586/A (sky130_fd_sc_hd__buf_4)
     1    0.00    0.03    0.28    4.35 v place1586/X (sky130_fd_sc_hd__buf_4)
                                         net1586 (net)
                  0.03    0.00    4.35 v output82/A (sky130_fd_sc_hd__clkdlybuf4s50_1)
     1    0.02    0.17    0.53    4.88 v output82/X (sky130_fd_sc_hd__clkdlybuf4s50_1)
                                         lane_rdata[15] (net)
                  0.17    0.00    4.88 v lane_rdata[15] (out)
                                  4.88   data arrival time

                          7.00    7.00   clock clk (rise edge)
                          0.00    7.00   clock network delay (propagated)
                         -0.25    6.75   clock uncertainty
                          0.00    6.75   clock reconvergence pessimism
                         -1.40    5.35   output external delay
                                  5.35   data required time
-----------------------------------------------------------------------------
                                  5.35   data required time
                                 -4.88   data arrival time
-----------------------------------------------------------------------------
                                  0.47   slack (MET)



==========================================================================
cts final report_check_types -max_slew -max_cap -max_fanout -violators
--------------------------------------------------------------------------

==========================================================================
cts final max_slew_check_slack
--------------------------------------------------------------------------
0.12049151211977005

==========================================================================
cts final max_slew_check_limit
--------------------------------------------------------------------------
1.48431396484375

==========================================================================
cts final max_slew_check_slack_limit
--------------------------------------------------------------------------
0.0812

==========================================================================
cts final max_fanout_check_slack
--------------------------------------------------------------------------
1.0000000150474662e+30

==========================================================================
cts final max_fanout_check_limit
--------------------------------------------------------------------------
1.0000000150474662e+30

==========================================================================
cts final max_capacitance_check_slack
--------------------------------------------------------------------------
0.003432180965319276

==========================================================================
cts final max_capacitance_check_limit
--------------------------------------------------------------------------
0.05036399886012077

==========================================================================
cts final max_capacitance_check_slack_limit
--------------------------------------------------------------------------
0.0681

==========================================================================
cts final max_slew_violation_count
--------------------------------------------------------------------------
max slew violation count 0

==========================================================================
cts final max_fanout_violation_count
--------------------------------------------------------------------------
max fanout violation count 0

==========================================================================
cts final max_cap_violation_count
--------------------------------------------------------------------------
max cap violation count 0

==========================================================================
cts final setup_violation_count
--------------------------------------------------------------------------
setup violation count 0

==========================================================================
cts final hold_violation_count
--------------------------------------------------------------------------
hold violation count 0

==========================================================================
cts final report_checks -path_delay max reg to reg
--------------------------------------------------------------------------
Startpoint: u_core.g_serial_round.phase_q[4]$_DFF_PN0_
            (rising edge-triggered flip-flop clocked by clk)
Endpoint: u_core.state_out[138]$_DFFE_PN0P_
          (rising edge-triggered flip-flop clocked by clk)
Path Group: clk
Path Type: max

  Delay    Time   Description
---------------------------------------------------------
   0.00    0.00   clock clk (rise edge)
   0.00    0.00   clock source latency
   0.00    0.00 ^ clk (in)
   0.25    0.25 ^ clkbuf_0_clk/X (sky130_fd_sc_hd__clkbuf_16)
   0.32    0.57 ^ clkbuf_2_2_0_clk/X (sky130_fd_sc_hd__clkbuf_16)
   0.31    0.89 ^ clkbuf_5_16__f_clk/X (sky130_fd_sc_hd__clkbuf_16)
   0.20    1.09 ^ clkbuf_leaf_306_clk/X (sky130_fd_sc_hd__clkbuf_16)
   0.00    1.09 ^ u_core.g_serial_round.phase_q[4]$_DFF_PN0_/CLK (sky130_fd_sc_hd__dfrtp_4)
   0.89    1.98 ^ u_core.g_serial_round.phase_q[4]$_DFF_PN0_/Q (sky130_fd_sc_hd__dfrtp_4)
   0.39    2.37 ^ _21910_/Y (sky130_fd_sc_hd__nand2b_1)
   0.30    2.67 ^ _26675_/X (sky130_fd_sc_hd__o22a_1)
   0.35    3.01 ^ _26681_/X (sky130_fd_sc_hd__or2_2)
   0.67    3.68 v _26682_/Y (sky130_fd_sc_hd__nand2_4)
   0.55    4.23 v place1625/X (sky130_fd_sc_hd__buf_4)
   0.65    4.88 ^ _27507_/Y (sky130_fd_sc_hd__a211oi_1)
   0.20    5.09 ^ _27508_/X (sky130_fd_sc_hd__a221o_1)
   0.00    5.09 ^ u_core.state_out[138]$_DFFE_PN0P_/D (sky130_fd_sc_hd__dfrtp_1)
           5.09   data arrival time

   7.00    7.00   clock clk (rise edge)
   0.00    7.00   clock source latency
   0.00    7.00 ^ clk (in)
   0.25    7.25 ^ clkbuf_0_clk/X (sky130_fd_sc_hd__clkbuf_16)
   0.32    7.57 ^ clkbuf_2_0_0_clk/X (sky130_fd_sc_hd__clkbuf_16)
   0.32    7.89 ^ clkbuf_5_0__f_clk/X (sky130_fd_sc_hd__clkbuf_16)
   0.20    8.09 ^ clkbuf_leaf_373_clk/X (sky130_fd_sc_hd__clkbuf_16)
   0.00    8.09 ^ u_core.state_out[138]$_DFFE_PN0P_/CLK (sky130_fd_sc_hd__dfrtp_1)
  -0.25    7.84   clock uncertainty
   0.00    7.84   clock reconvergence pessimism
  -0.06    7.78   library setup time
           7.78   data required time
---------------------------------------------------------
           7.78   data required time
          -5.09   data arrival time
---------------------------------------------------------
           2.70   slack (MET)



==========================================================================
cts final report_checks -path_delay min reg to reg
--------------------------------------------------------------------------
Startpoint: load_q[301]$_DFFE_PN0P_
            (rising edge-triggered flip-flop clocked by clk)
Endpoint: u_core.state_out[301]$_DFFE_PN0P_
          (rising edge-triggered flip-flop clocked by clk)
Path Group: clk
Path Type: min

  Delay    Time   Description
---------------------------------------------------------
   0.00    0.00   clock clk (rise edge)
   0.00    0.00   clock source latency
   0.00    0.00 ^ clk (in)
   0.25    0.25 ^ clkbuf_0_clk/X (sky130_fd_sc_hd__clkbuf_16)
   0.32    0.57 ^ clkbuf_2_3_0_clk/X (sky130_fd_sc_hd__clkbuf_16)
   0.28    0.86 ^ clkbuf_5_25__f_clk/X (sky130_fd_sc_hd__clkbuf_16)
   0.18    1.04 ^ clkbuf_leaf_228_clk/X (sky130_fd_sc_hd__clkbuf_16)
   0.00    1.04 ^ load_q[301]$_DFFE_PN0P_/CLK (sky130_fd_sc_hd__dfrtp_1)
   0.34    1.39 ^ load_q[301]$_DFFE_PN0P_/Q (sky130_fd_sc_hd__dfrtp_1)
   0.14    1.53 ^ _26767_/X (sky130_fd_sc_hd__a221o_1)
   0.00    1.53 ^ u_core.state_out[301]$_DFFE_PN0P_/D (sky130_fd_sc_hd__dfrtp_1)
           1.53   data arrival time

   0.00    0.00   clock clk (rise edge)
   0.00    0.00   clock source latency
   0.00    0.00 ^ clk (in)
   0.25    0.25 ^ clkbuf_0_clk/X (sky130_fd_sc_hd__clkbuf_16)
   0.32    0.57 ^ clkbuf_2_3_0_clk/X (sky130_fd_sc_hd__clkbuf_16)
   0.31    0.89 ^ clkbuf_5_30__f_clk/X (sky130_fd_sc_hd__clkbuf_16)
   0.20    1.09 ^ clkbuf_leaf_204_clk/X (sky130_fd_sc_hd__clkbuf_16)
   0.00    1.09 ^ u_core.state_out[301]$_DFFE_PN0P_/CLK (sky130_fd_sc_hd__dfrtp_1)
   0.25    1.34   clock uncertainty
   0.00    1.34   clock reconvergence pessimism
  -0.03    1.31   library hold time
           1.31   data required time
---------------------------------------------------------
           1.31   data required time
          -1.53   data arrival time
---------------------------------------------------------
           0.22   slack (MET)



==========================================================================
cts final critical path target clock latency max path
--------------------------------------------------------------------------
1.0936

==========================================================================
cts final critical path target clock latency min path
--------------------------------------------------------------------------
1.0872

==========================================================================
cts final critical path source clock latency min path
--------------------------------------------------------------------------
0.0000

==========================================================================
cts final critical path delay
--------------------------------------------------------------------------
4.8825

==========================================================================
cts final critical path slack
--------------------------------------------------------------------------
0.4675

==========================================================================
cts final slack div critical path delay
--------------------------------------------------------------------------
9.575013

==========================================================================
cts final report_power
--------------------------------------------------------------------------
Group                  Internal  Switching    Leakage      Total
                          Power      Power      Power      Power (Watts)
----------------------------------------------------------------
Sequential             2.10e-02   1.79e-03   4.92e-08   2.28e-02  36.8%
Combinational          3.76e-03   1.19e-02   4.39e-08   1.56e-02  25.2%
Clock                  1.38e-02   9.91e-03   7.08e-09   2.37e-02  38.1%
Macro                  0.00e+00   0.00e+00   0.00e+00   0.00e+00   0.0%
Pad                    0.00e+00   0.00e+00   0.00e+00   0.00e+00   0.0%
----------------------------------------------------------------
Total                  3.86e-02   2.36e-02   1.00e-07   6.22e-02 100.0%
                          62.0%      38.0%       0.0%
