violation type: Short
	srcs: net:net2290 net:_10792_
	bbox = (290.4200, 341.4600) - (290.5600, 341.6000) on Layer met1
violation type: Short
	srcs: net:net2290 net:_10222_
	bbox = (290.4200, 341.8000) - (290.5600, 341.9400) on Layer met1
violation type: Short
	srcs: net:_10222_ net:_10792_
	bbox = (290.8150, 341.4600) - (290.9550, 341.6000) on Layer met1
violation type: Short
	srcs: net:_10714_ net:net1536
	bbox = (293.1800, 346.5600) - (293.3200, 346.7000) on Layer met1
violation type: Short
	srcs: net:_10714_ net:net1536
	bbox = (293.1800, 346.5600) - (293.7800, 346.7000) on Layer met1
violation type: Short
	srcs: net:_10714_ net:net1536
	bbox = (293.6400, 346.5600) - (293.7800, 346.7000) on Layer met1
violation type: Short
	srcs: net:_10885_ net:_12460_
	bbox = (297.2550, 338.4000) - (297.3950, 338.5400) on Layer met1
violation type: Short
	srcs: net:net2003 net:net1550
	bbox = (299.6200, 348.6000) - (299.7600, 348.7400) on Layer met1
violation type: Short
	srcs: net:net2003 net:net1550
	bbox = (299.6200, 348.6000) - (300.2450, 348.7400) on Layer met1
violation type: Short
	srcs: net:net2003 net:net1550
	bbox = (300.0050, 348.6000) - (300.2450, 348.7400) on Layer met1
violation type: Short
	srcs: net:net2003 net:net1550
	bbox = (300.1050, 348.6000) - (300.2450, 348.7400) on Layer met1
violation type: Short
	srcs: net:net2003 net:net1550
	bbox = (300.1050, 348.6000) - (300.2450, 348.7850) on Layer met1
violation type: Short
	srcs: net:_07483_ net:_14907_
	bbox = (322.6200, 365.6000) - (322.7600, 365.7400) on Layer met1
violation type: Short
	srcs: net:_07483_ net:_14907_
	bbox = (322.6200, 365.6000) - (324.2350, 365.7400) on Layer met1
violation type: Short
	srcs: net:_07483_ net:_14907_
	bbox = (323.4500, 365.6000) - (323.7700, 365.7400) on Layer met1
violation type: Short
	srcs: net:_07483_ net:_14907_
	bbox = (323.9450, 365.6000) - (324.2350, 365.7400) on Layer met1
violation type: Short
	srcs: net:_07483_ net:net1498
	bbox = (324.3850, 365.6000) - (324.6750, 365.7400) on Layer met1
violation type: Short
	srcs: net:_07483_ net:net1498
	bbox = (324.4600, 365.6000) - (324.6000, 365.7400) on Layer met1
violation type: Short
	srcs: net:_07483_ net:net1502
	bbox = (324.9200, 365.9400) - (325.0600, 366.0800) on Layer met1
violation type: Short
	srcs: net:net1437 net:_12089_
	bbox = (327.1300, 361.1800) - (327.4500, 361.3200) on Layer met1
violation type: Short
	srcs: net:net1437 net:_12089_
	bbox = (327.2200, 361.1800) - (327.3600, 361.3200) on Layer met1
violation type: Short
	srcs: net:net1437 net:_12089_
	bbox = (327.6800, 360.5000) - (327.8200, 360.6400) on Layer met1
violation type: Short
	srcs: net:net1333 net:_11018_
	bbox = (293.3100, 327.9150) - (293.3200, 328.2850) on Layer met2
violation type: Short
	srcs: net:net1333 net:_11018_
	bbox = (293.3100, 327.9150) - (293.3200, 329.7900) on Layer met2
violation type: Short
	srcs: net:net1333 net:_11018_
	bbox = (293.3100, 327.9150) - (293.3900, 328.2850) on Layer met2
violation type: Short
	srcs: net:net1333 net:_11018_
	bbox = (293.3100, 329.4700) - (293.3200, 329.7900) on Layer met2
violation type: Short
	srcs: net:net1333 net:_11018_
	bbox = (293.3100, 329.4700) - (293.3800, 329.7900) on Layer met2
violation type: Short
	srcs: net:net2203 net:_11018_
	bbox = (293.6400, 340.2700) - (293.7800, 340.4100) on Layer met2
violation type: Short
	srcs: net:net2348 net:net2203
	bbox = (294.5600, 336.0200) - (294.7000, 336.1600) on Layer met2
violation type: Short
	srcs: net:net2348 net:net2203
	bbox = (294.5600, 336.0750) - (294.7000, 336.1600) on Layer met2
violation type: Short
	srcs: net:net2348 net:net2208
	bbox = (294.9500, 336.0750) - (295.2300, 336.1600) on Layer met2
violation type: Short
	srcs: net:net2348 net:net2208
	bbox = (295.0200, 336.0750) - (295.1600, 336.1600) on Layer met2
violation type: Short
	srcs: net:_09563_ net:_10659_
	bbox = (296.4000, 334.8300) - (296.5400, 334.9700) on Layer met2
violation type: Short
	srcs: net:_08196_ net:net2247
	bbox = (298.7000, 332.2800) - (298.8400, 332.4200) on Layer met2
violation type: Short
	srcs: net:net2329 net:net2247
	bbox = (300.5400, 336.3600) - (300.6800, 336.5000) on Layer met2
violation type: Short
	srcs: net:_09563_ net:_12235_
	bbox = (301.3800, 348.5100) - (301.6000, 348.5700) on Layer met2
violation type: Short
	srcs: net:_09563_ net:_12235_
	bbox = (301.4600, 348.4300) - (301.6000, 348.5700) on Layer met2
violation type: Short
	srcs: net:_09563_ net:_12235_
	bbox = (301.4600, 348.4300) - (301.6000, 348.8300) on Layer met2
violation type: Short
	srcs: net:_09563_ net:_12235_
	bbox = (301.4600, 348.5100) - (301.6000, 348.8300) on Layer met2
violation type: Short
	srcs: net:net2348 net:_12298_
	bbox = (306.5200, 330.5800) - (306.6600, 330.7200) on Layer met2
violation type: Short
	srcs: net:net1502 net:_14907_
	bbox = (323.5400, 365.9400) - (323.6800, 366.0800) on Layer met2
violation type: Short
	srcs: net:net2263 net:net1502
	bbox = (324.0000, 365.9400) - (324.1400, 366.0800) on Layer met2
violation type: Short
	srcs: net:_01455_ net:net2263
	bbox = (324.8600, 366.6200) - (325.1200, 366.7600) on Layer met2
violation type: Short
	srcs: net:_01455_ net:net2263
	bbox = (324.9200, 366.6200) - (325.0600, 366.7600) on Layer met2
violation type: Short
	srcs: net:net1632 net:net1498
	bbox = (325.8400, 363.5600) - (325.9800, 363.7000) on Layer met2
violation type: Short
	srcs: net:net1498 net:load_q\[1237\]
	bbox = (328.0800, 364.9200) - (328.2800, 365.0600) on Layer met2
violation type: Short
	srcs: net:net1498 net:load_q\[1237\]
	bbox = (328.1400, 364.8300) - (328.2800, 365.0600) on Layer met2
violation type: Short
	srcs: net:net1498 net:load_q\[1237\]
	bbox = (328.1400, 364.9200) - (328.2800, 365.0600) on Layer met2
violation type: Short
	srcs: net:net1603 net:clk
	bbox = (328.9800, 360.5900) - (329.2800, 360.8900) on Layer met3
violation type: Metal Spacing
	srcs: net:state_out\[417\]
	bbox = (316.3200, 360.5000) - (316.3850, 360.6850) on Layer met1
violation type: Metal Spacing
	srcs: net:_09563_ net:VDD
	bbox = (300.5400, 347.8900) - (300.6800, 347.9750) on Layer met2
violation type: Metal Spacing
	srcs: net:_09563_ net:VDD
	bbox = (300.5400, 347.8900) - (300.6900, 347.9750) on Layer met2
violation type: Metal Spacing
	srcs: net:net2290 net:net1498
	bbox = (307.9000, 338.8800) - (308.0400, 338.9900) on Layer met2
violation type: Metal Spacing
	srcs: net:net2290 net:net1498
	bbox = (307.9000, 338.8800) - (308.1000, 338.9900) on Layer met2
violation type: Metal Spacing
	srcs: net:net1502 net:_14907_
	bbox = (323.4800, 365.8300) - (323.7400, 365.9400) on Layer met2
violation type: Metal Spacing
	srcs: net:_12197_ net:_13524_
	bbox = (328.1400, 360.9800) - (328.2800, 361.0900) on Layer met2
violation type: Metal Spacing
	srcs: net:_12197_ net:_13524_
	bbox = (328.1400, 360.9800) - (328.3400, 361.0900) on Layer met2
violation type: Metal Spacing
	srcs: net:_08437_ net:VDD
	bbox = (327.8500, 359.2050) - (328.0600, 359.4000) on Layer met3
violation type: Metal Spacing
	srcs: net:_08437_ net:clk
	bbox = (328.3600, 359.8950) - (328.9650, 360.0400) on Layer met3
violation type: Metal Spacing
	srcs: net:_08437_ net:clk
	bbox = (328.3600, 359.8950) - (328.9800, 360.0400) on Layer met3
violation type: Metal Spacing
	srcs: net:_08437_ net:clk
	bbox = (328.3600, 359.9100) - (328.9650, 360.0400) on Layer met3
violation type: Metal Spacing
	srcs: net:_08437_ net:clk
	bbox = (328.3600, 359.9100) - (328.9800, 360.0400) on Layer met3
violation type: Metal Spacing
	srcs: net:_08437_ net:clk
	bbox = (328.8200, 359.7000) - (328.9650, 359.8950) on Layer met3
violation type: Metal Spacing
	srcs: net:_08437_ net:clk
	bbox = (328.8200, 359.7000) - (328.9800, 359.8950) on Layer met3
violation type: Metal Spacing
	srcs: net:_08437_ net:clk
	bbox = (328.9650, 359.5300) - (329.2950, 359.8950) on Layer met3
violation type: Metal Spacing
	srcs: net:net1603 net:clk
	bbox = (328.9650, 360.2250) - (329.2950, 360.5900) on Layer met3
violation type: Metal Spacing
	srcs: net:_08437_ net:clk
	bbox = (328.9800, 359.5300) - (329.2800, 359.8950) on Layer met3
violation type: Metal Spacing
	srcs: net:_08437_ net:clk
	bbox = (329.2800, 359.7000) - (329.6700, 359.8950) on Layer met3
violation type: Metal Spacing
	srcs: net:_08437_ net:clk
	bbox = (329.2950, 359.7000) - (329.6700, 359.8950) on Layer met3
