COMMAND: <RETAINED_PRIVATE_TOOL_PATH> -dnull -noconsole -rcfile <RETAINED_PRIVATE_TOOL_PATH>

Magic 8.3 revision 684 - Compiled on .
Starting magic under Tcl interpreter
Using the terminal as the console.
WARNING: RLIMIT_NOFILE is above 1024 and Tcl_Version<9 this may cause runtime issues [rlim_cur=10240]
Using NULL graphics device.
Processing system .magicrc file
Switching to WIRING tool.
Switching to NETLIST tool.
Switching to PICK tool.
Switching to BOX tool.
Sourcing design .magicrc for technology sky130A ...
2 Magic internal units = 1 Lambda
Input style sky130(): scaleFactor=2, multiplier=2
The following types are not handled by extraction and will be treated as non-electrical types:
    ubm 
Scaled tech values by 2 / 1 to match internal grid scaling
Loading sky130A Device Generator Menu ...
Using technology "sky130A", version 1.0.608
DRC style is now "drc(full)"
The following types are not handled by extraction and will be treated as non-electrical types:
    ubm 
Extraction style is now "ngspice()"
Extracting atlas into atlas.ext:
Processing atlas
exttospice finished.
exttospice finished.
Extracting atlas into atlas.ext:
Processing atlas
Processing cell atlas for resistance extraction.
Extracting sp3
Extracting tail
Extracting xp
Extracting sp2
Extracting sp1
Extracting sp0
Extracting xn
Extracting sn0
Extracting sn1
Extracting sn2
Extracting sn3
Extracting vss
Extracting vdd
Extracting tp3
Extracting vinp
Extracting tp2
Extracting tp1
Extracting tp0
Extracting clk
Extracting qp
Extracting qn
Extracting vinn
Extracting tn0
Extracting tn1
Extracting tn2
Extracting tn3
Total Nets: 26
Nets extracted: 26 (1.000000)
Nets output: 26 (1.000000)
exttospice finished.
NOMINAL27_MAGIC_COMPLETE extract
