
==========================================================================
cts final report_tns
--------------------------------------------------------------------------
tns max 0.00

==========================================================================
cts final report_wns
--------------------------------------------------------------------------
wns max 0.00

==========================================================================
cts final report_worst_slack
--------------------------------------------------------------------------
worst slack max 0.76

==========================================================================
cts final report_clock_min_period
--------------------------------------------------------------------------
clk period_min = 11.24 fmax = 88.95

==========================================================================
cts final report_clock_skew
--------------------------------------------------------------------------
Clock clk
   1.01 source latency j[7]$_DFFE_PN0P_/CLK ^
  -0.94 target latency u_coeff_ram.mem[78][8]$_DFFE_PP_/CLK ^
   0.25 clock uncertainty
   0.00 CRPR
--------------
   0.31 setup skew


==========================================================================
cts final report_checks -path_delay min
--------------------------------------------------------------------------
Startpoint: st[15]$_DFF_PN0_ (rising edge-triggered flip-flop clocked by clk)
Endpoint: done$_DFF_PN0_ (rising edge-triggered flip-flop clocked by clk)
Path Group: clk
Path Type: min

Fanout     Cap    Slew   Delay    Time   Description
-----------------------------------------------------------------------------
                          0.00    0.00   clock clk (rise edge)
                          0.00    0.00   clock source latency
     1    0.12    0.00    0.00    0.00 ^ clk (in)
                                         clk (net)
                  0.01    0.00    0.00 ^ clkbuf_0_clk/A (sky130_fd_sc_hd__clkbuf_16)
     4    0.18    0.20    0.23    0.23 ^ clkbuf_0_clk/X (sky130_fd_sc_hd__clkbuf_16)
                                         clknet_0_clk (net)
                  0.20    0.00    0.24 ^ clkbuf_2_2_0_clk/A (sky130_fd_sc_hd__clkbuf_16)
     8    0.17    0.18    0.28    0.52 ^ clkbuf_2_2_0_clk/X (sky130_fd_sc_hd__clkbuf_16)
                                         clknet_2_2_0_clk (net)
                  0.18    0.00    0.52 ^ clkbuf_5_23__f_clk/A (sky130_fd_sc_hd__clkbuf_16)
     9    0.13    0.15    0.25    0.78 ^ clkbuf_5_23__f_clk/X (sky130_fd_sc_hd__clkbuf_16)
                                         clknet_5_23__leaf_clk (net)
                  0.15    0.00    0.78 ^ clkbuf_leaf_205_clk/A (sky130_fd_sc_hd__clkbuf_16)
    12    0.04    0.06    0.18    0.96 ^ clkbuf_leaf_205_clk/X (sky130_fd_sc_hd__clkbuf_16)
                                         clknet_leaf_205_clk (net)
                  0.06    0.00    0.96 ^ st[15]$_DFF_PN0_/CLK (sky130_fd_sc_hd__dfrtp_1)
     2    0.01    0.09    0.36    1.32 ^ st[15]$_DFF_PN0_/Q (sky130_fd_sc_hd__dfrtp_1)
                                         st[15] (net)
                  0.09    0.00    1.32 ^ done$_DFF_PN0_/D (sky130_fd_sc_hd__dfrtp_1)
                                  1.32   data arrival time

                          0.00    0.00   clock clk (rise edge)
                          0.00    0.00   clock source latency
     1    0.12    0.00    0.00    0.00 ^ clk (in)
                                         clk (net)
                  0.01    0.00    0.00 ^ clkbuf_0_clk/A (sky130_fd_sc_hd__clkbuf_16)
     4    0.18    0.20    0.23    0.23 ^ clkbuf_0_clk/X (sky130_fd_sc_hd__clkbuf_16)
                                         clknet_0_clk (net)
                  0.20    0.00    0.24 ^ clkbuf_2_2_0_clk/A (sky130_fd_sc_hd__clkbuf_16)
     8    0.17    0.18    0.28    0.52 ^ clkbuf_2_2_0_clk/X (sky130_fd_sc_hd__clkbuf_16)
                                         clknet_2_2_0_clk (net)
                  0.18    0.00    0.52 ^ clkbuf_5_23__f_clk/A (sky130_fd_sc_hd__clkbuf_16)
     9    0.13    0.15    0.25    0.78 ^ clkbuf_5_23__f_clk/X (sky130_fd_sc_hd__clkbuf_16)
                                         clknet_5_23__leaf_clk (net)
                  0.15    0.00    0.78 ^ clkbuf_leaf_205_clk/A (sky130_fd_sc_hd__clkbuf_16)
    12    0.04    0.06    0.18    0.96 ^ clkbuf_leaf_205_clk/X (sky130_fd_sc_hd__clkbuf_16)
                                         clknet_leaf_205_clk (net)
                  0.06    0.00    0.96 ^ done$_DFF_PN0_/CLK (sky130_fd_sc_hd__dfrtp_1)
                          0.25    1.21   clock uncertainty
                          0.00    1.21   clock reconvergence pessimism
                         -0.04    1.17   library hold time
                                  1.17   data required time
-----------------------------------------------------------------------------
                                  1.17   data required time
                                 -1.32   data arrival time
-----------------------------------------------------------------------------
                                  0.15   slack (MET)



==========================================================================
cts final report_checks -path_delay max
--------------------------------------------------------------------------
Startpoint: product_q[6]$_DFFE_PN0P_
            (rising edge-triggered flip-flop clocked by clk)
Endpoint: mul_reduced_q[7]$_DFFE_PN0P_
          (rising edge-triggered flip-flop clocked by clk)
Path Group: clk
Path Type: max

Fanout     Cap    Slew   Delay    Time   Description
-----------------------------------------------------------------------------
                          0.00    0.00   clock clk (rise edge)
                          0.00    0.00   clock source latency
     1    0.12    0.00    0.00    0.00 ^ clk (in)
                                         clk (net)
                  0.01    0.00    0.00 ^ clkbuf_0_clk/A (sky130_fd_sc_hd__clkbuf_16)
     4    0.18    0.20    0.23    0.23 ^ clkbuf_0_clk/X (sky130_fd_sc_hd__clkbuf_16)
                                         clknet_0_clk (net)
                  0.20    0.00    0.24 ^ clkbuf_2_2_0_clk/A (sky130_fd_sc_hd__clkbuf_16)
     8    0.17    0.18    0.28    0.52 ^ clkbuf_2_2_0_clk/X (sky130_fd_sc_hd__clkbuf_16)
                                         clknet_2_2_0_clk (net)
                  0.18    0.00    0.52 ^ clkbuf_5_20__f_clk/A (sky130_fd_sc_hd__clkbuf_16)
     8    0.15    0.16    0.26    0.79 ^ clkbuf_5_20__f_clk/X (sky130_fd_sc_hd__clkbuf_16)
                                         clknet_5_20__leaf_clk (net)
                  0.16    0.00    0.79 ^ clkbuf_leaf_251_clk/A (sky130_fd_sc_hd__clkbuf_16)
     5    0.03    0.05    0.17    0.96 ^ clkbuf_leaf_251_clk/X (sky130_fd_sc_hd__clkbuf_16)
                                         clknet_leaf_251_clk (net)
                  0.05    0.00    0.96 ^ product_q[6]$_DFFE_PN0P_/CLK (sky130_fd_sc_hd__dfrtp_1)
     7    0.05    0.27    0.56    1.52 v product_q[6]$_DFFE_PN0P_/Q (sky130_fd_sc_hd__dfrtp_1)
                                         g_b1.u_red.a[6] (net)
                  0.27    0.00    1.52 v _18212_/A (sky130_fd_sc_hd__fa_1)
     2    0.01    0.11    0.65    2.17 ^ _18212_/SUM (sky130_fd_sc_hd__fa_1)
                                         _08900_ (net)
                  0.11    0.00    2.17 ^ _18145_/CIN (sky130_fd_sc_hd__fa_1)
     1    0.00    0.09    0.43    2.60 v _18145_/SUM (sky130_fd_sc_hd__fa_1)
                                         _08902_ (net)
                  0.09    0.00    2.61 v _18489_/B (sky130_fd_sc_hd__ha_1)
     1    0.01    0.07    0.31    2.92 v _18489_/SUM (sky130_fd_sc_hd__ha_1)
                                         _09368_ (net)
                  0.07    0.00    2.92 v _18314_/CIN (sky130_fd_sc_hd__fa_1)
     1    0.01    0.09    0.51    3.43 ^ _18314_/SUM (sky130_fd_sc_hd__fa_1)
                                         _09058_ (net)
                  0.09    0.00    3.43 ^ _18193_/B (sky130_fd_sc_hd__fa_1)
     1    0.00    0.08    0.42    3.85 v _18193_/SUM (sky130_fd_sc_hd__fa_1)
                                         _09061_ (net)
                  0.08    0.00    3.85 v _18642_/B (sky130_fd_sc_hd__ha_1)
     2    0.01    0.07    0.30    4.15 v _18642_/SUM (sky130_fd_sc_hd__ha_1)
                                         _00540_ (net)
                  0.07    0.00    4.15 v _09706_/A2 (sky130_fd_sc_hd__a21o_1)
     1    0.00    0.04    0.18    4.34 v _09706_/X (sky130_fd_sc_hd__a21o_1)
                                         _03581_ (net)
                  0.04    0.00    4.34 v _09707_/A2 (sky130_fd_sc_hd__a211oi_1)
     2    0.01    0.32    0.33    4.67 ^ _09707_/Y (sky130_fd_sc_hd__a211oi_1)
                                         _03582_ (net)
                  0.32    0.00    4.67 ^ _09709_/B1 (sky130_fd_sc_hd__o211ai_1)
     2    0.02    0.20    0.26    4.93 v _09709_/Y (sky130_fd_sc_hd__o211ai_1)
                                         _03584_ (net)
                  0.20    0.00    4.93 v _09714_/A1 (sky130_fd_sc_hd__a221oi_1)
     2    0.01    0.32    0.39    5.32 ^ _09714_/Y (sky130_fd_sc_hd__a221oi_1)
                                         _03589_ (net)
                  0.32    0.00    5.32 ^ _09816_/A1 (sky130_fd_sc_hd__o21bai_1)
     1    0.01    0.09    0.14    5.46 v _09816_/Y (sky130_fd_sc_hd__o21bai_1)
                                         _03640_ (net)
                  0.09    0.00    5.46 v _09825_/A4 (sky130_fd_sc_hd__a41oi_1)
     1    0.01    0.20    0.26    5.72 ^ _09825_/Y (sky130_fd_sc_hd__a41oi_1)
                                         _03649_ (net)
                  0.20    0.00    5.72 ^ _09826_/B (sky130_fd_sc_hd__xnor2_1)
     2    0.03    0.21    0.22    5.94 v _09826_/Y (sky130_fd_sc_hd__xnor2_1)
                                         g_b1.u_red.prod[24] (net)
                  0.21    0.00    5.94 v _18199_/A (sky130_fd_sc_hd__fa_1)
     2    0.01    0.10    0.62    6.56 ^ _18199_/SUM (sky130_fd_sc_hd__fa_1)
                                         _00096_ (net)
                  0.10    0.00    6.56 ^ _17275_/A (sky130_fd_sc_hd__inv_1)
     2    0.01    0.06    0.09    6.65 v _17275_/Y (sky130_fd_sc_hd__inv_1)
                                         _00117_ (net)
                  0.06    0.00    6.65 v _18224_/A (sky130_fd_sc_hd__fa_1)
     2    0.01    0.10    0.58    7.23 ^ _18224_/SUM (sky130_fd_sc_hd__fa_1)
                                         _00119_ (net)
                  0.10    0.00    7.23 ^ _09744_/A (sky130_fd_sc_hd__inv_1)
     1    0.00    0.04    0.05    7.28 v _09744_/Y (sky130_fd_sc_hd__inv_1)
                                         _00718_ (net)
                  0.04    0.00    7.28 v _18779_/B (sky130_fd_sc_hd__ha_1)
     2    0.01    0.07    0.29    7.57 v _18779_/SUM (sky130_fd_sc_hd__ha_1)
                                         _00675_ (net)
                  0.07    0.00    7.57 v _18740_/B (sky130_fd_sc_hd__ha_1)
     2    0.01    0.07    0.31    7.88 v _18740_/SUM (sky130_fd_sc_hd__ha_1)
                                         _00402_ (net)
                  0.07    0.00    7.88 v _18547_/B (sky130_fd_sc_hd__ha_1)
     1    0.00    0.05    0.28    8.16 ^ _18547_/SUM (sky130_fd_sc_hd__ha_1)
                                         _00403_ (net)
                  0.05    0.00    8.16 ^ _10287_/A (sky130_fd_sc_hd__inv_1)
     1    0.00    0.03    0.04    8.20 v _10287_/Y (sky130_fd_sc_hd__inv_1)
                                         _00356_ (net)
                  0.03    0.00    8.20 v _18519_/B (sky130_fd_sc_hd__ha_1)
     3    0.01    0.06    0.19    8.39 v _18519_/COUT (sky130_fd_sc_hd__ha_1)
                                         _00357_ (net)
                  0.06    0.00    8.39 v _09757_/B (sky130_fd_sc_hd__or2_2)
     1    0.01    0.06    0.29    8.68 v _09757_/X (sky130_fd_sc_hd__or2_2)
                                         _00121_ (net)
                  0.06    0.00    8.68 v _18226_/CIN (sky130_fd_sc_hd__fa_1)
     3    0.01    0.11    0.42    9.10 v _18226_/COUT (sky130_fd_sc_hd__fa_1)
                                         _00122_ (net)
                  0.11    0.00    9.10 v _16899_/A2 (sky130_fd_sc_hd__a211oi_1)
     2    0.01    0.34    0.37    9.47 ^ _16899_/Y (sky130_fd_sc_hd__a211oi_1)
                                         _02687_ (net)
                  0.34    0.00    9.47 ^ _16901_/A2 (sky130_fd_sc_hd__o21bai_1)
     2    0.01    0.10    0.14    9.62 v _16901_/Y (sky130_fd_sc_hd__o21bai_1)
                                         _02689_ (net)
                  0.10    0.00    9.62 v _16902_/A2 (sky130_fd_sc_hd__a21oi_1)
     4    0.02    0.37    0.36    9.97 ^ _16902_/Y (sky130_fd_sc_hd__a21oi_1)
                                         _02690_ (net)
                  0.37    0.00    9.97 ^ _17018_/A (sky130_fd_sc_hd__nor2_1)
     1    0.00    0.08    0.10   10.07 v _17018_/Y (sky130_fd_sc_hd__nor2_1)
                                         _02806_ (net)
                  0.08    0.00   10.07 v _17019_/C1 (sky130_fd_sc_hd__a311oi_1)
     4    0.01    0.51    0.44   10.51 ^ _17019_/Y (sky130_fd_sc_hd__a311oi_1)
                                         _02807_ (net)
                  0.51    0.00   10.51 ^ _17020_/C1 (sky130_fd_sc_hd__o211ai_1)
     2    0.01    0.18    0.22   10.73 v _17020_/Y (sky130_fd_sc_hd__o211ai_1)
                                         _02808_ (net)
                  0.18    0.00   10.73 v _17072_/B (sky130_fd_sc_hd__nand4b_1)
     6    0.02    0.25    0.27   11.00 ^ _17072_/Y (sky130_fd_sc_hd__nand4b_1)
                                         _02860_ (net)
                  0.25    0.00   11.00 ^ _17073_/C (sky130_fd_sc_hd__nor3_1)
     1    0.00    0.08    0.08   11.09 v _17073_/Y (sky130_fd_sc_hd__nor3_1)
                                         _02861_ (net)
                  0.08    0.00   11.09 v place457/A (sky130_fd_sc_hd__buf_4)
    11    0.03    0.05    0.18   11.27 v place457/X (sky130_fd_sc_hd__buf_4)
                                         net456 (net)
                  0.05    0.00   11.27 v _17097_/A (sky130_fd_sc_hd__or3b_2)
     1    0.00    0.08    0.46   11.73 v _17097_/X (sky130_fd_sc_hd__or3b_2)
                                         _02882_ (net)
                  0.08    0.00   11.73 v _17099_/A3 (sky130_fd_sc_hd__a31oi_1)
     1    0.00    0.12    0.16   11.89 ^ _17099_/Y (sky130_fd_sc_hd__a31oi_1)
                                         _00842_ (net)
                  0.12    0.00   11.89 ^ mul_reduced_q[7]$_DFFE_PN0P_/D (sky130_fd_sc_hd__dfrtp_1)
                                 11.89   data arrival time

                         12.00   12.00   clock clk (rise edge)
                          0.00   12.00   clock source latency
     1    0.12    0.00    0.00   12.00 ^ clk (in)
                                         clk (net)
                  0.01    0.00   12.00 ^ clkbuf_0_clk/A (sky130_fd_sc_hd__clkbuf_16)
     4    0.18    0.20    0.23   12.23 ^ clkbuf_0_clk/X (sky130_fd_sc_hd__clkbuf_16)
                                         clknet_0_clk (net)
                  0.20    0.00   12.24 ^ clkbuf_2_2_0_clk/A (sky130_fd_sc_hd__clkbuf_16)
     8    0.17    0.18    0.28   12.52 ^ clkbuf_2_2_0_clk/X (sky130_fd_sc_hd__clkbuf_16)
                                         clknet_2_2_0_clk (net)
                  0.18    0.00   12.52 ^ clkbuf_5_21__f_clk/A (sky130_fd_sc_hd__clkbuf_16)
     6    0.15    0.17    0.27   12.79 ^ clkbuf_5_21__f_clk/X (sky130_fd_sc_hd__clkbuf_16)
                                         clknet_5_21__leaf_clk (net)
                  0.17    0.00   12.80 ^ clkbuf_leaf_249_clk/A (sky130_fd_sc_hd__clkbuf_16)
    10    0.03    0.05    0.18   12.97 ^ clkbuf_leaf_249_clk/X (sky130_fd_sc_hd__clkbuf_16)
                                         clknet_leaf_249_clk (net)
                  0.05    0.00   12.97 ^ mul_reduced_q[7]$_DFFE_PN0P_/CLK (sky130_fd_sc_hd__dfrtp_1)
                         -0.25   12.72   clock uncertainty
                          0.00   12.72   clock reconvergence pessimism
                         -0.08   12.65   library setup time
                                 12.65   data required time
-----------------------------------------------------------------------------
                                 12.65   data required time
                                -11.89   data arrival time
-----------------------------------------------------------------------------
                                  0.76   slack (MET)



==========================================================================
cts final report_checks -unconstrained
--------------------------------------------------------------------------
Startpoint: product_q[6]$_DFFE_PN0P_
            (rising edge-triggered flip-flop clocked by clk)
Endpoint: mul_reduced_q[7]$_DFFE_PN0P_
          (rising edge-triggered flip-flop clocked by clk)
Path Group: clk
Path Type: max

Fanout     Cap    Slew   Delay    Time   Description
-----------------------------------------------------------------------------
                          0.00    0.00   clock clk (rise edge)
                          0.00    0.00   clock source latency
     1    0.12    0.00    0.00    0.00 ^ clk (in)
                                         clk (net)
                  0.01    0.00    0.00 ^ clkbuf_0_clk/A (sky130_fd_sc_hd__clkbuf_16)
     4    0.18    0.20    0.23    0.23 ^ clkbuf_0_clk/X (sky130_fd_sc_hd__clkbuf_16)
                                         clknet_0_clk (net)
                  0.20    0.00    0.24 ^ clkbuf_2_2_0_clk/A (sky130_fd_sc_hd__clkbuf_16)
     8    0.17    0.18    0.28    0.52 ^ clkbuf_2_2_0_clk/X (sky130_fd_sc_hd__clkbuf_16)
                                         clknet_2_2_0_clk (net)
                  0.18    0.00    0.52 ^ clkbuf_5_20__f_clk/A (sky130_fd_sc_hd__clkbuf_16)
     8    0.15    0.16    0.26    0.79 ^ clkbuf_5_20__f_clk/X (sky130_fd_sc_hd__clkbuf_16)
                                         clknet_5_20__leaf_clk (net)
                  0.16    0.00    0.79 ^ clkbuf_leaf_251_clk/A (sky130_fd_sc_hd__clkbuf_16)
     5    0.03    0.05    0.17    0.96 ^ clkbuf_leaf_251_clk/X (sky130_fd_sc_hd__clkbuf_16)
                                         clknet_leaf_251_clk (net)
                  0.05    0.00    0.96 ^ product_q[6]$_DFFE_PN0P_/CLK (sky130_fd_sc_hd__dfrtp_1)
     7    0.05    0.27    0.56    1.52 v product_q[6]$_DFFE_PN0P_/Q (sky130_fd_sc_hd__dfrtp_1)
                                         g_b1.u_red.a[6] (net)
                  0.27    0.00    1.52 v _18212_/A (sky130_fd_sc_hd__fa_1)
     2    0.01    0.11    0.65    2.17 ^ _18212_/SUM (sky130_fd_sc_hd__fa_1)
                                         _08900_ (net)
                  0.11    0.00    2.17 ^ _18145_/CIN (sky130_fd_sc_hd__fa_1)
     1    0.00    0.09    0.43    2.60 v _18145_/SUM (sky130_fd_sc_hd__fa_1)
                                         _08902_ (net)
                  0.09    0.00    2.61 v _18489_/B (sky130_fd_sc_hd__ha_1)
     1    0.01    0.07    0.31    2.92 v _18489_/SUM (sky130_fd_sc_hd__ha_1)
                                         _09368_ (net)
                  0.07    0.00    2.92 v _18314_/CIN (sky130_fd_sc_hd__fa_1)
     1    0.01    0.09    0.51    3.43 ^ _18314_/SUM (sky130_fd_sc_hd__fa_1)
                                         _09058_ (net)
                  0.09    0.00    3.43 ^ _18193_/B (sky130_fd_sc_hd__fa_1)
     1    0.00    0.08    0.42    3.85 v _18193_/SUM (sky130_fd_sc_hd__fa_1)
                                         _09061_ (net)
                  0.08    0.00    3.85 v _18642_/B (sky130_fd_sc_hd__ha_1)
     2    0.01    0.07    0.30    4.15 v _18642_/SUM (sky130_fd_sc_hd__ha_1)
                                         _00540_ (net)
                  0.07    0.00    4.15 v _09706_/A2 (sky130_fd_sc_hd__a21o_1)
     1    0.00    0.04    0.18    4.34 v _09706_/X (sky130_fd_sc_hd__a21o_1)
                                         _03581_ (net)
                  0.04    0.00    4.34 v _09707_/A2 (sky130_fd_sc_hd__a211oi_1)
     2    0.01    0.32    0.33    4.67 ^ _09707_/Y (sky130_fd_sc_hd__a211oi_1)
                                         _03582_ (net)
                  0.32    0.00    4.67 ^ _09709_/B1 (sky130_fd_sc_hd__o211ai_1)
     2    0.02    0.20    0.26    4.93 v _09709_/Y (sky130_fd_sc_hd__o211ai_1)
                                         _03584_ (net)
                  0.20    0.00    4.93 v _09714_/A1 (sky130_fd_sc_hd__a221oi_1)
     2    0.01    0.32    0.39    5.32 ^ _09714_/Y (sky130_fd_sc_hd__a221oi_1)
                                         _03589_ (net)
                  0.32    0.00    5.32 ^ _09816_/A1 (sky130_fd_sc_hd__o21bai_1)
     1    0.01    0.09    0.14    5.46 v _09816_/Y (sky130_fd_sc_hd__o21bai_1)
                                         _03640_ (net)
                  0.09    0.00    5.46 v _09825_/A4 (sky130_fd_sc_hd__a41oi_1)
     1    0.01    0.20    0.26    5.72 ^ _09825_/Y (sky130_fd_sc_hd__a41oi_1)
                                         _03649_ (net)
                  0.20    0.00    5.72 ^ _09826_/B (sky130_fd_sc_hd__xnor2_1)
     2    0.03    0.21    0.22    5.94 v _09826_/Y (sky130_fd_sc_hd__xnor2_1)
                                         g_b1.u_red.prod[24] (net)
                  0.21    0.00    5.94 v _18199_/A (sky130_fd_sc_hd__fa_1)
     2    0.01    0.10    0.62    6.56 ^ _18199_/SUM (sky130_fd_sc_hd__fa_1)
                                         _00096_ (net)
                  0.10    0.00    6.56 ^ _17275_/A (sky130_fd_sc_hd__inv_1)
     2    0.01    0.06    0.09    6.65 v _17275_/Y (sky130_fd_sc_hd__inv_1)
                                         _00117_ (net)
                  0.06    0.00    6.65 v _18224_/A (sky130_fd_sc_hd__fa_1)
     2    0.01    0.10    0.58    7.23 ^ _18224_/SUM (sky130_fd_sc_hd__fa_1)
                                         _00119_ (net)
                  0.10    0.00    7.23 ^ _09744_/A (sky130_fd_sc_hd__inv_1)
     1    0.00    0.04    0.05    7.28 v _09744_/Y (sky130_fd_sc_hd__inv_1)
                                         _00718_ (net)
                  0.04    0.00    7.28 v _18779_/B (sky130_fd_sc_hd__ha_1)
     2    0.01    0.07    0.29    7.57 v _18779_/SUM (sky130_fd_sc_hd__ha_1)
                                         _00675_ (net)
                  0.07    0.00    7.57 v _18740_/B (sky130_fd_sc_hd__ha_1)
     2    0.01    0.07    0.31    7.88 v _18740_/SUM (sky130_fd_sc_hd__ha_1)
                                         _00402_ (net)
                  0.07    0.00    7.88 v _18547_/B (sky130_fd_sc_hd__ha_1)
     1    0.00    0.05    0.28    8.16 ^ _18547_/SUM (sky130_fd_sc_hd__ha_1)
                                         _00403_ (net)
                  0.05    0.00    8.16 ^ _10287_/A (sky130_fd_sc_hd__inv_1)
     1    0.00    0.03    0.04    8.20 v _10287_/Y (sky130_fd_sc_hd__inv_1)
                                         _00356_ (net)
                  0.03    0.00    8.20 v _18519_/B (sky130_fd_sc_hd__ha_1)
     3    0.01    0.06    0.19    8.39 v _18519_/COUT (sky130_fd_sc_hd__ha_1)
                                         _00357_ (net)
                  0.06    0.00    8.39 v _09757_/B (sky130_fd_sc_hd__or2_2)
     1    0.01    0.06    0.29    8.68 v _09757_/X (sky130_fd_sc_hd__or2_2)
                                         _00121_ (net)
                  0.06    0.00    8.68 v _18226_/CIN (sky130_fd_sc_hd__fa_1)
     3    0.01    0.11    0.42    9.10 v _18226_/COUT (sky130_fd_sc_hd__fa_1)
                                         _00122_ (net)
                  0.11    0.00    9.10 v _16899_/A2 (sky130_fd_sc_hd__a211oi_1)
     2    0.01    0.34    0.37    9.47 ^ _16899_/Y (sky130_fd_sc_hd__a211oi_1)
                                         _02687_ (net)
                  0.34    0.00    9.47 ^ _16901_/A2 (sky130_fd_sc_hd__o21bai_1)
     2    0.01    0.10    0.14    9.62 v _16901_/Y (sky130_fd_sc_hd__o21bai_1)
                                         _02689_ (net)
                  0.10    0.00    9.62 v _16902_/A2 (sky130_fd_sc_hd__a21oi_1)
     4    0.02    0.37    0.36    9.97 ^ _16902_/Y (sky130_fd_sc_hd__a21oi_1)
                                         _02690_ (net)
                  0.37    0.00    9.97 ^ _17018_/A (sky130_fd_sc_hd__nor2_1)
     1    0.00    0.08    0.10   10.07 v _17018_/Y (sky130_fd_sc_hd__nor2_1)
                                         _02806_ (net)
                  0.08    0.00   10.07 v _17019_/C1 (sky130_fd_sc_hd__a311oi_1)
     4    0.01    0.51    0.44   10.51 ^ _17019_/Y (sky130_fd_sc_hd__a311oi_1)
                                         _02807_ (net)
                  0.51    0.00   10.51 ^ _17020_/C1 (sky130_fd_sc_hd__o211ai_1)
     2    0.01    0.18    0.22   10.73 v _17020_/Y (sky130_fd_sc_hd__o211ai_1)
                                         _02808_ (net)
                  0.18    0.00   10.73 v _17072_/B (sky130_fd_sc_hd__nand4b_1)
     6    0.02    0.25    0.27   11.00 ^ _17072_/Y (sky130_fd_sc_hd__nand4b_1)
                                         _02860_ (net)
                  0.25    0.00   11.00 ^ _17073_/C (sky130_fd_sc_hd__nor3_1)
     1    0.00    0.08    0.08   11.09 v _17073_/Y (sky130_fd_sc_hd__nor3_1)
                                         _02861_ (net)
                  0.08    0.00   11.09 v place457/A (sky130_fd_sc_hd__buf_4)
    11    0.03    0.05    0.18   11.27 v place457/X (sky130_fd_sc_hd__buf_4)
                                         net456 (net)
                  0.05    0.00   11.27 v _17097_/A (sky130_fd_sc_hd__or3b_2)
     1    0.00    0.08    0.46   11.73 v _17097_/X (sky130_fd_sc_hd__or3b_2)
                                         _02882_ (net)
                  0.08    0.00   11.73 v _17099_/A3 (sky130_fd_sc_hd__a31oi_1)
     1    0.00    0.12    0.16   11.89 ^ _17099_/Y (sky130_fd_sc_hd__a31oi_1)
                                         _00842_ (net)
                  0.12    0.00   11.89 ^ mul_reduced_q[7]$_DFFE_PN0P_/D (sky130_fd_sc_hd__dfrtp_1)
                                 11.89   data arrival time

                         12.00   12.00   clock clk (rise edge)
                          0.00   12.00   clock source latency
     1    0.12    0.00    0.00   12.00 ^ clk (in)
                                         clk (net)
                  0.01    0.00   12.00 ^ clkbuf_0_clk/A (sky130_fd_sc_hd__clkbuf_16)
     4    0.18    0.20    0.23   12.23 ^ clkbuf_0_clk/X (sky130_fd_sc_hd__clkbuf_16)
                                         clknet_0_clk (net)
                  0.20    0.00   12.24 ^ clkbuf_2_2_0_clk/A (sky130_fd_sc_hd__clkbuf_16)
     8    0.17    0.18    0.28   12.52 ^ clkbuf_2_2_0_clk/X (sky130_fd_sc_hd__clkbuf_16)
                                         clknet_2_2_0_clk (net)
                  0.18    0.00   12.52 ^ clkbuf_5_21__f_clk/A (sky130_fd_sc_hd__clkbuf_16)
     6    0.15    0.17    0.27   12.79 ^ clkbuf_5_21__f_clk/X (sky130_fd_sc_hd__clkbuf_16)
                                         clknet_5_21__leaf_clk (net)
                  0.17    0.00   12.80 ^ clkbuf_leaf_249_clk/A (sky130_fd_sc_hd__clkbuf_16)
    10    0.03    0.05    0.18   12.97 ^ clkbuf_leaf_249_clk/X (sky130_fd_sc_hd__clkbuf_16)
                                         clknet_leaf_249_clk (net)
                  0.05    0.00   12.97 ^ mul_reduced_q[7]$_DFFE_PN0P_/CLK (sky130_fd_sc_hd__dfrtp_1)
                         -0.25   12.72   clock uncertainty
                          0.00   12.72   clock reconvergence pessimism
                         -0.08   12.65   library setup time
                                 12.65   data required time
-----------------------------------------------------------------------------
                                 12.65   data required time
                                -11.89   data arrival time
-----------------------------------------------------------------------------
                                  0.76   slack (MET)



==========================================================================
cts final report_check_types -max_slew -max_cap -max_fanout -violators
--------------------------------------------------------------------------
max slew

Pin                                    Limit    Slew   Slack
------------------------------------------------------------
_17362_/Y                               1.49    1.54   -0.05 (VIOLATED)
u_coeff_ram.mem[123][3]$_DFFE_PP_/DE    1.50    1.54   -0.04 (VIOLATED)
u_coeff_ram.mem[123][6]$_DFFE_PP_/DE    1.50    1.54   -0.04 (VIOLATED)
u_coeff_ram.mem[123][0]$_DFFE_PP_/DE    1.50    1.54   -0.04 (VIOLATED)
u_coeff_ram.mem[123][5]$_DFFE_PP_/DE    1.50    1.54   -0.04 (VIOLATED)
u_coeff_ram.mem[123][1]$_DFFE_PP_/DE    1.50    1.54   -0.04 (VIOLATED)
u_coeff_ram.mem[123][4]$_DFFE_PP_/DE    1.50    1.54   -0.04 (VIOLATED)
u_coeff_ram.mem[123][8]$_DFFE_PP_/DE    1.50    1.54   -0.04 (VIOLATED)
u_coeff_ram.mem[123][10]$_DFFE_PP_/DE    1.50    1.54   -0.04 (VIOLATED)
u_coeff_ram.mem[123][11]$_DFFE_PP_/DE    1.50    1.54   -0.04 (VIOLATED)
u_coeff_ram.mem[123][2]$_DFFE_PP_/DE    1.50    1.54   -0.04 (VIOLATED)
u_coeff_ram.mem[123][7]$_DFFE_PP_/DE    1.50    1.54   -0.04 (VIOLATED)
u_coeff_ram.mem[123][9]$_DFFE_PP_/DE    1.50    1.54   -0.04 (VIOLATED)

max capacitance

Pin                                    Limit     Cap   Slack
------------------------------------------------------------
_17362_/Y                               0.09    0.09   -0.00 (VIOLATED)


==========================================================================
cts final max_slew_check_slack
--------------------------------------------------------------------------
-0.04686562344431877

==========================================================================
cts final max_slew_check_limit
--------------------------------------------------------------------------
1.4944789409637451

==========================================================================
cts final max_slew_check_slack_limit
--------------------------------------------------------------------------
-0.0314

==========================================================================
cts final max_fanout_check_slack
--------------------------------------------------------------------------
1.0000000150474662e+30

==========================================================================
cts final max_fanout_check_limit
--------------------------------------------------------------------------
1.0000000150474662e+30

==========================================================================
cts final max_capacitance_check_slack
--------------------------------------------------------------------------
-0.004039066378027201

==========================================================================
cts final max_capacitance_check_limit
--------------------------------------------------------------------------
0.0860700011253357

==========================================================================
cts final max_capacitance_check_slack_limit
--------------------------------------------------------------------------
-0.0469

==========================================================================
cts final max_slew_violation_count
--------------------------------------------------------------------------
max slew violation count 13

==========================================================================
cts final max_fanout_violation_count
--------------------------------------------------------------------------
max fanout violation count 0

==========================================================================
cts final max_cap_violation_count
--------------------------------------------------------------------------
max cap violation count 1

==========================================================================
cts final setup_violation_count
--------------------------------------------------------------------------
setup violation count 0

==========================================================================
cts final hold_violation_count
--------------------------------------------------------------------------
hold violation count 0

==========================================================================
cts final report_checks -path_delay max reg to reg
--------------------------------------------------------------------------
Startpoint: product_q[6]$_DFFE_PN0P_
            (rising edge-triggered flip-flop clocked by clk)
Endpoint: mul_reduced_q[7]$_DFFE_PN0P_
          (rising edge-triggered flip-flop clocked by clk)
Path Group: clk
Path Type: max

  Delay    Time   Description
---------------------------------------------------------
   0.00    0.00   clock clk (rise edge)
   0.00    0.00   clock source latency
   0.00    0.00 ^ clk (in)
   0.23    0.23 ^ clkbuf_0_clk/X (sky130_fd_sc_hd__clkbuf_16)
   0.29    0.52 ^ clkbuf_2_2_0_clk/X (sky130_fd_sc_hd__clkbuf_16)
   0.27    0.79 ^ clkbuf_5_20__f_clk/X (sky130_fd_sc_hd__clkbuf_16)
   0.17    0.96 ^ clkbuf_leaf_251_clk/X (sky130_fd_sc_hd__clkbuf_16)
   0.00    0.96 ^ product_q[6]$_DFFE_PN0P_/CLK (sky130_fd_sc_hd__dfrtp_1)
   0.56    1.52 v product_q[6]$_DFFE_PN0P_/Q (sky130_fd_sc_hd__dfrtp_1)
   0.66    2.17 ^ _18212_/SUM (sky130_fd_sc_hd__fa_1)
   0.43    2.60 v _18145_/SUM (sky130_fd_sc_hd__fa_1)
   0.31    2.92 v _18489_/SUM (sky130_fd_sc_hd__ha_1)
   0.51    3.43 ^ _18314_/SUM (sky130_fd_sc_hd__fa_1)
   0.42    3.85 v _18193_/SUM (sky130_fd_sc_hd__fa_1)
   0.30    4.15 v _18642_/SUM (sky130_fd_sc_hd__ha_1)
   0.18    4.34 v _09706_/X (sky130_fd_sc_hd__a21o_1)
   0.33    4.67 ^ _09707_/Y (sky130_fd_sc_hd__a211oi_1)
   0.26    4.93 v _09709_/Y (sky130_fd_sc_hd__o211ai_1)
   0.39    5.32 ^ _09714_/Y (sky130_fd_sc_hd__a221oi_1)
   0.14    5.46 v _09816_/Y (sky130_fd_sc_hd__o21bai_1)
   0.26    5.72 ^ _09825_/Y (sky130_fd_sc_hd__a41oi_1)
   0.22    5.94 v _09826_/Y (sky130_fd_sc_hd__xnor2_1)
   0.62    6.56 ^ _18199_/SUM (sky130_fd_sc_hd__fa_1)
   0.09    6.65 v _17275_/Y (sky130_fd_sc_hd__inv_1)
   0.58    7.23 ^ _18224_/SUM (sky130_fd_sc_hd__fa_1)
   0.05    7.28 v _09744_/Y (sky130_fd_sc_hd__inv_1)
   0.29    7.57 v _18779_/SUM (sky130_fd_sc_hd__ha_1)
   0.31    7.88 v _18740_/SUM (sky130_fd_sc_hd__ha_1)
   0.28    8.16 ^ _18547_/SUM (sky130_fd_sc_hd__ha_1)
   0.04    8.20 v _10287_/Y (sky130_fd_sc_hd__inv_1)
   0.19    8.39 v _18519_/COUT (sky130_fd_sc_hd__ha_1)
   0.29    8.68 v _09757_/X (sky130_fd_sc_hd__or2_2)
   0.42    9.10 v _18226_/COUT (sky130_fd_sc_hd__fa_1)
   0.37    9.47 ^ _16899_/Y (sky130_fd_sc_hd__a211oi_1)
   0.14    9.62 v _16901_/Y (sky130_fd_sc_hd__o21bai_1)
   0.36    9.97 ^ _16902_/Y (sky130_fd_sc_hd__a21oi_1)
   0.10   10.07 v _17018_/Y (sky130_fd_sc_hd__nor2_1)
   0.44   10.51 ^ _17019_/Y (sky130_fd_sc_hd__a311oi_1)
   0.22   10.73 v _17020_/Y (sky130_fd_sc_hd__o211ai_1)
   0.27   11.00 ^ _17072_/Y (sky130_fd_sc_hd__nand4b_1)
   0.09   11.09 v _17073_/Y (sky130_fd_sc_hd__nor3_1)
   0.18   11.27 v place457/X (sky130_fd_sc_hd__buf_4)
   0.46   11.73 v _17097_/X (sky130_fd_sc_hd__or3b_2)
   0.16   11.89 ^ _17099_/Y (sky130_fd_sc_hd__a31oi_1)
   0.00   11.89 ^ mul_reduced_q[7]$_DFFE_PN0P_/D (sky130_fd_sc_hd__dfrtp_1)
          11.89   data arrival time

  12.00   12.00   clock clk (rise edge)
   0.00   12.00   clock source latency
   0.00   12.00 ^ clk (in)
   0.23   12.23 ^ clkbuf_0_clk/X (sky130_fd_sc_hd__clkbuf_16)
   0.29   12.52 ^ clkbuf_2_2_0_clk/X (sky130_fd_sc_hd__clkbuf_16)
   0.27   12.79 ^ clkbuf_5_21__f_clk/X (sky130_fd_sc_hd__clkbuf_16)
   0.18   12.97 ^ clkbuf_leaf_249_clk/X (sky130_fd_sc_hd__clkbuf_16)
   0.00   12.97 ^ mul_reduced_q[7]$_DFFE_PN0P_/CLK (sky130_fd_sc_hd__dfrtp_1)
  -0.25   12.72   clock uncertainty
   0.00   12.72   clock reconvergence pessimism
  -0.08   12.65   library setup time
          12.65   data required time
---------------------------------------------------------
          12.65   data required time
         -11.89   data arrival time
---------------------------------------------------------
           0.76   slack (MET)



==========================================================================
cts final report_checks -path_delay min reg to reg
--------------------------------------------------------------------------
Startpoint: st[15]$_DFF_PN0_ (rising edge-triggered flip-flop clocked by clk)
Endpoint: done$_DFF_PN0_ (rising edge-triggered flip-flop clocked by clk)
Path Group: clk
Path Type: min

  Delay    Time   Description
---------------------------------------------------------
   0.00    0.00   clock clk (rise edge)
   0.00    0.00   clock source latency
   0.00    0.00 ^ clk (in)
   0.23    0.23 ^ clkbuf_0_clk/X (sky130_fd_sc_hd__clkbuf_16)
   0.29    0.52 ^ clkbuf_2_2_0_clk/X (sky130_fd_sc_hd__clkbuf_16)
   0.26    0.78 ^ clkbuf_5_23__f_clk/X (sky130_fd_sc_hd__clkbuf_16)
   0.18    0.96 ^ clkbuf_leaf_205_clk/X (sky130_fd_sc_hd__clkbuf_16)
   0.00    0.96 ^ st[15]$_DFF_PN0_/CLK (sky130_fd_sc_hd__dfrtp_1)
   0.36    1.32 ^ st[15]$_DFF_PN0_/Q (sky130_fd_sc_hd__dfrtp_1)
   0.00    1.32 ^ done$_DFF_PN0_/D (sky130_fd_sc_hd__dfrtp_1)
           1.32   data arrival time

   0.00    0.00   clock clk (rise edge)
   0.00    0.00   clock source latency
   0.00    0.00 ^ clk (in)
   0.23    0.23 ^ clkbuf_0_clk/X (sky130_fd_sc_hd__clkbuf_16)
   0.29    0.52 ^ clkbuf_2_2_0_clk/X (sky130_fd_sc_hd__clkbuf_16)
   0.26    0.78 ^ clkbuf_5_23__f_clk/X (sky130_fd_sc_hd__clkbuf_16)
   0.18    0.96 ^ clkbuf_leaf_205_clk/X (sky130_fd_sc_hd__clkbuf_16)
   0.00    0.96 ^ done$_DFF_PN0_/CLK (sky130_fd_sc_hd__dfrtp_1)
   0.25    1.21   clock uncertainty
   0.00    1.21   clock reconvergence pessimism
  -0.04    1.17   library hold time
           1.17   data required time
---------------------------------------------------------
           1.17   data required time
          -1.32   data arrival time
---------------------------------------------------------
           0.15   slack (MET)



==========================================================================
cts final critical path target clock latency max path
--------------------------------------------------------------------------
0.9495

==========================================================================
cts final critical path target clock latency min path
--------------------------------------------------------------------------
0.9600

==========================================================================
cts final critical path source clock latency min path
--------------------------------------------------------------------------
0.0000

==========================================================================
cts final critical path delay
--------------------------------------------------------------------------
11.8901

==========================================================================
cts final critical path slack
--------------------------------------------------------------------------
0.7578

==========================================================================
cts final slack div critical path delay
--------------------------------------------------------------------------
6.373369

==========================================================================
cts final report_power
--------------------------------------------------------------------------
Group                  Internal  Switching    Leakage      Total
                          Power      Power      Power      Power (Watts)
----------------------------------------------------------------
Sequential             1.39e-02   5.65e-04   3.00e-08   1.44e-02  10.1%
Combinational          4.56e-02   7.19e-02   2.76e-08   1.17e-01  82.2%
Clock                  6.36e-03   4.70e-03   5.59e-09   1.11e-02   7.7%
Macro                  0.00e+00   0.00e+00   0.00e+00   0.00e+00   0.0%
Pad                    0.00e+00   0.00e+00   0.00e+00   0.00e+00   0.0%
----------------------------------------------------------------
Total                  6.58e-02   7.72e-02   6.32e-08   1.43e-01 100.0%
                          46.0%      54.0%       0.0%
