
==========================================================================
global route report_tns
--------------------------------------------------------------------------
tns max 0.00

==========================================================================
global route report_wns
--------------------------------------------------------------------------
wns max 0.00

==========================================================================
global route report_worst_slack
--------------------------------------------------------------------------
worst slack max 0.04

==========================================================================
global route report_clock_min_period
--------------------------------------------------------------------------
clk period_min = 11.96 fmax = 83.64

==========================================================================
global route report_clock_skew
--------------------------------------------------------------------------
Clock clk
   0.98 source latency st[9]$_DFF_PN0_/CLK ^
  -0.91 target latency u_coeff_ram.mem[79][8]$_DFFE_PP_/CLK ^
   0.25 clock uncertainty
   0.00 CRPR
--------------
   0.32 setup skew


==========================================================================
global route report_checks -path_delay min
--------------------------------------------------------------------------
Startpoint: st[15]$_DFF_PN0_ (rising edge-triggered flip-flop clocked by clk)
Endpoint: done$_DFF_PN0_ (rising edge-triggered flip-flop clocked by clk)
Path Group: clk
Path Type: min

Fanout     Cap    Slew   Delay    Time   Description
-----------------------------------------------------------------------------
                          0.00    0.00   clock clk (rise edge)
                          0.00    0.00   clock source latency
     2    0.11    0.00    0.00    0.00 ^ clk (in)
                                         clk (net)
                  0.01    0.00    0.00 ^ clkbuf_0_clk/A (sky130_fd_sc_hd__clkbuf_16)
     4    0.16    0.17    0.21    0.21 ^ clkbuf_0_clk/X (sky130_fd_sc_hd__clkbuf_16)
                                         clknet_0_clk (net)
                  0.17    0.01    0.22 ^ clkbuf_2_2_0_clk/A (sky130_fd_sc_hd__clkbuf_16)
     8    0.16    0.17    0.27    0.49 ^ clkbuf_2_2_0_clk/X (sky130_fd_sc_hd__clkbuf_16)
                                         clknet_2_2_0_clk (net)
                  0.17    0.00    0.49 ^ clkbuf_5_23__f_clk/A (sky130_fd_sc_hd__clkbuf_16)
     9    0.13    0.14    0.25    0.74 ^ clkbuf_5_23__f_clk/X (sky130_fd_sc_hd__clkbuf_16)
                                         clknet_5_23__leaf_clk (net)
                  0.14    0.00    0.75 ^ clkbuf_leaf_205_clk/A (sky130_fd_sc_hd__clkbuf_16)
    12    0.05    0.07    0.18    0.93 ^ clkbuf_leaf_205_clk/X (sky130_fd_sc_hd__clkbuf_16)
                                         clknet_leaf_205_clk (net)
                  0.07    0.00    0.93 ^ st[15]$_DFF_PN0_/CLK (sky130_fd_sc_hd__dfrtp_1)
     2    0.01    0.10    0.37    1.29 ^ st[15]$_DFF_PN0_/Q (sky130_fd_sc_hd__dfrtp_1)
                                         st[15] (net)
                  0.10    0.00    1.29 ^ done$_DFF_PN0_/D (sky130_fd_sc_hd__dfrtp_1)
                                  1.29   data arrival time

                          0.00    0.00   clock clk (rise edge)
                          0.00    0.00   clock source latency
     2    0.11    0.00    0.00    0.00 ^ clk (in)
                                         clk (net)
                  0.01    0.00    0.00 ^ clkbuf_0_clk/A (sky130_fd_sc_hd__clkbuf_16)
     4    0.16    0.17    0.21    0.21 ^ clkbuf_0_clk/X (sky130_fd_sc_hd__clkbuf_16)
                                         clknet_0_clk (net)
                  0.17    0.01    0.22 ^ clkbuf_2_2_0_clk/A (sky130_fd_sc_hd__clkbuf_16)
     8    0.16    0.17    0.27    0.49 ^ clkbuf_2_2_0_clk/X (sky130_fd_sc_hd__clkbuf_16)
                                         clknet_2_2_0_clk (net)
                  0.17    0.00    0.49 ^ clkbuf_5_23__f_clk/A (sky130_fd_sc_hd__clkbuf_16)
     9    0.13    0.14    0.25    0.74 ^ clkbuf_5_23__f_clk/X (sky130_fd_sc_hd__clkbuf_16)
                                         clknet_5_23__leaf_clk (net)
                  0.14    0.00    0.75 ^ clkbuf_leaf_205_clk/A (sky130_fd_sc_hd__clkbuf_16)
    12    0.05    0.07    0.18    0.93 ^ clkbuf_leaf_205_clk/X (sky130_fd_sc_hd__clkbuf_16)
                                         clknet_leaf_205_clk (net)
                  0.07    0.00    0.93 ^ done$_DFF_PN0_/CLK (sky130_fd_sc_hd__dfrtp_1)
                          0.25    1.18   clock uncertainty
                          0.00    1.18   clock reconvergence pessimism
                         -0.04    1.13   library hold time
                                  1.13   data required time
-----------------------------------------------------------------------------
                                  1.13   data required time
                                 -1.29   data arrival time
-----------------------------------------------------------------------------
                                  0.16   slack (MET)



==========================================================================
global route report_checks -path_delay max
--------------------------------------------------------------------------
Startpoint: product_q[5]$_DFFE_PN0P_
            (rising edge-triggered flip-flop clocked by clk)
Endpoint: mul_reduced_q[7]$_DFFE_PN0P_
          (rising edge-triggered flip-flop clocked by clk)
Path Group: clk
Path Type: max

Fanout     Cap    Slew   Delay    Time   Description
-----------------------------------------------------------------------------
                          0.00    0.00   clock clk (rise edge)
                          0.00    0.00   clock source latency
     2    0.11    0.00    0.00    0.00 ^ clk (in)
                                         clk (net)
                  0.01    0.00    0.00 ^ clkbuf_0_clk/A (sky130_fd_sc_hd__clkbuf_16)
     4    0.16    0.17    0.21    0.21 ^ clkbuf_0_clk/X (sky130_fd_sc_hd__clkbuf_16)
                                         clknet_0_clk (net)
                  0.17    0.01    0.22 ^ clkbuf_2_2_0_clk/A (sky130_fd_sc_hd__clkbuf_16)
     8    0.16    0.17    0.27    0.49 ^ clkbuf_2_2_0_clk/X (sky130_fd_sc_hd__clkbuf_16)
                                         clknet_2_2_0_clk (net)
                  0.17    0.00    0.49 ^ clkbuf_5_20__f_clk/A (sky130_fd_sc_hd__clkbuf_16)
     8    0.14    0.15    0.25    0.75 ^ clkbuf_5_20__f_clk/X (sky130_fd_sc_hd__clkbuf_16)
                                         clknet_5_20__leaf_clk (net)
                  0.15    0.00    0.75 ^ clkbuf_leaf_251_clk/A (sky130_fd_sc_hd__clkbuf_16)
     5    0.03    0.05    0.17    0.92 ^ clkbuf_leaf_251_clk/X (sky130_fd_sc_hd__clkbuf_16)
                                         clknet_leaf_251_clk (net)
                  0.05    0.00    0.92 ^ product_q[5]$_DFFE_PN0P_/CLK (sky130_fd_sc_hd__dfrtp_1)
     7    0.06    0.29    0.57    1.49 v product_q[5]$_DFFE_PN0P_/Q (sky130_fd_sc_hd__dfrtp_1)
                                         g_b1.u_red.a[5] (net)
                  0.29    0.00    1.50 v _18225_/A (sky130_fd_sc_hd__fa_1)
     2    0.01    0.13    0.67    2.17 ^ _18225_/SUM (sky130_fd_sc_hd__fa_1)
                                         _08922_ (net)
                  0.13    0.00    2.17 ^ _18151_/CIN (sky130_fd_sc_hd__fa_1)
     1    0.00    0.09    0.44    2.60 v _18151_/SUM (sky130_fd_sc_hd__fa_1)
                                         _08924_ (net)
                  0.09    0.00    2.60 v _18580_/B (sky130_fd_sc_hd__ha_1)
     1    0.01    0.09    0.33    2.93 v _18580_/SUM (sky130_fd_sc_hd__ha_1)
                                         _09344_ (net)
                  0.09    0.00    2.93 v _18304_/CIN (sky130_fd_sc_hd__fa_1)
     1    0.01    0.11    0.43    3.36 v _18304_/COUT (sky130_fd_sc_hd__fa_1)
                                         _09057_ (net)
                  0.11    0.00    3.36 v _18193_/A (sky130_fd_sc_hd__fa_1)
     1    0.01    0.09    0.51    3.87 v _18193_/SUM (sky130_fd_sc_hd__fa_1)
                                         _09061_ (net)
                  0.09    0.00    3.87 v _18642_/B (sky130_fd_sc_hd__ha_1)
     2    0.01    0.08    0.32    4.18 v _18642_/SUM (sky130_fd_sc_hd__ha_1)
                                         _00540_ (net)
                  0.08    0.00    4.18 v _09706_/A2 (sky130_fd_sc_hd__a21o_1)
     1    0.01    0.04    0.20    4.38 v _09706_/X (sky130_fd_sc_hd__a21o_1)
                                         _03581_ (net)
                  0.04    0.00    4.38 v _09707_/A2 (sky130_fd_sc_hd__a211oi_1)
     2    0.01    0.38    0.38    4.76 ^ _09707_/Y (sky130_fd_sc_hd__a211oi_1)
                                         _03582_ (net)
                  0.38    0.00    4.76 ^ _09709_/B1 (sky130_fd_sc_hd__o211ai_1)
     2    0.02    0.22    0.28    5.04 v _09709_/Y (sky130_fd_sc_hd__o211ai_1)
                                         _03584_ (net)
                  0.22    0.00    5.04 v _09714_/A1 (sky130_fd_sc_hd__a221oi_1)
     2    0.01    0.40    0.45    5.49 ^ _09714_/Y (sky130_fd_sc_hd__a221oi_1)
                                         _03589_ (net)
                  0.40    0.00    5.49 ^ _09816_/A1 (sky130_fd_sc_hd__o21bai_1)
     1    0.01    0.12    0.18    5.67 v _09816_/Y (sky130_fd_sc_hd__o21bai_1)
                                         _03640_ (net)
                  0.12    0.00    5.67 v _09825_/A4 (sky130_fd_sc_hd__a41oi_1)
     1    0.01    0.23    0.29    5.96 ^ _09825_/Y (sky130_fd_sc_hd__a41oi_1)
                                         _03649_ (net)
                  0.23    0.00    5.96 ^ _09826_/B (sky130_fd_sc_hd__xnor2_1)
     2    0.03    0.22    0.24    6.20 v _09826_/Y (sky130_fd_sc_hd__xnor2_1)
                                         g_b1.u_red.prod[24] (net)
                  0.22    0.00    6.20 v _18199_/A (sky130_fd_sc_hd__fa_1)
     2    0.01    0.11    0.63    6.83 ^ _18199_/SUM (sky130_fd_sc_hd__fa_1)
                                         _00096_ (net)
                  0.11    0.00    6.83 ^ _17275_/A (sky130_fd_sc_hd__inv_1)
     2    0.01    0.08    0.10    6.93 v _17275_/Y (sky130_fd_sc_hd__inv_1)
                                         _00117_ (net)
                  0.08    0.00    6.93 v _18224_/A (sky130_fd_sc_hd__fa_1)
     2    0.01    0.11    0.59    7.52 ^ _18224_/SUM (sky130_fd_sc_hd__fa_1)
                                         _00119_ (net)
                  0.11    0.00    7.52 ^ _09744_/A (sky130_fd_sc_hd__inv_1)
     1    0.00    0.04    0.06    7.59 v _09744_/Y (sky130_fd_sc_hd__inv_1)
                                         _00718_ (net)
                  0.04    0.00    7.59 v _18779_/B (sky130_fd_sc_hd__ha_1)
     2    0.01    0.07    0.30    7.88 v _18779_/SUM (sky130_fd_sc_hd__ha_1)
                                         _00675_ (net)
                  0.07    0.00    7.88 v _18740_/B (sky130_fd_sc_hd__ha_1)
     2    0.01    0.08    0.32    8.20 v _18740_/SUM (sky130_fd_sc_hd__ha_1)
                                         _00402_ (net)
                  0.08    0.00    8.20 v _18547_/B (sky130_fd_sc_hd__ha_1)
     1    0.00    0.06    0.29    8.50 ^ _18547_/SUM (sky130_fd_sc_hd__ha_1)
                                         _00403_ (net)
                  0.06    0.00    8.50 ^ _10287_/A (sky130_fd_sc_hd__inv_1)
     1    0.01    0.03    0.05    8.54 v _10287_/Y (sky130_fd_sc_hd__inv_1)
                                         _00356_ (net)
                  0.03    0.00    8.54 v _18519_/B (sky130_fd_sc_hd__ha_1)
     3    0.01    0.08    0.21    8.75 v _18519_/COUT (sky130_fd_sc_hd__ha_1)
                                         _00357_ (net)
                  0.08    0.00    8.75 v _09757_/B (sky130_fd_sc_hd__or2_2)
     1    0.01    0.06    0.30    9.05 v _09757_/X (sky130_fd_sc_hd__or2_2)
                                         _00121_ (net)
                  0.06    0.00    9.05 v _18226_/CIN (sky130_fd_sc_hd__fa_1)
     3    0.01    0.12    0.43    9.48 v _18226_/COUT (sky130_fd_sc_hd__fa_1)
                                         _00122_ (net)
                  0.12    0.00    9.48 v _16899_/A2 (sky130_fd_sc_hd__a211oi_1)
     2    0.01    0.34    0.38    9.87 ^ _16899_/Y (sky130_fd_sc_hd__a211oi_1)
                                         _02687_ (net)
                  0.34    0.00    9.87 ^ _16901_/A2 (sky130_fd_sc_hd__o21bai_1)
     2    0.01    0.13    0.17   10.03 v _16901_/Y (sky130_fd_sc_hd__o21bai_1)
                                         _02689_ (net)
                  0.13    0.00   10.03 v _16902_/A2 (sky130_fd_sc_hd__a21oi_1)
     4    0.02    0.42    0.40   10.44 ^ _16902_/Y (sky130_fd_sc_hd__a21oi_1)
                                         _02690_ (net)
                  0.42    0.00   10.44 ^ _17018_/A (sky130_fd_sc_hd__nor2_1)
     1    0.00    0.09    0.11   10.55 v _17018_/Y (sky130_fd_sc_hd__nor2_1)
                                         _02806_ (net)
                  0.09    0.00   10.55 v _17019_/C1 (sky130_fd_sc_hd__a311oi_1)
     4    0.02    0.64    0.54   11.09 ^ _17019_/Y (sky130_fd_sc_hd__a311oi_1)
                                         _02807_ (net)
                  0.64    0.00   11.09 ^ _17020_/C1 (sky130_fd_sc_hd__o211ai_1)
     2    0.01    0.21    0.26   11.34 v _17020_/Y (sky130_fd_sc_hd__o211ai_1)
                                         _02808_ (net)
                  0.21    0.00   11.35 v _17072_/B (sky130_fd_sc_hd__nand4b_1)
     6    0.02    0.27    0.30   11.65 ^ _17072_/Y (sky130_fd_sc_hd__nand4b_1)
                                         _02860_ (net)
                  0.27    0.00   11.65 ^ _17073_/C (sky130_fd_sc_hd__nor3_1)
     1    0.01    0.08    0.10   11.74 v _17073_/Y (sky130_fd_sc_hd__nor3_1)
                                         _02861_ (net)
                  0.08    0.00   11.74 v place457/A (sky130_fd_sc_hd__buf_4)
    11    0.04    0.06    0.19   11.93 v place457/X (sky130_fd_sc_hd__buf_4)
                                         net456 (net)
                  0.06    0.00   11.93 v _17097_/A (sky130_fd_sc_hd__or3b_2)
     1    0.00    0.08    0.47   12.40 v _17097_/X (sky130_fd_sc_hd__or3b_2)
                                         _02882_ (net)
                  0.08    0.00   12.40 v _17099_/A3 (sky130_fd_sc_hd__a31oi_1)
     1    0.00    0.12    0.17   12.57 ^ _17099_/Y (sky130_fd_sc_hd__a31oi_1)
                                         _00842_ (net)
                  0.12    0.00   12.57 ^ mul_reduced_q[7]$_DFFE_PN0P_/D (sky130_fd_sc_hd__dfrtp_1)
                                 12.57   data arrival time

                         12.00   12.00   clock clk (rise edge)
                          0.00   12.00   clock source latency
     2    0.11    0.00    0.00   12.00 ^ clk (in)
                                         clk (net)
                  0.01    0.00   12.00 ^ clkbuf_0_clk/A (sky130_fd_sc_hd__clkbuf_16)
     4    0.16    0.17    0.21   12.21 ^ clkbuf_0_clk/X (sky130_fd_sc_hd__clkbuf_16)
                                         clknet_0_clk (net)
                  0.17    0.01   12.22 ^ clkbuf_2_2_0_clk/A (sky130_fd_sc_hd__clkbuf_16)
     8    0.16    0.17    0.27   12.49 ^ clkbuf_2_2_0_clk/X (sky130_fd_sc_hd__clkbuf_16)
                                         clknet_2_2_0_clk (net)
                  0.17    0.00   12.49 ^ clkbuf_5_21__f_clk/A (sky130_fd_sc_hd__clkbuf_16)
     6    0.15    0.16    0.26   12.76 ^ clkbuf_5_21__f_clk/X (sky130_fd_sc_hd__clkbuf_16)
                                         clknet_5_21__leaf_clk (net)
                  0.16    0.00   12.76 ^ clkbuf_leaf_249_clk/A (sky130_fd_sc_hd__clkbuf_16)
    10    0.04    0.06    0.18   12.94 ^ clkbuf_leaf_249_clk/X (sky130_fd_sc_hd__clkbuf_16)
                                         clknet_leaf_249_clk (net)
                  0.06    0.00   12.94 ^ mul_reduced_q[7]$_DFFE_PN0P_/CLK (sky130_fd_sc_hd__dfrtp_1)
                         -0.25   12.69   clock uncertainty
                          0.00   12.69   clock reconvergence pessimism
                         -0.08   12.62   library setup time
                                 12.62   data required time
-----------------------------------------------------------------------------
                                 12.62   data required time
                                -12.57   data arrival time
-----------------------------------------------------------------------------
                                  0.04   slack (MET)



==========================================================================
global route report_checks -unconstrained
--------------------------------------------------------------------------
Startpoint: product_q[5]$_DFFE_PN0P_
            (rising edge-triggered flip-flop clocked by clk)
Endpoint: mul_reduced_q[7]$_DFFE_PN0P_
          (rising edge-triggered flip-flop clocked by clk)
Path Group: clk
Path Type: max

Fanout     Cap    Slew   Delay    Time   Description
-----------------------------------------------------------------------------
                          0.00    0.00   clock clk (rise edge)
                          0.00    0.00   clock source latency
     2    0.11    0.00    0.00    0.00 ^ clk (in)
                                         clk (net)
                  0.01    0.00    0.00 ^ clkbuf_0_clk/A (sky130_fd_sc_hd__clkbuf_16)
     4    0.16    0.17    0.21    0.21 ^ clkbuf_0_clk/X (sky130_fd_sc_hd__clkbuf_16)
                                         clknet_0_clk (net)
                  0.17    0.01    0.22 ^ clkbuf_2_2_0_clk/A (sky130_fd_sc_hd__clkbuf_16)
     8    0.16    0.17    0.27    0.49 ^ clkbuf_2_2_0_clk/X (sky130_fd_sc_hd__clkbuf_16)
                                         clknet_2_2_0_clk (net)
                  0.17    0.00    0.49 ^ clkbuf_5_20__f_clk/A (sky130_fd_sc_hd__clkbuf_16)
     8    0.14    0.15    0.25    0.75 ^ clkbuf_5_20__f_clk/X (sky130_fd_sc_hd__clkbuf_16)
                                         clknet_5_20__leaf_clk (net)
                  0.15    0.00    0.75 ^ clkbuf_leaf_251_clk/A (sky130_fd_sc_hd__clkbuf_16)
     5    0.03    0.05    0.17    0.92 ^ clkbuf_leaf_251_clk/X (sky130_fd_sc_hd__clkbuf_16)
                                         clknet_leaf_251_clk (net)
                  0.05    0.00    0.92 ^ product_q[5]$_DFFE_PN0P_/CLK (sky130_fd_sc_hd__dfrtp_1)
     7    0.06    0.29    0.57    1.49 v product_q[5]$_DFFE_PN0P_/Q (sky130_fd_sc_hd__dfrtp_1)
                                         g_b1.u_red.a[5] (net)
                  0.29    0.00    1.50 v _18225_/A (sky130_fd_sc_hd__fa_1)
     2    0.01    0.13    0.67    2.17 ^ _18225_/SUM (sky130_fd_sc_hd__fa_1)
                                         _08922_ (net)
                  0.13    0.00    2.17 ^ _18151_/CIN (sky130_fd_sc_hd__fa_1)
     1    0.00    0.09    0.44    2.60 v _18151_/SUM (sky130_fd_sc_hd__fa_1)
                                         _08924_ (net)
                  0.09    0.00    2.60 v _18580_/B (sky130_fd_sc_hd__ha_1)
     1    0.01    0.09    0.33    2.93 v _18580_/SUM (sky130_fd_sc_hd__ha_1)
                                         _09344_ (net)
                  0.09    0.00    2.93 v _18304_/CIN (sky130_fd_sc_hd__fa_1)
     1    0.01    0.11    0.43    3.36 v _18304_/COUT (sky130_fd_sc_hd__fa_1)
                                         _09057_ (net)
                  0.11    0.00    3.36 v _18193_/A (sky130_fd_sc_hd__fa_1)
     1    0.01    0.09    0.51    3.87 v _18193_/SUM (sky130_fd_sc_hd__fa_1)
                                         _09061_ (net)
                  0.09    0.00    3.87 v _18642_/B (sky130_fd_sc_hd__ha_1)
     2    0.01    0.08    0.32    4.18 v _18642_/SUM (sky130_fd_sc_hd__ha_1)
                                         _00540_ (net)
                  0.08    0.00    4.18 v _09706_/A2 (sky130_fd_sc_hd__a21o_1)
     1    0.01    0.04    0.20    4.38 v _09706_/X (sky130_fd_sc_hd__a21o_1)
                                         _03581_ (net)
                  0.04    0.00    4.38 v _09707_/A2 (sky130_fd_sc_hd__a211oi_1)
     2    0.01    0.38    0.38    4.76 ^ _09707_/Y (sky130_fd_sc_hd__a211oi_1)
                                         _03582_ (net)
                  0.38    0.00    4.76 ^ _09709_/B1 (sky130_fd_sc_hd__o211ai_1)
     2    0.02    0.22    0.28    5.04 v _09709_/Y (sky130_fd_sc_hd__o211ai_1)
                                         _03584_ (net)
                  0.22    0.00    5.04 v _09714_/A1 (sky130_fd_sc_hd__a221oi_1)
     2    0.01    0.40    0.45    5.49 ^ _09714_/Y (sky130_fd_sc_hd__a221oi_1)
                                         _03589_ (net)
                  0.40    0.00    5.49 ^ _09816_/A1 (sky130_fd_sc_hd__o21bai_1)
     1    0.01    0.12    0.18    5.67 v _09816_/Y (sky130_fd_sc_hd__o21bai_1)
                                         _03640_ (net)
                  0.12    0.00    5.67 v _09825_/A4 (sky130_fd_sc_hd__a41oi_1)
     1    0.01    0.23    0.29    5.96 ^ _09825_/Y (sky130_fd_sc_hd__a41oi_1)
                                         _03649_ (net)
                  0.23    0.00    5.96 ^ _09826_/B (sky130_fd_sc_hd__xnor2_1)
     2    0.03    0.22    0.24    6.20 v _09826_/Y (sky130_fd_sc_hd__xnor2_1)
                                         g_b1.u_red.prod[24] (net)
                  0.22    0.00    6.20 v _18199_/A (sky130_fd_sc_hd__fa_1)
     2    0.01    0.11    0.63    6.83 ^ _18199_/SUM (sky130_fd_sc_hd__fa_1)
                                         _00096_ (net)
                  0.11    0.00    6.83 ^ _17275_/A (sky130_fd_sc_hd__inv_1)
     2    0.01    0.08    0.10    6.93 v _17275_/Y (sky130_fd_sc_hd__inv_1)
                                         _00117_ (net)
                  0.08    0.00    6.93 v _18224_/A (sky130_fd_sc_hd__fa_1)
     2    0.01    0.11    0.59    7.52 ^ _18224_/SUM (sky130_fd_sc_hd__fa_1)
                                         _00119_ (net)
                  0.11    0.00    7.52 ^ _09744_/A (sky130_fd_sc_hd__inv_1)
     1    0.00    0.04    0.06    7.59 v _09744_/Y (sky130_fd_sc_hd__inv_1)
                                         _00718_ (net)
                  0.04    0.00    7.59 v _18779_/B (sky130_fd_sc_hd__ha_1)
     2    0.01    0.07    0.30    7.88 v _18779_/SUM (sky130_fd_sc_hd__ha_1)
                                         _00675_ (net)
                  0.07    0.00    7.88 v _18740_/B (sky130_fd_sc_hd__ha_1)
     2    0.01    0.08    0.32    8.20 v _18740_/SUM (sky130_fd_sc_hd__ha_1)
                                         _00402_ (net)
                  0.08    0.00    8.20 v _18547_/B (sky130_fd_sc_hd__ha_1)
     1    0.00    0.06    0.29    8.50 ^ _18547_/SUM (sky130_fd_sc_hd__ha_1)
                                         _00403_ (net)
                  0.06    0.00    8.50 ^ _10287_/A (sky130_fd_sc_hd__inv_1)
     1    0.01    0.03    0.05    8.54 v _10287_/Y (sky130_fd_sc_hd__inv_1)
                                         _00356_ (net)
                  0.03    0.00    8.54 v _18519_/B (sky130_fd_sc_hd__ha_1)
     3    0.01    0.08    0.21    8.75 v _18519_/COUT (sky130_fd_sc_hd__ha_1)
                                         _00357_ (net)
                  0.08    0.00    8.75 v _09757_/B (sky130_fd_sc_hd__or2_2)
     1    0.01    0.06    0.30    9.05 v _09757_/X (sky130_fd_sc_hd__or2_2)
                                         _00121_ (net)
                  0.06    0.00    9.05 v _18226_/CIN (sky130_fd_sc_hd__fa_1)
     3    0.01    0.12    0.43    9.48 v _18226_/COUT (sky130_fd_sc_hd__fa_1)
                                         _00122_ (net)
                  0.12    0.00    9.48 v _16899_/A2 (sky130_fd_sc_hd__a211oi_1)
     2    0.01    0.34    0.38    9.87 ^ _16899_/Y (sky130_fd_sc_hd__a211oi_1)
                                         _02687_ (net)
                  0.34    0.00    9.87 ^ _16901_/A2 (sky130_fd_sc_hd__o21bai_1)
     2    0.01    0.13    0.17   10.03 v _16901_/Y (sky130_fd_sc_hd__o21bai_1)
                                         _02689_ (net)
                  0.13    0.00   10.03 v _16902_/A2 (sky130_fd_sc_hd__a21oi_1)
     4    0.02    0.42    0.40   10.44 ^ _16902_/Y (sky130_fd_sc_hd__a21oi_1)
                                         _02690_ (net)
                  0.42    0.00   10.44 ^ _17018_/A (sky130_fd_sc_hd__nor2_1)
     1    0.00    0.09    0.11   10.55 v _17018_/Y (sky130_fd_sc_hd__nor2_1)
                                         _02806_ (net)
                  0.09    0.00   10.55 v _17019_/C1 (sky130_fd_sc_hd__a311oi_1)
     4    0.02    0.64    0.54   11.09 ^ _17019_/Y (sky130_fd_sc_hd__a311oi_1)
                                         _02807_ (net)
                  0.64    0.00   11.09 ^ _17020_/C1 (sky130_fd_sc_hd__o211ai_1)
     2    0.01    0.21    0.26   11.34 v _17020_/Y (sky130_fd_sc_hd__o211ai_1)
                                         _02808_ (net)
                  0.21    0.00   11.35 v _17072_/B (sky130_fd_sc_hd__nand4b_1)
     6    0.02    0.27    0.30   11.65 ^ _17072_/Y (sky130_fd_sc_hd__nand4b_1)
                                         _02860_ (net)
                  0.27    0.00   11.65 ^ _17073_/C (sky130_fd_sc_hd__nor3_1)
     1    0.01    0.08    0.10   11.74 v _17073_/Y (sky130_fd_sc_hd__nor3_1)
                                         _02861_ (net)
                  0.08    0.00   11.74 v place457/A (sky130_fd_sc_hd__buf_4)
    11    0.04    0.06    0.19   11.93 v place457/X (sky130_fd_sc_hd__buf_4)
                                         net456 (net)
                  0.06    0.00   11.93 v _17097_/A (sky130_fd_sc_hd__or3b_2)
     1    0.00    0.08    0.47   12.40 v _17097_/X (sky130_fd_sc_hd__or3b_2)
                                         _02882_ (net)
                  0.08    0.00   12.40 v _17099_/A3 (sky130_fd_sc_hd__a31oi_1)
     1    0.00    0.12    0.17   12.57 ^ _17099_/Y (sky130_fd_sc_hd__a31oi_1)
                                         _00842_ (net)
                  0.12    0.00   12.57 ^ mul_reduced_q[7]$_DFFE_PN0P_/D (sky130_fd_sc_hd__dfrtp_1)
                                 12.57   data arrival time

                         12.00   12.00   clock clk (rise edge)
                          0.00   12.00   clock source latency
     2    0.11    0.00    0.00   12.00 ^ clk (in)
                                         clk (net)
                  0.01    0.00   12.00 ^ clkbuf_0_clk/A (sky130_fd_sc_hd__clkbuf_16)
     4    0.16    0.17    0.21   12.21 ^ clkbuf_0_clk/X (sky130_fd_sc_hd__clkbuf_16)
                                         clknet_0_clk (net)
                  0.17    0.01   12.22 ^ clkbuf_2_2_0_clk/A (sky130_fd_sc_hd__clkbuf_16)
     8    0.16    0.17    0.27   12.49 ^ clkbuf_2_2_0_clk/X (sky130_fd_sc_hd__clkbuf_16)
                                         clknet_2_2_0_clk (net)
                  0.17    0.00   12.49 ^ clkbuf_5_21__f_clk/A (sky130_fd_sc_hd__clkbuf_16)
     6    0.15    0.16    0.26   12.76 ^ clkbuf_5_21__f_clk/X (sky130_fd_sc_hd__clkbuf_16)
                                         clknet_5_21__leaf_clk (net)
                  0.16    0.00   12.76 ^ clkbuf_leaf_249_clk/A (sky130_fd_sc_hd__clkbuf_16)
    10    0.04    0.06    0.18   12.94 ^ clkbuf_leaf_249_clk/X (sky130_fd_sc_hd__clkbuf_16)
                                         clknet_leaf_249_clk (net)
                  0.06    0.00   12.94 ^ mul_reduced_q[7]$_DFFE_PN0P_/CLK (sky130_fd_sc_hd__dfrtp_1)
                         -0.25   12.69   clock uncertainty
                          0.00   12.69   clock reconvergence pessimism
                         -0.08   12.62   library setup time
                                 12.62   data required time
-----------------------------------------------------------------------------
                                 12.62   data required time
                                -12.57   data arrival time
-----------------------------------------------------------------------------
                                  0.04   slack (MET)



==========================================================================
global route report_check_types -max_slew -max_cap -max_fanout -violators
--------------------------------------------------------------------------

==========================================================================
global route max_slew_check_slack
--------------------------------------------------------------------------
0.05718747898936272

==========================================================================
global route max_slew_check_limit
--------------------------------------------------------------------------
1.4944789409637451

==========================================================================
global route max_slew_check_slack_limit
--------------------------------------------------------------------------
0.0383

==========================================================================
global route max_fanout_check_slack
--------------------------------------------------------------------------
1.0000000150474662e+30

==========================================================================
global route max_fanout_check_limit
--------------------------------------------------------------------------
1.0000000150474662e+30

==========================================================================
global route max_capacitance_check_slack
--------------------------------------------------------------------------
0.0022071441635489464

==========================================================================
global route max_capacitance_check_limit
--------------------------------------------------------------------------
0.0860700011253357

==========================================================================
global route max_capacitance_check_slack_limit
--------------------------------------------------------------------------
0.0256

==========================================================================
global route max_slew_violation_count
--------------------------------------------------------------------------
max slew violation count 0

==========================================================================
global route max_fanout_violation_count
--------------------------------------------------------------------------
max fanout violation count 0

==========================================================================
global route max_cap_violation_count
--------------------------------------------------------------------------
max cap violation count 0

==========================================================================
global route setup_violation_count
--------------------------------------------------------------------------
setup violation count 0

==========================================================================
global route hold_violation_count
--------------------------------------------------------------------------
hold violation count 0

==========================================================================
global route report_checks -path_delay max reg to reg
--------------------------------------------------------------------------
Startpoint: product_q[5]$_DFFE_PN0P_
            (rising edge-triggered flip-flop clocked by clk)
Endpoint: mul_reduced_q[7]$_DFFE_PN0P_
          (rising edge-triggered flip-flop clocked by clk)
Path Group: clk
Path Type: max

  Delay    Time   Description
---------------------------------------------------------
   0.00    0.00   clock clk (rise edge)
   0.00    0.00   clock source latency
   0.00    0.00 ^ clk (in)
   0.21    0.21 ^ clkbuf_0_clk/X (sky130_fd_sc_hd__clkbuf_16)
   0.28    0.49 ^ clkbuf_2_2_0_clk/X (sky130_fd_sc_hd__clkbuf_16)
   0.26    0.75 ^ clkbuf_5_20__f_clk/X (sky130_fd_sc_hd__clkbuf_16)
   0.17    0.92 ^ clkbuf_leaf_251_clk/X (sky130_fd_sc_hd__clkbuf_16)
   0.00    0.92 ^ product_q[5]$_DFFE_PN0P_/CLK (sky130_fd_sc_hd__dfrtp_1)
   0.57    1.49 v product_q[5]$_DFFE_PN0P_/Q (sky130_fd_sc_hd__dfrtp_1)
   0.67    2.17 ^ _18225_/SUM (sky130_fd_sc_hd__fa_1)
   0.44    2.60 v _18151_/SUM (sky130_fd_sc_hd__fa_1)
   0.33    2.93 v _18580_/SUM (sky130_fd_sc_hd__ha_1)
   0.43    3.36 v _18304_/COUT (sky130_fd_sc_hd__fa_1)
   0.51    3.87 v _18193_/SUM (sky130_fd_sc_hd__fa_1)
   0.32    4.18 v _18642_/SUM (sky130_fd_sc_hd__ha_1)
   0.20    4.38 v _09706_/X (sky130_fd_sc_hd__a21o_1)
   0.38    4.76 ^ _09707_/Y (sky130_fd_sc_hd__a211oi_1)
   0.28    5.04 v _09709_/Y (sky130_fd_sc_hd__o211ai_1)
   0.45    5.49 ^ _09714_/Y (sky130_fd_sc_hd__a221oi_1)
   0.18    5.67 v _09816_/Y (sky130_fd_sc_hd__o21bai_1)
   0.29    5.96 ^ _09825_/Y (sky130_fd_sc_hd__a41oi_1)
   0.24    6.20 v _09826_/Y (sky130_fd_sc_hd__xnor2_1)
   0.63    6.83 ^ _18199_/SUM (sky130_fd_sc_hd__fa_1)
   0.10    6.93 v _17275_/Y (sky130_fd_sc_hd__inv_1)
   0.59    7.52 ^ _18224_/SUM (sky130_fd_sc_hd__fa_1)
   0.06    7.59 v _09744_/Y (sky130_fd_sc_hd__inv_1)
   0.30    7.88 v _18779_/SUM (sky130_fd_sc_hd__ha_1)
   0.32    8.20 v _18740_/SUM (sky130_fd_sc_hd__ha_1)
   0.30    8.50 ^ _18547_/SUM (sky130_fd_sc_hd__ha_1)
   0.05    8.54 v _10287_/Y (sky130_fd_sc_hd__inv_1)
   0.21    8.75 v _18519_/COUT (sky130_fd_sc_hd__ha_1)
   0.30    9.05 v _09757_/X (sky130_fd_sc_hd__or2_2)
   0.43    9.48 v _18226_/COUT (sky130_fd_sc_hd__fa_1)
   0.38    9.87 ^ _16899_/Y (sky130_fd_sc_hd__a211oi_1)
   0.17   10.03 v _16901_/Y (sky130_fd_sc_hd__o21bai_1)
   0.40   10.44 ^ _16902_/Y (sky130_fd_sc_hd__a21oi_1)
   0.11   10.55 v _17018_/Y (sky130_fd_sc_hd__nor2_1)
   0.54   11.09 ^ _17019_/Y (sky130_fd_sc_hd__a311oi_1)
   0.26   11.34 v _17020_/Y (sky130_fd_sc_hd__o211ai_1)
   0.30   11.65 ^ _17072_/Y (sky130_fd_sc_hd__nand4b_1)
   0.10   11.74 v _17073_/Y (sky130_fd_sc_hd__nor3_1)
   0.19   11.93 v place457/X (sky130_fd_sc_hd__buf_4)
   0.48   12.40 v _17097_/X (sky130_fd_sc_hd__or3b_2)
   0.17   12.57 ^ _17099_/Y (sky130_fd_sc_hd__a31oi_1)
   0.00   12.57 ^ mul_reduced_q[7]$_DFFE_PN0P_/D (sky130_fd_sc_hd__dfrtp_1)
          12.57   data arrival time

  12.00   12.00   clock clk (rise edge)
   0.00   12.00   clock source latency
   0.00   12.00 ^ clk (in)
   0.21   12.21 ^ clkbuf_0_clk/X (sky130_fd_sc_hd__clkbuf_16)
   0.28   12.49 ^ clkbuf_2_2_0_clk/X (sky130_fd_sc_hd__clkbuf_16)
   0.27   12.76 ^ clkbuf_5_21__f_clk/X (sky130_fd_sc_hd__clkbuf_16)
   0.18   12.94 ^ clkbuf_leaf_249_clk/X (sky130_fd_sc_hd__clkbuf_16)
   0.00   12.94 ^ mul_reduced_q[7]$_DFFE_PN0P_/CLK (sky130_fd_sc_hd__dfrtp_1)
  -0.25   12.69   clock uncertainty
   0.00   12.69   clock reconvergence pessimism
  -0.08   12.62   library setup time
          12.62   data required time
---------------------------------------------------------
          12.62   data required time
         -12.57   data arrival time
---------------------------------------------------------
           0.04   slack (MET)



==========================================================================
global route report_checks -path_delay min reg to reg
--------------------------------------------------------------------------
Startpoint: st[15]$_DFF_PN0_ (rising edge-triggered flip-flop clocked by clk)
Endpoint: done$_DFF_PN0_ (rising edge-triggered flip-flop clocked by clk)
Path Group: clk
Path Type: min

  Delay    Time   Description
---------------------------------------------------------
   0.00    0.00   clock clk (rise edge)
   0.00    0.00   clock source latency
   0.00    0.00 ^ clk (in)
   0.21    0.21 ^ clkbuf_0_clk/X (sky130_fd_sc_hd__clkbuf_16)
   0.28    0.49 ^ clkbuf_2_2_0_clk/X (sky130_fd_sc_hd__clkbuf_16)
   0.25    0.74 ^ clkbuf_5_23__f_clk/X (sky130_fd_sc_hd__clkbuf_16)
   0.18    0.93 ^ clkbuf_leaf_205_clk/X (sky130_fd_sc_hd__clkbuf_16)
   0.00    0.93 ^ st[15]$_DFF_PN0_/CLK (sky130_fd_sc_hd__dfrtp_1)
   0.37    1.29 ^ st[15]$_DFF_PN0_/Q (sky130_fd_sc_hd__dfrtp_1)
   0.00    1.29 ^ done$_DFF_PN0_/D (sky130_fd_sc_hd__dfrtp_1)
           1.29   data arrival time

   0.00    0.00   clock clk (rise edge)
   0.00    0.00   clock source latency
   0.00    0.00 ^ clk (in)
   0.21    0.21 ^ clkbuf_0_clk/X (sky130_fd_sc_hd__clkbuf_16)
   0.28    0.49 ^ clkbuf_2_2_0_clk/X (sky130_fd_sc_hd__clkbuf_16)
   0.25    0.74 ^ clkbuf_5_23__f_clk/X (sky130_fd_sc_hd__clkbuf_16)
   0.18    0.93 ^ clkbuf_leaf_205_clk/X (sky130_fd_sc_hd__clkbuf_16)
   0.00    0.93 ^ done$_DFF_PN0_/CLK (sky130_fd_sc_hd__dfrtp_1)
   0.25    1.18   clock uncertainty
   0.00    1.18   clock reconvergence pessimism
  -0.04    1.13   library hold time
           1.13   data required time
---------------------------------------------------------
           1.13   data required time
          -1.29   data arrival time
---------------------------------------------------------
           0.16   slack (MET)



==========================================================================
global route critical path target clock latency max path
--------------------------------------------------------------------------
0.9225

==========================================================================
global route critical path target clock latency min path
--------------------------------------------------------------------------
0.9279

==========================================================================
global route critical path source clock latency min path
--------------------------------------------------------------------------
0.0000

==========================================================================
global route critical path delay
--------------------------------------------------------------------------
12.5734

==========================================================================
global route critical path slack
--------------------------------------------------------------------------
0.0433

==========================================================================
global route slack div critical path delay
--------------------------------------------------------------------------
0.344378

==========================================================================
global route report_power
--------------------------------------------------------------------------
Group                  Internal  Switching    Leakage      Total
                          Power      Power      Power      Power (Watts)
----------------------------------------------------------------
Sequential             1.39e-02   6.09e-04   3.00e-08   1.45e-02   9.6%
Combinational          4.49e-02   7.98e-02   2.76e-08   1.25e-01  82.8%
Clock                  6.38e-03   5.10e-03   5.59e-09   1.15e-02   7.6%
Macro                  0.00e+00   0.00e+00   0.00e+00   0.00e+00   0.0%
Pad                    0.00e+00   0.00e+00   0.00e+00   0.00e+00   0.0%
----------------------------------------------------------------
Total                  6.52e-02   8.55e-02   6.32e-08   1.51e-01 100.0%
                          43.3%      56.7%       0.0%
