
==========================================================================
finish report_tns
--------------------------------------------------------------------------
tns max 0.00

==========================================================================
finish report_wns
--------------------------------------------------------------------------
wns max 0.00

==========================================================================
finish report_worst_slack
--------------------------------------------------------------------------
worst slack max 0.72

==========================================================================
finish report_clock_min_period
--------------------------------------------------------------------------
clk period_min = 11.28 fmax = 88.64

==========================================================================
finish report_clock_skew
--------------------------------------------------------------------------
Clock clk
   0.95 source latency u_coeff_ram.mem[229][9]$_DFFE_PP_/CLK ^
  -0.89 target latency u_coeff_ram.rdata[9]$_DFFE_PN_/CLK ^
   0.25 clock uncertainty
   0.00 CRPR
--------------
   0.31 setup skew


==========================================================================
finish report_checks -path_delay min
--------------------------------------------------------------------------
Startpoint: st[15]$_DFF_PN0_ (rising edge-triggered flip-flop clocked by clk)
Endpoint: done$_DFF_PN0_ (rising edge-triggered flip-flop clocked by clk)
Path Group: clk
Path Type: min

Fanout     Cap    Slew   Delay    Time   Description
-----------------------------------------------------------------------------
                          0.00    0.00   clock clk (rise edge)
                          0.00    0.00   clock source latency
     2    0.09    0.00    0.00    0.00 ^ clk (in)
                                         clk (net)
                  0.01    0.00    0.00 ^ clkbuf_0_clk/A (sky130_fd_sc_hd__clkbuf_16)
     4    0.15    0.16    0.21    0.21 ^ clkbuf_0_clk/X (sky130_fd_sc_hd__clkbuf_16)
                                         clknet_0_clk (net)
                  0.16    0.00    0.21 ^ clkbuf_2_2_0_clk/A (sky130_fd_sc_hd__clkbuf_16)
     8    0.15    0.16    0.26    0.48 ^ clkbuf_2_2_0_clk/X (sky130_fd_sc_hd__clkbuf_16)
                                         clknet_2_2_0_clk (net)
                  0.16    0.00    0.48 ^ clkbuf_5_23__f_clk/A (sky130_fd_sc_hd__clkbuf_16)
     9    0.12    0.13    0.24    0.72 ^ clkbuf_5_23__f_clk/X (sky130_fd_sc_hd__clkbuf_16)
                                         clknet_5_23__leaf_clk (net)
                  0.13    0.01    0.72 ^ clkbuf_leaf_205_clk/A (sky130_fd_sc_hd__clkbuf_16)
    12    0.04    0.06    0.17    0.90 ^ clkbuf_leaf_205_clk/X (sky130_fd_sc_hd__clkbuf_16)
                                         clknet_leaf_205_clk (net)
                  0.06    0.00    0.90 ^ st[15]$_DFF_PN0_/CLK (sky130_fd_sc_hd__dfrtp_1)
     2    0.01    0.08    0.35    1.25 ^ st[15]$_DFF_PN0_/Q (sky130_fd_sc_hd__dfrtp_1)
                                         st[15] (net)
                  0.08    0.00    1.25 ^ done$_DFF_PN0_/D (sky130_fd_sc_hd__dfrtp_1)
                                  1.25   data arrival time

                          0.00    0.00   clock clk (rise edge)
                          0.00    0.00   clock source latency
     2    0.09    0.00    0.00    0.00 ^ clk (in)
                                         clk (net)
                  0.01    0.00    0.00 ^ clkbuf_0_clk/A (sky130_fd_sc_hd__clkbuf_16)
     4    0.15    0.16    0.21    0.21 ^ clkbuf_0_clk/X (sky130_fd_sc_hd__clkbuf_16)
                                         clknet_0_clk (net)
                  0.16    0.00    0.21 ^ clkbuf_2_2_0_clk/A (sky130_fd_sc_hd__clkbuf_16)
     8    0.15    0.16    0.26    0.48 ^ clkbuf_2_2_0_clk/X (sky130_fd_sc_hd__clkbuf_16)
                                         clknet_2_2_0_clk (net)
                  0.16    0.00    0.48 ^ clkbuf_5_23__f_clk/A (sky130_fd_sc_hd__clkbuf_16)
     9    0.12    0.13    0.24    0.72 ^ clkbuf_5_23__f_clk/X (sky130_fd_sc_hd__clkbuf_16)
                                         clknet_5_23__leaf_clk (net)
                  0.13    0.01    0.72 ^ clkbuf_leaf_205_clk/A (sky130_fd_sc_hd__clkbuf_16)
    12    0.04    0.06    0.17    0.90 ^ clkbuf_leaf_205_clk/X (sky130_fd_sc_hd__clkbuf_16)
                                         clknet_leaf_205_clk (net)
                  0.06    0.00    0.90 ^ done$_DFF_PN0_/CLK (sky130_fd_sc_hd__dfrtp_1)
                          0.25    1.15   clock uncertainty
                          0.00    1.15   clock reconvergence pessimism
                         -0.04    1.11   library hold time
                                  1.11   data required time
-----------------------------------------------------------------------------
                                  1.11   data required time
                                 -1.25   data arrival time
-----------------------------------------------------------------------------
                                  0.14   slack (MET)



==========================================================================
finish report_checks -path_delay max
--------------------------------------------------------------------------
Startpoint: product_q[6]$_DFFE_PN0P_
            (rising edge-triggered flip-flop clocked by clk)
Endpoint: mul_reduced_q[7]$_DFFE_PN0P_
          (rising edge-triggered flip-flop clocked by clk)
Path Group: clk
Path Type: max

Fanout     Cap    Slew   Delay    Time   Description
-----------------------------------------------------------------------------
                          0.00    0.00   clock clk (rise edge)
                          0.00    0.00   clock source latency
     2    0.09    0.00    0.00    0.00 ^ clk (in)
                                         clk (net)
                  0.01    0.00    0.00 ^ clkbuf_0_clk/A (sky130_fd_sc_hd__clkbuf_16)
     4    0.15    0.16    0.21    0.21 ^ clkbuf_0_clk/X (sky130_fd_sc_hd__clkbuf_16)
                                         clknet_0_clk (net)
                  0.16    0.00    0.21 ^ clkbuf_2_2_0_clk/A (sky130_fd_sc_hd__clkbuf_16)
     8    0.15    0.16    0.26    0.48 ^ clkbuf_2_2_0_clk/X (sky130_fd_sc_hd__clkbuf_16)
                                         clknet_2_2_0_clk (net)
                  0.16    0.00    0.48 ^ clkbuf_5_20__f_clk/A (sky130_fd_sc_hd__clkbuf_16)
     8    0.13    0.14    0.24    0.72 ^ clkbuf_5_20__f_clk/X (sky130_fd_sc_hd__clkbuf_16)
                                         clknet_5_20__leaf_clk (net)
                  0.14    0.01    0.73 ^ clkbuf_leaf_251_clk/A (sky130_fd_sc_hd__clkbuf_16)
     5    0.03    0.05    0.17    0.90 ^ clkbuf_leaf_251_clk/X (sky130_fd_sc_hd__clkbuf_16)
                                         clknet_leaf_251_clk (net)
                  0.05    0.00    0.90 ^ product_q[6]$_DFFE_PN0P_/CLK (sky130_fd_sc_hd__dfrtp_1)
     7    0.05    0.26    0.55    1.44 v product_q[6]$_DFFE_PN0P_/Q (sky130_fd_sc_hd__dfrtp_1)
                                         g_b1.u_red.a[6] (net)
                  0.26    0.00    1.45 v _18212_/A (sky130_fd_sc_hd__fa_1)
     2    0.01    0.11    0.65    2.10 ^ _18212_/SUM (sky130_fd_sc_hd__fa_1)
                                         _08900_ (net)
                  0.11    0.00    2.10 ^ _18145_/CIN (sky130_fd_sc_hd__fa_1)
     1    0.00    0.08    0.43    2.53 v _18145_/SUM (sky130_fd_sc_hd__fa_1)
                                         _08902_ (net)
                  0.08    0.00    2.53 v _18489_/B (sky130_fd_sc_hd__ha_1)
     1    0.01    0.07    0.31    2.84 v _18489_/SUM (sky130_fd_sc_hd__ha_1)
                                         _09368_ (net)
                  0.07    0.00    2.84 v _18314_/CIN (sky130_fd_sc_hd__fa_1)
     1    0.01    0.08    0.51    3.35 ^ _18314_/SUM (sky130_fd_sc_hd__fa_1)
                                         _09058_ (net)
                  0.08    0.00    3.35 ^ _18193_/B (sky130_fd_sc_hd__fa_1)
     1    0.00    0.08    0.42    3.77 v _18193_/SUM (sky130_fd_sc_hd__fa_1)
                                         _09061_ (net)
                  0.08    0.00    3.77 v _18642_/B (sky130_fd_sc_hd__ha_1)
     2    0.01    0.07    0.30    4.07 v _18642_/SUM (sky130_fd_sc_hd__ha_1)
                                         _00540_ (net)
                  0.07    0.00    4.07 v _09706_/A2 (sky130_fd_sc_hd__a21o_1)
     1    0.00    0.04    0.19    4.26 v _09706_/X (sky130_fd_sc_hd__a21o_1)
                                         _03581_ (net)
                  0.04    0.00    4.26 v _09707_/A2 (sky130_fd_sc_hd__a211oi_1)
     2    0.01    0.34    0.34    4.60 ^ _09707_/Y (sky130_fd_sc_hd__a211oi_1)
                                         _03582_ (net)
                  0.34    0.00    4.60 ^ _09709_/B1 (sky130_fd_sc_hd__o211ai_1)
     2    0.02    0.20    0.26    4.86 v _09709_/Y (sky130_fd_sc_hd__o211ai_1)
                                         _03584_ (net)
                  0.20    0.00    4.86 v _09714_/A1 (sky130_fd_sc_hd__a221oi_1)
     2    0.01    0.33    0.39    5.26 ^ _09714_/Y (sky130_fd_sc_hd__a221oi_1)
                                         _03589_ (net)
                  0.33    0.00    5.26 ^ _09816_/A1 (sky130_fd_sc_hd__o21bai_1)
     1    0.01    0.09    0.14    5.40 v _09816_/Y (sky130_fd_sc_hd__o21bai_1)
                                         _03640_ (net)
                  0.09    0.00    5.40 v _09825_/A4 (sky130_fd_sc_hd__a41oi_1)
     1    0.01    0.21    0.26    5.66 ^ _09825_/Y (sky130_fd_sc_hd__a41oi_1)
                                         _03649_ (net)
                  0.21    0.00    5.66 ^ _09826_/B (sky130_fd_sc_hd__xnor2_1)
     2    0.03    0.21    0.23    5.88 v _09826_/Y (sky130_fd_sc_hd__xnor2_1)
                                         g_b1.u_red.prod[24] (net)
                  0.21    0.00    5.89 v _18199_/A (sky130_fd_sc_hd__fa_1)
     2    0.01    0.09    0.62    6.50 ^ _18199_/SUM (sky130_fd_sc_hd__fa_1)
                                         _00096_ (net)
                  0.09    0.00    6.50 ^ _17275_/A (sky130_fd_sc_hd__inv_1)
     2    0.01    0.06    0.08    6.59 v _17275_/Y (sky130_fd_sc_hd__inv_1)
                                         _00117_ (net)
                  0.06    0.00    6.59 v _18224_/A (sky130_fd_sc_hd__fa_1)
     2    0.01    0.10    0.57    7.16 ^ _18224_/SUM (sky130_fd_sc_hd__fa_1)
                                         _00119_ (net)
                  0.10    0.00    7.16 ^ _09744_/A (sky130_fd_sc_hd__inv_1)
     1    0.00    0.03    0.05    7.21 v _09744_/Y (sky130_fd_sc_hd__inv_1)
                                         _00718_ (net)
                  0.03    0.00    7.21 v _18779_/B (sky130_fd_sc_hd__ha_1)
     2    0.01    0.07    0.29    7.50 v _18779_/SUM (sky130_fd_sc_hd__ha_1)
                                         _00675_ (net)
                  0.07    0.00    7.50 v _18740_/B (sky130_fd_sc_hd__ha_1)
     2    0.01    0.07    0.30    7.80 v _18740_/SUM (sky130_fd_sc_hd__ha_1)
                                         _00402_ (net)
                  0.07    0.00    7.80 v _18547_/B (sky130_fd_sc_hd__ha_1)
     1    0.00    0.05    0.28    8.08 ^ _18547_/SUM (sky130_fd_sc_hd__ha_1)
                                         _00403_ (net)
                  0.05    0.00    8.08 ^ _10287_/A (sky130_fd_sc_hd__inv_1)
     1    0.00    0.03    0.04    8.12 v _10287_/Y (sky130_fd_sc_hd__inv_1)
                                         _00356_ (net)
                  0.03    0.00    8.12 v _18519_/B (sky130_fd_sc_hd__ha_1)
     3    0.01    0.07    0.19    8.31 v _18519_/COUT (sky130_fd_sc_hd__ha_1)
                                         _00357_ (net)
                  0.07    0.00    8.31 v _09757_/B (sky130_fd_sc_hd__or2_2)
     1    0.01    0.06    0.29    8.60 v _09757_/X (sky130_fd_sc_hd__or2_2)
                                         _00121_ (net)
                  0.06    0.00    8.60 v _18226_/CIN (sky130_fd_sc_hd__fa_1)
     3    0.01    0.11    0.42    9.03 v _18226_/COUT (sky130_fd_sc_hd__fa_1)
                                         _00122_ (net)
                  0.11    0.00    9.03 v _16899_/A2 (sky130_fd_sc_hd__a211oi_1)
     2    0.01    0.37    0.40    9.42 ^ _16899_/Y (sky130_fd_sc_hd__a211oi_1)
                                         _02687_ (net)
                  0.37    0.00    9.43 ^ _16901_/A2 (sky130_fd_sc_hd__o21bai_1)
     2    0.01    0.11    0.16    9.59 v _16901_/Y (sky130_fd_sc_hd__o21bai_1)
                                         _02689_ (net)
                  0.11    0.00    9.59 v _16902_/A2 (sky130_fd_sc_hd__a21oi_1)
     4    0.02    0.37    0.36    9.95 ^ _16902_/Y (sky130_fd_sc_hd__a21oi_1)
                                         _02690_ (net)
                  0.37    0.00    9.95 ^ _17018_/A (sky130_fd_sc_hd__nor2_1)
     1    0.00    0.08    0.11   10.05 v _17018_/Y (sky130_fd_sc_hd__nor2_1)
                                         _02806_ (net)
                  0.08    0.00   10.05 v _17019_/C1 (sky130_fd_sc_hd__a311oi_1)
     4    0.01    0.51    0.44   10.49 ^ _17019_/Y (sky130_fd_sc_hd__a311oi_1)
                                         _02807_ (net)
                  0.51    0.00   10.49 ^ _17020_/C1 (sky130_fd_sc_hd__o211ai_1)
     2    0.01    0.18    0.22   10.71 v _17020_/Y (sky130_fd_sc_hd__o211ai_1)
                                         _02808_ (net)
                  0.18    0.00   10.71 v _17072_/B (sky130_fd_sc_hd__nand4b_1)
     6    0.02    0.25    0.27   10.98 ^ _17072_/Y (sky130_fd_sc_hd__nand4b_1)
                                         _02860_ (net)
                  0.25    0.00   10.98 ^ _17073_/C (sky130_fd_sc_hd__nor3_1)
     1    0.00    0.07    0.09   11.06 v _17073_/Y (sky130_fd_sc_hd__nor3_1)
                                         _02861_ (net)
                  0.07    0.00   11.06 v place457/A (sky130_fd_sc_hd__buf_4)
    11    0.03    0.06    0.18   11.24 v place457/X (sky130_fd_sc_hd__buf_4)
                                         net456 (net)
                  0.06    0.00   11.24 v _17097_/A (sky130_fd_sc_hd__or3b_2)
     1    0.00    0.08    0.46   11.70 v _17097_/X (sky130_fd_sc_hd__or3b_2)
                                         _02882_ (net)
                  0.08    0.00   11.70 v _17099_/A3 (sky130_fd_sc_hd__a31oi_1)
     1    0.00    0.12    0.16   11.86 ^ _17099_/Y (sky130_fd_sc_hd__a31oi_1)
                                         _00842_ (net)
                  0.12    0.00   11.86 ^ mul_reduced_q[7]$_DFFE_PN0P_/D (sky130_fd_sc_hd__dfrtp_1)
                                 11.86   data arrival time

                         12.00   12.00   clock clk (rise edge)
                          0.00   12.00   clock source latency
     2    0.09    0.00    0.00   12.00 ^ clk (in)
                                         clk (net)
                  0.01    0.00   12.00 ^ clkbuf_0_clk/A (sky130_fd_sc_hd__clkbuf_16)
     4    0.15    0.16    0.21   12.21 ^ clkbuf_0_clk/X (sky130_fd_sc_hd__clkbuf_16)
                                         clknet_0_clk (net)
                  0.16    0.00   12.21 ^ clkbuf_2_2_0_clk/A (sky130_fd_sc_hd__clkbuf_16)
     8    0.15    0.16    0.26   12.48 ^ clkbuf_2_2_0_clk/X (sky130_fd_sc_hd__clkbuf_16)
                                         clknet_2_2_0_clk (net)
                  0.16    0.00   12.48 ^ clkbuf_5_21__f_clk/A (sky130_fd_sc_hd__clkbuf_16)
     6    0.14    0.15    0.25   12.73 ^ clkbuf_5_21__f_clk/X (sky130_fd_sc_hd__clkbuf_16)
                                         clknet_5_21__leaf_clk (net)
                  0.15    0.00   12.74 ^ clkbuf_leaf_249_clk/A (sky130_fd_sc_hd__clkbuf_16)
    10    0.03    0.05    0.17   12.91 ^ clkbuf_leaf_249_clk/X (sky130_fd_sc_hd__clkbuf_16)
                                         clknet_leaf_249_clk (net)
                  0.05    0.00   12.91 ^ mul_reduced_q[7]$_DFFE_PN0P_/CLK (sky130_fd_sc_hd__dfrtp_1)
                         -0.25   12.66   clock uncertainty
                          0.00   12.66   clock reconvergence pessimism
                         -0.08   12.58   library setup time
                                 12.58   data required time
-----------------------------------------------------------------------------
                                 12.58   data required time
                                -11.86   data arrival time
-----------------------------------------------------------------------------
                                  0.72   slack (MET)



==========================================================================
finish report_checks -unconstrained
--------------------------------------------------------------------------
Startpoint: product_q[6]$_DFFE_PN0P_
            (rising edge-triggered flip-flop clocked by clk)
Endpoint: mul_reduced_q[7]$_DFFE_PN0P_
          (rising edge-triggered flip-flop clocked by clk)
Path Group: clk
Path Type: max

Fanout     Cap    Slew   Delay    Time   Description
-----------------------------------------------------------------------------
                          0.00    0.00   clock clk (rise edge)
                          0.00    0.00   clock source latency
     2    0.09    0.00    0.00    0.00 ^ clk (in)
                                         clk (net)
                  0.01    0.00    0.00 ^ clkbuf_0_clk/A (sky130_fd_sc_hd__clkbuf_16)
     4    0.15    0.16    0.21    0.21 ^ clkbuf_0_clk/X (sky130_fd_sc_hd__clkbuf_16)
                                         clknet_0_clk (net)
                  0.16    0.00    0.21 ^ clkbuf_2_2_0_clk/A (sky130_fd_sc_hd__clkbuf_16)
     8    0.15    0.16    0.26    0.48 ^ clkbuf_2_2_0_clk/X (sky130_fd_sc_hd__clkbuf_16)
                                         clknet_2_2_0_clk (net)
                  0.16    0.00    0.48 ^ clkbuf_5_20__f_clk/A (sky130_fd_sc_hd__clkbuf_16)
     8    0.13    0.14    0.24    0.72 ^ clkbuf_5_20__f_clk/X (sky130_fd_sc_hd__clkbuf_16)
                                         clknet_5_20__leaf_clk (net)
                  0.14    0.01    0.73 ^ clkbuf_leaf_251_clk/A (sky130_fd_sc_hd__clkbuf_16)
     5    0.03    0.05    0.17    0.90 ^ clkbuf_leaf_251_clk/X (sky130_fd_sc_hd__clkbuf_16)
                                         clknet_leaf_251_clk (net)
                  0.05    0.00    0.90 ^ product_q[6]$_DFFE_PN0P_/CLK (sky130_fd_sc_hd__dfrtp_1)
     7    0.05    0.26    0.55    1.44 v product_q[6]$_DFFE_PN0P_/Q (sky130_fd_sc_hd__dfrtp_1)
                                         g_b1.u_red.a[6] (net)
                  0.26    0.00    1.45 v _18212_/A (sky130_fd_sc_hd__fa_1)
     2    0.01    0.11    0.65    2.10 ^ _18212_/SUM (sky130_fd_sc_hd__fa_1)
                                         _08900_ (net)
                  0.11    0.00    2.10 ^ _18145_/CIN (sky130_fd_sc_hd__fa_1)
     1    0.00    0.08    0.43    2.53 v _18145_/SUM (sky130_fd_sc_hd__fa_1)
                                         _08902_ (net)
                  0.08    0.00    2.53 v _18489_/B (sky130_fd_sc_hd__ha_1)
     1    0.01    0.07    0.31    2.84 v _18489_/SUM (sky130_fd_sc_hd__ha_1)
                                         _09368_ (net)
                  0.07    0.00    2.84 v _18314_/CIN (sky130_fd_sc_hd__fa_1)
     1    0.01    0.08    0.51    3.35 ^ _18314_/SUM (sky130_fd_sc_hd__fa_1)
                                         _09058_ (net)
                  0.08    0.00    3.35 ^ _18193_/B (sky130_fd_sc_hd__fa_1)
     1    0.00    0.08    0.42    3.77 v _18193_/SUM (sky130_fd_sc_hd__fa_1)
                                         _09061_ (net)
                  0.08    0.00    3.77 v _18642_/B (sky130_fd_sc_hd__ha_1)
     2    0.01    0.07    0.30    4.07 v _18642_/SUM (sky130_fd_sc_hd__ha_1)
                                         _00540_ (net)
                  0.07    0.00    4.07 v _09706_/A2 (sky130_fd_sc_hd__a21o_1)
     1    0.00    0.04    0.19    4.26 v _09706_/X (sky130_fd_sc_hd__a21o_1)
                                         _03581_ (net)
                  0.04    0.00    4.26 v _09707_/A2 (sky130_fd_sc_hd__a211oi_1)
     2    0.01    0.34    0.34    4.60 ^ _09707_/Y (sky130_fd_sc_hd__a211oi_1)
                                         _03582_ (net)
                  0.34    0.00    4.60 ^ _09709_/B1 (sky130_fd_sc_hd__o211ai_1)
     2    0.02    0.20    0.26    4.86 v _09709_/Y (sky130_fd_sc_hd__o211ai_1)
                                         _03584_ (net)
                  0.20    0.00    4.86 v _09714_/A1 (sky130_fd_sc_hd__a221oi_1)
     2    0.01    0.33    0.39    5.26 ^ _09714_/Y (sky130_fd_sc_hd__a221oi_1)
                                         _03589_ (net)
                  0.33    0.00    5.26 ^ _09816_/A1 (sky130_fd_sc_hd__o21bai_1)
     1    0.01    0.09    0.14    5.40 v _09816_/Y (sky130_fd_sc_hd__o21bai_1)
                                         _03640_ (net)
                  0.09    0.00    5.40 v _09825_/A4 (sky130_fd_sc_hd__a41oi_1)
     1    0.01    0.21    0.26    5.66 ^ _09825_/Y (sky130_fd_sc_hd__a41oi_1)
                                         _03649_ (net)
                  0.21    0.00    5.66 ^ _09826_/B (sky130_fd_sc_hd__xnor2_1)
     2    0.03    0.21    0.23    5.88 v _09826_/Y (sky130_fd_sc_hd__xnor2_1)
                                         g_b1.u_red.prod[24] (net)
                  0.21    0.00    5.89 v _18199_/A (sky130_fd_sc_hd__fa_1)
     2    0.01    0.09    0.62    6.50 ^ _18199_/SUM (sky130_fd_sc_hd__fa_1)
                                         _00096_ (net)
                  0.09    0.00    6.50 ^ _17275_/A (sky130_fd_sc_hd__inv_1)
     2    0.01    0.06    0.08    6.59 v _17275_/Y (sky130_fd_sc_hd__inv_1)
                                         _00117_ (net)
                  0.06    0.00    6.59 v _18224_/A (sky130_fd_sc_hd__fa_1)
     2    0.01    0.10    0.57    7.16 ^ _18224_/SUM (sky130_fd_sc_hd__fa_1)
                                         _00119_ (net)
                  0.10    0.00    7.16 ^ _09744_/A (sky130_fd_sc_hd__inv_1)
     1    0.00    0.03    0.05    7.21 v _09744_/Y (sky130_fd_sc_hd__inv_1)
                                         _00718_ (net)
                  0.03    0.00    7.21 v _18779_/B (sky130_fd_sc_hd__ha_1)
     2    0.01    0.07    0.29    7.50 v _18779_/SUM (sky130_fd_sc_hd__ha_1)
                                         _00675_ (net)
                  0.07    0.00    7.50 v _18740_/B (sky130_fd_sc_hd__ha_1)
     2    0.01    0.07    0.30    7.80 v _18740_/SUM (sky130_fd_sc_hd__ha_1)
                                         _00402_ (net)
                  0.07    0.00    7.80 v _18547_/B (sky130_fd_sc_hd__ha_1)
     1    0.00    0.05    0.28    8.08 ^ _18547_/SUM (sky130_fd_sc_hd__ha_1)
                                         _00403_ (net)
                  0.05    0.00    8.08 ^ _10287_/A (sky130_fd_sc_hd__inv_1)
     1    0.00    0.03    0.04    8.12 v _10287_/Y (sky130_fd_sc_hd__inv_1)
                                         _00356_ (net)
                  0.03    0.00    8.12 v _18519_/B (sky130_fd_sc_hd__ha_1)
     3    0.01    0.07    0.19    8.31 v _18519_/COUT (sky130_fd_sc_hd__ha_1)
                                         _00357_ (net)
                  0.07    0.00    8.31 v _09757_/B (sky130_fd_sc_hd__or2_2)
     1    0.01    0.06    0.29    8.60 v _09757_/X (sky130_fd_sc_hd__or2_2)
                                         _00121_ (net)
                  0.06    0.00    8.60 v _18226_/CIN (sky130_fd_sc_hd__fa_1)
     3    0.01    0.11    0.42    9.03 v _18226_/COUT (sky130_fd_sc_hd__fa_1)
                                         _00122_ (net)
                  0.11    0.00    9.03 v _16899_/A2 (sky130_fd_sc_hd__a211oi_1)
     2    0.01    0.37    0.40    9.42 ^ _16899_/Y (sky130_fd_sc_hd__a211oi_1)
                                         _02687_ (net)
                  0.37    0.00    9.43 ^ _16901_/A2 (sky130_fd_sc_hd__o21bai_1)
     2    0.01    0.11    0.16    9.59 v _16901_/Y (sky130_fd_sc_hd__o21bai_1)
                                         _02689_ (net)
                  0.11    0.00    9.59 v _16902_/A2 (sky130_fd_sc_hd__a21oi_1)
     4    0.02    0.37    0.36    9.95 ^ _16902_/Y (sky130_fd_sc_hd__a21oi_1)
                                         _02690_ (net)
                  0.37    0.00    9.95 ^ _17018_/A (sky130_fd_sc_hd__nor2_1)
     1    0.00    0.08    0.11   10.05 v _17018_/Y (sky130_fd_sc_hd__nor2_1)
                                         _02806_ (net)
                  0.08    0.00   10.05 v _17019_/C1 (sky130_fd_sc_hd__a311oi_1)
     4    0.01    0.51    0.44   10.49 ^ _17019_/Y (sky130_fd_sc_hd__a311oi_1)
                                         _02807_ (net)
                  0.51    0.00   10.49 ^ _17020_/C1 (sky130_fd_sc_hd__o211ai_1)
     2    0.01    0.18    0.22   10.71 v _17020_/Y (sky130_fd_sc_hd__o211ai_1)
                                         _02808_ (net)
                  0.18    0.00   10.71 v _17072_/B (sky130_fd_sc_hd__nand4b_1)
     6    0.02    0.25    0.27   10.98 ^ _17072_/Y (sky130_fd_sc_hd__nand4b_1)
                                         _02860_ (net)
                  0.25    0.00   10.98 ^ _17073_/C (sky130_fd_sc_hd__nor3_1)
     1    0.00    0.07    0.09   11.06 v _17073_/Y (sky130_fd_sc_hd__nor3_1)
                                         _02861_ (net)
                  0.07    0.00   11.06 v place457/A (sky130_fd_sc_hd__buf_4)
    11    0.03    0.06    0.18   11.24 v place457/X (sky130_fd_sc_hd__buf_4)
                                         net456 (net)
                  0.06    0.00   11.24 v _17097_/A (sky130_fd_sc_hd__or3b_2)
     1    0.00    0.08    0.46   11.70 v _17097_/X (sky130_fd_sc_hd__or3b_2)
                                         _02882_ (net)
                  0.08    0.00   11.70 v _17099_/A3 (sky130_fd_sc_hd__a31oi_1)
     1    0.00    0.12    0.16   11.86 ^ _17099_/Y (sky130_fd_sc_hd__a31oi_1)
                                         _00842_ (net)
                  0.12    0.00   11.86 ^ mul_reduced_q[7]$_DFFE_PN0P_/D (sky130_fd_sc_hd__dfrtp_1)
                                 11.86   data arrival time

                         12.00   12.00   clock clk (rise edge)
                          0.00   12.00   clock source latency
     2    0.09    0.00    0.00   12.00 ^ clk (in)
                                         clk (net)
                  0.01    0.00   12.00 ^ clkbuf_0_clk/A (sky130_fd_sc_hd__clkbuf_16)
     4    0.15    0.16    0.21   12.21 ^ clkbuf_0_clk/X (sky130_fd_sc_hd__clkbuf_16)
                                         clknet_0_clk (net)
                  0.16    0.00   12.21 ^ clkbuf_2_2_0_clk/A (sky130_fd_sc_hd__clkbuf_16)
     8    0.15    0.16    0.26   12.48 ^ clkbuf_2_2_0_clk/X (sky130_fd_sc_hd__clkbuf_16)
                                         clknet_2_2_0_clk (net)
                  0.16    0.00   12.48 ^ clkbuf_5_21__f_clk/A (sky130_fd_sc_hd__clkbuf_16)
     6    0.14    0.15    0.25   12.73 ^ clkbuf_5_21__f_clk/X (sky130_fd_sc_hd__clkbuf_16)
                                         clknet_5_21__leaf_clk (net)
                  0.15    0.00   12.74 ^ clkbuf_leaf_249_clk/A (sky130_fd_sc_hd__clkbuf_16)
    10    0.03    0.05    0.17   12.91 ^ clkbuf_leaf_249_clk/X (sky130_fd_sc_hd__clkbuf_16)
                                         clknet_leaf_249_clk (net)
                  0.05    0.00   12.91 ^ mul_reduced_q[7]$_DFFE_PN0P_/CLK (sky130_fd_sc_hd__dfrtp_1)
                         -0.25   12.66   clock uncertainty
                          0.00   12.66   clock reconvergence pessimism
                         -0.08   12.58   library setup time
                                 12.58   data required time
-----------------------------------------------------------------------------
                                 12.58   data required time
                                -11.86   data arrival time
-----------------------------------------------------------------------------
                                  0.72   slack (MET)



==========================================================================
finish report_check_types -max_slew -max_cap -max_fanout -violators
--------------------------------------------------------------------------

==========================================================================
finish max_slew_check_slack
--------------------------------------------------------------------------
0.13785594701766968

==========================================================================
finish max_slew_check_limit
--------------------------------------------------------------------------
1.4944789409637451

==========================================================================
finish max_slew_check_slack_limit
--------------------------------------------------------------------------
0.0922

==========================================================================
finish max_fanout_check_slack
--------------------------------------------------------------------------
1.0000000150474662e+30

==========================================================================
finish max_fanout_check_limit
--------------------------------------------------------------------------
1.0000000150474662e+30

==========================================================================
finish max_capacitance_check_slack
--------------------------------------------------------------------------
0.006402722094208002

==========================================================================
finish max_capacitance_check_limit
--------------------------------------------------------------------------
0.043954998254776

==========================================================================
finish max_capacitance_check_slack_limit
--------------------------------------------------------------------------
0.1457

==========================================================================
finish max_slew_violation_count
--------------------------------------------------------------------------
max slew violation count 0

==========================================================================
finish max_fanout_violation_count
--------------------------------------------------------------------------
max fanout violation count 0

==========================================================================
finish max_cap_violation_count
--------------------------------------------------------------------------
max cap violation count 0

==========================================================================
finish setup_violation_count
--------------------------------------------------------------------------
setup violation count 0

==========================================================================
finish hold_violation_count
--------------------------------------------------------------------------
hold violation count 0

==========================================================================
finish report_checks -path_delay max reg to reg
--------------------------------------------------------------------------
Startpoint: product_q[6]$_DFFE_PN0P_
            (rising edge-triggered flip-flop clocked by clk)
Endpoint: mul_reduced_q[7]$_DFFE_PN0P_
          (rising edge-triggered flip-flop clocked by clk)
Path Group: clk
Path Type: max

  Delay    Time   Description
---------------------------------------------------------
   0.00    0.00   clock clk (rise edge)
   0.00    0.00   clock source latency
   0.00    0.00 ^ clk (in)
   0.21    0.21 ^ clkbuf_0_clk/X (sky130_fd_sc_hd__clkbuf_16)
   0.27    0.48 ^ clkbuf_2_2_0_clk/X (sky130_fd_sc_hd__clkbuf_16)
   0.25    0.72 ^ clkbuf_5_20__f_clk/X (sky130_fd_sc_hd__clkbuf_16)
   0.17    0.90 ^ clkbuf_leaf_251_clk/X (sky130_fd_sc_hd__clkbuf_16)
   0.00    0.90 ^ product_q[6]$_DFFE_PN0P_/CLK (sky130_fd_sc_hd__dfrtp_1)
   0.55    1.44 v product_q[6]$_DFFE_PN0P_/Q (sky130_fd_sc_hd__dfrtp_1)
   0.65    2.10 ^ _18212_/SUM (sky130_fd_sc_hd__fa_1)
   0.43    2.53 v _18145_/SUM (sky130_fd_sc_hd__fa_1)
   0.31    2.84 v _18489_/SUM (sky130_fd_sc_hd__ha_1)
   0.51    3.35 ^ _18314_/SUM (sky130_fd_sc_hd__fa_1)
   0.42    3.77 v _18193_/SUM (sky130_fd_sc_hd__fa_1)
   0.30    4.07 v _18642_/SUM (sky130_fd_sc_hd__ha_1)
   0.19    4.26 v _09706_/X (sky130_fd_sc_hd__a21o_1)
   0.34    4.60 ^ _09707_/Y (sky130_fd_sc_hd__a211oi_1)
   0.26    4.86 v _09709_/Y (sky130_fd_sc_hd__o211ai_1)
   0.39    5.26 ^ _09714_/Y (sky130_fd_sc_hd__a221oi_1)
   0.14    5.40 v _09816_/Y (sky130_fd_sc_hd__o21bai_1)
   0.26    5.66 ^ _09825_/Y (sky130_fd_sc_hd__a41oi_1)
   0.23    5.88 v _09826_/Y (sky130_fd_sc_hd__xnor2_1)
   0.62    6.50 ^ _18199_/SUM (sky130_fd_sc_hd__fa_1)
   0.08    6.59 v _17275_/Y (sky130_fd_sc_hd__inv_1)
   0.57    7.16 ^ _18224_/SUM (sky130_fd_sc_hd__fa_1)
   0.05    7.21 v _09744_/Y (sky130_fd_sc_hd__inv_1)
   0.29    7.50 v _18779_/SUM (sky130_fd_sc_hd__ha_1)
   0.30    7.80 v _18740_/SUM (sky130_fd_sc_hd__ha_1)
   0.28    8.08 ^ _18547_/SUM (sky130_fd_sc_hd__ha_1)
   0.04    8.12 v _10287_/Y (sky130_fd_sc_hd__inv_1)
   0.19    8.31 v _18519_/COUT (sky130_fd_sc_hd__ha_1)
   0.29    8.60 v _09757_/X (sky130_fd_sc_hd__or2_2)
   0.42    9.03 v _18226_/COUT (sky130_fd_sc_hd__fa_1)
   0.40    9.42 ^ _16899_/Y (sky130_fd_sc_hd__a211oi_1)
   0.16    9.59 v _16901_/Y (sky130_fd_sc_hd__o21bai_1)
   0.36    9.95 ^ _16902_/Y (sky130_fd_sc_hd__a21oi_1)
   0.11   10.05 v _17018_/Y (sky130_fd_sc_hd__nor2_1)
   0.44   10.49 ^ _17019_/Y (sky130_fd_sc_hd__a311oi_1)
   0.22   10.71 v _17020_/Y (sky130_fd_sc_hd__o211ai_1)
   0.27   10.98 ^ _17072_/Y (sky130_fd_sc_hd__nand4b_1)
   0.09   11.06 v _17073_/Y (sky130_fd_sc_hd__nor3_1)
   0.18   11.24 v place457/X (sky130_fd_sc_hd__buf_4)
   0.46   11.70 v _17097_/X (sky130_fd_sc_hd__or3b_2)
   0.16   11.86 ^ _17099_/Y (sky130_fd_sc_hd__a31oi_1)
   0.00   11.86 ^ mul_reduced_q[7]$_DFFE_PN0P_/D (sky130_fd_sc_hd__dfrtp_1)
          11.86   data arrival time

  12.00   12.00   clock clk (rise edge)
   0.00   12.00   clock source latency
   0.00   12.00 ^ clk (in)
   0.21   12.21 ^ clkbuf_0_clk/X (sky130_fd_sc_hd__clkbuf_16)
   0.27   12.48 ^ clkbuf_2_2_0_clk/X (sky130_fd_sc_hd__clkbuf_16)
   0.26   12.73 ^ clkbuf_5_21__f_clk/X (sky130_fd_sc_hd__clkbuf_16)
   0.18   12.91 ^ clkbuf_leaf_249_clk/X (sky130_fd_sc_hd__clkbuf_16)
   0.00   12.91 ^ mul_reduced_q[7]$_DFFE_PN0P_/CLK (sky130_fd_sc_hd__dfrtp_1)
  -0.25   12.66   clock uncertainty
   0.00   12.66   clock reconvergence pessimism
  -0.08   12.58   library setup time
          12.58   data required time
---------------------------------------------------------
          12.58   data required time
         -11.86   data arrival time
---------------------------------------------------------
           0.72   slack (MET)



==========================================================================
finish report_checks -path_delay min reg to reg
--------------------------------------------------------------------------
Startpoint: st[15]$_DFF_PN0_ (rising edge-triggered flip-flop clocked by clk)
Endpoint: done$_DFF_PN0_ (rising edge-triggered flip-flop clocked by clk)
Path Group: clk
Path Type: min

  Delay    Time   Description
---------------------------------------------------------
   0.00    0.00   clock clk (rise edge)
   0.00    0.00   clock source latency
   0.00    0.00 ^ clk (in)
   0.21    0.21 ^ clkbuf_0_clk/X (sky130_fd_sc_hd__clkbuf_16)
   0.27    0.48 ^ clkbuf_2_2_0_clk/X (sky130_fd_sc_hd__clkbuf_16)
   0.24    0.72 ^ clkbuf_5_23__f_clk/X (sky130_fd_sc_hd__clkbuf_16)
   0.18    0.90 ^ clkbuf_leaf_205_clk/X (sky130_fd_sc_hd__clkbuf_16)
   0.00    0.90 ^ st[15]$_DFF_PN0_/CLK (sky130_fd_sc_hd__dfrtp_1)
   0.35    1.25 ^ st[15]$_DFF_PN0_/Q (sky130_fd_sc_hd__dfrtp_1)
   0.00    1.25 ^ done$_DFF_PN0_/D (sky130_fd_sc_hd__dfrtp_1)
           1.25   data arrival time

   0.00    0.00   clock clk (rise edge)
   0.00    0.00   clock source latency
   0.00    0.00 ^ clk (in)
   0.21    0.21 ^ clkbuf_0_clk/X (sky130_fd_sc_hd__clkbuf_16)
   0.27    0.48 ^ clkbuf_2_2_0_clk/X (sky130_fd_sc_hd__clkbuf_16)
   0.24    0.72 ^ clkbuf_5_23__f_clk/X (sky130_fd_sc_hd__clkbuf_16)
   0.18    0.90 ^ clkbuf_leaf_205_clk/X (sky130_fd_sc_hd__clkbuf_16)
   0.00    0.90 ^ done$_DFF_PN0_/CLK (sky130_fd_sc_hd__dfrtp_1)
   0.25    1.15   clock uncertainty
   0.00    1.15   clock reconvergence pessimism
  -0.04    1.11   library hold time
           1.11   data required time
---------------------------------------------------------
           1.11   data required time
          -1.25   data arrival time
---------------------------------------------------------
           0.14   slack (MET)



==========================================================================
finish critical path target clock latency max path
--------------------------------------------------------------------------
0.8916

==========================================================================
finish critical path target clock latency min path
--------------------------------------------------------------------------
0.8977

==========================================================================
finish critical path source clock latency min path
--------------------------------------------------------------------------
0.0000

==========================================================================
finish critical path delay
--------------------------------------------------------------------------
11.8635

==========================================================================
finish critical path slack
--------------------------------------------------------------------------
0.7182

==========================================================================
finish slack div critical path delay
--------------------------------------------------------------------------
6.053863

==========================================================================
finish report_power
--------------------------------------------------------------------------
Group                  Internal  Switching    Leakage      Total
                          Power      Power      Power      Power (Watts)
----------------------------------------------------------------
Sequential             1.39e-02   5.62e-04   3.00e-08   1.44e-02  10.1%
Combinational          4.54e-02   7.23e-02   2.76e-08   1.18e-01  82.3%
Clock                  6.36e-03   4.57e-03   5.59e-09   1.09e-02   7.6%
Macro                  0.00e+00   0.00e+00   0.00e+00   0.00e+00   0.0%
Pad                    0.00e+00   0.00e+00   0.00e+00   0.00e+00   0.0%
----------------------------------------------------------------
Total                  6.56e-02   7.74e-02   6.32e-08   1.43e-01 100.0%
                          45.9%      54.1%       0.0%
