
==========================================================================
resizer report_tns
--------------------------------------------------------------------------
tns max -13.82

==========================================================================
resizer report_wns
--------------------------------------------------------------------------
wns max -1.24

==========================================================================
resizer report_worst_slack
--------------------------------------------------------------------------
worst slack max -1.24

==========================================================================
resizer report_clock_min_period
--------------------------------------------------------------------------
clk period_min = 21.24 fmax = 47.08

==========================================================================
resizer report_checks -path_delay min
--------------------------------------------------------------------------
Startpoint: st[12]$_DFF_PN0_ (rising edge-triggered flip-flop clocked by clk)
Endpoint: done$_DFF_PN0_ (rising edge-triggered flip-flop clocked by clk)
Path Group: clk
Path Type: min

Fanout     Cap    Slew   Delay    Time   Description
-----------------------------------------------------------------------------
                  0.00    0.00    0.00   clock clk (rise edge)
                          0.00    0.00   clock network delay (ideal)
                  0.00    0.00    0.00 ^ st[12]$_DFF_PN0_/CLK (sky130_fd_sc_hd__dfrtp_1)
     2    0.00    0.06    0.31    0.31 ^ st[12]$_DFF_PN0_/Q (sky130_fd_sc_hd__dfrtp_1)
                                         st[12] (net)
                  0.06    0.00    0.31 ^ done$_DFF_PN0_/D (sky130_fd_sc_hd__dfrtp_1)
                                  0.31   data arrival time

                  0.00    0.00    0.00   clock clk (rise edge)
                          0.00    0.00   clock network delay (ideal)
                          0.25    0.25   clock uncertainty
                          0.00    0.25   clock reconvergence pessimism
                                  0.25 ^ done$_DFF_PN0_/CLK (sky130_fd_sc_hd__dfrtp_1)
                         -0.04    0.21   library hold time
                                  0.21   data required time
-----------------------------------------------------------------------------
                                  0.21   data required time
                                 -0.31   data arrival time
-----------------------------------------------------------------------------
                                  0.11   slack (MET)



==========================================================================
resizer report_checks -path_delay max
--------------------------------------------------------------------------
Startpoint: coeff_b_q[1]$_DFFE_PN0P_
            (rising edge-triggered flip-flop clocked by clk)
Endpoint: mul_reduced_q[6]$_DFFE_PN0P_
          (rising edge-triggered flip-flop clocked by clk)
Path Group: clk
Path Type: max

Fanout     Cap    Slew   Delay    Time   Description
-----------------------------------------------------------------------------
                  0.00    0.00    0.00   clock clk (rise edge)
                          0.00    0.00   clock network delay (ideal)
                  0.00    0.00    0.00 ^ coeff_b_q[1]$_DFFE_PN0P_/CLK (sky130_fd_sc_hd__dfrtp_1)
     2    0.01    0.07    0.33    0.33 ^ coeff_b_q[1]$_DFFE_PN0P_/Q (sky130_fd_sc_hd__dfrtp_1)
                                         coeff_b_q[1] (net)
                  0.07    0.00    0.33 ^ _4111_/A (sky130_fd_sc_hd__inv_1)
     2    0.01    0.04    0.06    0.39 v _4111_/Y (sky130_fd_sc_hd__inv_1)
                                         _0514_ (net)
                  0.04    0.00    0.39 v _6619_/B (sky130_fd_sc_hd__ha_1)
     1    0.00    0.05    0.27    0.66 ^ _6619_/SUM (sky130_fd_sc_hd__ha_1)
                                         _0516_ (net)
                  0.05    0.00    0.66 ^ _4113_/A (sky130_fd_sc_hd__inv_1)
     2    0.01    0.04    0.05    0.71 v _4113_/Y (sky130_fd_sc_hd__inv_1)
                                         _0454_ (net)
                  0.04    0.00    0.71 v _6614_/A (sky130_fd_sc_hd__ha_2)
     2    0.01    0.05    0.20    0.91 v _6614_/COUT (sky130_fd_sc_hd__ha_2)
                                         _0157_ (net)
                  0.05    0.00    0.91 v _6287_/B (sky130_fd_sc_hd__fa_2)
     2    0.01    0.09    0.39    1.30 v _6287_/COUT (sky130_fd_sc_hd__fa_2)
                                         _0158_ (net)
                  0.09    0.00    1.30 v _4268_/A1 (sky130_fd_sc_hd__a21oi_2)
     1    0.00    0.09    0.13    1.44 ^ _4268_/Y (sky130_fd_sc_hd__a21oi_2)
                                         _1362_ (net)
                  0.09    0.00    1.44 ^ _4269_/B (sky130_fd_sc_hd__nor2_1)
     1    0.00    0.03    0.05    1.49 v _4269_/Y (sky130_fd_sc_hd__nor2_1)
                                         _1363_ (net)
                  0.03    0.00    1.49 v _4270_/A (sky130_fd_sc_hd__nor2_1)
     2    0.01    0.18    0.17    1.66 ^ _4270_/Y (sky130_fd_sc_hd__nor2_1)
                                         _1364_ (net)
                  0.18    0.00    1.66 ^ _4271_/A1 (sky130_fd_sc_hd__o21bai_1)
     1    0.01    0.07    0.12    1.77 v _4271_/Y (sky130_fd_sc_hd__o21bai_1)
                                         _1365_ (net)
                  0.07    0.00    1.77 v _4272_/A1 (sky130_fd_sc_hd__a21oi_2)
     2    0.01    0.14    0.17    1.94 ^ _4272_/Y (sky130_fd_sc_hd__a21oi_2)
                                         _1366_ (net)
                  0.14    0.00    1.94 ^ place1159/A (sky130_fd_sc_hd__buf_4)
     1    0.00    0.03    0.13    2.07 ^ place1159/X (sky130_fd_sc_hd__buf_4)
                                         net1158 (net)
                  0.03    0.00    2.07 ^ _4285_/A2 (sky130_fd_sc_hd__o21bai_1)
     1    0.00    0.06    0.06    2.13 v _4285_/Y (sky130_fd_sc_hd__o21bai_1)
                                         _1379_ (net)
                  0.06    0.00    2.13 v _4286_/A1 (sky130_fd_sc_hd__a21oi_1)
     2    0.01    0.18    0.18    2.30 ^ _4286_/Y (sky130_fd_sc_hd__a21oi_1)
                                         _1380_ (net)
                  0.18    0.00    2.30 ^ _4289_/A2 (sky130_fd_sc_hd__o21bai_1)
     1    0.00    0.05    0.08    2.39 v _4289_/Y (sky130_fd_sc_hd__o21bai_1)
                                         _1383_ (net)
                  0.05    0.00    2.39 v _4290_/A2 (sky130_fd_sc_hd__a21oi_1)
     1    0.01    0.15    0.17    2.56 ^ _4290_/Y (sky130_fd_sc_hd__a21oi_1)
                                         _1384_ (net)
                  0.15    0.00    2.56 ^ _4291_/B (sky130_fd_sc_hd__xnor2_1)
     2    0.01    0.21    0.17    2.73 ^ _4291_/Y (sky130_fd_sc_hd__xnor2_1)
                                         _1385_ (net)
                  0.21    0.00    2.73 ^ _4294_/B (sky130_fd_sc_hd__nand3_1)
     1    0.01    0.09    0.13    2.85 v _4294_/Y (sky130_fd_sc_hd__nand3_1)
                                         _1388_ (net)
                  0.09    0.00    2.85 v _4295_/A (sky130_fd_sc_hd__nand2_2)
     5    0.02    0.11    0.12    2.98 ^ _4295_/Y (sky130_fd_sc_hd__nand2_2)
                                         _1389_ (net)
                  0.11    0.00    2.98 ^ _4439_/A (sky130_fd_sc_hd__inv_2)
     3    0.01    0.05    0.07    3.05 v _4439_/Y (sky130_fd_sc_hd__inv_2)
                                         _1439_ (net)
                  0.05    0.00    3.05 v _4460_/D (sky130_fd_sc_hd__nor4_4)
     3    0.01    0.29    0.21    3.25 ^ _4460_/Y (sky130_fd_sc_hd__nor4_4)
                                         _1457_ (net)
                  0.29    0.00    3.25 ^ _4474_/B (sky130_fd_sc_hd__nand2_1)
     1    0.00    0.07    0.11    3.36 v _4474_/Y (sky130_fd_sc_hd__nand2_1)
                                         _1469_ (net)
                  0.07    0.00    3.36 v _4475_/B (sky130_fd_sc_hd__xor2_1)
     1    0.01    0.19    0.19    3.55 ^ _4475_/X (sky130_fd_sc_hd__xor2_1)
                                         _1470_ (net)
                  0.19    0.00    3.55 ^ _4477_/A1 (sky130_fd_sc_hd__a211oi_2)
     2    0.01    0.21    0.13    3.68 v _4477_/Y (sky130_fd_sc_hd__a211oi_2)
                                         _1472_ (net)
                  0.21    0.00    3.68 v _4478_/B1 (sky130_fd_sc_hd__a21oi_2)
     7    0.04    0.51    0.45    4.13 ^ _4478_/Y (sky130_fd_sc_hd__a21oi_2)
                                         _1473_ (net)
                  0.51    0.00    4.14 ^ _4570_/A (sky130_fd_sc_hd__nor2_1)
     1    0.00    0.10    0.12    4.26 v _4570_/Y (sky130_fd_sc_hd__nor2_1)
                                         _0066_ (net)
                  0.10    0.00    4.26 v _6190_/CIN (sky130_fd_sc_hd__fa_1)
     1    0.01    0.11    0.49    4.75 v _6190_/SUM (sky130_fd_sc_hd__fa_1)
                                         _2885_ (net)
                  0.11    0.00    4.75 v _6336_/A (sky130_fd_sc_hd__fa_1)
     1    0.01    0.09    0.58    5.32 ^ _6336_/SUM (sky130_fd_sc_hd__fa_1)
                                         _3121_ (net)
                  0.09    0.00    5.32 ^ _6268_/CIN (sky130_fd_sc_hd__fa_1)
     1    0.01    0.11    0.46    5.78 v _6268_/SUM (sky130_fd_sc_hd__fa_1)
                                         _3125_ (net)
                  0.11    0.00    5.78 v _6416_/B (sky130_fd_sc_hd__fa_1)
     1    0.01    0.09    0.55    6.33 ^ _6416_/SUM (sky130_fd_sc_hd__fa_1)
                                         _3418_ (net)
                  0.09    0.00    6.33 ^ _6384_/B (sky130_fd_sc_hd__fa_1)
     1    0.00    0.08    0.43    6.76 v _6384_/SUM (sky130_fd_sc_hd__fa_1)
                                         _3421_ (net)
                  0.08    0.00    6.76 v _6741_/B (sky130_fd_sc_hd__ha_1)
     2    0.01    0.08    0.31    7.07 v _6741_/SUM (sky130_fd_sc_hd__ha_1)
                                         _0646_ (net)
                  0.08    0.00    7.07 v _4160_/A (sky130_fd_sc_hd__inv_1)
     2    0.01    0.06    0.08    7.15 ^ _4160_/Y (sky130_fd_sc_hd__inv_1)
                                         _1292_ (net)
                  0.06    0.00    7.15 ^ _4168_/A1 (sky130_fd_sc_hd__o21bai_1)
     1    0.01    0.07    0.09    7.24 v _4168_/Y (sky130_fd_sc_hd__o21bai_1)
                                         _1300_ (net)
                  0.07    0.00    7.24 v _4169_/A1 (sky130_fd_sc_hd__a21oi_2)
     2    0.01    0.13    0.16    7.40 ^ _4169_/Y (sky130_fd_sc_hd__a21oi_2)
                                         _1301_ (net)
                  0.13    0.00    7.40 ^ _4170_/A2 (sky130_fd_sc_hd__o21bai_1)
     1    0.01    0.07    0.10    7.50 v _4170_/Y (sky130_fd_sc_hd__o21bai_1)
                                         _1302_ (net)
                  0.07    0.00    7.50 v _4171_/A1 (sky130_fd_sc_hd__a21oi_2)
     2    0.01    0.13    0.15    7.65 ^ _4171_/Y (sky130_fd_sc_hd__a21oi_2)
                                         _1303_ (net)
                  0.13    0.00    7.65 ^ _4172_/A2 (sky130_fd_sc_hd__o21bai_1)
     1    0.01    0.07    0.09    7.75 v _4172_/Y (sky130_fd_sc_hd__o21bai_1)
                                         _1304_ (net)
                  0.07    0.00    7.75 v _4173_/A1 (sky130_fd_sc_hd__a21oi_2)
     2    0.01    0.14    0.17    7.91 ^ _4173_/Y (sky130_fd_sc_hd__a21oi_2)
                                         _1305_ (net)
                  0.14    0.00    7.91 ^ _4174_/A2 (sky130_fd_sc_hd__o21bai_1)
     1    0.01    0.07    0.09    8.01 v _4174_/Y (sky130_fd_sc_hd__o21bai_1)
                                         _1306_ (net)
                  0.07    0.00    8.01 v _4175_/A1 (sky130_fd_sc_hd__a21oi_2)
     2    0.01    0.14    0.17    8.18 ^ _4175_/Y (sky130_fd_sc_hd__a21oi_2)
                                         _1307_ (net)
                  0.14    0.00    8.18 ^ _4176_/A2 (sky130_fd_sc_hd__o21bai_1)
     1    0.01    0.06    0.09    8.27 v _4176_/Y (sky130_fd_sc_hd__o21bai_1)
                                         _1308_ (net)
                  0.06    0.00    8.27 v _4177_/A1 (sky130_fd_sc_hd__a21oi_2)
     2    0.01    0.18    0.20    8.46 ^ _4177_/Y (sky130_fd_sc_hd__a21oi_2)
                                         _1309_ (net)
                  0.18    0.00    8.47 ^ place1004/A (sky130_fd_sc_hd__buf_4)
     1    0.00    0.03    0.14    8.60 ^ place1004/X (sky130_fd_sc_hd__buf_4)
                                         net1003 (net)
                  0.03    0.00    8.60 ^ _4374_/A2 (sky130_fd_sc_hd__o21bai_1)
     1    0.00    0.05    0.05    8.66 v _4374_/Y (sky130_fd_sc_hd__o21bai_1)
                                         _1420_ (net)
                  0.05    0.00    8.66 v _4375_/A1 (sky130_fd_sc_hd__a21oi_1)
     1    0.01    0.14    0.15    8.81 ^ _4375_/Y (sky130_fd_sc_hd__a21oi_1)
                                         _1421_ (net)
                  0.14    0.00    8.81 ^ _4376_/A (sky130_fd_sc_hd__xor2_1)
     2    0.01    0.22    0.23    9.04 ^ _4376_/X (sky130_fd_sc_hd__xor2_1)
                                         _0114_ (net)
                  0.22    0.00    9.04 ^ _4377_/A (sky130_fd_sc_hd__inv_2)
     2    0.01    0.06    0.07    9.12 v _4377_/Y (sky130_fd_sc_hd__inv_2)
                                         mul_product[22] (net)
                  0.06    0.00    9.12 v place985/A (sky130_fd_sc_hd__buf_4)
     6    0.04    0.07    0.18    9.30 v place985/X (sky130_fd_sc_hd__buf_4)
                                         net984 (net)
                  0.07    0.00    9.30 v _6346_/B (sky130_fd_sc_hd__fa_1)
     1    0.00    0.06    0.51    9.80 ^ _6346_/SUM (sky130_fd_sc_hd__fa_1)
                                         _0160_ (net)
                  0.06    0.00    9.80 ^ _6056_/A (sky130_fd_sc_hd__inv_1)
     2    0.01    0.04    0.05    9.86 v _6056_/Y (sky130_fd_sc_hd__inv_1)
                                         _0648_ (net)
                  0.04    0.00    9.86 v _6749_/A (sky130_fd_sc_hd__ha_1)
     1    0.01    0.08    0.31   10.17 v _6749_/SUM (sky130_fd_sc_hd__ha_1)
                                         _3251_ (net)
                  0.08    0.00   10.17 v _6312_/A (sky130_fd_sc_hd__fa_1)
     1    0.01    0.10    0.51   10.68 v _6312_/SUM (sky130_fd_sc_hd__fa_1)
                                         _2923_ (net)
                  0.10    0.00   10.68 v _6205_/A (sky130_fd_sc_hd__fa_1)
     1    0.01    0.09    0.57   11.26 ^ _6205_/SUM (sky130_fd_sc_hd__fa_1)
                                         _2927_ (net)
                  0.09    0.00   11.26 ^ _6317_/B (sky130_fd_sc_hd__fa_1)
     1    0.01    0.12    0.48   11.73 v _6317_/SUM (sky130_fd_sc_hd__fa_1)
                                         _3271_ (net)
                  0.12    0.00   11.73 v _6694_/A (sky130_fd_sc_hd__ha_1)
     2    0.01    0.05    0.24   11.97 v _6694_/COUT (sky130_fd_sc_hd__ha_1)
                                         _0577_ (net)
                  0.05    0.00   11.97 v _4137_/A (sky130_fd_sc_hd__or4_4)
     3    0.01    0.10    0.56   12.53 v _4137_/X (sky130_fd_sc_hd__or4_4)
                                         _1273_ (net)
                  0.10    0.00   12.53 v _4200_/A2 (sky130_fd_sc_hd__a31o_4)
     2    0.01    0.04    0.25   12.78 v _4200_/X (sky130_fd_sc_hd__a31o_4)
                                         _1315_ (net)
                  0.04    0.00   12.78 v _4208_/A1 (sky130_fd_sc_hd__a21o_1)
     2    0.01    0.07    0.18   12.97 v _4208_/X (sky130_fd_sc_hd__a21o_1)
                                         _1316_ (net)
                  0.07    0.00   12.97 v _4384_/A1 (sky130_fd_sc_hd__a21oi_2)
     2    0.01    0.13    0.16   13.13 ^ _4384_/Y (sky130_fd_sc_hd__a21oi_2)
                                         _1423_ (net)
                  0.13    0.00   13.13 ^ _4385_/A2 (sky130_fd_sc_hd__o21bai_1)
     1    0.01    0.06    0.09   13.22 v _4385_/Y (sky130_fd_sc_hd__o21bai_1)
                                         _1424_ (net)
                  0.06    0.00   13.22 v _4386_/A (sky130_fd_sc_hd__xnor2_1)
     2    0.01    0.18    0.20   13.42 ^ _4386_/Y (sky130_fd_sc_hd__xnor2_1)
                                         _0088_ (net)
                  0.18    0.00   13.42 ^ _4387_/A (sky130_fd_sc_hd__inv_1)
     3    0.02    0.10    0.13   13.55 v _4387_/Y (sky130_fd_sc_hd__inv_1)
                                         u_mul_reduce.prod[30] (net)
                  0.10    0.00   13.55 v _6202_/CIN (sky130_fd_sc_hd__fa_1)
     1    0.00    0.08    0.45   14.00 v _6202_/SUM (sky130_fd_sc_hd__fa_1)
                                         _2922_ (net)
                  0.08    0.00   14.00 v _6532_/B (sky130_fd_sc_hd__ha_1)
     1    0.01    0.07    0.31   14.30 v _6532_/SUM (sky130_fd_sc_hd__ha_1)
                                         _3450_ (net)
                  0.07    0.00   14.30 v _6393_/B (sky130_fd_sc_hd__fa_1)
     1    0.00    0.06    0.51   14.81 ^ _6393_/SUM (sky130_fd_sc_hd__fa_1)
                                         _0184_ (net)
                  0.06    0.00   14.81 ^ _4104_/A (sky130_fd_sc_hd__inv_1)
     1    0.01    0.04    0.05   14.87 v _4104_/Y (sky130_fd_sc_hd__inv_1)
                                         _0036_ (net)
                  0.04    0.00   14.87 v _6176_/B (sky130_fd_sc_hd__fa_1)
     1    0.00    0.08    0.45   15.32 v _6176_/SUM (sky130_fd_sc_hd__fa_1)
                                         _2849_ (net)
                  0.08    0.00   15.32 v _6434_/B (sky130_fd_sc_hd__ha_1)
     6    0.02    0.14    0.38   15.70 v _6434_/SUM (sky130_fd_sc_hd__ha_1)
                                         _0230_ (net)
                  0.14    0.00   15.70 v _3799_/A1 (sky130_fd_sc_hd__a211oi_1)
     1    0.01    0.33    0.35   16.04 ^ _3799_/Y (sky130_fd_sc_hd__a211oi_1)
                                         _0949_ (net)
                  0.33    0.00   16.04 ^ _3800_/D1 (sky130_fd_sc_hd__o2111ai_1)
     1    0.01    0.15    0.20   16.24 v _3800_/Y (sky130_fd_sc_hd__o2111ai_1)
                                         _0950_ (net)
                  0.15    0.00   16.24 v _3801_/A2 (sky130_fd_sc_hd__a21oi_1)
     2    0.02    0.35    0.36   16.60 ^ _3801_/Y (sky130_fd_sc_hd__a21oi_1)
                                         _0951_ (net)
                  0.35    0.00   16.60 ^ _3802_/A_N (sky130_fd_sc_hd__nand4b_1)
     1    0.00    0.09    0.17   16.78 ^ _3802_/Y (sky130_fd_sc_hd__nand4b_1)
                                         _0952_ (net)
                  0.09    0.00   16.78 ^ _3804_/A2 (sky130_fd_sc_hd__a21oi_1)
     2    0.00    0.06    0.08   16.86 v _3804_/Y (sky130_fd_sc_hd__a21oi_1)
                                         _0954_ (net)
                  0.06    0.00   16.86 v _3809_/A_N (sky130_fd_sc_hd__nand3b_1)
     3    0.02    0.20    0.27   17.13 v _3809_/Y (sky130_fd_sc_hd__nand3b_1)
                                         _0959_ (net)
                  0.20    0.00   17.13 v _3904_/A1 (sky130_fd_sc_hd__a211o_1)
     5    0.03    0.17    0.44   17.56 v _3904_/X (sky130_fd_sc_hd__a211o_1)
                                         _1054_ (net)
                  0.17    0.00   17.57 v place750/A (sky130_fd_sc_hd__buf_4)
     3    0.01    0.04    0.20   17.77 v place750/X (sky130_fd_sc_hd__buf_4)
                                         net749 (net)
                  0.04    0.00   17.77 v _4047_/A2 (sky130_fd_sc_hd__o41ai_1)
     1    0.00    0.32    0.38   18.14 ^ _4047_/Y (sky130_fd_sc_hd__o41ai_1)
                                         _1195_ (net)
                  0.32    0.00   18.14 ^ place737/A (sky130_fd_sc_hd__buf_4)
     2    0.01    0.05    0.19   18.33 ^ place737/X (sky130_fd_sc_hd__buf_4)
                                         net736 (net)
                  0.05    0.00   18.33 ^ _4049_/B1 (sky130_fd_sc_hd__o221ai_2)
     1    0.01    0.09    0.12   18.44 v _4049_/Y (sky130_fd_sc_hd__o221ai_2)
                                         _1197_ (net)
                  0.09    0.00   18.44 v _4050_/A (sky130_fd_sc_hd__nor4_4)
     4    0.01    0.29    0.36   18.81 ^ _4050_/Y (sky130_fd_sc_hd__nor4_4)
                                         _1198_ (net)
                  0.29    0.00   18.81 ^ _5473_/A3 (sky130_fd_sc_hd__o311ai_0)
     3    0.01    0.27    0.28   19.09 v _5473_/Y (sky130_fd_sc_hd__o311ai_0)
                                         _2220_ (net)
                  0.27    0.00   19.09 v place669/A (sky130_fd_sc_hd__buf_4)
     2    0.01    0.03    0.23   19.32 v place669/X (sky130_fd_sc_hd__buf_4)
                                         net668 (net)
                  0.03    0.00   19.32 v _5512_/A1 (sky130_fd_sc_hd__a21oi_1)
     1    0.00    0.11    0.11   19.43 ^ _5512_/Y (sky130_fd_sc_hd__a21oi_1)
                                         _2259_ (net)
                  0.11    0.00   19.43 ^ _5513_/B2 (sky130_fd_sc_hd__a32o_1)
     2    0.01    0.08    0.16   19.59 ^ _5513_/X (sky130_fd_sc_hd__a32o_1)
                                         _2260_ (net)
                  0.08    0.00   19.59 ^ _5516_/B (sky130_fd_sc_hd__nand3b_1)
     2    0.01    0.09    0.11   19.70 v _5516_/Y (sky130_fd_sc_hd__nand3b_1)
                                         _2263_ (net)
                  0.09    0.00   19.70 v _5623_/A (sky130_fd_sc_hd__or3_1)
     2    0.01    0.08    0.40   20.10 v _5623_/X (sky130_fd_sc_hd__or3_1)
                                         _2370_ (net)
                  0.08    0.00   20.10 v _5624_/A (sky130_fd_sc_hd__nand4_1)
     2    0.01    0.10    0.10   20.20 ^ _5624_/Y (sky130_fd_sc_hd__nand4_1)
                                         _2371_ (net)
                  0.10    0.00   20.20 ^ _5649_/B (sky130_fd_sc_hd__nand2_1)
     2    0.01    0.05    0.08   20.28 v _5649_/Y (sky130_fd_sc_hd__nand2_1)
                                         _2392_ (net)
                  0.05    0.00   20.28 v _5656_/C (sky130_fd_sc_hd__or4_1)
     1    0.00    0.08    0.46   20.74 v _5656_/X (sky130_fd_sc_hd__or4_1)
                                         _2399_ (net)
                  0.08    0.00   20.74 v _5658_/A2 (sky130_fd_sc_hd__a31oi_1)
     1    0.00    0.12    0.16   20.91 ^ _5658_/Y (sky130_fd_sc_hd__a31oi_1)
                                         _0808_ (net)
                  0.12    0.00   20.91 ^ mul_reduced_q[6]$_DFFE_PN0P_/D (sky130_fd_sc_hd__dfrtp_1)
                                 20.91   data arrival time

                  0.00   20.00   20.00   clock clk (rise edge)
                          0.00   20.00   clock network delay (ideal)
                         -0.25   19.75   clock uncertainty
                          0.00   19.75   clock reconvergence pessimism
                                 19.75 ^ mul_reduced_q[6]$_DFFE_PN0P_/CLK (sky130_fd_sc_hd__dfrtp_1)
                         -0.08   19.67   library setup time
                                 19.67   data required time
-----------------------------------------------------------------------------
                                 19.67   data required time
                                -20.91   data arrival time
-----------------------------------------------------------------------------
                                 -1.24   slack (VIOLATED)



==========================================================================
resizer report_checks -unconstrained
--------------------------------------------------------------------------
Startpoint: coeff_b_q[1]$_DFFE_PN0P_
            (rising edge-triggered flip-flop clocked by clk)
Endpoint: mul_reduced_q[6]$_DFFE_PN0P_
          (rising edge-triggered flip-flop clocked by clk)
Path Group: clk
Path Type: max

Fanout     Cap    Slew   Delay    Time   Description
-----------------------------------------------------------------------------
                  0.00    0.00    0.00   clock clk (rise edge)
                          0.00    0.00   clock network delay (ideal)
                  0.00    0.00    0.00 ^ coeff_b_q[1]$_DFFE_PN0P_/CLK (sky130_fd_sc_hd__dfrtp_1)
     2    0.01    0.07    0.33    0.33 ^ coeff_b_q[1]$_DFFE_PN0P_/Q (sky130_fd_sc_hd__dfrtp_1)
                                         coeff_b_q[1] (net)
                  0.07    0.00    0.33 ^ _4111_/A (sky130_fd_sc_hd__inv_1)
     2    0.01    0.04    0.06    0.39 v _4111_/Y (sky130_fd_sc_hd__inv_1)
                                         _0514_ (net)
                  0.04    0.00    0.39 v _6619_/B (sky130_fd_sc_hd__ha_1)
     1    0.00    0.05    0.27    0.66 ^ _6619_/SUM (sky130_fd_sc_hd__ha_1)
                                         _0516_ (net)
                  0.05    0.00    0.66 ^ _4113_/A (sky130_fd_sc_hd__inv_1)
     2    0.01    0.04    0.05    0.71 v _4113_/Y (sky130_fd_sc_hd__inv_1)
                                         _0454_ (net)
                  0.04    0.00    0.71 v _6614_/A (sky130_fd_sc_hd__ha_2)
     2    0.01    0.05    0.20    0.91 v _6614_/COUT (sky130_fd_sc_hd__ha_2)
                                         _0157_ (net)
                  0.05    0.00    0.91 v _6287_/B (sky130_fd_sc_hd__fa_2)
     2    0.01    0.09    0.39    1.30 v _6287_/COUT (sky130_fd_sc_hd__fa_2)
                                         _0158_ (net)
                  0.09    0.00    1.30 v _4268_/A1 (sky130_fd_sc_hd__a21oi_2)
     1    0.00    0.09    0.13    1.44 ^ _4268_/Y (sky130_fd_sc_hd__a21oi_2)
                                         _1362_ (net)
                  0.09    0.00    1.44 ^ _4269_/B (sky130_fd_sc_hd__nor2_1)
     1    0.00    0.03    0.05    1.49 v _4269_/Y (sky130_fd_sc_hd__nor2_1)
                                         _1363_ (net)
                  0.03    0.00    1.49 v _4270_/A (sky130_fd_sc_hd__nor2_1)
     2    0.01    0.18    0.17    1.66 ^ _4270_/Y (sky130_fd_sc_hd__nor2_1)
                                         _1364_ (net)
                  0.18    0.00    1.66 ^ _4271_/A1 (sky130_fd_sc_hd__o21bai_1)
     1    0.01    0.07    0.12    1.77 v _4271_/Y (sky130_fd_sc_hd__o21bai_1)
                                         _1365_ (net)
                  0.07    0.00    1.77 v _4272_/A1 (sky130_fd_sc_hd__a21oi_2)
     2    0.01    0.14    0.17    1.94 ^ _4272_/Y (sky130_fd_sc_hd__a21oi_2)
                                         _1366_ (net)
                  0.14    0.00    1.94 ^ place1159/A (sky130_fd_sc_hd__buf_4)
     1    0.00    0.03    0.13    2.07 ^ place1159/X (sky130_fd_sc_hd__buf_4)
                                         net1158 (net)
                  0.03    0.00    2.07 ^ _4285_/A2 (sky130_fd_sc_hd__o21bai_1)
     1    0.00    0.06    0.06    2.13 v _4285_/Y (sky130_fd_sc_hd__o21bai_1)
                                         _1379_ (net)
                  0.06    0.00    2.13 v _4286_/A1 (sky130_fd_sc_hd__a21oi_1)
     2    0.01    0.18    0.18    2.30 ^ _4286_/Y (sky130_fd_sc_hd__a21oi_1)
                                         _1380_ (net)
                  0.18    0.00    2.30 ^ _4289_/A2 (sky130_fd_sc_hd__o21bai_1)
     1    0.00    0.05    0.08    2.39 v _4289_/Y (sky130_fd_sc_hd__o21bai_1)
                                         _1383_ (net)
                  0.05    0.00    2.39 v _4290_/A2 (sky130_fd_sc_hd__a21oi_1)
     1    0.01    0.15    0.17    2.56 ^ _4290_/Y (sky130_fd_sc_hd__a21oi_1)
                                         _1384_ (net)
                  0.15    0.00    2.56 ^ _4291_/B (sky130_fd_sc_hd__xnor2_1)
     2    0.01    0.21    0.17    2.73 ^ _4291_/Y (sky130_fd_sc_hd__xnor2_1)
                                         _1385_ (net)
                  0.21    0.00    2.73 ^ _4294_/B (sky130_fd_sc_hd__nand3_1)
     1    0.01    0.09    0.13    2.85 v _4294_/Y (sky130_fd_sc_hd__nand3_1)
                                         _1388_ (net)
                  0.09    0.00    2.85 v _4295_/A (sky130_fd_sc_hd__nand2_2)
     5    0.02    0.11    0.12    2.98 ^ _4295_/Y (sky130_fd_sc_hd__nand2_2)
                                         _1389_ (net)
                  0.11    0.00    2.98 ^ _4439_/A (sky130_fd_sc_hd__inv_2)
     3    0.01    0.05    0.07    3.05 v _4439_/Y (sky130_fd_sc_hd__inv_2)
                                         _1439_ (net)
                  0.05    0.00    3.05 v _4460_/D (sky130_fd_sc_hd__nor4_4)
     3    0.01    0.29    0.21    3.25 ^ _4460_/Y (sky130_fd_sc_hd__nor4_4)
                                         _1457_ (net)
                  0.29    0.00    3.25 ^ _4474_/B (sky130_fd_sc_hd__nand2_1)
     1    0.00    0.07    0.11    3.36 v _4474_/Y (sky130_fd_sc_hd__nand2_1)
                                         _1469_ (net)
                  0.07    0.00    3.36 v _4475_/B (sky130_fd_sc_hd__xor2_1)
     1    0.01    0.19    0.19    3.55 ^ _4475_/X (sky130_fd_sc_hd__xor2_1)
                                         _1470_ (net)
                  0.19    0.00    3.55 ^ _4477_/A1 (sky130_fd_sc_hd__a211oi_2)
     2    0.01    0.21    0.13    3.68 v _4477_/Y (sky130_fd_sc_hd__a211oi_2)
                                         _1472_ (net)
                  0.21    0.00    3.68 v _4478_/B1 (sky130_fd_sc_hd__a21oi_2)
     7    0.04    0.51    0.45    4.13 ^ _4478_/Y (sky130_fd_sc_hd__a21oi_2)
                                         _1473_ (net)
                  0.51    0.00    4.14 ^ _4570_/A (sky130_fd_sc_hd__nor2_1)
     1    0.00    0.10    0.12    4.26 v _4570_/Y (sky130_fd_sc_hd__nor2_1)
                                         _0066_ (net)
                  0.10    0.00    4.26 v _6190_/CIN (sky130_fd_sc_hd__fa_1)
     1    0.01    0.11    0.49    4.75 v _6190_/SUM (sky130_fd_sc_hd__fa_1)
                                         _2885_ (net)
                  0.11    0.00    4.75 v _6336_/A (sky130_fd_sc_hd__fa_1)
     1    0.01    0.09    0.58    5.32 ^ _6336_/SUM (sky130_fd_sc_hd__fa_1)
                                         _3121_ (net)
                  0.09    0.00    5.32 ^ _6268_/CIN (sky130_fd_sc_hd__fa_1)
     1    0.01    0.11    0.46    5.78 v _6268_/SUM (sky130_fd_sc_hd__fa_1)
                                         _3125_ (net)
                  0.11    0.00    5.78 v _6416_/B (sky130_fd_sc_hd__fa_1)
     1    0.01    0.09    0.55    6.33 ^ _6416_/SUM (sky130_fd_sc_hd__fa_1)
                                         _3418_ (net)
                  0.09    0.00    6.33 ^ _6384_/B (sky130_fd_sc_hd__fa_1)
     1    0.00    0.08    0.43    6.76 v _6384_/SUM (sky130_fd_sc_hd__fa_1)
                                         _3421_ (net)
                  0.08    0.00    6.76 v _6741_/B (sky130_fd_sc_hd__ha_1)
     2    0.01    0.08    0.31    7.07 v _6741_/SUM (sky130_fd_sc_hd__ha_1)
                                         _0646_ (net)
                  0.08    0.00    7.07 v _4160_/A (sky130_fd_sc_hd__inv_1)
     2    0.01    0.06    0.08    7.15 ^ _4160_/Y (sky130_fd_sc_hd__inv_1)
                                         _1292_ (net)
                  0.06    0.00    7.15 ^ _4168_/A1 (sky130_fd_sc_hd__o21bai_1)
     1    0.01    0.07    0.09    7.24 v _4168_/Y (sky130_fd_sc_hd__o21bai_1)
                                         _1300_ (net)
                  0.07    0.00    7.24 v _4169_/A1 (sky130_fd_sc_hd__a21oi_2)
     2    0.01    0.13    0.16    7.40 ^ _4169_/Y (sky130_fd_sc_hd__a21oi_2)
                                         _1301_ (net)
                  0.13    0.00    7.40 ^ _4170_/A2 (sky130_fd_sc_hd__o21bai_1)
     1    0.01    0.07    0.10    7.50 v _4170_/Y (sky130_fd_sc_hd__o21bai_1)
                                         _1302_ (net)
                  0.07    0.00    7.50 v _4171_/A1 (sky130_fd_sc_hd__a21oi_2)
     2    0.01    0.13    0.15    7.65 ^ _4171_/Y (sky130_fd_sc_hd__a21oi_2)
                                         _1303_ (net)
                  0.13    0.00    7.65 ^ _4172_/A2 (sky130_fd_sc_hd__o21bai_1)
     1    0.01    0.07    0.09    7.75 v _4172_/Y (sky130_fd_sc_hd__o21bai_1)
                                         _1304_ (net)
                  0.07    0.00    7.75 v _4173_/A1 (sky130_fd_sc_hd__a21oi_2)
     2    0.01    0.14    0.17    7.91 ^ _4173_/Y (sky130_fd_sc_hd__a21oi_2)
                                         _1305_ (net)
                  0.14    0.00    7.91 ^ _4174_/A2 (sky130_fd_sc_hd__o21bai_1)
     1    0.01    0.07    0.09    8.01 v _4174_/Y (sky130_fd_sc_hd__o21bai_1)
                                         _1306_ (net)
                  0.07    0.00    8.01 v _4175_/A1 (sky130_fd_sc_hd__a21oi_2)
     2    0.01    0.14    0.17    8.18 ^ _4175_/Y (sky130_fd_sc_hd__a21oi_2)
                                         _1307_ (net)
                  0.14    0.00    8.18 ^ _4176_/A2 (sky130_fd_sc_hd__o21bai_1)
     1    0.01    0.06    0.09    8.27 v _4176_/Y (sky130_fd_sc_hd__o21bai_1)
                                         _1308_ (net)
                  0.06    0.00    8.27 v _4177_/A1 (sky130_fd_sc_hd__a21oi_2)
     2    0.01    0.18    0.20    8.46 ^ _4177_/Y (sky130_fd_sc_hd__a21oi_2)
                                         _1309_ (net)
                  0.18    0.00    8.47 ^ place1004/A (sky130_fd_sc_hd__buf_4)
     1    0.00    0.03    0.14    8.60 ^ place1004/X (sky130_fd_sc_hd__buf_4)
                                         net1003 (net)
                  0.03    0.00    8.60 ^ _4374_/A2 (sky130_fd_sc_hd__o21bai_1)
     1    0.00    0.05    0.05    8.66 v _4374_/Y (sky130_fd_sc_hd__o21bai_1)
                                         _1420_ (net)
                  0.05    0.00    8.66 v _4375_/A1 (sky130_fd_sc_hd__a21oi_1)
     1    0.01    0.14    0.15    8.81 ^ _4375_/Y (sky130_fd_sc_hd__a21oi_1)
                                         _1421_ (net)
                  0.14    0.00    8.81 ^ _4376_/A (sky130_fd_sc_hd__xor2_1)
     2    0.01    0.22    0.23    9.04 ^ _4376_/X (sky130_fd_sc_hd__xor2_1)
                                         _0114_ (net)
                  0.22    0.00    9.04 ^ _4377_/A (sky130_fd_sc_hd__inv_2)
     2    0.01    0.06    0.07    9.12 v _4377_/Y (sky130_fd_sc_hd__inv_2)
                                         mul_product[22] (net)
                  0.06    0.00    9.12 v place985/A (sky130_fd_sc_hd__buf_4)
     6    0.04    0.07    0.18    9.30 v place985/X (sky130_fd_sc_hd__buf_4)
                                         net984 (net)
                  0.07    0.00    9.30 v _6346_/B (sky130_fd_sc_hd__fa_1)
     1    0.00    0.06    0.51    9.80 ^ _6346_/SUM (sky130_fd_sc_hd__fa_1)
                                         _0160_ (net)
                  0.06    0.00    9.80 ^ _6056_/A (sky130_fd_sc_hd__inv_1)
     2    0.01    0.04    0.05    9.86 v _6056_/Y (sky130_fd_sc_hd__inv_1)
                                         _0648_ (net)
                  0.04    0.00    9.86 v _6749_/A (sky130_fd_sc_hd__ha_1)
     1    0.01    0.08    0.31   10.17 v _6749_/SUM (sky130_fd_sc_hd__ha_1)
                                         _3251_ (net)
                  0.08    0.00   10.17 v _6312_/A (sky130_fd_sc_hd__fa_1)
     1    0.01    0.10    0.51   10.68 v _6312_/SUM (sky130_fd_sc_hd__fa_1)
                                         _2923_ (net)
                  0.10    0.00   10.68 v _6205_/A (sky130_fd_sc_hd__fa_1)
     1    0.01    0.09    0.57   11.26 ^ _6205_/SUM (sky130_fd_sc_hd__fa_1)
                                         _2927_ (net)
                  0.09    0.00   11.26 ^ _6317_/B (sky130_fd_sc_hd__fa_1)
     1    0.01    0.12    0.48   11.73 v _6317_/SUM (sky130_fd_sc_hd__fa_1)
                                         _3271_ (net)
                  0.12    0.00   11.73 v _6694_/A (sky130_fd_sc_hd__ha_1)
     2    0.01    0.05    0.24   11.97 v _6694_/COUT (sky130_fd_sc_hd__ha_1)
                                         _0577_ (net)
                  0.05    0.00   11.97 v _4137_/A (sky130_fd_sc_hd__or4_4)
     3    0.01    0.10    0.56   12.53 v _4137_/X (sky130_fd_sc_hd__or4_4)
                                         _1273_ (net)
                  0.10    0.00   12.53 v _4200_/A2 (sky130_fd_sc_hd__a31o_4)
     2    0.01    0.04    0.25   12.78 v _4200_/X (sky130_fd_sc_hd__a31o_4)
                                         _1315_ (net)
                  0.04    0.00   12.78 v _4208_/A1 (sky130_fd_sc_hd__a21o_1)
     2    0.01    0.07    0.18   12.97 v _4208_/X (sky130_fd_sc_hd__a21o_1)
                                         _1316_ (net)
                  0.07    0.00   12.97 v _4384_/A1 (sky130_fd_sc_hd__a21oi_2)
     2    0.01    0.13    0.16   13.13 ^ _4384_/Y (sky130_fd_sc_hd__a21oi_2)
                                         _1423_ (net)
                  0.13    0.00   13.13 ^ _4385_/A2 (sky130_fd_sc_hd__o21bai_1)
     1    0.01    0.06    0.09   13.22 v _4385_/Y (sky130_fd_sc_hd__o21bai_1)
                                         _1424_ (net)
                  0.06    0.00   13.22 v _4386_/A (sky130_fd_sc_hd__xnor2_1)
     2    0.01    0.18    0.20   13.42 ^ _4386_/Y (sky130_fd_sc_hd__xnor2_1)
                                         _0088_ (net)
                  0.18    0.00   13.42 ^ _4387_/A (sky130_fd_sc_hd__inv_1)
     3    0.02    0.10    0.13   13.55 v _4387_/Y (sky130_fd_sc_hd__inv_1)
                                         u_mul_reduce.prod[30] (net)
                  0.10    0.00   13.55 v _6202_/CIN (sky130_fd_sc_hd__fa_1)
     1    0.00    0.08    0.45   14.00 v _6202_/SUM (sky130_fd_sc_hd__fa_1)
                                         _2922_ (net)
                  0.08    0.00   14.00 v _6532_/B (sky130_fd_sc_hd__ha_1)
     1    0.01    0.07    0.31   14.30 v _6532_/SUM (sky130_fd_sc_hd__ha_1)
                                         _3450_ (net)
                  0.07    0.00   14.30 v _6393_/B (sky130_fd_sc_hd__fa_1)
     1    0.00    0.06    0.51   14.81 ^ _6393_/SUM (sky130_fd_sc_hd__fa_1)
                                         _0184_ (net)
                  0.06    0.00   14.81 ^ _4104_/A (sky130_fd_sc_hd__inv_1)
     1    0.01    0.04    0.05   14.87 v _4104_/Y (sky130_fd_sc_hd__inv_1)
                                         _0036_ (net)
                  0.04    0.00   14.87 v _6176_/B (sky130_fd_sc_hd__fa_1)
     1    0.00    0.08    0.45   15.32 v _6176_/SUM (sky130_fd_sc_hd__fa_1)
                                         _2849_ (net)
                  0.08    0.00   15.32 v _6434_/B (sky130_fd_sc_hd__ha_1)
     6    0.02    0.14    0.38   15.70 v _6434_/SUM (sky130_fd_sc_hd__ha_1)
                                         _0230_ (net)
                  0.14    0.00   15.70 v _3799_/A1 (sky130_fd_sc_hd__a211oi_1)
     1    0.01    0.33    0.35   16.04 ^ _3799_/Y (sky130_fd_sc_hd__a211oi_1)
                                         _0949_ (net)
                  0.33    0.00   16.04 ^ _3800_/D1 (sky130_fd_sc_hd__o2111ai_1)
     1    0.01    0.15    0.20   16.24 v _3800_/Y (sky130_fd_sc_hd__o2111ai_1)
                                         _0950_ (net)
                  0.15    0.00   16.24 v _3801_/A2 (sky130_fd_sc_hd__a21oi_1)
     2    0.02    0.35    0.36   16.60 ^ _3801_/Y (sky130_fd_sc_hd__a21oi_1)
                                         _0951_ (net)
                  0.35    0.00   16.60 ^ _3802_/A_N (sky130_fd_sc_hd__nand4b_1)
     1    0.00    0.09    0.17   16.78 ^ _3802_/Y (sky130_fd_sc_hd__nand4b_1)
                                         _0952_ (net)
                  0.09    0.00   16.78 ^ _3804_/A2 (sky130_fd_sc_hd__a21oi_1)
     2    0.00    0.06    0.08   16.86 v _3804_/Y (sky130_fd_sc_hd__a21oi_1)
                                         _0954_ (net)
                  0.06    0.00   16.86 v _3809_/A_N (sky130_fd_sc_hd__nand3b_1)
     3    0.02    0.20    0.27   17.13 v _3809_/Y (sky130_fd_sc_hd__nand3b_1)
                                         _0959_ (net)
                  0.20    0.00   17.13 v _3904_/A1 (sky130_fd_sc_hd__a211o_1)
     5    0.03    0.17    0.44   17.56 v _3904_/X (sky130_fd_sc_hd__a211o_1)
                                         _1054_ (net)
                  0.17    0.00   17.57 v place750/A (sky130_fd_sc_hd__buf_4)
     3    0.01    0.04    0.20   17.77 v place750/X (sky130_fd_sc_hd__buf_4)
                                         net749 (net)
                  0.04    0.00   17.77 v _4047_/A2 (sky130_fd_sc_hd__o41ai_1)
     1    0.00    0.32    0.38   18.14 ^ _4047_/Y (sky130_fd_sc_hd__o41ai_1)
                                         _1195_ (net)
                  0.32    0.00   18.14 ^ place737/A (sky130_fd_sc_hd__buf_4)
     2    0.01    0.05    0.19   18.33 ^ place737/X (sky130_fd_sc_hd__buf_4)
                                         net736 (net)
                  0.05    0.00   18.33 ^ _4049_/B1 (sky130_fd_sc_hd__o221ai_2)
     1    0.01    0.09    0.12   18.44 v _4049_/Y (sky130_fd_sc_hd__o221ai_2)
                                         _1197_ (net)
                  0.09    0.00   18.44 v _4050_/A (sky130_fd_sc_hd__nor4_4)
     4    0.01    0.29    0.36   18.81 ^ _4050_/Y (sky130_fd_sc_hd__nor4_4)
                                         _1198_ (net)
                  0.29    0.00   18.81 ^ _5473_/A3 (sky130_fd_sc_hd__o311ai_0)
     3    0.01    0.27    0.28   19.09 v _5473_/Y (sky130_fd_sc_hd__o311ai_0)
                                         _2220_ (net)
                  0.27    0.00   19.09 v place669/A (sky130_fd_sc_hd__buf_4)
     2    0.01    0.03    0.23   19.32 v place669/X (sky130_fd_sc_hd__buf_4)
                                         net668 (net)
                  0.03    0.00   19.32 v _5512_/A1 (sky130_fd_sc_hd__a21oi_1)
     1    0.00    0.11    0.11   19.43 ^ _5512_/Y (sky130_fd_sc_hd__a21oi_1)
                                         _2259_ (net)
                  0.11    0.00   19.43 ^ _5513_/B2 (sky130_fd_sc_hd__a32o_1)
     2    0.01    0.08    0.16   19.59 ^ _5513_/X (sky130_fd_sc_hd__a32o_1)
                                         _2260_ (net)
                  0.08    0.00   19.59 ^ _5516_/B (sky130_fd_sc_hd__nand3b_1)
     2    0.01    0.09    0.11   19.70 v _5516_/Y (sky130_fd_sc_hd__nand3b_1)
                                         _2263_ (net)
                  0.09    0.00   19.70 v _5623_/A (sky130_fd_sc_hd__or3_1)
     2    0.01    0.08    0.40   20.10 v _5623_/X (sky130_fd_sc_hd__or3_1)
                                         _2370_ (net)
                  0.08    0.00   20.10 v _5624_/A (sky130_fd_sc_hd__nand4_1)
     2    0.01    0.10    0.10   20.20 ^ _5624_/Y (sky130_fd_sc_hd__nand4_1)
                                         _2371_ (net)
                  0.10    0.00   20.20 ^ _5649_/B (sky130_fd_sc_hd__nand2_1)
     2    0.01    0.05    0.08   20.28 v _5649_/Y (sky130_fd_sc_hd__nand2_1)
                                         _2392_ (net)
                  0.05    0.00   20.28 v _5656_/C (sky130_fd_sc_hd__or4_1)
     1    0.00    0.08    0.46   20.74 v _5656_/X (sky130_fd_sc_hd__or4_1)
                                         _2399_ (net)
                  0.08    0.00   20.74 v _5658_/A2 (sky130_fd_sc_hd__a31oi_1)
     1    0.00    0.12    0.16   20.91 ^ _5658_/Y (sky130_fd_sc_hd__a31oi_1)
                                         _0808_ (net)
                  0.12    0.00   20.91 ^ mul_reduced_q[6]$_DFFE_PN0P_/D (sky130_fd_sc_hd__dfrtp_1)
                                 20.91   data arrival time

                  0.00   20.00   20.00   clock clk (rise edge)
                          0.00   20.00   clock network delay (ideal)
                         -0.25   19.75   clock uncertainty
                          0.00   19.75   clock reconvergence pessimism
                                 19.75 ^ mul_reduced_q[6]$_DFFE_PN0P_/CLK (sky130_fd_sc_hd__dfrtp_1)
                         -0.08   19.67   library setup time
                                 19.67   data required time
-----------------------------------------------------------------------------
                                 19.67   data required time
                                -20.91   data arrival time
-----------------------------------------------------------------------------
                                 -1.24   slack (VIOLATED)



==========================================================================
resizer report_check_types -max_slew -max_cap -max_fanout -violators
--------------------------------------------------------------------------
max slew

Pin                                    Limit    Slew   Slack
------------------------------------------------------------
u_coeff_ram.u_macro/addr0[6]            0.04    0.13   -0.09 (VIOLATED)
u_coeff_ram.u_macro/addr0[7]            0.04    0.13   -0.09 (VIOLATED)
u_coeff_ram.u_macro/addr0[5]            0.04    0.12   -0.08 (VIOLATED)
u_coeff_ram.u_macro/addr0[4]            0.04    0.12   -0.08 (VIOLATED)
u_coeff_ram.u_macro/addr0[3]            0.04    0.12   -0.08 (VIOLATED)
u_coeff_ram.u_macro/addr0[1]            0.04    0.06   -0.02 (VIOLATED)
u_coeff_ram.u_macro/addr0[2]            0.04    0.05   -0.01 (VIOLATED)
u_coeff_ram.u_macro/addr0[0]            0.04    0.05   -0.01 (VIOLATED)


==========================================================================
resizer max_slew_check_slack
--------------------------------------------------------------------------
-0.08634534478187561

==========================================================================
resizer max_slew_check_limit
--------------------------------------------------------------------------
0.03999999910593033

==========================================================================
resizer max_slew_check_slack_limit
--------------------------------------------------------------------------
-2.1586

==========================================================================
resizer max_fanout_check_slack
--------------------------------------------------------------------------
2.0

==========================================================================
resizer max_fanout_check_limit
--------------------------------------------------------------------------
4.0

==========================================================================
resizer max_fanout_check_slack_limit
--------------------------------------------------------------------------
0.5000

==========================================================================
resizer max_capacitance_check_slack
--------------------------------------------------------------------------
0.0016444653738290071

==========================================================================
resizer max_capacitance_check_limit
--------------------------------------------------------------------------
0.027559999376535416

==========================================================================
resizer max_capacitance_check_slack_limit
--------------------------------------------------------------------------
0.0597

==========================================================================
resizer max_slew_violation_count
--------------------------------------------------------------------------
max slew violation count 8

==========================================================================
resizer max_fanout_violation_count
--------------------------------------------------------------------------
max fanout violation count 0

==========================================================================
resizer max_cap_violation_count
--------------------------------------------------------------------------
max cap violation count 0

==========================================================================
resizer setup_violation_count
--------------------------------------------------------------------------
setup violation count 12

==========================================================================
resizer hold_violation_count
--------------------------------------------------------------------------
hold violation count 0

==========================================================================
resizer report_checks -path_delay max reg to reg
--------------------------------------------------------------------------
Startpoint: coeff_b_q[1]$_DFFE_PN0P_
            (rising edge-triggered flip-flop clocked by clk)
Endpoint: mul_reduced_q[6]$_DFFE_PN0P_
          (rising edge-triggered flip-flop clocked by clk)
Path Group: clk
Path Type: max

  Delay    Time   Description
---------------------------------------------------------
   0.00    0.00   clock clk (rise edge)
   0.00    0.00   clock network delay (ideal)
   0.00    0.00 ^ coeff_b_q[1]$_DFFE_PN0P_/CLK (sky130_fd_sc_hd__dfrtp_1)
   0.33    0.33 ^ coeff_b_q[1]$_DFFE_PN0P_/Q (sky130_fd_sc_hd__dfrtp_1)
   0.06    0.39 v _4111_/Y (sky130_fd_sc_hd__inv_1)
   0.27    0.66 ^ _6619_/SUM (sky130_fd_sc_hd__ha_1)
   0.05    0.71 v _4113_/Y (sky130_fd_sc_hd__inv_1)
   0.20    0.91 v _6614_/COUT (sky130_fd_sc_hd__ha_2)
   0.40    1.30 v _6287_/COUT (sky130_fd_sc_hd__fa_2)
   0.14    1.44 ^ _4268_/Y (sky130_fd_sc_hd__a21oi_2)
   0.05    1.49 v _4269_/Y (sky130_fd_sc_hd__nor2_1)
   0.17    1.66 ^ _4270_/Y (sky130_fd_sc_hd__nor2_1)
   0.12    1.77 v _4271_/Y (sky130_fd_sc_hd__o21bai_1)
   0.17    1.94 ^ _4272_/Y (sky130_fd_sc_hd__a21oi_2)
   0.13    2.07 ^ place1159/X (sky130_fd_sc_hd__buf_4)
   0.06    2.13 v _4285_/Y (sky130_fd_sc_hd__o21bai_1)
   0.18    2.30 ^ _4286_/Y (sky130_fd_sc_hd__a21oi_1)
   0.08    2.39 v _4289_/Y (sky130_fd_sc_hd__o21bai_1)
   0.17    2.56 ^ _4290_/Y (sky130_fd_sc_hd__a21oi_1)
   0.17    2.73 ^ _4291_/Y (sky130_fd_sc_hd__xnor2_1)
   0.13    2.85 v _4294_/Y (sky130_fd_sc_hd__nand3_1)
   0.12    2.98 ^ _4295_/Y (sky130_fd_sc_hd__nand2_2)
   0.07    3.05 v _4439_/Y (sky130_fd_sc_hd__inv_2)
   0.21    3.25 ^ _4460_/Y (sky130_fd_sc_hd__nor4_4)
   0.11    3.36 v _4474_/Y (sky130_fd_sc_hd__nand2_1)
   0.19    3.55 ^ _4475_/X (sky130_fd_sc_hd__xor2_1)
   0.13    3.68 v _4477_/Y (sky130_fd_sc_hd__a211oi_2)
   0.45    4.13 ^ _4478_/Y (sky130_fd_sc_hd__a21oi_2)
   0.12    4.26 v _4570_/Y (sky130_fd_sc_hd__nor2_1)
   0.49    4.75 v _6190_/SUM (sky130_fd_sc_hd__fa_1)
   0.58    5.32 ^ _6336_/SUM (sky130_fd_sc_hd__fa_1)
   0.46    5.78 v _6268_/SUM (sky130_fd_sc_hd__fa_1)
   0.55    6.33 ^ _6416_/SUM (sky130_fd_sc_hd__fa_1)
   0.43    6.76 v _6384_/SUM (sky130_fd_sc_hd__fa_1)
   0.31    7.07 v _6741_/SUM (sky130_fd_sc_hd__ha_1)
   0.08    7.15 ^ _4160_/Y (sky130_fd_sc_hd__inv_1)
   0.09    7.24 v _4168_/Y (sky130_fd_sc_hd__o21bai_1)
   0.16    7.40 ^ _4169_/Y (sky130_fd_sc_hd__a21oi_2)
   0.10    7.50 v _4170_/Y (sky130_fd_sc_hd__o21bai_1)
   0.15    7.65 ^ _4171_/Y (sky130_fd_sc_hd__a21oi_2)
   0.09    7.75 v _4172_/Y (sky130_fd_sc_hd__o21bai_1)
   0.17    7.91 ^ _4173_/Y (sky130_fd_sc_hd__a21oi_2)
   0.09    8.01 v _4174_/Y (sky130_fd_sc_hd__o21bai_1)
   0.17    8.18 ^ _4175_/Y (sky130_fd_sc_hd__a21oi_2)
   0.09    8.27 v _4176_/Y (sky130_fd_sc_hd__o21bai_1)
   0.20    8.46 ^ _4177_/Y (sky130_fd_sc_hd__a21oi_2)
   0.14    8.60 ^ place1004/X (sky130_fd_sc_hd__buf_4)
   0.05    8.66 v _4374_/Y (sky130_fd_sc_hd__o21bai_1)
   0.15    8.81 ^ _4375_/Y (sky130_fd_sc_hd__a21oi_1)
   0.23    9.04 ^ _4376_/X (sky130_fd_sc_hd__xor2_1)
   0.07    9.12 v _4377_/Y (sky130_fd_sc_hd__inv_2)
   0.18    9.30 v place985/X (sky130_fd_sc_hd__buf_4)
   0.51    9.80 ^ _6346_/SUM (sky130_fd_sc_hd__fa_1)
   0.05    9.86 v _6056_/Y (sky130_fd_sc_hd__inv_1)
   0.31   10.17 v _6749_/SUM (sky130_fd_sc_hd__ha_1)
   0.51   10.68 v _6312_/SUM (sky130_fd_sc_hd__fa_1)
   0.57   11.26 ^ _6205_/SUM (sky130_fd_sc_hd__fa_1)
   0.48   11.73 v _6317_/SUM (sky130_fd_sc_hd__fa_1)
   0.24   11.97 v _6694_/COUT (sky130_fd_sc_hd__ha_1)
   0.56   12.53 v _4137_/X (sky130_fd_sc_hd__or4_4)
   0.25   12.78 v _4200_/X (sky130_fd_sc_hd__a31o_4)
   0.18   12.97 v _4208_/X (sky130_fd_sc_hd__a21o_1)
   0.16   13.13 ^ _4384_/Y (sky130_fd_sc_hd__a21oi_2)
   0.09   13.22 v _4385_/Y (sky130_fd_sc_hd__o21bai_1)
   0.20   13.42 ^ _4386_/Y (sky130_fd_sc_hd__xnor2_1)
   0.13   13.55 v _4387_/Y (sky130_fd_sc_hd__inv_1)
   0.45   14.00 v _6202_/SUM (sky130_fd_sc_hd__fa_1)
   0.31   14.30 v _6532_/SUM (sky130_fd_sc_hd__ha_1)
   0.51   14.81 ^ _6393_/SUM (sky130_fd_sc_hd__fa_1)
   0.05   14.87 v _4104_/Y (sky130_fd_sc_hd__inv_1)
   0.45   15.32 v _6176_/SUM (sky130_fd_sc_hd__fa_1)
   0.38   15.70 v _6434_/SUM (sky130_fd_sc_hd__ha_1)
   0.35   16.04 ^ _3799_/Y (sky130_fd_sc_hd__a211oi_1)
   0.20   16.24 v _3800_/Y (sky130_fd_sc_hd__o2111ai_1)
   0.36   16.60 ^ _3801_/Y (sky130_fd_sc_hd__a21oi_1)
   0.17   16.78 ^ _3802_/Y (sky130_fd_sc_hd__nand4b_1)
   0.08   16.86 v _3804_/Y (sky130_fd_sc_hd__a21oi_1)
   0.27   17.13 v _3809_/Y (sky130_fd_sc_hd__nand3b_1)
   0.44   17.56 v _3904_/X (sky130_fd_sc_hd__a211o_1)
   0.20   17.77 v place750/X (sky130_fd_sc_hd__buf_4)
   0.38   18.14 ^ _4047_/Y (sky130_fd_sc_hd__o41ai_1)
   0.19   18.33 ^ place737/X (sky130_fd_sc_hd__buf_4)
   0.12   18.44 v _4049_/Y (sky130_fd_sc_hd__o221ai_2)
   0.36   18.81 ^ _4050_/Y (sky130_fd_sc_hd__nor4_4)
   0.28   19.09 v _5473_/Y (sky130_fd_sc_hd__o311ai_0)
   0.23   19.32 v place669/X (sky130_fd_sc_hd__buf_4)
   0.11   19.43 ^ _5512_/Y (sky130_fd_sc_hd__a21oi_1)
   0.16   19.59 ^ _5513_/X (sky130_fd_sc_hd__a32o_1)
   0.11   19.70 v _5516_/Y (sky130_fd_sc_hd__nand3b_1)
   0.40   20.10 v _5623_/X (sky130_fd_sc_hd__or3_1)
   0.10   20.20 ^ _5624_/Y (sky130_fd_sc_hd__nand4_1)
   0.08   20.28 v _5649_/Y (sky130_fd_sc_hd__nand2_1)
   0.46   20.74 v _5656_/X (sky130_fd_sc_hd__or4_1)
   0.16   20.91 ^ _5658_/Y (sky130_fd_sc_hd__a31oi_1)
   0.00   20.91 ^ mul_reduced_q[6]$_DFFE_PN0P_/D (sky130_fd_sc_hd__dfrtp_1)
          20.91   data arrival time

  20.00   20.00   clock clk (rise edge)
   0.00   20.00   clock network delay (ideal)
  -0.25   19.75   clock uncertainty
   0.00   19.75   clock reconvergence pessimism
          19.75 ^ mul_reduced_q[6]$_DFFE_PN0P_/CLK (sky130_fd_sc_hd__dfrtp_1)
  -0.08   19.67   library setup time
          19.67   data required time
---------------------------------------------------------
          19.67   data required time
         -20.91   data arrival time
---------------------------------------------------------
          -1.24   slack (VIOLATED)



==========================================================================
resizer report_checks -path_delay min reg to reg
--------------------------------------------------------------------------
Startpoint: st[12]$_DFF_PN0_ (rising edge-triggered flip-flop clocked by clk)
Endpoint: done$_DFF_PN0_ (rising edge-triggered flip-flop clocked by clk)
Path Group: clk
Path Type: min

  Delay    Time   Description
---------------------------------------------------------
   0.00    0.00   clock clk (rise edge)
   0.00    0.00   clock network delay (ideal)
   0.00    0.00 ^ st[12]$_DFF_PN0_/CLK (sky130_fd_sc_hd__dfrtp_1)
   0.31    0.31 ^ st[12]$_DFF_PN0_/Q (sky130_fd_sc_hd__dfrtp_1)
   0.00    0.31 ^ done$_DFF_PN0_/D (sky130_fd_sc_hd__dfrtp_1)
           0.31   data arrival time

   0.00    0.00   clock clk (rise edge)
   0.00    0.00   clock network delay (ideal)
   0.25    0.25   clock uncertainty
   0.00    0.25   clock reconvergence pessimism
           0.25 ^ done$_DFF_PN0_/CLK (sky130_fd_sc_hd__dfrtp_1)
  -0.04    0.21   library hold time
           0.21   data required time
---------------------------------------------------------
           0.21   data required time
          -0.31   data arrival time
---------------------------------------------------------
           0.11   slack (MET)



==========================================================================
resizer critical path target clock latency max path
--------------------------------------------------------------------------
0.0000

==========================================================================
resizer critical path target clock latency min path
--------------------------------------------------------------------------
0.0000

==========================================================================
resizer critical path source clock latency min path
--------------------------------------------------------------------------
0.0000

==========================================================================
resizer critical path delay
--------------------------------------------------------------------------
20.9053

==========================================================================
resizer critical path slack
--------------------------------------------------------------------------
-1.2390

==========================================================================
resizer slack div critical path delay
--------------------------------------------------------------------------
-5.926727

==========================================================================
resizer report_power
--------------------------------------------------------------------------
Group                  Internal  Switching    Leakage      Total
                          Power      Power      Power      Power (Watts)
----------------------------------------------------------------
Sequential             3.19e-04   0.00e+00   2.09e-09   3.19e-04   0.0%
Combinational          1.04e-05   1.95e-05   1.64e-08   2.99e-05   0.0%
Clock                  0.00e+00   0.00e+00   0.00e+00   0.00e+00   0.0%
Macro                  3.88e+06   0.00e+00   4.55e-06   3.88e+06 100.0%
Pad                    0.00e+00   0.00e+00   0.00e+00   0.00e+00   0.0%
----------------------------------------------------------------
Total                  3.88e+06   1.95e-05   4.57e-06   3.88e+06 100.0%
                         100.0%       0.0%       0.0%
