
==========================================================================
cts final report_tns
--------------------------------------------------------------------------
tns max -10.20

==========================================================================
cts final report_wns
--------------------------------------------------------------------------
wns max -0.92

==========================================================================
cts final report_worst_slack
--------------------------------------------------------------------------
worst slack max -0.92

==========================================================================
cts final report_clock_min_period
--------------------------------------------------------------------------
clk period_min = 20.92 fmax = 47.80

==========================================================================
cts final report_clock_skew
--------------------------------------------------------------------------
Clock clk
   0.64 source latency j[2]$_DFFE_PN0P_/CLK ^
  -0.57 target latency u_coeff_ram.u_macro/clk0 ^
   0.25 clock uncertainty
   0.00 CRPR
--------------
   0.31 setup skew


==========================================================================
cts final report_checks -path_delay min
--------------------------------------------------------------------------
Startpoint: st[12]$_DFF_PN0_ (rising edge-triggered flip-flop clocked by clk)
Endpoint: done$_DFF_PN0_ (rising edge-triggered flip-flop clocked by clk)
Path Group: clk
Path Type: min

Fanout     Cap    Slew   Delay    Time   Description
-----------------------------------------------------------------------------
                          0.00    0.00   clock clk (rise edge)
                          0.00    0.00   clock source latency
     2    0.07    0.00    0.00    0.00 ^ clk (in)
                                         clk (net)
                  0.00    0.00    0.00 ^ clkbuf_regs_0_clk/A (sky130_fd_sc_hd__clkbuf_16)
     1    0.01    0.03    0.10    0.10 ^ clkbuf_regs_0_clk/X (sky130_fd_sc_hd__clkbuf_16)
                                         clk_regs (net)
                  0.03    0.00    0.10 ^ clkbuf_0_clk_regs/A (sky130_fd_sc_hd__clkbuf_16)
    16    0.26    0.27    0.29    0.39 ^ clkbuf_0_clk_regs/X (sky130_fd_sc_hd__clkbuf_16)
                                         clknet_0_clk_regs (net)
                  0.27    0.01    0.40 ^ clkbuf_4_11_0_clk_regs/A (sky130_fd_sc_hd__clkbuf_16)
    15    0.07    0.09    0.24    0.63 ^ clkbuf_4_11_0_clk_regs/X (sky130_fd_sc_hd__clkbuf_16)
                                         clknet_4_11_0_clk_regs (net)
                  0.09    0.00    0.64 ^ st[12]$_DFF_PN0_/CLK (sky130_fd_sc_hd__dfrtp_1)
     2    0.01    0.07    0.35    0.98 ^ st[12]$_DFF_PN0_/Q (sky130_fd_sc_hd__dfrtp_1)
                                         st[12] (net)
                  0.07    0.00    0.98 ^ done$_DFF_PN0_/D (sky130_fd_sc_hd__dfrtp_1)
                                  0.98   data arrival time

                          0.00    0.00   clock clk (rise edge)
                          0.00    0.00   clock source latency
     2    0.07    0.00    0.00    0.00 ^ clk (in)
                                         clk (net)
                  0.00    0.00    0.00 ^ clkbuf_regs_0_clk/A (sky130_fd_sc_hd__clkbuf_16)
     1    0.01    0.03    0.10    0.10 ^ clkbuf_regs_0_clk/X (sky130_fd_sc_hd__clkbuf_16)
                                         clk_regs (net)
                  0.03    0.00    0.10 ^ clkbuf_0_clk_regs/A (sky130_fd_sc_hd__clkbuf_16)
    16    0.26    0.27    0.29    0.39 ^ clkbuf_0_clk_regs/X (sky130_fd_sc_hd__clkbuf_16)
                                         clknet_0_clk_regs (net)
                  0.27    0.01    0.40 ^ clkbuf_4_11_0_clk_regs/A (sky130_fd_sc_hd__clkbuf_16)
    15    0.07    0.09    0.24    0.63 ^ clkbuf_4_11_0_clk_regs/X (sky130_fd_sc_hd__clkbuf_16)
                                         clknet_4_11_0_clk_regs (net)
                  0.09    0.00    0.64 ^ done$_DFF_PN0_/CLK (sky130_fd_sc_hd__dfrtp_1)
                          0.25    0.89   clock uncertainty
                          0.00    0.89   clock reconvergence pessimism
                         -0.03    0.85   library hold time
                                  0.85   data required time
-----------------------------------------------------------------------------
                                  0.85   data required time
                                 -0.98   data arrival time
-----------------------------------------------------------------------------
                                  0.13   slack (MET)



==========================================================================
cts final report_checks -path_delay max
--------------------------------------------------------------------------
Startpoint: coeff_a_q[1]$_DFFE_PN0P_
            (rising edge-triggered flip-flop clocked by clk)
Endpoint: mul_reduced_q[4]$_DFFE_PN0P_
          (rising edge-triggered flip-flop clocked by clk)
Path Group: clk
Path Type: max

Fanout     Cap    Slew   Delay    Time   Description
-----------------------------------------------------------------------------
                          0.00    0.00   clock clk (rise edge)
                          0.00    0.00   clock source latency
     2    0.07    0.00    0.00    0.00 ^ clk (in)
                                         clk (net)
                  0.00    0.00    0.00 ^ clkbuf_regs_0_clk/A (sky130_fd_sc_hd__clkbuf_16)
     1    0.01    0.03    0.10    0.10 ^ clkbuf_regs_0_clk/X (sky130_fd_sc_hd__clkbuf_16)
                                         clk_regs (net)
                  0.03    0.00    0.10 ^ clkbuf_0_clk_regs/A (sky130_fd_sc_hd__clkbuf_16)
    16    0.26    0.27    0.29    0.39 ^ clkbuf_0_clk_regs/X (sky130_fd_sc_hd__clkbuf_16)
                                         clknet_0_clk_regs (net)
                  0.27    0.01    0.40 ^ clkbuf_4_7_0_clk_regs/A (sky130_fd_sc_hd__clkbuf_16)
    11    0.05    0.07    0.22    0.62 ^ clkbuf_4_7_0_clk_regs/X (sky130_fd_sc_hd__clkbuf_16)
                                         clknet_4_7_0_clk_regs (net)
                  0.07    0.00    0.62 ^ coeff_a_q[1]$_DFFE_PN0P_/CLK (sky130_fd_sc_hd__dfrtp_2)
     2    0.01    0.07    0.43    1.05 v coeff_a_q[1]$_DFFE_PN0P_/Q (sky130_fd_sc_hd__dfrtp_2)
                                         coeff_a_q[1] (net)
                  0.07    0.00    1.05 v _6619_/A (sky130_fd_sc_hd__ha_4)
     1    0.01    0.05    0.28    1.33 ^ _6619_/SUM (sky130_fd_sc_hd__ha_4)
                                         _0516_ (net)
                  0.05    0.00    1.33 ^ _4113_/A (sky130_fd_sc_hd__inv_4)
     2    0.01    0.02    0.04    1.37 v _4113_/Y (sky130_fd_sc_hd__inv_4)
                                         _0454_ (net)
                  0.02    0.00    1.37 v _6614_/A (sky130_fd_sc_hd__ha_4)
     2    0.01    0.04    0.15    1.52 v _6614_/COUT (sky130_fd_sc_hd__ha_4)
                                         _0157_ (net)
                  0.04    0.00    1.52 v _6287_/CIN (sky130_fd_sc_hd__fa_2)
     2    0.01    0.09    0.37    1.89 v _6287_/COUT (sky130_fd_sc_hd__fa_2)
                                         _0158_ (net)
                  0.09    0.00    1.89 v _4268_/A1 (sky130_fd_sc_hd__a21oi_2)
     1    0.00    0.09    0.13    2.03 ^ _4268_/Y (sky130_fd_sc_hd__a21oi_2)
                                         _1362_ (net)
                  0.09    0.00    2.03 ^ _4269_/B (sky130_fd_sc_hd__nor2_1)
     1    0.00    0.03    0.05    2.08 v _4269_/Y (sky130_fd_sc_hd__nor2_1)
                                         _1363_ (net)
                  0.03    0.00    2.08 v _4270_/B (sky130_fd_sc_hd__nor2_1)
     2    0.01    0.19    0.16    2.24 ^ _4270_/Y (sky130_fd_sc_hd__nor2_1)
                                         _1364_ (net)
                  0.19    0.00    2.24 ^ _4271_/A2 (sky130_fd_sc_hd__o21bai_1)
     1    0.01    0.07    0.11    2.35 v _4271_/Y (sky130_fd_sc_hd__o21bai_1)
                                         _1365_ (net)
                  0.07    0.00    2.35 v _4272_/A2 (sky130_fd_sc_hd__a21oi_2)
     2    0.01    0.14    0.18    2.53 ^ _4272_/Y (sky130_fd_sc_hd__a21oi_2)
                                         _1366_ (net)
                  0.14    0.00    2.53 ^ _4273_/A (sky130_fd_sc_hd__xnor2_1)
     2    0.01    0.08    0.12    2.64 v _4273_/Y (sky130_fd_sc_hd__xnor2_1)
                                         _1367_ (net)
                  0.08    0.00    2.64 v _4280_/A_N (sky130_fd_sc_hd__nand2b_4)
     2    0.01    0.04    0.15    2.80 v _4280_/Y (sky130_fd_sc_hd__nand2b_4)
                                         _1374_ (net)
                  0.04    0.00    2.80 v _4281_/D (sky130_fd_sc_hd__or4_4)
     2    0.01    0.09    0.42    3.22 v _4281_/X (sky130_fd_sc_hd__or4_4)
                                         _1375_ (net)
                  0.09    0.00    3.22 v _4282_/B1 (sky130_fd_sc_hd__a31oi_1)
     1    0.00    0.14    0.16    3.38 ^ _4282_/Y (sky130_fd_sc_hd__a31oi_1)
                                         _1376_ (net)
                  0.14    0.00    3.38 ^ _4288_/A2 (sky130_fd_sc_hd__o21ai_1)
     1    0.00    0.07    0.08    3.46 v _4288_/Y (sky130_fd_sc_hd__o21ai_1)
                                         _1382_ (net)
                  0.07    0.00    3.46 v _4294_/B (sky130_fd_sc_hd__nand3_1)
     1    0.01    0.08    0.10    3.56 ^ _4294_/Y (sky130_fd_sc_hd__nand3_1)
                                         _1388_ (net)
                  0.08    0.00    3.56 ^ _4295_/A (sky130_fd_sc_hd__nand2_2)
     5    0.02    0.09    0.09    3.65 v _4295_/Y (sky130_fd_sc_hd__nand2_2)
                                         _1389_ (net)
                  0.09    0.00    3.65 v _4439_/A (sky130_fd_sc_hd__inv_2)
     3    0.02    0.08    0.10    3.76 ^ _4439_/Y (sky130_fd_sc_hd__inv_2)
                                         _1439_ (net)
                  0.08    0.00    3.76 ^ _4460_/D (sky130_fd_sc_hd__nor4_4)
     3    0.01    0.06    0.05    3.81 v _4460_/Y (sky130_fd_sc_hd__nor4_4)
                                         _1457_ (net)
                  0.06    0.00    3.81 v place1139/A (sky130_fd_sc_hd__buf_4)
     1    0.01    0.03    0.14    3.95 v place1139/X (sky130_fd_sc_hd__buf_4)
                                         net1138 (net)
                  0.03    0.00    3.95 v _4487_/B (sky130_fd_sc_hd__xnor2_2)
     1    0.00    0.05    0.12    4.07 v _4487_/Y (sky130_fd_sc_hd__xnor2_2)
                                         _1480_ (net)
                  0.05    0.00    4.07 v _4488_/A1 (sky130_fd_sc_hd__mux2i_2)
     2    0.01    0.23    0.22    4.29 ^ _4488_/Y (sky130_fd_sc_hd__mux2i_2)
                                         _1481_ (net)
                  0.23    0.00    4.29 ^ _4489_/B (sky130_fd_sc_hd__nor2_1)
     2    0.01    0.21    0.10    4.39 v _4489_/Y (sky130_fd_sc_hd__nor2_1)
                                         _1482_ (net)
                  0.21    0.00    4.39 v _4490_/B1 (sky130_fd_sc_hd__a21oi_2)
     1    0.01    0.14    0.18    4.57 ^ _4490_/Y (sky130_fd_sc_hd__a21oi_2)
                                         _1483_ (net)
                  0.14    0.00    4.57 ^ place1102/A (sky130_fd_sc_hd__buf_6)
     7    0.04    0.09    0.16    4.74 ^ place1102/X (sky130_fd_sc_hd__buf_6)
                                         net1101 (net)
                  0.09    0.00    4.74 ^ _4572_/B (sky130_fd_sc_hd__nor2_4)
     1    0.01    0.05    0.04    4.78 v _4572_/Y (sky130_fd_sc_hd__nor2_4)
                                         _0072_ (net)
                  0.05    0.00    4.78 v _6192_/CIN (sky130_fd_sc_hd__fa_1)
     1    0.01    0.12    0.49    5.27 v _6192_/SUM (sky130_fd_sc_hd__fa_1)
                                         _2889_ (net)
                  0.12    0.00    5.27 v _6351_/A (sky130_fd_sc_hd__fa_2)
     1    0.01    0.08    0.61    5.88 ^ _6351_/SUM (sky130_fd_sc_hd__fa_2)
                                         _3338_ (net)
                  0.08    0.00    5.88 ^ _6569_/B (sky130_fd_sc_hd__ha_4)
     1    0.01    0.04    0.20    6.08 v _6569_/SUM (sky130_fd_sc_hd__ha_4)
                                         _3477_ (net)
                  0.04    0.00    6.08 v _6418_/CIN (sky130_fd_sc_hd__fa_1)
     1    0.01    0.10    0.46    6.54 v _6418_/SUM (sky130_fd_sc_hd__fa_1)
                                         _3426_ (net)
                  0.10    0.00    6.54 v _6386_/B (sky130_fd_sc_hd__fa_1)
     1    0.01    0.11    0.51    7.05 v _6386_/SUM (sky130_fd_sc_hd__fa_1)
                                         _3429_ (net)
                  0.11    0.00    7.05 v _6546_/B (sky130_fd_sc_hd__ha_4)
     2    0.01    0.05    0.30    7.35 ^ _6546_/SUM (sky130_fd_sc_hd__ha_4)
                                         _0413_ (net)
                  0.05    0.00    7.35 ^ _4161_/A (sky130_fd_sc_hd__inv_2)
     2    0.01    0.02    0.04    7.39 v _4161_/Y (sky130_fd_sc_hd__inv_2)
                                         _1293_ (net)
                  0.02    0.00    7.39 v _4166_/A2 (sky130_fd_sc_hd__o21bai_1)
     1    0.01    0.17    0.16    7.55 ^ _4166_/Y (sky130_fd_sc_hd__o21bai_1)
                                         _1298_ (net)
                  0.17    0.00    7.55 ^ _4167_/A1 (sky130_fd_sc_hd__a21oi_2)
     2    0.01    0.06    0.08    7.63 v _4167_/Y (sky130_fd_sc_hd__a21oi_2)
                                         _1299_ (net)
                  0.06    0.00    7.63 v _4168_/A1 (sky130_fd_sc_hd__o21bai_1)
     1    0.01    0.19    0.20    7.83 ^ _4168_/Y (sky130_fd_sc_hd__o21bai_1)
                                         _1300_ (net)
                  0.19    0.00    7.83 ^ _4169_/A1 (sky130_fd_sc_hd__a21oi_2)
     2    0.01    0.06    0.08    7.92 v _4169_/Y (sky130_fd_sc_hd__a21oi_2)
                                         _1301_ (net)
                  0.06    0.00    7.92 v _4170_/A1 (sky130_fd_sc_hd__o21bai_1)
     1    0.01    0.18    0.19    8.11 ^ _4170_/Y (sky130_fd_sc_hd__o21bai_1)
                                         _1302_ (net)
                  0.18    0.00    8.11 ^ _4171_/A1 (sky130_fd_sc_hd__a21oi_2)
     2    0.01    0.06    0.09    8.20 v _4171_/Y (sky130_fd_sc_hd__a21oi_2)
                                         _1303_ (net)
                  0.06    0.00    8.20 v _4172_/A1 (sky130_fd_sc_hd__o21bai_1)
     1    0.01    0.17    0.18    8.38 ^ _4172_/Y (sky130_fd_sc_hd__o21bai_1)
                                         _1304_ (net)
                  0.17    0.00    8.38 ^ _4173_/A1 (sky130_fd_sc_hd__a21oi_2)
     2    0.01    0.06    0.09    8.47 v _4173_/Y (sky130_fd_sc_hd__a21oi_2)
                                         _1305_ (net)
                  0.06    0.00    8.47 v _4174_/A1 (sky130_fd_sc_hd__o21bai_1)
     1    0.01    0.16    0.18    8.65 ^ _4174_/Y (sky130_fd_sc_hd__o21bai_1)
                                         _1306_ (net)
                  0.16    0.00    8.65 ^ _4175_/A1 (sky130_fd_sc_hd__a21oi_2)
     2    0.01    0.07    0.10    8.75 v _4175_/Y (sky130_fd_sc_hd__a21oi_2)
                                         _1307_ (net)
                  0.07    0.00    8.75 v _4176_/A1 (sky130_fd_sc_hd__o21bai_1)
     1    0.01    0.16    0.19    8.94 ^ _4176_/Y (sky130_fd_sc_hd__o21bai_1)
                                         _1308_ (net)
                  0.16    0.00    8.94 ^ _4177_/A1 (sky130_fd_sc_hd__a21oi_2)
     2    0.01    0.07    0.10    9.04 v _4177_/Y (sky130_fd_sc_hd__a21oi_2)
                                         _1309_ (net)
                  0.07    0.00    9.04 v place1004/A (sky130_fd_sc_hd__buf_4)
     1    0.00    0.02    0.14    9.18 v place1004/X (sky130_fd_sc_hd__buf_4)
                                         net1003 (net)
                  0.02    0.00    9.18 v _4374_/A2 (sky130_fd_sc_hd__o21bai_1)
     1    0.00    0.13    0.13    9.30 ^ _4374_/Y (sky130_fd_sc_hd__o21bai_1)
                                         _1420_ (net)
                  0.13    0.00    9.30 ^ _4375_/A1 (sky130_fd_sc_hd__a21oi_1)
     1    0.00    0.06    0.09    9.40 v _4375_/Y (sky130_fd_sc_hd__a21oi_1)
                                         _1421_ (net)
                  0.06    0.00    9.40 v _4376_/B (sky130_fd_sc_hd__xor2_1)
     2    0.01    0.23    0.22    9.62 ^ _4376_/X (sky130_fd_sc_hd__xor2_1)
                                         _0114_ (net)
                  0.23    0.00    9.62 ^ _4377_/A (sky130_fd_sc_hd__inv_2)
     2    0.01    0.07    0.08    9.70 v _4377_/Y (sky130_fd_sc_hd__inv_2)
                                         mul_product[22] (net)
                  0.07    0.00    9.70 v _6349_/CIN (sky130_fd_sc_hd__fa_1)
     2    0.01    0.11    0.53   10.24 ^ _6349_/SUM (sky130_fd_sc_hd__fa_1)
                                         _3319_ (net)
                  0.11    0.00   10.24 ^ _6338_/CIN (sky130_fd_sc_hd__fa_1)
     1    0.01    0.09    0.44   10.68 v _6338_/SUM (sky130_fd_sc_hd__fa_1)
                                         _3258_ (net)
                  0.09    0.00   10.68 v _6314_/CIN (sky130_fd_sc_hd__fa_1)
     1    0.01    0.08    0.51   11.18 ^ _6314_/SUM (sky130_fd_sc_hd__fa_1)
                                         _3261_ (net)
                  0.08    0.00   11.18 ^ _6340_/CIN (sky130_fd_sc_hd__fa_1)
     1    0.01    0.09    0.42   11.61 v _6340_/SUM (sky130_fd_sc_hd__fa_1)
                                         _3204_ (net)
                  0.09    0.00   11.61 v _6294_/CIN (sky130_fd_sc_hd__fa_1)
     1    0.01    0.13    0.56   12.17 ^ _6294_/SUM (sky130_fd_sc_hd__fa_1)
                                         _3206_ (net)
                  0.13    0.00   12.17 ^ _6703_/B (sky130_fd_sc_hd__ha_4)
     2    0.01    0.05    0.22   12.39 v _6703_/SUM (sky130_fd_sc_hd__ha_4)
                                         _0585_ (net)
                  0.05    0.00   12.39 v _4135_/B1 (sky130_fd_sc_hd__o21ai_2)
     1    0.01    0.11    0.06   12.45 ^ _4135_/Y (sky130_fd_sc_hd__o21ai_2)
                                         _1271_ (net)
                  0.11    0.00   12.45 ^ _4136_/B (sky130_fd_sc_hd__nand2b_1)
     2    0.01    0.08    0.10   12.55 v _4136_/Y (sky130_fd_sc_hd__nand2b_1)
                                         _1272_ (net)
                  0.08    0.00   12.55 v _4137_/C (sky130_fd_sc_hd__or4_4)
     3    0.02    0.11    0.54   13.08 v _4137_/X (sky130_fd_sc_hd__or4_4)
                                         _1273_ (net)
                  0.11    0.00   13.08 v _4200_/A2 (sky130_fd_sc_hd__a31o_4)
     2    0.01    0.04    0.25   13.34 v _4200_/X (sky130_fd_sc_hd__a31o_4)
                                         _1315_ (net)
                  0.04    0.00   13.34 v _4208_/A1 (sky130_fd_sc_hd__a21o_1)
     2    0.01    0.08    0.20   13.54 v _4208_/X (sky130_fd_sc_hd__a21o_1)
                                         _1316_ (net)
                  0.08    0.00   13.54 v _4384_/A2 (sky130_fd_sc_hd__a21oi_2)
     2    0.01    0.18    0.22   13.75 ^ _4384_/Y (sky130_fd_sc_hd__a21oi_2)
                                         _1423_ (net)
                  0.18    0.00   13.75 ^ _4385_/A2 (sky130_fd_sc_hd__o21bai_1)
     1    0.00    0.06    0.10   13.85 v _4385_/Y (sky130_fd_sc_hd__o21bai_1)
                                         _1424_ (net)
                  0.06    0.00   13.85 v _4386_/B (sky130_fd_sc_hd__xnor2_1)
     2    0.01    0.20    0.20   14.05 ^ _4386_/Y (sky130_fd_sc_hd__xnor2_1)
                                         _0088_ (net)
                  0.20    0.00   14.05 ^ _4387_/A (sky130_fd_sc_hd__inv_1)
     3    0.02    0.10    0.13   14.19 v _4387_/Y (sky130_fd_sc_hd__inv_1)
                                         u_mul_reduce.prod[30] (net)
                  0.10    0.00   14.19 v place932/A (sky130_fd_sc_hd__buf_4)
     1    0.00    0.03    0.15   14.34 v place932/X (sky130_fd_sc_hd__buf_4)
                                         net931 (net)
                  0.03    0.00   14.34 v _6841_/B (sky130_fd_sc_hd__ha_1)
     1    0.01    0.06    0.19   14.53 v _6841_/COUT (sky130_fd_sc_hd__ha_1)
                                         _2905_ (net)
                  0.06    0.00   14.53 v _6198_/B (sky130_fd_sc_hd__fa_1)
     1    0.00    0.08    0.46   14.99 v _6198_/SUM (sky130_fd_sc_hd__fa_1)
                                         _2907_ (net)
                  0.08    0.00   14.99 v _6650_/B (sky130_fd_sc_hd__ha_1)
     1    0.01    0.06    0.30   15.28 v _6650_/SUM (sky130_fd_sc_hd__ha_1)
                                         _2857_ (net)
                  0.06    0.00   15.28 v _6179_/CIN (sky130_fd_sc_hd__fa_1)
     1    0.00    0.08    0.44   15.72 v _6179_/SUM (sky130_fd_sc_hd__fa_1)
                                         _2860_ (net)
                  0.08    0.00   15.72 v _6798_/A (sky130_fd_sc_hd__ha_1)
     1    0.01    0.06    0.31   16.04 v _6798_/SUM (sky130_fd_sc_hd__ha_1)
                                         _0696_ (net)
                  0.06    0.00   16.04 v _4607_/A (sky130_fd_sc_hd__inv_2)
     1    0.01    0.06    0.08   16.11 ^ _4607_/Y (sky130_fd_sc_hd__inv_2)
                                         _0342_ (net)
                  0.06    0.00   16.11 ^ _6504_/A (sky130_fd_sc_hd__ha_4)
     4    0.02    0.05    0.21   16.33 v _6504_/SUM (sky130_fd_sc_hd__ha_4)
                                         _0345_ (net)
                  0.05    0.00   16.33 v _3818_/A1 (sky130_fd_sc_hd__a21oi_2)
     2    0.01    0.12    0.14   16.47 ^ _3818_/Y (sky130_fd_sc_hd__a21oi_2)
                                         _0968_ (net)
                  0.12    0.00   16.47 ^ _3933_/A2 (sky130_fd_sc_hd__o21bai_1)
     1    0.00    0.05    0.08   16.54 v _3933_/Y (sky130_fd_sc_hd__o21bai_1)
                                         _1082_ (net)
                  0.05    0.00   16.54 v _3934_/A2 (sky130_fd_sc_hd__a21o_1)
     2    0.01    0.05    0.19   16.73 v _3934_/X (sky130_fd_sc_hd__a21o_1)
                                         _1083_ (net)
                  0.05    0.00   16.73 v _3935_/D (sky130_fd_sc_hd__or4_1)
     1    0.00    0.09    0.40   17.13 v _3935_/X (sky130_fd_sc_hd__or4_1)
                                         _1084_ (net)
                  0.09    0.00   17.13 v _3936_/A (sky130_fd_sc_hd__nor2_1)
     1    0.01    0.12    0.15   17.28 ^ _3936_/Y (sky130_fd_sc_hd__nor2_1)
                                         _1085_ (net)
                  0.12    0.00   17.28 ^ _3941_/C1 (sky130_fd_sc_hd__a311oi_2)
     2    0.01    0.13    0.08   17.36 v _3941_/Y (sky130_fd_sc_hd__a311oi_2)
                                         _1090_ (net)
                  0.13    0.00   17.36 v _3951_/A (sky130_fd_sc_hd__nor4_4)
     2    0.01    0.26    0.35   17.70 ^ _3951_/Y (sky130_fd_sc_hd__nor4_4)
                                         _1100_ (net)
                  0.26    0.00   17.70 ^ rebuffer1290/A (sky130_fd_sc_hd__buf_4)
     1    0.01    0.05    0.18   17.88 ^ rebuffer1290/X (sky130_fd_sc_hd__buf_4)
                                         net1289 (net)
                  0.05    0.00   17.88 ^ _3952_/C (sky130_fd_sc_hd__nand3_4)
     2    0.01    0.09    0.09   17.97 v _3952_/Y (sky130_fd_sc_hd__nand3_4)
                                         _1101_ (net)
                  0.09    0.00   17.97 v place749/A (sky130_fd_sc_hd__buf_6)
     8    0.04    0.05    0.16   18.13 v place749/X (sky130_fd_sc_hd__buf_6)
                                         net748 (net)
                  0.05    0.00   18.13 v _3978_/A3 (sky130_fd_sc_hd__o31ai_2)
     1    0.00    0.19    0.18   18.32 ^ _3978_/Y (sky130_fd_sc_hd__o31ai_2)
                                         _1126_ (net)
                  0.19    0.00   18.32 ^ place742/A (sky130_fd_sc_hd__buf_4)
     2    0.02    0.07    0.18   18.50 ^ place742/X (sky130_fd_sc_hd__buf_4)
                                         net741 (net)
                  0.07    0.00   18.50 ^ _3979_/B (sky130_fd_sc_hd__xor2_4)
     2    0.02    0.17    0.19   18.69 ^ _3979_/X (sky130_fd_sc_hd__xor2_4)
                                         _1127_ (net)
                  0.17    0.00   18.69 ^ _3986_/D1 (sky130_fd_sc_hd__o2111ai_4)
     5    0.02    0.17    0.18   18.88 v _3986_/Y (sky130_fd_sc_hd__o2111ai_4)
                                         _1134_ (net)
                  0.17    0.00   18.88 v place694/A (sky130_fd_sc_hd__buf_6)
     3    0.01    0.03    0.17   19.05 v place694/X (sky130_fd_sc_hd__buf_6)
                                         net693 (net)
                  0.03    0.00   19.05 v _5482_/A1 (sky130_fd_sc_hd__o21a_1)
     3    0.01    0.07    0.21   19.26 v _5482_/X (sky130_fd_sc_hd__o21a_1)
                                         _2229_ (net)
                  0.07    0.00   19.26 v _5542_/A3 (sky130_fd_sc_hd__o31ai_1)
     1    0.01    0.26    0.25   19.51 ^ _5542_/Y (sky130_fd_sc_hd__o31ai_1)
                                         _2289_ (net)
                  0.26    0.00   19.51 ^ _5543_/B2 (sky130_fd_sc_hd__a22oi_1)
     2    0.01    0.10    0.14   19.65 v _5543_/Y (sky130_fd_sc_hd__a22oi_1)
                                         _2290_ (net)
                  0.10    0.00   19.65 v _5544_/B (sky130_fd_sc_hd__or3b_1)
     2    0.01    0.08    0.39   20.04 v _5544_/X (sky130_fd_sc_hd__or3b_1)
                                         _2291_ (net)
                  0.08    0.00   20.04 v _5623_/C (sky130_fd_sc_hd__or3_1)
     2    0.01    0.08    0.34   20.38 v _5623_/X (sky130_fd_sc_hd__or3_1)
                                         _2370_ (net)
                  0.08    0.00   20.38 v _5624_/A (sky130_fd_sc_hd__nand4_1)
     2    0.01    0.12    0.12   20.50 ^ _5624_/Y (sky130_fd_sc_hd__nand4_1)
                                         _2371_ (net)
                  0.12    0.00   20.50 ^ rebuffer1325/A (sky130_fd_sc_hd__buf_4)
     2    0.01    0.04    0.14   20.63 ^ rebuffer1325/X (sky130_fd_sc_hd__buf_4)
                                         net1324 (net)
                  0.04    0.00   20.63 ^ place651/A (sky130_fd_sc_hd__buf_6)
     6    0.03    0.07    0.12   20.75 ^ place651/X (sky130_fd_sc_hd__buf_6)
                                         net650 (net)
                  0.07    0.00   20.75 ^ _5666_/B (sky130_fd_sc_hd__nand3_1)
     2    0.01    0.09    0.10   20.85 v _5666_/Y (sky130_fd_sc_hd__nand3_1)
                                         _2407_ (net)
                  0.09    0.00   20.85 v _5667_/A3 (sky130_fd_sc_hd__a31o_1)
     1    0.00    0.04    0.23   21.08 v _5667_/X (sky130_fd_sc_hd__a31o_1)
                                         _2408_ (net)
                  0.04    0.00   21.08 v _5670_/A2 (sky130_fd_sc_hd__a31oi_1)
     1    0.00    0.12    0.15   21.23 ^ _5670_/Y (sky130_fd_sc_hd__a31oi_1)
                                         _0810_ (net)
                  0.12    0.00   21.23 ^ mul_reduced_q[4]$_DFFE_PN0P_/D (sky130_fd_sc_hd__dfrtp_1)
                                 21.23   data arrival time

                         20.00   20.00   clock clk (rise edge)
                          0.00   20.00   clock source latency
     2    0.07    0.00    0.00   20.00 ^ clk (in)
                                         clk (net)
                  0.00    0.00   20.00 ^ clkbuf_regs_0_clk/A (sky130_fd_sc_hd__clkbuf_16)
     1    0.01    0.03    0.10   20.10 ^ clkbuf_regs_0_clk/X (sky130_fd_sc_hd__clkbuf_16)
                                         clk_regs (net)
                  0.03    0.00   20.10 ^ clkbuf_0_clk_regs/A (sky130_fd_sc_hd__clkbuf_16)
    16    0.26    0.27    0.29   20.39 ^ clkbuf_0_clk_regs/X (sky130_fd_sc_hd__clkbuf_16)
                                         clknet_0_clk_regs (net)
                  0.27    0.01   20.40 ^ clkbuf_4_15_0_clk_regs/A (sky130_fd_sc_hd__clkbuf_16)
    16    0.06    0.08    0.23   20.63 ^ clkbuf_4_15_0_clk_regs/X (sky130_fd_sc_hd__clkbuf_16)
                                         clknet_4_15_0_clk_regs (net)
                  0.08    0.00   20.63 ^ mul_reduced_q[4]$_DFFE_PN0P_/CLK (sky130_fd_sc_hd__dfrtp_1)
                         -0.25   20.38   clock uncertainty
                          0.00   20.38   clock reconvergence pessimism
                         -0.07   20.31   library setup time
                                 20.31   data required time
-----------------------------------------------------------------------------
                                 20.31   data required time
                                -21.23   data arrival time
-----------------------------------------------------------------------------
                                 -0.92   slack (VIOLATED)



==========================================================================
cts final report_checks -unconstrained
--------------------------------------------------------------------------
Startpoint: coeff_a_q[1]$_DFFE_PN0P_
            (rising edge-triggered flip-flop clocked by clk)
Endpoint: mul_reduced_q[4]$_DFFE_PN0P_
          (rising edge-triggered flip-flop clocked by clk)
Path Group: clk
Path Type: max

Fanout     Cap    Slew   Delay    Time   Description
-----------------------------------------------------------------------------
                          0.00    0.00   clock clk (rise edge)
                          0.00    0.00   clock source latency
     2    0.07    0.00    0.00    0.00 ^ clk (in)
                                         clk (net)
                  0.00    0.00    0.00 ^ clkbuf_regs_0_clk/A (sky130_fd_sc_hd__clkbuf_16)
     1    0.01    0.03    0.10    0.10 ^ clkbuf_regs_0_clk/X (sky130_fd_sc_hd__clkbuf_16)
                                         clk_regs (net)
                  0.03    0.00    0.10 ^ clkbuf_0_clk_regs/A (sky130_fd_sc_hd__clkbuf_16)
    16    0.26    0.27    0.29    0.39 ^ clkbuf_0_clk_regs/X (sky130_fd_sc_hd__clkbuf_16)
                                         clknet_0_clk_regs (net)
                  0.27    0.01    0.40 ^ clkbuf_4_7_0_clk_regs/A (sky130_fd_sc_hd__clkbuf_16)
    11    0.05    0.07    0.22    0.62 ^ clkbuf_4_7_0_clk_regs/X (sky130_fd_sc_hd__clkbuf_16)
                                         clknet_4_7_0_clk_regs (net)
                  0.07    0.00    0.62 ^ coeff_a_q[1]$_DFFE_PN0P_/CLK (sky130_fd_sc_hd__dfrtp_2)
     2    0.01    0.07    0.43    1.05 v coeff_a_q[1]$_DFFE_PN0P_/Q (sky130_fd_sc_hd__dfrtp_2)
                                         coeff_a_q[1] (net)
                  0.07    0.00    1.05 v _6619_/A (sky130_fd_sc_hd__ha_4)
     1    0.01    0.05    0.28    1.33 ^ _6619_/SUM (sky130_fd_sc_hd__ha_4)
                                         _0516_ (net)
                  0.05    0.00    1.33 ^ _4113_/A (sky130_fd_sc_hd__inv_4)
     2    0.01    0.02    0.04    1.37 v _4113_/Y (sky130_fd_sc_hd__inv_4)
                                         _0454_ (net)
                  0.02    0.00    1.37 v _6614_/A (sky130_fd_sc_hd__ha_4)
     2    0.01    0.04    0.15    1.52 v _6614_/COUT (sky130_fd_sc_hd__ha_4)
                                         _0157_ (net)
                  0.04    0.00    1.52 v _6287_/CIN (sky130_fd_sc_hd__fa_2)
     2    0.01    0.09    0.37    1.89 v _6287_/COUT (sky130_fd_sc_hd__fa_2)
                                         _0158_ (net)
                  0.09    0.00    1.89 v _4268_/A1 (sky130_fd_sc_hd__a21oi_2)
     1    0.00    0.09    0.13    2.03 ^ _4268_/Y (sky130_fd_sc_hd__a21oi_2)
                                         _1362_ (net)
                  0.09    0.00    2.03 ^ _4269_/B (sky130_fd_sc_hd__nor2_1)
     1    0.00    0.03    0.05    2.08 v _4269_/Y (sky130_fd_sc_hd__nor2_1)
                                         _1363_ (net)
                  0.03    0.00    2.08 v _4270_/B (sky130_fd_sc_hd__nor2_1)
     2    0.01    0.19    0.16    2.24 ^ _4270_/Y (sky130_fd_sc_hd__nor2_1)
                                         _1364_ (net)
                  0.19    0.00    2.24 ^ _4271_/A2 (sky130_fd_sc_hd__o21bai_1)
     1    0.01    0.07    0.11    2.35 v _4271_/Y (sky130_fd_sc_hd__o21bai_1)
                                         _1365_ (net)
                  0.07    0.00    2.35 v _4272_/A2 (sky130_fd_sc_hd__a21oi_2)
     2    0.01    0.14    0.18    2.53 ^ _4272_/Y (sky130_fd_sc_hd__a21oi_2)
                                         _1366_ (net)
                  0.14    0.00    2.53 ^ _4273_/A (sky130_fd_sc_hd__xnor2_1)
     2    0.01    0.08    0.12    2.64 v _4273_/Y (sky130_fd_sc_hd__xnor2_1)
                                         _1367_ (net)
                  0.08    0.00    2.64 v _4280_/A_N (sky130_fd_sc_hd__nand2b_4)
     2    0.01    0.04    0.15    2.80 v _4280_/Y (sky130_fd_sc_hd__nand2b_4)
                                         _1374_ (net)
                  0.04    0.00    2.80 v _4281_/D (sky130_fd_sc_hd__or4_4)
     2    0.01    0.09    0.42    3.22 v _4281_/X (sky130_fd_sc_hd__or4_4)
                                         _1375_ (net)
                  0.09    0.00    3.22 v _4282_/B1 (sky130_fd_sc_hd__a31oi_1)
     1    0.00    0.14    0.16    3.38 ^ _4282_/Y (sky130_fd_sc_hd__a31oi_1)
                                         _1376_ (net)
                  0.14    0.00    3.38 ^ _4288_/A2 (sky130_fd_sc_hd__o21ai_1)
     1    0.00    0.07    0.08    3.46 v _4288_/Y (sky130_fd_sc_hd__o21ai_1)
                                         _1382_ (net)
                  0.07    0.00    3.46 v _4294_/B (sky130_fd_sc_hd__nand3_1)
     1    0.01    0.08    0.10    3.56 ^ _4294_/Y (sky130_fd_sc_hd__nand3_1)
                                         _1388_ (net)
                  0.08    0.00    3.56 ^ _4295_/A (sky130_fd_sc_hd__nand2_2)
     5    0.02    0.09    0.09    3.65 v _4295_/Y (sky130_fd_sc_hd__nand2_2)
                                         _1389_ (net)
                  0.09    0.00    3.65 v _4439_/A (sky130_fd_sc_hd__inv_2)
     3    0.02    0.08    0.10    3.76 ^ _4439_/Y (sky130_fd_sc_hd__inv_2)
                                         _1439_ (net)
                  0.08    0.00    3.76 ^ _4460_/D (sky130_fd_sc_hd__nor4_4)
     3    0.01    0.06    0.05    3.81 v _4460_/Y (sky130_fd_sc_hd__nor4_4)
                                         _1457_ (net)
                  0.06    0.00    3.81 v place1139/A (sky130_fd_sc_hd__buf_4)
     1    0.01    0.03    0.14    3.95 v place1139/X (sky130_fd_sc_hd__buf_4)
                                         net1138 (net)
                  0.03    0.00    3.95 v _4487_/B (sky130_fd_sc_hd__xnor2_2)
     1    0.00    0.05    0.12    4.07 v _4487_/Y (sky130_fd_sc_hd__xnor2_2)
                                         _1480_ (net)
                  0.05    0.00    4.07 v _4488_/A1 (sky130_fd_sc_hd__mux2i_2)
     2    0.01    0.23    0.22    4.29 ^ _4488_/Y (sky130_fd_sc_hd__mux2i_2)
                                         _1481_ (net)
                  0.23    0.00    4.29 ^ _4489_/B (sky130_fd_sc_hd__nor2_1)
     2    0.01    0.21    0.10    4.39 v _4489_/Y (sky130_fd_sc_hd__nor2_1)
                                         _1482_ (net)
                  0.21    0.00    4.39 v _4490_/B1 (sky130_fd_sc_hd__a21oi_2)
     1    0.01    0.14    0.18    4.57 ^ _4490_/Y (sky130_fd_sc_hd__a21oi_2)
                                         _1483_ (net)
                  0.14    0.00    4.57 ^ place1102/A (sky130_fd_sc_hd__buf_6)
     7    0.04    0.09    0.16    4.74 ^ place1102/X (sky130_fd_sc_hd__buf_6)
                                         net1101 (net)
                  0.09    0.00    4.74 ^ _4572_/B (sky130_fd_sc_hd__nor2_4)
     1    0.01    0.05    0.04    4.78 v _4572_/Y (sky130_fd_sc_hd__nor2_4)
                                         _0072_ (net)
                  0.05    0.00    4.78 v _6192_/CIN (sky130_fd_sc_hd__fa_1)
     1    0.01    0.12    0.49    5.27 v _6192_/SUM (sky130_fd_sc_hd__fa_1)
                                         _2889_ (net)
                  0.12    0.00    5.27 v _6351_/A (sky130_fd_sc_hd__fa_2)
     1    0.01    0.08    0.61    5.88 ^ _6351_/SUM (sky130_fd_sc_hd__fa_2)
                                         _3338_ (net)
                  0.08    0.00    5.88 ^ _6569_/B (sky130_fd_sc_hd__ha_4)
     1    0.01    0.04    0.20    6.08 v _6569_/SUM (sky130_fd_sc_hd__ha_4)
                                         _3477_ (net)
                  0.04    0.00    6.08 v _6418_/CIN (sky130_fd_sc_hd__fa_1)
     1    0.01    0.10    0.46    6.54 v _6418_/SUM (sky130_fd_sc_hd__fa_1)
                                         _3426_ (net)
                  0.10    0.00    6.54 v _6386_/B (sky130_fd_sc_hd__fa_1)
     1    0.01    0.11    0.51    7.05 v _6386_/SUM (sky130_fd_sc_hd__fa_1)
                                         _3429_ (net)
                  0.11    0.00    7.05 v _6546_/B (sky130_fd_sc_hd__ha_4)
     2    0.01    0.05    0.30    7.35 ^ _6546_/SUM (sky130_fd_sc_hd__ha_4)
                                         _0413_ (net)
                  0.05    0.00    7.35 ^ _4161_/A (sky130_fd_sc_hd__inv_2)
     2    0.01    0.02    0.04    7.39 v _4161_/Y (sky130_fd_sc_hd__inv_2)
                                         _1293_ (net)
                  0.02    0.00    7.39 v _4166_/A2 (sky130_fd_sc_hd__o21bai_1)
     1    0.01    0.17    0.16    7.55 ^ _4166_/Y (sky130_fd_sc_hd__o21bai_1)
                                         _1298_ (net)
                  0.17    0.00    7.55 ^ _4167_/A1 (sky130_fd_sc_hd__a21oi_2)
     2    0.01    0.06    0.08    7.63 v _4167_/Y (sky130_fd_sc_hd__a21oi_2)
                                         _1299_ (net)
                  0.06    0.00    7.63 v _4168_/A1 (sky130_fd_sc_hd__o21bai_1)
     1    0.01    0.19    0.20    7.83 ^ _4168_/Y (sky130_fd_sc_hd__o21bai_1)
                                         _1300_ (net)
                  0.19    0.00    7.83 ^ _4169_/A1 (sky130_fd_sc_hd__a21oi_2)
     2    0.01    0.06    0.08    7.92 v _4169_/Y (sky130_fd_sc_hd__a21oi_2)
                                         _1301_ (net)
                  0.06    0.00    7.92 v _4170_/A1 (sky130_fd_sc_hd__o21bai_1)
     1    0.01    0.18    0.19    8.11 ^ _4170_/Y (sky130_fd_sc_hd__o21bai_1)
                                         _1302_ (net)
                  0.18    0.00    8.11 ^ _4171_/A1 (sky130_fd_sc_hd__a21oi_2)
     2    0.01    0.06    0.09    8.20 v _4171_/Y (sky130_fd_sc_hd__a21oi_2)
                                         _1303_ (net)
                  0.06    0.00    8.20 v _4172_/A1 (sky130_fd_sc_hd__o21bai_1)
     1    0.01    0.17    0.18    8.38 ^ _4172_/Y (sky130_fd_sc_hd__o21bai_1)
                                         _1304_ (net)
                  0.17    0.00    8.38 ^ _4173_/A1 (sky130_fd_sc_hd__a21oi_2)
     2    0.01    0.06    0.09    8.47 v _4173_/Y (sky130_fd_sc_hd__a21oi_2)
                                         _1305_ (net)
                  0.06    0.00    8.47 v _4174_/A1 (sky130_fd_sc_hd__o21bai_1)
     1    0.01    0.16    0.18    8.65 ^ _4174_/Y (sky130_fd_sc_hd__o21bai_1)
                                         _1306_ (net)
                  0.16    0.00    8.65 ^ _4175_/A1 (sky130_fd_sc_hd__a21oi_2)
     2    0.01    0.07    0.10    8.75 v _4175_/Y (sky130_fd_sc_hd__a21oi_2)
                                         _1307_ (net)
                  0.07    0.00    8.75 v _4176_/A1 (sky130_fd_sc_hd__o21bai_1)
     1    0.01    0.16    0.19    8.94 ^ _4176_/Y (sky130_fd_sc_hd__o21bai_1)
                                         _1308_ (net)
                  0.16    0.00    8.94 ^ _4177_/A1 (sky130_fd_sc_hd__a21oi_2)
     2    0.01    0.07    0.10    9.04 v _4177_/Y (sky130_fd_sc_hd__a21oi_2)
                                         _1309_ (net)
                  0.07    0.00    9.04 v place1004/A (sky130_fd_sc_hd__buf_4)
     1    0.00    0.02    0.14    9.18 v place1004/X (sky130_fd_sc_hd__buf_4)
                                         net1003 (net)
                  0.02    0.00    9.18 v _4374_/A2 (sky130_fd_sc_hd__o21bai_1)
     1    0.00    0.13    0.13    9.30 ^ _4374_/Y (sky130_fd_sc_hd__o21bai_1)
                                         _1420_ (net)
                  0.13    0.00    9.30 ^ _4375_/A1 (sky130_fd_sc_hd__a21oi_1)
     1    0.00    0.06    0.09    9.40 v _4375_/Y (sky130_fd_sc_hd__a21oi_1)
                                         _1421_ (net)
                  0.06    0.00    9.40 v _4376_/B (sky130_fd_sc_hd__xor2_1)
     2    0.01    0.23    0.22    9.62 ^ _4376_/X (sky130_fd_sc_hd__xor2_1)
                                         _0114_ (net)
                  0.23    0.00    9.62 ^ _4377_/A (sky130_fd_sc_hd__inv_2)
     2    0.01    0.07    0.08    9.70 v _4377_/Y (sky130_fd_sc_hd__inv_2)
                                         mul_product[22] (net)
                  0.07    0.00    9.70 v _6349_/CIN (sky130_fd_sc_hd__fa_1)
     2    0.01    0.11    0.53   10.24 ^ _6349_/SUM (sky130_fd_sc_hd__fa_1)
                                         _3319_ (net)
                  0.11    0.00   10.24 ^ _6338_/CIN (sky130_fd_sc_hd__fa_1)
     1    0.01    0.09    0.44   10.68 v _6338_/SUM (sky130_fd_sc_hd__fa_1)
                                         _3258_ (net)
                  0.09    0.00   10.68 v _6314_/CIN (sky130_fd_sc_hd__fa_1)
     1    0.01    0.08    0.51   11.18 ^ _6314_/SUM (sky130_fd_sc_hd__fa_1)
                                         _3261_ (net)
                  0.08    0.00   11.18 ^ _6340_/CIN (sky130_fd_sc_hd__fa_1)
     1    0.01    0.09    0.42   11.61 v _6340_/SUM (sky130_fd_sc_hd__fa_1)
                                         _3204_ (net)
                  0.09    0.00   11.61 v _6294_/CIN (sky130_fd_sc_hd__fa_1)
     1    0.01    0.13    0.56   12.17 ^ _6294_/SUM (sky130_fd_sc_hd__fa_1)
                                         _3206_ (net)
                  0.13    0.00   12.17 ^ _6703_/B (sky130_fd_sc_hd__ha_4)
     2    0.01    0.05    0.22   12.39 v _6703_/SUM (sky130_fd_sc_hd__ha_4)
                                         _0585_ (net)
                  0.05    0.00   12.39 v _4135_/B1 (sky130_fd_sc_hd__o21ai_2)
     1    0.01    0.11    0.06   12.45 ^ _4135_/Y (sky130_fd_sc_hd__o21ai_2)
                                         _1271_ (net)
                  0.11    0.00   12.45 ^ _4136_/B (sky130_fd_sc_hd__nand2b_1)
     2    0.01    0.08    0.10   12.55 v _4136_/Y (sky130_fd_sc_hd__nand2b_1)
                                         _1272_ (net)
                  0.08    0.00   12.55 v _4137_/C (sky130_fd_sc_hd__or4_4)
     3    0.02    0.11    0.54   13.08 v _4137_/X (sky130_fd_sc_hd__or4_4)
                                         _1273_ (net)
                  0.11    0.00   13.08 v _4200_/A2 (sky130_fd_sc_hd__a31o_4)
     2    0.01    0.04    0.25   13.34 v _4200_/X (sky130_fd_sc_hd__a31o_4)
                                         _1315_ (net)
                  0.04    0.00   13.34 v _4208_/A1 (sky130_fd_sc_hd__a21o_1)
     2    0.01    0.08    0.20   13.54 v _4208_/X (sky130_fd_sc_hd__a21o_1)
                                         _1316_ (net)
                  0.08    0.00   13.54 v _4384_/A2 (sky130_fd_sc_hd__a21oi_2)
     2    0.01    0.18    0.22   13.75 ^ _4384_/Y (sky130_fd_sc_hd__a21oi_2)
                                         _1423_ (net)
                  0.18    0.00   13.75 ^ _4385_/A2 (sky130_fd_sc_hd__o21bai_1)
     1    0.00    0.06    0.10   13.85 v _4385_/Y (sky130_fd_sc_hd__o21bai_1)
                                         _1424_ (net)
                  0.06    0.00   13.85 v _4386_/B (sky130_fd_sc_hd__xnor2_1)
     2    0.01    0.20    0.20   14.05 ^ _4386_/Y (sky130_fd_sc_hd__xnor2_1)
                                         _0088_ (net)
                  0.20    0.00   14.05 ^ _4387_/A (sky130_fd_sc_hd__inv_1)
     3    0.02    0.10    0.13   14.19 v _4387_/Y (sky130_fd_sc_hd__inv_1)
                                         u_mul_reduce.prod[30] (net)
                  0.10    0.00   14.19 v place932/A (sky130_fd_sc_hd__buf_4)
     1    0.00    0.03    0.15   14.34 v place932/X (sky130_fd_sc_hd__buf_4)
                                         net931 (net)
                  0.03    0.00   14.34 v _6841_/B (sky130_fd_sc_hd__ha_1)
     1    0.01    0.06    0.19   14.53 v _6841_/COUT (sky130_fd_sc_hd__ha_1)
                                         _2905_ (net)
                  0.06    0.00   14.53 v _6198_/B (sky130_fd_sc_hd__fa_1)
     1    0.00    0.08    0.46   14.99 v _6198_/SUM (sky130_fd_sc_hd__fa_1)
                                         _2907_ (net)
                  0.08    0.00   14.99 v _6650_/B (sky130_fd_sc_hd__ha_1)
     1    0.01    0.06    0.30   15.28 v _6650_/SUM (sky130_fd_sc_hd__ha_1)
                                         _2857_ (net)
                  0.06    0.00   15.28 v _6179_/CIN (sky130_fd_sc_hd__fa_1)
     1    0.00    0.08    0.44   15.72 v _6179_/SUM (sky130_fd_sc_hd__fa_1)
                                         _2860_ (net)
                  0.08    0.00   15.72 v _6798_/A (sky130_fd_sc_hd__ha_1)
     1    0.01    0.06    0.31   16.04 v _6798_/SUM (sky130_fd_sc_hd__ha_1)
                                         _0696_ (net)
                  0.06    0.00   16.04 v _4607_/A (sky130_fd_sc_hd__inv_2)
     1    0.01    0.06    0.08   16.11 ^ _4607_/Y (sky130_fd_sc_hd__inv_2)
                                         _0342_ (net)
                  0.06    0.00   16.11 ^ _6504_/A (sky130_fd_sc_hd__ha_4)
     4    0.02    0.05    0.21   16.33 v _6504_/SUM (sky130_fd_sc_hd__ha_4)
                                         _0345_ (net)
                  0.05    0.00   16.33 v _3818_/A1 (sky130_fd_sc_hd__a21oi_2)
     2    0.01    0.12    0.14   16.47 ^ _3818_/Y (sky130_fd_sc_hd__a21oi_2)
                                         _0968_ (net)
                  0.12    0.00   16.47 ^ _3933_/A2 (sky130_fd_sc_hd__o21bai_1)
     1    0.00    0.05    0.08   16.54 v _3933_/Y (sky130_fd_sc_hd__o21bai_1)
                                         _1082_ (net)
                  0.05    0.00   16.54 v _3934_/A2 (sky130_fd_sc_hd__a21o_1)
     2    0.01    0.05    0.19   16.73 v _3934_/X (sky130_fd_sc_hd__a21o_1)
                                         _1083_ (net)
                  0.05    0.00   16.73 v _3935_/D (sky130_fd_sc_hd__or4_1)
     1    0.00    0.09    0.40   17.13 v _3935_/X (sky130_fd_sc_hd__or4_1)
                                         _1084_ (net)
                  0.09    0.00   17.13 v _3936_/A (sky130_fd_sc_hd__nor2_1)
     1    0.01    0.12    0.15   17.28 ^ _3936_/Y (sky130_fd_sc_hd__nor2_1)
                                         _1085_ (net)
                  0.12    0.00   17.28 ^ _3941_/C1 (sky130_fd_sc_hd__a311oi_2)
     2    0.01    0.13    0.08   17.36 v _3941_/Y (sky130_fd_sc_hd__a311oi_2)
                                         _1090_ (net)
                  0.13    0.00   17.36 v _3951_/A (sky130_fd_sc_hd__nor4_4)
     2    0.01    0.26    0.35   17.70 ^ _3951_/Y (sky130_fd_sc_hd__nor4_4)
                                         _1100_ (net)
                  0.26    0.00   17.70 ^ rebuffer1290/A (sky130_fd_sc_hd__buf_4)
     1    0.01    0.05    0.18   17.88 ^ rebuffer1290/X (sky130_fd_sc_hd__buf_4)
                                         net1289 (net)
                  0.05    0.00   17.88 ^ _3952_/C (sky130_fd_sc_hd__nand3_4)
     2    0.01    0.09    0.09   17.97 v _3952_/Y (sky130_fd_sc_hd__nand3_4)
                                         _1101_ (net)
                  0.09    0.00   17.97 v place749/A (sky130_fd_sc_hd__buf_6)
     8    0.04    0.05    0.16   18.13 v place749/X (sky130_fd_sc_hd__buf_6)
                                         net748 (net)
                  0.05    0.00   18.13 v _3978_/A3 (sky130_fd_sc_hd__o31ai_2)
     1    0.00    0.19    0.18   18.32 ^ _3978_/Y (sky130_fd_sc_hd__o31ai_2)
                                         _1126_ (net)
                  0.19    0.00   18.32 ^ place742/A (sky130_fd_sc_hd__buf_4)
     2    0.02    0.07    0.18   18.50 ^ place742/X (sky130_fd_sc_hd__buf_4)
                                         net741 (net)
                  0.07    0.00   18.50 ^ _3979_/B (sky130_fd_sc_hd__xor2_4)
     2    0.02    0.17    0.19   18.69 ^ _3979_/X (sky130_fd_sc_hd__xor2_4)
                                         _1127_ (net)
                  0.17    0.00   18.69 ^ _3986_/D1 (sky130_fd_sc_hd__o2111ai_4)
     5    0.02    0.17    0.18   18.88 v _3986_/Y (sky130_fd_sc_hd__o2111ai_4)
                                         _1134_ (net)
                  0.17    0.00   18.88 v place694/A (sky130_fd_sc_hd__buf_6)
     3    0.01    0.03    0.17   19.05 v place694/X (sky130_fd_sc_hd__buf_6)
                                         net693 (net)
                  0.03    0.00   19.05 v _5482_/A1 (sky130_fd_sc_hd__o21a_1)
     3    0.01    0.07    0.21   19.26 v _5482_/X (sky130_fd_sc_hd__o21a_1)
                                         _2229_ (net)
                  0.07    0.00   19.26 v _5542_/A3 (sky130_fd_sc_hd__o31ai_1)
     1    0.01    0.26    0.25   19.51 ^ _5542_/Y (sky130_fd_sc_hd__o31ai_1)
                                         _2289_ (net)
                  0.26    0.00   19.51 ^ _5543_/B2 (sky130_fd_sc_hd__a22oi_1)
     2    0.01    0.10    0.14   19.65 v _5543_/Y (sky130_fd_sc_hd__a22oi_1)
                                         _2290_ (net)
                  0.10    0.00   19.65 v _5544_/B (sky130_fd_sc_hd__or3b_1)
     2    0.01    0.08    0.39   20.04 v _5544_/X (sky130_fd_sc_hd__or3b_1)
                                         _2291_ (net)
                  0.08    0.00   20.04 v _5623_/C (sky130_fd_sc_hd__or3_1)
     2    0.01    0.08    0.34   20.38 v _5623_/X (sky130_fd_sc_hd__or3_1)
                                         _2370_ (net)
                  0.08    0.00   20.38 v _5624_/A (sky130_fd_sc_hd__nand4_1)
     2    0.01    0.12    0.12   20.50 ^ _5624_/Y (sky130_fd_sc_hd__nand4_1)
                                         _2371_ (net)
                  0.12    0.00   20.50 ^ rebuffer1325/A (sky130_fd_sc_hd__buf_4)
     2    0.01    0.04    0.14   20.63 ^ rebuffer1325/X (sky130_fd_sc_hd__buf_4)
                                         net1324 (net)
                  0.04    0.00   20.63 ^ place651/A (sky130_fd_sc_hd__buf_6)
     6    0.03    0.07    0.12   20.75 ^ place651/X (sky130_fd_sc_hd__buf_6)
                                         net650 (net)
                  0.07    0.00   20.75 ^ _5666_/B (sky130_fd_sc_hd__nand3_1)
     2    0.01    0.09    0.10   20.85 v _5666_/Y (sky130_fd_sc_hd__nand3_1)
                                         _2407_ (net)
                  0.09    0.00   20.85 v _5667_/A3 (sky130_fd_sc_hd__a31o_1)
     1    0.00    0.04    0.23   21.08 v _5667_/X (sky130_fd_sc_hd__a31o_1)
                                         _2408_ (net)
                  0.04    0.00   21.08 v _5670_/A2 (sky130_fd_sc_hd__a31oi_1)
     1    0.00    0.12    0.15   21.23 ^ _5670_/Y (sky130_fd_sc_hd__a31oi_1)
                                         _0810_ (net)
                  0.12    0.00   21.23 ^ mul_reduced_q[4]$_DFFE_PN0P_/D (sky130_fd_sc_hd__dfrtp_1)
                                 21.23   data arrival time

                         20.00   20.00   clock clk (rise edge)
                          0.00   20.00   clock source latency
     2    0.07    0.00    0.00   20.00 ^ clk (in)
                                         clk (net)
                  0.00    0.00   20.00 ^ clkbuf_regs_0_clk/A (sky130_fd_sc_hd__clkbuf_16)
     1    0.01    0.03    0.10   20.10 ^ clkbuf_regs_0_clk/X (sky130_fd_sc_hd__clkbuf_16)
                                         clk_regs (net)
                  0.03    0.00   20.10 ^ clkbuf_0_clk_regs/A (sky130_fd_sc_hd__clkbuf_16)
    16    0.26    0.27    0.29   20.39 ^ clkbuf_0_clk_regs/X (sky130_fd_sc_hd__clkbuf_16)
                                         clknet_0_clk_regs (net)
                  0.27    0.01   20.40 ^ clkbuf_4_15_0_clk_regs/A (sky130_fd_sc_hd__clkbuf_16)
    16    0.06    0.08    0.23   20.63 ^ clkbuf_4_15_0_clk_regs/X (sky130_fd_sc_hd__clkbuf_16)
                                         clknet_4_15_0_clk_regs (net)
                  0.08    0.00   20.63 ^ mul_reduced_q[4]$_DFFE_PN0P_/CLK (sky130_fd_sc_hd__dfrtp_1)
                         -0.25   20.38   clock uncertainty
                          0.00   20.38   clock reconvergence pessimism
                         -0.07   20.31   library setup time
                                 20.31   data required time
-----------------------------------------------------------------------------
                                 20.31   data required time
                                -21.23   data arrival time
-----------------------------------------------------------------------------
                                 -0.92   slack (VIOLATED)



==========================================================================
cts final report_check_types -max_slew -max_cap -max_fanout -violators
--------------------------------------------------------------------------
max slew

Pin                                    Limit    Slew   Slack
------------------------------------------------------------
u_coeff_ram.u_macro/addr0[6]            0.04    0.16   -0.12 (VIOLATED)
u_coeff_ram.u_macro/addr0[5]            0.04    0.15   -0.11 (VIOLATED)
u_coeff_ram.u_macro/addr0[3]            0.04    0.14   -0.10 (VIOLATED)
u_coeff_ram.u_macro/addr0[7]            0.04    0.14   -0.10 (VIOLATED)
u_coeff_ram.u_macro/addr0[4]            0.04    0.12   -0.08 (VIOLATED)
u_coeff_ram.u_macro/addr0[1]            0.04    0.06   -0.02 (VIOLATED)
u_coeff_ram.u_macro/addr0[2]            0.04    0.06   -0.02 (VIOLATED)
u_coeff_ram.u_macro/addr0[0]            0.04    0.05   -0.01 (VIOLATED)


==========================================================================
cts final max_slew_check_slack
--------------------------------------------------------------------------
-0.11941259354352951

==========================================================================
cts final max_slew_check_limit
--------------------------------------------------------------------------
0.03999999910593033

==========================================================================
cts final max_slew_check_slack_limit
--------------------------------------------------------------------------
-2.9853

==========================================================================
cts final max_fanout_check_slack
--------------------------------------------------------------------------
2.0

==========================================================================
cts final max_fanout_check_limit
--------------------------------------------------------------------------
4.0

==========================================================================
cts final max_fanout_check_slack_limit
--------------------------------------------------------------------------
0.5000

==========================================================================
cts final max_capacitance_check_slack
--------------------------------------------------------------------------
0.0037484748754650354

==========================================================================
cts final max_capacitance_check_limit
--------------------------------------------------------------------------
0.027559999376535416

==========================================================================
cts final max_capacitance_check_slack_limit
--------------------------------------------------------------------------
0.1360

==========================================================================
cts final max_slew_violation_count
--------------------------------------------------------------------------
max slew violation count 8

==========================================================================
cts final max_fanout_violation_count
--------------------------------------------------------------------------
max fanout violation count 0

==========================================================================
cts final max_cap_violation_count
--------------------------------------------------------------------------
max cap violation count 0

==========================================================================
cts final setup_violation_count
--------------------------------------------------------------------------
setup violation count 12

==========================================================================
cts final hold_violation_count
--------------------------------------------------------------------------
hold violation count 0

==========================================================================
cts final report_checks -path_delay max reg to reg
--------------------------------------------------------------------------
Startpoint: coeff_a_q[1]$_DFFE_PN0P_
            (rising edge-triggered flip-flop clocked by clk)
Endpoint: mul_reduced_q[4]$_DFFE_PN0P_
          (rising edge-triggered flip-flop clocked by clk)
Path Group: clk
Path Type: max

  Delay    Time   Description
---------------------------------------------------------
   0.00    0.00   clock clk (rise edge)
   0.00    0.00   clock source latency
   0.00    0.00 ^ clk (in)
   0.10    0.10 ^ clkbuf_regs_0_clk/X (sky130_fd_sc_hd__clkbuf_16)
   0.29    0.39 ^ clkbuf_0_clk_regs/X (sky130_fd_sc_hd__clkbuf_16)
   0.23    0.62 ^ clkbuf_4_7_0_clk_regs/X (sky130_fd_sc_hd__clkbuf_16)
   0.00    0.62 ^ coeff_a_q[1]$_DFFE_PN0P_/CLK (sky130_fd_sc_hd__dfrtp_2)
   0.43    1.05 v coeff_a_q[1]$_DFFE_PN0P_/Q (sky130_fd_sc_hd__dfrtp_2)
   0.28    1.33 ^ _6619_/SUM (sky130_fd_sc_hd__ha_4)
   0.04    1.37 v _4113_/Y (sky130_fd_sc_hd__inv_4)
   0.16    1.52 v _6614_/COUT (sky130_fd_sc_hd__ha_4)
   0.37    1.89 v _6287_/COUT (sky130_fd_sc_hd__fa_2)
   0.13    2.03 ^ _4268_/Y (sky130_fd_sc_hd__a21oi_2)
   0.05    2.08 v _4269_/Y (sky130_fd_sc_hd__nor2_1)
   0.16    2.24 ^ _4270_/Y (sky130_fd_sc_hd__nor2_1)
   0.11    2.35 v _4271_/Y (sky130_fd_sc_hd__o21bai_1)
   0.18    2.53 ^ _4272_/Y (sky130_fd_sc_hd__a21oi_2)
   0.12    2.64 v _4273_/Y (sky130_fd_sc_hd__xnor2_1)
   0.15    2.80 v _4280_/Y (sky130_fd_sc_hd__nand2b_4)
   0.42    3.22 v _4281_/X (sky130_fd_sc_hd__or4_4)
   0.16    3.38 ^ _4282_/Y (sky130_fd_sc_hd__a31oi_1)
   0.08    3.46 v _4288_/Y (sky130_fd_sc_hd__o21ai_1)
   0.10    3.56 ^ _4294_/Y (sky130_fd_sc_hd__nand3_1)
   0.09    3.65 v _4295_/Y (sky130_fd_sc_hd__nand2_2)
   0.10    3.76 ^ _4439_/Y (sky130_fd_sc_hd__inv_2)
   0.05    3.81 v _4460_/Y (sky130_fd_sc_hd__nor4_4)
   0.14    3.95 v place1139/X (sky130_fd_sc_hd__buf_4)
   0.12    4.07 v _4487_/Y (sky130_fd_sc_hd__xnor2_2)
   0.22    4.29 ^ _4488_/Y (sky130_fd_sc_hd__mux2i_2)
   0.10    4.39 v _4489_/Y (sky130_fd_sc_hd__nor2_1)
   0.18    4.57 ^ _4490_/Y (sky130_fd_sc_hd__a21oi_2)
   0.16    4.74 ^ place1102/X (sky130_fd_sc_hd__buf_6)
   0.04    4.78 v _4572_/Y (sky130_fd_sc_hd__nor2_4)
   0.49    5.27 v _6192_/SUM (sky130_fd_sc_hd__fa_1)
   0.61    5.88 ^ _6351_/SUM (sky130_fd_sc_hd__fa_2)
   0.20    6.08 v _6569_/SUM (sky130_fd_sc_hd__ha_4)
   0.46    6.54 v _6418_/SUM (sky130_fd_sc_hd__fa_1)
   0.51    7.05 v _6386_/SUM (sky130_fd_sc_hd__fa_1)
   0.30    7.35 ^ _6546_/SUM (sky130_fd_sc_hd__ha_4)
   0.04    7.39 v _4161_/Y (sky130_fd_sc_hd__inv_2)
   0.16    7.55 ^ _4166_/Y (sky130_fd_sc_hd__o21bai_1)
   0.08    7.63 v _4167_/Y (sky130_fd_sc_hd__a21oi_2)
   0.20    7.83 ^ _4168_/Y (sky130_fd_sc_hd__o21bai_1)
   0.08    7.92 v _4169_/Y (sky130_fd_sc_hd__a21oi_2)
   0.19    8.11 ^ _4170_/Y (sky130_fd_sc_hd__o21bai_1)
   0.09    8.20 v _4171_/Y (sky130_fd_sc_hd__a21oi_2)
   0.18    8.38 ^ _4172_/Y (sky130_fd_sc_hd__o21bai_1)
   0.09    8.47 v _4173_/Y (sky130_fd_sc_hd__a21oi_2)
   0.18    8.65 ^ _4174_/Y (sky130_fd_sc_hd__o21bai_1)
   0.10    8.75 v _4175_/Y (sky130_fd_sc_hd__a21oi_2)
   0.19    8.94 ^ _4176_/Y (sky130_fd_sc_hd__o21bai_1)
   0.10    9.04 v _4177_/Y (sky130_fd_sc_hd__a21oi_2)
   0.14    9.18 v place1004/X (sky130_fd_sc_hd__buf_4)
   0.13    9.30 ^ _4374_/Y (sky130_fd_sc_hd__o21bai_1)
   0.09    9.40 v _4375_/Y (sky130_fd_sc_hd__a21oi_1)
   0.22    9.62 ^ _4376_/X (sky130_fd_sc_hd__xor2_1)
   0.08    9.70 v _4377_/Y (sky130_fd_sc_hd__inv_2)
   0.53   10.24 ^ _6349_/SUM (sky130_fd_sc_hd__fa_1)
   0.44   10.68 v _6338_/SUM (sky130_fd_sc_hd__fa_1)
   0.51   11.18 ^ _6314_/SUM (sky130_fd_sc_hd__fa_1)
   0.42   11.61 v _6340_/SUM (sky130_fd_sc_hd__fa_1)
   0.56   12.17 ^ _6294_/SUM (sky130_fd_sc_hd__fa_1)
   0.23   12.39 v _6703_/SUM (sky130_fd_sc_hd__ha_4)
   0.06   12.45 ^ _4135_/Y (sky130_fd_sc_hd__o21ai_2)
   0.10   12.55 v _4136_/Y (sky130_fd_sc_hd__nand2b_1)
   0.54   13.08 v _4137_/X (sky130_fd_sc_hd__or4_4)
   0.26   13.34 v _4200_/X (sky130_fd_sc_hd__a31o_4)
   0.20   13.54 v _4208_/X (sky130_fd_sc_hd__a21o_1)
   0.22   13.75 ^ _4384_/Y (sky130_fd_sc_hd__a21oi_2)
   0.10   13.85 v _4385_/Y (sky130_fd_sc_hd__o21bai_1)
   0.20   14.05 ^ _4386_/Y (sky130_fd_sc_hd__xnor2_1)
   0.13   14.19 v _4387_/Y (sky130_fd_sc_hd__inv_1)
   0.15   14.34 v place932/X (sky130_fd_sc_hd__buf_4)
   0.19   14.53 v _6841_/COUT (sky130_fd_sc_hd__ha_1)
   0.46   14.99 v _6198_/SUM (sky130_fd_sc_hd__fa_1)
   0.30   15.28 v _6650_/SUM (sky130_fd_sc_hd__ha_1)
   0.44   15.72 v _6179_/SUM (sky130_fd_sc_hd__fa_1)
   0.31   16.04 v _6798_/SUM (sky130_fd_sc_hd__ha_1)
   0.08   16.11 ^ _4607_/Y (sky130_fd_sc_hd__inv_2)
   0.21   16.33 v _6504_/SUM (sky130_fd_sc_hd__ha_4)
   0.14   16.47 ^ _3818_/Y (sky130_fd_sc_hd__a21oi_2)
   0.08   16.54 v _3933_/Y (sky130_fd_sc_hd__o21bai_1)
   0.19   16.73 v _3934_/X (sky130_fd_sc_hd__a21o_1)
   0.40   17.13 v _3935_/X (sky130_fd_sc_hd__or4_1)
   0.15   17.28 ^ _3936_/Y (sky130_fd_sc_hd__nor2_1)
   0.08   17.36 v _3941_/Y (sky130_fd_sc_hd__a311oi_2)
   0.35   17.70 ^ _3951_/Y (sky130_fd_sc_hd__nor4_4)
   0.18   17.88 ^ rebuffer1290/X (sky130_fd_sc_hd__buf_4)
   0.09   17.97 v _3952_/Y (sky130_fd_sc_hd__nand3_4)
   0.16   18.13 v place749/X (sky130_fd_sc_hd__buf_6)
   0.19   18.32 ^ _3978_/Y (sky130_fd_sc_hd__o31ai_2)
   0.18   18.50 ^ place742/X (sky130_fd_sc_hd__buf_4)
   0.20   18.69 ^ _3979_/X (sky130_fd_sc_hd__xor2_4)
   0.18   18.88 v _3986_/Y (sky130_fd_sc_hd__o2111ai_4)
   0.17   19.05 v place694/X (sky130_fd_sc_hd__buf_6)
   0.21   19.26 v _5482_/X (sky130_fd_sc_hd__o21a_1)
   0.25   19.51 ^ _5542_/Y (sky130_fd_sc_hd__o31ai_1)
   0.14   19.65 v _5543_/Y (sky130_fd_sc_hd__a22oi_1)
   0.39   20.04 v _5544_/X (sky130_fd_sc_hd__or3b_1)
   0.34   20.38 v _5623_/X (sky130_fd_sc_hd__or3_1)
   0.12   20.50 ^ _5624_/Y (sky130_fd_sc_hd__nand4_1)
   0.14   20.63 ^ rebuffer1325/X (sky130_fd_sc_hd__buf_4)
   0.12   20.75 ^ place651/X (sky130_fd_sc_hd__buf_6)
   0.10   20.85 v _5666_/Y (sky130_fd_sc_hd__nand3_1)
   0.23   21.08 v _5667_/X (sky130_fd_sc_hd__a31o_1)
   0.15   21.23 ^ _5670_/Y (sky130_fd_sc_hd__a31oi_1)
   0.00   21.23 ^ mul_reduced_q[4]$_DFFE_PN0P_/D (sky130_fd_sc_hd__dfrtp_1)
          21.23   data arrival time

  20.00   20.00   clock clk (rise edge)
   0.00   20.00   clock source latency
   0.00   20.00 ^ clk (in)
   0.10   20.10 ^ clkbuf_regs_0_clk/X (sky130_fd_sc_hd__clkbuf_16)
   0.29   20.39 ^ clkbuf_0_clk_regs/X (sky130_fd_sc_hd__clkbuf_16)
   0.23   20.63 ^ clkbuf_4_15_0_clk_regs/X (sky130_fd_sc_hd__clkbuf_16)
   0.00   20.63 ^ mul_reduced_q[4]$_DFFE_PN0P_/CLK (sky130_fd_sc_hd__dfrtp_1)
  -0.25   20.38   clock uncertainty
   0.00   20.38   clock reconvergence pessimism
  -0.07   20.31   library setup time
          20.31   data required time
---------------------------------------------------------
          20.31   data required time
         -21.23   data arrival time
---------------------------------------------------------
          -0.92   slack (VIOLATED)



==========================================================================
cts final report_checks -path_delay min reg to reg
--------------------------------------------------------------------------
Startpoint: st[12]$_DFF_PN0_ (rising edge-triggered flip-flop clocked by clk)
Endpoint: done$_DFF_PN0_ (rising edge-triggered flip-flop clocked by clk)
Path Group: clk
Path Type: min

  Delay    Time   Description
---------------------------------------------------------
   0.00    0.00   clock clk (rise edge)
   0.00    0.00   clock source latency
   0.00    0.00 ^ clk (in)
   0.10    0.10 ^ clkbuf_regs_0_clk/X (sky130_fd_sc_hd__clkbuf_16)
   0.29    0.39 ^ clkbuf_0_clk_regs/X (sky130_fd_sc_hd__clkbuf_16)
   0.24    0.63 ^ clkbuf_4_11_0_clk_regs/X (sky130_fd_sc_hd__clkbuf_16)
   0.00    0.64 ^ st[12]$_DFF_PN0_/CLK (sky130_fd_sc_hd__dfrtp_1)
   0.35    0.98 ^ st[12]$_DFF_PN0_/Q (sky130_fd_sc_hd__dfrtp_1)
   0.00    0.98 ^ done$_DFF_PN0_/D (sky130_fd_sc_hd__dfrtp_1)
           0.98   data arrival time

   0.00    0.00   clock clk (rise edge)
   0.00    0.00   clock source latency
   0.00    0.00 ^ clk (in)
   0.10    0.10 ^ clkbuf_regs_0_clk/X (sky130_fd_sc_hd__clkbuf_16)
   0.29    0.39 ^ clkbuf_0_clk_regs/X (sky130_fd_sc_hd__clkbuf_16)
   0.24    0.63 ^ clkbuf_4_11_0_clk_regs/X (sky130_fd_sc_hd__clkbuf_16)
   0.00    0.64 ^ done$_DFF_PN0_/CLK (sky130_fd_sc_hd__dfrtp_1)
   0.25    0.89   clock uncertainty
   0.00    0.89   clock reconvergence pessimism
  -0.03    0.85   library hold time
           0.85   data required time
---------------------------------------------------------
           0.85   data required time
          -0.98   data arrival time
---------------------------------------------------------
           0.13   slack (MET)



==========================================================================
cts final critical path target clock latency max path
--------------------------------------------------------------------------
0.5738

==========================================================================
cts final critical path target clock latency min path
--------------------------------------------------------------------------
0.6185

==========================================================================
cts final critical path source clock latency min path
--------------------------------------------------------------------------
0.0000

==========================================================================
cts final critical path delay
--------------------------------------------------------------------------
21.2278

==========================================================================
cts final critical path slack
--------------------------------------------------------------------------
-0.9217

==========================================================================
cts final slack div critical path delay
--------------------------------------------------------------------------
-4.341948

==========================================================================
cts final report_power
--------------------------------------------------------------------------
Group                  Internal  Switching    Leakage      Total
                          Power      Power      Power      Power (Watts)
----------------------------------------------------------------
Sequential             3.13e-04   0.00e+00   2.09e-09   3.13e-04   0.0%
Combinational          1.04e-05   1.96e-05   1.67e-08   3.01e-05   0.0%
Clock                  2.28e-04   1.91e-04   3.47e-10   4.20e-04   0.0%
Macro                  3.88e+06   0.00e+00   4.55e-06   3.88e+06 100.0%
Pad                    0.00e+00   0.00e+00   0.00e+00   0.00e+00   0.0%
----------------------------------------------------------------
Total                  3.88e+06   2.11e-04   4.57e-06   3.88e+06 100.0%
                         100.0%       0.0%       0.0%
