
==========================================================================
finish report_tns
--------------------------------------------------------------------------
tns max -8.34

==========================================================================
finish report_wns
--------------------------------------------------------------------------
wns max -0.80

==========================================================================
finish report_worst_slack
--------------------------------------------------------------------------
worst slack max -0.80

==========================================================================
finish report_clock_min_period
--------------------------------------------------------------------------
clk period_min = 20.80 fmax = 48.08

==========================================================================
finish report_clock_skew
--------------------------------------------------------------------------
Clock clk
   0.66 source latency u_coeff_ram.u_macro/clk0 v
  -0.58 target latency coeff_b_q[9]$_DFFE_PN0P_/CLK ^
   0.25 clock uncertainty
   0.00 CRPR
--------------
   0.33 setup skew


==========================================================================
finish report_checks -path_delay min
--------------------------------------------------------------------------
Startpoint: st[12]$_DFF_PN0_ (rising edge-triggered flip-flop clocked by clk)
Endpoint: done$_DFF_PN0_ (rising edge-triggered flip-flop clocked by clk)
Path Group: clk
Path Type: min

Fanout     Cap    Slew   Delay    Time   Description
-----------------------------------------------------------------------------
                          0.00    0.00   clock clk (rise edge)
                          0.00    0.00   clock source latency
     2    0.05    0.00    0.00    0.00 ^ clk (in)
                                         clk (net)
                  0.00    0.00    0.00 ^ clkbuf_regs_0_clk/A (sky130_fd_sc_hd__clkbuf_16)
     1    0.01    0.03    0.10    0.10 ^ clkbuf_regs_0_clk/X (sky130_fd_sc_hd__clkbuf_16)
                                         clk_regs (net)
                  0.03    0.00    0.10 ^ clkbuf_0_clk_regs/A (sky130_fd_sc_hd__clkbuf_16)
    16    0.23    0.24    0.27    0.37 ^ clkbuf_0_clk_regs/X (sky130_fd_sc_hd__clkbuf_16)
                                         clknet_0_clk_regs (net)
                  0.24    0.01    0.37 ^ clkbuf_4_11_0_clk_regs/A (sky130_fd_sc_hd__clkbuf_16)
    15    0.06    0.08    0.22    0.59 ^ clkbuf_4_11_0_clk_regs/X (sky130_fd_sc_hd__clkbuf_16)
                                         clknet_4_11_0_clk_regs (net)
                  0.08    0.00    0.60 ^ st[12]$_DFF_PN0_/CLK (sky130_fd_sc_hd__dfrtp_1)
     2    0.01    0.06    0.34    0.94 ^ st[12]$_DFF_PN0_/Q (sky130_fd_sc_hd__dfrtp_1)
                                         st[12] (net)
                  0.06    0.00    0.94 ^ done$_DFF_PN0_/D (sky130_fd_sc_hd__dfrtp_1)
                                  0.94   data arrival time

                          0.00    0.00   clock clk (rise edge)
                          0.00    0.00   clock source latency
     2    0.05    0.00    0.00    0.00 ^ clk (in)
                                         clk (net)
                  0.00    0.00    0.00 ^ clkbuf_regs_0_clk/A (sky130_fd_sc_hd__clkbuf_16)
     1    0.01    0.03    0.10    0.10 ^ clkbuf_regs_0_clk/X (sky130_fd_sc_hd__clkbuf_16)
                                         clk_regs (net)
                  0.03    0.00    0.10 ^ clkbuf_0_clk_regs/A (sky130_fd_sc_hd__clkbuf_16)
    16    0.23    0.24    0.27    0.37 ^ clkbuf_0_clk_regs/X (sky130_fd_sc_hd__clkbuf_16)
                                         clknet_0_clk_regs (net)
                  0.24    0.01    0.37 ^ clkbuf_4_11_0_clk_regs/A (sky130_fd_sc_hd__clkbuf_16)
    15    0.06    0.08    0.22    0.59 ^ clkbuf_4_11_0_clk_regs/X (sky130_fd_sc_hd__clkbuf_16)
                                         clknet_4_11_0_clk_regs (net)
                  0.08    0.00    0.60 ^ done$_DFF_PN0_/CLK (sky130_fd_sc_hd__dfrtp_1)
                          0.25    0.85   clock uncertainty
                          0.00    0.85   clock reconvergence pessimism
                         -0.03    0.81   library hold time
                                  0.81   data required time
-----------------------------------------------------------------------------
                                  0.81   data required time
                                 -0.94   data arrival time
-----------------------------------------------------------------------------
                                  0.13   slack (MET)



==========================================================================
finish report_checks -path_delay max
--------------------------------------------------------------------------
Startpoint: coeff_a_q[1]$_DFFE_PN0P_
            (rising edge-triggered flip-flop clocked by clk)
Endpoint: mul_reduced_q[4]$_DFFE_PN0P_
          (rising edge-triggered flip-flop clocked by clk)
Path Group: clk
Path Type: max

Fanout     Cap    Slew   Delay    Time   Description
-----------------------------------------------------------------------------
                          0.00    0.00   clock clk (rise edge)
                          0.00    0.00   clock source latency
     2    0.05    0.00    0.00    0.00 ^ clk (in)
                                         clk (net)
                  0.00    0.00    0.00 ^ clkbuf_regs_0_clk/A (sky130_fd_sc_hd__clkbuf_16)
     1    0.01    0.03    0.10    0.10 ^ clkbuf_regs_0_clk/X (sky130_fd_sc_hd__clkbuf_16)
                                         clk_regs (net)
                  0.03    0.00    0.10 ^ clkbuf_0_clk_regs/A (sky130_fd_sc_hd__clkbuf_16)
    16    0.23    0.24    0.27    0.37 ^ clkbuf_0_clk_regs/X (sky130_fd_sc_hd__clkbuf_16)
                                         clknet_0_clk_regs (net)
                  0.24    0.01    0.37 ^ clkbuf_4_7_0_clk_regs/A (sky130_fd_sc_hd__clkbuf_16)
    11    0.04    0.07    0.21    0.58 ^ clkbuf_4_7_0_clk_regs/X (sky130_fd_sc_hd__clkbuf_16)
                                         clknet_4_7_0_clk_regs (net)
                  0.07    0.00    0.58 ^ coeff_a_q[1]$_DFFE_PN0P_/CLK (sky130_fd_sc_hd__dfrtp_2)
     2    0.01    0.07    0.43    1.01 v coeff_a_q[1]$_DFFE_PN0P_/Q (sky130_fd_sc_hd__dfrtp_2)
                                         coeff_a_q[1] (net)
                  0.07    0.00    1.01 v _6619_/A (sky130_fd_sc_hd__ha_4)
     1    0.01    0.05    0.28    1.29 ^ _6619_/SUM (sky130_fd_sc_hd__ha_4)
                                         _0516_ (net)
                  0.05    0.00    1.29 ^ _4113_/A (sky130_fd_sc_hd__inv_4)
     2    0.01    0.02    0.04    1.32 v _4113_/Y (sky130_fd_sc_hd__inv_4)
                                         _0454_ (net)
                  0.02    0.00    1.32 v _6614_/A (sky130_fd_sc_hd__ha_4)
     2    0.01    0.04    0.15    1.48 v _6614_/COUT (sky130_fd_sc_hd__ha_4)
                                         _0157_ (net)
                  0.04    0.00    1.48 v _6287_/CIN (sky130_fd_sc_hd__fa_2)
     2    0.01    0.09    0.37    1.85 v _6287_/COUT (sky130_fd_sc_hd__fa_2)
                                         _0158_ (net)
                  0.09    0.00    1.85 v _4268_/A1 (sky130_fd_sc_hd__a21oi_2)
     1    0.00    0.10    0.14    1.99 ^ _4268_/Y (sky130_fd_sc_hd__a21oi_2)
                                         _1362_ (net)
                  0.10    0.00    1.99 ^ _4269_/B (sky130_fd_sc_hd__nor2_1)
     1    0.00    0.04    0.06    2.04 v _4269_/Y (sky130_fd_sc_hd__nor2_1)
                                         _1363_ (net)
                  0.04    0.00    2.04 v _4270_/A (sky130_fd_sc_hd__nor2_2)
     2    0.01    0.13    0.14    2.18 ^ _4270_/Y (sky130_fd_sc_hd__nor2_2)
                                         _1364_ (net)
                  0.13    0.00    2.18 ^ _4271_/A2 (sky130_fd_sc_hd__o21bai_1)
     1    0.01    0.06    0.09    2.28 v _4271_/Y (sky130_fd_sc_hd__o21bai_1)
                                         _1365_ (net)
                  0.06    0.00    2.28 v _4272_/A1 (sky130_fd_sc_hd__a21oi_2)
     2    0.01    0.14    0.16    2.44 ^ _4272_/Y (sky130_fd_sc_hd__a21oi_2)
                                         _1366_ (net)
                  0.14    0.00    2.44 ^ place1159/A (sky130_fd_sc_hd__buf_4)
     1    0.01    0.04    0.14    2.58 ^ place1159/X (sky130_fd_sc_hd__buf_4)
                                         net1158 (net)
                  0.04    0.00    2.58 ^ _4285_/A2 (sky130_fd_sc_hd__o21bai_4)
     1    0.01    0.05    0.05    2.63 v _4285_/Y (sky130_fd_sc_hd__o21bai_4)
                                         _1379_ (net)
                  0.05    0.00    2.63 v _4286_/A1 (sky130_fd_sc_hd__a21oi_2)
     2    0.01    0.13    0.15    2.78 ^ _4286_/Y (sky130_fd_sc_hd__a21oi_2)
                                         _1380_ (net)
                  0.13    0.00    2.78 ^ _4289_/A2 (sky130_fd_sc_hd__o21bai_1)
     1    0.00    0.05    0.08    2.86 v _4289_/Y (sky130_fd_sc_hd__o21bai_1)
                                         _1383_ (net)
                  0.05    0.00    2.86 v _4290_/A1 (sky130_fd_sc_hd__a21oi_1)
     1    0.01    0.15    0.15    3.01 ^ _4290_/Y (sky130_fd_sc_hd__a21oi_1)
                                         _1384_ (net)
                  0.15    0.00    3.01 ^ _4291_/A (sky130_fd_sc_hd__xnor2_1)
     2    0.01    0.18    0.16    3.17 ^ _4291_/Y (sky130_fd_sc_hd__xnor2_1)
                                         _1385_ (net)
                  0.18    0.00    3.17 ^ _4294_/A (sky130_fd_sc_hd__nand3_1)
     1    0.00    0.09    0.11    3.28 v _4294_/Y (sky130_fd_sc_hd__nand3_1)
                                         _1388_ (net)
                  0.09    0.00    3.28 v _4295_/B (sky130_fd_sc_hd__nand2_2)
     5    0.02    0.11    0.13    3.41 ^ _4295_/Y (sky130_fd_sc_hd__nand2_2)
                                         _1389_ (net)
                  0.11    0.00    3.41 ^ _4439_/A (sky130_fd_sc_hd__inv_2)
     3    0.02    0.05    0.07    3.48 v _4439_/Y (sky130_fd_sc_hd__inv_2)
                                         _1439_ (net)
                  0.05    0.00    3.48 v _4460_/B (sky130_fd_sc_hd__nor4_4)
     3    0.01    0.28    0.32    3.80 ^ _4460_/Y (sky130_fd_sc_hd__nor4_4)
                                         _1457_ (net)
                  0.28    0.00    3.80 ^ _4474_/B (sky130_fd_sc_hd__nand2_1)
     1    0.01    0.09    0.14    3.94 v _4474_/Y (sky130_fd_sc_hd__nand2_1)
                                         _1469_ (net)
                  0.09    0.00    3.94 v _4475_/B (sky130_fd_sc_hd__xor2_2)
     1    0.01    0.14    0.16    4.10 ^ _4475_/X (sky130_fd_sc_hd__xor2_2)
                                         _1470_ (net)
                  0.14    0.00    4.10 ^ _4477_/A2 (sky130_fd_sc_hd__a211oi_2)
     1    0.00    0.18    0.08    4.18 v _4477_/Y (sky130_fd_sc_hd__a211oi_2)
                                         _1472_ (net)
                  0.18    0.00    4.18 v rebuffer1292/A (sky130_fd_sc_hd__buf_4)
     2    0.02    0.04    0.21    4.39 v rebuffer1292/X (sky130_fd_sc_hd__buf_4)
                                         net1291 (net)
                  0.04    0.00    4.39 v place1115/A (sky130_fd_sc_hd__buf_4)
     4    0.03    0.05    0.16    4.55 v place1115/X (sky130_fd_sc_hd__buf_4)
                                         net1114 (net)
                  0.05    0.00    4.55 v _4542_/B (sky130_fd_sc_hd__and2_4)
     1    0.01    0.03    0.16    4.71 v _4542_/X (sky130_fd_sc_hd__and2_4)
                                         _0070_ (net)
                  0.03    0.00    4.71 v _6192_/A (sky130_fd_sc_hd__fa_1)
     1    0.01    0.11    0.52    5.23 v _6192_/SUM (sky130_fd_sc_hd__fa_1)
                                         _2889_ (net)
                  0.11    0.00    5.23 v _6351_/A (sky130_fd_sc_hd__fa_2)
     1    0.01    0.08    0.61    5.84 ^ _6351_/SUM (sky130_fd_sc_hd__fa_2)
                                         _3338_ (net)
                  0.08    0.00    5.84 ^ _6569_/B (sky130_fd_sc_hd__ha_4)
     1    0.01    0.04    0.20    6.04 v _6569_/SUM (sky130_fd_sc_hd__ha_4)
                                         _3477_ (net)
                  0.04    0.00    6.04 v _6418_/CIN (sky130_fd_sc_hd__fa_1)
     1    0.01    0.08    0.49    6.53 ^ _6418_/SUM (sky130_fd_sc_hd__fa_1)
                                         _3426_ (net)
                  0.08    0.00    6.53 ^ _6386_/CIN (sky130_fd_sc_hd__fa_1)
     1    0.01    0.11    0.45    6.98 v _6386_/SUM (sky130_fd_sc_hd__fa_1)
                                         _3429_ (net)
                  0.11    0.00    6.98 v _6546_/B (sky130_fd_sc_hd__ha_4)
     2    0.01    0.05    0.30    7.28 ^ _6546_/SUM (sky130_fd_sc_hd__ha_4)
                                         _0413_ (net)
                  0.05    0.00    7.28 ^ _4161_/A (sky130_fd_sc_hd__inv_2)
     2    0.01    0.02    0.04    7.32 v _4161_/Y (sky130_fd_sc_hd__inv_2)
                                         _1293_ (net)
                  0.02    0.00    7.32 v _4166_/A2 (sky130_fd_sc_hd__o21bai_1)
     1    0.01    0.17    0.16    7.48 ^ _4166_/Y (sky130_fd_sc_hd__o21bai_1)
                                         _1298_ (net)
                  0.17    0.00    7.48 ^ _4167_/A1 (sky130_fd_sc_hd__a21oi_2)
     2    0.01    0.06    0.09    7.57 v _4167_/Y (sky130_fd_sc_hd__a21oi_2)
                                         _1299_ (net)
                  0.06    0.00    7.57 v _4168_/A2 (sky130_fd_sc_hd__o21bai_1)
     1    0.01    0.19    0.19    7.75 ^ _4168_/Y (sky130_fd_sc_hd__o21bai_1)
                                         _1300_ (net)
                  0.19    0.00    7.75 ^ _4169_/A1 (sky130_fd_sc_hd__a21oi_2)
     2    0.01    0.06    0.08    7.83 v _4169_/Y (sky130_fd_sc_hd__a21oi_2)
                                         _1301_ (net)
                  0.06    0.00    7.83 v _4170_/A2 (sky130_fd_sc_hd__o21bai_1)
     1    0.01    0.18    0.18    8.01 ^ _4170_/Y (sky130_fd_sc_hd__o21bai_1)
                                         _1302_ (net)
                  0.18    0.00    8.01 ^ _4171_/A1 (sky130_fd_sc_hd__a21oi_2)
     2    0.01    0.06    0.08    8.09 v _4171_/Y (sky130_fd_sc_hd__a21oi_2)
                                         _1303_ (net)
                  0.06    0.00    8.10 v _4172_/A2 (sky130_fd_sc_hd__o21bai_1)
     1    0.01    0.18    0.18    8.27 ^ _4172_/Y (sky130_fd_sc_hd__o21bai_1)
                                         _1304_ (net)
                  0.18    0.00    8.27 ^ _4173_/A2 (sky130_fd_sc_hd__a21oi_2)
     2    0.01    0.05    0.09    8.36 v _4173_/Y (sky130_fd_sc_hd__a21oi_2)
                                         _1305_ (net)
                  0.05    0.00    8.36 v _4174_/A2 (sky130_fd_sc_hd__o21bai_1)
     1    0.01    0.17    0.17    8.53 ^ _4174_/Y (sky130_fd_sc_hd__o21bai_1)
                                         _1306_ (net)
                  0.17    0.00    8.53 ^ _4175_/A2 (sky130_fd_sc_hd__a21oi_2)
     2    0.01    0.05    0.09    8.61 v _4175_/Y (sky130_fd_sc_hd__a21oi_2)
                                         _1307_ (net)
                  0.05    0.00    8.61 v _4176_/A2 (sky130_fd_sc_hd__o21bai_1)
     1    0.01    0.18    0.17    8.79 ^ _4176_/Y (sky130_fd_sc_hd__o21bai_1)
                                         _1308_ (net)
                  0.18    0.00    8.79 ^ _4177_/A2 (sky130_fd_sc_hd__a21oi_2)
     2    0.01    0.05    0.09    8.87 v _4177_/Y (sky130_fd_sc_hd__a21oi_2)
                                         _1309_ (net)
                  0.05    0.00    8.88 v rebuffer1594/A (sky130_fd_sc_hd__buf_4)
     1    0.02    0.04    0.15    9.03 v rebuffer1594/X (sky130_fd_sc_hd__buf_4)
                                         net1593 (net)
                  0.04    0.00    9.03 v _4178_/A (sky130_fd_sc_hd__xnor2_4)
     2    0.01    0.13    0.16    9.19 ^ _4178_/Y (sky130_fd_sc_hd__xnor2_4)
                                         _0179_ (net)
                  0.13    0.00    9.19 ^ _4179_/A (sky130_fd_sc_hd__inv_2)
     2    0.01    0.05    0.07    9.26 v _4179_/Y (sky130_fd_sc_hd__inv_2)
                                         mul_product[20] (net)
                  0.05    0.00    9.26 v place992/A (sky130_fd_sc_hd__buf_6)
     5    0.04    0.05    0.14    9.40 v place992/X (sky130_fd_sc_hd__buf_6)
                                         net991 (net)
                  0.05    0.00    9.41 v _6402_/B (sky130_fd_sc_hd__fa_1)
     2    0.01    0.11    0.50    9.91 v _6402_/SUM (sky130_fd_sc_hd__fa_1)
                                         _3156_ (net)
                  0.11    0.00    9.91 v _6278_/A (sky130_fd_sc_hd__fa_1)
     1    0.01    0.10    0.59   10.50 ^ _6278_/SUM (sky130_fd_sc_hd__fa_1)
                                         _3158_ (net)
                  0.10    0.00   10.50 ^ _6315_/CIN (sky130_fd_sc_hd__fa_1)
     1    0.01    0.09    0.43   10.93 v _6315_/SUM (sky130_fd_sc_hd__fa_1)
                                         _3126_ (net)
                  0.09    0.00   10.93 v _6269_/CIN (sky130_fd_sc_hd__fa_1)
     1    0.01    0.08    0.51   11.44 ^ _6269_/SUM (sky130_fd_sc_hd__fa_1)
                                         _3130_ (net)
                  0.08    0.00   11.44 ^ _6295_/CIN (sky130_fd_sc_hd__fa_1)
     1    0.00    0.08    0.41   11.86 v _6295_/SUM (sky130_fd_sc_hd__fa_1)
                                         _3210_ (net)
                  0.08    0.00   11.86 v _6587_/B (sky130_fd_sc_hd__ha_1)
     2    0.01    0.08    0.31   12.17 v _6587_/SUM (sky130_fd_sc_hd__ha_1)
                                         _0471_ (net)
                  0.08    0.00   12.17 v _4134_/B_N (sky130_fd_sc_hd__nor2b_4)
     1    0.01    0.04    0.14   12.31 v _4134_/Y (sky130_fd_sc_hd__nor2b_4)
                                         _1270_ (net)
                  0.04    0.00   12.31 v _4135_/A2 (sky130_fd_sc_hd__o21ai_2)
     1    0.01    0.11    0.12   12.43 ^ _4135_/Y (sky130_fd_sc_hd__o21ai_2)
                                         _1271_ (net)
                  0.11    0.00   12.43 ^ _4136_/B (sky130_fd_sc_hd__nand2b_1)
     2    0.01    0.08    0.11   12.53 v _4136_/Y (sky130_fd_sc_hd__nand2b_1)
                                         _1272_ (net)
                  0.08    0.00   12.53 v _4137_/C (sky130_fd_sc_hd__or4_4)
     3    0.02    0.11    0.54   13.07 v _4137_/X (sky130_fd_sc_hd__or4_4)
                                         _1273_ (net)
                  0.11    0.00   13.07 v _4200_/A1 (sky130_fd_sc_hd__a31o_4)
     2    0.01    0.04    0.24   13.31 v _4200_/X (sky130_fd_sc_hd__a31o_4)
                                         _1315_ (net)
                  0.04    0.00   13.31 v _4208_/A1 (sky130_fd_sc_hd__a21o_1)
     2    0.01    0.06    0.17   13.48 v _4208_/X (sky130_fd_sc_hd__a21o_1)
                                         _1316_ (net)
                  0.06    0.00   13.48 v _4384_/A1 (sky130_fd_sc_hd__a21oi_2)
     2    0.01    0.18    0.20   13.68 ^ _4384_/Y (sky130_fd_sc_hd__a21oi_2)
                                         _1423_ (net)
                  0.18    0.00   13.68 ^ _4401_/A (sky130_fd_sc_hd__xnor2_2)
     2    0.01    0.18    0.16   13.84 ^ _4401_/Y (sky130_fd_sc_hd__xnor2_2)
                                         _0111_ (net)
                  0.18    0.00   13.84 ^ _4402_/A (sky130_fd_sc_hd__inv_2)
     2    0.01    0.06    0.08   13.92 v _4402_/Y (sky130_fd_sc_hd__inv_2)
                                         u_mul_reduce.prod[29] (net)
                  0.06    0.00   13.92 v _6243_/A (sky130_fd_sc_hd__fa_1)
     1    0.01    0.11    0.58   14.50 ^ _6243_/SUM (sky130_fd_sc_hd__fa_1)
                                         _3056_ (net)
                  0.11    0.00   14.50 ^ _6470_/B (sky130_fd_sc_hd__ha_4)
     1    0.01    0.04    0.21   14.71 v _6470_/SUM (sky130_fd_sc_hd__ha_4)
                                         _3051_ (net)
                  0.04    0.00   14.71 v _6242_/B (sky130_fd_sc_hd__fa_1)
     1    0.00    0.05    0.49   15.21 ^ _6242_/SUM (sky130_fd_sc_hd__fa_1)
                                         _0110_ (net)
                  0.05    0.00   15.21 ^ _5746_/A (sky130_fd_sc_hd__inv_1)
     1    0.01    0.03    0.05   15.25 v _5746_/Y (sky130_fd_sc_hd__inv_1)
                                         _0039_ (net)
                  0.03    0.00   15.25 v _6178_/CIN (sky130_fd_sc_hd__fa_1)
     1    0.01    0.13    0.53   15.78 ^ _6178_/SUM (sky130_fd_sc_hd__fa_1)
                                         _2856_ (net)
                  0.13    0.00   15.78 ^ _6826_/B (sky130_fd_sc_hd__ha_4)
     2    0.01    0.04    0.22   16.00 v _6826_/SUM (sky130_fd_sc_hd__ha_4)
                                         _0725_ (net)
                  0.04    0.00   16.00 v _3793_/A1 (sky130_fd_sc_hd__a21o_1)
     2    0.01    0.08    0.19   16.20 v _3793_/X (sky130_fd_sc_hd__a21o_1)
                                         _0943_ (net)
                  0.08    0.00   16.20 v _3799_/A2 (sky130_fd_sc_hd__a211oi_4)
     1    0.01    0.19    0.26   16.46 ^ _3799_/Y (sky130_fd_sc_hd__a211oi_4)
                                         _0949_ (net)
                  0.19    0.00   16.46 ^ _3800_/D1 (sky130_fd_sc_hd__o2111ai_2)
     1    0.01    0.12    0.15   16.61 v _3800_/Y (sky130_fd_sc_hd__o2111ai_2)
                                         _0950_ (net)
                  0.12    0.00   16.61 v _3801_/A2 (sky130_fd_sc_hd__a21oi_2)
     2    0.02    0.20    0.25   16.86 ^ _3801_/Y (sky130_fd_sc_hd__a21oi_2)
                                         _0951_ (net)
                  0.20    0.00   16.86 ^ _3802_/A_N (sky130_fd_sc_hd__nand4b_1)
     1    0.01    0.11    0.16   17.02 ^ _3802_/Y (sky130_fd_sc_hd__nand4b_1)
                                         _0952_ (net)
                  0.11    0.00   17.02 ^ _3804_/A2 (sky130_fd_sc_hd__a21oi_2)
     2    0.01    0.06    0.08   17.10 v _3804_/Y (sky130_fd_sc_hd__a21oi_2)
                                         _0954_ (net)
                  0.06    0.00   17.10 v _3809_/A_N (sky130_fd_sc_hd__nand3b_1)
     3    0.02    0.25    0.30   17.40 v _3809_/Y (sky130_fd_sc_hd__nand3b_1)
                                         _0959_ (net)
                  0.25    0.00   17.40 v _3904_/A1 (sky130_fd_sc_hd__a211o_4)
     5    0.04    0.10    0.45   17.85 v _3904_/X (sky130_fd_sc_hd__a211o_4)
                                         _1054_ (net)
                  0.10    0.00   17.86 v place752/A (sky130_fd_sc_hd__buf_4)
     2    0.02    0.04    0.17   18.03 v place752/X (sky130_fd_sc_hd__buf_4)
                                         net751 (net)
                  0.04    0.00   18.03 v _3974_/A2 (sky130_fd_sc_hd__o31ai_4)
     2    0.01    0.26    0.28   18.31 ^ _3974_/Y (sky130_fd_sc_hd__o31ai_4)
                                         _1122_ (net)
                  0.26    0.00   18.31 ^ _3975_/A (sky130_fd_sc_hd__xor2_2)
     2    0.01    0.20    0.23   18.55 ^ _3975_/X (sky130_fd_sc_hd__xor2_2)
                                         _1123_ (net)
                  0.20    0.00   18.55 ^ _3986_/B1 (sky130_fd_sc_hd__o2111ai_4)
     4    0.02    0.15    0.19   18.74 v _3986_/Y (sky130_fd_sc_hd__o2111ai_4)
                                         _1134_ (net)
                  0.15    0.00   18.74 v _4070_/A1 (sky130_fd_sc_hd__o311a_4)
     6    0.03    0.09    0.47   19.21 v _4070_/X (sky130_fd_sc_hd__o311a_4)
                                         _1218_ (net)
                  0.09    0.00   19.21 v _5486_/A2 (sky130_fd_sc_hd__o22ai_2)
     1    0.01    0.14    0.16   19.37 ^ _5486_/Y (sky130_fd_sc_hd__o22ai_2)
                                         _2233_ (net)
                  0.14    0.00   19.37 ^ _5487_/B (sky130_fd_sc_hd__xnor2_1)
     2    0.01    0.06    0.10   19.47 v _5487_/Y (sky130_fd_sc_hd__xnor2_1)
                                         _2234_ (net)
                  0.06    0.00   19.47 v _5544_/A (sky130_fd_sc_hd__or3b_4)
     2    0.01    0.07    0.40   19.87 v _5544_/X (sky130_fd_sc_hd__or3b_4)
                                         _2291_ (net)
                  0.07    0.00   19.87 v _5623_/C (sky130_fd_sc_hd__or3_4)
     2    0.01    0.07    0.33   20.20 v _5623_/X (sky130_fd_sc_hd__or3_4)
                                         _2370_ (net)
                  0.07    0.00   20.20 v _5624_/A (sky130_fd_sc_hd__nand4_1)
     2    0.01    0.13    0.12   20.32 ^ _5624_/Y (sky130_fd_sc_hd__nand4_1)
                                         _2371_ (net)
                  0.13    0.00   20.32 ^ rebuffer1325/A (sky130_fd_sc_hd__buf_4)
     2    0.01    0.04    0.14   20.46 ^ rebuffer1325/X (sky130_fd_sc_hd__buf_4)
                                         net1324 (net)
                  0.04    0.00   20.46 ^ place651/A (sky130_fd_sc_hd__buf_6)
     6    0.03    0.07    0.12   20.58 ^ place651/X (sky130_fd_sc_hd__buf_6)
                                         net650 (net)
                  0.07    0.00   20.58 ^ _5664_/A (sky130_fd_sc_hd__nand4_1)
     2    0.01    0.10    0.11   20.69 v _5664_/Y (sky130_fd_sc_hd__nand4_1)
                                         _2405_ (net)
                  0.10    0.00   20.69 v _5667_/A3 (sky130_fd_sc_hd__a31o_1)
     1    0.00    0.04    0.24   20.92 v _5667_/X (sky130_fd_sc_hd__a31o_1)
                                         _2408_ (net)
                  0.04    0.00   20.92 v _5670_/A3 (sky130_fd_sc_hd__a31oi_1)
     1    0.00    0.12    0.15   21.07 ^ _5670_/Y (sky130_fd_sc_hd__a31oi_1)
                                         _0810_ (net)
                  0.12    0.00   21.07 ^ mul_reduced_q[4]$_DFFE_PN0P_/D (sky130_fd_sc_hd__dfrtp_1)
                                 21.07   data arrival time

                         20.00   20.00   clock clk (rise edge)
                          0.00   20.00   clock source latency
     2    0.05    0.00    0.00   20.00 ^ clk (in)
                                         clk (net)
                  0.00    0.00   20.00 ^ clkbuf_regs_0_clk/A (sky130_fd_sc_hd__clkbuf_16)
     1    0.01    0.03    0.10   20.10 ^ clkbuf_regs_0_clk/X (sky130_fd_sc_hd__clkbuf_16)
                                         clk_regs (net)
                  0.03    0.00   20.10 ^ clkbuf_0_clk_regs/A (sky130_fd_sc_hd__clkbuf_16)
    16    0.23    0.24    0.27   20.37 ^ clkbuf_0_clk_regs/X (sky130_fd_sc_hd__clkbuf_16)
                                         clknet_0_clk_regs (net)
                  0.24    0.01   20.38 ^ clkbuf_4_15_0_clk_regs/A (sky130_fd_sc_hd__clkbuf_16)
    16    0.05    0.07    0.22   20.59 ^ clkbuf_4_15_0_clk_regs/X (sky130_fd_sc_hd__clkbuf_16)
                                         clknet_4_15_0_clk_regs (net)
                  0.07    0.00   20.59 ^ mul_reduced_q[4]$_DFFE_PN0P_/CLK (sky130_fd_sc_hd__dfrtp_1)
                         -0.25   20.34   clock uncertainty
                          0.00   20.34   clock reconvergence pessimism
                         -0.07   20.27   library setup time
                                 20.27   data required time
-----------------------------------------------------------------------------
                                 20.27   data required time
                                -21.07   data arrival time
-----------------------------------------------------------------------------
                                 -0.80   slack (VIOLATED)



==========================================================================
finish report_checks -unconstrained
--------------------------------------------------------------------------
Startpoint: coeff_a_q[1]$_DFFE_PN0P_
            (rising edge-triggered flip-flop clocked by clk)
Endpoint: mul_reduced_q[4]$_DFFE_PN0P_
          (rising edge-triggered flip-flop clocked by clk)
Path Group: clk
Path Type: max

Fanout     Cap    Slew   Delay    Time   Description
-----------------------------------------------------------------------------
                          0.00    0.00   clock clk (rise edge)
                          0.00    0.00   clock source latency
     2    0.05    0.00    0.00    0.00 ^ clk (in)
                                         clk (net)
                  0.00    0.00    0.00 ^ clkbuf_regs_0_clk/A (sky130_fd_sc_hd__clkbuf_16)
     1    0.01    0.03    0.10    0.10 ^ clkbuf_regs_0_clk/X (sky130_fd_sc_hd__clkbuf_16)
                                         clk_regs (net)
                  0.03    0.00    0.10 ^ clkbuf_0_clk_regs/A (sky130_fd_sc_hd__clkbuf_16)
    16    0.23    0.24    0.27    0.37 ^ clkbuf_0_clk_regs/X (sky130_fd_sc_hd__clkbuf_16)
                                         clknet_0_clk_regs (net)
                  0.24    0.01    0.37 ^ clkbuf_4_7_0_clk_regs/A (sky130_fd_sc_hd__clkbuf_16)
    11    0.04    0.07    0.21    0.58 ^ clkbuf_4_7_0_clk_regs/X (sky130_fd_sc_hd__clkbuf_16)
                                         clknet_4_7_0_clk_regs (net)
                  0.07    0.00    0.58 ^ coeff_a_q[1]$_DFFE_PN0P_/CLK (sky130_fd_sc_hd__dfrtp_2)
     2    0.01    0.07    0.43    1.01 v coeff_a_q[1]$_DFFE_PN0P_/Q (sky130_fd_sc_hd__dfrtp_2)
                                         coeff_a_q[1] (net)
                  0.07    0.00    1.01 v _6619_/A (sky130_fd_sc_hd__ha_4)
     1    0.01    0.05    0.28    1.29 ^ _6619_/SUM (sky130_fd_sc_hd__ha_4)
                                         _0516_ (net)
                  0.05    0.00    1.29 ^ _4113_/A (sky130_fd_sc_hd__inv_4)
     2    0.01    0.02    0.04    1.32 v _4113_/Y (sky130_fd_sc_hd__inv_4)
                                         _0454_ (net)
                  0.02    0.00    1.32 v _6614_/A (sky130_fd_sc_hd__ha_4)
     2    0.01    0.04    0.15    1.48 v _6614_/COUT (sky130_fd_sc_hd__ha_4)
                                         _0157_ (net)
                  0.04    0.00    1.48 v _6287_/CIN (sky130_fd_sc_hd__fa_2)
     2    0.01    0.09    0.37    1.85 v _6287_/COUT (sky130_fd_sc_hd__fa_2)
                                         _0158_ (net)
                  0.09    0.00    1.85 v _4268_/A1 (sky130_fd_sc_hd__a21oi_2)
     1    0.00    0.10    0.14    1.99 ^ _4268_/Y (sky130_fd_sc_hd__a21oi_2)
                                         _1362_ (net)
                  0.10    0.00    1.99 ^ _4269_/B (sky130_fd_sc_hd__nor2_1)
     1    0.00    0.04    0.06    2.04 v _4269_/Y (sky130_fd_sc_hd__nor2_1)
                                         _1363_ (net)
                  0.04    0.00    2.04 v _4270_/A (sky130_fd_sc_hd__nor2_2)
     2    0.01    0.13    0.14    2.18 ^ _4270_/Y (sky130_fd_sc_hd__nor2_2)
                                         _1364_ (net)
                  0.13    0.00    2.18 ^ _4271_/A2 (sky130_fd_sc_hd__o21bai_1)
     1    0.01    0.06    0.09    2.28 v _4271_/Y (sky130_fd_sc_hd__o21bai_1)
                                         _1365_ (net)
                  0.06    0.00    2.28 v _4272_/A1 (sky130_fd_sc_hd__a21oi_2)
     2    0.01    0.14    0.16    2.44 ^ _4272_/Y (sky130_fd_sc_hd__a21oi_2)
                                         _1366_ (net)
                  0.14    0.00    2.44 ^ place1159/A (sky130_fd_sc_hd__buf_4)
     1    0.01    0.04    0.14    2.58 ^ place1159/X (sky130_fd_sc_hd__buf_4)
                                         net1158 (net)
                  0.04    0.00    2.58 ^ _4285_/A2 (sky130_fd_sc_hd__o21bai_4)
     1    0.01    0.05    0.05    2.63 v _4285_/Y (sky130_fd_sc_hd__o21bai_4)
                                         _1379_ (net)
                  0.05    0.00    2.63 v _4286_/A1 (sky130_fd_sc_hd__a21oi_2)
     2    0.01    0.13    0.15    2.78 ^ _4286_/Y (sky130_fd_sc_hd__a21oi_2)
                                         _1380_ (net)
                  0.13    0.00    2.78 ^ _4289_/A2 (sky130_fd_sc_hd__o21bai_1)
     1    0.00    0.05    0.08    2.86 v _4289_/Y (sky130_fd_sc_hd__o21bai_1)
                                         _1383_ (net)
                  0.05    0.00    2.86 v _4290_/A1 (sky130_fd_sc_hd__a21oi_1)
     1    0.01    0.15    0.15    3.01 ^ _4290_/Y (sky130_fd_sc_hd__a21oi_1)
                                         _1384_ (net)
                  0.15    0.00    3.01 ^ _4291_/A (sky130_fd_sc_hd__xnor2_1)
     2    0.01    0.18    0.16    3.17 ^ _4291_/Y (sky130_fd_sc_hd__xnor2_1)
                                         _1385_ (net)
                  0.18    0.00    3.17 ^ _4294_/A (sky130_fd_sc_hd__nand3_1)
     1    0.00    0.09    0.11    3.28 v _4294_/Y (sky130_fd_sc_hd__nand3_1)
                                         _1388_ (net)
                  0.09    0.00    3.28 v _4295_/B (sky130_fd_sc_hd__nand2_2)
     5    0.02    0.11    0.13    3.41 ^ _4295_/Y (sky130_fd_sc_hd__nand2_2)
                                         _1389_ (net)
                  0.11    0.00    3.41 ^ _4439_/A (sky130_fd_sc_hd__inv_2)
     3    0.02    0.05    0.07    3.48 v _4439_/Y (sky130_fd_sc_hd__inv_2)
                                         _1439_ (net)
                  0.05    0.00    3.48 v _4460_/B (sky130_fd_sc_hd__nor4_4)
     3    0.01    0.28    0.32    3.80 ^ _4460_/Y (sky130_fd_sc_hd__nor4_4)
                                         _1457_ (net)
                  0.28    0.00    3.80 ^ _4474_/B (sky130_fd_sc_hd__nand2_1)
     1    0.01    0.09    0.14    3.94 v _4474_/Y (sky130_fd_sc_hd__nand2_1)
                                         _1469_ (net)
                  0.09    0.00    3.94 v _4475_/B (sky130_fd_sc_hd__xor2_2)
     1    0.01    0.14    0.16    4.10 ^ _4475_/X (sky130_fd_sc_hd__xor2_2)
                                         _1470_ (net)
                  0.14    0.00    4.10 ^ _4477_/A2 (sky130_fd_sc_hd__a211oi_2)
     1    0.00    0.18    0.08    4.18 v _4477_/Y (sky130_fd_sc_hd__a211oi_2)
                                         _1472_ (net)
                  0.18    0.00    4.18 v rebuffer1292/A (sky130_fd_sc_hd__buf_4)
     2    0.02    0.04    0.21    4.39 v rebuffer1292/X (sky130_fd_sc_hd__buf_4)
                                         net1291 (net)
                  0.04    0.00    4.39 v place1115/A (sky130_fd_sc_hd__buf_4)
     4    0.03    0.05    0.16    4.55 v place1115/X (sky130_fd_sc_hd__buf_4)
                                         net1114 (net)
                  0.05    0.00    4.55 v _4542_/B (sky130_fd_sc_hd__and2_4)
     1    0.01    0.03    0.16    4.71 v _4542_/X (sky130_fd_sc_hd__and2_4)
                                         _0070_ (net)
                  0.03    0.00    4.71 v _6192_/A (sky130_fd_sc_hd__fa_1)
     1    0.01    0.11    0.52    5.23 v _6192_/SUM (sky130_fd_sc_hd__fa_1)
                                         _2889_ (net)
                  0.11    0.00    5.23 v _6351_/A (sky130_fd_sc_hd__fa_2)
     1    0.01    0.08    0.61    5.84 ^ _6351_/SUM (sky130_fd_sc_hd__fa_2)
                                         _3338_ (net)
                  0.08    0.00    5.84 ^ _6569_/B (sky130_fd_sc_hd__ha_4)
     1    0.01    0.04    0.20    6.04 v _6569_/SUM (sky130_fd_sc_hd__ha_4)
                                         _3477_ (net)
                  0.04    0.00    6.04 v _6418_/CIN (sky130_fd_sc_hd__fa_1)
     1    0.01    0.08    0.49    6.53 ^ _6418_/SUM (sky130_fd_sc_hd__fa_1)
                                         _3426_ (net)
                  0.08    0.00    6.53 ^ _6386_/CIN (sky130_fd_sc_hd__fa_1)
     1    0.01    0.11    0.45    6.98 v _6386_/SUM (sky130_fd_sc_hd__fa_1)
                                         _3429_ (net)
                  0.11    0.00    6.98 v _6546_/B (sky130_fd_sc_hd__ha_4)
     2    0.01    0.05    0.30    7.28 ^ _6546_/SUM (sky130_fd_sc_hd__ha_4)
                                         _0413_ (net)
                  0.05    0.00    7.28 ^ _4161_/A (sky130_fd_sc_hd__inv_2)
     2    0.01    0.02    0.04    7.32 v _4161_/Y (sky130_fd_sc_hd__inv_2)
                                         _1293_ (net)
                  0.02    0.00    7.32 v _4166_/A2 (sky130_fd_sc_hd__o21bai_1)
     1    0.01    0.17    0.16    7.48 ^ _4166_/Y (sky130_fd_sc_hd__o21bai_1)
                                         _1298_ (net)
                  0.17    0.00    7.48 ^ _4167_/A1 (sky130_fd_sc_hd__a21oi_2)
     2    0.01    0.06    0.09    7.57 v _4167_/Y (sky130_fd_sc_hd__a21oi_2)
                                         _1299_ (net)
                  0.06    0.00    7.57 v _4168_/A2 (sky130_fd_sc_hd__o21bai_1)
     1    0.01    0.19    0.19    7.75 ^ _4168_/Y (sky130_fd_sc_hd__o21bai_1)
                                         _1300_ (net)
                  0.19    0.00    7.75 ^ _4169_/A1 (sky130_fd_sc_hd__a21oi_2)
     2    0.01    0.06    0.08    7.83 v _4169_/Y (sky130_fd_sc_hd__a21oi_2)
                                         _1301_ (net)
                  0.06    0.00    7.83 v _4170_/A2 (sky130_fd_sc_hd__o21bai_1)
     1    0.01    0.18    0.18    8.01 ^ _4170_/Y (sky130_fd_sc_hd__o21bai_1)
                                         _1302_ (net)
                  0.18    0.00    8.01 ^ _4171_/A1 (sky130_fd_sc_hd__a21oi_2)
     2    0.01    0.06    0.08    8.09 v _4171_/Y (sky130_fd_sc_hd__a21oi_2)
                                         _1303_ (net)
                  0.06    0.00    8.10 v _4172_/A2 (sky130_fd_sc_hd__o21bai_1)
     1    0.01    0.18    0.18    8.27 ^ _4172_/Y (sky130_fd_sc_hd__o21bai_1)
                                         _1304_ (net)
                  0.18    0.00    8.27 ^ _4173_/A2 (sky130_fd_sc_hd__a21oi_2)
     2    0.01    0.05    0.09    8.36 v _4173_/Y (sky130_fd_sc_hd__a21oi_2)
                                         _1305_ (net)
                  0.05    0.00    8.36 v _4174_/A2 (sky130_fd_sc_hd__o21bai_1)
     1    0.01    0.17    0.17    8.53 ^ _4174_/Y (sky130_fd_sc_hd__o21bai_1)
                                         _1306_ (net)
                  0.17    0.00    8.53 ^ _4175_/A2 (sky130_fd_sc_hd__a21oi_2)
     2    0.01    0.05    0.09    8.61 v _4175_/Y (sky130_fd_sc_hd__a21oi_2)
                                         _1307_ (net)
                  0.05    0.00    8.61 v _4176_/A2 (sky130_fd_sc_hd__o21bai_1)
     1    0.01    0.18    0.17    8.79 ^ _4176_/Y (sky130_fd_sc_hd__o21bai_1)
                                         _1308_ (net)
                  0.18    0.00    8.79 ^ _4177_/A2 (sky130_fd_sc_hd__a21oi_2)
     2    0.01    0.05    0.09    8.87 v _4177_/Y (sky130_fd_sc_hd__a21oi_2)
                                         _1309_ (net)
                  0.05    0.00    8.88 v rebuffer1594/A (sky130_fd_sc_hd__buf_4)
     1    0.02    0.04    0.15    9.03 v rebuffer1594/X (sky130_fd_sc_hd__buf_4)
                                         net1593 (net)
                  0.04    0.00    9.03 v _4178_/A (sky130_fd_sc_hd__xnor2_4)
     2    0.01    0.13    0.16    9.19 ^ _4178_/Y (sky130_fd_sc_hd__xnor2_4)
                                         _0179_ (net)
                  0.13    0.00    9.19 ^ _4179_/A (sky130_fd_sc_hd__inv_2)
     2    0.01    0.05    0.07    9.26 v _4179_/Y (sky130_fd_sc_hd__inv_2)
                                         mul_product[20] (net)
                  0.05    0.00    9.26 v place992/A (sky130_fd_sc_hd__buf_6)
     5    0.04    0.05    0.14    9.40 v place992/X (sky130_fd_sc_hd__buf_6)
                                         net991 (net)
                  0.05    0.00    9.41 v _6402_/B (sky130_fd_sc_hd__fa_1)
     2    0.01    0.11    0.50    9.91 v _6402_/SUM (sky130_fd_sc_hd__fa_1)
                                         _3156_ (net)
                  0.11    0.00    9.91 v _6278_/A (sky130_fd_sc_hd__fa_1)
     1    0.01    0.10    0.59   10.50 ^ _6278_/SUM (sky130_fd_sc_hd__fa_1)
                                         _3158_ (net)
                  0.10    0.00   10.50 ^ _6315_/CIN (sky130_fd_sc_hd__fa_1)
     1    0.01    0.09    0.43   10.93 v _6315_/SUM (sky130_fd_sc_hd__fa_1)
                                         _3126_ (net)
                  0.09    0.00   10.93 v _6269_/CIN (sky130_fd_sc_hd__fa_1)
     1    0.01    0.08    0.51   11.44 ^ _6269_/SUM (sky130_fd_sc_hd__fa_1)
                                         _3130_ (net)
                  0.08    0.00   11.44 ^ _6295_/CIN (sky130_fd_sc_hd__fa_1)
     1    0.00    0.08    0.41   11.86 v _6295_/SUM (sky130_fd_sc_hd__fa_1)
                                         _3210_ (net)
                  0.08    0.00   11.86 v _6587_/B (sky130_fd_sc_hd__ha_1)
     2    0.01    0.08    0.31   12.17 v _6587_/SUM (sky130_fd_sc_hd__ha_1)
                                         _0471_ (net)
                  0.08    0.00   12.17 v _4134_/B_N (sky130_fd_sc_hd__nor2b_4)
     1    0.01    0.04    0.14   12.31 v _4134_/Y (sky130_fd_sc_hd__nor2b_4)
                                         _1270_ (net)
                  0.04    0.00   12.31 v _4135_/A2 (sky130_fd_sc_hd__o21ai_2)
     1    0.01    0.11    0.12   12.43 ^ _4135_/Y (sky130_fd_sc_hd__o21ai_2)
                                         _1271_ (net)
                  0.11    0.00   12.43 ^ _4136_/B (sky130_fd_sc_hd__nand2b_1)
     2    0.01    0.08    0.11   12.53 v _4136_/Y (sky130_fd_sc_hd__nand2b_1)
                                         _1272_ (net)
                  0.08    0.00   12.53 v _4137_/C (sky130_fd_sc_hd__or4_4)
     3    0.02    0.11    0.54   13.07 v _4137_/X (sky130_fd_sc_hd__or4_4)
                                         _1273_ (net)
                  0.11    0.00   13.07 v _4200_/A1 (sky130_fd_sc_hd__a31o_4)
     2    0.01    0.04    0.24   13.31 v _4200_/X (sky130_fd_sc_hd__a31o_4)
                                         _1315_ (net)
                  0.04    0.00   13.31 v _4208_/A1 (sky130_fd_sc_hd__a21o_1)
     2    0.01    0.06    0.17   13.48 v _4208_/X (sky130_fd_sc_hd__a21o_1)
                                         _1316_ (net)
                  0.06    0.00   13.48 v _4384_/A1 (sky130_fd_sc_hd__a21oi_2)
     2    0.01    0.18    0.20   13.68 ^ _4384_/Y (sky130_fd_sc_hd__a21oi_2)
                                         _1423_ (net)
                  0.18    0.00   13.68 ^ _4401_/A (sky130_fd_sc_hd__xnor2_2)
     2    0.01    0.18    0.16   13.84 ^ _4401_/Y (sky130_fd_sc_hd__xnor2_2)
                                         _0111_ (net)
                  0.18    0.00   13.84 ^ _4402_/A (sky130_fd_sc_hd__inv_2)
     2    0.01    0.06    0.08   13.92 v _4402_/Y (sky130_fd_sc_hd__inv_2)
                                         u_mul_reduce.prod[29] (net)
                  0.06    0.00   13.92 v _6243_/A (sky130_fd_sc_hd__fa_1)
     1    0.01    0.11    0.58   14.50 ^ _6243_/SUM (sky130_fd_sc_hd__fa_1)
                                         _3056_ (net)
                  0.11    0.00   14.50 ^ _6470_/B (sky130_fd_sc_hd__ha_4)
     1    0.01    0.04    0.21   14.71 v _6470_/SUM (sky130_fd_sc_hd__ha_4)
                                         _3051_ (net)
                  0.04    0.00   14.71 v _6242_/B (sky130_fd_sc_hd__fa_1)
     1    0.00    0.05    0.49   15.21 ^ _6242_/SUM (sky130_fd_sc_hd__fa_1)
                                         _0110_ (net)
                  0.05    0.00   15.21 ^ _5746_/A (sky130_fd_sc_hd__inv_1)
     1    0.01    0.03    0.05   15.25 v _5746_/Y (sky130_fd_sc_hd__inv_1)
                                         _0039_ (net)
                  0.03    0.00   15.25 v _6178_/CIN (sky130_fd_sc_hd__fa_1)
     1    0.01    0.13    0.53   15.78 ^ _6178_/SUM (sky130_fd_sc_hd__fa_1)
                                         _2856_ (net)
                  0.13    0.00   15.78 ^ _6826_/B (sky130_fd_sc_hd__ha_4)
     2    0.01    0.04    0.22   16.00 v _6826_/SUM (sky130_fd_sc_hd__ha_4)
                                         _0725_ (net)
                  0.04    0.00   16.00 v _3793_/A1 (sky130_fd_sc_hd__a21o_1)
     2    0.01    0.08    0.19   16.20 v _3793_/X (sky130_fd_sc_hd__a21o_1)
                                         _0943_ (net)
                  0.08    0.00   16.20 v _3799_/A2 (sky130_fd_sc_hd__a211oi_4)
     1    0.01    0.19    0.26   16.46 ^ _3799_/Y (sky130_fd_sc_hd__a211oi_4)
                                         _0949_ (net)
                  0.19    0.00   16.46 ^ _3800_/D1 (sky130_fd_sc_hd__o2111ai_2)
     1    0.01    0.12    0.15   16.61 v _3800_/Y (sky130_fd_sc_hd__o2111ai_2)
                                         _0950_ (net)
                  0.12    0.00   16.61 v _3801_/A2 (sky130_fd_sc_hd__a21oi_2)
     2    0.02    0.20    0.25   16.86 ^ _3801_/Y (sky130_fd_sc_hd__a21oi_2)
                                         _0951_ (net)
                  0.20    0.00   16.86 ^ _3802_/A_N (sky130_fd_sc_hd__nand4b_1)
     1    0.01    0.11    0.16   17.02 ^ _3802_/Y (sky130_fd_sc_hd__nand4b_1)
                                         _0952_ (net)
                  0.11    0.00   17.02 ^ _3804_/A2 (sky130_fd_sc_hd__a21oi_2)
     2    0.01    0.06    0.08   17.10 v _3804_/Y (sky130_fd_sc_hd__a21oi_2)
                                         _0954_ (net)
                  0.06    0.00   17.10 v _3809_/A_N (sky130_fd_sc_hd__nand3b_1)
     3    0.02    0.25    0.30   17.40 v _3809_/Y (sky130_fd_sc_hd__nand3b_1)
                                         _0959_ (net)
                  0.25    0.00   17.40 v _3904_/A1 (sky130_fd_sc_hd__a211o_4)
     5    0.04    0.10    0.45   17.85 v _3904_/X (sky130_fd_sc_hd__a211o_4)
                                         _1054_ (net)
                  0.10    0.00   17.86 v place752/A (sky130_fd_sc_hd__buf_4)
     2    0.02    0.04    0.17   18.03 v place752/X (sky130_fd_sc_hd__buf_4)
                                         net751 (net)
                  0.04    0.00   18.03 v _3974_/A2 (sky130_fd_sc_hd__o31ai_4)
     2    0.01    0.26    0.28   18.31 ^ _3974_/Y (sky130_fd_sc_hd__o31ai_4)
                                         _1122_ (net)
                  0.26    0.00   18.31 ^ _3975_/A (sky130_fd_sc_hd__xor2_2)
     2    0.01    0.20    0.23   18.55 ^ _3975_/X (sky130_fd_sc_hd__xor2_2)
                                         _1123_ (net)
                  0.20    0.00   18.55 ^ _3986_/B1 (sky130_fd_sc_hd__o2111ai_4)
     4    0.02    0.15    0.19   18.74 v _3986_/Y (sky130_fd_sc_hd__o2111ai_4)
                                         _1134_ (net)
                  0.15    0.00   18.74 v _4070_/A1 (sky130_fd_sc_hd__o311a_4)
     6    0.03    0.09    0.47   19.21 v _4070_/X (sky130_fd_sc_hd__o311a_4)
                                         _1218_ (net)
                  0.09    0.00   19.21 v _5486_/A2 (sky130_fd_sc_hd__o22ai_2)
     1    0.01    0.14    0.16   19.37 ^ _5486_/Y (sky130_fd_sc_hd__o22ai_2)
                                         _2233_ (net)
                  0.14    0.00   19.37 ^ _5487_/B (sky130_fd_sc_hd__xnor2_1)
     2    0.01    0.06    0.10   19.47 v _5487_/Y (sky130_fd_sc_hd__xnor2_1)
                                         _2234_ (net)
                  0.06    0.00   19.47 v _5544_/A (sky130_fd_sc_hd__or3b_4)
     2    0.01    0.07    0.40   19.87 v _5544_/X (sky130_fd_sc_hd__or3b_4)
                                         _2291_ (net)
                  0.07    0.00   19.87 v _5623_/C (sky130_fd_sc_hd__or3_4)
     2    0.01    0.07    0.33   20.20 v _5623_/X (sky130_fd_sc_hd__or3_4)
                                         _2370_ (net)
                  0.07    0.00   20.20 v _5624_/A (sky130_fd_sc_hd__nand4_1)
     2    0.01    0.13    0.12   20.32 ^ _5624_/Y (sky130_fd_sc_hd__nand4_1)
                                         _2371_ (net)
                  0.13    0.00   20.32 ^ rebuffer1325/A (sky130_fd_sc_hd__buf_4)
     2    0.01    0.04    0.14   20.46 ^ rebuffer1325/X (sky130_fd_sc_hd__buf_4)
                                         net1324 (net)
                  0.04    0.00   20.46 ^ place651/A (sky130_fd_sc_hd__buf_6)
     6    0.03    0.07    0.12   20.58 ^ place651/X (sky130_fd_sc_hd__buf_6)
                                         net650 (net)
                  0.07    0.00   20.58 ^ _5664_/A (sky130_fd_sc_hd__nand4_1)
     2    0.01    0.10    0.11   20.69 v _5664_/Y (sky130_fd_sc_hd__nand4_1)
                                         _2405_ (net)
                  0.10    0.00   20.69 v _5667_/A3 (sky130_fd_sc_hd__a31o_1)
     1    0.00    0.04    0.24   20.92 v _5667_/X (sky130_fd_sc_hd__a31o_1)
                                         _2408_ (net)
                  0.04    0.00   20.92 v _5670_/A3 (sky130_fd_sc_hd__a31oi_1)
     1    0.00    0.12    0.15   21.07 ^ _5670_/Y (sky130_fd_sc_hd__a31oi_1)
                                         _0810_ (net)
                  0.12    0.00   21.07 ^ mul_reduced_q[4]$_DFFE_PN0P_/D (sky130_fd_sc_hd__dfrtp_1)
                                 21.07   data arrival time

                         20.00   20.00   clock clk (rise edge)
                          0.00   20.00   clock source latency
     2    0.05    0.00    0.00   20.00 ^ clk (in)
                                         clk (net)
                  0.00    0.00   20.00 ^ clkbuf_regs_0_clk/A (sky130_fd_sc_hd__clkbuf_16)
     1    0.01    0.03    0.10   20.10 ^ clkbuf_regs_0_clk/X (sky130_fd_sc_hd__clkbuf_16)
                                         clk_regs (net)
                  0.03    0.00   20.10 ^ clkbuf_0_clk_regs/A (sky130_fd_sc_hd__clkbuf_16)
    16    0.23    0.24    0.27   20.37 ^ clkbuf_0_clk_regs/X (sky130_fd_sc_hd__clkbuf_16)
                                         clknet_0_clk_regs (net)
                  0.24    0.01   20.38 ^ clkbuf_4_15_0_clk_regs/A (sky130_fd_sc_hd__clkbuf_16)
    16    0.05    0.07    0.22   20.59 ^ clkbuf_4_15_0_clk_regs/X (sky130_fd_sc_hd__clkbuf_16)
                                         clknet_4_15_0_clk_regs (net)
                  0.07    0.00   20.59 ^ mul_reduced_q[4]$_DFFE_PN0P_/CLK (sky130_fd_sc_hd__dfrtp_1)
                         -0.25   20.34   clock uncertainty
                          0.00   20.34   clock reconvergence pessimism
                         -0.07   20.27   library setup time
                                 20.27   data required time
-----------------------------------------------------------------------------
                                 20.27   data required time
                                -21.07   data arrival time
-----------------------------------------------------------------------------
                                 -0.80   slack (VIOLATED)



==========================================================================
finish report_check_types -max_slew -max_cap -max_fanout -violators
--------------------------------------------------------------------------
max slew

Pin                                    Limit    Slew   Slack
------------------------------------------------------------
u_coeff_ram.u_macro/addr0[2]            0.04    0.04   -0.00 (VIOLATED)
u_coeff_ram.u_macro/addr0[6]            0.04    0.04   -0.00 (VIOLATED)


==========================================================================
finish max_slew_check_slack
--------------------------------------------------------------------------
-0.0004099915095139295

==========================================================================
finish max_slew_check_limit
--------------------------------------------------------------------------
0.03999999910593033

==========================================================================
finish max_slew_check_slack_limit
--------------------------------------------------------------------------
-0.0102

==========================================================================
finish max_fanout_check_slack
--------------------------------------------------------------------------
2.0

==========================================================================
finish max_fanout_check_limit
--------------------------------------------------------------------------
4.0

==========================================================================
finish max_fanout_check_slack_limit
--------------------------------------------------------------------------
0.5000

==========================================================================
finish max_capacitance_check_slack
--------------------------------------------------------------------------
0.007146989461034536

==========================================================================
finish max_capacitance_check_limit
--------------------------------------------------------------------------
0.027559999376535416

==========================================================================
finish max_capacitance_check_slack_limit
--------------------------------------------------------------------------
0.2593

==========================================================================
finish max_slew_violation_count
--------------------------------------------------------------------------
max slew violation count 2

==========================================================================
finish max_fanout_violation_count
--------------------------------------------------------------------------
max fanout violation count 0

==========================================================================
finish max_cap_violation_count
--------------------------------------------------------------------------
max cap violation count 0

==========================================================================
finish setup_violation_count
--------------------------------------------------------------------------
setup violation count 12

==========================================================================
finish hold_violation_count
--------------------------------------------------------------------------
hold violation count 0

==========================================================================
finish report_checks -path_delay max reg to reg
--------------------------------------------------------------------------
Startpoint: coeff_a_q[1]$_DFFE_PN0P_
            (rising edge-triggered flip-flop clocked by clk)
Endpoint: mul_reduced_q[4]$_DFFE_PN0P_
          (rising edge-triggered flip-flop clocked by clk)
Path Group: clk
Path Type: max

  Delay    Time   Description
---------------------------------------------------------
   0.00    0.00   clock clk (rise edge)
   0.00    0.00   clock source latency
   0.00    0.00 ^ clk (in)
   0.10    0.10 ^ clkbuf_regs_0_clk/X (sky130_fd_sc_hd__clkbuf_16)
   0.27    0.37 ^ clkbuf_0_clk_regs/X (sky130_fd_sc_hd__clkbuf_16)
   0.21    0.58 ^ clkbuf_4_7_0_clk_regs/X (sky130_fd_sc_hd__clkbuf_16)
   0.00    0.58 ^ coeff_a_q[1]$_DFFE_PN0P_/CLK (sky130_fd_sc_hd__dfrtp_2)
   0.43    1.01 v coeff_a_q[1]$_DFFE_PN0P_/Q (sky130_fd_sc_hd__dfrtp_2)
   0.28    1.29 ^ _6619_/SUM (sky130_fd_sc_hd__ha_4)
   0.04    1.32 v _4113_/Y (sky130_fd_sc_hd__inv_4)
   0.15    1.48 v _6614_/COUT (sky130_fd_sc_hd__ha_4)
   0.37    1.85 v _6287_/COUT (sky130_fd_sc_hd__fa_2)
   0.14    1.99 ^ _4268_/Y (sky130_fd_sc_hd__a21oi_2)
   0.06    2.04 v _4269_/Y (sky130_fd_sc_hd__nor2_1)
   0.14    2.18 ^ _4270_/Y (sky130_fd_sc_hd__nor2_2)
   0.09    2.28 v _4271_/Y (sky130_fd_sc_hd__o21bai_1)
   0.16    2.44 ^ _4272_/Y (sky130_fd_sc_hd__a21oi_2)
   0.14    2.58 ^ place1159/X (sky130_fd_sc_hd__buf_4)
   0.05    2.63 v _4285_/Y (sky130_fd_sc_hd__o21bai_4)
   0.15    2.78 ^ _4286_/Y (sky130_fd_sc_hd__a21oi_2)
   0.08    2.86 v _4289_/Y (sky130_fd_sc_hd__o21bai_1)
   0.15    3.01 ^ _4290_/Y (sky130_fd_sc_hd__a21oi_1)
   0.16    3.17 ^ _4291_/Y (sky130_fd_sc_hd__xnor2_1)
   0.11    3.28 v _4294_/Y (sky130_fd_sc_hd__nand3_1)
   0.13    3.41 ^ _4295_/Y (sky130_fd_sc_hd__nand2_2)
   0.07    3.48 v _4439_/Y (sky130_fd_sc_hd__inv_2)
   0.32    3.80 ^ _4460_/Y (sky130_fd_sc_hd__nor4_4)
   0.14    3.94 v _4474_/Y (sky130_fd_sc_hd__nand2_1)
   0.16    4.10 ^ _4475_/X (sky130_fd_sc_hd__xor2_2)
   0.08    4.18 v _4477_/Y (sky130_fd_sc_hd__a211oi_2)
   0.21    4.39 v rebuffer1292/X (sky130_fd_sc_hd__buf_4)
   0.16    4.55 v place1115/X (sky130_fd_sc_hd__buf_4)
   0.16    4.71 v _4542_/X (sky130_fd_sc_hd__and2_4)
   0.52    5.23 v _6192_/SUM (sky130_fd_sc_hd__fa_1)
   0.61    5.84 ^ _6351_/SUM (sky130_fd_sc_hd__fa_2)
   0.20    6.04 v _6569_/SUM (sky130_fd_sc_hd__ha_4)
   0.49    6.53 ^ _6418_/SUM (sky130_fd_sc_hd__fa_1)
   0.45    6.98 v _6386_/SUM (sky130_fd_sc_hd__fa_1)
   0.30    7.28 ^ _6546_/SUM (sky130_fd_sc_hd__ha_4)
   0.04    7.32 v _4161_/Y (sky130_fd_sc_hd__inv_2)
   0.16    7.48 ^ _4166_/Y (sky130_fd_sc_hd__o21bai_1)
   0.09    7.57 v _4167_/Y (sky130_fd_sc_hd__a21oi_2)
   0.19    7.75 ^ _4168_/Y (sky130_fd_sc_hd__o21bai_1)
   0.08    7.83 v _4169_/Y (sky130_fd_sc_hd__a21oi_2)
   0.18    8.01 ^ _4170_/Y (sky130_fd_sc_hd__o21bai_1)
   0.08    8.09 v _4171_/Y (sky130_fd_sc_hd__a21oi_2)
   0.18    8.27 ^ _4172_/Y (sky130_fd_sc_hd__o21bai_1)
   0.09    8.36 v _4173_/Y (sky130_fd_sc_hd__a21oi_2)
   0.17    8.53 ^ _4174_/Y (sky130_fd_sc_hd__o21bai_1)
   0.09    8.61 v _4175_/Y (sky130_fd_sc_hd__a21oi_2)
   0.17    8.79 ^ _4176_/Y (sky130_fd_sc_hd__o21bai_1)
   0.09    8.87 v _4177_/Y (sky130_fd_sc_hd__a21oi_2)
   0.15    9.03 v rebuffer1594/X (sky130_fd_sc_hd__buf_4)
   0.16    9.19 ^ _4178_/Y (sky130_fd_sc_hd__xnor2_4)
   0.07    9.26 v _4179_/Y (sky130_fd_sc_hd__inv_2)
   0.14    9.40 v place992/X (sky130_fd_sc_hd__buf_6)
   0.50    9.91 v _6402_/SUM (sky130_fd_sc_hd__fa_1)
   0.59   10.50 ^ _6278_/SUM (sky130_fd_sc_hd__fa_1)
   0.43   10.93 v _6315_/SUM (sky130_fd_sc_hd__fa_1)
   0.51   11.44 ^ _6269_/SUM (sky130_fd_sc_hd__fa_1)
   0.41   11.86 v _6295_/SUM (sky130_fd_sc_hd__fa_1)
   0.31   12.17 v _6587_/SUM (sky130_fd_sc_hd__ha_1)
   0.14   12.31 v _4134_/Y (sky130_fd_sc_hd__nor2b_4)
   0.12   12.43 ^ _4135_/Y (sky130_fd_sc_hd__o21ai_2)
   0.11   12.53 v _4136_/Y (sky130_fd_sc_hd__nand2b_1)
   0.54   13.07 v _4137_/X (sky130_fd_sc_hd__or4_4)
   0.24   13.31 v _4200_/X (sky130_fd_sc_hd__a31o_4)
   0.17   13.48 v _4208_/X (sky130_fd_sc_hd__a21o_1)
   0.20   13.68 ^ _4384_/Y (sky130_fd_sc_hd__a21oi_2)
   0.16   13.84 ^ _4401_/Y (sky130_fd_sc_hd__xnor2_2)
   0.08   13.92 v _4402_/Y (sky130_fd_sc_hd__inv_2)
   0.58   14.50 ^ _6243_/SUM (sky130_fd_sc_hd__fa_1)
   0.21   14.71 v _6470_/SUM (sky130_fd_sc_hd__ha_4)
   0.49   15.21 ^ _6242_/SUM (sky130_fd_sc_hd__fa_1)
   0.05   15.25 v _5746_/Y (sky130_fd_sc_hd__inv_1)
   0.53   15.78 ^ _6178_/SUM (sky130_fd_sc_hd__fa_1)
   0.22   16.00 v _6826_/SUM (sky130_fd_sc_hd__ha_4)
   0.19   16.20 v _3793_/X (sky130_fd_sc_hd__a21o_1)
   0.26   16.46 ^ _3799_/Y (sky130_fd_sc_hd__a211oi_4)
   0.15   16.61 v _3800_/Y (sky130_fd_sc_hd__o2111ai_2)
   0.25   16.86 ^ _3801_/Y (sky130_fd_sc_hd__a21oi_2)
   0.16   17.02 ^ _3802_/Y (sky130_fd_sc_hd__nand4b_1)
   0.08   17.10 v _3804_/Y (sky130_fd_sc_hd__a21oi_2)
   0.30   17.40 v _3809_/Y (sky130_fd_sc_hd__nand3b_1)
   0.46   17.85 v _3904_/X (sky130_fd_sc_hd__a211o_4)
   0.18   18.03 v place752/X (sky130_fd_sc_hd__buf_4)
   0.28   18.31 ^ _3974_/Y (sky130_fd_sc_hd__o31ai_4)
   0.24   18.55 ^ _3975_/X (sky130_fd_sc_hd__xor2_2)
   0.19   18.74 v _3986_/Y (sky130_fd_sc_hd__o2111ai_4)
   0.47   19.21 v _4070_/X (sky130_fd_sc_hd__o311a_4)
   0.17   19.37 ^ _5486_/Y (sky130_fd_sc_hd__o22ai_2)
   0.10   19.47 v _5487_/Y (sky130_fd_sc_hd__xnor2_1)
   0.40   19.87 v _5544_/X (sky130_fd_sc_hd__or3b_4)
   0.33   20.20 v _5623_/X (sky130_fd_sc_hd__or3_4)
   0.12   20.32 ^ _5624_/Y (sky130_fd_sc_hd__nand4_1)
   0.14   20.46 ^ rebuffer1325/X (sky130_fd_sc_hd__buf_4)
   0.12   20.58 ^ place651/X (sky130_fd_sc_hd__buf_6)
   0.11   20.69 v _5664_/Y (sky130_fd_sc_hd__nand4_1)
   0.24   20.92 v _5667_/X (sky130_fd_sc_hd__a31o_1)
   0.15   21.07 ^ _5670_/Y (sky130_fd_sc_hd__a31oi_1)
   0.00   21.07 ^ mul_reduced_q[4]$_DFFE_PN0P_/D (sky130_fd_sc_hd__dfrtp_1)
          21.07   data arrival time

  20.00   20.00   clock clk (rise edge)
   0.00   20.00   clock source latency
   0.00   20.00 ^ clk (in)
   0.10   20.10 ^ clkbuf_regs_0_clk/X (sky130_fd_sc_hd__clkbuf_16)
   0.27   20.37 ^ clkbuf_0_clk_regs/X (sky130_fd_sc_hd__clkbuf_16)
   0.23   20.59 ^ clkbuf_4_15_0_clk_regs/X (sky130_fd_sc_hd__clkbuf_16)
   0.00   20.59 ^ mul_reduced_q[4]$_DFFE_PN0P_/CLK (sky130_fd_sc_hd__dfrtp_1)
  -0.25   20.34   clock uncertainty
   0.00   20.34   clock reconvergence pessimism
  -0.07   20.27   library setup time
          20.27   data required time
---------------------------------------------------------
          20.27   data required time
         -21.07   data arrival time
---------------------------------------------------------
          -0.80   slack (VIOLATED)



==========================================================================
finish report_checks -path_delay min reg to reg
--------------------------------------------------------------------------
Startpoint: st[12]$_DFF_PN0_ (rising edge-triggered flip-flop clocked by clk)
Endpoint: done$_DFF_PN0_ (rising edge-triggered flip-flop clocked by clk)
Path Group: clk
Path Type: min

  Delay    Time   Description
---------------------------------------------------------
   0.00    0.00   clock clk (rise edge)
   0.00    0.00   clock source latency
   0.00    0.00 ^ clk (in)
   0.10    0.10 ^ clkbuf_regs_0_clk/X (sky130_fd_sc_hd__clkbuf_16)
   0.27    0.37 ^ clkbuf_0_clk_regs/X (sky130_fd_sc_hd__clkbuf_16)
   0.23    0.59 ^ clkbuf_4_11_0_clk_regs/X (sky130_fd_sc_hd__clkbuf_16)
   0.00    0.60 ^ st[12]$_DFF_PN0_/CLK (sky130_fd_sc_hd__dfrtp_1)
   0.34    0.94 ^ st[12]$_DFF_PN0_/Q (sky130_fd_sc_hd__dfrtp_1)
   0.00    0.94 ^ done$_DFF_PN0_/D (sky130_fd_sc_hd__dfrtp_1)
           0.94   data arrival time

   0.00    0.00   clock clk (rise edge)
   0.00    0.00   clock source latency
   0.00    0.00 ^ clk (in)
   0.10    0.10 ^ clkbuf_regs_0_clk/X (sky130_fd_sc_hd__clkbuf_16)
   0.27    0.37 ^ clkbuf_0_clk_regs/X (sky130_fd_sc_hd__clkbuf_16)
   0.23    0.59 ^ clkbuf_4_11_0_clk_regs/X (sky130_fd_sc_hd__clkbuf_16)
   0.00    0.60 ^ done$_DFF_PN0_/CLK (sky130_fd_sc_hd__dfrtp_1)
   0.25    0.85   clock uncertainty
   0.00    0.85   clock reconvergence pessimism
  -0.03    0.81   library hold time
           0.81   data required time
---------------------------------------------------------
           0.81   data required time
          -0.94   data arrival time
---------------------------------------------------------
           0.13   slack (MET)



==========================================================================
finish critical path target clock latency max path
--------------------------------------------------------------------------
0.5789

==========================================================================
finish critical path target clock latency min path
--------------------------------------------------------------------------
0.5789

==========================================================================
finish critical path source clock latency min path
--------------------------------------------------------------------------
0.0000

==========================================================================
finish critical path delay
--------------------------------------------------------------------------
21.0701

==========================================================================
finish critical path slack
--------------------------------------------------------------------------
-0.7985

==========================================================================
finish slack div critical path delay
--------------------------------------------------------------------------
-3.789730

==========================================================================
finish report_power
--------------------------------------------------------------------------
Group                  Internal  Switching    Leakage      Total
                          Power      Power      Power      Power (Watts)
----------------------------------------------------------------
Sequential             3.13e-04   0.00e+00   2.09e-09   3.13e-04   0.0%
Combinational          1.04e-05   2.04e-05   1.70e-08   3.08e-05   0.0%
Clock                  2.29e-04   1.77e-04   3.47e-10   4.06e-04   0.0%
Macro                  3.88e+06   0.00e+00   4.55e-06   3.88e+06 100.0%
Pad                    0.00e+00   0.00e+00   0.00e+00   0.00e+00   0.0%
----------------------------------------------------------------
Total                  3.88e+06   1.98e-04   4.57e-06   3.88e+06 100.0%
                         100.0%       0.0%       0.0%
