/tmp/tmp.aGsr6dEl5h/hskem_rtl: 5 files edited, diff 2181 lines
rtl/mlkem512/mlkem512_cbd.sv:19: sorry: constant selects in always_* processes are not fully supported (the process will be sensitive to all bits in 'shifted_a[31:0]').
rtl/mlkem512/mlkem512_cbd.sv:20: sorry: constant selects in always_* processes are not fully supported (the process will be sensitive to all bits in 'shifted_b[31:0]').
rtl/mlkem512/mlkem512_cbd.sv:45: sorry: constant selects in always_* processes are not fully supported (the process will be sensitive to all bits in 'shifted_a[23:0]').
rtl/mlkem512/mlkem512_cbd.sv:46: sorry: constant selects in always_* processes are not fully supported (the process will be sensitive to all bits in 'shifted_b[23:0]').
rtl/mlkem512/mlkem512_bytecodec.sv:16: sorry: constant selects in always_* processes are not fully supported (the process will be sensitive to all bits in 'coeff[word=+i[31:0]][15:0]').
rtl/mlkem512/mlkem512_bytecodec.sv:16: sorry: constant selects in always_* processes are not fully supported (the process will be sensitive to all bits in 'coeff[word=+i[31:0]][15:0]').
rtl/mlkem512/mlkem512_bytecodec.sv:16: sorry: constant selects in always_* processes are not fully supported (the process will be sensitive to all bits in 'coeff[word=+i[31:0]][15:0]').
rtl/mlkem512/mlkem512_cbd.sv:19: sorry: constant selects in always_* processes are not fully supported (the process will be sensitive to all bits in 'shifted_a[31:0]').
rtl/mlkem512/mlkem512_cbd.sv:20: sorry: constant selects in always_* processes are not fully supported (the process will be sensitive to all bits in 'shifted_b[31:0]').
rtl/mlkem512/mlkem512_cbd.sv:45: sorry: constant selects in always_* processes are not fully supported (the process will be sensitive to all bits in 'shifted_a[23:0]').
rtl/mlkem512/mlkem512_cbd.sv:46: sorry: constant selects in always_* processes are not fully supported (the process will be sensitive to all bits in 'shifted_b[23:0]').
rtl/mlkem512/mlkem512_bytecodec.sv:16: sorry: constant selects in always_* processes are not fully supported (the process will be sensitive to all bits in 'coeff[word=+i[31:0]][15:0]').
rtl/mlkem512/mlkem512_bytecodec.sv:16: sorry: constant selects in always_* processes are not fully supported (the process will be sensitive to all bits in 'coeff[word=+i[31:0]][15:0]').
rtl/mlkem512/mlkem512_bytecodec.sv:16: sorry: constant selects in always_* processes are not fully supported (the process will be sensitive to all bits in 'coeff[word=+i[31:0]][15:0]').
rtl/mlkem512/mlkem512_cbd.sv:45: sorry: constant selects in always_* processes are not fully supported (the process will be sensitive to all bits in 'shifted_a[23:0]').
rtl/mlkem512/mlkem512_cbd.sv:46: sorry: constant selects in always_* processes are not fully supported (the process will be sensitive to all bits in 'shifted_b[23:0]').
rtl/mlkem512/mlkem512_cbd.sv:19: sorry: constant selects in always_* processes are not fully supported (the process will be sensitive to all bits in 'shifted_a[31:0]').
rtl/mlkem512/mlkem512_cbd.sv:20: sorry: constant selects in always_* processes are not fully supported (the process will be sensitive to all bits in 'shifted_b[31:0]').
rtl/mlkem512/mlkem512_cbd.sv:45: sorry: constant selects in always_* processes are not fully supported (the process will be sensitive to all bits in 'shifted_a[23:0]').
rtl/mlkem512/mlkem512_cbd.sv:46: sorry: constant selects in always_* processes are not fully supported (the process will be sensitive to all bits in 'shifted_b[23:0]').

real	6m38.806s
user	6m38.124s
sys	0m0.021s
PROFILE decaps=1 cycles=1 ntt_busy=0 sponge_busy=0 perm_busy=0 ntt_and_sponge=0 ntt_starts=0 ntt_inverse_starts=0 perm_starts=0
STATEPROF decaps=1 dec_state=26 all=1 other=1
STATEPROF decaps=2 dec_state=38 all=1 other=1
STATEPROF decaps=2 dec_state=39 all=64 other=0
STATEPROF decaps=2 dec_state=40 all=94 other=1
STATEPROF decaps=2 dec_state=41 all=1 other=1
STATEPROF decaps=2 dec_state=42 all=7118 other=3148
STATEPROF decaps=2 dec_state=51 all=1 other=1
STATEPROF decaps=2 dec_state=52 all=1000 other=3
STATEPROF decaps=2 dec_state=53 all=968 other=3
STATEPROF decaps=2 enc_state_bit=0 all=2 other=2
STATEPROF decaps=2 enc_state_bit=1 all=1 other=1
STATEPROF decaps=2 enc_state_bit=2 all=3 other=3
STATEPROF decaps=2 enc_state_bit=5 all=780 other=780
STATEPROF decaps=2 enc_state_bit=11 all=3 other=3
STATEPROF decaps=2 enc_state_bit=12 all=1707 other=3
STATEPROF decaps=2 enc_state_bit=13 all=129 other=129
STATEPROF decaps=2 enc_state_bit=15 all=768 other=768
STATEPROF decaps=2 enc_state_bit=16 all=1 other=1
STATEPROF decaps=2 enc_state_bit=17 all=907 other=907
STATEPROF decaps=2 enc_state_bit=19 all=1 other=1
STATEPROF decaps=2 enc_state_bit=20 all=1160 other=28
STATEPROF decaps=2 enc_state_bit=21 all=2 other=2
STATEPROF decaps=2 enc_state_bit=23 all=256 other=256
STATEPROF decaps=2 enc_state_bit=25 all=2 other=2
STATEPROF decaps=2 enc_state_bit=26 all=1136 other=2
STATEPROF decaps=2 enc_state_bit=27 all=2 other=2
STATEPROF decaps=2 enc_state_bit=29 all=256 other=256
STATEPROF decaps=2 enc_state_bit=30 all=2 other=2
PROFILE decaps=2 cycles=9247 ntt_busy=2838 sponge_busy=3251 perm_busy=480 ntt_and_sponge=0 ntt_starts=5 ntt_inverse_starts=3 perm_starts=20
  PASS runtime_mlkem_encaps_fips_flow_spi input_m=32 h_ek=2e782439 g=55853ebd h_c=bc3dc488 k=27033e5e ciphertext_bytes=768 key_source=internal_ekpke raw_export=0 cycles=9247 fips203_alg17_k_direct=1 qualification_only=1 no_validation_claim
STATEPROF decaps=3 dec_state=27 all=1 other=1
PROFILE decaps=3 cycles=1 ntt_busy=0 sponge_busy=0 perm_busy=0 ntt_and_sponge=0 ntt_starts=0 ntt_inverse_starts=0 perm_starts=0
STATEPROF decaps=4 dec_state=1 all=512 other=9
STATEPROF decaps=4 dec_state=4 all=512 other=8
STATEPROF decaps=4 dec_state=5 all=2 other=1
STATEPROF decaps=4 dec_state=6 all=1136 other=1
STATEPROF decaps=4 dec_state=7 all=2 other=1
STATEPROF decaps=4 dec_state=9 all=2 other=1
STATEPROF decaps=4 dec_state=10 all=2 other=1
STATEPROF decaps=4 dec_state=12 all=2 other=1
STATEPROF decaps=4 dec_state=13 all=256 other=128
STATEPROF decaps=4 dec_state=14 all=256 other=128
STATEPROF decaps=4 dec_state=18 all=256 other=128
STATEPROF decaps=4 dec_state=19 all=128 other=128
STATEPROF decaps=4 dec_state=20 all=128 other=128
STATEPROF decaps=4 dec_state=21 all=1 other=1
STATEPROF decaps=4 dec_state=22 all=569 other=1
STATEPROF decaps=4 dec_state=23 all=256 other=256
STATEPROF decaps=4 dec_state=25 all=256 other=256
STATEPROF decaps=4 dec_state=38 all=1 other=1
STATEPROF decaps=4 dec_state=39 all=64 other=0
STATEPROF decaps=4 dec_state=40 all=94 other=1
STATEPROF decaps=4 dec_state=41 all=1 other=1
STATEPROF decaps=4 dec_state=42 all=7118 other=2754
STATEPROF decaps=4 dec_state=51 all=1 other=1
STATEPROF decaps=4 dec_state=52 all=1 other=1
STATEPROF decaps=4 dec_state=53 all=1 other=1
STATEPROF decaps=4 enc_state_bit=0 all=2 other=2
STATEPROF decaps=4 enc_state_bit=1 all=1 other=1
STATEPROF decaps=4 enc_state_bit=2 all=3 other=3
STATEPROF decaps=4 enc_state_bit=5 all=780 other=780
STATEPROF decaps=4 enc_state_bit=11 all=3 other=3
STATEPROF decaps=4 enc_state_bit=12 all=1707 other=3
STATEPROF decaps=4 enc_state_bit=13 all=129 other=129
STATEPROF decaps=4 enc_state_bit=15 all=768 other=768
STATEPROF decaps=4 enc_state_bit=16 all=1 other=1
STATEPROF decaps=4 enc_state_bit=17 all=907 other=907
STATEPROF decaps=4 enc_state_bit=19 all=1 other=1
STATEPROF decaps=4 enc_state_bit=20 all=1160 other=25
STATEPROF decaps=4 enc_state_bit=21 all=2 other=0
STATEPROF decaps=4 enc_state_bit=23 all=256 other=0
STATEPROF decaps=4 enc_state_bit=25 all=2 other=0
STATEPROF decaps=4 enc_state_bit=26 all=1136 other=1
STATEPROF decaps=4 enc_state_bit=27 all=2 other=1
STATEPROF decaps=4 enc_state_bit=29 all=256 other=128
STATEPROF decaps=4 enc_state_bit=30 all=2 other=1
PROFILE decaps=4 cycles=11557 ntt_busy=4540 sponge_busy=4248 perm_busy=624 ntt_and_sponge=1168 ntt_starts=8 ntt_inverse_starts=4 perm_starts=26
  PASS runtime_mlkem_decaps_fips_flow_spi message_digest=45abb036 h_ek=2e782439 h_c=bc3dc488 g=55853ebd k=27033e5e j_computed=1 compare_bytes=768 match=1 cycles_ge_65535 raw_export=0 fips203_alg18_select=1 qualification_only=1 no_validation_claim
STATEPROF decaps=5 dec_state=1 all=512 other=9
STATEPROF decaps=5 dec_state=4 all=512 other=8
STATEPROF decaps=5 dec_state=5 all=2 other=1
STATEPROF decaps=5 dec_state=6 all=1136 other=1
STATEPROF decaps=5 dec_state=7 all=2 other=1
STATEPROF decaps=5 dec_state=9 all=2 other=1
STATEPROF decaps=5 dec_state=10 all=2 other=1
STATEPROF decaps=5 dec_state=12 all=2 other=1
STATEPROF decaps=5 dec_state=13 all=256 other=128
STATEPROF decaps=5 dec_state=14 all=256 other=128
STATEPROF decaps=5 dec_state=18 all=256 other=128
STATEPROF decaps=5 dec_state=19 all=128 other=128
STATEPROF decaps=5 dec_state=20 all=128 other=128
STATEPROF decaps=5 dec_state=21 all=1 other=1
STATEPROF decaps=5 dec_state=22 all=569 other=1
STATEPROF decaps=5 dec_state=23 all=256 other=256
STATEPROF decaps=5 dec_state=25 all=256 other=256
STATEPROF decaps=5 dec_state=38 all=1 other=1
STATEPROF decaps=5 dec_state=39 all=64 other=0
STATEPROF decaps=5 dec_state=40 all=94 other=1
STATEPROF decaps=5 dec_state=41 all=1 other=1
STATEPROF decaps=5 dec_state=42 all=7118 other=2754
STATEPROF decaps=5 dec_state=51 all=1 other=1
STATEPROF decaps=5 dec_state=52 all=1 other=1
STATEPROF decaps=5 dec_state=53 all=1 other=1
STATEPROF decaps=5 enc_state_bit=0 all=2 other=2
STATEPROF decaps=5 enc_state_bit=1 all=1 other=1
STATEPROF decaps=5 enc_state_bit=2 all=3 other=3
STATEPROF decaps=5 enc_state_bit=5 all=780 other=780
STATEPROF decaps=5 enc_state_bit=11 all=3 other=3
STATEPROF decaps=5 enc_state_bit=12 all=1707 other=3
STATEPROF decaps=5 enc_state_bit=13 all=129 other=129
STATEPROF decaps=5 enc_state_bit=15 all=768 other=768
STATEPROF decaps=5 enc_state_bit=16 all=1 other=1
STATEPROF decaps=5 enc_state_bit=17 all=907 other=907
STATEPROF decaps=5 enc_state_bit=19 all=1 other=1
STATEPROF decaps=5 enc_state_bit=20 all=1160 other=25
STATEPROF decaps=5 enc_state_bit=21 all=2 other=0
STATEPROF decaps=5 enc_state_bit=23 all=256 other=0
STATEPROF decaps=5 enc_state_bit=25 all=2 other=0
STATEPROF decaps=5 enc_state_bit=26 all=1136 other=1
STATEPROF decaps=5 enc_state_bit=27 all=2 other=1
STATEPROF decaps=5 enc_state_bit=29 all=256 other=128
STATEPROF decaps=5 enc_state_bit=30 all=2 other=1
PROFILE decaps=5 cycles=11557 ntt_busy=4540 sponge_busy=4248 perm_busy=624 ntt_and_sponge=1168 ntt_starts=8 ntt_inverse_starts=4 perm_starts=26
  PASS U1 Decaps busy latency valid/implicit-rejection=11557 cycles permutations=26
  PASS runtime_mlkem_decaps_implicit_rejection j_z_c=578e4ba1 match=0 compare_bytes=768 z_source=runtime_keygen_internal z_export=0 no_validity_error_oracle=1 fips203_alg18_j=1 qualification_only=1 no_validation_claim
STATEPROF decaps=6 dec_state=1 all=512 other=9
STATEPROF decaps=6 dec_state=4 all=512 other=8
STATEPROF decaps=6 dec_state=5 all=2 other=1
STATEPROF decaps=6 dec_state=6 all=1136 other=1
STATEPROF decaps=6 dec_state=7 all=2 other=1
STATEPROF decaps=6 dec_state=9 all=2 other=1
STATEPROF decaps=6 dec_state=10 all=2 other=1
STATEPROF decaps=6 dec_state=12 all=2 other=1
STATEPROF decaps=6 dec_state=13 all=256 other=128
STATEPROF decaps=6 dec_state=14 all=256 other=128
STATEPROF decaps=6 dec_state=18 all=256 other=128
STATEPROF decaps=6 dec_state=19 all=128 other=128
STATEPROF decaps=6 dec_state=20 all=128 other=128
STATEPROF decaps=6 dec_state=21 all=1 other=1
STATEPROF decaps=6 dec_state=22 all=569 other=1
STATEPROF decaps=6 dec_state=23 all=256 other=256
STATEPROF decaps=6 dec_state=25 all=256 other=256
STATEPROF decaps=6 dec_state=38 all=1 other=1
STATEPROF decaps=6 dec_state=39 all=64 other=0
STATEPROF decaps=6 dec_state=40 all=94 other=1
STATEPROF decaps=6 dec_state=41 all=1 other=1
STATEPROF decaps=6 dec_state=42 all=7118 other=2754
STATEPROF decaps=6 dec_state=51 all=1 other=1
STATEPROF decaps=6 dec_state=52 all=1 other=1
STATEPROF decaps=6 dec_state=53 all=1 other=1
STATEPROF decaps=6 enc_state_bit=0 all=2 other=2
STATEPROF decaps=6 enc_state_bit=1 all=1 other=1
STATEPROF decaps=6 enc_state_bit=2 all=3 other=3
STATEPROF decaps=6 enc_state_bit=5 all=780 other=780
STATEPROF decaps=6 enc_state_bit=11 all=3 other=3
STATEPROF decaps=6 enc_state_bit=12 all=1707 other=3
STATEPROF decaps=6 enc_state_bit=13 all=129 other=129
STATEPROF decaps=6 enc_state_bit=15 all=768 other=768
STATEPROF decaps=6 enc_state_bit=16 all=1 other=1
STATEPROF decaps=6 enc_state_bit=17 all=907 other=907
STATEPROF decaps=6 enc_state_bit=19 all=1 other=1
STATEPROF decaps=6 enc_state_bit=20 all=1160 other=25
STATEPROF decaps=6 enc_state_bit=21 all=2 other=0
STATEPROF decaps=6 enc_state_bit=23 all=256 other=0
STATEPROF decaps=6 enc_state_bit=25 all=2 other=0
STATEPROF decaps=6 enc_state_bit=26 all=1136 other=1
STATEPROF decaps=6 enc_state_bit=27 all=2 other=1
STATEPROF decaps=6 enc_state_bit=29 all=256 other=128
STATEPROF decaps=6 enc_state_bit=30 all=2 other=1
PROFILE decaps=6 cycles=11557 ntt_busy=4540 sponge_busy=4248 perm_busy=624 ntt_and_sponge=1168 ntt_starts=8 ntt_inverse_starts=4 perm_starts=26
TB_TRUSTEDGE_SPI_RESULT: ALL PASS (baseline + D1/D2 internal restore + HSM-4E auth + HSM-4F legacy lock)
NTT_PACKED_CHECK writes=15616 starts=63 violations=0
