rtl/mlkem512/mlkem512_cbd.sv:19: sorry: constant selects in always_* processes are not fully supported (the process will be sensitive to all bits in 'shifted_a[31:0]').
rtl/mlkem512/mlkem512_cbd.sv:20: sorry: constant selects in always_* processes are not fully supported (the process will be sensitive to all bits in 'shifted_b[31:0]').
rtl/mlkem512/mlkem512_cbd.sv:45: sorry: constant selects in always_* processes are not fully supported (the process will be sensitive to all bits in 'shifted_a[23:0]').
rtl/mlkem512/mlkem512_cbd.sv:46: sorry: constant selects in always_* processes are not fully supported (the process will be sensitive to all bits in 'shifted_b[23:0]').
rtl/mlkem512/mlkem512_bytecodec.sv:16: sorry: constant selects in always_* processes are not fully supported (the process will be sensitive to all bits in 'coeff[word=+i[31:0]][15:0]').
rtl/mlkem512/mlkem512_bytecodec.sv:16: sorry: constant selects in always_* processes are not fully supported (the process will be sensitive to all bits in 'coeff[word=+i[31:0]][15:0]').
rtl/mlkem512/mlkem512_bytecodec.sv:16: sorry: constant selects in always_* processes are not fully supported (the process will be sensitive to all bits in 'coeff[word=+i[31:0]][15:0]').
rtl/mlkem512/mlkem512_cbd.sv:19: sorry: constant selects in always_* processes are not fully supported (the process will be sensitive to all bits in 'shifted_a[31:0]').
rtl/mlkem512/mlkem512_cbd.sv:20: sorry: constant selects in always_* processes are not fully supported (the process will be sensitive to all bits in 'shifted_b[31:0]').
rtl/mlkem512/mlkem512_cbd.sv:45: sorry: constant selects in always_* processes are not fully supported (the process will be sensitive to all bits in 'shifted_a[23:0]').
rtl/mlkem512/mlkem512_cbd.sv:46: sorry: constant selects in always_* processes are not fully supported (the process will be sensitive to all bits in 'shifted_b[23:0]').
rtl/mlkem512/mlkem512_bytecodec.sv:16: sorry: constant selects in always_* processes are not fully supported (the process will be sensitive to all bits in 'coeff[word=+i[31:0]][15:0]').
rtl/mlkem512/mlkem512_bytecodec.sv:16: sorry: constant selects in always_* processes are not fully supported (the process will be sensitive to all bits in 'coeff[word=+i[31:0]][15:0]').
rtl/mlkem512/mlkem512_bytecodec.sv:16: sorry: constant selects in always_* processes are not fully supported (the process will be sensitive to all bits in 'coeff[word=+i[31:0]][15:0]').
rtl/mlkem512/mlkem512_cbd.sv:45: sorry: constant selects in always_* processes are not fully supported (the process will be sensitive to all bits in 'shifted_a[23:0]').
rtl/mlkem512/mlkem512_cbd.sv:46: sorry: constant selects in always_* processes are not fully supported (the process will be sensitive to all bits in 'shifted_b[23:0]').
rtl/mlkem512/mlkem512_cbd.sv:19: sorry: constant selects in always_* processes are not fully supported (the process will be sensitive to all bits in 'shifted_a[31:0]').
rtl/mlkem512/mlkem512_cbd.sv:20: sorry: constant selects in always_* processes are not fully supported (the process will be sensitive to all bits in 'shifted_b[31:0]').
rtl/mlkem512/mlkem512_cbd.sv:45: sorry: constant selects in always_* processes are not fully supported (the process will be sensitive to all bits in 'shifted_a[23:0]').
rtl/mlkem512/mlkem512_cbd.sv:46: sorry: constant selects in always_* processes are not fully supported (the process will be sensitive to all bits in 'shifted_b[23:0]').

real	6m37.802s
user	5m45.542s
sys	0m0.054s
  FAIL t1e: kpke ok=1 status=ff dig_a=cddb5b0c dig_b=0440b8d1 cycles=40355 permutations=36
  FAIL t1e1: runtime seed0 valid=1 ok=1 status=ff g=4f47abb3 ek=e8923613 cycles=40355
  FAIL t1e2: runtime seed1 valid=1 ok=1 status=ff g=a56f09bc ek=f2e3be64 cycles=40355
  FAIL t1f2 runtime key bind preload valid=1 ok=1 status=ff g=a56f09bc ek=f2e3be64 ready=1 cycles=40355
  FAIL t1f2 bound runtime encrypt valid=1 ok=1 status=ff digest=497bf105/a29eedfa oracle=497bf105/a29eedfa cycles=51457 permutations=7
  FAIL t1f2b bound runtime vector1 valid=1 ok=1 status=ff digest=838e41a7/340c0118 oracle=838e41a7/340c0118 cycles=51457
  FAIL runtime_mlkem_encaps_chain_spi valid=1 ok=1 status=ff ss=27033e5e hc=bc3dc488 cycles=58572 permutations=20
  PASS runtime_mlkem_decaps_fips_flow_spi message_digest=45abb036 h_ek=2e782439 h_c=bc3dc488 g=55853ebd k=27033e5e j_computed=1 compare_bytes=768 match=1 cycles_ge_65535 raw_export=0 fips203_alg18_select=1 qualification_only=1 no_validation_claim
  PASS U1 Decaps busy latency valid/implicit-rejection=85201 cycles permutations=26
  PASS runtime_mlkem_decaps_implicit_rejection j_z_c=578e4ba1 match=0 compare_bytes=768 z_source=runtime_keygen_internal z_export=0 no_validity_error_oracle=1 fips203_alg18_j=1 qualification_only=1 no_validation_claim
TB_TRUSTEDGE_SPI_RESULT: FAIL (7 errors)
