/tmp/tmp.4kdRnBZrms/hskem_rtl: 5 files edited, diff 2181 lines
rtl/mlkem512/mlkem512_cbd.sv:19: sorry: constant selects in always_* processes are not fully supported (the process will be sensitive to all bits in 'shifted_a[31:0]').
rtl/mlkem512/mlkem512_cbd.sv:20: sorry: constant selects in always_* processes are not fully supported (the process will be sensitive to all bits in 'shifted_b[31:0]').
rtl/mlkem512/mlkem512_cbd.sv:45: sorry: constant selects in always_* processes are not fully supported (the process will be sensitive to all bits in 'shifted_a[23:0]').
rtl/mlkem512/mlkem512_cbd.sv:46: sorry: constant selects in always_* processes are not fully supported (the process will be sensitive to all bits in 'shifted_b[23:0]').
rtl/mlkem512/mlkem512_bytecodec.sv:16: sorry: constant selects in always_* processes are not fully supported (the process will be sensitive to all bits in 'coeff[word=+i[31:0]][15:0]').
rtl/mlkem512/mlkem512_bytecodec.sv:16: sorry: constant selects in always_* processes are not fully supported (the process will be sensitive to all bits in 'coeff[word=+i[31:0]][15:0]').
rtl/mlkem512/mlkem512_bytecodec.sv:16: sorry: constant selects in always_* processes are not fully supported (the process will be sensitive to all bits in 'coeff[word=+i[31:0]][15:0]').
rtl/mlkem512/mlkem512_cbd.sv:19: sorry: constant selects in always_* processes are not fully supported (the process will be sensitive to all bits in 'shifted_a[31:0]').
rtl/mlkem512/mlkem512_cbd.sv:20: sorry: constant selects in always_* processes are not fully supported (the process will be sensitive to all bits in 'shifted_b[31:0]').
rtl/mlkem512/mlkem512_cbd.sv:45: sorry: constant selects in always_* processes are not fully supported (the process will be sensitive to all bits in 'shifted_a[23:0]').
rtl/mlkem512/mlkem512_cbd.sv:46: sorry: constant selects in always_* processes are not fully supported (the process will be sensitive to all bits in 'shifted_b[23:0]').
rtl/mlkem512/mlkem512_bytecodec.sv:16: sorry: constant selects in always_* processes are not fully supported (the process will be sensitive to all bits in 'coeff[word=+i[31:0]][15:0]').
rtl/mlkem512/mlkem512_bytecodec.sv:16: sorry: constant selects in always_* processes are not fully supported (the process will be sensitive to all bits in 'coeff[word=+i[31:0]][15:0]').
rtl/mlkem512/mlkem512_bytecodec.sv:16: sorry: constant selects in always_* processes are not fully supported (the process will be sensitive to all bits in 'coeff[word=+i[31:0]][15:0]').
rtl/mlkem512/mlkem512_cbd.sv:45: sorry: constant selects in always_* processes are not fully supported (the process will be sensitive to all bits in 'shifted_a[23:0]').
rtl/mlkem512/mlkem512_cbd.sv:46: sorry: constant selects in always_* processes are not fully supported (the process will be sensitive to all bits in 'shifted_b[23:0]').
rtl/mlkem512/mlkem512_cbd.sv:19: sorry: constant selects in always_* processes are not fully supported (the process will be sensitive to all bits in 'shifted_a[31:0]').
rtl/mlkem512/mlkem512_cbd.sv:20: sorry: constant selects in always_* processes are not fully supported (the process will be sensitive to all bits in 'shifted_b[31:0]').
rtl/mlkem512/mlkem512_cbd.sv:45: sorry: constant selects in always_* processes are not fully supported (the process will be sensitive to all bits in 'shifted_a[23:0]').
rtl/mlkem512/mlkem512_cbd.sv:46: sorry: constant selects in always_* processes are not fully supported (the process will be sensitive to all bits in 'shifted_b[23:0]').

real	4m47.565s
user	4m49.046s
sys	0m0.038s
PROFILE decaps=1 cycles=1 ntt_busy=0 sponge_busy=0 perm_busy=0 ntt_and_sponge=0 ntt_starts=0 ntt_inverse_starts=0 perm_starts=0
STATEPROF decaps=1 dec_state=26 all=1 other=1
PROFILE decaps=2 cycles=34768 ntt_busy=5319 sponge_busy=7613 perm_busy=480 ntt_and_sponge=0 ntt_starts=5 ntt_inverse_starts=3 perm_starts=20
STATEPROF decaps=2 dec_state=38 all=1 other=1
STATEPROF decaps=2 dec_state=39 all=64 other=0
STATEPROF decaps=2 dec_state=40 all=94 other=1
STATEPROF decaps=2 dec_state=41 all=1 other=1
STATEPROF decaps=2 dec_state=42 all=29525 other=21826
STATEPROF decaps=2 dec_state=51 all=1 other=1
STATEPROF decaps=2 dec_state=52 all=2589 other=3
STATEPROF decaps=2 dec_state=53 all=2493 other=3
STATEPROF decaps=2 enc_state_bit=0 all=2 other=2
STATEPROF decaps=2 enc_state_bit=1 all=1 other=1
STATEPROF decaps=2 enc_state_bit=2 all=3 other=3
STATEPROF decaps=2 enc_state_bit=3 all=768 other=768
STATEPROF decaps=2 enc_state_bit=4 all=768 other=768
STATEPROF decaps=2 enc_state_bit=5 all=768 other=768
STATEPROF decaps=2 enc_state_bit=6 all=768 other=768
STATEPROF decaps=2 enc_state_bit=7 all=768 other=768
STATEPROF decaps=2 enc_state_bit=8 all=768 other=768
STATEPROF decaps=2 enc_state_bit=9 all=384 other=384
STATEPROF decaps=2 enc_state_bit=10 all=384 other=384
STATEPROF decaps=2 enc_state_bit=11 all=3 other=3
STATEPROF decaps=2 enc_state_bit=12 all=3348 other=3
STATEPROF decaps=2 enc_state_bit=13 all=768 other=768
STATEPROF decaps=2 enc_state_bit=14 all=768 other=768
STATEPROF decaps=2 enc_state_bit=15 all=768 other=768
STATEPROF decaps=2 enc_state_bit=16 all=1 other=1
STATEPROF decaps=2 enc_state_bit=17 all=9218 other=9218
STATEPROF decaps=2 enc_state_bit=18 all=768 other=768
STATEPROF decaps=2 enc_state_bit=19 all=1 other=1
STATEPROF decaps=2 enc_state_bit=20 all=2424 other=44
STATEPROF decaps=2 enc_state_bit=21 all=256 other=256
STATEPROF decaps=2 enc_state_bit=22 all=256 other=256
STATEPROF decaps=2 enc_state_bit=23 all=256 other=256
STATEPROF decaps=2 enc_state_bit=24 all=256 other=256
STATEPROF decaps=2 enc_state_bit=25 all=2 other=2
STATEPROF decaps=2 enc_state_bit=26 all=1976 other=2
STATEPROF decaps=2 enc_state_bit=27 all=512 other=512
STATEPROF decaps=2 enc_state_bit=28 all=512 other=512
STATEPROF decaps=2 enc_state_bit=29 all=512 other=512
STATEPROF decaps=2 enc_state_bit=30 all=2 other=2
STATEPROF decaps=2 enc_state_bit=31 all=1536 other=1536
  PASS runtime_mlkem_encaps_fips_flow_spi input_m=32 h_ek=2e782439 g=55853ebd h_c=bc3dc488 k=27033e5e ciphertext_bytes=768 key_source=internal_ekpke raw_export=0 cycles=34768 fips203_alg17_k_direct=1 qualification_only=1 no_validation_claim
STATEPROF decaps=3 dec_state=27 all=1 other=1
PROFILE decaps=3 cycles=1 ntt_busy=0 sponge_busy=0 perm_busy=0 ntt_and_sponge=0 ntt_starts=0 ntt_inverse_starts=0 perm_starts=0
PROFILE decaps=4 cycles=41230 ntt_busy=8408 sponge_busy=10199 perm_busy=624 ntt_and_sponge=2284 ntt_starts=8 ntt_inverse_starts=4 perm_starts=26
STATEPROF decaps=4 dec_state=1 all=512 other=1
STATEPROF decaps=4 dec_state=2 all=512 other=0
STATEPROF decaps=4 dec_state=3 all=512 other=0
STATEPROF decaps=4 dec_state=4 all=512 other=0
STATEPROF decaps=4 dec_state=5 all=2 other=0
STATEPROF decaps=4 dec_state=6 all=1976 other=0
STATEPROF decaps=4 dec_state=7 all=256 other=0
STATEPROF decaps=4 dec_state=8 all=256 other=0
STATEPROF decaps=4 dec_state=9 all=256 other=0
STATEPROF decaps=4 dec_state=10 all=256 other=0
STATEPROF decaps=4 dec_state=11 all=256 other=0
STATEPROF decaps=4 dec_state=12 all=256 other=0
STATEPROF decaps=4 dec_state=13 all=256 other=0
STATEPROF decaps=4 dec_state=14 all=256 other=0
STATEPROF decaps=4 dec_state=15 all=256 other=0
STATEPROF decaps=4 dec_state=16 all=256 other=0
STATEPROF decaps=4 dec_state=17 all=256 other=1
STATEPROF decaps=4 dec_state=18 all=256 other=1
STATEPROF decaps=4 dec_state=19 all=128 other=0
STATEPROF decaps=4 dec_state=20 all=128 other=0
STATEPROF decaps=4 dec_state=21 all=1 other=0
STATEPROF decaps=4 dec_state=22 all=1116 other=1
STATEPROF decaps=4 dec_state=23 all=256 other=256
STATEPROF decaps=4 dec_state=24 all=256 other=256
STATEPROF decaps=4 dec_state=25 all=256 other=256
STATEPROF decaps=4 dec_state=38 all=1 other=1
STATEPROF decaps=4 dec_state=39 all=64 other=0
STATEPROF decaps=4 dec_state=40 all=94 other=1
STATEPROF decaps=4 dec_state=41 all=1 other=1
STATEPROF decaps=4 dec_state=42 all=29525 other=21826
STATEPROF decaps=4 dec_state=43 all=768 other=768
STATEPROF decaps=4 dec_state=44 all=768 other=768
STATEPROF decaps=4 dec_state=45 all=768 other=768
STATEPROF decaps=4 dec_state=51 all=1 other=1
STATEPROF decaps=4 dec_state=52 all=1 other=1
STATEPROF decaps=4 enc_state_bit=0 all=2 other=2
STATEPROF decaps=4 enc_state_bit=1 all=1 other=1
STATEPROF decaps=4 enc_state_bit=2 all=3 other=3
STATEPROF decaps=4 enc_state_bit=3 all=768 other=768
STATEPROF decaps=4 enc_state_bit=4 all=768 other=768
STATEPROF decaps=4 enc_state_bit=5 all=768 other=768
STATEPROF decaps=4 enc_state_bit=6 all=768 other=768
STATEPROF decaps=4 enc_state_bit=7 all=768 other=768
STATEPROF decaps=4 enc_state_bit=8 all=768 other=768
STATEPROF decaps=4 enc_state_bit=9 all=384 other=384
STATEPROF decaps=4 enc_state_bit=10 all=384 other=384
STATEPROF decaps=4 enc_state_bit=11 all=3 other=3
STATEPROF decaps=4 enc_state_bit=12 all=3348 other=3
STATEPROF decaps=4 enc_state_bit=13 all=768 other=768
STATEPROF decaps=4 enc_state_bit=14 all=768 other=768
STATEPROF decaps=4 enc_state_bit=15 all=768 other=768
STATEPROF decaps=4 enc_state_bit=16 all=1 other=1
STATEPROF decaps=4 enc_state_bit=17 all=9218 other=9218
STATEPROF decaps=4 enc_state_bit=18 all=768 other=768
STATEPROF decaps=4 enc_state_bit=19 all=1 other=1
STATEPROF decaps=4 enc_state_bit=20 all=2424 other=44
STATEPROF decaps=4 enc_state_bit=21 all=256 other=256
STATEPROF decaps=4 enc_state_bit=22 all=256 other=256
STATEPROF decaps=4 enc_state_bit=23 all=256 other=256
STATEPROF decaps=4 enc_state_bit=24 all=256 other=256
STATEPROF decaps=4 enc_state_bit=25 all=2 other=2
STATEPROF decaps=4 enc_state_bit=26 all=1976 other=2
STATEPROF decaps=4 enc_state_bit=27 all=512 other=512
STATEPROF decaps=4 enc_state_bit=28 all=512 other=512
STATEPROF decaps=4 enc_state_bit=29 all=512 other=512
STATEPROF decaps=4 enc_state_bit=30 all=2 other=2
STATEPROF decaps=4 enc_state_bit=31 all=1536 other=1536
  PASS runtime_mlkem_decaps_fips_flow_spi message_digest=45abb036 h_ek=2e782439 h_c=bc3dc488 g=55853ebd k=27033e5e j_computed=1 compare_bytes=768 match=1 cycles_ge_65535 raw_export=0 fips203_alg18_select=1 qualification_only=1 no_validation_claim
PROFILE decaps=5 cycles=41230 ntt_busy=8408 sponge_busy=10199 perm_busy=624 ntt_and_sponge=2284 ntt_starts=8 ntt_inverse_starts=4 perm_starts=26
STATEPROF decaps=5 dec_state=1 all=512 other=1
STATEPROF decaps=5 dec_state=2 all=512 other=0
STATEPROF decaps=5 dec_state=3 all=512 other=0
STATEPROF decaps=5 dec_state=4 all=512 other=0
STATEPROF decaps=5 dec_state=5 all=2 other=0
STATEPROF decaps=5 dec_state=6 all=1976 other=0
STATEPROF decaps=5 dec_state=7 all=256 other=0
STATEPROF decaps=5 dec_state=8 all=256 other=0
STATEPROF decaps=5 dec_state=9 all=256 other=0
STATEPROF decaps=5 dec_state=10 all=256 other=0
STATEPROF decaps=5 dec_state=11 all=256 other=0
STATEPROF decaps=5 dec_state=12 all=256 other=0
STATEPROF decaps=5 dec_state=13 all=256 other=0
STATEPROF decaps=5 dec_state=14 all=256 other=0
STATEPROF decaps=5 dec_state=15 all=256 other=0
STATEPROF decaps=5 dec_state=16 all=256 other=0
STATEPROF decaps=5 dec_state=17 all=256 other=1
STATEPROF decaps=5 dec_state=18 all=256 other=1
STATEPROF decaps=5 dec_state=19 all=128 other=0
STATEPROF decaps=5 dec_state=20 all=128 other=0
STATEPROF decaps=5 dec_state=21 all=1 other=0
STATEPROF decaps=5 dec_state=22 all=1116 other=1
STATEPROF decaps=5 dec_state=23 all=256 other=256
STATEPROF decaps=5 dec_state=24 all=256 other=256
STATEPROF decaps=5 dec_state=25 all=256 other=256
STATEPROF decaps=5 dec_state=38 all=1 other=1
STATEPROF decaps=5 dec_state=39 all=64 other=0
STATEPROF decaps=5 dec_state=40 all=94 other=1
STATEPROF decaps=5 dec_state=41 all=1 other=1
STATEPROF decaps=5 dec_state=42 all=29525 other=21826
STATEPROF decaps=5 dec_state=43 all=768 other=768
STATEPROF decaps=5 dec_state=44 all=768 other=768
STATEPROF decaps=5 dec_state=45 all=768 other=768
STATEPROF decaps=5 dec_state=51 all=1 other=1
STATEPROF decaps=5 dec_state=52 all=1 other=1
STATEPROF decaps=5 enc_state_bit=0 all=2 other=2
STATEPROF decaps=5 enc_state_bit=1 all=1 other=1
STATEPROF decaps=5 enc_state_bit=2 all=3 other=3
STATEPROF decaps=5 enc_state_bit=3 all=768 other=768
STATEPROF decaps=5 enc_state_bit=4 all=768 other=768
STATEPROF decaps=5 enc_state_bit=5 all=768 other=768
STATEPROF decaps=5 enc_state_bit=6 all=768 other=768
STATEPROF decaps=5 enc_state_bit=7 all=768 other=768
STATEPROF decaps=5 enc_state_bit=8 all=768 other=768
STATEPROF decaps=5 enc_state_bit=9 all=384 other=384
STATEPROF decaps=5 enc_state_bit=10 all=384 other=384
STATEPROF decaps=5 enc_state_bit=11 all=3 other=3
STATEPROF decaps=5 enc_state_bit=12 all=3348 other=3
STATEPROF decaps=5 enc_state_bit=13 all=768 other=768
STATEPROF decaps=5 enc_state_bit=14 all=768 other=768
STATEPROF decaps=5 enc_state_bit=15 all=768 other=768
STATEPROF decaps=5 enc_state_bit=16 all=1 other=1
STATEPROF decaps=5 enc_state_bit=17 all=9218 other=9218
STATEPROF decaps=5 enc_state_bit=18 all=768 other=768
STATEPROF decaps=5 enc_state_bit=19 all=1 other=1
STATEPROF decaps=5 enc_state_bit=20 all=2424 other=44
STATEPROF decaps=5 enc_state_bit=21 all=256 other=256
STATEPROF decaps=5 enc_state_bit=22 all=256 other=256
STATEPROF decaps=5 enc_state_bit=23 all=256 other=256
STATEPROF decaps=5 enc_state_bit=24 all=256 other=256
STATEPROF decaps=5 enc_state_bit=25 all=2 other=2
STATEPROF decaps=5 enc_state_bit=26 all=1976 other=2
STATEPROF decaps=5 enc_state_bit=27 all=512 other=512
STATEPROF decaps=5 enc_state_bit=28 all=512 other=512
STATEPROF decaps=5 enc_state_bit=29 all=512 other=512
STATEPROF decaps=5 enc_state_bit=30 all=2 other=2
STATEPROF decaps=5 enc_state_bit=31 all=1536 other=1536
  PASS U1 Decaps busy latency valid/implicit-rejection=41230 cycles permutations=26
  PASS runtime_mlkem_decaps_implicit_rejection j_z_c=578e4ba1 match=0 compare_bytes=768 z_source=runtime_keygen_internal z_export=0 no_validity_error_oracle=1 fips203_alg18_j=1 qualification_only=1 no_validation_claim
PROFILE decaps=6 cycles=41230 ntt_busy=8408 sponge_busy=10199 perm_busy=624 ntt_and_sponge=2284 ntt_starts=8 ntt_inverse_starts=4 perm_starts=26
STATEPROF decaps=6 dec_state=1 all=512 other=1
STATEPROF decaps=6 dec_state=2 all=512 other=0
STATEPROF decaps=6 dec_state=3 all=512 other=0
STATEPROF decaps=6 dec_state=4 all=512 other=0
STATEPROF decaps=6 dec_state=5 all=2 other=0
STATEPROF decaps=6 dec_state=6 all=1976 other=0
STATEPROF decaps=6 dec_state=7 all=256 other=0
STATEPROF decaps=6 dec_state=8 all=256 other=0
STATEPROF decaps=6 dec_state=9 all=256 other=0
STATEPROF decaps=6 dec_state=10 all=256 other=0
STATEPROF decaps=6 dec_state=11 all=256 other=0
STATEPROF decaps=6 dec_state=12 all=256 other=0
STATEPROF decaps=6 dec_state=13 all=256 other=0
STATEPROF decaps=6 dec_state=14 all=256 other=0
