  INFO fips_ntt_digest=fc3b59fc kyber_cycles=1083 polyvec_digest=a8981500 mlkem_cycles=3829
  PASS A25 KeyGen cycle oracle cycles=19515 permutations=36 extra_permutation_cycles=0
  PASS runtime_keygen_spi vectors=2 malformed_len_reject=1 stale_epoch_invalidated=1 public_outputs=g+ekpke_fingerprints dkpke+z=internal_not_exported
PROFILE decaps=1 cycles=1 ntt_busy=0 sponge_busy=0 perm_busy=0 ntt_and_sponge=0 ntt_starts=0 ntt_inverse_starts=0 perm_starts=0
STATEPROF decaps=1 dec_state=26 all=1 other=1
TB_SPI_HSM4F_UNAUTH_STAGING_COMMIT_RESULT: PASS
TB_SPI_HSM4G_SAME_KEY_RESULT: PASS token=56711b0c5de704ef3f2a857c0c088211
  PASS runtime_encrypt_no_key_reject status=0 digest=0/0 cycles=2
  PASS A25 Encrypt cycle oracle cycles=11078 permutations=7 extra_permutation_cycles=0
  PASS runtime_encrypt_bound_keygen_spi transpose=A^T v0=497bf105/a29eedfa v1=838e41a7/340c0118 cycles=11078 codec_decode_roundtrip=1
STATEPROF decaps=2 dec_state=38 all=1 other=1
STATEPROF decaps=2 dec_state=39 all=64 other=0
STATEPROF decaps=2 dec_state=40 all=94 other=1
STATEPROF decaps=2 dec_state=41 all=1 other=1
STATEPROF decaps=2 dec_state=42 all=11080 other=7110
STATEPROF decaps=2 dec_state=51 all=1 other=1
STATEPROF decaps=2 dec_state=52 all=1794 other=3
STATEPROF decaps=2 dec_state=53 all=1730 other=3
STATEPROF decaps=2 enc_state_bit=0 all=2 other=2
STATEPROF decaps=2 enc_state_bit=1 all=1 other=1
STATEPROF decaps=2 enc_state_bit=2 all=3 other=3
STATEPROF decaps=2 enc_state_bit=3 all=768 other=768
STATEPROF decaps=2 enc_state_bit=4 all=768 other=768
STATEPROF decaps=2 enc_state_bit=8 all=768 other=768
STATEPROF decaps=2 enc_state_bit=9 all=3 other=3
STATEPROF decaps=2 enc_state_bit=10 all=3 other=3
STATEPROF decaps=2 enc_state_bit=11 all=3 other=3
STATEPROF decaps=2 enc_state_bit=12 all=1707 other=3
STATEPROF decaps=2 enc_state_bit=13 all=129 other=129
STATEPROF decaps=2 enc_state_bit=15 all=768 other=768
STATEPROF decaps=2 enc_state_bit=16 all=1 other=1
STATEPROF decaps=2 enc_state_bit=17 all=2818 other=2818
STATEPROF decaps=2 enc_state_bit=18 all=3 other=3
STATEPROF decaps=2 enc_state_bit=19 all=1 other=1
STATEPROF decaps=2 enc_state_bit=20 all=1160 other=28
STATEPROF decaps=2 enc_state_bit=21 all=2 other=2
STATEPROF decaps=2 enc_state_bit=23 all=256 other=256
STATEPROF decaps=2 enc_state_bit=24 all=256 other=256
STATEPROF decaps=2 enc_state_bit=25 all=2 other=2
STATEPROF decaps=2 enc_state_bit=26 all=1136 other=2
STATEPROF decaps=2 enc_state_bit=27 all=2 other=2
STATEPROF decaps=2 enc_state_bit=29 all=512 other=512
STATEPROF decaps=2 enc_state_bit=30 all=2 other=2
STATEPROF decaps=2 enc_state_bit=31 all=6 other=6
PROFILE decaps=2 cycles=14765 ntt_busy=2838 sponge_busy=4807 perm_busy=480 ntt_and_sponge=0 ntt_starts=5 ntt_inverse_starts=3 perm_starts=20
  PASS runtime_mlkem_encaps_fips_flow_spi input_m=32 h_ek=2e782439 g=55853ebd h_c=bc3dc488 k=27033e5e ciphertext_bytes=768 key_source=internal_ekpke raw_export=0 cycles=14765 fips203_alg17_k_direct=1 qualification_only=1 no_validation_claim
  PASS A25 Encaps cycle oracle cycles=14765 permutations=20 extra_permutation_cycles=0
  PASS runtime_encrypt_spi payload=64 malformed_len_reject=1 message+coins+internal_ekpke_bound=1
STATEPROF decaps=3 dec_state=27 all=1 other=1
PROFILE decaps=3 cycles=1 ntt_busy=0 sponge_busy=0 perm_busy=0 ntt_and_sponge=0 ntt_starts=0 ntt_inverse_starts=0 perm_starts=0
  MLKEM_STAGE cmd=18 RX: a5 19 00 0c 00 00 00 00 00 00 00 00 00 00 00 01 97 26 00 00 00 00 00 00
  PASS runtime_decaps_missing_z_reject fail_closed=1 raw_z_export=0
STATEPROF decaps=4 dec_state=1 all=512 other=2
STATEPROF decaps=4 dec_state=4 all=512 other=1
STATEPROF decaps=4 dec_state=5 all=2 other=0
STATEPROF decaps=4 dec_state=6 all=1136 other=0
STATEPROF decaps=4 dec_state=7 all=2 other=0
STATEPROF decaps=4 dec_state=9 all=2 other=0
STATEPROF decaps=4 dec_state=10 all=2 other=0
STATEPROF decaps=4 dec_state=12 all=2 other=0
STATEPROF decaps=4 dec_state=13 all=256 other=0
STATEPROF decaps=4 dec_state=14 all=256 other=0
STATEPROF decaps=4 dec_state=18 all=256 other=0
STATEPROF decaps=4 dec_state=19 all=128 other=0
STATEPROF decaps=4 dec_state=20 all=128 other=0
STATEPROF decaps=4 dec_state=21 all=1 other=0
STATEPROF decaps=4 dec_state=22 all=569 other=0
STATEPROF decaps=4 dec_state=23 all=256 other=0
STATEPROF decaps=4 dec_state=25 all=256 other=0
STATEPROF decaps=4 dec_state=38 all=1 other=1
STATEPROF decaps=4 dec_state=39 all=64 other=0
STATEPROF decaps=4 dec_state=40 all=94 other=1
STATEPROF decaps=4 dec_state=41 all=1 other=1
STATEPROF decaps=4 dec_state=42 all=11080 other=7110
STATEPROF decaps=4 dec_state=51 all=1 other=1
STATEPROF decaps=4 dec_state=52 all=1040 other=2
STATEPROF decaps=4 enc_state_bit=0 all=2 other=2
STATEPROF decaps=4 enc_state_bit=1 all=1 other=1
STATEPROF decaps=4 enc_state_bit=2 all=3 other=3
STATEPROF decaps=4 enc_state_bit=3 all=768 other=768
STATEPROF decaps=4 enc_state_bit=4 all=768 other=768
STATEPROF decaps=4 enc_state_bit=8 all=768 other=768
STATEPROF decaps=4 enc_state_bit=9 all=3 other=3
STATEPROF decaps=4 enc_state_bit=10 all=3 other=3
STATEPROF decaps=4 enc_state_bit=11 all=3 other=3
STATEPROF decaps=4 enc_state_bit=12 all=1707 other=3
STATEPROF decaps=4 enc_state_bit=13 all=129 other=129
STATEPROF decaps=4 enc_state_bit=15 all=768 other=768
STATEPROF decaps=4 enc_state_bit=16 all=1 other=1
STATEPROF decaps=4 enc_state_bit=17 all=2818 other=2818
STATEPROF decaps=4 enc_state_bit=18 all=3 other=3
STATEPROF decaps=4 enc_state_bit=19 all=1 other=1
STATEPROF decaps=4 enc_state_bit=20 all=1160 other=28
STATEPROF decaps=4 enc_state_bit=21 all=2 other=2
STATEPROF decaps=4 enc_state_bit=23 all=256 other=256
STATEPROF decaps=4 enc_state_bit=24 all=256 other=256
STATEPROF decaps=4 enc_state_bit=25 all=2 other=2
STATEPROF decaps=4 enc_state_bit=26 all=1136 other=2
STATEPROF decaps=4 enc_state_bit=27 all=2 other=2
STATEPROF decaps=4 enc_state_bit=29 all=512 other=512
STATEPROF decaps=4 enc_state_bit=30 all=2 other=2
STATEPROF decaps=4 enc_state_bit=31 all=6 other=6
PROFILE decaps=4 cycles=16557 ntt_busy=4540 sponge_busy=6598 perm_busy=624 ntt_and_sponge=1700 ntt_starts=8 ntt_inverse_starts=4 perm_starts=26
  PASS runtime_mlkem_decaps_fips_flow_spi message_digest=45abb036 h_ek=2e782439 h_c=bc3dc488 g=55853ebd k=27033e5e j_computed=1 compare_bytes=768 match=1 cycles_ge_65535 raw_export=0 fips203_alg18_select=1 qualification_only=1 no_validation_claim
STATEPROF decaps=5 dec_state=1 all=512 other=2
STATEPROF decaps=5 dec_state=4 all=512 other=1
STATEPROF decaps=5 dec_state=5 all=2 other=0
STATEPROF decaps=5 dec_state=6 all=1136 other=0
STATEPROF decaps=5 dec_state=7 all=2 other=0
STATEPROF decaps=5 dec_state=9 all=2 other=0
STATEPROF decaps=5 dec_state=10 all=2 other=0
STATEPROF decaps=5 dec_state=12 all=2 other=0
STATEPROF decaps=5 dec_state=13 all=256 other=0
STATEPROF decaps=5 dec_state=14 all=256 other=0
STATEPROF decaps=5 dec_state=18 all=256 other=0
STATEPROF decaps=5 dec_state=19 all=128 other=0
STATEPROF decaps=5 dec_state=20 all=128 other=0
STATEPROF decaps=5 dec_state=21 all=1 other=0
STATEPROF decaps=5 dec_state=22 all=569 other=0
STATEPROF decaps=5 dec_state=23 all=256 other=0
STATEPROF decaps=5 dec_state=25 all=256 other=0
STATEPROF decaps=5 dec_state=38 all=1 other=1
STATEPROF decaps=5 dec_state=39 all=64 other=0
STATEPROF decaps=5 dec_state=40 all=94 other=1
STATEPROF decaps=5 dec_state=41 all=1 other=1
STATEPROF decaps=5 dec_state=42 all=11080 other=7110
STATEPROF decaps=5 dec_state=51 all=1 other=1
STATEPROF decaps=5 dec_state=52 all=1040 other=2
STATEPROF decaps=5 enc_state_bit=0 all=2 other=2
STATEPROF decaps=5 enc_state_bit=1 all=1 other=1
STATEPROF decaps=5 enc_state_bit=2 all=3 other=3
STATEPROF decaps=5 enc_state_bit=3 all=768 other=768
STATEPROF decaps=5 enc_state_bit=4 all=768 other=768
STATEPROF decaps=5 enc_state_bit=8 all=768 other=768
STATEPROF decaps=5 enc_state_bit=9 all=3 other=3
STATEPROF decaps=5 enc_state_bit=10 all=3 other=3
STATEPROF decaps=5 enc_state_bit=11 all=3 other=3
STATEPROF decaps=5 enc_state_bit=12 all=1707 other=3
STATEPROF decaps=5 enc_state_bit=13 all=129 other=129
STATEPROF decaps=5 enc_state_bit=15 all=768 other=768
STATEPROF decaps=5 enc_state_bit=16 all=1 other=1
STATEPROF decaps=5 enc_state_bit=17 all=2818 other=2818
STATEPROF decaps=5 enc_state_bit=18 all=3 other=3
STATEPROF decaps=5 enc_state_bit=19 all=1 other=1
STATEPROF decaps=5 enc_state_bit=20 all=1160 other=28
STATEPROF decaps=5 enc_state_bit=21 all=2 other=2
STATEPROF decaps=5 enc_state_bit=23 all=256 other=256
STATEPROF decaps=5 enc_state_bit=24 all=256 other=256
STATEPROF decaps=5 enc_state_bit=25 all=2 other=2
STATEPROF decaps=5 enc_state_bit=26 all=1136 other=2
STATEPROF decaps=5 enc_state_bit=27 all=2 other=2
STATEPROF decaps=5 enc_state_bit=29 all=512 other=512
STATEPROF decaps=5 enc_state_bit=30 all=2 other=2
STATEPROF decaps=5 enc_state_bit=31 all=6 other=6
PROFILE decaps=5 cycles=16557 ntt_busy=4540 sponge_busy=6598 perm_busy=624 ntt_and_sponge=1700 ntt_starts=8 ntt_inverse_starts=4 perm_starts=26
  PASS U1 Decaps busy latency valid/implicit-rejection=16557 cycles permutations=26
  PASS runtime_mlkem_decaps_implicit_rejection j_z_c=578e4ba1 match=0 compare_bytes=768 z_source=runtime_keygen_internal z_export=0 no_validity_error_oracle=1 fips203_alg18_j=1 qualification_only=1 no_validation_claim
STATEPROF decaps=6 dec_state=1 all=512 other=2
STATEPROF decaps=6 dec_state=4 all=512 other=1
STATEPROF decaps=6 dec_state=5 all=2 other=0
STATEPROF decaps=6 dec_state=6 all=1136 other=0
STATEPROF decaps=6 dec_state=7 all=2 other=0
STATEPROF decaps=6 dec_state=9 all=2 other=0
STATEPROF decaps=6 dec_state=10 all=2 other=0
STATEPROF decaps=6 dec_state=12 all=2 other=0
STATEPROF decaps=6 dec_state=13 all=256 other=0
STATEPROF decaps=6 dec_state=14 all=256 other=0
STATEPROF decaps=6 dec_state=18 all=256 other=0
STATEPROF decaps=6 dec_state=19 all=128 other=0
STATEPROF decaps=6 dec_state=20 all=128 other=0
STATEPROF decaps=6 dec_state=21 all=1 other=0
STATEPROF decaps=6 dec_state=22 all=569 other=0
STATEPROF decaps=6 dec_state=23 all=256 other=0
STATEPROF decaps=6 dec_state=25 all=256 other=0
STATEPROF decaps=6 dec_state=38 all=1 other=1
STATEPROF decaps=6 dec_state=39 all=64 other=0
STATEPROF decaps=6 dec_state=40 all=94 other=1
STATEPROF decaps=6 dec_state=41 all=1 other=1
STATEPROF decaps=6 dec_state=42 all=11080 other=7110
STATEPROF decaps=6 dec_state=51 all=1 other=1
STATEPROF decaps=6 dec_state=52 all=1040 other=2
STATEPROF decaps=6 enc_state_bit=0 all=2 other=2
STATEPROF decaps=6 enc_state_bit=1 all=1 other=1
STATEPROF decaps=6 enc_state_bit=2 all=3 other=3
STATEPROF decaps=6 enc_state_bit=3 all=768 other=768
STATEPROF decaps=6 enc_state_bit=4 all=768 other=768
STATEPROF decaps=6 enc_state_bit=8 all=768 other=768
STATEPROF decaps=6 enc_state_bit=9 all=3 other=3
STATEPROF decaps=6 enc_state_bit=10 all=3 other=3
STATEPROF decaps=6 enc_state_bit=11 all=3 other=3
STATEPROF decaps=6 enc_state_bit=12 all=1707 other=3
STATEPROF decaps=6 enc_state_bit=13 all=129 other=129
STATEPROF decaps=6 enc_state_bit=15 all=768 other=768
STATEPROF decaps=6 enc_state_bit=16 all=1 other=1
STATEPROF decaps=6 enc_state_bit=17 all=2818 other=2818
STATEPROF decaps=6 enc_state_bit=18 all=3 other=3
STATEPROF decaps=6 enc_state_bit=19 all=1 other=1
STATEPROF decaps=6 enc_state_bit=20 all=1160 other=28
STATEPROF decaps=6 enc_state_bit=21 all=2 other=2
STATEPROF decaps=6 enc_state_bit=23 all=256 other=256
STATEPROF decaps=6 enc_state_bit=24 all=256 other=256
STATEPROF decaps=6 enc_state_bit=25 all=2 other=2
STATEPROF decaps=6 enc_state_bit=26 all=1136 other=2
STATEPROF decaps=6 enc_state_bit=27 all=2 other=2
STATEPROF decaps=6 enc_state_bit=29 all=512 other=512
STATEPROF decaps=6 enc_state_bit=30 all=2 other=2
STATEPROF decaps=6 enc_state_bit=31 all=6 other=6
PROFILE decaps=6 cycles=16557 ntt_busy=4540 sponge_busy=6598 perm_busy=624 ntt_and_sponge=1700 ntt_starts=8 ntt_inverse_starts=4 perm_starts=26
TB_TRUSTEDGE_SPI_RESULT: ALL PASS (baseline + D1/D2 internal restore + HSM-4E auth + HSM-4F legacy lock)
sim/tb/tb_trustedge_spi.sv:2615: $finish called at 52348655000 (1ps)
NTT_PACKED_CHECK writes=15616 starts=63 violations=0
