  INFO fips_ntt_digest=fc3b59fc kyber_cycles=6789 polyvec_digest=a8981500 mlkem_cycles=29211
  PASS A25 KeyGen cycle oracle cycles=47523 permutations=36 extra_permutation_cycles=144
  PASS runtime_keygen_spi vectors=2 malformed_len_reject=1 stale_epoch_invalidated=1 public_outputs=g+ekpke_fingerprints dkpke+z=internal_not_exported
PROFILE decaps=1 cycles=1 ntt_busy=0 sponge_busy=0 perm_busy=0 ntt_and_sponge=0 ntt_starts=0 ntt_inverse_starts=0 perm_starts=0
TB_SPI_HSM4F_UNAUTH_STAGING_COMMIT_RESULT: PASS
TB_SPI_HSM4G_SAME_KEY_RESULT: PASS token=56711b0c5de704ef3f2a857c0c088211
  PASS runtime_encrypt_no_key_reject status=0 digest=0/0 cycles=2
  PASS A25 Encrypt cycle oracle cycles=60417 permutations=7 extra_permutation_cycles=144
  PASS runtime_encrypt_bound_keygen_spi transpose=A^T v0=497bf105/a29eedfa v1=838e41a7/340c0118 cycles=60417 codec_decode_roundtrip=1
PROFILE decaps=2 cycles=67532 ntt_busy=35205 sponge_busy=10493 perm_busy=3360 ntt_and_sponge=0 ntt_starts=5 ntt_inverse_starts=3 perm_starts=20
  PASS runtime_mlkem_encaps_fips_flow_spi input_m=32 h_ek=2e782439 g=55853ebd h_c=bc3dc488 k=27033e5e ciphertext_bytes=768 key_source=internal_ekpke raw_export=0 cycles=65535 fips203_alg17_k_direct=1 qualification_only=1 no_validation_claim
  PASS A25 Encaps cycle oracle cycles=65535 permutations=20 extra_permutation_cycles=144
  PASS runtime_encrypt_spi payload=64 malformed_len_reject=1 message+coins+internal_ekpke_bound=1
PROFILE decaps=3 cycles=1 ntt_busy=0 sponge_busy=0 perm_busy=0 ntt_and_sponge=0 ntt_starts=0 ntt_inverse_starts=0 perm_starts=0
  MLKEM_STAGE cmd=18 RX: a5 19 00 0c 00 00 00 00 00 00 00 00 00 00 00 01 97 26 00 00 00 00 00 00
  PASS runtime_decaps_missing_z_reject fail_closed=1 raw_z_export=0
SRAM_ACCESS u_c3_pk_pair_sram writes=0 useful=1024
SRAM_ACCESS u_mlkem512_decaps_partial.u_ciphertext_ref_sram writes=768 useful=3070
SRAM_ACCESS u_mlkem512_decaps_partial.u_product_pair_sram writes=128 useful=383
SRAM_ACCESS u_mlkem512_encaps_partial.u_codec.u_ciphertext_sram writes=768 useful=4349
SRAM_ACCESS u_mlkem512_encaps_partial.u_codec.u_coeff_sram writes=768 useful=3326
SRAM_ACCESS u_mlkem512_encaps_partial.u_codec.u_decoded_coeff_sram writes=768 useful=2302
SRAM_ACCESS u_mlkem512_encaps_partial.u_noise_even_sram writes=896 useful=3200
SRAM_ACCESS u_mlkem512_encaps_partial.u_noise_odd_sram writes=896 useful=3200
SRAM_ACCESS u_mlkem512_kpke_partial.u_matrix_mac.u_dkpke_pair_sram writes=0 useful=255
SRAM_ACCESS u_mlkem512_kpke_partial.u_matrix_mac.u_ekpke_pair_sram writes=0 useful=1024
SRAM_ACCESS u_mlkem512_kpke_partial.u_matrix_mac.u_error_even_sram writes=0 useful=0
SRAM_ACCESS u_mlkem512_kpke_partial.u_matrix_mac.u_error_odd_sram writes=0 useful=0
SRAM_ACCESS u_mlkem512_kpke_partial.u_matrix_mac.u_matrix_even_sram writes=0 useful=770
SRAM_ACCESS u_mlkem512_kpke_partial.u_matrix_mac.u_matrix_odd_sram writes=0 useful=770
SRAM_ACCESS u_mlkem512_kpke_partial.u_matrix_mac.u_noise_byte_sram writes=2176 useful=2187
SRAM_ACCESS u_mlkem512_kpke_partial.u_matrix_mac.u_secret_even_sram writes=0 useful=0
SRAM_ACCESS u_mlkem512_kpke_partial.u_matrix_mac.u_secret_odd_sram writes=0 useful=0
SRAM_ACCESS u_shared_ntt.u_coeff_ram writes=17408 useful=44348
SRAM_WINDOW cycles=99536
PROFILE decaps=4 cycles=99537 ntt_busy=55304 sponge_busy=13943 perm_busy=4368 ntt_and_sponge=0 ntt_starts=8 ntt_inverse_starts=4 perm_starts=26
  PASS runtime_mlkem_decaps_fips_flow_spi message_digest=45abb036 h_ek=2e782439 h_c=bc3dc488 g=55853ebd k=27033e5e j_computed=1 compare_bytes=768 match=1 cycles_ge_65535 raw_export=0 fips203_alg18_select=1 qualification_only=1 no_validation_claim
PROFILE decaps=5 cycles=99537 ntt_busy=55304 sponge_busy=13943 perm_busy=4368 ntt_and_sponge=0 ntt_starts=8 ntt_inverse_starts=4 perm_starts=26
  PASS U1 Decaps busy latency valid/implicit-rejection=99537 cycles permutations=26
  PASS runtime_mlkem_decaps_implicit_rejection j_z_c=578e4ba1 match=0 compare_bytes=768 z_source=runtime_keygen_internal z_export=0 no_validity_error_oracle=1 fips203_alg18_j=1 qualification_only=1 no_validation_claim
PROFILE decaps=6 cycles=99537 ntt_busy=55304 sponge_busy=13943 perm_busy=4368 ntt_and_sponge=0 ntt_starts=8 ntt_inverse_starts=4 perm_starts=26
TB_TRUSTEDGE_SPI_RESULT: ALL PASS (baseline + D1/D2 internal restore + HSM-4E auth + HSM-4F legacy lock)
sim/tb/tb_trustedge_spi.sv:2306: $finish called at 52348655000 (1ps)
