
==========================================================================
detailed place report_tns
--------------------------------------------------------------------------
tns max 0.00

==========================================================================
detailed place report_wns
--------------------------------------------------------------------------
wns max 0.00

==========================================================================
detailed place report_worst_slack
--------------------------------------------------------------------------
worst slack max 0.90

==========================================================================
detailed place report_clock_min_period
--------------------------------------------------------------------------
clk period_min = 6.10 fmax = 163.86

==========================================================================
detailed place report_checks -path_delay min
--------------------------------------------------------------------------
Startpoint: load_q[266]$_DFFE_PN0P_
            (rising edge-triggered flip-flop clocked by clk)
Endpoint: load_q[266]$_DFFE_PN0P_
          (rising edge-triggered flip-flop clocked by clk)
Path Group: clk
Path Type: min

Fanout     Cap    Slew   Delay    Time   Description
-----------------------------------------------------------------------------
                  0.00    0.00    0.00   clock clk (rise edge)
                          0.00    0.00   clock network delay (ideal)
                  0.00    0.00    0.00 ^ load_q[266]$_DFFE_PN0P_/CLK (sky130_fd_sc_hd__dfrtp_1)
     2    0.01    0.07    0.32    0.32 ^ load_q[266]$_DFFE_PN0P_/Q (sky130_fd_sc_hd__dfrtp_1)
                                         load_q[266] (net)
                  0.07    0.00    0.32 ^ _18339_/A (sky130_fd_sc_hd__nand2_1)
     1    0.00    0.03    0.05    0.37 v _18339_/Y (sky130_fd_sc_hd__nand2_1)
                                         _03359_ (net)
                  0.03    0.00    0.37 v _18340_/B1 (sky130_fd_sc_hd__o21ai_0)
     1    0.00    0.06    0.06    0.43 ^ _18340_/Y (sky130_fd_sc_hd__o21ai_0)
                                         _01343_ (net)
                  0.06    0.00    0.43 ^ load_q[266]$_DFFE_PN0P_/D (sky130_fd_sc_hd__dfrtp_1)
                                  0.43   data arrival time

                  0.00    0.00    0.00   clock clk (rise edge)
                          0.00    0.00   clock network delay (ideal)
                          0.25    0.25   clock uncertainty
                          0.00    0.25   clock reconvergence pessimism
                                  0.25 ^ load_q[266]$_DFFE_PN0P_/CLK (sky130_fd_sc_hd__dfrtp_1)
                         -0.04    0.21   library hold time
                                  0.21   data required time
-----------------------------------------------------------------------------
                                  0.21   data required time
                                 -0.43   data arrival time
-----------------------------------------------------------------------------
                                  0.22   slack (MET)



==========================================================================
detailed place report_checks -path_delay max
--------------------------------------------------------------------------
Startpoint: lane_idx[3] (input port clocked by clk)
Endpoint: lane_rdata[18] (output port clocked by clk)
Path Group: clk
Path Type: max

Fanout     Cap    Slew   Delay    Time   Description
-----------------------------------------------------------------------------
                  0.00    0.00    0.00   clock clk (rise edge)
                          0.00    0.00   clock network delay (ideal)
                          1.40    1.40 ^ input external delay
     1    0.01    0.00    0.00    1.40 ^ lane_idx[3] (in)
                                         lane_idx[3] (net)
                  0.00    0.00    1.40 ^ input4/A (sky130_fd_sc_hd__clkdlybuf4s50_1)
    10    0.06    0.62    0.86    2.26 ^ input4/X (sky130_fd_sc_hd__clkdlybuf4s50_1)
                                         net4 (net)
                  0.62    0.01    2.27 ^ _28434_/B (sky130_fd_sc_hd__and3_4)
    13    0.23    0.67    0.75    3.02 ^ _28434_/X (sky130_fd_sc_hd__and3_4)
                                         _11584_ (net)
                  0.67    0.04    3.06 ^ place1296/A (sky130_fd_sc_hd__buf_4)
     6    0.08    0.22    0.36    3.42 ^ place1296/X (sky130_fd_sc_hd__buf_4)
                                         net1296 (net)
                  0.22    0.01    3.43 ^ _29081_/A2 (sky130_fd_sc_hd__a211o_1)
     1    0.03    0.28    0.33    3.77 ^ _29081_/X (sky130_fd_sc_hd__a211o_1)
                                         net85 (net)
                  0.28    0.00    3.77 ^ output85/A (sky130_fd_sc_hd__clkdlybuf4s50_1)
     1    0.02    0.23    0.68    4.45 ^ output85/X (sky130_fd_sc_hd__clkdlybuf4s50_1)
                                         lane_rdata[18] (net)
                  0.23    0.00    4.45 ^ lane_rdata[18] (out)
                                  4.45   data arrival time

                  0.00    7.00    7.00   clock clk (rise edge)
                          0.00    7.00   clock network delay (ideal)
                         -0.25    6.75   clock uncertainty
                          0.00    6.75   clock reconvergence pessimism
                         -1.40    5.35   output external delay
                                  5.35   data required time
-----------------------------------------------------------------------------
                                  5.35   data required time
                                 -4.45   data arrival time
-----------------------------------------------------------------------------
                                  0.90   slack (MET)



==========================================================================
detailed place report_checks -unconstrained
--------------------------------------------------------------------------
Startpoint: lane_idx[3] (input port clocked by clk)
Endpoint: lane_rdata[18] (output port clocked by clk)
Path Group: clk
Path Type: max

Fanout     Cap    Slew   Delay    Time   Description
-----------------------------------------------------------------------------
                  0.00    0.00    0.00   clock clk (rise edge)
                          0.00    0.00   clock network delay (ideal)
                          1.40    1.40 ^ input external delay
     1    0.01    0.00    0.00    1.40 ^ lane_idx[3] (in)
                                         lane_idx[3] (net)
                  0.00    0.00    1.40 ^ input4/A (sky130_fd_sc_hd__clkdlybuf4s50_1)
    10    0.06    0.62    0.86    2.26 ^ input4/X (sky130_fd_sc_hd__clkdlybuf4s50_1)
                                         net4 (net)
                  0.62    0.01    2.27 ^ _28434_/B (sky130_fd_sc_hd__and3_4)
    13    0.23    0.67    0.75    3.02 ^ _28434_/X (sky130_fd_sc_hd__and3_4)
                                         _11584_ (net)
                  0.67    0.04    3.06 ^ place1296/A (sky130_fd_sc_hd__buf_4)
     6    0.08    0.22    0.36    3.42 ^ place1296/X (sky130_fd_sc_hd__buf_4)
                                         net1296 (net)
                  0.22    0.01    3.43 ^ _29081_/A2 (sky130_fd_sc_hd__a211o_1)
     1    0.03    0.28    0.33    3.77 ^ _29081_/X (sky130_fd_sc_hd__a211o_1)
                                         net85 (net)
                  0.28    0.00    3.77 ^ output85/A (sky130_fd_sc_hd__clkdlybuf4s50_1)
     1    0.02    0.23    0.68    4.45 ^ output85/X (sky130_fd_sc_hd__clkdlybuf4s50_1)
                                         lane_rdata[18] (net)
                  0.23    0.00    4.45 ^ lane_rdata[18] (out)
                                  4.45   data arrival time

                  0.00    7.00    7.00   clock clk (rise edge)
                          0.00    7.00   clock network delay (ideal)
                         -0.25    6.75   clock uncertainty
                          0.00    6.75   clock reconvergence pessimism
                         -1.40    5.35   output external delay
                                  5.35   data required time
-----------------------------------------------------------------------------
                                  5.35   data required time
                                 -4.45   data arrival time
-----------------------------------------------------------------------------
                                  0.90   slack (MET)



==========================================================================
detailed place report_check_types -max_slew -max_cap -max_fanout -violators
--------------------------------------------------------------------------

==========================================================================
detailed place max_slew_check_slack
--------------------------------------------------------------------------
0.08124811947345734

==========================================================================
detailed place max_slew_check_limit
--------------------------------------------------------------------------
1.5

==========================================================================
detailed place max_slew_check_slack_limit
--------------------------------------------------------------------------
0.0542

==========================================================================
detailed place max_fanout_check_slack
--------------------------------------------------------------------------
1.0000000150474662e+30

==========================================================================
detailed place max_fanout_check_limit
--------------------------------------------------------------------------
1.0000000150474662e+30

==========================================================================
detailed place max_capacitance_check_slack
--------------------------------------------------------------------------
0.011122789233922958

==========================================================================
detailed place max_capacitance_check_limit
--------------------------------------------------------------------------
0.2215680032968521

==========================================================================
detailed place max_capacitance_check_slack_limit
--------------------------------------------------------------------------
0.0502

==========================================================================
detailed place max_slew_violation_count
--------------------------------------------------------------------------
max slew violation count 0

==========================================================================
detailed place max_fanout_violation_count
--------------------------------------------------------------------------
max fanout violation count 0

==========================================================================
detailed place max_cap_violation_count
--------------------------------------------------------------------------
max cap violation count 0

==========================================================================
detailed place setup_violation_count
--------------------------------------------------------------------------
setup violation count 0

==========================================================================
detailed place hold_violation_count
--------------------------------------------------------------------------
hold violation count 0

==========================================================================
detailed place report_checks -path_delay max reg to reg
--------------------------------------------------------------------------
Startpoint: u_core.state_out[161]$_DFFE_PN0P_
            (rising edge-triggered flip-flop clocked by clk)
Endpoint: u_core.state_out[698]$_DFFE_PN0P_
          (rising edge-triggered flip-flop clocked by clk)
Path Group: clk
Path Type: max

  Delay    Time   Description
---------------------------------------------------------
   0.00    0.00   clock clk (rise edge)
   0.00    0.00   clock network delay (ideal)
   0.00    0.00 ^ u_core.state_out[161]$_DFFE_PN0P_/CLK (sky130_fd_sc_hd__dfrtp_1)
   0.54    0.54 ^ u_core.state_out[161]$_DFFE_PN0P_/Q (sky130_fd_sc_hd__dfrtp_1)
   0.55    1.09 v _19494_/X (sky130_fd_sc_hd__xnor3_1)
   0.53    1.62 ^ _19495_/Y (sky130_fd_sc_hd__xnor2_4)
   0.74    2.36 v _24077_/X (sky130_fd_sc_hd__xnor3_1)
   0.29    2.65 v _24689_/Y (sky130_fd_sc_hd__nor2b_1)
   0.45    3.10 ^ _24690_/Y (sky130_fd_sc_hd__xnor2_1)
   0.26    3.36 v _24696_/Y (sky130_fd_sc_hd__o21ai_1)
   0.00    3.36 v u_core.state_out[698]$_DFFE_PN0P_/D (sky130_fd_sc_hd__dfrtp_1)
           3.36   data arrival time

   7.00    7.00   clock clk (rise edge)
   0.00    7.00   clock network delay (ideal)
  -0.25    6.75   clock uncertainty
   0.00    6.75   clock reconvergence pessimism
           6.75 ^ u_core.state_out[698]$_DFFE_PN0P_/CLK (sky130_fd_sc_hd__dfrtp_1)
  -0.19    6.56   library setup time
           6.56   data required time
---------------------------------------------------------
           6.56   data required time
          -3.36   data arrival time
---------------------------------------------------------
           3.20   slack (MET)



==========================================================================
detailed place report_checks -path_delay min reg to reg
--------------------------------------------------------------------------
Startpoint: load_q[266]$_DFFE_PN0P_
            (rising edge-triggered flip-flop clocked by clk)
Endpoint: load_q[266]$_DFFE_PN0P_
          (rising edge-triggered flip-flop clocked by clk)
Path Group: clk
Path Type: min

  Delay    Time   Description
---------------------------------------------------------
   0.00    0.00   clock clk (rise edge)
   0.00    0.00   clock network delay (ideal)
   0.00    0.00 ^ load_q[266]$_DFFE_PN0P_/CLK (sky130_fd_sc_hd__dfrtp_1)
   0.32    0.32 ^ load_q[266]$_DFFE_PN0P_/Q (sky130_fd_sc_hd__dfrtp_1)
   0.05    0.37 v _18339_/Y (sky130_fd_sc_hd__nand2_1)
   0.06    0.43 ^ _18340_/Y (sky130_fd_sc_hd__o21ai_0)
   0.00    0.43 ^ load_q[266]$_DFFE_PN0P_/D (sky130_fd_sc_hd__dfrtp_1)
           0.43   data arrival time

   0.00    0.00   clock clk (rise edge)
   0.00    0.00   clock network delay (ideal)
   0.25    0.25   clock uncertainty
   0.00    0.25   clock reconvergence pessimism
           0.25 ^ load_q[266]$_DFFE_PN0P_/CLK (sky130_fd_sc_hd__dfrtp_1)
  -0.04    0.21   library hold time
           0.21   data required time
---------------------------------------------------------
           0.21   data required time
          -0.43   data arrival time
---------------------------------------------------------
           0.22   slack (MET)



==========================================================================
detailed place critical path target clock latency max path
--------------------------------------------------------------------------
0.0000

==========================================================================
detailed place critical path target clock latency min path
--------------------------------------------------------------------------
0.0000

==========================================================================
detailed place critical path source clock latency min path
--------------------------------------------------------------------------
0.0000

==========================================================================
detailed place critical path delay
--------------------------------------------------------------------------
4.4529

==========================================================================
detailed place critical path slack
--------------------------------------------------------------------------
0.8971

==========================================================================
detailed place slack div critical path delay
--------------------------------------------------------------------------
20.146421

==========================================================================
detailed place report_power
--------------------------------------------------------------------------
Group                  Internal  Switching    Leakage      Total
                          Power      Power      Power      Power (Watts)
----------------------------------------------------------------
Sequential             2.42e-02   8.89e-03   4.43e-08   3.31e-02   6.0%
Combinational          1.59e-01   3.64e-01   6.00e-08   5.22e-01  94.0%
Clock                  0.00e+00   0.00e+00   0.00e+00   0.00e+00   0.0%
Macro                  0.00e+00   0.00e+00   0.00e+00   0.00e+00   0.0%
Pad                    0.00e+00   0.00e+00   0.00e+00   0.00e+00   0.0%
----------------------------------------------------------------
Total                  1.83e-01   3.73e-01   1.04e-07   5.55e-01 100.0%
                          32.9%      67.1%       0.0%
