
==========================================================================
finish report_tns
--------------------------------------------------------------------------
tns max 0.00

==========================================================================
finish report_wns
--------------------------------------------------------------------------
wns max 0.00

==========================================================================
finish report_worst_slack
--------------------------------------------------------------------------
worst slack max 0.59

==========================================================================
finish report_clock_min_period
--------------------------------------------------------------------------
clk period_min = 6.41 fmax = 155.91

==========================================================================
finish report_clock_skew
--------------------------------------------------------------------------
Clock clk
   1.13 source latency u_core.state_out[383]$_DFFE_PN0P_/CLK ^
  -1.04 target latency u_core.state_out[142]$_DFFE_PN0P_/CLK ^
   0.25 clock uncertainty
   0.00 CRPR
--------------
   0.33 setup skew


==========================================================================
finish report_checks -path_delay min
--------------------------------------------------------------------------
Startpoint: load_q[1481]$_DFFE_PN0P_
            (rising edge-triggered flip-flop clocked by clk)
Endpoint: u_core.state_out[1481]$_DFFE_PN0P_
          (rising edge-triggered flip-flop clocked by clk)
Path Group: clk
Path Type: min

Fanout     Cap    Slew   Delay    Time   Description
-----------------------------------------------------------------------------
                          0.00    0.00   clock clk (rise edge)
                          0.00    0.00   clock source latency
     2    0.13    0.00    0.00    0.00 ^ clk (in)
                                         clk (net)
                  0.01    0.01    0.01 ^ clkbuf_0_clk/A (sky130_fd_sc_hd__clkbuf_16)
     4    0.19    0.20    0.23    0.24 ^ clkbuf_0_clk/X (sky130_fd_sc_hd__clkbuf_16)
                                         clknet_0_clk (net)
                  0.20    0.01    0.25 ^ clkbuf_2_0_0_clk/A (sky130_fd_sc_hd__clkbuf_16)
     8    0.23    0.24    0.32    0.57 ^ clkbuf_2_0_0_clk/X (sky130_fd_sc_hd__clkbuf_16)
                                         clknet_2_0_0_clk (net)
                  0.24    0.01    0.57 ^ clkbuf_5_3__f_clk/A (sky130_fd_sc_hd__clkbuf_16)
     9    0.18    0.19    0.30    0.88 ^ clkbuf_5_3__f_clk/X (sky130_fd_sc_hd__clkbuf_16)
                                         clknet_5_3__leaf_clk (net)
                  0.19    0.00    0.88 ^ clkbuf_leaf_13_clk/A (sky130_fd_sc_hd__clkbuf_16)
     8    0.03    0.06    0.19    1.07 ^ clkbuf_leaf_13_clk/X (sky130_fd_sc_hd__clkbuf_16)
                                         clknet_leaf_13_clk (net)
                  0.06    0.00    1.07 ^ load_q[1481]$_DFFE_PN0P_/CLK (sky130_fd_sc_hd__dfrtp_1)
     2    0.01    0.07    0.34    1.41 ^ load_q[1481]$_DFFE_PN0P_/Q (sky130_fd_sc_hd__dfrtp_1)
                                         load_q[1481] (net)
                  0.07    0.00    1.41 ^ _20588_/B2 (sky130_fd_sc_hd__a22oi_1)
     1    0.00    0.05    0.07    1.48 v _20588_/Y (sky130_fd_sc_hd__a22oi_1)
                                         _05224_ (net)
                  0.05    0.00    1.48 v _20589_/B1 (sky130_fd_sc_hd__o21ai_1)
     1    0.00    0.07    0.07    1.54 ^ _20589_/Y (sky130_fd_sc_hd__o21ai_1)
                                         _01727_ (net)
                  0.07    0.00    1.54 ^ u_core.state_out[1481]$_DFFE_PN0P_/D (sky130_fd_sc_hd__dfrtp_1)
                                  1.54   data arrival time

                          0.00    0.00   clock clk (rise edge)
                          0.00    0.00   clock source latency
     2    0.13    0.00    0.00    0.00 ^ clk (in)
                                         clk (net)
                  0.01    0.01    0.01 ^ clkbuf_0_clk/A (sky130_fd_sc_hd__clkbuf_16)
     4    0.19    0.20    0.23    0.24 ^ clkbuf_0_clk/X (sky130_fd_sc_hd__clkbuf_16)
                                         clknet_0_clk (net)
                  0.20    0.01    0.25 ^ clkbuf_2_0_0_clk/A (sky130_fd_sc_hd__clkbuf_16)
     8    0.23    0.24    0.32    0.57 ^ clkbuf_2_0_0_clk/X (sky130_fd_sc_hd__clkbuf_16)
                                         clknet_2_0_0_clk (net)
                  0.24    0.01    0.58 ^ clkbuf_5_1__f_clk/A (sky130_fd_sc_hd__clkbuf_16)
    13    0.22    0.23    0.33    0.91 ^ clkbuf_5_1__f_clk/X (sky130_fd_sc_hd__clkbuf_16)
                                         clknet_5_1__leaf_clk (net)
                  0.23    0.01    0.91 ^ clkbuf_leaf_12_clk/A (sky130_fd_sc_hd__clkbuf_16)
     9    0.04    0.06    0.20    1.12 ^ clkbuf_leaf_12_clk/X (sky130_fd_sc_hd__clkbuf_16)
                                         clknet_leaf_12_clk (net)
                  0.06    0.00    1.12 ^ u_core.state_out[1481]$_DFFE_PN0P_/CLK (sky130_fd_sc_hd__dfrtp_1)
                          0.25    1.37   clock uncertainty
                          0.00    1.37   clock reconvergence pessimism
                         -0.04    1.33   library hold time
                                  1.33   data required time
-----------------------------------------------------------------------------
                                  1.33   data required time
                                 -1.54   data arrival time
-----------------------------------------------------------------------------
                                  0.21   slack (MET)



==========================================================================
finish report_checks -path_delay max
--------------------------------------------------------------------------
Startpoint: lane_idx[3] (input port clocked by clk)
Endpoint: lane_rdata[15] (output port clocked by clk)
Path Group: clk
Path Type: max

Fanout     Cap    Slew   Delay    Time   Description
-----------------------------------------------------------------------------
                          0.00    0.00   clock clk (rise edge)
                          0.00    0.00   clock network delay (propagated)
                          1.40    1.40 ^ input external delay
     1    0.01    0.00    0.00    1.40 ^ lane_idx[3] (in)
                                         lane_idx[3] (net)
                  0.00    0.00    1.40 ^ input4/A (sky130_fd_sc_hd__clkdlybuf4s50_1)
    10    0.07    0.67    0.90    2.30 ^ input4/X (sky130_fd_sc_hd__clkdlybuf4s50_1)
                                         net4 (net)
                  0.67    0.01    2.31 ^ _28434_/B (sky130_fd_sc_hd__and3_4)
    13    0.29    0.83    0.81    3.11 ^ _28434_/X (sky130_fd_sc_hd__and3_4)
                                         _11584_ (net)
                  0.87    0.15    3.26 ^ place1296/A (sky130_fd_sc_hd__buf_4)
     6    0.09    0.25    0.40    3.66 ^ place1296/X (sky130_fd_sc_hd__buf_4)
                                         net1296 (net)
                  0.25    0.01    3.67 ^ _29124_/A2 (sky130_fd_sc_hd__a211o_1)
     1    0.04    0.37    0.40    4.07 ^ _29124_/X (sky130_fd_sc_hd__a211o_1)
                                         net82 (net)
                  0.37    0.00    4.07 ^ output82/A (sky130_fd_sc_hd__clkdlybuf4s50_1)
     1    0.02    0.22    0.69    4.76 ^ output82/X (sky130_fd_sc_hd__clkdlybuf4s50_1)
                                         lane_rdata[15] (net)
                  0.22    0.00    4.76 ^ lane_rdata[15] (out)
                                  4.76   data arrival time

                          7.00    7.00   clock clk (rise edge)
                          0.00    7.00   clock network delay (propagated)
                         -0.25    6.75   clock uncertainty
                          0.00    6.75   clock reconvergence pessimism
                         -1.40    5.35   output external delay
                                  5.35   data required time
-----------------------------------------------------------------------------
                                  5.35   data required time
                                 -4.76   data arrival time
-----------------------------------------------------------------------------
                                  0.59   slack (MET)



==========================================================================
finish report_checks -unconstrained
--------------------------------------------------------------------------
Startpoint: lane_idx[3] (input port clocked by clk)
Endpoint: lane_rdata[15] (output port clocked by clk)
Path Group: clk
Path Type: max

Fanout     Cap    Slew   Delay    Time   Description
-----------------------------------------------------------------------------
                          0.00    0.00   clock clk (rise edge)
                          0.00    0.00   clock network delay (propagated)
                          1.40    1.40 ^ input external delay
     1    0.01    0.00    0.00    1.40 ^ lane_idx[3] (in)
                                         lane_idx[3] (net)
                  0.00    0.00    1.40 ^ input4/A (sky130_fd_sc_hd__clkdlybuf4s50_1)
    10    0.07    0.67    0.90    2.30 ^ input4/X (sky130_fd_sc_hd__clkdlybuf4s50_1)
                                         net4 (net)
                  0.67    0.01    2.31 ^ _28434_/B (sky130_fd_sc_hd__and3_4)
    13    0.29    0.83    0.81    3.11 ^ _28434_/X (sky130_fd_sc_hd__and3_4)
                                         _11584_ (net)
                  0.87    0.15    3.26 ^ place1296/A (sky130_fd_sc_hd__buf_4)
     6    0.09    0.25    0.40    3.66 ^ place1296/X (sky130_fd_sc_hd__buf_4)
                                         net1296 (net)
                  0.25    0.01    3.67 ^ _29124_/A2 (sky130_fd_sc_hd__a211o_1)
     1    0.04    0.37    0.40    4.07 ^ _29124_/X (sky130_fd_sc_hd__a211o_1)
                                         net82 (net)
                  0.37    0.00    4.07 ^ output82/A (sky130_fd_sc_hd__clkdlybuf4s50_1)
     1    0.02    0.22    0.69    4.76 ^ output82/X (sky130_fd_sc_hd__clkdlybuf4s50_1)
                                         lane_rdata[15] (net)
                  0.22    0.00    4.76 ^ lane_rdata[15] (out)
                                  4.76   data arrival time

                          7.00    7.00   clock clk (rise edge)
                          0.00    7.00   clock network delay (propagated)
                         -0.25    6.75   clock uncertainty
                          0.00    6.75   clock reconvergence pessimism
                         -1.40    5.35   output external delay
                                  5.35   data required time
-----------------------------------------------------------------------------
                                  5.35   data required time
                                 -4.76   data arrival time
-----------------------------------------------------------------------------
                                  0.59   slack (MET)



==========================================================================
finish report_check_types -max_slew -max_cap -max_fanout -violators
--------------------------------------------------------------------------
max slew

Pin                                    Limit    Slew   Slack
------------------------------------------------------------
_20459_/A                               1.50    1.76   -0.26 (VIOLATED)
_21112_/A_N                             1.50    1.76   -0.26 (VIOLATED)
_20798_/B                               1.50    1.76   -0.26 (VIOLATED)
_20457_/X                               1.50    1.76   -0.25 (VIOLATED)
_24469_/B_N                             1.50    1.65   -0.15 (VIOLATED)
_24748_/B                               1.50    1.65   -0.15 (VIOLATED)
_24147_/A                               1.50    1.65   -0.15 (VIOLATED)
_24145_/X                               1.50    1.65   -0.15 (VIOLATED)
_26333_/A                               1.50    1.60   -0.10 (VIOLATED)
_26607_/A                               1.50    1.60   -0.10 (VIOLATED)
_25346_/A                               1.50    1.60   -0.10 (VIOLATED)
_25344_/X                               1.50    1.60   -0.10 (VIOLATED)
place864/A                              1.50    1.60   -0.10 (VIOLATED)
_17799_/Y                               1.50    1.59   -0.10 (VIOLATED)
_17819_/B                               1.50    1.59   -0.09 (VIOLATED)
place867/A                              1.50    1.59   -0.09 (VIOLATED)
place861/A                              1.50    1.59   -0.09 (VIOLATED)
_15292_/Y                               1.50    1.57   -0.07 (VIOLATED)
place1249/A                             1.50    1.57   -0.07 (VIOLATED)
_15320_/B                               1.50    1.57   -0.07 (VIOLATED)
_15295_/B                               1.50    1.57   -0.07 (VIOLATED)
place1248/A                             1.50    1.57   -0.07 (VIOLATED)
ANTENNA_253/DIODE                       1.50    1.57   -0.07 (VIOLATED)
_25101_/A                               1.50    1.55   -0.05 (VIOLATED)
_26465_/B_N                             1.50    1.55   -0.05 (VIOLATED)
_26189_/A                               1.50    1.55   -0.05 (VIOLATED)
_25099_/X                               1.50    1.55   -0.05 (VIOLATED)
_24314_/A                               1.50    1.54   -0.04 (VIOLATED)
ANTENNA_295/DIODE                       1.50    1.54   -0.04 (VIOLATED)
_24602_/B                               1.50    1.54   -0.04 (VIOLATED)
ANTENNA_296/DIODE                       1.50    1.54   -0.04 (VIOLATED)
_24881_/A_N                             1.50    1.54   -0.04 (VIOLATED)
ANTENNA_297/DIODE                       1.50    1.54   -0.04 (VIOLATED)
_25454_/A                               1.50    1.54   -0.04 (VIOLATED)
ANTENNA_200/DIODE                       1.50    1.54   -0.04 (VIOLATED)
ANTENNA_199/DIODE                       1.50    1.54   -0.04 (VIOLATED)
_25794_/A_N                             1.50    1.54   -0.04 (VIOLATED)
_26126_/A                               1.50    1.54   -0.04 (VIOLATED)
ANTENNA_201/DIODE                       1.50    1.54   -0.04 (VIOLATED)
_23997_/A                               1.50    1.54   -0.04 (VIOLATED)
_23640_/A                               1.50    1.54   -0.04 (VIOLATED)
_24341_/A                               1.50    1.54   -0.04 (VIOLATED)
_25452_/X                               1.50    1.54   -0.03 (VIOLATED)
_23636_/X                               1.50    1.54   -0.03 (VIOLATED)
_27771_/A                               1.50    1.53   -0.03 (VIOLATED)
_27080_/A                               1.50    1.53   -0.03 (VIOLATED)
_27433_/A                               1.50    1.53   -0.03 (VIOLATED)
_24312_/X                               1.50    1.53   -0.03 (VIOLATED)
_27076_/X                               1.50    1.53   -0.03 (VIOLATED)
_20757_/A                               1.50    1.52   -0.02 (VIOLATED)
_21077_/B                               1.50    1.52   -0.02 (VIOLATED)
_21351_/B_N                             1.50    1.52   -0.02 (VIOLATED)
_22316_/A                               1.50    1.52   -0.02 (VIOLATED)
_22936_/A_N                             1.50    1.52   -0.02 (VIOLATED)
_22656_/B                               1.50    1.52   -0.02 (VIOLATED)
_22309_/A                               1.50    1.52   -0.02 (VIOLATED)
_22651_/B                               1.50    1.52   -0.02 (VIOLATED)
_22931_/A                               1.50    1.52   -0.02 (VIOLATED)
_22314_/X                               1.50    1.52   -0.02 (VIOLATED)
_20755_/X                               1.50    1.52   -0.02 (VIOLATED)
_22307_/X                               1.50    1.52   -0.01 (VIOLATED)
_21026_/A                               1.50    1.51   -0.01 (VIOLATED)
_20692_/A_N                             1.50    1.51   -0.01 (VIOLATED)
_20349_/A                               1.50    1.51   -0.01 (VIOLATED)
_27545_/A                               1.50    1.51   -0.01 (VIOLATED)
ANTENNA_223/DIODE                       1.50    1.51   -0.01 (VIOLATED)
_27866_/A_N                             1.50    1.51   -0.01 (VIOLATED)
ANTENNA_224/DIODE                       1.50    1.51   -0.01 (VIOLATED)
_28159_/B                               1.50    1.51   -0.01 (VIOLATED)
ANTENNA_225/DIODE                       1.50    1.51   -0.01 (VIOLATED)
_27841_/A                               1.50    1.50   -0.00 (VIOLATED)
_28134_/A_N                             1.50    1.50   -0.00 (VIOLATED)
_26718_/A                               1.50    1.50   -0.00 (VIOLATED)
_23633_/A                               1.50    1.50   -0.00 (VIOLATED)
_23992_/A                               1.50    1.50   -0.00 (VIOLATED)
_24334_/A                               1.50    1.50   -0.00 (VIOLATED)
_20347_/X                               1.50    1.51   -0.00 (VIOLATED)

max capacitance

Pin                                    Limit     Cap   Slack
------------------------------------------------------------
_20457_/X                               0.15    0.18   -0.03 (VIOLATED)

_17799_/Y                               0.22    0.24   -0.02 (VIOLATED)

_15292_/Y                               0.25    0.27   -0.02 (VIOLATED)

_24145_/X                               0.15    0.17   -0.02 (VIOLATED)

_25344_/X                               0.15    0.17   -0.01 (VIOLATED)

_25099_/X                               0.15    0.16   -0.00 (VIOLATED)

_25452_/X                               0.15    0.16   -0.00 (VIOLATED)

_23636_/X                               0.15    0.16   -0.00 (VIOLATED)

_27076_/X                               0.15    0.16   -0.00 (VIOLATED)

_24312_/X                               0.15    0.16   -0.00 (VIOLATED)

_22314_/X                               0.15    0.16   -0.00 (VIOLATED)

_20755_/X                               0.15    0.16   -0.00 (VIOLATED)

_22307_/X                               0.15    0.16   -0.00 (VIOLATED)


==========================================================================
finish max_slew_check_slack
--------------------------------------------------------------------------
-0.2579202353954315

==========================================================================
finish max_slew_check_limit
--------------------------------------------------------------------------
1.5

==========================================================================
finish max_slew_check_slack_limit
--------------------------------------------------------------------------
-0.1719

==========================================================================
finish max_fanout_check_slack
--------------------------------------------------------------------------
1.0000000150474662e+30

==========================================================================
finish max_fanout_check_limit
--------------------------------------------------------------------------
1.0000000150474662e+30

==========================================================================
finish max_capacitance_check_slack
--------------------------------------------------------------------------
-0.02648521587252617

==========================================================================
finish max_capacitance_check_limit
--------------------------------------------------------------------------
0.15473400056362152

==========================================================================
finish max_capacitance_check_slack_limit
--------------------------------------------------------------------------
-0.1712

==========================================================================
finish max_slew_violation_count
--------------------------------------------------------------------------
max slew violation count 77

==========================================================================
finish max_fanout_violation_count
--------------------------------------------------------------------------
max fanout violation count 0

==========================================================================
finish max_cap_violation_count
--------------------------------------------------------------------------
max cap violation count 13

==========================================================================
finish setup_violation_count
--------------------------------------------------------------------------
setup violation count 0

==========================================================================
finish hold_violation_count
--------------------------------------------------------------------------
hold violation count 0

==========================================================================
finish report_checks -path_delay max reg to reg
--------------------------------------------------------------------------
Startpoint: u_core.state_out[312]$_DFFE_PN0P_
            (rising edge-triggered flip-flop clocked by clk)
Endpoint: u_core.state_out[1441]$_DFFE_PN0P_
          (rising edge-triggered flip-flop clocked by clk)
Path Group: clk
Path Type: max

  Delay    Time   Description
---------------------------------------------------------
   0.00    0.00   clock clk (rise edge)
   0.00    0.00   clock source latency
   0.00    0.00 ^ clk (in)
   0.24    0.24 ^ clkbuf_0_clk/X (sky130_fd_sc_hd__clkbuf_16)
   0.33    0.57 ^ clkbuf_2_2_0_clk/X (sky130_fd_sc_hd__clkbuf_16)
   0.33    0.90 ^ clkbuf_5_20__f_clk/X (sky130_fd_sc_hd__clkbuf_16)
   0.19    1.09 ^ clkbuf_leaf_264_clk/X (sky130_fd_sc_hd__clkbuf_16)
   0.00    1.09 ^ u_core.state_out[312]$_DFFE_PN0P_/CLK (sky130_fd_sc_hd__dfrtp_1)
   0.48    1.57 ^ u_core.state_out[312]$_DFFE_PN0P_/Q (sky130_fd_sc_hd__dfrtp_1)
   0.49    2.05 v _19238_/X (sky130_fd_sc_hd__xnor3_1)
   0.79    2.85 ^ _19239_/Y (sky130_fd_sc_hd__xnor2_2)
   1.46    4.31 ^ _20457_/X (sky130_fd_sc_hd__xnor3_1)
   0.22    4.53 v _20798_/Y (sky130_fd_sc_hd__nand2_1)
   0.27    4.80 ^ _20799_/Y (sky130_fd_sc_hd__xnor2_1)
   0.08    4.89 v _20801_/Y (sky130_fd_sc_hd__o21ai_1)
   0.00    4.89 v u_core.state_out[1441]$_DFFE_PN0P_/D (sky130_fd_sc_hd__dfrtp_1)
           4.89   data arrival time

   7.00    7.00   clock clk (rise edge)
   0.00    7.00   clock source latency
   0.00    7.00 ^ clk (in)
   0.24    7.24 ^ clkbuf_0_clk/X (sky130_fd_sc_hd__clkbuf_16)
   0.33    7.56 ^ clkbuf_2_3_0_clk/X (sky130_fd_sc_hd__clkbuf_16)
   0.31    7.87 ^ clkbuf_5_27__f_clk/X (sky130_fd_sc_hd__clkbuf_16)
   0.21    8.08 ^ clkbuf_leaf_152_clk/X (sky130_fd_sc_hd__clkbuf_16)
   0.00    8.08 ^ u_core.state_out[1441]$_DFFE_PN0P_/CLK (sky130_fd_sc_hd__dfrtp_1)
  -0.25    7.83   clock uncertainty
   0.00    7.83   clock reconvergence pessimism
  -0.13    7.70   library setup time
           7.70   data required time
---------------------------------------------------------
           7.70   data required time
          -4.89   data arrival time
---------------------------------------------------------
           2.82   slack (MET)



==========================================================================
finish report_checks -path_delay min reg to reg
--------------------------------------------------------------------------
Startpoint: load_q[1481]$_DFFE_PN0P_
            (rising edge-triggered flip-flop clocked by clk)
Endpoint: u_core.state_out[1481]$_DFFE_PN0P_
          (rising edge-triggered flip-flop clocked by clk)
Path Group: clk
Path Type: min

  Delay    Time   Description
---------------------------------------------------------
   0.00    0.00   clock clk (rise edge)
   0.00    0.00   clock source latency
   0.00    0.00 ^ clk (in)
   0.24    0.24 ^ clkbuf_0_clk/X (sky130_fd_sc_hd__clkbuf_16)
   0.33    0.57 ^ clkbuf_2_0_0_clk/X (sky130_fd_sc_hd__clkbuf_16)
   0.31    0.88 ^ clkbuf_5_3__f_clk/X (sky130_fd_sc_hd__clkbuf_16)
   0.19    1.07 ^ clkbuf_leaf_13_clk/X (sky130_fd_sc_hd__clkbuf_16)
   0.00    1.07 ^ load_q[1481]$_DFFE_PN0P_/CLK (sky130_fd_sc_hd__dfrtp_1)
   0.34    1.41 ^ load_q[1481]$_DFFE_PN0P_/Q (sky130_fd_sc_hd__dfrtp_1)
   0.07    1.48 v _20588_/Y (sky130_fd_sc_hd__a22oi_1)
   0.07    1.54 ^ _20589_/Y (sky130_fd_sc_hd__o21ai_1)
   0.00    1.54 ^ u_core.state_out[1481]$_DFFE_PN0P_/D (sky130_fd_sc_hd__dfrtp_1)
           1.54   data arrival time

   0.00    0.00   clock clk (rise edge)
   0.00    0.00   clock source latency
   0.00    0.00 ^ clk (in)
   0.24    0.24 ^ clkbuf_0_clk/X (sky130_fd_sc_hd__clkbuf_16)
   0.33    0.57 ^ clkbuf_2_0_0_clk/X (sky130_fd_sc_hd__clkbuf_16)
   0.34    0.91 ^ clkbuf_5_1__f_clk/X (sky130_fd_sc_hd__clkbuf_16)
   0.21    1.12 ^ clkbuf_leaf_12_clk/X (sky130_fd_sc_hd__clkbuf_16)
   0.00    1.12 ^ u_core.state_out[1481]$_DFFE_PN0P_/CLK (sky130_fd_sc_hd__dfrtp_1)
   0.25    1.37   clock uncertainty
   0.00    1.37   clock reconvergence pessimism
  -0.04    1.33   library hold time
           1.33   data required time
---------------------------------------------------------
           1.33   data required time
          -1.54   data arrival time
---------------------------------------------------------
           0.21   slack (MET)



==========================================================================
finish critical path target clock latency max path
--------------------------------------------------------------------------
1.0791

==========================================================================
finish critical path target clock latency min path
--------------------------------------------------------------------------
1.1188

==========================================================================
finish critical path source clock latency min path
--------------------------------------------------------------------------
0.0000

==========================================================================
finish critical path delay
--------------------------------------------------------------------------
4.7638

==========================================================================
finish critical path slack
--------------------------------------------------------------------------
0.5862

==========================================================================
finish slack div critical path delay
--------------------------------------------------------------------------
12.305302

==========================================================================
finish report_power
--------------------------------------------------------------------------
Group                  Internal  Switching    Leakage      Total
                          Power      Power      Power      Power (Watts)
----------------------------------------------------------------
Sequential             2.38e-02   1.02e-02   4.43e-08   3.40e-02   5.5%
Combinational          1.53e-01   4.06e-01   6.00e-08   5.60e-01  90.8%
Clock                  1.30e-02   9.65e-03   6.71e-09   2.26e-02   3.7%
Macro                  0.00e+00   0.00e+00   0.00e+00   0.00e+00   0.0%
Pad                    0.00e+00   0.00e+00   0.00e+00   0.00e+00   0.0%
----------------------------------------------------------------
Total                  1.90e-01   4.26e-01   1.11e-07   6.16e-01 100.0%
                          30.9%      69.1%       0.0%
