OpenROAD f552262465b0bfef8f097e258f94bc501d01e19d 
Features included (+) or not (-): +GPU +GUI +Python
This program is licensed under the BSD-3 license. See the LICENSE file for details.
Components of this program may be licensed under more restrictive licenses which must be honored.
[INFO ORD-0030] Using 12 thread(s).
read_liberty /opt/eda/orfs-6101364b/flow/platforms/sky130hd/lib/sky130_fd_sc_hd__tt_025C_1v80.lib
read_liberty /mnt/d/TKVM_ATTT_2026_test/codeachip/flow/macros/sky130_sram_1rw_16x256_wpr8_TT_1p8V_25C.lib
read_db /root/cac_runs/ntt_opt_pipe_macro_20ns/results/sky130hd/cac_ntt_opt_pipe_macro_20ns/base/2_1_floorplan.odb
read_sdc /root/cac_runs/ntt_opt_pipe_macro_20ns/results/sky130hd/cac_ntt_opt_pipe_macro_20ns/base/2_1_floorplan.sdc
source /opt/eda/orfs-6101364b/flow/platforms/sky130hd/setRC.tcl
[INFO GPL-0022] Initialize gpl and calculate uniform density.
Placement density is 0.5060000038146972, computed from PLACE_DENSITY_LB_ADDON  0.20 and lower bound 0.3700000047683716
rtl_macro_placer -max_num_level 2 -halo_width 10 -halo_height 10 -min_ar 0.33 -area_weight 0.1 -wirelength_weight 100.0 -outline_weight 100.0 -boundary_weight 50.0 -notch_weight 50.0 -report_directory /root/cac_runs/ntt_opt_pipe_macro_20ns/objects/sky130hd/cac_ntt_opt_pipe_macro_20ns/base/rtlmp -fence_lx 0.0 -fence_ly 0.0 -fence_ux 0.0 -fence_uy 0.0 -target_util 0.5060000038146972
[WARNING MPL-0074] -halo_width/-halo_height are deprecated, use the set_macro_base_halo command instead.
Die Area: (0.00, 0.00) (541.14, 541.14),  Floorplan Area: (1.38, 2.72) (540.04, 538.56)
	Number of std cell instances: 3141
	Area of std cell instances: 28158.26
	Number of macros: 1
	Macros to be placed: 1
	Area of macros: 102688.44
	Base halo (L, B, R, T): (10.00, 10.00, 10.00, 10.00)
	Area of macros with halos: 116892.34
	Area of std cell instances + Area of macros: 130846.69
	Floorplan area: 288635.57
	Design Utilization: 0.45
	Floorplan Utilization: 0.15
	Manufacturing Grid: 5

[WARNING MPL-0002] Could not align all pins of the macro u_coeff_ram.u_macro to the track-grid. 2 out of 43 pins were aligned.
[WARNING MPL-0002] Could not align all pins of the macro u_coeff_ram.u_macro to the track-grid. 1 out of 5 pins were aligned.
[INFO MPL-0500] Runtime: 3.08s
Design area 130847 um^2 45% utilization.
write_db /root/cac_runs/ntt_opt_pipe_macro_20ns/results/sky130hd/cac_ntt_opt_pipe_macro_20ns/base/2_2_floorplan_macro.odb
Elapsed time: 0:03.97[h:]min:sec. CPU time: user 19.48 sys 0.06 (492%). Peak memory: 138040KB.
Log                       Ext     Elapsed/s Peak Memory/MB sha1sum result [0:20)
2_2_floorplan_macro       .odb            3            134 d4129153d808df14e0fd
