OpenROAD f552262465b0bfef8f097e258f94bc501d01e19d 
Features included (+) or not (-): +GPU +GUI +Python
This program is licensed under the BSD-3 license. See the LICENSE file for details.
Components of this program may be licensed under more restrictive licenses which must be honored.
[INFO ORD-0030] Using 12 thread(s).
read_liberty /opt/eda/orfs-6101364b/flow/platforms/sky130hd/lib/sky130_fd_sc_hd__tt_025C_1v80.lib
read_liberty /mnt/d/TKVM_ATTT_2026_test/codeachip/flow/macros/sky130_sram_1rw_16x256_wpr8_TT_1p8V_25C.lib
read_db /root/cac_runs/ntt_opt_pipe_macro_20ns/results/sky130hd/cac_ntt_opt_pipe_macro_20ns/base/3_2_place_iop.odb
read_sdc /root/cac_runs/ntt_opt_pipe_macro_20ns/results/sky130hd/cac_ntt_opt_pipe_macro_20ns/base/2_floorplan.sdc
source /opt/eda/orfs-6101364b/flow/platforms/sky130hd/setRC.tcl
[INFO RSZ-0026] Removed 142 buffers.
Perform port buffering...
[INFO RSZ-0027] Inserted 32 sky130_fd_sc_hd__clkdlybuf4s50_1 input buffers.
[INFO RSZ-0028] Inserted 14 sky130_fd_sc_hd__clkdlybuf4s50_1 output buffers.
[INFO GPL-0022] Initialize gpl and calculate uniform density.
Placement density is 0.35400000572204593, computed from PLACE_DENSITY_LB_ADDON  0.20 and lower bound 0.18000000715255737
global_placement -density 0.35400000572204593 -pad_left 0 -pad_right 0 -routability_driven -timing_driven -force_center_initial_place -min_phi_coef 0.95 -max_phi_coef 1.05
[INFO GPL-0001] ---- Initialize GPL Main Data Structures
[INFO GPL-0002] DBU: 1000
[INFO GPL-0003] SiteSize: (  0.460  2.720 ) um
[INFO GPL-0004] CoreBBox: (  1.380  2.720 ) ( 540.040 538.560 ) um
[INFO GPL-0016] Core area:                  288635.574 um^2
[INFO GPL-0036] Movable instances area:      28041.894 um^2
[INFO GPL-0037] Total instances area:       135270.986 um^2
[INFO GPL-0035] Pin density area adjust:      1962.296 um^2
[INFO GPL-0032] ---- Initialize Region: Top-level
[INFO GPL-0006] Number of instances:              5637
[INFO GPL-0007] Movable instances:                3045
[INFO GPL-0008] Fixed instances:                  2353
[INFO GPL-0009] Dummy instances:                   239
[INFO GPL-0010] Number of nets:                   3783
[INFO GPL-0011] Number of pins:                  11672
[INFO GPL-0012] Die BBox:       (  0.000  0.000 ) ( 541.140 541.140 ) um
[INFO GPL-0013] Placement BBox: (  1.380  2.720 ) ( 540.040 538.560 ) um
[INFO GPL-0014] Region name: top-level.
[INFO GPL-0015] Region area:                288635.574 um^2
[INFO GPL-0017] Fixed instances area:       120998.547 um^2
[INFO GPL-0018] Movable instances area:      30004.190 um^2
[INFO GPL-0019] Utilization:                    17.898 %
[INFO GPL-0020] Standard cells area:         30004.190 um^2
[INFO GPL-0021] Large instances area:            0.000 um^2
[INFO GPL-0005] ---- Execute Conjugate Gradient Initial Placement.
[INFO GPL-0051] Source of initial instance position counters:
	Odb location = 0	Core center = 3045	Region center = 0
[InitialPlace]  Iter: 1 conjugate gradient residual: 0.00181918 HPWL: 140350489
[InitialPlace]  Iter: 2 conjugate gradient residual: 0.00008300 HPWL: 78602019
[InitialPlace]  Iter: 3 conjugate gradient residual: 0.00000319 HPWL: 78117876
[InitialPlace]  Iter: 4 conjugate gradient residual: 0.00000490 HPWL: 77997618
[InitialPlace]  Iter: 5 conjugate gradient residual: 0.00000247 HPWL: 77887382
[INFO GPL-0033] ---- Initialize Nesterov Region: Top-level
[INFO GPL-0023] Placement target density:       0.3540
[INFO GPL-0024] Movable insts average area:      9.854 um^2
[INFO GPL-0025] Ideal bin area:                 27.835 um^2
[INFO GPL-0026] Ideal bin count:                 10369
[INFO GPL-0027] Total bin area:             288635.574 um^2
[INFO GPL-0028] Bin count (X, Y):          64 ,     64
[INFO GPL-0029] Bin size (W * H):       8.417 *  8.373 um
[INFO GPL-0030] Number of bins:                   4096
[INFO GPL-0084] ---- Execute Nesterov Global Placement.
[INFO GPL-0031] HPWL: Half-Perimeter Wirelength
Iteration | Overflow |     HPWL (um) |  HPWL(%) |   Penalty | Group
---------------------------------------------------------------
        0 |   0.9837 |  2.419974e+04 |   +0.00% |  1.78e-15 |      
       10 |   0.9489 |  3.212779e+04 |  +32.76% |  2.89e-15 |      
       20 |   0.9445 |  3.343148e+04 |   +4.06% |  4.71e-15 |      
       30 |   0.9434 |  3.343662e+04 |   +0.02% |  7.67e-15 |      
       40 |   0.9385 |  3.370517e+04 |   +0.80% |  1.25e-14 |      
       50 |   0.9360 |  3.391429e+04 |   +0.62% |  2.03e-14 |      
       60 |   0.9342 |  3.392636e+04 |   +0.04% |  3.31e-14 |      
       70 |   0.9320 |  3.382020e+04 |   -0.31% |  5.40e-14 |      
       80 |   0.9322 |  3.363254e+04 |   -0.55% |  8.79e-14 |      
       90 |   0.9316 |  3.343855e+04 |   -0.58% |  1.43e-13 |      
      100 |   0.9321 |  3.332046e+04 |   -0.35% |  2.33e-13 |      
      110 |   0.9325 |  3.333582e+04 |   +0.05% |  3.80e-13 |      
      120 |   0.9313 |  3.348819e+04 |   +0.46% |  6.19e-13 |      
      130 |   0.9306 |  3.378248e+04 |   +0.88% |  1.01e-12 |      
      140 |   0.9294 |  3.426236e+04 |   +1.42% |  1.64e-12 |      
      150 |   0.9261 |  3.504049e+04 |   +2.27% |  2.67e-12 |      
      160 |   0.9221 |  3.625620e+04 |   +3.47% |  4.36e-12 |      
      170 |   0.9135 |  3.812805e+04 |   +5.16% |  7.09e-12 |      
      180 |   0.9002 |  4.054914e+04 |   +6.35% |  1.16e-11 |      
      190 |   0.8756 |  4.372627e+04 |   +7.84% |  1.88e-11 |      
      200 |   0.8571 |  4.693367e+04 |   +7.34% |  3.06e-11 |      
      210 |   0.8280 |  5.002963e+04 |   +6.60% |  4.99e-11 |      
      220 |   0.7995 |  5.288481e+04 |   +5.71% |  8.12e-11 |      
      230 |   0.7755 |  5.621032e+04 |   +6.29% |  1.32e-10 |      
      240 |   0.7490 |  5.909730e+04 |   +5.14% |  2.15e-10 |      
      250 |   0.7176 |  6.250845e+04 |   +5.77% |  3.51e-10 |      
      260 |   0.6845 |  6.369599e+04 |   +1.90% |  5.71e-10 |      
      270 |   0.6465 |  6.728801e+04 |   +5.64% |  9.30e-10 |      
[INFO GPL-0100] Timing-driven iteration 1/2, virtual: false.
[INFO GPL-0101]    Iter: 274, overflow: 0.633, keep resizer changes at: 1, HPWL: 68155753
Iteration |   Area    | Resized | Buffers | Nets repaired | Remaining
---------------------------------------------------------------------
        0 |     +0.0% |       0 |       0 |             0 |      3797
    final |     +0.3% |       8 |      51 |            42 |         0
---------------------------------------------------------------------
[INFO RSZ-0034] Found 30 slew violations.
[INFO RSZ-0036] Found 13 capacitance violations.
[INFO RSZ-0039] Resized 8 instances.
[INFO RSZ-0038] Inserted 51 buffers in 42 nets.
   Iter   |    Area   | Removed | Inserted |   Pins
          |           | Buffers | Buffers  | Remaining
-------------------------------------------------------
        0 |     +0.0% |       0 |        0 |      3732
      370 |     +0.0% |       0 |        0 |      3362
      740 |     +0.0% |       0 |        0 |      2992
     1110 |     +0.0% |       0 |        0 |      2622
[WARNING RSZ-2009] Skipping buffering because no valid buffering solution satisfying the design rules can be found for net connected to pin _5831_/Y.
[WARNING RSZ-2005] cannot find a viable buffering solution on pin _5831_/Y after 1 rounds of buffering (no solution meets design rules)
     1480 |     +0.0% |       2 |        6 |      2252
[WARNING RSZ-2009] Skipping buffering because no valid buffering solution satisfying the design rules can be found for net connected to pin _4675_/Y.
[WARNING RSZ-2005] cannot find a viable buffering solution on pin _4675_/Y after 1 rounds of buffering (no solution meets design rules)
[WARNING RSZ-2009] Skipping buffering because no valid buffering solution satisfying the design rules can be found for net connected to pin _4686_/Y.
[WARNING RSZ-2005] cannot find a viable buffering solution on pin _4686_/Y after 1 rounds of buffering (no solution meets design rules)
[WARNING RSZ-2009] Skipping buffering because no valid buffering solution satisfying the design rules can be found for net connected to pin _4693_/Y.
[WARNING RSZ-2005] cannot find a viable buffering solution on pin _4693_/Y after 1 rounds of buffering (no solution meets design rules)
     1850 |     +0.0% |       2 |        6 |      1882
[WARNING RSZ-2009] Skipping buffering because no valid buffering solution satisfying the design rules can be found for net connected to pin _4700_/Y.
[WARNING RSZ-2005] cannot find a viable buffering solution on pin _4700_/Y after 1 rounds of buffering (no solution meets design rules)
     2220 |     +0.1% |      17 |       21 |      1512
     2590 |     +0.1% |      17 |       21 |      1142
     2960 |     +0.1% |      17 |       21 |       772
     3330 |     +0.1% |      18 |       22 |       402
     3700 |     -0.0% |      45 |       37 |        32
    final |     -0.0% |      46 |       39 |         0
-------------------------------------------------------
[INFO GPL-0106] Timing-driven: worst slack -4e-09
[INFO GPL-0107] Timing-driven: repair_design delta area: 350.073 um^2 (+1.17%)
[INFO GPL-0108] Timing-driven: repair_design, gpl delta gcells: 44 (+1.44%)
[INFO GPL-0109] Timing-driven: repair_design, gcells created: 90, deleted: 46
[INFO GPL-0110] Timing-driven: new target density: 0.35608828
Iteration | Overflow |     HPWL (um) |  HPWL(%) |   Penalty | Group
---------------------------------------------------------------
      280 |   0.6072 |  6.936220e+04 |   +3.08% |  1.51e-09 |      
[INFO GPL-0038] Routability snapshot saved at iter = 283
      282 |   0.5991 |  6.988670e+04 |          |           |      
      290 |   0.5604 |  7.099483e+04 |   +2.35% |  2.47e-09 |      
      300 |   0.5117 |  7.165871e+04 |   +0.94% |  4.02e-09 |      
      310 |   0.4665 |  7.276987e+04 |   +1.55% |  6.54e-09 |      
      320 |   0.4209 |  7.408311e+04 |   +1.80% |  1.07e-08 |      
      330 |   0.3742 |  7.530458e+04 |   +1.65% |  1.73e-08 |      
      340 |   0.3290 |  7.641620e+04 |   +1.48% |  2.71e-08 |      
[INFO GPL-0040] Routability iteration: 1
[INFO GPL-0041] Total routing overflow: 10.7452
[INFO GPL-0042] Number of overflowed tiles: 757 (12.44%)
[INFO GPL-0043] Average top 0.5% routing congestion: 1.1248
[INFO GPL-0044] Average top 1.0% routing congestion: 1.0864
[INFO GPL-0045] Average top 2.0% routing congestion: 1.0540
[INFO GPL-0046] Average top 5.0% routing congestion: 1.0275
[INFO GPL-0047] Routability iteration weighted routing congestion: 1.1056
[INFO GPL-0048] Routing congestion (1.1056) lower than previous minimum (1e+30). Updating minimum.
[INFO GPL-0086] Inflated area:                  21.972 um^2 (+0.07%)
[INFO GPL-0052] Placement target density:       0.3561
[INFO GPL-0076] Removing fillers, count: Before: 3013, After: 3011 (-0.07%)
[INFO GPL-0077] Filler area (um^2)     : Before: 29339.318, After: 29316.692 (-0.08%)
[INFO GPL-0078] Removed fillers count: 2, area removed: 19.473 um^2. Remaining area to be compensated by modifying density: 2.499 um^2
[INFO GPL-0058] White space area:           167637.027 um^2 (+0.00%)
[INFO GPL-0059] Movable instances area:      59693.580 um^2 (+0.00%)
[INFO GPL-0060] Total filler area:           29316.692 um^2 (-0.08%)
[INFO GPL-0061] Total non-inflated area:     59692.927 um^2 (-0.00%)
[INFO GPL-0062] Total inflated area:         59714.900 um^2 (-0.00%)
[INFO GPL-0063] New Target Density:             0.3561
[INFO GPL-0087] Routability end iteration: increase inflation and revert back to snapshot.
Iteration | Overflow |     HPWL (um) |  HPWL(%) |   Penalty | Group
---------------------------------------------------------------
      350 |   0.5906 |  7.025250e+04 |   -8.07% |  1.82e-09 |      
      360 |   0.5546 |  7.035668e+04 |   +0.15% |  2.68e-09 |      
      370 |   0.5103 |  7.110594e+04 |   +1.06% |  3.95e-09 |      
      380 |   0.4786 |  7.180896e+04 |   +0.99% |  5.82e-09 |      
      390 |   0.4405 |  7.280871e+04 |   +1.39% |  8.58e-09 |      
      400 |   0.4045 |  7.382406e+04 |   +1.39% |  1.26e-08 |      
      410 |   0.3673 |  7.497484e+04 |   +1.56% |  1.86e-08 |      
      420 |   0.3278 |  7.591722e+04 |   +1.26% |  2.74e-08 |      
[INFO GPL-0040] Routability iteration: 2
[INFO GPL-0041] Total routing overflow: 11.0301
[INFO GPL-0042] Number of overflowed tiles: 794 (13.05%)
[INFO GPL-0043] Average top 0.5% routing congestion: 1.0976
[INFO GPL-0044] Average top 1.0% routing congestion: 1.0825
[INFO GPL-0045] Average top 2.0% routing congestion: 1.0536
[INFO GPL-0046] Average top 5.0% routing congestion: 1.0277
[INFO GPL-0047] Routability iteration weighted routing congestion: 1.0901
[INFO GPL-0048] Routing congestion (1.0901) lower than previous minimum (1.106). Updating minimum.
[INFO GPL-0086] Inflated area:                  44.740 um^2 (+0.15%)
[INFO GPL-0052] Placement target density:       0.3561
[INFO GPL-0076] Removing fillers, count: Before: 3011, After: 3007 (-0.13%)
[INFO GPL-0077] Filler area (um^2)     : Before: 29316.692, After: 29277.746 (-0.13%)
[INFO GPL-0078] Removed fillers count: 4, area removed: 38.946 um^2. Remaining area to be compensated by modifying density: 5.794 um^2
[INFO GPL-0058] White space area:           167637.027 um^2 (+0.00%)
[INFO GPL-0059] Movable instances area:      59693.580 um^2 (+0.00%)
[INFO GPL-0060] Total filler area:           29277.746 um^2 (-0.13%)
[INFO GPL-0061] Total non-inflated area:     59698.721 um^2 (+0.01%)
[INFO GPL-0062] Total inflated area:         59743.461 um^2 (+0.01%)
[INFO GPL-0063] New Target Density:             0.3561
[INFO GPL-0087] Routability end iteration: increase inflation and revert back to snapshot.
Iteration | Overflow |     HPWL (um) |  HPWL(%) |   Penalty | Group
---------------------------------------------------------------
      430 |   0.5912 |  7.079001e+04 |   -6.75% |  1.82e-09 |      
      440 |   0.5546 |  7.037833e+04 |   -0.58% |  2.68e-09 |      
      450 |   0.5104 |  7.114660e+04 |   +1.09% |  3.95e-09 |      
      460 |   0.4786 |  7.186084e+04 |   +1.00% |  5.82e-09 |      
      470 |   0.4412 |  7.286617e+04 |   +1.40% |  8.58e-09 |      
      480 |   0.4050 |  7.385777e+04 |   +1.36% |  1.26e-08 |      
      490 |   0.3675 |  7.502282e+04 |   +1.58% |  1.86e-08 |      
      500 |   0.3285 |  7.599180e+04 |   +1.29% |  2.74e-08 |      
[INFO GPL-0040] Routability iteration: 3
[INFO GPL-0041] Total routing overflow: 11.0540
[INFO GPL-0042] Number of overflowed tiles: 794 (13.05%)
[INFO GPL-0043] Average top 0.5% routing congestion: 1.0940
[INFO GPL-0044] Average top 1.0% routing congestion: 1.0816
[INFO GPL-0045] Average top 2.0% routing congestion: 1.0536
[INFO GPL-0046] Average top 5.0% routing congestion: 1.0278
[INFO GPL-0047] Routability iteration weighted routing congestion: 1.0878
[INFO GPL-0048] Routing congestion (1.0878) lower than previous minimum (1.09). Updating minimum.
[INFO GPL-0086] Inflated area:                  31.677 um^2 (+0.10%)
[INFO GPL-0052] Placement target density:       0.3561
[INFO GPL-0076] Removing fillers, count: Before: 3007, After: 3004 (-0.10%)
[INFO GPL-0077] Filler area (um^2)     : Before: 29277.746, After: 29248.536 (-0.10%)
[INFO GPL-0078] Removed fillers count: 3, area removed: 29.210 um^2. Remaining area to be compensated by modifying density: 2.468 um^2
[INFO GPL-0058] White space area:           167637.027 um^2 (+0.00%)
[INFO GPL-0059] Movable instances area:      59693.580 um^2 (+0.00%)
[INFO GPL-0060] Total filler area:           29248.536 um^2 (-0.10%)
[INFO GPL-0061] Total non-inflated area:     59701.189 um^2 (+0.00%)
[INFO GPL-0062] Total inflated area:         59732.866 um^2 (+0.00%)
[INFO GPL-0063] New Target Density:             0.3561
[INFO GPL-0087] Routability end iteration: increase inflation and revert back to snapshot.
Iteration | Overflow |     HPWL (um) |  HPWL(%) |   Penalty | Group
---------------------------------------------------------------
      510 |   0.5916 |  7.079030e+04 |   -6.84% |  1.82e-09 |      
      520 |   0.5545 |  7.041648e+04 |   -0.53% |  2.68e-09 |      
      530 |   0.5105 |  7.118170e+04 |   +1.09% |  3.95e-09 |      
      540 |   0.4784 |  7.190315e+04 |   +1.01% |  5.82e-09 |      
      550 |   0.4417 |  7.290741e+04 |   +1.40% |  8.58e-09 |      
      560 |   0.4051 |  7.389404e+04 |   +1.35% |  1.26e-08 |      
      570 |   0.3675 |  7.506728e+04 |   +1.59% |  1.86e-08 |      
      580 |   0.3287 |  7.603998e+04 |   +1.30% |  2.74e-08 |      
[INFO GPL-0040] Routability iteration: 4
[INFO GPL-0041] Total routing overflow: 11.0481
[INFO GPL-0042] Number of overflowed tiles: 794 (13.05%)
[INFO GPL-0043] Average top 0.5% routing congestion: 1.0918
[INFO GPL-0044] Average top 1.0% routing congestion: 1.0810
[INFO GPL-0045] Average top 2.0% routing congestion: 1.0535
[INFO GPL-0046] Average top 5.0% routing congestion: 1.0278
[INFO GPL-0047] Routability iteration weighted routing congestion: 1.0864
[INFO GPL-0048] Routing congestion (1.0864) lower than previous minimum (1.088). Updating minimum.
[INFO GPL-0086] Inflated area:                  35.210 um^2 (+0.12%)
[INFO GPL-0052] Placement target density:       0.3561
[INFO GPL-0076] Removing fillers, count: Before: 3004, After: 3001 (-0.10%)
[INFO GPL-0077] Filler area (um^2)     : Before: 29248.536, After: 29219.327 (-0.10%)
[INFO GPL-0078] Removed fillers count: 3, area removed: 29.210 um^2. Remaining area to be compensated by modifying density: 6.000 um^2
[INFO GPL-0058] White space area:           167637.027 um^2 (+0.00%)
[INFO GPL-0059] Movable instances area:      59693.580 um^2 (+0.00%)
[INFO GPL-0060] Total filler area:           29219.327 um^2 (-0.10%)
[INFO GPL-0061] Total non-inflated area:     59707.189 um^2 (+0.01%)
[INFO GPL-0062] Total inflated area:         59742.399 um^2 (+0.01%)
[INFO GPL-0063] New Target Density:             0.3561
[INFO GPL-0087] Routability end iteration: increase inflation and revert back to snapshot.
Iteration | Overflow |     HPWL (um) |  HPWL(%) |   Penalty | Group
---------------------------------------------------------------
      590 |   0.5921 |  7.078646e+04 |   -6.91% |  1.82e-09 |      
      600 |   0.5546 |  7.045048e+04 |   -0.47% |  2.68e-09 |      
      610 |   0.5108 |  7.120610e+04 |   +1.07% |  3.95e-09 |      
      620 |   0.4785 |  7.194027e+04 |   +1.03% |  5.82e-09 |      
      630 |   0.4420 |  7.295483e+04 |   +1.41% |  8.58e-09 |      
      640 |   0.4053 |  7.393488e+04 |   +1.34% |  1.26e-08 |      
      650 |   0.3678 |  7.511004e+04 |   +1.59% |  1.86e-08 |      
      660 |   0.3293 |  7.606619e+04 |   +1.27% |  2.74e-08 |      
[INFO GPL-0040] Routability iteration: 5
[INFO GPL-0041] Total routing overflow: 11.0525
[INFO GPL-0042] Number of overflowed tiles: 793 (13.03%)
[INFO GPL-0043] Average top 0.5% routing congestion: 1.0903
[INFO GPL-0044] Average top 1.0% routing congestion: 1.0799
[INFO GPL-0045] Average top 2.0% routing congestion: 1.0534
[INFO GPL-0046] Average top 5.0% routing congestion: 1.0278
[INFO GPL-0047] Routability iteration weighted routing congestion: 1.0851
[INFO GPL-0048] Routing congestion (1.0851) lower than previous minimum (1.086). Updating minimum.
[INFO GPL-0086] Inflated area:                  50.869 um^2 (+0.17%)
[INFO GPL-0052] Placement target density:       0.3561
[INFO GPL-0076] Removing fillers, count: Before: 3001, After: 2996 (-0.17%)
[INFO GPL-0077] Filler area (um^2)     : Before: 29219.327, After: 29170.644 (-0.17%)
[INFO GPL-0078] Removed fillers count: 5, area removed: 48.683 um^2. Remaining area to be compensated by modifying density: 2.186 um^2
[INFO GPL-0058] White space area:           167637.027 um^2 (+0.00%)
[INFO GPL-0059] Movable instances area:      59693.580 um^2 (+0.00%)
[INFO GPL-0060] Total filler area:           29170.644 um^2 (-0.17%)
[INFO GPL-0061] Total non-inflated area:     59709.376 um^2 (+0.00%)
[INFO GPL-0062] Total inflated area:         59760.244 um^2 (+0.00%)
[INFO GPL-0063] New Target Density:             0.3561
[INFO GPL-0087] Routability end iteration: increase inflation and revert back to snapshot.
Iteration | Overflow |     HPWL (um) |  HPWL(%) |   Penalty | Group
---------------------------------------------------------------
      670 |   0.5957 |  7.024389e+04 |   -7.65% |  1.75e-09 |      
      680 |   0.5567 |  7.065993e+04 |   +0.59% |  2.58e-09 |      
      690 |   0.5165 |  7.133627e+04 |   +0.96% |  3.80e-09 |      
      700 |   0.4809 |  7.198806e+04 |   +0.91% |  5.60e-09 |      
      710 |   0.4448 |  7.299824e+04 |   +1.40% |  8.25e-09 |      
      720 |   0.4080 |  7.395278e+04 |   +1.31% |  1.22e-08 |      
      730 |   0.3722 |  7.509022e+04 |   +1.54% |  1.79e-08 |      
      740 |   0.3329 |  7.609254e+04 |   +1.33% |  2.64e-08 |      
      750 |   0.2975 |  7.724661e+04 |   +1.52% |  3.88e-08 |      
[INFO GPL-0040] Routability iteration: 6
[INFO GPL-0041] Total routing overflow: 11.1170
[INFO GPL-0042] Number of overflowed tiles: 792 (13.02%)
[INFO GPL-0043] Average top 0.5% routing congestion: 1.0817
[INFO GPL-0044] Average top 1.0% routing congestion: 1.0728
[INFO GPL-0045] Average top 2.0% routing congestion: 1.0538
[INFO GPL-0046] Average top 5.0% routing congestion: 1.0281
[INFO GPL-0047] Routability iteration weighted routing congestion: 1.0773
[INFO GPL-0048] Routing congestion (1.0773) lower than previous minimum (1.085). Updating minimum.
[INFO GPL-0086] Inflated area:                  54.187 um^2 (+0.18%)
[INFO GPL-0052] Placement target density:       0.3561
[INFO GPL-0076] Removing fillers, count: Before: 2996, After: 2991 (-0.17%)
[INFO GPL-0077] Filler area (um^2)     : Before: 29170.644, After: 29121.961 (-0.17%)
[INFO GPL-0078] Removed fillers count: 5, area removed: 48.683 um^2. Remaining area to be compensated by modifying density: 5.504 um^2
[INFO GPL-0058] White space area:           167637.027 um^2 (+0.00%)
[INFO GPL-0059] Movable instances area:      59693.580 um^2 (+0.00%)
[INFO GPL-0060] Total filler area:           29121.961 um^2 (-0.17%)
[INFO GPL-0061] Total non-inflated area:     59714.880 um^2 (+0.01%)
[INFO GPL-0062] Total inflated area:         59769.066 um^2 (+0.01%)
[INFO GPL-0063] New Target Density:             0.3561
[INFO GPL-0087] Routability end iteration: increase inflation and revert back to snapshot.
Iteration | Overflow |     HPWL (um) |  HPWL(%) |   Penalty | Group
---------------------------------------------------------------
      760 |   0.5611 |  7.064982e+04 |   -8.54% |  2.48e-09 |      
      770 |   0.5199 |  7.111109e+04 |   +0.65% |  3.66e-09 |      
      780 |   0.4851 |  7.182465e+04 |   +1.00% |  5.39e-09 |      
      790 |   0.4494 |  7.295040e+04 |   +1.57% |  7.94e-09 |      
      800 |   0.4129 |  7.388498e+04 |   +1.28% |  1.17e-08 |      
      810 |   0.3774 |  7.495189e+04 |   +1.44% |  1.72e-08 |      
      820 |   0.3377 |  7.601165e+04 |   +1.41% |  2.54e-08 |      
      830 |   0.3029 |  7.721932e+04 |   +1.59% |  3.74e-08 |      
[INFO GPL-0040] Routability iteration: 7
[INFO GPL-0041] Total routing overflow: 11.2511
[INFO GPL-0042] Number of overflowed tiles: 794 (13.05%)
[INFO GPL-0043] Average top 0.5% routing congestion: 1.0781
[INFO GPL-0044] Average top 1.0% routing congestion: 1.0719
[INFO GPL-0045] Average top 2.0% routing congestion: 1.0543
[INFO GPL-0046] Average top 5.0% routing congestion: 1.0285
[INFO GPL-0047] Routability iteration weighted routing congestion: 1.0750
[INFO GPL-0048] Routing congestion (1.0750) lower than previous minimum (1.077). Updating minimum.
[INFO GPL-0086] Inflated area:                  40.184 um^2 (+0.13%)
[INFO GPL-0052] Placement target density:       0.3561
[INFO GPL-0076] Removing fillers, count: Before: 2991, After: 2987 (-0.13%)
[INFO GPL-0077] Filler area (um^2)     : Before: 29121.961, After: 29083.015 (-0.13%)
[INFO GPL-0078] Removed fillers count: 4, area removed: 38.946 um^2. Remaining area to be compensated by modifying density: 1.238 um^2
[INFO GPL-0058] White space area:           167637.027 um^2 (+0.00%)
[INFO GPL-0059] Movable instances area:      59693.580 um^2 (+0.00%)
[INFO GPL-0060] Total filler area:           29083.015 um^2 (-0.13%)
[INFO GPL-0061] Total non-inflated area:     59716.118 um^2 (+0.00%)
[INFO GPL-0062] Total inflated area:         59756.302 um^2 (+0.00%)
[INFO GPL-0063] New Target Density:             0.3561
[INFO GPL-0087] Routability end iteration: increase inflation and revert back to snapshot.
Iteration | Overflow |     HPWL (um) |  HPWL(%) |   Penalty | Group
---------------------------------------------------------------
      840 |   0.5629 |  7.076850e+04 |   -8.35% |  2.39e-09 |      
      850 |   0.5256 |  7.121730e+04 |   +0.63% |  3.52e-09 |      
      860 |   0.4890 |  7.187302e+04 |   +0.92% |  5.18e-09 |      
      870 |   0.4533 |  7.297850e+04 |   +1.54% |  7.64e-09 |      
      880 |   0.4162 |  7.387910e+04 |   +1.23% |  1.12e-08 |      
      890 |   0.3800 |  7.492935e+04 |   +1.42% |  1.66e-08 |      
      900 |   0.3405 |  7.607056e+04 |   +1.52% |  2.44e-08 |      
      910 |   0.3067 |  7.722704e+04 |   +1.52% |  3.59e-08 |      
[INFO GPL-0040] Routability iteration: 8
[INFO GPL-0041] Total routing overflow: 11.4475
[INFO GPL-0042] Number of overflowed tiles: 793 (13.03%)
[INFO GPL-0043] Average top 0.5% routing congestion: 1.0812
[INFO GPL-0044] Average top 1.0% routing congestion: 1.0730
[INFO GPL-0045] Average top 2.0% routing congestion: 1.0558
[INFO GPL-0046] Average top 5.0% routing congestion: 1.0292
[INFO GPL-0047] Routability iteration weighted routing congestion: 1.0771
[INFO GPL-0049] Routing congestion (1.0771) higher than minimum (1.0750). Consecutive non-improvement count: 1.
[INFO GPL-0086] Inflated area:                  50.131 um^2 (+0.16%)
[INFO GPL-0052] Placement target density:       0.3561
[INFO GPL-0076] Removing fillers, count: Before: 2987, After: 2982 (-0.17%)
[INFO GPL-0077] Filler area (um^2)     : Before: 29083.015, After: 29034.332 (-0.17%)
[INFO GPL-0078] Removed fillers count: 5, area removed: 48.683 um^2. Remaining area to be compensated by modifying density: 1.449 um^2
[INFO GPL-0058] White space area:           167637.027 um^2 (+0.00%)
[INFO GPL-0059] Movable instances area:      59693.580 um^2 (+0.00%)
[INFO GPL-0060] Total filler area:           29034.332 um^2 (-0.17%)
[INFO GPL-0061] Total non-inflated area:     59717.566 um^2 (+0.00%)
[INFO GPL-0062] Total inflated area:         59767.698 um^2 (+0.00%)
[INFO GPL-0063] New Target Density:             0.3561
[INFO GPL-0087] Routability end iteration: increase inflation and revert back to snapshot.
Iteration | Overflow |     HPWL (um) |  HPWL(%) |   Penalty | Group
---------------------------------------------------------------
      920 |   0.5666 |  7.072760e+04 |   -8.42% |  2.30e-09 |      
      930 |   0.5300 |  7.099154e+04 |   +0.37% |  3.39e-09 |      
      940 |   0.4928 |  7.171770e+04 |   +1.02% |  4.99e-09 |      
      950 |   0.4575 |  7.289538e+04 |   +1.64% |  7.35e-09 |      
      960 |   0.4226 |  7.379290e+04 |   +1.23% |  1.08e-08 |      
      970 |   0.3854 |  7.479744e+04 |   +1.36% |  1.59e-08 |      
      980 |   0.3461 |  7.597144e+04 |   +1.57% |  2.35e-08 |      
      990 |   0.3115 |  7.716423e+04 |   +1.57% |  3.46e-08 |      
[INFO GPL-0040] Routability iteration: 9
[INFO GPL-0041] Total routing overflow: 11.3285
[INFO GPL-0042] Number of overflowed tiles: 814 (13.38%)
[INFO GPL-0043] Average top 0.5% routing congestion: 1.0843
[INFO GPL-0044] Average top 1.0% routing congestion: 1.0732
[INFO GPL-0045] Average top 2.0% routing congestion: 1.0556
[INFO GPL-0046] Average top 5.0% routing congestion: 1.0304
[INFO GPL-0047] Routability iteration weighted routing congestion: 1.0787
[INFO GPL-0049] Routing congestion (1.0787) higher than minimum (1.0750). Consecutive non-improvement count: 2.
[INFO GPL-0086] Inflated area:                  64.016 um^2 (+0.21%)
[INFO GPL-0052] Placement target density:       0.3561
[INFO GPL-0076] Removing fillers, count: Before: 2982, After: 2976 (-0.20%)
[INFO GPL-0077] Filler area (um^2)     : Before: 29034.332, After: 28975.913 (-0.20%)
[INFO GPL-0078] Removed fillers count: 6, area removed: 58.419 um^2. Remaining area to be compensated by modifying density: 5.597 um^2
[INFO GPL-0058] White space area:           167637.027 um^2 (+0.00%)
[INFO GPL-0059] Movable instances area:      59693.580 um^2 (+0.00%)
[INFO GPL-0060] Total filler area:           28975.913 um^2 (-0.20%)
[INFO GPL-0061] Total non-inflated area:     59723.164 um^2 (+0.01%)
[INFO GPL-0062] Total inflated area:         59787.180 um^2 (+0.01%)
[INFO GPL-0063] New Target Density:             0.3561
[INFO GPL-0087] Routability end iteration: increase inflation and revert back to snapshot.
Iteration | Overflow |     HPWL (um) |  HPWL(%) |   Penalty | Group
---------------------------------------------------------------
     1000 |   0.5764 |  7.108363e+04 |   -7.88% |  2.13e-09 |      
     1010 |   0.5383 |  7.093042e+04 |   -0.22% |  3.13e-09 |      
     1020 |   0.4989 |  7.166084e+04 |   +1.03% |  4.61e-09 |      
     1030 |   0.4675 |  7.271109e+04 |   +1.47% |  6.80e-09 |      
     1040 |   0.4318 |  7.363584e+04 |   +1.27% |  1.00e-08 |      
     1050 |   0.3934 |  7.468797e+04 |   +1.43% |  1.47e-08 |      
     1060 |   0.3566 |  7.585261e+04 |   +1.56% |  2.17e-08 |      
     1070 |   0.3201 |  7.705557e+04 |   +1.59% |  3.20e-08 |      
[INFO GPL-0040] Routability iteration: 10
[INFO GPL-0041] Total routing overflow: 11.3011
[INFO GPL-0042] Number of overflowed tiles: 792 (13.02%)
[INFO GPL-0043] Average top 0.5% routing congestion: 1.0879
[INFO GPL-0044] Average top 1.0% routing congestion: 1.0769
[INFO GPL-0045] Average top 2.0% routing congestion: 1.0598
[INFO GPL-0046] Average top 5.0% routing congestion: 1.0322
[INFO GPL-0047] Routability iteration weighted routing congestion: 1.0824
[INFO GPL-0049] Routing congestion (1.0824) higher than minimum (1.0750). Consecutive non-improvement count: 3.
[INFO GPL-0086] Inflated area:                  67.390 um^2 (+0.22%)
[INFO GPL-0052] Placement target density:       0.3561
[INFO GPL-0076] Removing fillers, count: Before: 2976, After: 2970 (-0.20%)
[INFO GPL-0077] Filler area (um^2)     : Before: 28975.913, After: 28917.494 (-0.20%)
[INFO GPL-0078] Removed fillers count: 6, area removed: 58.419 um^2. Remaining area to be compensated by modifying density: 8.971 um^2
[INFO GPL-0054] No improvement in routing congestion for 3 consecutive iterations (limit is 3).
[INFO GPL-0055] Reverting inflation values and target density from the iteration with minimum observed routing congestion.
[INFO GPL-0056] Minimum observed routing congestion: 1.0750
[INFO GPL-0057] Target density at minimum routing congestion: 0.3561
[INFO GPL-0080] Restoring 21 previously removed fillers.
[INFO GPL-0081] Number of fillers before restoration 2970 and after 2991 . Relative change: +0.71%%
[INFO GPL-0082] Total filler area before restoration 28917.49 and after 29121.96 (um^2). Relative change: +0.71%%
[INFO GPL-0089] Routability finished. Reverting to minimal observed routing congestion, could not reach target.
Iteration | Overflow |     HPWL (um) |  HPWL(%) |   Penalty | Group
---------------------------------------------------------------
     1080 |   0.5824 |  7.037972e+04 |   -8.66% |  1.97e-09 |      
     1090 |   0.5436 |  7.060129e+04 |   +0.31% |  2.90e-09 |      
     1100 |   0.5019 |  7.133225e+04 |   +1.04% |  4.27e-09 |      
     1110 |   0.4714 |  7.218169e+04 |   +1.19% |  6.29e-09 |      
     1120 |   0.4356 |  7.314550e+04 |   +1.34% |  9.27e-09 |      
     1130 |   0.3970 |  7.420095e+04 |   +1.44% |  1.37e-08 |      
     1140 |   0.3601 |  7.537444e+04 |   +1.58% |  2.01e-08 |      
     1150 |   0.3245 |  7.639882e+04 |   +1.36% |  2.96e-08 |      
     1160 |   0.2856 |  7.749982e+04 |   +1.44% |  4.36e-08 |      
     1170 |   0.2471 |  7.828490e+04 |   +1.01% |  6.43e-08 |      
     1180 |   0.2152 |  7.924151e+04 |   +1.22% |  9.47e-08 |      
[INFO GPL-0100] Timing-driven iteration 2/2, virtual: false.
[INFO GPL-0101]    Iter: 1188, overflow: 0.195, keep resizer changes at: 1, HPWL: 79945140
Iteration |   Area    | Resized | Buffers | Nets repaired | Remaining
---------------------------------------------------------------------
        0 |     +0.0% |       0 |       0 |             0 |      3841
    final |     +0.2% |       0 |      36 |            22 |         0
---------------------------------------------------------------------
[INFO RSZ-0034] Found 9 slew violations.
[INFO RSZ-0036] Found 13 capacitance violations.
[INFO RSZ-0038] Inserted 36 buffers in 22 nets.
   Iter   |    Area   | Removed | Inserted |   Pins
          |           | Buffers | Buffers  | Remaining
-------------------------------------------------------
        0 |     +0.0% |       0 |        0 |      3732
      370 |     +0.0% |       0 |        0 |      3362
      740 |     +0.0% |       0 |        0 |      2992
     1110 |     +0.0% |       0 |        0 |      2622
[WARNING RSZ-2009] Skipping buffering because no valid buffering solution satisfying the design rules can be found for net connected to pin _5831_/Y.
[WARNING RSZ-2005] cannot find a viable buffering solution on pin _5831_/Y after 1 rounds of buffering (no solution meets design rules)
     1480 |     +0.0% |       7 |       11 |      2252
[WARNING RSZ-2009] Skipping buffering because no valid buffering solution satisfying the design rules can be found for net connected to pin _4675_/Y.
[WARNING RSZ-2005] cannot find a viable buffering solution on pin _4675_/Y after 1 rounds of buffering (no solution meets design rules)
[WARNING RSZ-2009] Skipping buffering because no valid buffering solution satisfying the design rules can be found for net connected to pin _4686_/Y.
[WARNING RSZ-2005] cannot find a viable buffering solution on pin _4686_/Y after 1 rounds of buffering (no solution meets design rules)
[WARNING RSZ-2009] Skipping buffering because no valid buffering solution satisfying the design rules can be found for net connected to pin _4693_/Y.
[WARNING RSZ-2005] cannot find a viable buffering solution on pin _4693_/Y after 1 rounds of buffering (no solution meets design rules)
     1850 |     +0.0% |       7 |       13 |      1882
[WARNING RSZ-2009] Skipping buffering because no valid buffering solution satisfying the design rules can be found for net connected to pin _4708_/Y.
[WARNING RSZ-2005] cannot find a viable buffering solution on pin _4708_/Y after 1 rounds of buffering (no solution meets design rules)
[WARNING RSZ-2009] Skipping buffering because no valid buffering solution satisfying the design rules can be found for net connected to pin _4700_/Y.
[WARNING RSZ-2005] cannot find a viable buffering solution on pin _4700_/Y after 1 rounds of buffering (no solution meets design rules)
[WARNING RSZ-2009] Skipping buffering because no valid buffering solution satisfying the design rules can be found for net connected to pin _4720_/Y.
[WARNING RSZ-2005] cannot find a viable buffering solution on pin _4720_/Y after 1 rounds of buffering (no solution meets design rules)
[WARNING RSZ-2009] Skipping buffering because no valid buffering solution satisfying the design rules can be found for net connected to pin _4714_/Y.
[WARNING RSZ-2005] cannot find a viable buffering solution on pin _4714_/Y after 1 rounds of buffering (no solution meets design rules)
     2220 |     +0.0% |      19 |       22 |      1512
     2590 |     +0.0% |      19 |       22 |      1142
     2960 |     +0.0% |      20 |       23 |       772
     3330 |     +0.0% |      21 |       25 |       402
     3700 |     -0.1% |      63 |       46 |        32
    final |     -0.1% |      65 |       48 |         0
-------------------------------------------------------
[INFO GPL-0106] Timing-driven: worst slack -4e-09
[INFO GPL-0107] Timing-driven: repair_design delta area: 147.642 um^2 (+0.48%)
[INFO GPL-0108] Timing-driven: repair_design, gpl delta gcells: 19 (+0.62%)
[INFO GPL-0109] Timing-driven: repair_design, gcells created: 84, deleted: 65
[INFO GPL-0110] Timing-driven: new target density: 0.3580167
Iteration | Overflow |     HPWL (um) |  HPWL(%) |   Penalty | Group
---------------------------------------------------------------
     1190 |   0.1879 |  8.071787e+04 |   +1.86% |  1.39e-07 |      
     1200 |   0.1639 |  8.144625e+04 |   +0.90% |  2.05e-07 |      
     1210 |   0.1403 |  8.227233e+04 |   +1.01% |  3.03e-07 |      
     1220 |   0.1176 |  8.323618e+04 |   +1.17% |  4.46e-07 |      
     1229 |   0.0999 |  8.408030e+04 |          |  6.56e-07 |      
---------------------------------------------------------------
[INFO GPL-1001] Global placement finished at iteration 1229
[INFO GPL-1017] Routability mode iteration count: 864
[INFO GPL-1005] Routability final weighted congestion: 1.0909
[INFO GPL-1002] Placed Cell Area            30740.5601
[INFO GPL-1003] Available Free Area         167637.0272
[INFO GPL-1004] Minimum Feasible Density        0.1800 (cell_area / free_area)
[INFO GPL-1006]   Suggested Target Densities:
[INFO GPL-1007]     - For 90% usage of free space: 0.2038
[INFO GPL-1008]     - For 80% usage of free space: 0.2292
[INFO GPL-1009]     - For 50% usage of free space: 0.3668
[INFO GPL-1011] Original area (um^2): 30004.19
[INFO GPL-1012] Total routability artificial inflation: 238.66 (+0.80%)
[INFO GPL-1013] Total timing-driven delta area: 497.71 (+1.66%)
[INFO GPL-1014] Final placement area: 30740.56 (+2.45%)
Took 289 seconds: global_placement -density 0.35400000572204593 -pad_left 0 -pad_right 0 -routability_driven -timing_driven -force_center_initial_place -min_phi_coef 0.95 -max_phi_coef 1.05
estimate_parasitics -placement
Report metrics stage 3, global place...

==========================================================================
global place report_design_area
--------------------------------------------------------------------------
Design area 134164 um^2 46% utilization.
write_db /root/cac_runs/ntt_opt_pipe_macro_20ns/results/sky130hd/cac_ntt_opt_pipe_macro_20ns/base/3_3_place_gp.odb
Elapsed time: 4:36.18[h:]min:sec. CPU time: user 1175.31 sys 0.38 (425%). Peak memory: 284844KB.
Log                       Ext     Elapsed/s Peak Memory/MB sha1sum result [0:20)
3_3_place_gp              .odb          276            278 13a0d3e8fe3ff4a3731b
