OpenROAD f552262465b0bfef8f097e258f94bc501d01e19d 
Features included (+) or not (-): +GPU +GUI +Python
This program is licensed under the BSD-3 license. See the LICENSE file for details.
Components of this program may be licensed under more restrictive licenses which must be honored.
[INFO ORD-0030] Using 12 thread(s).
read_liberty /opt/eda/orfs-6101364b/flow/platforms/sky130hd/lib/sky130_fd_sc_hd__tt_025C_1v80.lib
read_liberty /mnt/d/TKVM_ATTT_2026_test/codeachip/flow/macros/sky130_sram_1rw_16x256_wpr8_TT_1p8V_25C.lib
read_db /root/cac_runs/ntt_opt_pipe_macro_20ns_pinfix4/results/sky130hd/cac_ntt_opt_pipe_macro_20ns/base/6_1_fill.odb
read_sdc /root/cac_runs/ntt_opt_pipe_macro_20ns_pinfix4/results/sky130hd/cac_ntt_opt_pipe_macro_20ns/base/6_1_fill.sdc
source /opt/eda/orfs-6101364b/flow/platforms/sky130hd/setRC.tcl
write_db /root/cac_runs/ntt_opt_pipe_macro_20ns_pinfix4/results/sky130hd/cac_ntt_opt_pipe_macro_20ns/base/6_final.odb
write_sdc -no_timestamp /root/cac_runs/ntt_opt_pipe_macro_20ns_pinfix4/results/sky130hd/cac_ntt_opt_pipe_macro_20ns/base/6_final.sdc
Deleted 0 routing obstructions
Warning: master sky130_ef_sc_hd__decap_12 has signal pins but no liberty cell
[INFO RCX-0431] Defined process_corner X with ext_model_index 0
[INFO RCX-0029] Defined extraction corner X
[WARNING RCX-0514] The ext_model_file option is deprecated. Use set_extraction_rules_file command instead.
[INFO RCX-0435] Reading extraction model file /opt/eda/orfs-6101364b/flow/platforms/sky130hd/rcx_patterns.rules ...
[INFO RCX-0436] RC segment generation kyber_ntt_engine_opt (max_merge_res 50.0) ...
[INFO RCX-0040] Final 13095 rc segments
[INFO RCX-0439] Coupling Cap extraction kyber_ntt_engine_opt ...
[INFO RCX-0440] Coupling threshhold is 0.1000 fF, coupling capacitance less than 0.1000 fF will be grounded.
[INFO RCX-0442] 60% of 28240 wires extracted
[INFO RCX-0442] 100% of 28240 wires extracted
[INFO RCX-0045] Extract 3916 nets, 16912 rsegs, 16912 caps, 24720 ccs
[INFO RCX-0443] 3916 nets finished
[INFO PSM-0040] All shapes on net VDD are connected.
########## IR report #################
Net              : VDD
Corner           : default
Total power      : 3.88e+06 W
Supply voltage   : 1.80e+00 V
Worstcase voltage: -2.16e+05 V
Average voltage  : -5.17e+01 V
Average IR drop  : 5.35e+01 V
Worstcase IR drop: 2.16e+05 V
Percentage drop  : 12024966.00 %
######################################
[INFO PSM-0040] All shapes on net VSS are connected.
########## IR report #################
Net              : VSS
Corner           : default
Total power      : 3.88e+06 W
Supply voltage   : 0.00e+00 V
Worstcase voltage: 7.23e+03 V
Average voltage  : 1.61e+00 V
Average IR drop  : 1.61e+00 V
Worstcase IR drop: 7.23e+03 V
Percentage drop  : 401925.09 %
######################################
Cell type report:                       Count        Area
  Macro                                     1   102688.44
  Fill cell                             20464   149200.60
  Tap cell                               2443     3056.68
  Antenna cell                              5       12.51
  Clock buffer                             26      606.83
  Timing Repair Buffer                    156     1430.12
  Inverter                                220      825.79
  Clock inverter                           12      110.11
  Sequential cell                         181     4539.35
  Multi-Input combinational cell         2598    22253.84
  Total                                 26106   284724.28
Report metrics stage 6, finish...

==========================================================================
finish report_design_area
--------------------------------------------------------------------------
Design area 135524 um^2 47% utilization.
Elapsed time: 0:06.03[h:]min:sec. CPU time: user 6.71 sys 1.09 (129%). Peak memory: 396172KB.
Log                       Ext     Elapsed/s Peak Memory/MB sha1sum result [0:20)
6_report                                  6            386                  N/A
