Yosys 0.68+ (git sha1 a5af9d690, Release, GNU /usr/bin/c++ 11.4.0) [github.com/The-OpenROAD-Project/yosys at HEAD]
Using ABC speed script.
Extracting clock period from SDC file: /root/cac_runs/ntt_sp_12ns/results/sky130hd/cac_ntt_sp_12ns/base/clock_period.txt
1. Executing Liberty frontend: /opt/eda/orfs-6101364b/flow/platforms/sky130hd/lib/sky130_fd_sc_hd__tt_025C_1v80.lib
2. Executing Liberty frontend: /opt/eda/orfs-6101364b/flow/platforms/sky130hd/lib/sky130_fd_sc_hd__tt_025C_1v80.lib
3. Executing SLANG frontend.
3.1. Executing PROC_CLEAN pass (remove empty switches from decision trees).
3.2. Executing TRIBUF pass.
3.3. Executing PROC_RMDEAD pass (remove dead branches from decision trees).
3.4. Executing PROC_PRUNE pass (remove redundant assignments in processes).
3.5. Executing PROC_INIT pass (extract init attributes).
3.6. Executing PROC_ROM pass (convert switches to ROMs).
3.7. Executing PROC_MUX pass (convert decision trees to multiplexers).
3.8. Executing PROC_CLEAN pass (remove empty switches from decision trees).
3.9. Executing OPT_EXPR pass (perform const folding).
4. Executing HIERARCHY pass (managing design hierarchy).
4.1. Analyzing design hierarchy..
4.2. Analyzing design hierarchy..
5. Executing OPT_CLEAN pass (remove unused cells and wires).
6. Executing RTLIL backend.
End of script. Logfile hash: 102a8533e4, time: 0.24s, user: 0.18s, system: 0.03s, MEM: 60.86 MB peak
Yosys 0.68+ (git sha1 a5af9d690, Release, GNU /usr/bin/c++ 11.4.0) [github.com/The-OpenROAD-Project/yosys at HEAD]
Time spent: 66% 4x read_liberty (0 sec), 17% 2x read_slang (0 sec), ...
Elapsed time: 0:00.25[h:]min:sec. CPU time: user 0.20 sys 0.04 (95%). Peak memory: 64548KB.
Log                       Ext     Elapsed/s Peak Memory/MB sha1sum result [0:20)
1_1_yosys_canonicalize    .rtlil          0             63 6db275e307ec09632d6a
