OpenROAD f552262465b0bfef8f097e258f94bc501d01e19d 
Features included (+) or not (-): +GPU +GUI +Python
This program is licensed under the BSD-3 license. See the LICENSE file for details.
Components of this program may be licensed under more restrictive licenses which must be honored.
[INFO ORD-0030] Using 12 thread(s).
read_liberty /opt/eda/orfs-6101364b/flow/platforms/sky130hd/lib/sky130_fd_sc_hd__tt_025C_1v80.lib
read_db /root/cac_runs/ntt_sp_12ns/results/sky130hd/cac_ntt_sp_12ns/base/4_cts.odb
read_sdc /root/cac_runs/ntt_sp_12ns/results/sky130hd/cac_ntt_sp_12ns/base/4_cts.sdc
source /opt/eda/orfs-6101364b/flow/platforms/sky130hd/setRC.tcl
pin_access
[INFO DRT-0149] Reading tech and libs.
[WARNING DRT-0349] LEF58_ENCLOSURE with no CUTCLASS is not supported. Skipping for layer mcon
[WARNING DRT-0349] LEF58_ENCLOSURE with no CUTCLASS is not supported. Skipping for layer mcon
[WARNING DRT-0349] LEF58_ENCLOSURE with no CUTCLASS is not supported. Skipping for layer via
[WARNING DRT-0349] LEF58_ENCLOSURE with no CUTCLASS is not supported. Skipping for layer via
[WARNING DRT-0349] LEF58_ENCLOSURE with no CUTCLASS is not supported. Skipping for layer via2
[WARNING DRT-0349] LEF58_ENCLOSURE with no CUTCLASS is not supported. Skipping for layer via2
[WARNING DRT-0349] LEF58_ENCLOSURE with no CUTCLASS is not supported. Skipping for layer via3
[WARNING DRT-0349] LEF58_ENCLOSURE with no CUTCLASS is not supported. Skipping for layer via3
[WARNING DRT-0349] LEF58_ENCLOSURE with no CUTCLASS is not supported. Skipping for layer via4
[WARNING DRT-0349] LEF58_ENCLOSURE with no CUTCLASS is not supported. Skipping for layer via4

Units:                1000
Number of layers:     13
Number of macros:     441
Number of vias:       29
Number of viarulegen: 25

[INFO DRT-0150] Reading design.
[WARNING DRT-0120] Large net net2321 has 145 pins which may impact routing performance. Consider optimization.
[WARNING DRT-0120] Large net net2318 has 129 pins which may impact routing performance. Consider optimization.
[WARNING DRT-0120] Large net net2294 has 169 pins which may impact routing performance. Consider optimization.
[WARNING DRT-0120] Large net net2285 has 157 pins which may impact routing performance. Consider optimization.
[WARNING DRT-0120] Large net net2283 has 138 pins which may impact routing performance. Consider optimization.
[WARNING DRT-0120] Large net net2279 has 206 pins which may impact routing performance. Consider optimization.
[WARNING DRT-0120] Large net net2278 has 126 pins which may impact routing performance. Consider optimization.
[WARNING DRT-0120] Large net net2271 has 168 pins which may impact routing performance. Consider optimization.
[WARNING DRT-0120] Large net net2269 has 165 pins which may impact routing performance. Consider optimization.

Design:                   kyber_ntt_engine
Die area:                 ( 0 0 ) ( 645155 645155 )
Number of track patterns: 12
Number of DEF vias:       0
Number of components:     17645
Number of terminals:      57
Number of snets:          2
Number of nets:           12549

[INFO DRT-0167] List of default vias:
  Layer via
    default via: M1M2_PR
  Layer via2
    default via: M2M3_PR
  Layer via3
    default via: M3M4_PR
  Layer via4
    default via: M4M5_PR
[INFO DRT-0162] Library cell analysis.
[INFO DRT-0163] Instance analysis.
[INFO DRT-0164] Number of unique instances = 249.
[INFO DRT-0168] Init region query.
[INFO DRT-0024]   Complete FR_MASTERSLICE.
[INFO DRT-0024]   Complete Fr_VIA.
[INFO DRT-0024]   Complete li1.
[INFO DRT-0024]   Complete mcon.
[INFO DRT-0024]   Complete met1.
[INFO DRT-0024]   Complete via.
[INFO DRT-0024]   Complete met2.
[INFO DRT-0024]   Complete via2.
[INFO DRT-0024]   Complete met3.
[INFO DRT-0024]   Complete via3.
[INFO DRT-0024]   Complete met4.
[INFO DRT-0024]   Complete via4.
[INFO DRT-0024]   Complete met5.
[INFO DRT-0033] FR_MASTERSLICE shape region query size = 0.
[INFO DRT-0033] FR_VIA shape region query size = 0.
[INFO DRT-0033] li1 shape region query size = 596379.
[INFO DRT-0033] mcon shape region query size = 399186.
[INFO DRT-0033] met1 shape region query size = 122421.
[INFO DRT-0033] via shape region query size = 27730.
[INFO DRT-0033] met2 shape region query size = 16658.
[INFO DRT-0033] via2 shape region query size = 22184.
[INFO DRT-0033] met3 shape region query size = 16673.
[INFO DRT-0033] via3 shape region query size = 22184.
[INFO DRT-0033] met4 shape region query size = 6698.
[INFO DRT-0033] via4 shape region query size = 1105.
[INFO DRT-0033] met5 shape region query size = 1199.
[INFO DRT-0165] Start pin access.
[INFO DRT-0076]   Complete 1000 pins.
[INFO DRT-0076]   Complete 2000 pins.
[INFO DRT-0078]   Complete 2023 pins.
[INFO DRT-0079]   Complete 100 unique inst patterns.
[INFO DRT-0079]   Complete 200 unique inst patterns.
[INFO DRT-0081]   Complete 249 unique inst patterns.
[INFO DRT-0084]   Complete 8969 groups.
#scanned instances     = 17645
#unique  instances     = 249
#stdCellGenAp          = 9404
#stdCellValidPlanarAp  = 141
#stdCellValidViaAp     = 6057
#stdCellPinNoAp        = 10
#stdCellPinCnt         = 45999
#instTermValidViaApCnt = 0
#macroGenAp            = 0
#macroValidPlanarAp    = 0
#macroValidViaAp       = 0
#macroNoAp             = 0
[INFO DRT-0166] Complete pin access.
[INFO DRT-0267] cpu time = 00:07:24, elapsed time = 00:01:10, memory = 252.96 (MB), peak = 260.17 (MB)
Took 71 seconds: pin_access
global_route -congestion_report_file /root/cac_runs/ntt_sp_12ns/reports/sky130hd/cac_ntt_sp_12ns/base/congestion.rpt -congestion_iterations 30 -congestion_report_iter_step 5 -verbose
[INFO GRT-0020] Min routing layer: met1
[INFO GRT-0021] Max routing layer: met5
[INFO GRT-0022] Global adjustment: 0%
[INFO GRT-0023] Grid origin: (0, 0)
[INFO GRT-0088] Layer li1     Track-Pitch = 0.4600  line-2-Via Pitch: 0.3400
[INFO GRT-0088] Layer met1    Track-Pitch = 0.3400  line-2-Via Pitch: 0.3400
[INFO GRT-0088] Layer met2    Track-Pitch = 0.4600  line-2-Via Pitch: 0.3500
[INFO GRT-0088] Layer met3    Track-Pitch = 0.6800  line-2-Via Pitch: 0.6150
[INFO GRT-0088] Layer met4    Track-Pitch = 0.9200  line-2-Via Pitch: 1.0400
[INFO GRT-0088] Layer met5    Track-Pitch = 3.4000  line-2-Via Pitch: 3.1100
[INFO GRT-0003] Macros: 0
[INFO GRT-0004] Blockages: 109460
[INFO GRT-0019] Found 432 clock nets.
[INFO GRT-0001] Minimum degree: 2
[INFO GRT-0002] Maximum degree: 206

[INFO GRT-0053] Routing resources analysis:
          Routing      Original      Derated      Resource
Layer     Direction    Resources     Resources    Reduction (%)
---------------------------------------------------------------
li1        Vertical            0             0          0.00%
met1       Horizontal     121742         93975          22.81%
met2       Vertical       110952         85192          23.22%
met3       Horizontal      83030         65182          21.50%
met4       Vertical        54740         39008          28.74%
met5       Horizontal      12236          8648          29.32%
---------------------------------------------------------------

[INFO GRT-0101] Running extra iterations to remove congestion.
[INFO GRT-0102] Start extra iteration 1/30
[INFO GRT-0102] Start extra iteration 2/30
[INFO GRT-0102] Start extra iteration 3/30
[INFO GRT-0197] Via related to pin nodes: 84141
[INFO GRT-0198] Via related Steiner nodes: 2632
[INFO GRT-0199] Via filling finished.
[INFO GRT-0111] Final number of vias: 107920
[INFO GRT-0112] Final usage 3D: 397769

[INFO GRT-0096] Final congestion report:
Layer         Resource        Demand        Usage (%)    Max H / Max V / Total Congestion
---------------------------------------------------------------------------------------
li1                  0             0            0.00%             0 /  0 /  0
met1             93975         32252           34.32%             0 /  0 /  0
met2             85192         35752           41.97%             0 /  0 /  0
met3             65182          2439            3.74%             0 /  0 /  0
met4             39008          3566            9.14%             0 /  0 /  0
met5              8648             0            0.00%             0 /  0 /  0
---------------------------------------------------------------------------------------
Total           292005         74009           25.35%             0 /  0 /  0

[INFO GRT-0018] Total wirelength: 768377 um
[INFO GRT-0014] Routed nets: 12491
[INFO GRT-0303] Global routing runtime = 00:00:06
Took 6 seconds: global_route -congestion_report_file /root/cac_runs/ntt_sp_12ns/reports/sky130hd/cac_ntt_sp_12ns/base/congestion.rpt -congestion_iterations 30 -congestion_report_iter_step 5 -verbose
estimate_parasitics -global_routing
Perform buffer insertion and gate resizing...
repair_design -verbose
Iteration |   Area    | Resized | Buffers | Nets repaired | Remaining
---------------------------------------------------------------------
        0 |     +0.0% |       0 |       0 |             0 |     12902
[WARNING RSZ-0104] Net _06895_ only has one pin. Check if it is intended to be dangling.
[WARNING RSZ-0104] Net _06931_ only has one pin. Check if it is intended to be dangling.
[WARNING RSZ-0104] Net _06908_ only has one pin. Check if it is intended to be dangling.
     1000 |     +0.0% |       0 |       0 |             0 |     11902
[WARNING RSZ-0104] Net _06993_ only has one pin. Check if it is intended to be dangling.
[WARNING RSZ-0104] Net _06992_ only has one pin. Check if it is intended to be dangling.
[WARNING RSZ-0104] Net _07104_ only has one pin. Check if it is intended to be dangling.
[WARNING RSZ-0104] Net _07105_ only has one pin. Check if it is intended to be dangling.
[WARNING RSZ-0104] Net _07101_ only has one pin. Check if it is intended to be dangling.
[WARNING RSZ-0104] Net _07100_ only has one pin. Check if it is intended to be dangling.
[WARNING RSZ-0104] Net _07040_ only has one pin. Check if it is intended to be dangling.
[WARNING RSZ-0104] Net _07082_ only has one pin. Check if it is intended to be dangling.
[WARNING RSZ-0104] Net _07038_ only has one pin. Check if it is intended to be dangling.
[WARNING RSZ-0104] Net _06971_ only has one pin. Check if it is intended to be dangling.
[WARNING RSZ-0104] Net _07081_ only has one pin. Check if it is intended to be dangling.
[WARNING RSZ-0104] Net _07096_ only has one pin. Check if it is intended to be dangling.
[WARNING RSZ-0104] Net _06894_ only has one pin. Check if it is intended to be dangling.
[WARNING RSZ-0104] Net _06288_ only has one pin. Check if it is intended to be dangling.
     2000 |     +0.0% |       0 |       0 |             0 |     10902
[WARNING RSZ-0104] Net _07085_ only has one pin. Check if it is intended to be dangling.
[WARNING RSZ-0104] Net u_mul_reduce.prod\[2\] only has one pin. Check if it is intended to be dangling.
[WARNING RSZ-0104] Net _06910_ only has one pin. Check if it is intended to be dangling.
     3000 |     +0.0% |       0 |       0 |             0 |      9902
     4000 |     +0.0% |       0 |       0 |             0 |      8902
     5000 |     +0.0% |       0 |       0 |             0 |      7902
     6000 |     +0.0% |       0 |       0 |             0 |      6902
[WARNING RSZ-0104] Net _06922_ only has one pin. Check if it is intended to be dangling.
[WARNING RSZ-0104] Net _06901_ only has one pin. Check if it is intended to be dangling.
[WARNING RSZ-0104] Net _07010_ only has one pin. Check if it is intended to be dangling.
[WARNING RSZ-0104] Net _06914_ only has one pin. Check if it is intended to be dangling.
     7000 |     +0.0% |       0 |       0 |             0 |      5902
[WARNING RSZ-0104] Net _07063_ only has one pin. Check if it is intended to be dangling.
[WARNING RSZ-0104] Net _07061_ only has one pin. Check if it is intended to be dangling.
[WARNING RSZ-0104] Net _07058_ only has one pin. Check if it is intended to be dangling.
[WARNING RSZ-0104] Net _07054_ only has one pin. Check if it is intended to be dangling.
[WARNING RSZ-0104] Net _07053_ only has one pin. Check if it is intended to be dangling.
[WARNING RSZ-0104] Net _07026_ only has one pin. Check if it is intended to be dangling.
[WARNING RSZ-0104] Net _06976_ only has one pin. Check if it is intended to be dangling.
[WARNING RSZ-0104] Net _07103_ only has one pin. Check if it is intended to be dangling.
[WARNING RSZ-0104] Net _07093_ only has one pin. Check if it is intended to be dangling.
[WARNING RSZ-0104] Net _07092_ only has one pin. Check if it is intended to be dangling.
[WARNING RSZ-0104] Net _07091_ only has one pin. Check if it is intended to be dangling.
[WARNING RSZ-0104] Net _07090_ only has one pin. Check if it is intended to be dangling.
[WARNING RSZ-0104] Net _07089_ only has one pin. Check if it is intended to be dangling.
[WARNING RSZ-0104] Net _07075_ only has one pin. Check if it is intended to be dangling.
[WARNING RSZ-0104] Net _07071_ only has one pin. Check if it is intended to be dangling.
[WARNING RSZ-0104] Net _07070_ only has one pin. Check if it is intended to be dangling.
[WARNING RSZ-0104] Net _07064_ only has one pin. Check if it is intended to be dangling.
[WARNING RSZ-0104] Net _07062_ only has one pin. Check if it is intended to be dangling.
[WARNING RSZ-0104] Net _07059_ only has one pin. Check if it is intended to be dangling.
[WARNING RSZ-0104] Net _07055_ only has one pin. Check if it is intended to be dangling.
[WARNING RSZ-0104] Net _07050_ only has one pin. Check if it is intended to be dangling.
[WARNING RSZ-0104] Net _07049_ only has one pin. Check if it is intended to be dangling.
[WARNING RSZ-0104] Net _07047_ only has one pin. Check if it is intended to be dangling.
[WARNING RSZ-0104] Net _07044_ only has one pin. Check if it is intended to be dangling.
[WARNING RSZ-0104] Net _07043_ only has one pin. Check if it is intended to be dangling.
[WARNING RSZ-0104] Net _07033_ only has one pin. Check if it is intended to be dangling.
[WARNING RSZ-0104] Net _07027_ only has one pin. Check if it is intended to be dangling.
[WARNING RSZ-0104] Net _07013_ only has one pin. Check if it is intended to be dangling.
[WARNING RSZ-0104] Net _06979_ only has one pin. Check if it is intended to be dangling.
[WARNING RSZ-0104] Net _06977_ only has one pin. Check if it is intended to be dangling.
[WARNING RSZ-0104] Net _06962_ only has one pin. Check if it is intended to be dangling.
[WARNING RSZ-0104] Net _06930_ only has one pin. Check if it is intended to be dangling.
[WARNING RSZ-0104] Net _06916_ only has one pin. Check if it is intended to be dangling.
[WARNING RSZ-0104] Net _06953_ only has one pin. Check if it is intended to be dangling.
     8000 |     +0.0% |       0 |       0 |             0 |      4902
     9000 |     +0.0% |       0 |       0 |             0 |      3902
    10000 |     +0.0% |       0 |       0 |             0 |      2902
    11000 |     +0.0% |       0 |       0 |             0 |      1902
    12000 |     +0.0% |       0 |       0 |             0 |       902
    final |     +0.0% |       0 |       0 |             0 |         0
---------------------------------------------------------------------
[INFO RSZ-0504] Runtime: 4.43s
Took 6 seconds: repair_design -verbose
global_route -start_incremental
detailed_placement
[INFO DPL-0006] Core area: 410762.70 um^2
[INFO DPL-0007] Movable instances area: 208989.19 um^2
[INFO DPL-0008] Fixed instances area within core: 6820.29 um^2
[INFO DPL-0009] Utilization: 52.5%
[INFO DPL-0005] Diamond search max displacement: +/- 500 sites horizontally, +/- 100 rows vertically.
[INFO DPL-1102] Legalizing using negotiation legalizer.
[INFO DPL-1103] Negotiation base search window: +/-20 sites horizontally, +/-5 rows vertically 
	Automatic search window extension enabled.
	Search window extendable up to the max displacement cap of +/-500 sites, +/-100 rows near walls.
[INFO DPL-1104] NegotiationLegalizer DRC penalty: 5.
[INFO DPL-0392] Negotiation cell height distribution (1 unique row-count(s)):
[INFO DPL-0393]   height 1 row(s): 17645 cells
[INFO DPL-0500] Runtime: 0.15s
Placement Analysis
---------------------------------
total displacement          0.0 u
average displacement        0.0 u
max displacement            0.0 u
original HPWL          373903.7 u
legalized HPWL         373903.7 u
delta HPWL                    0 %

global_route -end_incremental -congestion_report_file /root/cac_runs/ntt_sp_12ns/reports/sky130hd/cac_ntt_sp_12ns/base/congestion_post_repair_design.rpt
Repair setup and hold violations...
estimate_parasitics -global_routing
repair_timing -setup_margin 0 -hold_margin 0 -repair_tns 100 -verbose
[INFO RSZ-0100] Repair move sequence: UnbufferMove SizeUpMove SwapPinsMove BufferMove CloneMove SplitLoadMove 
[INFO RSZ-0094] Found 12 endpoints with setup violations.
[INFO RSZ-0099] Repairing 12 out of 12 (100.00%) violating endpoints...
   Iter   | Removed | Resized | Inserted | Cloned |  Pin  |   Area   |    WNS   |   StTNS    |   EnTNS    |  Viol  |  Worst  
          | Buffers |  Gates  | Buffers  |  Gates | Swaps |          |          |            |            | Endpts | St/EnPt 
------------------------------------------------------------------------------------------------------------------------------
       0* |       0 |       0 |        0 |      0 |     0 |    +0.0% |   -9.913 |     -385.7 |     -118.3 |     12 | mul_reduced_q\[8\]$_DFFE_PN0P_/D
      10* |       0 |       9 |        0 |      0 |     0 |    +0.0% |   -9.679 |     -378.7 |     -115.5 |     12 | mul_reduced_q\[8\]$_DFFE_PN0P_/D
      20* |       0 |      13 |        2 |      0 |     4 |    +0.0% |   -9.718 |     -380.8 |     -115.9 |     12 | mul_reduced_q\[8\]$_DFFE_PN0P_/D
      30* |       0 |      17 |        4 |      0 |     8 |    +0.0% |   -9.622 |     -378.1 |     -114.8 |     12 | mul_reduced_q\[8\]$_DFFE_PN0P_/D
      40* |       0 |      24 |        5 |      0 |    10 |    +0.1% |   -9.579 |     -376.4 |     -114.3 |     12 | mul_reduced_q\[8\]$_DFFE_PN0P_/D
      50* |       0 |      28 |        7 |      0 |    14 |    +0.1% |   -9.605 |     -376.6 |     -114.6 |     12 | mul_reduced_q\[8\]$_DFFE_PN0P_/D
      60* |       0 |      30 |       10 |      0 |    19 |    +0.1% |   -9.605 |     -377.8 |     -114.6 |     12 | mul_reduced_q\[8\]$_DFFE_PN0P_/D
      70* |       0 |      32 |       12 |      0 |    26 |    +0.1% |   -9.577 |     -378.1 |     -114.2 |     12 | mul_reduced_q\[8\]$_DFFE_PN0P_/D
      80* |       0 |      36 |       13 |      0 |    31 |    +0.1% |   -9.551 |     -376.8 |     -113.9 |     12 | mul_reduced_q\[8\]$_DFFE_PN0P_/D
      90* |       0 |      38 |       13 |      0 |    39 |    +0.1% |   -9.550 |     -376.7 |     -113.9 |     12 | mul_reduced_q\[8\]$_DFFE_PN0P_/D
     100* |       0 |      38 |       14 |      0 |    48 |    +0.1% |   -9.567 |     -377.7 |     -114.1 |     12 | mul_reduced_q\[8\]$_DFFE_PN0P_/D
     110* |       0 |      43 |       14 |      0 |    53 |    +0.2% |   -9.572 |     -377.9 |     -114.2 |     12 | mul_reduced_q\[8\]$_DFFE_PN0P_/D
     120* |       0 |      46 |       18 |      0 |    57 |    +0.2% |   -9.485 |     -374.0 |     -113.1 |     12 | mul_reduced_q\[8\]$_DFFE_PN0P_/D
     130* |       0 |      50 |       20 |      0 |    61 |    +0.2% |   -9.462 |     -372.9 |     -112.9 |     12 | mul_reduced_q\[8\]$_DFFE_PN0P_/D
     140* |       0 |      53 |       22 |      0 |    66 |    +0.2% |   -9.433 |     -371.6 |     -112.5 |     12 | mul_reduced_q\[8\]$_DFFE_PN0P_/D
     150* |       0 |      58 |       22 |      0 |    71 |    +0.2% |   -9.480 |     -372.1 |     -113.1 |     12 | mul_reduced_q\[8\]$_DFFE_PN0P_/D
     160* |       0 |      62 |       23 |      0 |    76 |    +0.2% |   -9.398 |     -369.0 |     -112.1 |     12 | mul_reduced_q\[8\]$_DFFE_PN0P_/D
     170* |       0 |      64 |       24 |      0 |    83 |    +0.2% |   -9.468 |     -370.1 |     -112.9 |     12 | mul_reduced_q\[8\]$_DFFE_PN0P_/D
     180* |       0 |      68 |       24 |      0 |    89 |    +0.2% |   -9.416 |     -368.7 |     -112.3 |     12 | mul_reduced_q\[8\]$_DFFE_PN0P_/D
     190* |       0 |      76 |       24 |      0 |    91 |    +0.3% |   -9.398 |     -367.8 |     -112.1 |     12 | mul_reduced_q\[8\]$_DFFE_PN0P_/D
     200* |       1 |      81 |       24 |      0 |    95 |    +0.3% |   -9.394 |     -367.8 |     -112.1 |     12 | mul_reduced_q\[8\]$_DFFE_PN0P_/D
     210* |       1 |      84 |       25 |      0 |   101 |    +0.3% |   -9.481 |     -372.3 |     -113.2 |     12 | mul_reduced_q\[9\]$_DFFE_PN0P_/D
     220* |       1 |      87 |       27 |      0 |   106 |    +0.3% |   -9.492 |     -372.7 |     -113.3 |     12 | mul_reduced_q\[9\]$_DFFE_PN0P_/D
     230* |       1 |      91 |       28 |      0 |   111 |    +0.3% |   -9.462 |     -370.7 |     -112.9 |     12 | mul_reduced_q\[9\]$_DFFE_PN0P_/D
     240* |       1 |      97 |       28 |      0 |   115 |    +0.3% |   -9.458 |     -370.7 |     -112.9 |     12 | mul_reduced_q\[9\]$_DFFE_PN0P_/D
     250* |       1 |     103 |       28 |      0 |   119 |    +0.3% |   -9.418 |     -369.1 |     -112.5 |     12 | mul_reduced_q\[1\]$_DFFE_PN0P_/D
     254* |       1 |      83 |       25 |      0 |    96 |    +0.3% |   -9.346 |     -365.4 |     -111.5 |     12 | mul_reduced_q\[9\]$_DFFE_PN0P_/D
     260* |       1 |      87 |       26 |      0 |    96 |    +0.3% |   -9.312 |     -363.7 |     -111.1 |     12 | mul_reduced_q\[9\]$_DFFE_PN0P_/D
     270* |       1 |      92 |       28 |      0 |    99 |    +0.3% |   -9.433 |     -369.3 |     -112.6 |     12 | mul_reduced_q\[9\]$_DFFE_PN0P_/D
     280* |       1 |     100 |       28 |      0 |   101 |    +0.3% |   -9.308 |     -363.5 |     -111.1 |     12 | mul_reduced_q\[9\]$_DFFE_PN0P_/D
     290* |       1 |     102 |       30 |      0 |   107 |    +0.3% |   -9.278 |     -362.3 |     -110.7 |     12 | mul_reduced_q\[9\]$_DFFE_PN0P_/D
     300* |       1 |     106 |       30 |      0 |   113 |    +0.4% |   -9.280 |     -362.6 |     -110.8 |     12 | mul_reduced_q\[9\]$_DFFE_PN0P_/D
     310* |       1 |     110 |       33 |      0 |   116 |    +0.4% |   -9.289 |     -363.0 |     -110.9 |     12 | mul_reduced_q\[9\]$_DFFE_PN0P_/D
     320* |       1 |     113 |       35 |      0 |   121 |    +0.4% |   -9.315 |     -364.0 |     -111.2 |     12 | mul_reduced_q\[9\]$_DFFE_PN0P_/D
     330* |       1 |     117 |       36 |      0 |   126 |    +0.4% |   -9.298 |     -362.9 |     -111.0 |     12 | mul_reduced_q\[9\]$_DFFE_PN0P_/D
     340* |       1 |     119 |       37 |      0 |   133 |    +0.4% |   -9.295 |     -361.8 |     -110.9 |     12 | mul_reduced_q\[9\]$_DFFE_PN0P_/D
     350* |       1 |     123 |       40 |      0 |   137 |    +0.4% |   -9.309 |     -362.3 |     -111.1 |     12 | mul_reduced_q\[9\]$_DFFE_PN0P_/D
     356* |       1 |     123 |       40 |      0 |   135 |    +0.4% |   -9.265 |     -361.3 |     -110.6 |     12 | mul_reduced_q\[9\]$_DFFE_PN0P_/D
     359* |       1 |     124 |       40 |      0 |   136 |    +0.4% |   -9.265 |     -361.3 |     -110.6 |     12 | mul_reduced_q\[9\]$_DFFE_PN0P_/D
     360* |       1 |     124 |       40 |      0 |   136 |    +0.4% |   -9.265 |     -361.3 |     -110.6 |     12 | mul_reduced_q\[9\]$_DFFE_PN0P_/D
     361* |       1 |     124 |       40 |      0 |   136 |    +0.4% |   -9.265 |     -361.3 |     -110.6 |     12 | mul_reduced_q\[9\]$_DFFE_PN0P_/D
     365* |       1 |     126 |       40 |      0 |   137 |    +0.5% |   -9.265 |     -361.3 |     -110.6 |     12 | mul_reduced_q\[9\]$_DFFE_PN0P_/D
     367* |       1 |     126 |       40 |      0 |   137 |    +0.5% |   -9.265 |     -361.3 |     -110.6 |     12 | mul_reduced_q\[9\]$_DFFE_PN0P_/D
     368* |       1 |     126 |       40 |      0 |   137 |    +0.5% |   -9.265 |     -361.3 |     -110.6 |     12 | mul_reduced_q\[9\]$_DFFE_PN0P_/D
     370* |       1 |     127 |       40 |      0 |   137 |    +0.5% |   -9.267 |     -361.4 |     -110.5 |     12 | mul_reduced_q\[9\]$_DFFE_PN0P_/D
     372* |       1 |     126 |       40 |      0 |   137 |    +0.5% |   -9.265 |     -361.3 |     -110.6 |     12 | mul_reduced_q\[9\]$_DFFE_PN0P_/D
     374* |       1 |     126 |       40 |      0 |   137 |    +0.5% |   -9.265 |     -361.3 |     -110.6 |     12 | mul_reduced_q\[9\]$_DFFE_PN0P_/D
     375* |       1 |     126 |       40 |      0 |   137 |    +0.5% |   -9.265 |     -361.3 |     -110.6 |     12 | mul_reduced_q\[9\]$_DFFE_PN0P_/D
     380* |       1 |     128 |       40 |      0 |   139 |    +0.5% |   -9.269 |     -361.5 |     -110.6 |     12 | mul_reduced_q\[9\]$_DFFE_PN0P_/D
     380* |       1 |     127 |       40 |      0 |   137 |    +0.5% |   -9.265 |     -361.3 |     -110.5 |     12 | mul_reduced_q\[9\]$_DFFE_PN0P_/D
     382* |       1 |     127 |       40 |      0 |   137 |    +0.5% |   -9.265 |     -361.3 |     -110.5 |     12 | mul_reduced_q\[9\]$_DFFE_PN0P_/D
     382* |       1 |     127 |       40 |      0 |   137 |    +0.5% |   -9.265 |     -361.3 |     -110.5 |     12 | mul_reduced_q\[9\]$_DFFE_PN0P_/D
     383+ |       1 |     127 |       40 |      0 |   137 |    +0.5% |   -9.265 |     -361.3 |     -110.5 |     12 | mul_reduced_q\[9\]$_DFFE_PN0P_/D
     384+ |       1 |     127 |       40 |      0 |   137 |    +0.5% |   -9.265 |     -361.3 |     -110.5 |     12 | mul_reduced_q\[9\]$_DFFE_PN0P_/D
     385+ |       1 |     127 |       40 |      0 |   137 |    +0.5% |   -9.265 |     -361.3 |     -110.5 |     12 | mul_reduced_q\[9\]$_DFFE_PN0P_/D
     387+ |       1 |     128 |       40 |      0 |   137 |    +0.5% |   -9.265 |     -361.3 |     -110.5 |     12 | mul_reduced_q\[9\]$_DFFE_PN0P_/D
     388+ |       1 |     128 |       40 |      0 |   137 |    +0.5% |   -9.265 |     -361.3 |     -110.5 |     12 | mul_reduced_q\[9\]$_DFFE_PN0P_/D
     389+ |       1 |     128 |       40 |      0 |   137 |    +0.5% |   -9.265 |     -361.3 |     -110.5 |     12 | mul_reduced_q\[9\]$_DFFE_PN0P_/D
     390+ |       1 |     128 |       40 |      0 |   137 |    +0.5% |   -9.265 |     -361.3 |     -110.5 |     12 | mul_reduced_q\[9\]$_DFFE_PN0P_/D
     390+ |       1 |     128 |       40 |      0 |   137 |    +0.5% |   -9.265 |     -361.3 |     -110.5 |     12 | mul_reduced_q\[9\]$_DFFE_PN0P_/D
     391+ |       1 |     128 |       40 |      0 |   137 |    +0.5% |   -9.265 |     -361.3 |     -110.5 |     12 | mul_reduced_q\[9\]$_DFFE_PN0P_/D
     392+ |       1 |     128 |       40 |      0 |   137 |    +0.5% |   -9.265 |     -361.3 |     -110.5 |     12 | mul_reduced_q\[9\]$_DFFE_PN0P_/D
     393+ |       1 |     128 |       40 |      0 |   137 |    +0.5% |   -9.265 |     -361.3 |     -110.5 |     12 | mul_reduced_q\[9\]$_DFFE_PN0P_/D
     394+ |       1 |     128 |       40 |      0 |   137 |    +0.5% |   -9.265 |     -361.3 |     -110.5 |     12 | mul_reduced_q\[9\]$_DFFE_PN0P_/D
     395+ |       1 |     128 |       40 |      0 |   137 |    +0.5% |   -9.265 |     -361.3 |     -110.5 |     12 | mul_reduced_q\[9\]$_DFFE_PN0P_/D
    final |       1 |     128 |       40 |      0 |   137 |    +0.5% |   -9.265 |     -361.3 |     -110.5 |     12 | mul_reduced_q\[9\]$_DFFE_PN0P_/D
------------------------------------------------------------------------------------------------------------------------------
[INFO RSZ-0059] Removed 1 buffers.
[INFO RSZ-0040] Inserted 40 buffers.
[INFO RSZ-0051] Resized 128 instances: 128 up, 0 up match, 0 down, 0 VT
[INFO RSZ-0043] Swapped pins on 137 instances.
[WARNING RSZ-0062] Unable to repair all setup violations.
[INFO RSZ-0505] Runtime: 124.78s
[INFO RSZ-0033] No hold violations found.
[INFO RSZ-0506] Runtime: 0.15s
Took 129 seconds: repair_timing -setup_margin 0 -hold_margin 0 -repair_tns 100 -verbose
global_route -start_incremental
detailed_placement
[INFO DPL-0006] Core area: 410762.70 um^2
[INFO DPL-0007] Movable instances area: 209971.38 um^2
[INFO DPL-0008] Fixed instances area within core: 6820.29 um^2
[INFO DPL-0009] Utilization: 52.8%
[INFO DPL-0005] Diamond search max displacement: +/- 500 sites horizontally, +/- 100 rows vertically.
[INFO DPL-1102] Legalizing using negotiation legalizer.
[INFO DPL-1103] Negotiation base search window: +/-20 sites horizontally, +/-5 rows vertically 
	Automatic search window extension enabled.
	Search window extendable up to the max displacement cap of +/-500 sites, +/-100 rows near walls.
[INFO DPL-1104] NegotiationLegalizer DRC penalty: 5.
[INFO DPL-0392] Negotiation cell height distribution (1 unique row-count(s)):
[INFO DPL-0393]   height 1 row(s): 17684 cells
          |      Total |  Illegal |  Illegal
Iteration | Violations |    Cells |    Sites
---------------------------------------------
        0 |         16 |         4 |        12
        1 |          0 |         0 |         0
Negotiation phase 1 converged at iteration 1.
[INFO DPL-0500] Runtime: 0.14s
Placement Analysis
---------------------------------
total displacement        621.8 u
average displacement        0.0 u
max displacement           16.3 u
original HPWL          374243.5 u
legalized HPWL         374827.3 u
delta HPWL                    0 %

check_placement -verbose
global_route -end_incremental -congestion_report_file /root/cac_runs/ntt_sp_12ns/reports/sky130hd/cac_ntt_sp_12ns/base/congestion_post_repair_timing.rpt
estimate_parasitics -global_routing
global_route -start_incremental
global_route -end_incremental -congestion_report_file /root/cac_runs/ntt_sp_12ns/reports/sky130hd/cac_ntt_sp_12ns/base/congestion_post_recover_power.rpt
Repair antennas...
[INFO GRT-0012] Found 28 antenna violations.
[INFO GRT-0302] Inserted 32 jumpers for 27 nets.
[INFO GRT-0012] Found 1 antenna violations.
[INFO DPL-0006] Core area: 410762.70 um^2
[INFO DPL-0007] Movable instances area: 209946.36 um^2
[INFO DPL-0008] Fixed instances area within core: 6847.82 um^2
[INFO DPL-0009] Utilization: 52.8%
[INFO DPL-0005] Diamond search max displacement: +/- 500 sites horizontally, +/- 100 rows vertically.
[INFO DPL-1102] Legalizing using negotiation legalizer.
[INFO DPL-1103] Negotiation base search window: +/-20 sites horizontally, +/-5 rows vertically 
	Automatic search window extension enabled.
	Search window extendable up to the max displacement cap of +/-500 sites, +/-100 rows near walls.
[INFO DPL-1104] NegotiationLegalizer DRC penalty: 5.
[INFO DPL-0392] Negotiation cell height distribution (1 unique row-count(s)):
[INFO DPL-0393]   height 1 row(s): 17685 cells
          |      Total |  Illegal |  Illegal
Iteration | Violations |    Cells |    Sites
---------------------------------------------
        0 |          0 |         0 |         0
Negotiation phase 1 converged at iteration 0.
[INFO DPL-0500] Runtime: 0.17s
[INFO GRT-0015] Inserted 1 diodes.
[INFO GRT-0012] Found 0 antenna violations.
[INFO ANT-0002] Found 0 net violations.
[INFO ANT-0001] Found 0 pin violations.
Estimate parasitics...
estimate_parasitics -global_routing
Report metrics stage 5, global route...

==========================================================================
global route report_design_area
--------------------------------------------------------------------------
Design area 216794 um^2 53% utilization.
[INFO FLW-0007] clock clk period 12.000000
[INFO FLW-0008] Clock clk period 20.293
[INFO FLW-0009] Clock clk slack -9.361
write_sdc -no_timestamp /root/cac_runs/ntt_sp_12ns/results/sky130hd/cac_ntt_sp_12ns/base/updated_clks.sdc
[INFO FLW-0011] Path endpoint path count 8964
write_db /root/cac_runs/ntt_sp_12ns/results/sky130hd/cac_ntt_sp_12ns/base/5_1_grt.odb
write_sdc -no_timestamp /root/cac_runs/ntt_sp_12ns/results/sky130hd/cac_ntt_sp_12ns/base/5_1_grt.sdc
Elapsed time: 4:08.35[h:]min:sec. CPU time: user 842.75 sys 15.16 (345%). Peak memory: 632896KB.
Log                       Ext     Elapsed/s Peak Memory/MB sha1sum result [0:20)
5_1_grt                   .odb          248            618 9e648c96033e2f735c8e
5_1_grt                   .sdc                             15b1bd794b31f27ede29
