OpenROAD f552262465b0bfef8f097e258f94bc501d01e19d 
Features included (+) or not (-): +GPU +GUI +Python
This program is licensed under the BSD-3 license. See the LICENSE file for details.
Components of this program may be licensed under more restrictive licenses which must be honored.
[INFO ORD-0030] Using 12 thread(s).
read_liberty /opt/eda/orfs-6101364b/flow/platforms/sky130hd/lib/sky130_fd_sc_hd__tt_025C_1v80.lib
read_db /root/cac_runs/ntt_sp_12ns/results/sky130hd/cac_ntt_sp_12ns/base/5_1_grt.odb
read_sdc /root/cac_runs/ntt_sp_12ns/results/sky130hd/cac_ntt_sp_12ns/base/5_1_grt.sdc
source /opt/eda/orfs-6101364b/flow/platforms/sky130hd/setRC.tcl
detailed_route -output_drc /root/cac_runs/ntt_sp_12ns/reports/sky130hd/cac_ntt_sp_12ns/base/5_route_drc.rpt -output_maze /root/cac_runs/ntt_sp_12ns/results/sky130hd/cac_ntt_sp_12ns/base/maze.log -droute_end_iter 64 -verbose 1 -drc_report_iter_step 5
[INFO DRT-0149] Reading tech and libs.
[WARNING DRT-0349] LEF58_ENCLOSURE with no CUTCLASS is not supported. Skipping for layer mcon
[WARNING DRT-0349] LEF58_ENCLOSURE with no CUTCLASS is not supported. Skipping for layer mcon
[WARNING DRT-0349] LEF58_ENCLOSURE with no CUTCLASS is not supported. Skipping for layer via
[WARNING DRT-0349] LEF58_ENCLOSURE with no CUTCLASS is not supported. Skipping for layer via
[WARNING DRT-0349] LEF58_ENCLOSURE with no CUTCLASS is not supported. Skipping for layer via2
[WARNING DRT-0349] LEF58_ENCLOSURE with no CUTCLASS is not supported. Skipping for layer via2
[WARNING DRT-0349] LEF58_ENCLOSURE with no CUTCLASS is not supported. Skipping for layer via3
[WARNING DRT-0349] LEF58_ENCLOSURE with no CUTCLASS is not supported. Skipping for layer via3
[WARNING DRT-0349] LEF58_ENCLOSURE with no CUTCLASS is not supported. Skipping for layer via4
[WARNING DRT-0349] LEF58_ENCLOSURE with no CUTCLASS is not supported. Skipping for layer via4

Units:                1000
Number of layers:     13
Number of macros:     441
Number of vias:       29
Number of viarulegen: 25

[INFO DRT-0150] Reading design.
[WARNING DRT-0120] Large net net2321 has 145 pins which may impact routing performance. Consider optimization.
[WARNING DRT-0120] Large net net2318 has 129 pins which may impact routing performance. Consider optimization.
[WARNING DRT-0120] Large net net2294 has 169 pins which may impact routing performance. Consider optimization.
[WARNING DRT-0120] Large net net2285 has 157 pins which may impact routing performance. Consider optimization.
[WARNING DRT-0120] Large net net2283 has 138 pins which may impact routing performance. Consider optimization.
[WARNING DRT-0120] Large net net2279 has 206 pins which may impact routing performance. Consider optimization.
[WARNING DRT-0120] Large net net2278 has 126 pins which may impact routing performance. Consider optimization.
[WARNING DRT-0120] Large net net2271 has 168 pins which may impact routing performance. Consider optimization.
[WARNING DRT-0120] Large net net2269 has 165 pins which may impact routing performance. Consider optimization.

Design:                   kyber_ntt_engine
Die area:                 ( 0 0 ) ( 645155 645155 )
Number of track patterns: 12
Number of DEF vias:       0
Number of components:     17685
Number of terminals:      57
Number of snets:          2
Number of nets:           12588

[INFO DRT-0167] List of default vias:
  Layer via
    default via: M1M2_PR
  Layer via2
    default via: M2M3_PR
  Layer via3
    default via: M3M4_PR
  Layer via4
    default via: M4M5_PR
[INFO DRT-0162] Library cell analysis.
[INFO DRT-0163] Instance analysis.
[INFO DRT-0164] Number of unique instances = 263.
[INFO DRT-0168] Init region query.
[INFO DRT-0024]   Complete FR_MASTERSLICE.
[INFO DRT-0024]   Complete Fr_VIA.
[INFO DRT-0024]   Complete li1.
[INFO DRT-0024]   Complete mcon.
[INFO DRT-0024]   Complete met1.
[INFO DRT-0024]   Complete via.
[INFO DRT-0024]   Complete met2.
[INFO DRT-0024]   Complete via2.
[INFO DRT-0024]   Complete met3.
[INFO DRT-0024]   Complete via3.
[INFO DRT-0024]   Complete met4.
[INFO DRT-0024]   Complete via4.
[INFO DRT-0024]   Complete met5.
[INFO DRT-0033] FR_MASTERSLICE shape region query size = 0.
[INFO DRT-0033] FR_VIA shape region query size = 0.
[INFO DRT-0033] li1 shape region query size = 598635.
[INFO DRT-0033] mcon shape region query size = 400776.
[INFO DRT-0033] met1 shape region query size = 122529.
[INFO DRT-0033] via shape region query size = 27730.
[INFO DRT-0033] met2 shape region query size = 16658.
[INFO DRT-0033] via2 shape region query size = 22184.
[INFO DRT-0033] met3 shape region query size = 16673.
[INFO DRT-0033] via3 shape region query size = 22184.
[INFO DRT-0033] met4 shape region query size = 6698.
[INFO DRT-0033] via4 shape region query size = 1105.
[INFO DRT-0033] met5 shape region query size = 1199.
[INFO DRT-0165] Start pin access.
[INFO DRT-0076]   Complete 1000 pins.
[INFO DRT-0076]   Complete 2000 pins.
[INFO DRT-0078]   Complete 2131 pins.
[INFO DRT-0079]   Complete 100 unique inst patterns.
[INFO DRT-0079]   Complete 200 unique inst patterns.
[INFO DRT-0081]   Complete 263 unique inst patterns.
[INFO DRT-0084]   Complete 9002 groups.
#scanned instances     = 17685
#unique  instances     = 263
#stdCellGenAp          = 9858
#stdCellValidPlanarAp  = 150
#stdCellValidViaAp     = 6348
#stdCellPinNoAp        = 10
#stdCellPinCnt         = 46077
#instTermValidViaApCnt = 0
#macroGenAp            = 0
#macroValidPlanarAp    = 0
#macroValidViaAp       = 0
#macroNoAp             = 0
[INFO DRT-0166] Complete pin access.
[INFO DRT-0267] cpu time = 00:07:23, elapsed time = 00:01:06, memory = 401.52 (MB), peak = 408.58 (MB)
[INFO DRT-0156] guideIn read 100000 guides.

[INFO DRT-0157] Number of guides:     115537

[INFO DRT-0169] Post process guides.
[INFO DRT-0176] GCELLGRID X 0 DO 93 STEP 6900 ;
[INFO DRT-0177] GCELLGRID Y 0 DO 93 STEP 6900 ;
[INFO DRT-0026]   Complete 100000 origin guides.
[INFO DRT-0028]   Complete FR_MASTERSLICE.
[INFO DRT-0028]   Complete Fr_VIA.
[INFO DRT-0028]   Complete li1.
[INFO DRT-0028]   Complete mcon.
[INFO DRT-0028]   Complete met1.
[INFO DRT-0028]   Complete via.
[INFO DRT-0028]   Complete met2.
[INFO DRT-0028]   Complete via2.
[INFO DRT-0028]   Complete met3.
[INFO DRT-0028]   Complete via3.
[INFO DRT-0028]   Complete met4.
[INFO DRT-0028]   Complete via4.
[INFO DRT-0028]   Complete met5.
[INFO DRT-0178] Init guide query.
[INFO DRT-0035]   Complete FR_MASTERSLICE (guide).
[INFO DRT-0035]   Complete Fr_VIA (guide).
[INFO DRT-0035]   Complete li1 (guide).
[INFO DRT-0035]   Complete mcon (guide).
[INFO DRT-0035]   Complete met1 (guide).
[INFO DRT-0035]   Complete via (guide).
[INFO DRT-0035]   Complete met2 (guide).
[INFO DRT-0035]   Complete via2 (guide).
[INFO DRT-0035]   Complete met3 (guide).
[INFO DRT-0035]   Complete via3 (guide).
[INFO DRT-0035]   Complete met4 (guide).
[INFO DRT-0035]   Complete via4 (guide).
[INFO DRT-0035]   Complete met5 (guide).
[INFO DRT-0036] FR_MASTERSLICE guide region query size = 0.
[INFO DRT-0036] FR_VIA guide region query size = 0.
[INFO DRT-0036] li1 guide region query size = 38282.
[INFO DRT-0036] mcon guide region query size = 0.
[INFO DRT-0036] met1 guide region query size = 36452.
[INFO DRT-0036] via guide region query size = 0.
[INFO DRT-0036] met2 guide region query size = 19293.
[INFO DRT-0036] via2 guide region query size = 0.
[INFO DRT-0036] met3 guide region query size = 1065.
[INFO DRT-0036] via3 guide region query size = 0.
[INFO DRT-0036] met4 guide region query size = 566.
[INFO DRT-0036] via4 guide region query size = 0.
[INFO DRT-0036] met5 guide region query size = 9.
[INFO DRT-0179] Init gr pin query.
[INFO DRT-0267] cpu time = 00:00:01, elapsed time = 00:00:00, memory = 436.82 (MB), peak = 435.62 (MB)
[INFO DRT-0245] skipped writing guide updates to database.
[INFO DRT-0181] Start track assignment.
[INFO DRT-0184] Done with 58141 vertical wires in 2 frboxes and 37526 horizontal wires in 2 frboxes.
[INFO DRT-0186] Done with 6148 vertical wires in 2 frboxes and 12825 horizontal wires in 2 frboxes.
[INFO DRT-0182] Complete track assignment.
[INFO DRT-0267] cpu time = 00:00:12, elapsed time = 00:00:07, memory = 801.83 (MB), peak = 800.67 (MB)
[INFO DRT-0187] Start routing data preparation.
[INFO DRT-0267] cpu time = 00:00:00, elapsed time = 00:00:00, memory = 801.83 (MB), peak = 800.67 (MB)
[INFO DRT-0194] Start detail routing.
[INFO DRT-0195] Start 0th optimization iteration.
    Completing 10% with 0 violations.
    elapsed time = 00:00:19, memory = 1249.65 (MB).
    Completing 20% with 0 violations.
    elapsed time = 00:00:28, memory = 1482.68 (MB).
    Completing 30% with 2551 violations.
    elapsed time = 00:01:02, memory = 1526.63 (MB).
    Completing 40% with 2551 violations.
    elapsed time = 00:01:12, memory = 1586.34 (MB).
    Completing 50% with 2551 violations.
    elapsed time = 00:02:04, memory = 1617.25 (MB).
    Completing 60% with 4955 violations.
    elapsed time = 00:02:22, memory = 1658.33 (MB).
    Completing 70% with 4955 violations.
    elapsed time = 00:02:28, memory = 1695.12 (MB).
    Completing 80% with 7400 violations.
    elapsed time = 00:02:45, memory = 1747.88 (MB).
    Completing 90% with 7400 violations.
    elapsed time = 00:03:00, memory = 1755.21 (MB).
    Completing 100% with 9515 violations.
    elapsed time = 00:03:13, memory = 1760.35 (MB).
[INFO DRT-0199]   Number of violations = 11318.
Viol/Layer         li1   mcon   met1    via   met2   met3   met4   met5
Cut Spacing          0     13      0      5      0      0      0      0
Metal Spacing        0      0   2778      0    439      7      3      0
Min Hole             0      0     21      0      0      0      0      0
Recheck             19      0   1248      0    510     21      5      0
Short                0      1   5551     23    672      1      0      1
[INFO DRT-0267] cpu time = 00:15:30, elapsed time = 00:03:13, memory = 2016.27 (MB), peak = 2015.55 (MB)
Total wire length = 540070 um.
Total wire length on LAYER li1 = 0 um.
Total wire length on LAYER met1 = 235448 um.
Total wire length on LAYER met2 = 262890 um.
Total wire length on LAYER met3 = 19870 um.
Total wire length on LAYER met4 = 21778 um.
Total wire length on LAYER met5 = 82 um.
Total number of vias = 105704.
Up-via summary (total 105704):

-------------------------
 FR_MASTERSLICE         0
            li1     44666
           met1     58183
           met2      1958
           met3       885
           met4        12
-------------------------
               105704


[INFO DRT-0195] Start 1st optimization iteration.
    Completing 10% with 11318 violations.
    elapsed time = 00:00:10, memory = 2040.91 (MB).
    Completing 20% with 11318 violations.
    elapsed time = 00:00:20, memory = 2067.46 (MB).
    Completing 30% with 10200 violations.
    elapsed time = 00:00:41, memory = 2085.72 (MB).
    Completing 40% with 10200 violations.
    elapsed time = 00:00:55, memory = 2109.05 (MB).
    Completing 50% with 10200 violations.
    elapsed time = 00:01:19, memory = 2128.04 (MB).
    Completing 60% with 9195 violations.
    elapsed time = 00:01:34, memory = 2136.91 (MB).
    Completing 70% with 9195 violations.
    elapsed time = 00:01:42, memory = 2168.12 (MB).
    Completing 80% with 7193 violations.
    elapsed time = 00:02:00, memory = 2131.43 (MB).
    Completing 90% with 7193 violations.
    elapsed time = 00:02:09, memory = 2131.43 (MB).
    Completing 100% with 5715 violations.
    elapsed time = 00:02:25, memory = 2131.43 (MB).
[INFO DRT-0199]   Number of violations = 5715.
Viol/Layer        mcon   met1    via   met2   met3   met4
Cut Spacing          3      0      0      0      0      0
Metal Spacing        0   1918      0    178      1      1
Short                0   3302      1    311      0      0
[INFO DRT-0267] cpu time = 00:14:42, elapsed time = 00:02:25, memory = 2134.43 (MB), peak = 2167.25 (MB)
Total wire length = 534893 um.
Total wire length on LAYER li1 = 0 um.
Total wire length on LAYER met1 = 232347 um.
Total wire length on LAYER met2 = 260385 um.
Total wire length on LAYER met3 = 20729 um.
Total wire length on LAYER met4 = 21361 um.
Total wire length on LAYER met5 = 69 um.
Total number of vias = 103969.
Up-via summary (total 103969):

-------------------------
 FR_MASTERSLICE         0
            li1     44702
           met1     56325
           met2      2105
           met3       827
           met4        10
-------------------------
               103969


[INFO DRT-0195] Start 2nd optimization iteration.
    Completing 10% with 5715 violations.
    elapsed time = 00:00:16, memory = 2141.50 (MB).
    Completing 20% with 5715 violations.
    elapsed time = 00:00:26, memory = 2141.50 (MB).
    Completing 30% with 5704 violations.
    elapsed time = 00:01:01, memory = 2145.35 (MB).
    Completing 40% with 5704 violations.
    elapsed time = 00:01:19, memory = 2160.88 (MB).
    Completing 50% with 5704 violations.
    elapsed time = 00:01:57, memory = 2168.88 (MB).
    Completing 60% with 5571 violations.
    elapsed time = 00:02:13, memory = 2168.88 (MB).
    Completing 70% with 5571 violations.
    elapsed time = 00:02:22, memory = 2204.65 (MB).
    Completing 80% with 5705 violations.
    elapsed time = 00:02:38, memory = 2168.88 (MB).
    Completing 90% with 5705 violations.
    elapsed time = 00:02:48, memory = 2200.65 (MB).
    Completing 100% with 5462 violations.
    elapsed time = 00:02:56, memory = 2168.89 (MB).
[INFO DRT-0199]   Number of violations = 5462.
Viol/Layer        mcon   met1    via   met2   met3
Cut Spacing          4      0      0      0      0
Metal Spacing        0   1860      0    173      2
Min Hole             0      1      0      0      0
Short                0   3167      1    254      0
[INFO DRT-0267] cpu time = 00:14:27, elapsed time = 00:02:57, memory = 2171.89 (MB), peak = 2203.93 (MB)
Total wire length = 534041 um.
Total wire length on LAYER li1 = 0 um.
Total wire length on LAYER met1 = 232512 um.
Total wire length on LAYER met2 = 259586 um.
Total wire length on LAYER met3 = 20402 um.
Total wire length on LAYER met4 = 21464 um.
Total wire length on LAYER met5 = 75 um.
Total number of vias = 103803.
Up-via summary (total 103803):

-------------------------
 FR_MASTERSLICE         0
            li1     44687
           met1     56210
           met2      2074
           met3       822
           met4        10
-------------------------
               103803


[INFO DRT-0195] Start 3rd optimization iteration.
    Completing 10% with 5462 violations.
    elapsed time = 00:00:10, memory = 2171.89 (MB).
    Completing 20% with 5462 violations.
    elapsed time = 00:00:19, memory = 2196.27 (MB).
    Completing 30% with 4128 violations.
    elapsed time = 00:00:40, memory = 2179.47 (MB).
    Completing 40% with 4128 violations.
    elapsed time = 00:00:49, memory = 2221.27 (MB).
    Completing 50% with 4128 violations.
    elapsed time = 00:01:14, memory = 2184.13 (MB).
    Completing 60% with 2927 violations.
    elapsed time = 00:01:21, memory = 2187.34 (MB).
    Completing 70% with 2927 violations.
    elapsed time = 00:01:26, memory = 2187.63 (MB).
    Completing 80% with 1830 violations.
    elapsed time = 00:01:35, memory = 2188.46 (MB).
    Completing 90% with 1830 violations.
    elapsed time = 00:01:41, memory = 2222.76 (MB).
    Completing 100% with 848 violations.
    elapsed time = 00:01:49, memory = 2196.30 (MB).
[INFO DRT-0199]   Number of violations = 848.
Viol/Layer        met1    via   met2
Cut Spacing          0      2      0
Metal Spacing      309      0     72
Min Hole             1      0      0
Short              415      0     49
[INFO DRT-0267] cpu time = 00:12:10, elapsed time = 00:01:50, memory = 2196.30 (MB), peak = 2269.09 (MB)
Total wire length = 532593 um.
Total wire length on LAYER li1 = 0 um.
Total wire length on LAYER met1 = 212082 um.
Total wire length on LAYER met2 = 259591 um.
Total wire length on LAYER met3 = 39122 um.
Total wire length on LAYER met4 = 21721 um.
Total wire length on LAYER met5 = 75 um.
Total number of vias = 105884.
Up-via summary (total 105884):

-------------------------
 FR_MASTERSLICE         0
            li1     44685
           met1     55936
           met2      4394
           met3       859
           met4        10
-------------------------
               105884


[INFO DRT-0195] Start 4th optimization iteration.
    Completing 10% with 848 violations.
    elapsed time = 00:00:00, memory = 2196.30 (MB).
    Completing 20% with 848 violations.
    elapsed time = 00:00:01, memory = 2232.25 (MB).
    Completing 30% with 709 violations.
    elapsed time = 00:00:02, memory = 2196.30 (MB).
    Completing 40% with 709 violations.
    elapsed time = 00:00:02, memory = 2196.30 (MB).
    Completing 50% with 709 violations.
    elapsed time = 00:00:08, memory = 2196.30 (MB).
    Completing 60% with 568 violations.
    elapsed time = 00:00:09, memory = 2196.30 (MB).
    Completing 70% with 568 violations.
    elapsed time = 00:00:09, memory = 2196.30 (MB).
    Completing 80% with 330 violations.
    elapsed time = 00:00:12, memory = 2196.30 (MB).
    Completing 90% with 330 violations.
    elapsed time = 00:00:12, memory = 2196.30 (MB).
    Completing 100% with 27 violations.
    elapsed time = 00:00:22, memory = 2196.30 (MB).
[INFO DRT-0199]   Number of violations = 27.
Viol/Layer        met1   met2
Metal Spacing        6     11
Short                7      3
[INFO DRT-0267] cpu time = 00:01:41, elapsed time = 00:00:22, memory = 2196.30 (MB), peak = 2269.09 (MB)
Total wire length = 532448 um.
Total wire length on LAYER li1 = 0 um.
Total wire length on LAYER met1 = 210957 um.
Total wire length on LAYER met2 = 259481 um.
Total wire length on LAYER met3 = 40214 um.
Total wire length on LAYER met4 = 21719 um.
Total wire length on LAYER met5 = 75 um.
Total number of vias = 105935.
Up-via summary (total 105935):

-------------------------
 FR_MASTERSLICE         0
            li1     44685
           met1     55888
           met2      4489
           met3       863
           met4        10
-------------------------
               105935


[INFO DRT-0195] Start 5th guides tiles iteration.
    Completing 10% with 27 violations.
    elapsed time = 00:00:00, memory = 2196.30 (MB).
    Completing 20% with 27 violations.
    elapsed time = 00:00:00, memory = 2196.30 (MB).
    Completing 30% with 27 violations.
    elapsed time = 00:00:00, memory = 2196.30 (MB).
    Completing 40% with 27 violations.
    elapsed time = 00:00:00, memory = 2196.30 (MB).
    Completing 50% with 27 violations.
    elapsed time = 00:00:00, memory = 2196.30 (MB).
    Completing 60% with 4 violations.
    elapsed time = 00:00:00, memory = 2196.30 (MB).
    Completing 70% with 4 violations.
    elapsed time = 00:00:00, memory = 2196.30 (MB).
    Completing 80% with 4 violations.
    elapsed time = 00:00:00, memory = 2196.30 (MB).
    Completing 100% with 0 violations.
    elapsed time = 00:00:00, memory = 2196.30 (MB).
[INFO DRT-0199]   Number of violations = 0.
[INFO DRT-0267] cpu time = 00:00:01, elapsed time = 00:00:00, memory = 2196.43 (MB), peak = 2269.09 (MB)
Total wire length = 532441 um.
Total wire length on LAYER li1 = 0 um.
Total wire length on LAYER met1 = 210944 um.
Total wire length on LAYER met2 = 259405 um.
Total wire length on LAYER met3 = 40219 um.
Total wire length on LAYER met4 = 21796 um.
Total wire length on LAYER met5 = 75 um.
Total number of vias = 105938.
Up-via summary (total 105938):

-------------------------
 FR_MASTERSLICE         0
            li1     44685
           met1     55885
           met2      4493
           met3       865
           met4        10
-------------------------
               105938


[INFO DRT-0198] Complete detail routing.
Total wire length = 532441 um.
Total wire length on LAYER li1 = 0 um.
Total wire length on LAYER met1 = 210944 um.
Total wire length on LAYER met2 = 259405 um.
Total wire length on LAYER met3 = 40219 um.
Total wire length on LAYER met4 = 21796 um.
Total wire length on LAYER met5 = 75 um.
Total number of vias = 105938.
Up-via summary (total 105938):

-------------------------
 FR_MASTERSLICE         0
            li1     44685
           met1     55885
           met2      4493
           met3       865
           met4        10
-------------------------
               105938


[INFO DRT-0267] cpu time = 00:58:33, elapsed time = 00:10:50, memory = 2196.43 (MB), peak = 2269.09 (MB)

[INFO DRT-0180] Post processing.
[INFO DRT-0501] Runtime: 695.59s
Took 726 seconds: detailed_route -output_drc /root/cac_runs/ntt_sp_12ns/reports/sky130hd/cac_ntt_sp_12ns/base/5_route_drc.rpt -output_maze /root/cac_runs/ntt_sp_12ns/results/sky130hd/cac_ntt_sp_12ns/base/maze.log -droute_end_iter 64 -verbose 1 -drc_report_iter_step 5
[INFO GRT-0012] Found 10 antenna violations.
[INFO DPL-0006] Core area: 410762.70 um^2
[INFO DPL-0007] Movable instances area: 2.50 um^2
[INFO DPL-0008] Fixed instances area within core: 216819.20 um^2
[INFO DPL-0009] Utilization: 52.8%
[INFO DPL-0005] Diamond search max displacement: +/- 500 sites horizontally, +/- 100 rows vertically.
[INFO DPL-1102] Legalizing using negotiation legalizer.
[INFO DPL-1103] Negotiation base search window: +/-20 sites horizontally, +/-5 rows vertically 
	Automatic search window extension enabled.
	Search window extendable up to the max displacement cap of +/-500 sites, +/-100 rows near walls.
[INFO DPL-1104] NegotiationLegalizer DRC penalty: 5.
[INFO DPL-0392] Negotiation cell height distribution (1 unique row-count(s)):
[INFO DPL-0393]   height 1 row(s): 17696 cells
          |      Total |  Illegal |  Illegal
Iteration | Violations |    Cells |    Sites
---------------------------------------------
        0 |          0 |         0 |         0
Negotiation phase 1 converged at iteration 0.
[INFO DPL-0500] Runtime: 0.07s
[INFO GRT-0015] Inserted 11 diodes.
[WARNING DRT-0120] Large net net2321 has 145 pins which may impact routing performance. Consider optimization.
[WARNING DRT-0120] Large net net2318 has 129 pins which may impact routing performance. Consider optimization.
[WARNING DRT-0120] Large net net2294 has 169 pins which may impact routing performance. Consider optimization.
[WARNING DRT-0120] Large net net2285 has 157 pins which may impact routing performance. Consider optimization.
[WARNING DRT-0120] Large net net2283 has 138 pins which may impact routing performance. Consider optimization.
[WARNING DRT-0120] Large net net2279 has 206 pins which may impact routing performance. Consider optimization.
[WARNING DRT-0120] Large net net2278 has 126 pins which may impact routing performance. Consider optimization.
[WARNING DRT-0120] Large net net2271 has 168 pins which may impact routing performance. Consider optimization.
[WARNING DRT-0120] Large net net2269 has 165 pins which may impact routing performance. Consider optimization.
[INFO DRT-0024]   Complete FR_MASTERSLICE.
[INFO DRT-0024]   Complete Fr_VIA.
[INFO DRT-0024]   Complete li1.
[INFO DRT-0024]   Complete mcon.
[INFO DRT-0024]   Complete met1.
[INFO DRT-0024]   Complete via.
[INFO DRT-0024]   Complete met2.
[INFO DRT-0024]   Complete via2.
[INFO DRT-0024]   Complete met3.
[INFO DRT-0024]   Complete via3.
[INFO DRT-0024]   Complete met4.
[INFO DRT-0024]   Complete via4.
[INFO DRT-0024]   Complete met5.
[INFO DRT-0165] Start pin access.
[INFO DRT-0076]   Complete 1000 pins.
[INFO DRT-0076]   Complete 2000 pins.
[INFO DRT-0078]   Complete 2136 pins.
[INFO DRT-0079]   Complete 100 unique inst patterns.
[INFO DRT-0079]   Complete 200 unique inst patterns.
[INFO DRT-0081]   Complete 264 unique inst patterns.
[INFO DRT-0084]   Complete 9008 groups.
#scanned instances     = 17696
#unique  instances     = 264
#stdCellGenAp          = 9870
#stdCellValidPlanarAp  = 150
#stdCellValidViaAp     = 6360
#stdCellPinNoAp        = 10
#stdCellPinCnt         = 46077
#instTermValidViaApCnt = 0
#macroGenAp            = 0
#macroValidPlanarAp    = 0
#macroValidViaAp       = 0
#macroNoAp             = 0
[INFO DRT-0166] Complete pin access.
[INFO DRT-0267] cpu time = 00:07:09, elapsed time = 00:00:43, memory = 1921.50 (MB), peak = 2269.09 (MB)
[INFO DRT-0156] guideIn read 100000 guides.

[INFO DRT-0157] Number of guides:     115482

[INFO DRT-0169] Post process guides.
[INFO DRT-0176] GCELLGRID X 0 DO 93 STEP 6900 ;
[INFO DRT-0177] GCELLGRID Y 0 DO 93 STEP 6900 ;
[INFO DRT-0026]   Complete 100000 origin guides.
[INFO DRT-0028]   Complete FR_MASTERSLICE.
[INFO DRT-0028]   Complete Fr_VIA.
[INFO DRT-0028]   Complete li1.
[INFO DRT-0028]   Complete mcon.
[INFO DRT-0028]   Complete met1.
[INFO DRT-0028]   Complete via.
[INFO DRT-0028]   Complete met2.
[INFO DRT-0028]   Complete via2.
[INFO DRT-0028]   Complete met3.
[INFO DRT-0028]   Complete via3.
[INFO DRT-0028]   Complete met4.
[INFO DRT-0028]   Complete via4.
[INFO DRT-0028]   Complete met5.
[INFO DRT-0178] Init guide query.
[INFO DRT-0035]   Complete FR_MASTERSLICE (guide).
[INFO DRT-0035]   Complete Fr_VIA (guide).
[INFO DRT-0035]   Complete li1 (guide).
[INFO DRT-0035]   Complete mcon (guide).
[INFO DRT-0035]   Complete met1 (guide).
[INFO DRT-0035]   Complete via (guide).
[INFO DRT-0035]   Complete met2 (guide).
[INFO DRT-0035]   Complete via2 (guide).
[INFO DRT-0035]   Complete met3 (guide).
[INFO DRT-0035]   Complete via3 (guide).
[INFO DRT-0035]   Complete met4 (guide).
[INFO DRT-0035]   Complete via4 (guide).
[INFO DRT-0035]   Complete met5 (guide).
[INFO DRT-0036] FR_MASTERSLICE guide region query size = 0.
[INFO DRT-0036] FR_VIA guide region query size = 0.
[INFO DRT-0036] li1 guide region query size = 38289.
[INFO DRT-0036] mcon guide region query size = 0.
[INFO DRT-0036] met1 guide region query size = 36452.
[INFO DRT-0036] via guide region query size = 0.
[INFO DRT-0036] met2 guide region query size = 19283.
[INFO DRT-0036] via2 guide region query size = 0.
[INFO DRT-0036] met3 guide region query size = 1048.
[INFO DRT-0036] via3 guide region query size = 0.
[INFO DRT-0036] met4 guide region query size = 557.
[INFO DRT-0036] via4 guide region query size = 0.
[INFO DRT-0036] met5 guide region query size = 7.
[INFO DRT-0179] Init gr pin query.
[INFO DRT-0267] cpu time = 00:00:00, elapsed time = 00:00:00, memory = 1921.50 (MB), peak = 2269.09 (MB)
[INFO DRT-0245] skipped writing guide updates to database.
[INFO DRT-0181] Start track assignment.
[INFO DRT-0184] Done with 58129 vertical wires in 2 frboxes and 37507 horizontal wires in 2 frboxes.
[INFO DRT-0186] Done with 6212 vertical wires in 2 frboxes and 12801 horizontal wires in 2 frboxes.
[INFO DRT-0182] Complete track assignment.
[INFO DRT-0267] cpu time = 00:00:06, elapsed time = 00:00:03, memory = 1921.50 (MB), peak = 2269.09 (MB)
[INFO DRT-0187] Start routing data preparation.
[INFO DRT-0267] cpu time = 00:00:00, elapsed time = 00:00:00, memory = 1921.50 (MB), peak = 2269.09 (MB)
[INFO DRT-0194] Start detail routing.
[INFO DRT-0195] Start 0th optimization iteration.
    Completing 10% with 0 violations.
    elapsed time = 00:00:01, memory = 1922.89 (MB).
    Completing 20% with 0 violations.
    elapsed time = 00:00:03, memory = 1988.34 (MB).
    Completing 30% with 142 violations.
    elapsed time = 00:00:05, memory = 1959.48 (MB).
    Completing 40% with 142 violations.
    elapsed time = 00:00:06, memory = 1994.07 (MB).
    Completing 50% with 142 violations.
    elapsed time = 00:00:09, memory = 1967.15 (MB).
    Completing 60% with 366 violations.
    elapsed time = 00:00:11, memory = 1990.21 (MB).
    Completing 70% with 366 violations.
    elapsed time = 00:00:12, memory = 1990.21 (MB).
    Completing 80% with 489 violations.
    elapsed time = 00:00:14, memory = 1991.80 (MB).
    Completing 90% with 489 violations.
    elapsed time = 00:00:15, memory = 2047.78 (MB).
    Completing 100% with 619 violations.
    elapsed time = 00:00:16, memory = 2015.48 (MB).
[INFO DRT-0199]   Number of violations = 660.
Viol/Layer        met1    via   met2
Metal Spacing       77      0     44
Recheck             21      0     20
Short              305      1    192
[INFO DRT-0267] cpu time = 00:02:42, elapsed time = 00:00:16, memory = 2126.36 (MB), peak = 2269.09 (MB)
Total wire length = 532750 um.
Total wire length on LAYER li1 = 0 um.
Total wire length on LAYER met1 = 212136 um.
Total wire length on LAYER met2 = 260338 um.
Total wire length on LAYER met3 = 39078 um.
Total wire length on LAYER met4 = 21122 um.
Total wire length on LAYER met5 = 75 um.
Total number of vias = 106022.
Up-via summary (total 106022):

-------------------------
 FR_MASTERSLICE         0
            li1     44698
           met1     56037
           met2      4428
           met3       849
           met4        10
-------------------------
               106022


[INFO DRT-0195] Start 1st optimization iteration.
    Completing 10% with 660 violations.
    elapsed time = 00:00:01, memory = 2130.75 (MB).
    Completing 20% with 660 violations.
    elapsed time = 00:00:02, memory = 2132.22 (MB).
    Completing 30% with 611 violations.
    elapsed time = 00:00:04, memory = 2131.08 (MB).
    Completing 40% with 611 violations.
    elapsed time = 00:00:07, memory = 2131.08 (MB).
    Completing 50% with 611 violations.
    elapsed time = 00:00:08, memory = 2131.08 (MB).
    Completing 60% with 505 violations.
    elapsed time = 00:00:10, memory = 2123.39 (MB).
    Completing 70% with 505 violations.
    elapsed time = 00:00:11, memory = 2156.54 (MB).
    Completing 80% with 460 violations.
    elapsed time = 00:00:12, memory = 2123.39 (MB).
    Completing 90% with 460 violations.
    elapsed time = 00:00:14, memory = 2187.64 (MB).
    Completing 100% with 370 violations.
    elapsed time = 00:00:15, memory = 2124.18 (MB).
[INFO DRT-0199]   Number of violations = 370.
Viol/Layer        met1   met2
Metal Spacing       65     40
Short              197     68
[INFO DRT-0267] cpu time = 00:02:27, elapsed time = 00:00:15, memory = 2124.18 (MB), peak = 2269.09 (MB)
Total wire length = 532622 um.
Total wire length on LAYER li1 = 0 um.
Total wire length on LAYER met1 = 212073 um.
Total wire length on LAYER met2 = 260260 um.
Total wire length on LAYER met3 = 39072 um.
Total wire length on LAYER met4 = 21140 um.
Total wire length on LAYER met5 = 75 um.
Total number of vias = 105946.
Up-via summary (total 105946):

-------------------------
 FR_MASTERSLICE         0
            li1     44700
           met1     55961
           met2      4424
           met3       851
           met4        10
-------------------------
               105946


[INFO DRT-0195] Start 2nd optimization iteration.
    Completing 10% with 370 violations.
    elapsed time = 00:00:00, memory = 2124.18 (MB).
    Completing 20% with 370 violations.
    elapsed time = 00:00:00, memory = 2191.92 (MB).
    Completing 30% with 346 violations.
    elapsed time = 00:00:01, memory = 2123.64 (MB).
    Completing 40% with 346 violations.
    elapsed time = 00:00:02, memory = 2158.88 (MB).
    Completing 50% with 346 violations.
    elapsed time = 00:00:03, memory = 2124.15 (MB).
    Completing 60% with 347 violations.
    elapsed time = 00:00:03, memory = 2124.15 (MB).
    Completing 70% with 347 violations.
    elapsed time = 00:00:04, memory = 2160.17 (MB).
    Completing 80% with 325 violations.
    elapsed time = 00:00:05, memory = 2124.15 (MB).
    Completing 90% with 325 violations.
    elapsed time = 00:00:05, memory = 2124.15 (MB).
    Completing 100% with 314 violations.
    elapsed time = 00:00:06, memory = 2124.15 (MB).
[INFO DRT-0199]   Number of violations = 314.
Viol/Layer        met1   met2
Metal Spacing       55     19
Short              183     57
[INFO DRT-0267] cpu time = 00:00:49, elapsed time = 00:00:06, memory = 2124.15 (MB), peak = 2269.09 (MB)
Total wire length = 532601 um.
Total wire length on LAYER li1 = 0 um.
Total wire length on LAYER met1 = 212082 um.
Total wire length on LAYER met2 = 260214 um.
Total wire length on LAYER met3 = 39075 um.
Total wire length on LAYER met4 = 21152 um.
Total wire length on LAYER met5 = 75 um.
Total number of vias = 105952.
Up-via summary (total 105952):

-------------------------
 FR_MASTERSLICE         0
            li1     44698
           met1     55963
           met2      4428
           met3       853
           met4        10
-------------------------
               105952


[INFO DRT-0195] Start 3rd optimization iteration.
    Completing 10% with 314 violations.
    elapsed time = 00:00:00, memory = 2124.15 (MB).
    Completing 20% with 314 violations.
    elapsed time = 00:00:00, memory = 2124.15 (MB).
    Completing 30% with 258 violations.
    elapsed time = 00:00:01, memory = 2124.15 (MB).
    Completing 40% with 258 violations.
    elapsed time = 00:00:01, memory = 2124.15 (MB).
    Completing 50% with 258 violations.
    elapsed time = 00:00:06, memory = 2127.08 (MB).
    Completing 60% with 156 violations.
    elapsed time = 00:00:06, memory = 2127.08 (MB).
    Completing 70% with 156 violations.
    elapsed time = 00:00:06, memory = 2127.08 (MB).
    Completing 80% with 107 violations.
    elapsed time = 00:00:08, memory = 2127.08 (MB).
    Completing 90% with 107 violations.
    elapsed time = 00:00:08, memory = 2127.08 (MB).
    Completing 100% with 54 violations.
    elapsed time = 00:00:12, memory = 2127.08 (MB).
[INFO DRT-0199]   Number of violations = 54.
Viol/Layer        met1   met2
Metal Spacing        6      3
Short               45      0
[INFO DRT-0267] cpu time = 00:00:55, elapsed time = 00:00:12, memory = 2127.20 (MB), peak = 2269.09 (MB)
Total wire length = 532516 um.
Total wire length on LAYER li1 = 0 um.
Total wire length on LAYER met1 = 211122 um.
Total wire length on LAYER met2 = 259934 um.
Total wire length on LAYER met3 = 39972 um.
Total wire length on LAYER met4 = 21411 um.
Total wire length on LAYER met5 = 75 um.
Total number of vias = 106105.
Up-via summary (total 106105):

-------------------------
 FR_MASTERSLICE         0
            li1     44695
           met1     56015
           met2      4520
           met3       865
           met4        10
-------------------------
               106105


[INFO DRT-0195] Start 4th guides tiles iteration.
    Completing 30% with 54 violations.
    elapsed time = 00:00:00, memory = 2191.13 (MB).
    Completing 60% with 54 violations.
    elapsed time = 00:00:01, memory = 2127.20 (MB).
    Completing 100% with 0 violations.
    elapsed time = 00:00:01, memory = 2127.20 (MB).
[INFO DRT-0199]   Number of violations = 0.
[INFO DRT-0267] cpu time = 00:00:02, elapsed time = 00:00:01, memory = 2127.20 (MB), peak = 2269.09 (MB)
Total wire length = 532505 um.
Total wire length on LAYER li1 = 0 um.
Total wire length on LAYER met1 = 210974 um.
Total wire length on LAYER met2 = 259910 um.
Total wire length on LAYER met3 = 40134 um.
Total wire length on LAYER met4 = 21411 um.
Total wire length on LAYER met5 = 75 um.
Total number of vias = 106080.
Up-via summary (total 106080):

-------------------------
 FR_MASTERSLICE         0
            li1     44695
           met1     55999
           met2      4511
           met3       865
           met4        10
-------------------------
               106080


[INFO DRT-0198] Complete detail routing.
Total wire length = 532505 um.
Total wire length on LAYER li1 = 0 um.
Total wire length on LAYER met1 = 210974 um.
Total wire length on LAYER met2 = 259910 um.
Total wire length on LAYER met3 = 40134 um.
Total wire length on LAYER met4 = 21411 um.
Total wire length on LAYER met5 = 75 um.
Total number of vias = 106080.
Up-via summary (total 106080):

-------------------------
 FR_MASTERSLICE         0
            li1     44695
           met1     55999
           met2      4511
           met3       865
           met4        10
-------------------------
               106080


[INFO DRT-0267] cpu time = 00:06:57, elapsed time = 00:00:52, memory = 2127.20 (MB), peak = 2269.09 (MB)

[INFO DRT-0180] Post processing.
[INFO DRT-0501] Runtime: 95.28s
[INFO ANT-0002] Found 0 net violations.
[INFO ANT-0001] Found 0 pin violations.
[INFO ANT-0002] Found 0 net violations.
[INFO ANT-0001] Found 0 pin violations.
Design area 216822 um^2 53% utilization.
write_db /root/cac_runs/ntt_sp_12ns/results/sky130hd/cac_ntt_sp_12ns/base/5_2_route.odb
Elapsed time: 13:23.18[h:]min:sec. CPU time: user 4948.69 sys 5.30 (616%). Peak memory: 2323544KB.
Log                       Ext     Elapsed/s Peak Memory/MB sha1sum result [0:20)
5_2_route                 .odb          803           2269 6eb263475610a092ba87
