
==========================================================================
resizer report_tns
--------------------------------------------------------------------------
tns max -104.75

==========================================================================
resizer report_wns
--------------------------------------------------------------------------
wns max -8.83

==========================================================================
resizer report_worst_slack
--------------------------------------------------------------------------
worst slack max -8.83

==========================================================================
resizer report_clock_min_period
--------------------------------------------------------------------------
clk period_min = 20.83 fmax = 48.00

==========================================================================
resizer report_checks -path_delay min
--------------------------------------------------------------------------
Startpoint: st[12]$_DFF_PN0_ (rising edge-triggered flip-flop clocked by clk)
Endpoint: done$_DFF_PN0_ (rising edge-triggered flip-flop clocked by clk)
Path Group: clk
Path Type: min

Fanout     Cap    Slew   Delay    Time   Description
-----------------------------------------------------------------------------
                  0.00    0.00    0.00   clock clk (rise edge)
                          0.00    0.00   clock network delay (ideal)
                  0.00    0.00    0.00 ^ st[12]$_DFF_PN0_/CLK (sky130_fd_sc_hd__dfrtp_1)
     2    0.00    0.06    0.31    0.31 ^ st[12]$_DFF_PN0_/Q (sky130_fd_sc_hd__dfrtp_1)
                                         st[12] (net)
                  0.06    0.00    0.31 ^ done$_DFF_PN0_/D (sky130_fd_sc_hd__dfrtp_1)
                                  0.31   data arrival time

                  0.00    0.00    0.00   clock clk (rise edge)
                          0.00    0.00   clock network delay (ideal)
                          0.25    0.25   clock uncertainty
                          0.00    0.25   clock reconvergence pessimism
                                  0.25 ^ done$_DFF_PN0_/CLK (sky130_fd_sc_hd__dfrtp_1)
                         -0.04    0.21   library hold time
                                  0.21   data required time
-----------------------------------------------------------------------------
                                  0.21   data required time
                                 -0.31   data arrival time
-----------------------------------------------------------------------------
                                  0.11   slack (MET)



==========================================================================
resizer report_checks -path_delay max
--------------------------------------------------------------------------
Startpoint: coeff_b_q[1]$_DFFE_PN0P_
            (rising edge-triggered flip-flop clocked by clk)
Endpoint: mul_reduced_q[8]$_DFFE_PN0P_
          (rising edge-triggered flip-flop clocked by clk)
Path Group: clk
Path Type: max

Fanout     Cap    Slew   Delay    Time   Description
-----------------------------------------------------------------------------
                  0.00    0.00    0.00   clock clk (rise edge)
                          0.00    0.00   clock network delay (ideal)
                  0.00    0.00    0.00 ^ coeff_b_q[1]$_DFFE_PN0P_/CLK (sky130_fd_sc_hd__dfrtp_1)
     2    0.01    0.08    0.33    0.33 ^ coeff_b_q[1]$_DFFE_PN0P_/Q (sky130_fd_sc_hd__dfrtp_1)
                                         coeff_b_q[1] (net)
                  0.08    0.00    0.33 ^ _07516_/A (sky130_fd_sc_hd__inv_1)
     2    0.01    0.06    0.08    0.41 v _07516_/Y (sky130_fd_sc_hd__inv_1)
                                         _00475_ (net)
                  0.06    0.00    0.41 v _13427_/B (sky130_fd_sc_hd__ha_4)
     2    0.01    0.04    0.28    0.69 ^ _13427_/SUM (sky130_fd_sc_hd__ha_4)
                                         _00477_ (net)
                  0.04    0.00    0.69 ^ _07505_/A (sky130_fd_sc_hd__inv_2)
     1    0.01    0.03    0.04    0.73 v _07505_/Y (sky130_fd_sc_hd__inv_2)
                                         _00430_ (net)
                  0.03    0.00    0.73 v _13611_/B (sky130_fd_sc_hd__ha_4)
     2    0.01    0.04    0.15    0.88 v _13611_/COUT (sky130_fd_sc_hd__ha_4)
                                         _00193_ (net)
                  0.04    0.00    0.88 v _13164_/A (sky130_fd_sc_hd__fa_2)
     2    0.01    0.07    0.39    1.27 v _13164_/COUT (sky130_fd_sc_hd__fa_2)
                                         _00195_ (net)
                  0.07    0.00    1.27 v _07673_/A1 (sky130_fd_sc_hd__a21oi_2)
     1    0.00    0.09    0.13    1.40 ^ _07673_/Y (sky130_fd_sc_hd__a21oi_2)
                                         _02567_ (net)
                  0.09    0.00    1.40 ^ _07674_/A (sky130_fd_sc_hd__nor2_1)
     1    0.00    0.04    0.06    1.46 v _07674_/Y (sky130_fd_sc_hd__nor2_1)
                                         _02568_ (net)
                  0.04    0.00    1.46 v _07675_/A (sky130_fd_sc_hd__nor2_1)
     2    0.01    0.19    0.18    1.64 ^ _07675_/Y (sky130_fd_sc_hd__nor2_1)
                                         _02569_ (net)
                  0.19    0.00    1.64 ^ _07686_/B (sky130_fd_sc_hd__xnor2_1)
     2    0.01    0.06    0.10    1.74 v _07686_/Y (sky130_fd_sc_hd__xnor2_1)
                                         _02580_ (net)
                  0.06    0.00    1.74 v _07689_/C (sky130_fd_sc_hd__nor3_1)
     2    0.01    0.23    0.20    1.94 ^ _07689_/Y (sky130_fd_sc_hd__nor3_1)
                                         _02583_ (net)
                  0.23    0.00    1.94 ^ _07690_/B_N (sky130_fd_sc_hd__nor2b_2)
     2    0.01    0.10    0.20    2.14 ^ _07690_/Y (sky130_fd_sc_hd__nor2b_2)
                                         _02584_ (net)
                  0.10    0.00    2.14 ^ _07691_/B_N (sky130_fd_sc_hd__nor2b_4)
     2    0.01    0.08    0.15    2.30 ^ _07691_/Y (sky130_fd_sc_hd__nor2b_4)
                                         _02585_ (net)
                  0.08    0.00    2.30 ^ _07692_/B (sky130_fd_sc_hd__nand2_1)
     1    0.00    0.09    0.06    2.36 v _07692_/Y (sky130_fd_sc_hd__nand2_1)
                                         _02586_ (net)
                  0.09    0.00    2.36 v _07693_/B1 (sky130_fd_sc_hd__a21oi_1)
     1    0.00    0.14    0.15    2.51 ^ _07693_/Y (sky130_fd_sc_hd__a21oi_1)
                                         _02587_ (net)
                  0.14    0.00    2.51 ^ _07694_/B (sky130_fd_sc_hd__nor2_1)
     1    0.00    0.05    0.06    2.57 v _07694_/Y (sky130_fd_sc_hd__nor2_1)
                                         _02588_ (net)
                  0.05    0.00    2.57 v _07700_/A2 (sky130_fd_sc_hd__o211a_1)
     3    0.01    0.07    0.24    2.81 v _07700_/X (sky130_fd_sc_hd__o211a_1)
                                         _02594_ (net)
                  0.07    0.00    2.81 v _07701_/A (sky130_fd_sc_hd__or2_4)
     4    0.01    0.06    0.27    3.08 v _07701_/X (sky130_fd_sc_hd__or2_4)
                                         _02595_ (net)
                  0.06    0.00    3.08 v place1833/A (sky130_fd_sc_hd__buf_4)
     5    0.02    0.04    0.15    3.23 v place1833/X (sky130_fd_sc_hd__buf_4)
                                         net1833 (net)
                  0.04    0.00    3.23 v _07877_/A (sky130_fd_sc_hd__nor2_1)
     1    0.00    0.09    0.11    3.34 ^ _07877_/Y (sky130_fd_sc_hd__nor2_1)
                                         _02677_ (net)
                  0.09    0.00    3.34 ^ _07878_/B1 (sky130_fd_sc_hd__a21oi_1)
     1    0.01    0.05    0.06    3.40 v _07878_/Y (sky130_fd_sc_hd__a21oi_1)
                                         _02678_ (net)
                  0.05    0.00    3.40 v _07880_/A1 (sky130_fd_sc_hd__a211oi_2)
     2    0.01    0.24    0.24    3.64 ^ _07880_/Y (sky130_fd_sc_hd__a211oi_2)
                                         _02680_ (net)
                  0.24    0.00    3.64 ^ _07881_/B1 (sky130_fd_sc_hd__a21o_1)
     5    0.02    0.19    0.22    3.86 ^ _07881_/X (sky130_fd_sc_hd__a21o_1)
                                         _02681_ (net)
                  0.19    0.00    3.86 ^ place1790/A (sky130_fd_sc_hd__buf_4)
     3    0.01    0.04    0.15    4.02 ^ place1790/X (sky130_fd_sc_hd__buf_4)
                                         net1790 (net)
                  0.04    0.00    4.02 ^ _07910_/A (sky130_fd_sc_hd__nor2_1)
     1    0.01    0.05    0.06    4.07 v _07910_/Y (sky130_fd_sc_hd__nor2_1)
                                         _00102_ (net)
                  0.05    0.00    4.07 v _13088_/A (sky130_fd_sc_hd__fa_1)
     1    0.00    0.07    0.42    4.49 v _13088_/COUT (sky130_fd_sc_hd__fa_1)
                                         _06661_ (net)
                  0.07    0.00    4.49 v _13533_/A (sky130_fd_sc_hd__ha_1)
     1    0.00    0.06    0.31    4.80 v _13533_/SUM (sky130_fd_sc_hd__ha_1)
                                         _07051_ (net)
                  0.06    0.00    4.80 v _13425_/A (sky130_fd_sc_hd__ha_1)
     1    0.01    0.07    0.32    5.12 v _13425_/SUM (sky130_fd_sc_hd__ha_1)
                                         _06456_ (net)
                  0.07    0.00    5.12 v _13022_/B (sky130_fd_sc_hd__fa_1)
     1    0.00    0.08    0.46    5.58 v _13022_/SUM (sky130_fd_sc_hd__fa_1)
                                         _06459_ (net)
                  0.08    0.00    5.58 v _13512_/B (sky130_fd_sc_hd__ha_1)
     2    0.01    0.08    0.23    5.81 v _13512_/COUT (sky130_fd_sc_hd__ha_1)
                                         _00088_ (net)
                  0.08    0.00    5.81 v _13073_/A (sky130_fd_sc_hd__fa_1)
     2    0.01    0.09    0.45    6.26 v _13073_/COUT (sky130_fd_sc_hd__fa_1)
                                         _00089_ (net)
                  0.09    0.00    6.26 v _07464_/A1 (sky130_fd_sc_hd__a21oi_1)
     1    0.00    0.14    0.16    6.42 ^ _07464_/Y (sky130_fd_sc_hd__a21oi_1)
                                         _02397_ (net)
                  0.14    0.00    6.42 ^ _07465_/A (sky130_fd_sc_hd__nor2_1)
     1    0.01    0.05    0.08    6.50 v _07465_/Y (sky130_fd_sc_hd__nor2_1)
                                         _02398_ (net)
                  0.05    0.00    6.50 v _07466_/A (sky130_fd_sc_hd__nor2_1)
     2    0.01    0.15    0.15    6.65 ^ _07466_/Y (sky130_fd_sc_hd__nor2_1)
                                         _02399_ (net)
                  0.15    0.00    6.65 ^ _07467_/A2 (sky130_fd_sc_hd__o21bai_1)
     1    0.01    0.07    0.10    6.75 v _07467_/Y (sky130_fd_sc_hd__o21bai_1)
                                         _02400_ (net)
                  0.07    0.00    6.75 v _07468_/A1 (sky130_fd_sc_hd__a21oi_2)
     2    0.01    0.12    0.15    6.90 ^ _07468_/Y (sky130_fd_sc_hd__a21oi_2)
                                         _02401_ (net)
                  0.12    0.00    6.90 ^ _07469_/A2 (sky130_fd_sc_hd__o21bai_1)
     1    0.01    0.07    0.10    6.99 v _07469_/Y (sky130_fd_sc_hd__o21bai_1)
                                         _02402_ (net)
                  0.07    0.00    6.99 v _07470_/A1 (sky130_fd_sc_hd__a21oi_2)
     2    0.01    0.12    0.15    7.15 ^ _07470_/Y (sky130_fd_sc_hd__a21oi_2)
                                         _02403_ (net)
                  0.12    0.00    7.15 ^ _07471_/A2 (sky130_fd_sc_hd__o21bai_1)
     1    0.01    0.07    0.10    7.24 v _07471_/Y (sky130_fd_sc_hd__o21bai_1)
                                         _02404_ (net)
                  0.07    0.00    7.24 v _07472_/A1 (sky130_fd_sc_hd__a21oi_2)
     2    0.01    0.13    0.16    7.41 ^ _07472_/Y (sky130_fd_sc_hd__a21oi_2)
                                         _02405_ (net)
                  0.13    0.00    7.41 ^ _07473_/A2 (sky130_fd_sc_hd__o21bai_1)
     1    0.01    0.07    0.09    7.50 v _07473_/Y (sky130_fd_sc_hd__o21bai_1)
                                         _02406_ (net)
                  0.07    0.00    7.50 v _07474_/A1 (sky130_fd_sc_hd__a21oi_2)
     2    0.01    0.14    0.16    7.66 ^ _07474_/Y (sky130_fd_sc_hd__a21oi_2)
                                         _02407_ (net)
                  0.14    0.00    7.66 ^ _07475_/A1 (sky130_fd_sc_hd__o21bai_1)
     1    0.00    0.05    0.09    7.75 v _07475_/Y (sky130_fd_sc_hd__o21bai_1)
                                         _02408_ (net)
                  0.05    0.00    7.75 v _07476_/A1 (sky130_fd_sc_hd__a21oi_1)
     2    0.01    0.21    0.20    7.95 ^ _07476_/Y (sky130_fd_sc_hd__a21oi_1)
                                         _02409_ (net)
                  0.21    0.00    7.95 ^ _07477_/A (sky130_fd_sc_hd__nor2b_1)
     1    0.00    0.06    0.07    8.03 v _07477_/Y (sky130_fd_sc_hd__nor2b_1)
                                         _02410_ (net)
                  0.06    0.00    8.03 v _07478_/A2 (sky130_fd_sc_hd__o21a_1)
     2    0.01    0.06    0.19    8.22 v _07478_/X (sky130_fd_sc_hd__o21a_1)
                                         _02411_ (net)
                  0.06    0.00    8.22 v _07782_/A3 (sky130_fd_sc_hd__o41a_1)
     2    0.02    0.15    0.47    8.68 v _07782_/X (sky130_fd_sc_hd__o41a_1)
                                         _02612_ (net)
                  0.15    0.00    8.68 v _07783_/A (sky130_fd_sc_hd__xor2_4)
     4    0.02    0.11    0.24    8.92 v _07783_/X (sky130_fd_sc_hd__xor2_4)
                                         mul_product[22] (net)
                  0.11    0.00    8.93 v _12954_/B (sky130_fd_sc_hd__fa_1)
     2    0.01    0.12    0.58    9.50 ^ _12954_/SUM (sky130_fd_sc_hd__fa_1)
                                         _06235_ (net)
                  0.12    0.00    9.50 ^ _13071_/CIN (sky130_fd_sc_hd__fa_1)
     1    0.01    0.09    0.45    9.95 v _13071_/SUM (sky130_fd_sc_hd__fa_1)
                                         _06364_ (net)
                  0.09    0.00    9.95 v _12997_/CIN (sky130_fd_sc_hd__fa_1)
     1    0.01    0.08    0.52   10.46 ^ _12997_/SUM (sky130_fd_sc_hd__fa_1)
                                         _06366_ (net)
                  0.08    0.00   10.46 ^ _13186_/CIN (sky130_fd_sc_hd__fa_1)
     1    0.01    0.10    0.44   10.90 v _13186_/SUM (sky130_fd_sc_hd__fa_1)
                                         _06421_ (net)
                  0.10    0.00   10.90 v _13012_/B (sky130_fd_sc_hd__fa_1)
     1    0.00    0.08    0.47   11.37 v _13012_/SUM (sky130_fd_sc_hd__fa_1)
                                         _06424_ (net)
                  0.08    0.00   11.37 v _13572_/B (sky130_fd_sc_hd__ha_1)
     1    0.00    0.04    0.28   11.65 ^ _13572_/SUM (sky130_fd_sc_hd__ha_1)
                                         _00681_ (net)
                  0.04    0.00   11.65 ^ _07181_/B1 (sky130_fd_sc_hd__o21a_1)
     2    0.01    0.07    0.13   11.78 ^ _07181_/X (sky130_fd_sc_hd__o21a_1)
                                         _02132_ (net)
                  0.07    0.00   11.79 ^ _07182_/C (sky130_fd_sc_hd__and3_4)
     2    0.01    0.05    0.19   11.98 ^ _07182_/X (sky130_fd_sc_hd__and3_4)
                                         _02133_ (net)
                  0.05    0.00   11.98 ^ _07187_/A1 (sky130_fd_sc_hd__a211oi_2)
     1    0.01    0.07    0.06   12.04 v _07187_/Y (sky130_fd_sc_hd__a211oi_2)
                                         _02138_ (net)
                  0.07    0.00   12.04 v _07190_/C (sky130_fd_sc_hd__nor3_2)
     3    0.01    0.24    0.20   12.24 ^ _07190_/Y (sky130_fd_sc_hd__nor3_2)
                                         _02141_ (net)
                  0.24    0.00   12.24 ^ _07194_/A1 (sky130_fd_sc_hd__a41oi_2)
     3    0.02    0.17    0.20   12.44 v _07194_/Y (sky130_fd_sc_hd__a41oi_2)
                                         _02145_ (net)
                  0.17    0.00   12.44 v _07199_/A2 (sky130_fd_sc_hd__a2111oi_4)
     2    0.01    0.27    0.40   12.85 ^ _07199_/Y (sky130_fd_sc_hd__a2111oi_4)
                                         _02150_ (net)
                  0.27    0.00   12.85 ^ _07200_/A1 (sky130_fd_sc_hd__o21a_1)
     2    0.01    0.07    0.19   13.04 ^ _07200_/X (sky130_fd_sc_hd__o21a_1)
                                         _02151_ (net)
                  0.07    0.00   13.04 ^ place1598/A (sky130_fd_sc_hd__buf_4)
     2    0.01    0.04    0.11   13.15 ^ place1598/X (sky130_fd_sc_hd__buf_4)
                                         net1598 (net)
                  0.04    0.00   13.15 ^ _07204_/B (sky130_fd_sc_hd__nor2_1)
     1    0.01    0.06    0.06   13.21 v _07204_/Y (sky130_fd_sc_hd__nor2_1)
                                         _02154_ (net)
                  0.06    0.00   13.21 v _07205_/A (sky130_fd_sc_hd__xnor2_2)
     2    0.01    0.16    0.19   13.40 ^ _07205_/Y (sky130_fd_sc_hd__xnor2_2)
                                         u_mul_reduce.prod[35] (net)
                  0.16    0.00   13.40 ^ _13325_/B (sky130_fd_sc_hd__ha_1)
     1    0.00    0.06    0.26   13.66 v _13325_/SUM (sky130_fd_sc_hd__ha_1)
                                         _06987_ (net)
                  0.06    0.00   13.66 v _13601_/B (sky130_fd_sc_hd__ha_1)
     1    0.01    0.08    0.30   13.96 v _13601_/SUM (sky130_fd_sc_hd__ha_1)
                                         _06917_ (net)
                  0.08    0.00   13.96 v _13241_/A (sky130_fd_sc_hd__ha_1)
     1    0.00    0.06    0.31   14.27 v _13241_/SUM (sky130_fd_sc_hd__ha_1)
                                         _00270_ (net)
                  0.06    0.00   14.27 v _07745_/A (sky130_fd_sc_hd__inv_1)
     1    0.01    0.08    0.09   14.36 ^ _07745_/Y (sky130_fd_sc_hd__inv_1)
                                         _00157_ (net)
                  0.08    0.00   14.36 ^ _13127_/B (sky130_fd_sc_hd__fa_1)
     1    0.00    0.08    0.43   14.78 v _13127_/SUM (sky130_fd_sc_hd__fa_1)
                                         _06746_ (net)
                  0.08    0.00   14.78 v _13263_/A (sky130_fd_sc_hd__ha_1)
     5    0.01    0.10    0.36   15.15 v _13263_/SUM (sky130_fd_sc_hd__ha_1)
                                         _00305_ (net)
                  0.10    0.00   15.15 v _07340_/A2 (sky130_fd_sc_hd__a21o_1)
     3    0.01    0.08    0.24   15.39 v _07340_/X (sky130_fd_sc_hd__a21o_1)
                                         _02282_ (net)
                  0.08    0.00   15.39 v _07343_/A1 (sky130_fd_sc_hd__o21ai_1)
     2    0.01    0.17    0.19   15.58 ^ _07343_/Y (sky130_fd_sc_hd__o21ai_1)
                                         _02285_ (net)
                  0.17    0.00   15.58 ^ _07407_/A3 (sky130_fd_sc_hd__a31oi_1)
     2    0.01    0.10    0.13   15.71 v _07407_/Y (sky130_fd_sc_hd__a31oi_1)
                                         _02349_ (net)
                  0.10    0.00   15.71 v _07409_/B (sky130_fd_sc_hd__or3_1)
     2    0.01    0.08    0.38   16.09 v _07409_/X (sky130_fd_sc_hd__or3_1)
                                         _02351_ (net)
                  0.08    0.00   16.09 v _07440_/A2 (sky130_fd_sc_hd__a2111o_1)
     3    0.01    0.10    0.47   16.56 v _07440_/X (sky130_fd_sc_hd__a2111o_1)
                                         _02382_ (net)
                  0.10    0.00   16.56 v _07441_/D (sky130_fd_sc_hd__or4_1)
     2    0.02    0.16    0.51   17.07 v _07441_/X (sky130_fd_sc_hd__or4_1)
                                         _02383_ (net)
                  0.16    0.00   17.07 v _07443_/A (sky130_fd_sc_hd__nor3_4)
     2    0.02    0.30    0.35   17.42 ^ _07443_/Y (sky130_fd_sc_hd__nor3_4)
                                         _02385_ (net)
                  0.30    0.00   17.42 ^ _07445_/A (sky130_fd_sc_hd__xnor2_4)
     2    0.01    0.13    0.16   17.58 ^ _07445_/Y (sky130_fd_sc_hd__xnor2_4)
                                         u_mul_reduce.r1[0] (net)
                  0.13    0.00   17.58 ^ _07742_/A (sky130_fd_sc_hd__inv_1)
     1    0.01    0.05    0.07   17.65 v _07742_/Y (sky130_fd_sc_hd__inv_1)
                                         _00287_ (net)
                  0.05    0.00   17.65 v _13253_/A (sky130_fd_sc_hd__ha_2)
     3    0.01    0.05    0.20   17.85 v _13253_/COUT (sky130_fd_sc_hd__ha_2)
                                         _00289_ (net)
                  0.05    0.00   17.85 v _11821_/A (sky130_fd_sc_hd__inv_2)
     2    0.01    0.07    0.08   17.93 ^ _11821_/Y (sky130_fd_sc_hd__inv_2)
                                         _01304_ (net)
                  0.07    0.00   17.93 ^ _11858_/B (sky130_fd_sc_hd__xnor2_2)
     2    0.01    0.16    0.12   18.05 ^ _11858_/Y (sky130_fd_sc_hd__xnor2_2)
                                         _01341_ (net)
                  0.16    0.00   18.05 ^ _11859_/B (sky130_fd_sc_hd__xor2_1)
     1    0.00    0.13    0.17   18.21 ^ _11859_/X (sky130_fd_sc_hd__xor2_1)
                                         _01342_ (net)
                  0.13    0.00   18.21 ^ _11860_/A (sky130_fd_sc_hd__nand3_1)
     1    0.00    0.06    0.08   18.29 v _11860_/Y (sky130_fd_sc_hd__nand3_1)
                                         _01343_ (net)
                  0.06    0.00   18.29 v _11862_/A2 (sky130_fd_sc_hd__a21boi_1)
     2    0.01    0.19    0.21   18.50 ^ _11862_/Y (sky130_fd_sc_hd__a21boi_1)
                                         _01345_ (net)
                  0.19    0.00   18.50 ^ _11863_/B (sky130_fd_sc_hd__nand2_1)
     1    0.00    0.08    0.08   18.58 v _11863_/Y (sky130_fd_sc_hd__nand2_1)
                                         _01346_ (net)
                  0.08    0.00   18.58 v _11864_/B (sky130_fd_sc_hd__nor3_1)
     1    0.01    0.21    0.22   18.80 ^ _11864_/Y (sky130_fd_sc_hd__nor3_1)
                                         _01347_ (net)
                  0.21    0.00   18.80 ^ _11867_/A1 (sky130_fd_sc_hd__a21oi_1)
     2    0.01    0.08    0.12   18.92 v _11867_/Y (sky130_fd_sc_hd__a21oi_1)
                                         _01350_ (net)
                  0.08    0.00   18.92 v _11868_/A (sky130_fd_sc_hd__or4_4)
     1    0.01    0.10    0.56   19.48 v _11868_/X (sky130_fd_sc_hd__or4_4)
                                         _01351_ (net)
                  0.10    0.00   19.48 v _11964_/A2 (sky130_fd_sc_hd__a2111oi_4)
     1    0.01    0.33    0.42   19.91 ^ _11964_/Y (sky130_fd_sc_hd__a2111oi_4)
                                         _01447_ (net)
                  0.33    0.00   19.91 ^ place1301/A (sky130_fd_sc_hd__buf_12)
    15    0.07    0.09    0.20   20.11 ^ place1301/X (sky130_fd_sc_hd__buf_12)
                                         net1301 (net)
                  0.09    0.00   20.11 ^ place1300/A (sky130_fd_sc_hd__buf_12)
     4    0.02    0.04    0.11   20.22 ^ place1300/X (sky130_fd_sc_hd__buf_12)
                                         net1300 (net)
                  0.04    0.00   20.22 ^ _11988_/S (sky130_fd_sc_hd__mux2i_1)
     1    0.00    0.14    0.18   20.40 ^ _11988_/Y (sky130_fd_sc_hd__mux2i_1)
                                         _01469_ (net)
                  0.14    0.00   20.40 ^ _11990_/B (sky130_fd_sc_hd__nor2_1)
     1    0.00    0.04    0.06   20.46 v _11990_/Y (sky130_fd_sc_hd__nor2_1)
                                         _00794_ (net)
                  0.04    0.00   20.46 v mul_reduced_q[8]$_DFFE_PN0P_/D (sky130_fd_sc_hd__dfrtp_1)
                                 20.46   data arrival time

                  0.00   12.00   12.00   clock clk (rise edge)
                          0.00   12.00   clock network delay (ideal)
                         -0.25   11.75   clock uncertainty
                          0.00   11.75   clock reconvergence pessimism
                                 11.75 ^ mul_reduced_q[8]$_DFFE_PN0P_/CLK (sky130_fd_sc_hd__dfrtp_1)
                         -0.12   11.63   library setup time
                                 11.63   data required time
-----------------------------------------------------------------------------
                                 11.63   data required time
                                -20.46   data arrival time
-----------------------------------------------------------------------------
                                 -8.83   slack (VIOLATED)



==========================================================================
resizer report_checks -unconstrained
--------------------------------------------------------------------------
Startpoint: coeff_b_q[1]$_DFFE_PN0P_
            (rising edge-triggered flip-flop clocked by clk)
Endpoint: mul_reduced_q[8]$_DFFE_PN0P_
          (rising edge-triggered flip-flop clocked by clk)
Path Group: clk
Path Type: max

Fanout     Cap    Slew   Delay    Time   Description
-----------------------------------------------------------------------------
                  0.00    0.00    0.00   clock clk (rise edge)
                          0.00    0.00   clock network delay (ideal)
                  0.00    0.00    0.00 ^ coeff_b_q[1]$_DFFE_PN0P_/CLK (sky130_fd_sc_hd__dfrtp_1)
     2    0.01    0.08    0.33    0.33 ^ coeff_b_q[1]$_DFFE_PN0P_/Q (sky130_fd_sc_hd__dfrtp_1)
                                         coeff_b_q[1] (net)
                  0.08    0.00    0.33 ^ _07516_/A (sky130_fd_sc_hd__inv_1)
     2    0.01    0.06    0.08    0.41 v _07516_/Y (sky130_fd_sc_hd__inv_1)
                                         _00475_ (net)
                  0.06    0.00    0.41 v _13427_/B (sky130_fd_sc_hd__ha_4)
     2    0.01    0.04    0.28    0.69 ^ _13427_/SUM (sky130_fd_sc_hd__ha_4)
                                         _00477_ (net)
                  0.04    0.00    0.69 ^ _07505_/A (sky130_fd_sc_hd__inv_2)
     1    0.01    0.03    0.04    0.73 v _07505_/Y (sky130_fd_sc_hd__inv_2)
                                         _00430_ (net)
                  0.03    0.00    0.73 v _13611_/B (sky130_fd_sc_hd__ha_4)
     2    0.01    0.04    0.15    0.88 v _13611_/COUT (sky130_fd_sc_hd__ha_4)
                                         _00193_ (net)
                  0.04    0.00    0.88 v _13164_/A (sky130_fd_sc_hd__fa_2)
     2    0.01    0.07    0.39    1.27 v _13164_/COUT (sky130_fd_sc_hd__fa_2)
                                         _00195_ (net)
                  0.07    0.00    1.27 v _07673_/A1 (sky130_fd_sc_hd__a21oi_2)
     1    0.00    0.09    0.13    1.40 ^ _07673_/Y (sky130_fd_sc_hd__a21oi_2)
                                         _02567_ (net)
                  0.09    0.00    1.40 ^ _07674_/A (sky130_fd_sc_hd__nor2_1)
     1    0.00    0.04    0.06    1.46 v _07674_/Y (sky130_fd_sc_hd__nor2_1)
                                         _02568_ (net)
                  0.04    0.00    1.46 v _07675_/A (sky130_fd_sc_hd__nor2_1)
     2    0.01    0.19    0.18    1.64 ^ _07675_/Y (sky130_fd_sc_hd__nor2_1)
                                         _02569_ (net)
                  0.19    0.00    1.64 ^ _07686_/B (sky130_fd_sc_hd__xnor2_1)
     2    0.01    0.06    0.10    1.74 v _07686_/Y (sky130_fd_sc_hd__xnor2_1)
                                         _02580_ (net)
                  0.06    0.00    1.74 v _07689_/C (sky130_fd_sc_hd__nor3_1)
     2    0.01    0.23    0.20    1.94 ^ _07689_/Y (sky130_fd_sc_hd__nor3_1)
                                         _02583_ (net)
                  0.23    0.00    1.94 ^ _07690_/B_N (sky130_fd_sc_hd__nor2b_2)
     2    0.01    0.10    0.20    2.14 ^ _07690_/Y (sky130_fd_sc_hd__nor2b_2)
                                         _02584_ (net)
                  0.10    0.00    2.14 ^ _07691_/B_N (sky130_fd_sc_hd__nor2b_4)
     2    0.01    0.08    0.15    2.30 ^ _07691_/Y (sky130_fd_sc_hd__nor2b_4)
                                         _02585_ (net)
                  0.08    0.00    2.30 ^ _07692_/B (sky130_fd_sc_hd__nand2_1)
     1    0.00    0.09    0.06    2.36 v _07692_/Y (sky130_fd_sc_hd__nand2_1)
                                         _02586_ (net)
                  0.09    0.00    2.36 v _07693_/B1 (sky130_fd_sc_hd__a21oi_1)
     1    0.00    0.14    0.15    2.51 ^ _07693_/Y (sky130_fd_sc_hd__a21oi_1)
                                         _02587_ (net)
                  0.14    0.00    2.51 ^ _07694_/B (sky130_fd_sc_hd__nor2_1)
     1    0.00    0.05    0.06    2.57 v _07694_/Y (sky130_fd_sc_hd__nor2_1)
                                         _02588_ (net)
                  0.05    0.00    2.57 v _07700_/A2 (sky130_fd_sc_hd__o211a_1)
     3    0.01    0.07    0.24    2.81 v _07700_/X (sky130_fd_sc_hd__o211a_1)
                                         _02594_ (net)
                  0.07    0.00    2.81 v _07701_/A (sky130_fd_sc_hd__or2_4)
     4    0.01    0.06    0.27    3.08 v _07701_/X (sky130_fd_sc_hd__or2_4)
                                         _02595_ (net)
                  0.06    0.00    3.08 v place1833/A (sky130_fd_sc_hd__buf_4)
     5    0.02    0.04    0.15    3.23 v place1833/X (sky130_fd_sc_hd__buf_4)
                                         net1833 (net)
                  0.04    0.00    3.23 v _07877_/A (sky130_fd_sc_hd__nor2_1)
     1    0.00    0.09    0.11    3.34 ^ _07877_/Y (sky130_fd_sc_hd__nor2_1)
                                         _02677_ (net)
                  0.09    0.00    3.34 ^ _07878_/B1 (sky130_fd_sc_hd__a21oi_1)
     1    0.01    0.05    0.06    3.40 v _07878_/Y (sky130_fd_sc_hd__a21oi_1)
                                         _02678_ (net)
                  0.05    0.00    3.40 v _07880_/A1 (sky130_fd_sc_hd__a211oi_2)
     2    0.01    0.24    0.24    3.64 ^ _07880_/Y (sky130_fd_sc_hd__a211oi_2)
                                         _02680_ (net)
                  0.24    0.00    3.64 ^ _07881_/B1 (sky130_fd_sc_hd__a21o_1)
     5    0.02    0.19    0.22    3.86 ^ _07881_/X (sky130_fd_sc_hd__a21o_1)
                                         _02681_ (net)
                  0.19    0.00    3.86 ^ place1790/A (sky130_fd_sc_hd__buf_4)
     3    0.01    0.04    0.15    4.02 ^ place1790/X (sky130_fd_sc_hd__buf_4)
                                         net1790 (net)
                  0.04    0.00    4.02 ^ _07910_/A (sky130_fd_sc_hd__nor2_1)
     1    0.01    0.05    0.06    4.07 v _07910_/Y (sky130_fd_sc_hd__nor2_1)
                                         _00102_ (net)
                  0.05    0.00    4.07 v _13088_/A (sky130_fd_sc_hd__fa_1)
     1    0.00    0.07    0.42    4.49 v _13088_/COUT (sky130_fd_sc_hd__fa_1)
                                         _06661_ (net)
                  0.07    0.00    4.49 v _13533_/A (sky130_fd_sc_hd__ha_1)
     1    0.00    0.06    0.31    4.80 v _13533_/SUM (sky130_fd_sc_hd__ha_1)
                                         _07051_ (net)
                  0.06    0.00    4.80 v _13425_/A (sky130_fd_sc_hd__ha_1)
     1    0.01    0.07    0.32    5.12 v _13425_/SUM (sky130_fd_sc_hd__ha_1)
                                         _06456_ (net)
                  0.07    0.00    5.12 v _13022_/B (sky130_fd_sc_hd__fa_1)
     1    0.00    0.08    0.46    5.58 v _13022_/SUM (sky130_fd_sc_hd__fa_1)
                                         _06459_ (net)
                  0.08    0.00    5.58 v _13512_/B (sky130_fd_sc_hd__ha_1)
     2    0.01    0.08    0.23    5.81 v _13512_/COUT (sky130_fd_sc_hd__ha_1)
                                         _00088_ (net)
                  0.08    0.00    5.81 v _13073_/A (sky130_fd_sc_hd__fa_1)
     2    0.01    0.09    0.45    6.26 v _13073_/COUT (sky130_fd_sc_hd__fa_1)
                                         _00089_ (net)
                  0.09    0.00    6.26 v _07464_/A1 (sky130_fd_sc_hd__a21oi_1)
     1    0.00    0.14    0.16    6.42 ^ _07464_/Y (sky130_fd_sc_hd__a21oi_1)
                                         _02397_ (net)
                  0.14    0.00    6.42 ^ _07465_/A (sky130_fd_sc_hd__nor2_1)
     1    0.01    0.05    0.08    6.50 v _07465_/Y (sky130_fd_sc_hd__nor2_1)
                                         _02398_ (net)
                  0.05    0.00    6.50 v _07466_/A (sky130_fd_sc_hd__nor2_1)
     2    0.01    0.15    0.15    6.65 ^ _07466_/Y (sky130_fd_sc_hd__nor2_1)
                                         _02399_ (net)
                  0.15    0.00    6.65 ^ _07467_/A2 (sky130_fd_sc_hd__o21bai_1)
     1    0.01    0.07    0.10    6.75 v _07467_/Y (sky130_fd_sc_hd__o21bai_1)
                                         _02400_ (net)
                  0.07    0.00    6.75 v _07468_/A1 (sky130_fd_sc_hd__a21oi_2)
     2    0.01    0.12    0.15    6.90 ^ _07468_/Y (sky130_fd_sc_hd__a21oi_2)
                                         _02401_ (net)
                  0.12    0.00    6.90 ^ _07469_/A2 (sky130_fd_sc_hd__o21bai_1)
     1    0.01    0.07    0.10    6.99 v _07469_/Y (sky130_fd_sc_hd__o21bai_1)
                                         _02402_ (net)
                  0.07    0.00    6.99 v _07470_/A1 (sky130_fd_sc_hd__a21oi_2)
     2    0.01    0.12    0.15    7.15 ^ _07470_/Y (sky130_fd_sc_hd__a21oi_2)
                                         _02403_ (net)
                  0.12    0.00    7.15 ^ _07471_/A2 (sky130_fd_sc_hd__o21bai_1)
     1    0.01    0.07    0.10    7.24 v _07471_/Y (sky130_fd_sc_hd__o21bai_1)
                                         _02404_ (net)
                  0.07    0.00    7.24 v _07472_/A1 (sky130_fd_sc_hd__a21oi_2)
     2    0.01    0.13    0.16    7.41 ^ _07472_/Y (sky130_fd_sc_hd__a21oi_2)
                                         _02405_ (net)
                  0.13    0.00    7.41 ^ _07473_/A2 (sky130_fd_sc_hd__o21bai_1)
     1    0.01    0.07    0.09    7.50 v _07473_/Y (sky130_fd_sc_hd__o21bai_1)
                                         _02406_ (net)
                  0.07    0.00    7.50 v _07474_/A1 (sky130_fd_sc_hd__a21oi_2)
     2    0.01    0.14    0.16    7.66 ^ _07474_/Y (sky130_fd_sc_hd__a21oi_2)
                                         _02407_ (net)
                  0.14    0.00    7.66 ^ _07475_/A1 (sky130_fd_sc_hd__o21bai_1)
     1    0.00    0.05    0.09    7.75 v _07475_/Y (sky130_fd_sc_hd__o21bai_1)
                                         _02408_ (net)
                  0.05    0.00    7.75 v _07476_/A1 (sky130_fd_sc_hd__a21oi_1)
     2    0.01    0.21    0.20    7.95 ^ _07476_/Y (sky130_fd_sc_hd__a21oi_1)
                                         _02409_ (net)
                  0.21    0.00    7.95 ^ _07477_/A (sky130_fd_sc_hd__nor2b_1)
     1    0.00    0.06    0.07    8.03 v _07477_/Y (sky130_fd_sc_hd__nor2b_1)
                                         _02410_ (net)
                  0.06    0.00    8.03 v _07478_/A2 (sky130_fd_sc_hd__o21a_1)
     2    0.01    0.06    0.19    8.22 v _07478_/X (sky130_fd_sc_hd__o21a_1)
                                         _02411_ (net)
                  0.06    0.00    8.22 v _07782_/A3 (sky130_fd_sc_hd__o41a_1)
     2    0.02    0.15    0.47    8.68 v _07782_/X (sky130_fd_sc_hd__o41a_1)
                                         _02612_ (net)
                  0.15    0.00    8.68 v _07783_/A (sky130_fd_sc_hd__xor2_4)
     4    0.02    0.11    0.24    8.92 v _07783_/X (sky130_fd_sc_hd__xor2_4)
                                         mul_product[22] (net)
                  0.11    0.00    8.93 v _12954_/B (sky130_fd_sc_hd__fa_1)
     2    0.01    0.12    0.58    9.50 ^ _12954_/SUM (sky130_fd_sc_hd__fa_1)
                                         _06235_ (net)
                  0.12    0.00    9.50 ^ _13071_/CIN (sky130_fd_sc_hd__fa_1)
     1    0.01    0.09    0.45    9.95 v _13071_/SUM (sky130_fd_sc_hd__fa_1)
                                         _06364_ (net)
                  0.09    0.00    9.95 v _12997_/CIN (sky130_fd_sc_hd__fa_1)
     1    0.01    0.08    0.52   10.46 ^ _12997_/SUM (sky130_fd_sc_hd__fa_1)
                                         _06366_ (net)
                  0.08    0.00   10.46 ^ _13186_/CIN (sky130_fd_sc_hd__fa_1)
     1    0.01    0.10    0.44   10.90 v _13186_/SUM (sky130_fd_sc_hd__fa_1)
                                         _06421_ (net)
                  0.10    0.00   10.90 v _13012_/B (sky130_fd_sc_hd__fa_1)
     1    0.00    0.08    0.47   11.37 v _13012_/SUM (sky130_fd_sc_hd__fa_1)
                                         _06424_ (net)
                  0.08    0.00   11.37 v _13572_/B (sky130_fd_sc_hd__ha_1)
     1    0.00    0.04    0.28   11.65 ^ _13572_/SUM (sky130_fd_sc_hd__ha_1)
                                         _00681_ (net)
                  0.04    0.00   11.65 ^ _07181_/B1 (sky130_fd_sc_hd__o21a_1)
     2    0.01    0.07    0.13   11.78 ^ _07181_/X (sky130_fd_sc_hd__o21a_1)
                                         _02132_ (net)
                  0.07    0.00   11.79 ^ _07182_/C (sky130_fd_sc_hd__and3_4)
     2    0.01    0.05    0.19   11.98 ^ _07182_/X (sky130_fd_sc_hd__and3_4)
                                         _02133_ (net)
                  0.05    0.00   11.98 ^ _07187_/A1 (sky130_fd_sc_hd__a211oi_2)
     1    0.01    0.07    0.06   12.04 v _07187_/Y (sky130_fd_sc_hd__a211oi_2)
                                         _02138_ (net)
                  0.07    0.00   12.04 v _07190_/C (sky130_fd_sc_hd__nor3_2)
     3    0.01    0.24    0.20   12.24 ^ _07190_/Y (sky130_fd_sc_hd__nor3_2)
                                         _02141_ (net)
                  0.24    0.00   12.24 ^ _07194_/A1 (sky130_fd_sc_hd__a41oi_2)
     3    0.02    0.17    0.20   12.44 v _07194_/Y (sky130_fd_sc_hd__a41oi_2)
                                         _02145_ (net)
                  0.17    0.00   12.44 v _07199_/A2 (sky130_fd_sc_hd__a2111oi_4)
     2    0.01    0.27    0.40   12.85 ^ _07199_/Y (sky130_fd_sc_hd__a2111oi_4)
                                         _02150_ (net)
                  0.27    0.00   12.85 ^ _07200_/A1 (sky130_fd_sc_hd__o21a_1)
     2    0.01    0.07    0.19   13.04 ^ _07200_/X (sky130_fd_sc_hd__o21a_1)
                                         _02151_ (net)
                  0.07    0.00   13.04 ^ place1598/A (sky130_fd_sc_hd__buf_4)
     2    0.01    0.04    0.11   13.15 ^ place1598/X (sky130_fd_sc_hd__buf_4)
                                         net1598 (net)
                  0.04    0.00   13.15 ^ _07204_/B (sky130_fd_sc_hd__nor2_1)
     1    0.01    0.06    0.06   13.21 v _07204_/Y (sky130_fd_sc_hd__nor2_1)
                                         _02154_ (net)
                  0.06    0.00   13.21 v _07205_/A (sky130_fd_sc_hd__xnor2_2)
     2    0.01    0.16    0.19   13.40 ^ _07205_/Y (sky130_fd_sc_hd__xnor2_2)
                                         u_mul_reduce.prod[35] (net)
                  0.16    0.00   13.40 ^ _13325_/B (sky130_fd_sc_hd__ha_1)
     1    0.00    0.06    0.26   13.66 v _13325_/SUM (sky130_fd_sc_hd__ha_1)
                                         _06987_ (net)
                  0.06    0.00   13.66 v _13601_/B (sky130_fd_sc_hd__ha_1)
     1    0.01    0.08    0.30   13.96 v _13601_/SUM (sky130_fd_sc_hd__ha_1)
                                         _06917_ (net)
                  0.08    0.00   13.96 v _13241_/A (sky130_fd_sc_hd__ha_1)
     1    0.00    0.06    0.31   14.27 v _13241_/SUM (sky130_fd_sc_hd__ha_1)
                                         _00270_ (net)
                  0.06    0.00   14.27 v _07745_/A (sky130_fd_sc_hd__inv_1)
     1    0.01    0.08    0.09   14.36 ^ _07745_/Y (sky130_fd_sc_hd__inv_1)
                                         _00157_ (net)
                  0.08    0.00   14.36 ^ _13127_/B (sky130_fd_sc_hd__fa_1)
     1    0.00    0.08    0.43   14.78 v _13127_/SUM (sky130_fd_sc_hd__fa_1)
                                         _06746_ (net)
                  0.08    0.00   14.78 v _13263_/A (sky130_fd_sc_hd__ha_1)
     5    0.01    0.10    0.36   15.15 v _13263_/SUM (sky130_fd_sc_hd__ha_1)
                                         _00305_ (net)
                  0.10    0.00   15.15 v _07340_/A2 (sky130_fd_sc_hd__a21o_1)
     3    0.01    0.08    0.24   15.39 v _07340_/X (sky130_fd_sc_hd__a21o_1)
                                         _02282_ (net)
                  0.08    0.00   15.39 v _07343_/A1 (sky130_fd_sc_hd__o21ai_1)
     2    0.01    0.17    0.19   15.58 ^ _07343_/Y (sky130_fd_sc_hd__o21ai_1)
                                         _02285_ (net)
                  0.17    0.00   15.58 ^ _07407_/A3 (sky130_fd_sc_hd__a31oi_1)
     2    0.01    0.10    0.13   15.71 v _07407_/Y (sky130_fd_sc_hd__a31oi_1)
                                         _02349_ (net)
                  0.10    0.00   15.71 v _07409_/B (sky130_fd_sc_hd__or3_1)
     2    0.01    0.08    0.38   16.09 v _07409_/X (sky130_fd_sc_hd__or3_1)
                                         _02351_ (net)
                  0.08    0.00   16.09 v _07440_/A2 (sky130_fd_sc_hd__a2111o_1)
     3    0.01    0.10    0.47   16.56 v _07440_/X (sky130_fd_sc_hd__a2111o_1)
                                         _02382_ (net)
                  0.10    0.00   16.56 v _07441_/D (sky130_fd_sc_hd__or4_1)
     2    0.02    0.16    0.51   17.07 v _07441_/X (sky130_fd_sc_hd__or4_1)
                                         _02383_ (net)
                  0.16    0.00   17.07 v _07443_/A (sky130_fd_sc_hd__nor3_4)
     2    0.02    0.30    0.35   17.42 ^ _07443_/Y (sky130_fd_sc_hd__nor3_4)
                                         _02385_ (net)
                  0.30    0.00   17.42 ^ _07445_/A (sky130_fd_sc_hd__xnor2_4)
     2    0.01    0.13    0.16   17.58 ^ _07445_/Y (sky130_fd_sc_hd__xnor2_4)
                                         u_mul_reduce.r1[0] (net)
                  0.13    0.00   17.58 ^ _07742_/A (sky130_fd_sc_hd__inv_1)
     1    0.01    0.05    0.07   17.65 v _07742_/Y (sky130_fd_sc_hd__inv_1)
                                         _00287_ (net)
                  0.05    0.00   17.65 v _13253_/A (sky130_fd_sc_hd__ha_2)
     3    0.01    0.05    0.20   17.85 v _13253_/COUT (sky130_fd_sc_hd__ha_2)
                                         _00289_ (net)
                  0.05    0.00   17.85 v _11821_/A (sky130_fd_sc_hd__inv_2)
     2    0.01    0.07    0.08   17.93 ^ _11821_/Y (sky130_fd_sc_hd__inv_2)
                                         _01304_ (net)
                  0.07    0.00   17.93 ^ _11858_/B (sky130_fd_sc_hd__xnor2_2)
     2    0.01    0.16    0.12   18.05 ^ _11858_/Y (sky130_fd_sc_hd__xnor2_2)
                                         _01341_ (net)
                  0.16    0.00   18.05 ^ _11859_/B (sky130_fd_sc_hd__xor2_1)
     1    0.00    0.13    0.17   18.21 ^ _11859_/X (sky130_fd_sc_hd__xor2_1)
                                         _01342_ (net)
                  0.13    0.00   18.21 ^ _11860_/A (sky130_fd_sc_hd__nand3_1)
     1    0.00    0.06    0.08   18.29 v _11860_/Y (sky130_fd_sc_hd__nand3_1)
                                         _01343_ (net)
                  0.06    0.00   18.29 v _11862_/A2 (sky130_fd_sc_hd__a21boi_1)
     2    0.01    0.19    0.21   18.50 ^ _11862_/Y (sky130_fd_sc_hd__a21boi_1)
                                         _01345_ (net)
                  0.19    0.00   18.50 ^ _11863_/B (sky130_fd_sc_hd__nand2_1)
     1    0.00    0.08    0.08   18.58 v _11863_/Y (sky130_fd_sc_hd__nand2_1)
                                         _01346_ (net)
                  0.08    0.00   18.58 v _11864_/B (sky130_fd_sc_hd__nor3_1)
     1    0.01    0.21    0.22   18.80 ^ _11864_/Y (sky130_fd_sc_hd__nor3_1)
                                         _01347_ (net)
                  0.21    0.00   18.80 ^ _11867_/A1 (sky130_fd_sc_hd__a21oi_1)
     2    0.01    0.08    0.12   18.92 v _11867_/Y (sky130_fd_sc_hd__a21oi_1)
                                         _01350_ (net)
                  0.08    0.00   18.92 v _11868_/A (sky130_fd_sc_hd__or4_4)
     1    0.01    0.10    0.56   19.48 v _11868_/X (sky130_fd_sc_hd__or4_4)
                                         _01351_ (net)
                  0.10    0.00   19.48 v _11964_/A2 (sky130_fd_sc_hd__a2111oi_4)
     1    0.01    0.33    0.42   19.91 ^ _11964_/Y (sky130_fd_sc_hd__a2111oi_4)
                                         _01447_ (net)
                  0.33    0.00   19.91 ^ place1301/A (sky130_fd_sc_hd__buf_12)
    15    0.07    0.09    0.20   20.11 ^ place1301/X (sky130_fd_sc_hd__buf_12)
                                         net1301 (net)
                  0.09    0.00   20.11 ^ place1300/A (sky130_fd_sc_hd__buf_12)
     4    0.02    0.04    0.11   20.22 ^ place1300/X (sky130_fd_sc_hd__buf_12)
                                         net1300 (net)
                  0.04    0.00   20.22 ^ _11988_/S (sky130_fd_sc_hd__mux2i_1)
     1    0.00    0.14    0.18   20.40 ^ _11988_/Y (sky130_fd_sc_hd__mux2i_1)
                                         _01469_ (net)
                  0.14    0.00   20.40 ^ _11990_/B (sky130_fd_sc_hd__nor2_1)
     1    0.00    0.04    0.06   20.46 v _11990_/Y (sky130_fd_sc_hd__nor2_1)
                                         _00794_ (net)
                  0.04    0.00   20.46 v mul_reduced_q[8]$_DFFE_PN0P_/D (sky130_fd_sc_hd__dfrtp_1)
                                 20.46   data arrival time

                  0.00   12.00   12.00   clock clk (rise edge)
                          0.00   12.00   clock network delay (ideal)
                         -0.25   11.75   clock uncertainty
                          0.00   11.75   clock reconvergence pessimism
                                 11.75 ^ mul_reduced_q[8]$_DFFE_PN0P_/CLK (sky130_fd_sc_hd__dfrtp_1)
                         -0.12   11.63   library setup time
                                 11.63   data required time
-----------------------------------------------------------------------------
                                 11.63   data required time
                                -20.46   data arrival time
-----------------------------------------------------------------------------
                                 -8.83   slack (VIOLATED)



==========================================================================
resizer report_check_types -max_slew -max_cap -max_fanout -violators
--------------------------------------------------------------------------

==========================================================================
resizer max_slew_check_slack
--------------------------------------------------------------------------
0.1658305823802948

==========================================================================
resizer max_slew_check_limit
--------------------------------------------------------------------------
1.4910049438476562

==========================================================================
resizer max_slew_check_slack_limit
--------------------------------------------------------------------------
0.1112

==========================================================================
resizer max_fanout_check_slack
--------------------------------------------------------------------------
1.0000000150474662e+30

==========================================================================
resizer max_fanout_check_limit
--------------------------------------------------------------------------
1.0000000150474662e+30

==========================================================================
resizer max_capacitance_check_slack
--------------------------------------------------------------------------
0.004565609153360128

==========================================================================
resizer max_capacitance_check_limit
--------------------------------------------------------------------------
0.047616999596357346

==========================================================================
resizer max_capacitance_check_slack_limit
--------------------------------------------------------------------------
0.0959

==========================================================================
resizer max_slew_violation_count
--------------------------------------------------------------------------
max slew violation count 0

==========================================================================
resizer max_fanout_violation_count
--------------------------------------------------------------------------
max fanout violation count 0

==========================================================================
resizer max_cap_violation_count
--------------------------------------------------------------------------
max cap violation count 0

==========================================================================
resizer setup_violation_count
--------------------------------------------------------------------------
setup violation count 12

==========================================================================
resizer hold_violation_count
--------------------------------------------------------------------------
hold violation count 0

==========================================================================
resizer report_checks -path_delay max reg to reg
--------------------------------------------------------------------------
Startpoint: coeff_b_q[1]$_DFFE_PN0P_
            (rising edge-triggered flip-flop clocked by clk)
Endpoint: mul_reduced_q[8]$_DFFE_PN0P_
          (rising edge-triggered flip-flop clocked by clk)
Path Group: clk
Path Type: max

  Delay    Time   Description
---------------------------------------------------------
   0.00    0.00   clock clk (rise edge)
   0.00    0.00   clock network delay (ideal)
   0.00    0.00 ^ coeff_b_q[1]$_DFFE_PN0P_/CLK (sky130_fd_sc_hd__dfrtp_1)
   0.33    0.33 ^ coeff_b_q[1]$_DFFE_PN0P_/Q (sky130_fd_sc_hd__dfrtp_1)
   0.08    0.41 v _07516_/Y (sky130_fd_sc_hd__inv_1)
   0.28    0.69 ^ _13427_/SUM (sky130_fd_sc_hd__ha_4)
   0.04    0.73 v _07505_/Y (sky130_fd_sc_hd__inv_2)
   0.15    0.88 v _13611_/COUT (sky130_fd_sc_hd__ha_4)
   0.39    1.27 v _13164_/COUT (sky130_fd_sc_hd__fa_2)
   0.13    1.40 ^ _07673_/Y (sky130_fd_sc_hd__a21oi_2)
   0.06    1.46 v _07674_/Y (sky130_fd_sc_hd__nor2_1)
   0.18    1.64 ^ _07675_/Y (sky130_fd_sc_hd__nor2_1)
   0.10    1.74 v _07686_/Y (sky130_fd_sc_hd__xnor2_1)
   0.20    1.94 ^ _07689_/Y (sky130_fd_sc_hd__nor3_1)
   0.20    2.14 ^ _07690_/Y (sky130_fd_sc_hd__nor2b_2)
   0.15    2.30 ^ _07691_/Y (sky130_fd_sc_hd__nor2b_4)
   0.06    2.36 v _07692_/Y (sky130_fd_sc_hd__nand2_1)
   0.15    2.51 ^ _07693_/Y (sky130_fd_sc_hd__a21oi_1)
   0.06    2.57 v _07694_/Y (sky130_fd_sc_hd__nor2_1)
   0.24    2.81 v _07700_/X (sky130_fd_sc_hd__o211a_1)
   0.27    3.08 v _07701_/X (sky130_fd_sc_hd__or2_4)
   0.15    3.23 v place1833/X (sky130_fd_sc_hd__buf_4)
   0.11    3.34 ^ _07877_/Y (sky130_fd_sc_hd__nor2_1)
   0.06    3.40 v _07878_/Y (sky130_fd_sc_hd__a21oi_1)
   0.24    3.64 ^ _07880_/Y (sky130_fd_sc_hd__a211oi_2)
   0.22    3.86 ^ _07881_/X (sky130_fd_sc_hd__a21o_1)
   0.15    4.02 ^ place1790/X (sky130_fd_sc_hd__buf_4)
   0.06    4.07 v _07910_/Y (sky130_fd_sc_hd__nor2_1)
   0.42    4.49 v _13088_/COUT (sky130_fd_sc_hd__fa_1)
   0.31    4.80 v _13533_/SUM (sky130_fd_sc_hd__ha_1)
   0.32    5.12 v _13425_/SUM (sky130_fd_sc_hd__ha_1)
   0.46    5.58 v _13022_/SUM (sky130_fd_sc_hd__fa_1)
   0.23    5.81 v _13512_/COUT (sky130_fd_sc_hd__ha_1)
   0.45    6.26 v _13073_/COUT (sky130_fd_sc_hd__fa_1)
   0.16    6.42 ^ _07464_/Y (sky130_fd_sc_hd__a21oi_1)
   0.08    6.50 v _07465_/Y (sky130_fd_sc_hd__nor2_1)
   0.15    6.65 ^ _07466_/Y (sky130_fd_sc_hd__nor2_1)
   0.10    6.75 v _07467_/Y (sky130_fd_sc_hd__o21bai_1)
   0.15    6.90 ^ _07468_/Y (sky130_fd_sc_hd__a21oi_2)
   0.10    6.99 v _07469_/Y (sky130_fd_sc_hd__o21bai_1)
   0.15    7.15 ^ _07470_/Y (sky130_fd_sc_hd__a21oi_2)
   0.10    7.24 v _07471_/Y (sky130_fd_sc_hd__o21bai_1)
   0.16    7.41 ^ _07472_/Y (sky130_fd_sc_hd__a21oi_2)
   0.09    7.50 v _07473_/Y (sky130_fd_sc_hd__o21bai_1)
   0.16    7.66 ^ _07474_/Y (sky130_fd_sc_hd__a21oi_2)
   0.09    7.75 v _07475_/Y (sky130_fd_sc_hd__o21bai_1)
   0.20    7.95 ^ _07476_/Y (sky130_fd_sc_hd__a21oi_1)
   0.07    8.03 v _07477_/Y (sky130_fd_sc_hd__nor2b_1)
   0.19    8.22 v _07478_/X (sky130_fd_sc_hd__o21a_1)
   0.47    8.68 v _07782_/X (sky130_fd_sc_hd__o41a_1)
   0.24    8.92 v _07783_/X (sky130_fd_sc_hd__xor2_4)
   0.58    9.50 ^ _12954_/SUM (sky130_fd_sc_hd__fa_1)
   0.45    9.95 v _13071_/SUM (sky130_fd_sc_hd__fa_1)
   0.52   10.46 ^ _12997_/SUM (sky130_fd_sc_hd__fa_1)
   0.44   10.90 v _13186_/SUM (sky130_fd_sc_hd__fa_1)
   0.47   11.37 v _13012_/SUM (sky130_fd_sc_hd__fa_1)
   0.28   11.65 ^ _13572_/SUM (sky130_fd_sc_hd__ha_1)
   0.13   11.78 ^ _07181_/X (sky130_fd_sc_hd__o21a_1)
   0.19   11.98 ^ _07182_/X (sky130_fd_sc_hd__and3_4)
   0.06   12.04 v _07187_/Y (sky130_fd_sc_hd__a211oi_2)
   0.20   12.24 ^ _07190_/Y (sky130_fd_sc_hd__nor3_2)
   0.20   12.44 v _07194_/Y (sky130_fd_sc_hd__a41oi_2)
   0.40   12.85 ^ _07199_/Y (sky130_fd_sc_hd__a2111oi_4)
   0.19   13.04 ^ _07200_/X (sky130_fd_sc_hd__o21a_1)
   0.11   13.15 ^ place1598/X (sky130_fd_sc_hd__buf_4)
   0.06   13.21 v _07204_/Y (sky130_fd_sc_hd__nor2_1)
   0.19   13.40 ^ _07205_/Y (sky130_fd_sc_hd__xnor2_2)
   0.26   13.66 v _13325_/SUM (sky130_fd_sc_hd__ha_1)
   0.30   13.96 v _13601_/SUM (sky130_fd_sc_hd__ha_1)
   0.31   14.27 v _13241_/SUM (sky130_fd_sc_hd__ha_1)
   0.09   14.36 ^ _07745_/Y (sky130_fd_sc_hd__inv_1)
   0.43   14.78 v _13127_/SUM (sky130_fd_sc_hd__fa_1)
   0.36   15.15 v _13263_/SUM (sky130_fd_sc_hd__ha_1)
   0.24   15.39 v _07340_/X (sky130_fd_sc_hd__a21o_1)
   0.19   15.58 ^ _07343_/Y (sky130_fd_sc_hd__o21ai_1)
   0.13   15.71 v _07407_/Y (sky130_fd_sc_hd__a31oi_1)
   0.38   16.09 v _07409_/X (sky130_fd_sc_hd__or3_1)
   0.47   16.56 v _07440_/X (sky130_fd_sc_hd__a2111o_1)
   0.51   17.07 v _07441_/X (sky130_fd_sc_hd__or4_1)
   0.35   17.42 ^ _07443_/Y (sky130_fd_sc_hd__nor3_4)
   0.16   17.58 ^ _07445_/Y (sky130_fd_sc_hd__xnor2_4)
   0.07   17.65 v _07742_/Y (sky130_fd_sc_hd__inv_1)
   0.20   17.85 v _13253_/COUT (sky130_fd_sc_hd__ha_2)
   0.08   17.93 ^ _11821_/Y (sky130_fd_sc_hd__inv_2)
   0.12   18.05 ^ _11858_/Y (sky130_fd_sc_hd__xnor2_2)
   0.17   18.21 ^ _11859_/X (sky130_fd_sc_hd__xor2_1)
   0.08   18.29 v _11860_/Y (sky130_fd_sc_hd__nand3_1)
   0.21   18.50 ^ _11862_/Y (sky130_fd_sc_hd__a21boi_1)
   0.08   18.58 v _11863_/Y (sky130_fd_sc_hd__nand2_1)
   0.22   18.80 ^ _11864_/Y (sky130_fd_sc_hd__nor3_1)
   0.12   18.92 v _11867_/Y (sky130_fd_sc_hd__a21oi_1)
   0.56   19.48 v _11868_/X (sky130_fd_sc_hd__or4_4)
   0.42   19.91 ^ _11964_/Y (sky130_fd_sc_hd__a2111oi_4)
   0.20   20.11 ^ place1301/X (sky130_fd_sc_hd__buf_12)
   0.11   20.22 ^ place1300/X (sky130_fd_sc_hd__buf_12)
   0.18   20.40 ^ _11988_/Y (sky130_fd_sc_hd__mux2i_1)
   0.06   20.46 v _11990_/Y (sky130_fd_sc_hd__nor2_1)
   0.00   20.46 v mul_reduced_q[8]$_DFFE_PN0P_/D (sky130_fd_sc_hd__dfrtp_1)
          20.46   data arrival time

  12.00   12.00   clock clk (rise edge)
   0.00   12.00   clock network delay (ideal)
  -0.25   11.75   clock uncertainty
   0.00   11.75   clock reconvergence pessimism
          11.75 ^ mul_reduced_q[8]$_DFFE_PN0P_/CLK (sky130_fd_sc_hd__dfrtp_1)
  -0.12   11.63   library setup time
          11.63   data required time
---------------------------------------------------------
          11.63   data required time
         -20.46   data arrival time
---------------------------------------------------------
          -8.83   slack (VIOLATED)



==========================================================================
resizer report_checks -path_delay min reg to reg
--------------------------------------------------------------------------
Startpoint: st[12]$_DFF_PN0_ (rising edge-triggered flip-flop clocked by clk)
Endpoint: done$_DFF_PN0_ (rising edge-triggered flip-flop clocked by clk)
Path Group: clk
Path Type: min

  Delay    Time   Description
---------------------------------------------------------
   0.00    0.00   clock clk (rise edge)
   0.00    0.00   clock network delay (ideal)
   0.00    0.00 ^ st[12]$_DFF_PN0_/CLK (sky130_fd_sc_hd__dfrtp_1)
   0.31    0.31 ^ st[12]$_DFF_PN0_/Q (sky130_fd_sc_hd__dfrtp_1)
   0.00    0.31 ^ done$_DFF_PN0_/D (sky130_fd_sc_hd__dfrtp_1)
           0.31   data arrival time

   0.00    0.00   clock clk (rise edge)
   0.00    0.00   clock network delay (ideal)
   0.25    0.25   clock uncertainty
   0.00    0.25   clock reconvergence pessimism
           0.25 ^ done$_DFF_PN0_/CLK (sky130_fd_sc_hd__dfrtp_1)
  -0.04    0.21   library hold time
           0.21   data required time
---------------------------------------------------------
           0.21   data required time
          -0.31   data arrival time
---------------------------------------------------------
           0.11   slack (MET)



==========================================================================
resizer critical path target clock latency max path
--------------------------------------------------------------------------
0.0000

==========================================================================
resizer critical path target clock latency min path
--------------------------------------------------------------------------
0.0000

==========================================================================
resizer critical path source clock latency min path
--------------------------------------------------------------------------
0.0000

==========================================================================
resizer critical path delay
--------------------------------------------------------------------------
20.4609

==========================================================================
resizer critical path slack
--------------------------------------------------------------------------
-8.8348

==========================================================================
resizer slack div critical path delay
--------------------------------------------------------------------------
-43.178941

==========================================================================
resizer report_power
--------------------------------------------------------------------------
Group                  Internal  Switching    Leakage      Total
                          Power      Power      Power      Power (Watts)
----------------------------------------------------------------
Sequential             1.66e-02   0.00e+00   3.89e-08   1.66e-02  98.2%
Combinational          3.09e-05   2.76e-04   2.74e-08   3.07e-04   1.8%
Clock                  0.00e+00   0.00e+00   0.00e+00   0.00e+00   0.0%
Macro                  0.00e+00   0.00e+00   0.00e+00   0.00e+00   0.0%
Pad                    0.00e+00   0.00e+00   0.00e+00   0.00e+00   0.0%
----------------------------------------------------------------
Total                  1.67e-02   2.76e-04   6.63e-08   1.69e-02 100.0%
                          98.4%       1.6%       0.0%
