OpenROAD f552262465b0bfef8f097e258f94bc501d01e19d 
Features included (+) or not (-): +GPU +GUI +Python
This program is licensed under the BSD-3 license. See the LICENSE file for details.
Components of this program may be licensed under more restrictive licenses which must be honored.
[INFO ORD-0030] Using 12 thread(s).
read_liberty /opt/eda/orfs-6101364b/flow/platforms/sky130hd/lib/sky130_fd_sc_hd__tt_025C_1v80.lib
read_db /root/cac_runs/ntt_sp_20ns/results/sky130hd/cac_ntt_sp_20ns/base/2_floorplan.odb
read_sdc /root/cac_runs/ntt_sp_20ns/results/sky130hd/cac_ntt_sp_20ns/base/2_floorplan.sdc
source /opt/eda/orfs-6101364b/flow/platforms/sky130hd/setRC.tcl
[INFO GPL-0022] Initialize gpl and calculate uniform density.
Placement density is 0.6020000076293945, computed from PLACE_DENSITY_LB_ADDON  0.20 and lower bound 0.49000000953674316
global_placement -skip_io -density 0.6020000076293945 -pad_left 0 -pad_right 0
[INFO GPL-0001] ---- Initialize GPL Main Data Structures
[INFO GPL-0002] DBU: 1000
[INFO GPL-0003] SiteSize: (  0.460  2.720 ) um
[INFO GPL-0004] CoreBBox: (  1.380  2.720 ) ( 644.000 641.920 ) um
[INFO GPL-0016] Core area:                  410762.704 um^2
[INFO GPL-0036] Movable instances area:     186735.344 um^2
[INFO GPL-0037] Total instances area:       193555.635 um^2
[INFO GPL-0035] Pin density area adjust:      7174.231 um^2
[INFO GPL-0032] ---- Initialize Region: Top-level
[INFO GPL-0006] Number of instances:             16226
[INFO GPL-0007] Movable instances:               10775
[INFO GPL-0008] Fixed instances:                  5451
[INFO GPL-0009] Dummy instances:                     0
[INFO GPL-0010] Number of nets:                  11483
[INFO GPL-0011] Number of pins:                  43514
[INFO GPL-0012] Die BBox:       (  0.000  0.000 ) ( 645.155 645.155 ) um
[INFO GPL-0013] Placement BBox: (  1.380  2.720 ) ( 644.000 641.920 ) um
[INFO GPL-0014] Region name: top-level.
[INFO GPL-0015] Region area:                410762.704 um^2
[INFO GPL-0017] Fixed instances area:         6820.291 um^2
[INFO GPL-0018] Movable instances area:     193909.575 um^2
[INFO GPL-0019] Utilization:                    48.004 %
[INFO GPL-0020] Standard cells area:        193909.575 um^2
[INFO GPL-0021] Large instances area:            0.000 um^2
[INFO GPL-0005] ---- Execute Conjugate Gradient Initial Placement.
[INFO GPL-0051] Source of initial instance position counters:
	Odb location = 0	Core center = 10775	Region center = 0
[INFO GPL-0033] ---- Initialize Nesterov Region: Top-level
[INFO GPL-0023] Placement target density:       0.6020
[INFO GPL-0024] Movable insts average area:     17.996 um^2
[INFO GPL-0025] Ideal bin area:                 29.894 um^2
[INFO GPL-0026] Ideal bin count:                 13740
[INFO GPL-0027] Total bin area:             410762.704 um^2
[INFO GPL-0028] Bin count (X, Y):          64 ,     64
[INFO GPL-0029] Bin size (W * H):      10.041 *  9.988 um
[INFO GPL-0030] Number of bins:                   4096
[INFO GPL-0084] ---- Execute Nesterov Global Placement.
[INFO GPL-0031] HPWL: Half-Perimeter Wirelength
Iteration | Overflow |     HPWL (um) |  HPWL(%) |   Penalty | Group
---------------------------------------------------------------
        0 |   0.9987 |  3.515029e+04 |   +0.00% |  3.92e-15 |      
       10 |   0.9975 |  1.068627e+04 |  -69.60% |  6.38e-15 |      
       20 |   0.9975 |  1.063267e+04 |   -0.50% |  1.04e-14 |      
       30 |   0.9975 |  1.069386e+04 |   +0.58% |  1.69e-14 |      
       40 |   0.9975 |  1.058654e+04 |   -1.00% |  2.76e-14 |      
       50 |   0.9975 |  1.055220e+04 |   -0.32% |  4.49e-14 |      
       60 |   0.9975 |  1.058410e+04 |   +0.30% |  7.32e-14 |      
       70 |   0.9975 |  1.085345e+04 |   +2.54% |  1.19e-13 |      
       80 |   0.9975 |  1.155589e+04 |   +6.47% |  1.94e-13 |      
       90 |   0.9969 |  1.289700e+04 |  +11.61% |  3.16e-13 |      
      100 |   0.9957 |  1.515709e+04 |  +17.52% |  5.15e-13 |      
      110 |   0.9950 |  2.052862e+04 |  +35.44% |  8.38e-13 |      
      120 |   0.9904 |  3.374538e+04 |  +64.38% |  1.36e-12 |      
      130 |   0.9815 |  6.356458e+04 |  +88.37% |  2.21e-12 |      
      140 |   0.9738 |  8.088721e+04 |  +27.25% |  3.60e-12 |      
      150 |   0.9667 |  9.435500e+04 |  +16.65% |  5.85e-12 |      
      160 |   0.9534 |  1.207837e+05 |  +28.01% |  9.51e-12 |      
      170 |   0.9379 |  1.451151e+05 |  +20.14% |  1.54e-11 |      
      180 |   0.9176 |  1.722377e+05 |  +18.69% |  2.51e-11 |      
      190 |   0.8874 |  2.037525e+05 |  +18.30% |  4.07e-11 |      
      200 |   0.8552 |  2.349868e+05 |  +15.33% |  6.61e-11 |      
      210 |   0.8166 |  2.675055e+05 |  +13.84% |  1.07e-10 |      
      220 |   0.7750 |  3.008168e+05 |  +12.45% |  1.74e-10 |      
      230 |   0.7314 |  3.348642e+05 |  +11.32% |  2.83e-10 |      
      240 |   0.6854 |  3.657819e+05 |   +9.23% |  4.59e-10 |      
      250 |   0.6323 |  3.940296e+05 |   +7.72% |  7.45e-10 |      
      260 |   0.5750 |  4.177566e+05 |   +6.02% |  1.21e-09 |      
      270 |   0.4984 |  4.376595e+05 |   +4.76% |  1.97e-09 |      
      280 |   0.4279 |  4.550814e+05 |   +3.98% |  3.20e-09 |      
      290 |   0.3904 |  4.751526e+05 |   +4.41% |  5.20e-09 |      
      300 |   0.3485 |  4.794730e+05 |   +0.91% |  8.46e-09 |      
      310 |   0.3064 |  4.832794e+05 |   +0.79% |  1.26e-08 |      
      320 |   0.2747 |  4.854361e+05 |   +0.45% |  1.85e-08 |      
      330 |   0.2438 |  4.871539e+05 |   +0.35% |  2.73e-08 |      
      340 |   0.2163 |  4.890946e+05 |   +0.40% |  4.02e-08 |      
      350 |   0.1854 |  4.900377e+05 |   +0.19% |  5.92e-08 |      
      360 |   0.1612 |  4.911666e+05 |   +0.23% |  8.73e-08 |      
      370 |   0.1367 |  4.922929e+05 |   +0.23% |  1.29e-07 |      
      380 |   0.1165 |  4.934307e+05 |   +0.23% |  1.89e-07 |      
      389 |   0.0990 |  4.942140e+05 |          |  2.79e-07 |      
---------------------------------------------------------------
[INFO GPL-1001] Global placement finished at iteration 389
[INFO GPL-1002] Placed Cell Area            193909.5753
[INFO GPL-1003] Available Free Area         403942.4128
[INFO GPL-1004] Minimum Feasible Density        0.4900 (cell_area / free_area)
[INFO GPL-1006]   Suggested Target Densities:
[INFO GPL-1007]     - For 90% usage of free space: 0.5334
[INFO GPL-1008]     - For 80% usage of free space: 0.6001
[INFO GPL-1009]     - For 50% usage of free space: 0.9601
[INFO GPL-1014] Final placement area: 193909.58 (+0.00%)
Took 119 seconds: global_placement -skip_io -density 0.6020000076293945 -pad_left 0 -pad_right 0
Design area 193556 um^2 47% utilization.
write_db /root/cac_runs/ntt_sp_20ns/results/sky130hd/cac_ntt_sp_20ns/base/3_1_place_gp_skip_io.odb
Elapsed time: 1:57.99[h:]min:sec. CPU time: user 371.91 sys 0.43 (315%). Peak memory: 167012KB.
Log                       Ext     Elapsed/s Peak Memory/MB sha1sum result [0:20)
3_1_place_gp_skip_io      .odb          117            163 02fa53abdb15c212bb89
