OpenROAD f552262465b0bfef8f097e258f94bc501d01e19d 
Features included (+) or not (-): +GPU +GUI +Python
This program is licensed under the BSD-3 license. See the LICENSE file for details.
Components of this program may be licensed under more restrictive licenses which must be honored.
[INFO ORD-0030] Using 12 thread(s).
read_liberty /opt/eda/orfs-6101364b/flow/platforms/sky130hd/lib/sky130_fd_sc_hd__tt_025C_1v80.lib
read_db /root/cac_runs/ntt_sp_20ns/results/sky130hd/cac_ntt_sp_20ns/base/4_cts.odb
read_sdc /root/cac_runs/ntt_sp_20ns/results/sky130hd/cac_ntt_sp_20ns/base/4_cts.sdc
source /opt/eda/orfs-6101364b/flow/platforms/sky130hd/setRC.tcl
pin_access
[INFO DRT-0149] Reading tech and libs.
[WARNING DRT-0349] LEF58_ENCLOSURE with no CUTCLASS is not supported. Skipping for layer mcon
[WARNING DRT-0349] LEF58_ENCLOSURE with no CUTCLASS is not supported. Skipping for layer mcon
[WARNING DRT-0349] LEF58_ENCLOSURE with no CUTCLASS is not supported. Skipping for layer via
[WARNING DRT-0349] LEF58_ENCLOSURE with no CUTCLASS is not supported. Skipping for layer via
[WARNING DRT-0349] LEF58_ENCLOSURE with no CUTCLASS is not supported. Skipping for layer via2
[WARNING DRT-0349] LEF58_ENCLOSURE with no CUTCLASS is not supported. Skipping for layer via2
[WARNING DRT-0349] LEF58_ENCLOSURE with no CUTCLASS is not supported. Skipping for layer via3
[WARNING DRT-0349] LEF58_ENCLOSURE with no CUTCLASS is not supported. Skipping for layer via3
[WARNING DRT-0349] LEF58_ENCLOSURE with no CUTCLASS is not supported. Skipping for layer via4
[WARNING DRT-0349] LEF58_ENCLOSURE with no CUTCLASS is not supported. Skipping for layer via4

Units:                1000
Number of layers:     13
Number of macros:     441
Number of vias:       29
Number of viarulegen: 25

[INFO DRT-0150] Reading design.
[WARNING DRT-0120] Large net net2135 has 138 pins which may impact routing performance. Consider optimization.
[WARNING DRT-0120] Large net net2126 has 167 pins which may impact routing performance. Consider optimization.
[WARNING DRT-0120] Large net net2121 has 160 pins which may impact routing performance. Consider optimization.
[WARNING DRT-0120] Large net net2119 has 177 pins which may impact routing performance. Consider optimization.
[WARNING DRT-0120] Large net net2058 has 118 pins which may impact routing performance. Consider optimization.

Design:                   kyber_ntt_engine
Die area:                 ( 0 0 ) ( 645155 645155 )
Number of track patterns: 12
Number of DEF vias:       0
Number of components:     17574
Number of terminals:      57
Number of snets:          2
Number of nets:           12463

[INFO DRT-0167] List of default vias:
  Layer via
    default via: M1M2_PR
  Layer via2
    default via: M2M3_PR
  Layer via3
    default via: M3M4_PR
  Layer via4
    default via: M4M5_PR
[INFO DRT-0162] Library cell analysis.
[INFO DRT-0163] Instance analysis.
[INFO DRT-0164] Number of unique instances = 251.
[INFO DRT-0168] Init region query.
[INFO DRT-0024]   Complete FR_MASTERSLICE.
[INFO DRT-0024]   Complete Fr_VIA.
[INFO DRT-0024]   Complete li1.
[INFO DRT-0024]   Complete mcon.
[INFO DRT-0024]   Complete met1.
[INFO DRT-0024]   Complete via.
[INFO DRT-0024]   Complete met2.
[INFO DRT-0024]   Complete via2.
[INFO DRT-0024]   Complete met3.
[INFO DRT-0024]   Complete via3.
[INFO DRT-0024]   Complete met4.
[INFO DRT-0024]   Complete via4.
[INFO DRT-0024]   Complete met5.
[INFO DRT-0033] FR_MASTERSLICE shape region query size = 0.
[INFO DRT-0033] FR_VIA shape region query size = 0.
[INFO DRT-0033] li1 shape region query size = 594800.
[INFO DRT-0033] mcon shape region query size = 398182.
[INFO DRT-0033] met1 shape region query size = 122275.
[INFO DRT-0033] via shape region query size = 27730.
[INFO DRT-0033] met2 shape region query size = 16660.
[INFO DRT-0033] via2 shape region query size = 22184.
[INFO DRT-0033] met3 shape region query size = 16671.
[INFO DRT-0033] via3 shape region query size = 22184.
[INFO DRT-0033] met4 shape region query size = 6698.
[INFO DRT-0033] via4 shape region query size = 1105.
[INFO DRT-0033] met5 shape region query size = 1199.
[INFO DRT-0165] Start pin access.
[INFO DRT-0076]   Complete 1000 pins.
[INFO DRT-0076]   Complete 2000 pins.
[INFO DRT-0078]   Complete 2036 pins.
[INFO DRT-0079]   Complete 100 unique inst patterns.
[INFO DRT-0079]   Complete 200 unique inst patterns.
[INFO DRT-0081]   Complete 251 unique inst patterns.
[INFO DRT-0084]   Complete 8950 groups.
#scanned instances     = 17574
#unique  instances     = 251
#stdCellGenAp          = 9381
#stdCellValidPlanarAp  = 151
#stdCellValidViaAp     = 6125
#stdCellPinNoAp        = 10
#stdCellPinCnt         = 45842
#instTermValidViaApCnt = 0
#macroGenAp            = 0
#macroValidPlanarAp    = 0
#macroValidViaAp       = 0
#macroNoAp             = 0
[INFO DRT-0166] Complete pin access.
[INFO DRT-0267] cpu time = 00:08:46, elapsed time = 00:02:15, memory = 252.54 (MB), peak = 259.53 (MB)
Took 136 seconds: pin_access
global_route -congestion_report_file /root/cac_runs/ntt_sp_20ns/reports/sky130hd/cac_ntt_sp_20ns/base/congestion.rpt -congestion_iterations 30 -congestion_report_iter_step 5 -verbose
[INFO GRT-0020] Min routing layer: met1
[INFO GRT-0021] Max routing layer: met5
[INFO GRT-0022] Global adjustment: 0%
[INFO GRT-0023] Grid origin: (0, 0)
[INFO GRT-0088] Layer li1     Track-Pitch = 0.4600  line-2-Via Pitch: 0.3400
[INFO GRT-0088] Layer met1    Track-Pitch = 0.3400  line-2-Via Pitch: 0.3400
[INFO GRT-0088] Layer met2    Track-Pitch = 0.4600  line-2-Via Pitch: 0.3500
[INFO GRT-0088] Layer met3    Track-Pitch = 0.6800  line-2-Via Pitch: 0.6150
[INFO GRT-0088] Layer met4    Track-Pitch = 0.9200  line-2-Via Pitch: 1.0400
[INFO GRT-0088] Layer met5    Track-Pitch = 3.4000  line-2-Via Pitch: 3.1100
[INFO GRT-0003] Macros: 0
[INFO GRT-0004] Blockages: 109445
[INFO GRT-0019] Found 433 clock nets.
[INFO GRT-0001] Minimum degree: 2
[INFO GRT-0002] Maximum degree: 177

[INFO GRT-0053] Routing resources analysis:
          Routing      Original      Derated      Resource
Layer     Direction    Resources     Resources    Reduction (%)
---------------------------------------------------------------
li1        Vertical            0             0          0.00%
met1       Horizontal     121722         93941          22.82%
met2       Vertical       110952         85192          23.22%
met3       Horizontal      83030         65182          21.50%
met4       Vertical        54740         39008          28.74%
met5       Horizontal      12236          8648          29.32%
---------------------------------------------------------------

[INFO GRT-0101] Running extra iterations to remove congestion.
[INFO GRT-0102] Start extra iteration 1/30
[INFO GRT-0102] Start extra iteration 2/30
[INFO GRT-0102] Start extra iteration 3/30
[INFO GRT-0197] Via related to pin nodes: 83377
[INFO GRT-0198] Via related Steiner nodes: 2689
[INFO GRT-0199] Via filling finished.
[INFO GRT-0111] Final number of vias: 106915
[INFO GRT-0112] Final usage 3D: 394546

[INFO GRT-0096] Final congestion report:
Layer         Resource        Demand        Usage (%)    Max H / Max V / Total Congestion
---------------------------------------------------------------------------------------
li1                  0             0            0.00%             0 /  0 /  0
met1             93941         32319           34.40%             0 /  0 /  0
met2             85192         35242           41.37%             0 /  0 /  0
met3             65182          2816            4.32%             0 /  0 /  0
met4             39008          3424            8.78%             0 /  0 /  0
met5              8648             0            0.00%             0 /  0 /  0
---------------------------------------------------------------------------------------
Total           291971         73801           25.28%             0 /  0 /  0

[INFO GRT-0018] Total wirelength: 764575 um
[INFO GRT-0014] Routed nets: 12405
[INFO GRT-0303] Global routing runtime = 00:00:09
Took 10 seconds: global_route -congestion_report_file /root/cac_runs/ntt_sp_20ns/reports/sky130hd/cac_ntt_sp_20ns/base/congestion.rpt -congestion_iterations 30 -congestion_report_iter_step 5 -verbose
estimate_parasitics -global_routing
Perform buffer insertion and gate resizing...
repair_design -verbose
Iteration |   Area    | Resized | Buffers | Nets repaired | Remaining
---------------------------------------------------------------------
        0 |     +0.0% |       0 |       0 |             0 |     12831
[WARNING RSZ-0104] Net _06895_ only has one pin. Check if it is intended to be dangling.
[WARNING RSZ-0104] Net _06931_ only has one pin. Check if it is intended to be dangling.
[WARNING RSZ-0104] Net _06908_ only has one pin. Check if it is intended to be dangling.
     1000 |     +0.0% |       0 |       0 |             0 |     11831
[WARNING RSZ-0104] Net _06993_ only has one pin. Check if it is intended to be dangling.
[WARNING RSZ-0104] Net _06992_ only has one pin. Check if it is intended to be dangling.
[WARNING RSZ-0104] Net _07104_ only has one pin. Check if it is intended to be dangling.
[WARNING RSZ-0104] Net _07105_ only has one pin. Check if it is intended to be dangling.
[WARNING RSZ-0104] Net _07101_ only has one pin. Check if it is intended to be dangling.
[WARNING RSZ-0104] Net _07100_ only has one pin. Check if it is intended to be dangling.
[WARNING RSZ-0104] Net _07040_ only has one pin. Check if it is intended to be dangling.
[WARNING RSZ-0104] Net _07082_ only has one pin. Check if it is intended to be dangling.
[WARNING RSZ-0104] Net _07038_ only has one pin. Check if it is intended to be dangling.
[WARNING RSZ-0104] Net _06971_ only has one pin. Check if it is intended to be dangling.
[WARNING RSZ-0104] Net _07081_ only has one pin. Check if it is intended to be dangling.
[WARNING RSZ-0104] Net _07096_ only has one pin. Check if it is intended to be dangling.
[WARNING RSZ-0104] Net _06894_ only has one pin. Check if it is intended to be dangling.
[WARNING RSZ-0104] Net _06288_ only has one pin. Check if it is intended to be dangling.
     2000 |     +0.0% |       0 |       0 |             0 |     10831
[WARNING RSZ-0104] Net _07085_ only has one pin. Check if it is intended to be dangling.
[WARNING RSZ-0104] Net u_mul_reduce.prod\[2\] only has one pin. Check if it is intended to be dangling.
[WARNING RSZ-0104] Net _06910_ only has one pin. Check if it is intended to be dangling.
     3000 |     +0.0% |       0 |       0 |             0 |      9831
     4000 |     +0.0% |       0 |       0 |             0 |      8831
     5000 |     +0.0% |       0 |       0 |             0 |      7831
     6000 |     +0.0% |       0 |       0 |             0 |      6831
[WARNING RSZ-0104] Net _06922_ only has one pin. Check if it is intended to be dangling.
[WARNING RSZ-0104] Net _06901_ only has one pin. Check if it is intended to be dangling.
[WARNING RSZ-0104] Net _07010_ only has one pin. Check if it is intended to be dangling.
[WARNING RSZ-0104] Net _06914_ only has one pin. Check if it is intended to be dangling.
[WARNING RSZ-0104] Net _07063_ only has one pin. Check if it is intended to be dangling.
[WARNING RSZ-0104] Net _07061_ only has one pin. Check if it is intended to be dangling.
[WARNING RSZ-0104] Net _07058_ only has one pin. Check if it is intended to be dangling.
[WARNING RSZ-0104] Net _07054_ only has one pin. Check if it is intended to be dangling.
[WARNING RSZ-0104] Net _07026_ only has one pin. Check if it is intended to be dangling.
     7000 |     +0.0% |       0 |       0 |             0 |      5831
[WARNING RSZ-0104] Net _06976_ only has one pin. Check if it is intended to be dangling.
[WARNING RSZ-0104] Net _07103_ only has one pin. Check if it is intended to be dangling.
[WARNING RSZ-0104] Net _07093_ only has one pin. Check if it is intended to be dangling.
[WARNING RSZ-0104] Net _07092_ only has one pin. Check if it is intended to be dangling.
[WARNING RSZ-0104] Net _07091_ only has one pin. Check if it is intended to be dangling.
[WARNING RSZ-0104] Net _07090_ only has one pin. Check if it is intended to be dangling.
[WARNING RSZ-0104] Net _07089_ only has one pin. Check if it is intended to be dangling.
[WARNING RSZ-0104] Net _07075_ only has one pin. Check if it is intended to be dangling.
[WARNING RSZ-0104] Net _07071_ only has one pin. Check if it is intended to be dangling.
[WARNING RSZ-0104] Net _07070_ only has one pin. Check if it is intended to be dangling.
[WARNING RSZ-0104] Net _07064_ only has one pin. Check if it is intended to be dangling.
[WARNING RSZ-0104] Net _07062_ only has one pin. Check if it is intended to be dangling.
[WARNING RSZ-0104] Net _07059_ only has one pin. Check if it is intended to be dangling.
[WARNING RSZ-0104] Net _07055_ only has one pin. Check if it is intended to be dangling.
[WARNING RSZ-0104] Net _07053_ only has one pin. Check if it is intended to be dangling.
[WARNING RSZ-0104] Net _07050_ only has one pin. Check if it is intended to be dangling.
[WARNING RSZ-0104] Net _07049_ only has one pin. Check if it is intended to be dangling.
[WARNING RSZ-0104] Net _07047_ only has one pin. Check if it is intended to be dangling.
[WARNING RSZ-0104] Net _07044_ only has one pin. Check if it is intended to be dangling.
[WARNING RSZ-0104] Net _07043_ only has one pin. Check if it is intended to be dangling.
[WARNING RSZ-0104] Net _07033_ only has one pin. Check if it is intended to be dangling.
[WARNING RSZ-0104] Net _07027_ only has one pin. Check if it is intended to be dangling.
[WARNING RSZ-0104] Net _07013_ only has one pin. Check if it is intended to be dangling.
[WARNING RSZ-0104] Net _06979_ only has one pin. Check if it is intended to be dangling.
[WARNING RSZ-0104] Net _06977_ only has one pin. Check if it is intended to be dangling.
[WARNING RSZ-0104] Net _06962_ only has one pin. Check if it is intended to be dangling.
[WARNING RSZ-0104] Net _06930_ only has one pin. Check if it is intended to be dangling.
[WARNING RSZ-0104] Net _06916_ only has one pin. Check if it is intended to be dangling.
[WARNING RSZ-0104] Net _06953_ only has one pin. Check if it is intended to be dangling.
     8000 |     +0.0% |       0 |       0 |             0 |      4831
     9000 |     +0.0% |       0 |       0 |             0 |      3831
    10000 |     +0.0% |       0 |       0 |             0 |      2831
    11000 |     +0.0% |       0 |       0 |             0 |      1831
    12000 |     +0.0% |       0 |       0 |             0 |       831
    final |     +0.0% |       0 |       0 |             0 |         0
---------------------------------------------------------------------
[INFO RSZ-0504] Runtime: 3.18s
Took 5 seconds: repair_design -verbose
global_route -start_incremental
detailed_placement
[INFO DPL-0006] Core area: 410762.70 um^2
[INFO DPL-0007] Movable instances area: 208363.59 um^2
[INFO DPL-0008] Fixed instances area within core: 6820.29 um^2
[INFO DPL-0009] Utilization: 52.4%
[INFO DPL-0005] Diamond search max displacement: +/- 500 sites horizontally, +/- 100 rows vertically.
[INFO DPL-1102] Legalizing using negotiation legalizer.
[INFO DPL-1103] Negotiation base search window: +/-20 sites horizontally, +/-5 rows vertically 
	Automatic search window extension enabled.
	Search window extendable up to the max displacement cap of +/-500 sites, +/-100 rows near walls.
[INFO DPL-1104] NegotiationLegalizer DRC penalty: 5.
[INFO DPL-0392] Negotiation cell height distribution (1 unique row-count(s)):
[INFO DPL-0393]   height 1 row(s): 17574 cells
[INFO DPL-0500] Runtime: 0.14s
Placement Analysis
---------------------------------
total displacement          0.0 u
average displacement        0.0 u
max displacement            0.0 u
original HPWL          368767.1 u
legalized HPWL         368767.1 u
delta HPWL                    0 %

global_route -end_incremental -congestion_report_file /root/cac_runs/ntt_sp_20ns/reports/sky130hd/cac_ntt_sp_20ns/base/congestion_post_repair_design.rpt
Repair setup and hold violations...
estimate_parasitics -global_routing
repair_timing -setup_margin 0 -hold_margin 0 -repair_tns 100 -verbose
[INFO RSZ-0100] Repair move sequence: UnbufferMove SizeUpMove SwapPinsMove BufferMove CloneMove SplitLoadMove 
[INFO RSZ-0094] Found 12 endpoints with setup violations.
[INFO RSZ-0099] Repairing 12 out of 12 (100.00%) violating endpoints...
   Iter   | Removed | Resized | Inserted | Cloned |  Pin  |   Area   |    WNS   |   StTNS    |   EnTNS    |  Viol  |  Worst  
          | Buffers |  Gates  | Buffers  |  Gates | Swaps |          |          |            |            | Endpts | St/EnPt 
------------------------------------------------------------------------------------------------------------------------------
       0* |       0 |       0 |        0 |      0 |     0 |    +0.0% |   -1.404 |      -20.5 |      -16.5 |     12 | mul_reduced_q\[4\]$_DFFE_PN0P_/D
      10* |       0 |       4 |        1 |      0 |     4 |    +0.0% |   -1.537 |      -23.0 |      -18.1 |     12 | mul_reduced_q\[4\]$_DFFE_PN0P_/D
      20* |       0 |       6 |        4 |      0 |     9 |    +0.0% |   -1.611 |      -24.8 |      -19.0 |     12 | mul_reduced_q\[4\]$_DFFE_PN0P_/D
      30* |       0 |       7 |        4 |      0 |    18 |    +0.0% |   -1.694 |      -26.0 |      -20.0 |     12 | mul_reduced_q\[4\]$_DFFE_PN0P_/D
      40* |       0 |      12 |        4 |      0 |    23 |    +0.0% |   -1.623 |      -24.6 |      -19.2 |     12 | mul_reduced_q\[4\]$_DFFE_PN0P_/D
      50* |       0 |      20 |        5 |      0 |    24 |    +0.1% |   -1.545 |      -22.7 |      -18.2 |     12 | mul_reduced_q\[4\]$_DFFE_PN0P_/D
      53* |       0 |       2 |        0 |      0 |     0 |    +0.0% |   -1.399 |      -20.4 |      -16.5 |     12 | mul_reduced_q\[4\]$_DFFE_PN0P_/D
      60* |       0 |       6 |        2 |      0 |     0 |    +0.0% |   -1.314 |      -18.3 |      -15.4 |     12 | mul_reduced_q\[4\]$_DFFE_PN0P_/D
      70* |       0 |      12 |        4 |      0 |     2 |    +0.0% |   -1.316 |      -18.7 |      -15.2 |     12 | mul_reduced_q\[9\]$_DFFE_PN0P_/D
      80* |       0 |      14 |        8 |      0 |     8 |    +0.1% |   -1.319 |      -18.5 |      -15.2 |     12 | mul_reduced_q\[9\]$_DFFE_PN0P_/D
      90* |       0 |      19 |        8 |      0 |    13 |    +0.1% |   -1.287 |      -17.5 |      -14.9 |     12 | mul_reduced_q\[9\]$_DFFE_PN0P_/D
     100* |       0 |      25 |        9 |      0 |    16 |    +0.1% |   -1.241 |      -16.7 |      -14.3 |     12 | mul_reduced_q\[9\]$_DFFE_PN0P_/D
     110* |       0 |      28 |        9 |      0 |    23 |    +0.1% |   -1.315 |      -18.6 |      -15.2 |     12 | mul_reduced_q\[9\]$_DFFE_PN0P_/D
     120* |       0 |      32 |       10 |      0 |    28 |    +0.1% |   -1.296 |      -18.2 |      -15.0 |     12 | mul_reduced_q\[9\]$_DFFE_PN0P_/D
     130* |       0 |      35 |       10 |      0 |    35 |    +0.1% |   -1.263 |      -17.4 |      -14.6 |     12 | mul_reduced_q\[9\]$_DFFE_PN0P_/D
     140* |       0 |      37 |       12 |      0 |    41 |    +0.1% |   -1.310 |      -18.3 |      -15.1 |     12 | mul_reduced_q\[9\]$_DFFE_PN0P_/D
     150* |       0 |      38 |       14 |      0 |    48 |    +0.1% |   -1.376 |      -18.7 |      -15.9 |     12 | mul_reduced_q\[9\]$_DFFE_PN0P_/D
     153* |       0 |      27 |        9 |      0 |    17 |    +0.1% |   -1.212 |      -16.0 |      -14.0 |     12 | mul_reduced_q\[9\]$_DFFE_PN0P_/D
     160* |       0 |      29 |       12 |      0 |    18 |    +0.1% |   -1.225 |      -16.3 |      -14.0 |     12 | mul_reduced_q\[0\]$_DFFE_PN0P_/D
     170* |       0 |      32 |       13 |      0 |    24 |    +0.1% |   -1.195 |      -15.8 |      -13.7 |     12 | mul_reduced_q\[0\]$_DFFE_PN0P_/D
     180* |       0 |      39 |       14 |      0 |    26 |    +0.1% |   -1.161 |      -14.4 |      -13.3 |     12 | mul_reduced_q\[0\]$_DFFE_PN0P_/D
     190* |       0 |      44 |       15 |      0 |    30 |    +0.1% |   -1.185 |      -15.4 |      -13.5 |     12 | mul_reduced_q\[0\]$_DFFE_PN0P_/D
     200* |       0 |      50 |       16 |      0 |    33 |    +0.2% |   -1.286 |      -17.7 |      -14.8 |     12 | mul_reduced_q\[0\]$_DFFE_PN0P_/D
     210* |       0 |      53 |       18 |      0 |    38 |    +0.2% |   -1.315 |      -18.2 |      -15.1 |     12 | mul_reduced_q\[0\]$_DFFE_PN0P_/D
     220* |       0 |      57 |       20 |      0 |    43 |    +0.2% |   -1.328 |      -18.6 |      -15.3 |     12 | mul_reduced_q\[0\]$_DFFE_PN0P_/D
     230* |       0 |      58 |       22 |      0 |    50 |    +0.2% |   -1.339 |      -19.1 |      -15.4 |     12 | mul_reduced_q\[0\]$_DFFE_PN0P_/D
     237* |       0 |      42 |       15 |      0 |    29 |    +0.1% |   -1.129 |      -14.2 |      -12.9 |     12 | mul_reduced_q\[0\]$_DFFE_PN0P_/D
     240* |       0 |      42 |       15 |      0 |    31 |    +0.1% |   -1.130 |      -14.2 |      -12.9 |     12 | mul_reduced_q\[0\]$_DFFE_PN0P_/D
     250* |       0 |      46 |       16 |      0 |    36 |    +0.2% |   -1.121 |      -14.3 |      -12.8 |     12 | mul_reduced_q\[0\]$_DFFE_PN0P_/D
     260* |       0 |      53 |       16 |      0 |    39 |    +0.2% |   -1.093 |      -13.7 |      -12.4 |     12 | mul_reduced_q\[0\]$_DFFE_PN0P_/D
     270* |       0 |      56 |       19 |      0 |    43 |    +0.2% |   -1.083 |      -13.2 |      -12.3 |     12 | mul_reduced_q\[0\]$_DFFE_PN0P_/D
     280* |       0 |      63 |       19 |      0 |    46 |    +0.2% |   -1.128 |      -14.4 |      -12.8 |     12 | mul_reduced_q\[0\]$_DFFE_PN0P_/D
     290* |       0 |      65 |       20 |      0 |    53 |    +0.2% |   -1.213 |      -15.7 |      -13.8 |     12 | mul_reduced_q\[0\]$_DFFE_PN0P_/D
     300* |       0 |      68 |       21 |      0 |    59 |    +0.2% |   -1.135 |      -14.2 |      -12.9 |     12 | mul_reduced_q\[0\]$_DFFE_PN0P_/D
     310* |       0 |      73 |       23 |      0 |    62 |    +0.2% |   -1.144 |      -14.4 |      -13.0 |     12 | mul_reduced_q\[0\]$_DFFE_PN0P_/D
     320* |       0 |      76 |       23 |      0 |    69 |    +0.3% |   -1.181 |      -15.2 |      -13.4 |     12 | mul_reduced_q\[0\]$_DFFE_PN0P_/D
     320* |       0 |      56 |       19 |      0 |    43 |    +0.2% |   -1.083 |      -13.2 |      -12.3 |     12 | mul_reduced_q\[0\]$_DFFE_PN0P_/D
     330* |       0 |      61 |       21 |      0 |    45 |    +0.2% |   -1.073 |      -13.3 |      -12.2 |     12 | mul_reduced_q\[0\]$_DFFE_PN0P_/D
     340* |       0 |      66 |       22 |      0 |    49 |    +0.2% |   -1.077 |      -13.3 |      -12.2 |     12 | mul_reduced_q\[0\]$_DFFE_PN0P_/D
     350* |       0 |      70 |       26 |      0 |    51 |    +0.3% |   -1.025 |      -12.2 |      -11.6 |     12 | mul_reduced_q\[0\]$_DFFE_PN0P_/D
     360* |       0 |      73 |       27 |      0 |    57 |    +0.3% |   -1.022 |      -12.2 |      -11.5 |     12 | mul_reduced_q\[0\]$_DFFE_PN0P_/D
     370* |       0 |      80 |       28 |      0 |    59 |    +0.3% |   -1.003 |      -11.8 |      -11.3 |     12 | mul_reduced_q\[0\]$_DFFE_PN0P_/D
     380* |       0 |      84 |       28 |      0 |    65 |    +0.3% |   -1.041 |      -12.5 |      -11.8 |     12 | mul_reduced_q\[0\]$_DFFE_PN0P_/D
     384* |       0 |      81 |       28 |      0 |    59 |    +0.3% |   -1.002 |      -11.8 |      -11.3 |     12 | mul_reduced_q\[0\]$_DFFE_PN0P_/D
     390* |       0 |      84 |       28 |      0 |    61 |    +0.3% |   -1.010 |      -11.9 |      -11.4 |     12 | mul_reduced_q\[0\]$_DFFE_PN0P_/D
     400* |       0 |      87 |       29 |      0 |    67 |    +0.3% |   -1.113 |      -13.3 |      -12.6 |     12 | mul_reduced_q\[0\]$_DFFE_PN0P_/D
     407* |       0 |      87 |       28 |      0 |    61 |    +0.3% |   -1.000 |      -11.8 |      -11.3 |     12 | mul_reduced_q\[0\]$_DFFE_PN0P_/D
     410* |       0 |      87 |       29 |      0 |    62 |    +0.3% |   -0.998 |      -11.7 |      -11.2 |     12 | mul_reduced_q\[0\]$_DFFE_PN0P_/D
     420* |       0 |      93 |       29 |      0 |    66 |    +0.3% |   -1.040 |      -12.4 |      -11.7 |     12 | mul_reduced_q\[0\]$_DFFE_PN0P_/D
     426* |       0 |      91 |       29 |      0 |    62 |    +0.3% |   -0.990 |      -11.7 |      -11.1 |     12 | mul_reduced_q\[0\]$_DFFE_PN0P_/D
     430* |       0 |      94 |       29 |      0 |    62 |    +0.3% |   -1.029 |      -12.0 |      -11.6 |     12 | mul_reduced_q\[0\]$_DFFE_PN0P_/D
     439* |       0 |      91 |       29 |      0 |    62 |    +0.3% |   -0.990 |      -11.7 |      -11.1 |     12 | mul_reduced_q\[0\]$_DFFE_PN0P_/D
     440* |       0 |      91 |       29 |      0 |    62 |    +0.3% |   -0.990 |      -11.7 |      -11.1 |     12 | mul_reduced_q\[0\]$_DFFE_PN0P_/D
     450* |       0 |     100 |       29 |      0 |    63 |    +0.3% |   -1.009 |      -11.6 |      -11.3 |     12 | mul_reduced_q\[0\]$_DFFE_PN0P_/D
     450* |       0 |      91 |       29 |      0 |    63 |    +0.3% |   -0.990 |      -11.7 |      -11.1 |     12 | mul_reduced_q\[0\]$_DFFE_PN0P_/D
     460* |       0 |      99 |       29 |      0 |    64 |    +0.3% |   -1.009 |      -11.6 |      -11.3 |     12 | mul_reduced_q\[0\]$_DFFE_PN0P_/D
     460* |       0 |      91 |       29 |      0 |    63 |    +0.3% |   -0.990 |      -11.7 |      -11.1 |     12 | mul_reduced_q\[0\]$_DFFE_PN0P_/D
     470* |       0 |      98 |       29 |      0 |    65 |    +0.3% |   -1.019 |      -11.7 |      -11.5 |     12 | mul_reduced_q\[0\]$_DFFE_PN0P_/D
     471* |       0 |      91 |       29 |      0 |    64 |    +0.3% |   -0.990 |      -11.7 |      -11.1 |     12 | mul_reduced_q\[0\]$_DFFE_PN0P_/D
     480* |       0 |      98 |       29 |      0 |    65 |    +0.3% |   -1.027 |      -11.9 |      -11.6 |     12 | mul_reduced_q\[0\]$_DFFE_PN0P_/D
     483* |       0 |      91 |       29 |      0 |    64 |    +0.3% |   -0.990 |      -11.7 |      -11.1 |     12 | mul_reduced_q\[0\]$_DFFE_PN0P_/D
     483* |       0 |      91 |       29 |      0 |    64 |    +0.3% |   -0.990 |      -11.7 |      -11.1 |     12 | mul_reduced_q\[0\]$_DFFE_PN0P_/D
     484+ |       0 |      91 |       29 |      0 |    64 |    +0.3% |   -0.990 |      -11.7 |      -11.1 |     12 | mul_reduced_q\[0\]$_DFFE_PN0P_/D
     485+ |       0 |      91 |       29 |      0 |    64 |    +0.3% |   -0.990 |      -11.7 |      -11.1 |     12 | mul_reduced_q\[0\]$_DFFE_PN0P_/D
     486+ |       0 |      91 |       29 |      0 |    64 |    +0.3% |   -0.990 |      -11.7 |      -11.1 |     12 | mul_reduced_q\[0\]$_DFFE_PN0P_/D
     487+ |       0 |      91 |       29 |      0 |    64 |    +0.3% |   -0.990 |      -11.7 |      -11.1 |     12 | mul_reduced_q\[0\]$_DFFE_PN0P_/D
     488+ |       0 |      91 |       29 |      0 |    64 |    +0.3% |   -0.990 |      -11.7 |      -11.1 |     12 | mul_reduced_q\[0\]$_DFFE_PN0P_/D
     489+ |       0 |      91 |       29 |      0 |    64 |    +0.3% |   -0.990 |      -11.7 |      -11.1 |     12 | mul_reduced_q\[0\]$_DFFE_PN0P_/D
     490+ |       0 |      91 |       29 |      0 |    64 |    +0.3% |   -0.990 |      -11.7 |      -11.1 |     12 | mul_reduced_q\[0\]$_DFFE_PN0P_/D
     490+ |       0 |      91 |       29 |      0 |    64 |    +0.3% |   -0.990 |      -11.7 |      -11.1 |     12 | mul_reduced_q\[0\]$_DFFE_PN0P_/D
     491+ |       0 |      91 |       29 |      0 |    64 |    +0.3% |   -0.990 |      -11.7 |      -11.1 |     12 | mul_reduced_q\[0\]$_DFFE_PN0P_/D
     492+ |       0 |      91 |       29 |      0 |    64 |    +0.3% |   -0.990 |      -11.7 |      -11.1 |     12 | mul_reduced_q\[0\]$_DFFE_PN0P_/D
     493+ |       0 |      91 |       29 |      0 |    64 |    +0.3% |   -0.990 |      -11.7 |      -11.1 |     12 | mul_reduced_q\[0\]$_DFFE_PN0P_/D
     494+ |       0 |      91 |       29 |      0 |    64 |    +0.3% |   -0.990 |      -11.7 |      -11.1 |     12 | mul_reduced_q\[0\]$_DFFE_PN0P_/D
     495+ |       0 |      91 |       29 |      0 |    64 |    +0.3% |   -0.990 |      -11.7 |      -11.1 |     12 | mul_reduced_q\[0\]$_DFFE_PN0P_/D
    final |       0 |      91 |       29 |      0 |    64 |    +0.3% |   -0.990 |      -11.7 |      -11.1 |     12 | mul_reduced_q\[0\]$_DFFE_PN0P_/D
------------------------------------------------------------------------------------------------------------------------------
[INFO RSZ-0040] Inserted 29 buffers.
[INFO RSZ-0051] Resized 91 instances: 91 up, 0 up match, 0 down, 0 VT
[INFO RSZ-0043] Swapped pins on 64 instances.
[WARNING RSZ-0062] Unable to repair all setup violations.
[INFO RSZ-0505] Runtime: 348.36s
[INFO RSZ-0033] No hold violations found.
[INFO RSZ-0506] Runtime: 1.32s
Took 367 seconds: repair_timing -setup_margin 0 -hold_margin 0 -repair_tns 100 -verbose
global_route -start_incremental
detailed_placement
[INFO DPL-0006] Core area: 410762.70 um^2
[INFO DPL-0007] Movable instances area: 209035.48 um^2
[INFO DPL-0008] Fixed instances area within core: 6820.29 um^2
[INFO DPL-0009] Utilization: 52.5%
[INFO DPL-0005] Diamond search max displacement: +/- 500 sites horizontally, +/- 100 rows vertically.
[INFO DPL-1102] Legalizing using negotiation legalizer.
[INFO DPL-1103] Negotiation base search window: +/-20 sites horizontally, +/-5 rows vertically 
	Automatic search window extension enabled.
	Search window extendable up to the max displacement cap of +/-500 sites, +/-100 rows near walls.
[INFO DPL-1104] NegotiationLegalizer DRC penalty: 5.
[INFO DPL-0392] Negotiation cell height distribution (1 unique row-count(s)):
[INFO DPL-0393]   height 1 row(s): 17603 cells
          |      Total |  Illegal |  Illegal
Iteration | Violations |    Cells |    Sites
---------------------------------------------
        0 |          4 |         2 |         2
        1 |          0 |         0 |         0
Negotiation phase 1 converged at iteration 1.
[INFO DPL-0500] Runtime: 1.05s
Placement Analysis
---------------------------------
total displacement        305.0 u
average displacement        0.0 u
max displacement           16.3 u
original HPWL          369029.9 u
legalized HPWL         369477.3 u
delta HPWL                    0 %

check_placement -verbose
global_route -end_incremental -congestion_report_file /root/cac_runs/ntt_sp_20ns/reports/sky130hd/cac_ntt_sp_20ns/base/congestion_post_repair_timing.rpt
estimate_parasitics -global_routing
Took 5 seconds: estimate_parasitics -global_routing
global_route -start_incremental
global_route -end_incremental -congestion_report_file /root/cac_runs/ntt_sp_20ns/reports/sky130hd/cac_ntt_sp_20ns/base/congestion_post_recover_power.rpt
Repair antennas...
[INFO GRT-0012] Found 22 antenna violations.
[INFO GRT-0302] Inserted 26 jumpers for 19 nets.
[INFO GRT-0012] Found 3 antenna violations.
[INFO DPL-0006] Core area: 410762.70 um^2
[INFO DPL-0007] Movable instances area: 208995.44 um^2
[INFO DPL-0008] Fixed instances area within core: 6877.85 um^2
[INFO DPL-0009] Utilization: 52.6%
[INFO DPL-0005] Diamond search max displacement: +/- 500 sites horizontally, +/- 100 rows vertically.
[INFO DPL-1102] Legalizing using negotiation legalizer.
[INFO DPL-1103] Negotiation base search window: +/-20 sites horizontally, +/-5 rows vertically 
	Automatic search window extension enabled.
	Search window extendable up to the max displacement cap of +/-500 sites, +/-100 rows near walls.
[INFO DPL-1104] NegotiationLegalizer DRC penalty: 5.
[INFO DPL-0392] Negotiation cell height distribution (1 unique row-count(s)):
[INFO DPL-0393]   height 1 row(s): 17610 cells
          |      Total |  Illegal |  Illegal
Iteration | Violations |    Cells |    Sites
---------------------------------------------
        0 |          0 |         0 |         0
Negotiation phase 1 converged at iteration 0.
[INFO DPL-0500] Runtime: 0.39s
[INFO GRT-0015] Inserted 7 diodes.
[INFO GRT-0012] Found 0 antenna violations.
[INFO ANT-0002] Found 0 net violations.
[INFO ANT-0001] Found 0 pin violations.
Estimate parasitics...
estimate_parasitics -global_routing
Report metrics stage 5, global route...

==========================================================================
global route report_design_area
--------------------------------------------------------------------------
Design area 215873 um^2 53% utilization.
[INFO FLW-0007] clock clk period 20.000000
[INFO FLW-0008] Clock clk period 20.006
[INFO FLW-0009] Clock clk slack -1.059
write_sdc -no_timestamp /root/cac_runs/ntt_sp_20ns/results/sky130hd/cac_ntt_sp_20ns/base/updated_clks.sdc
[INFO FLW-0011] Path endpoint path count 8985
write_db /root/cac_runs/ntt_sp_20ns/results/sky130hd/cac_ntt_sp_20ns/base/5_1_grt.odb
write_sdc -no_timestamp /root/cac_runs/ntt_sp_20ns/results/sky130hd/cac_ntt_sp_20ns/base/5_1_grt.sdc
Elapsed time: 9:49.87[h:]min:sec. CPU time: user 1087.35 sys 11.11 (186%). Peak memory: 611272KB.
Log                       Ext     Elapsed/s Peak Memory/MB sha1sum result [0:20)
5_1_grt                   .odb          589            596 2b723f14b579dbc0a671
5_1_grt                   .sdc                             ee7d33e068a23a61264e
