OpenROAD f552262465b0bfef8f097e258f94bc501d01e19d 
Features included (+) or not (-): +GPU +GUI +Python
This program is licensed under the BSD-3 license. See the LICENSE file for details.
Components of this program may be licensed under more restrictive licenses which must be honored.
[INFO ORD-0030] Using 12 thread(s).
read_liberty /opt/eda/orfs-6101364b/flow/platforms/sky130hd/lib/sky130_fd_sc_hd__tt_025C_1v80.lib
read_db /root/cac_runs/ntt_sp_20ns/results/sky130hd/cac_ntt_sp_20ns/base/6_1_fill.odb
read_sdc /root/cac_runs/ntt_sp_20ns/results/sky130hd/cac_ntt_sp_20ns/base/6_1_fill.sdc
source /opt/eda/orfs-6101364b/flow/platforms/sky130hd/setRC.tcl
write_db /root/cac_runs/ntt_sp_20ns/results/sky130hd/cac_ntt_sp_20ns/base/6_final.odb
write_sdc -no_timestamp /root/cac_runs/ntt_sp_20ns/results/sky130hd/cac_ntt_sp_20ns/base/6_final.sdc
Deleted 0 routing obstructions
Warning: master sky130_ef_sc_hd__decap_12 has signal pins but no liberty cell
[INFO RCX-0431] Defined process_corner X with ext_model_index 0
[INFO RCX-0029] Defined extraction corner X
[WARNING RCX-0514] The ext_model_file option is deprecated. Use set_extraction_rules_file command instead.
[INFO RCX-0435] Reading extraction model file /opt/eda/orfs-6101364b/flow/platforms/sky130hd/rcx_patterns.rules ...
[INFO RCX-0436] RC segment generation kyber_ntt_engine (max_merge_res 50.0) ...
[INFO RCX-0040] Final 58703 rc segments
[INFO RCX-0439] Coupling Cap extraction kyber_ntt_engine ...
[INFO RCX-0440] Coupling threshhold is 0.1000 fF, coupling capacitance less than 0.1000 fF will be grounded.
[INFO RCX-0442] 56% of 126658 wires extracted
[INFO RCX-0442] 100% of 126658 wires extracted
[INFO RCX-0045] Extract 12492 nets, 71135 rsegs, 71135 caps, 126739 ccs
[INFO RCX-0443] 12492 nets finished
[INFO PSM-0040] All shapes on net VDD are connected.
########## IR report #################
Net              : VDD
Corner           : default
Total power      : 1.79e-02 W
Supply voltage   : 1.80e+00 V
Worstcase voltage: 1.80e+00 V
Average voltage  : 1.80e+00 V
Average IR drop  : 8.36e-06 V
Worstcase IR drop: 1.04e-04 V
Percentage drop  : 0.01 %
######################################
[INFO PSM-0040] All shapes on net VSS are connected.
########## IR report #################
Net              : VSS
Corner           : default
Total power      : 1.79e-02 W
Supply voltage   : 0.00e+00 V
Worstcase voltage: 8.79e-05 V
Average voltage  : 7.89e-06 V
Average IR drop  : 7.89e-06 V
Worstcase IR drop: 8.79e-05 V
Percentage drop  : 0.00 %
######################################
Cell type report:                       Count        Area
  Fill cell                             32727   194871.90
  Tap cell                               5451     6820.29
  Antenna cell                             14       35.03
  Clock buffer                            522    11285.82
  Timing Repair Buffer                   1168     9302.67
  Inverter                                214      809.53
  Clock inverter                          278     2562.46
  Sequential cell                        4267   127363.40
  Multi-Input combinational cell         5703    57711.60
  Total                                 50344   410762.70
Report metrics stage 6, finish...

==========================================================================
finish report_design_area
--------------------------------------------------------------------------
Design area 215891 um^2 53% utilization.
Elapsed time: 0:52.29[h:]min:sec. CPU time: user 34.46 sys 1.75 (69%). Peak memory: 665976KB.
Log                       Ext     Elapsed/s Peak Memory/MB sha1sum result [0:20)
6_report                                 52            650                  N/A
