OpenROAD f552262465b0bfef8f097e258f94bc501d01e19d 
Features included (+) or not (-): +GPU +GUI +Python
This program is licensed under the BSD-3 license. See the LICENSE file for details.
Components of this program may be licensed under more restrictive licenses which must be honored.
[INFO ORD-0030] Using 12 thread(s).
read_liberty /opt/eda/orfs-6101364b/flow/platforms/sky130hd/lib/sky130_fd_sc_hd__tt_025C_1v80.lib
read_db /root/cac_runs/keccak_s7_10ns_ant10/results/sky130hd/cac_keccak_s7_10ns/base/3_3_place_gp.odb
read_sdc /root/cac_runs/keccak_s7_10ns_ant10/results/sky130hd/cac_keccak_s7_10ns/base/2_floorplan.sdc
source /opt/eda/orfs-6101364b/flow/platforms/sky130hd/setRC.tcl
estimate_parasitics -placement
Perform buffer insertion and gate resizing...
repair_design -verbose -match_cell_footprint
Iteration |   Area    | Resized | Buffers | Nets repaired | Remaining
---------------------------------------------------------------------
        0 |     +0.0% |       0 |       0 |             0 |     18608
     1000 |     +0.0% |       0 |       0 |             0 |     17608
     2000 |     +0.0% |       0 |       0 |             0 |     16608
     3000 |     +0.0% |       0 |       0 |             0 |     15608
     4000 |     +0.0% |       0 |       0 |             0 |     14608
     5000 |     +0.0% |       0 |       0 |             0 |     13608
     6000 |     +0.0% |       0 |       0 |             0 |     12608
     7000 |     +0.0% |       0 |       0 |             0 |     11608
     8000 |     +0.0% |       0 |       0 |             0 |     10608
     9000 |     +0.0% |       0 |       0 |             0 |      9608
    10000 |     +0.0% |       0 |       0 |             0 |      8608
    11000 |     +0.0% |       0 |       1 |             1 |      7608
    12000 |     +0.0% |       0 |       2 |             2 |      6608
    13000 |     +0.0% |       0 |       2 |             2 |      5608
    14000 |     +0.0% |       0 |       2 |             2 |      4608
    15000 |     +0.0% |       0 |       2 |             2 |      3608
    16000 |     +0.0% |       0 |       2 |             2 |      2608
    17000 |     +0.0% |       0 |       2 |             2 |      1608
    18000 |     +0.0% |       0 |       2 |             2 |       608
    final |     +0.0% |       0 |       2 |             2 |         0
---------------------------------------------------------------------
[INFO RSZ-0036] Found 2 capacitance violations.
[INFO RSZ-0038] Inserted 2 buffers in 2 nets.
[INFO RSZ-0504] Runtime: 2.04s
Floating nets: 
Report metrics stage 3, resizer...

==========================================================================
resizer report_design_area
--------------------------------------------------------------------------
Design area 214657 um^2 48% utilization.
Instance count before 24482, after 24484
Pin count before 73739, after 73743
write_db /root/cac_runs/keccak_s7_10ns_ant10/results/sky130hd/cac_keccak_s7_10ns/base/3_4_place_resized.odb
Elapsed time: 0:11.72[h:]min:sec. CPU time: user 14.84 sys 4.03 (161%). Peak memory: 334800KB.
Log                       Ext     Elapsed/s Peak Memory/MB sha1sum result [0:20)
3_4_place_resized         .odb           11            326 9f95d76f4b82706e48d7
