OpenROAD f552262465b0bfef8f097e258f94bc501d01e19d 
Features included (+) or not (-): +GPU +GUI +Python
This program is licensed under the BSD-3 license. See the LICENSE file for details.
Components of this program may be licensed under more restrictive licenses which must be honored.
[INFO ORD-0030] Using 12 thread(s).
read_liberty /opt/eda/orfs-6101364b/flow/platforms/sky130hd/lib/sky130_fd_sc_hd__tt_025C_1v80.lib
read_db /root/cac_runs/ntt_dp_15ns/results/sky130hd/cac_ntt_dp_15ns/base/6_1_fill.odb
read_sdc /root/cac_runs/ntt_dp_15ns/results/sky130hd/cac_ntt_dp_15ns/base/6_1_fill.sdc
source /opt/eda/orfs-6101364b/flow/platforms/sky130hd/setRC.tcl
write_db /root/cac_runs/ntt_dp_15ns/results/sky130hd/cac_ntt_dp_15ns/base/6_final.odb
write_sdc -no_timestamp /root/cac_runs/ntt_dp_15ns/results/sky130hd/cac_ntt_dp_15ns/base/6_final.sdc
Deleted 0 routing obstructions
Warning: master sky130_ef_sc_hd__decap_12 has signal pins but no liberty cell
[INFO RCX-0431] Defined process_corner X with ext_model_index 0
[INFO RCX-0029] Defined extraction corner X
[WARNING RCX-0514] The ext_model_file option is deprecated. Use set_extraction_rules_file command instead.
[INFO RCX-0435] Reading extraction model file /opt/eda/orfs-6101364b/flow/platforms/sky130hd/rcx_patterns.rules ...
[INFO RCX-0436] RC segment generation kyber_ntt_engine (max_merge_res 50.0) ...
[INFO RCX-0040] Final 137190 rc segments
[INFO RCX-0439] Coupling Cap extraction kyber_ntt_engine ...
[INFO RCX-0440] Coupling threshhold is 0.1000 fF, coupling capacitance less than 0.1000 fF will be grounded.
[INFO RCX-0442] 52% of 315645 wires extracted
[INFO RCX-0442] 100% of 315645 wires extracted
[INFO RCX-0045] Extract 30277 nets, 167386 rsegs, 167386 caps, 379717 ccs
[INFO RCX-0443] 30277 nets finished
[INFO PSM-0040] All shapes on net VDD are connected.
########## IR report #################
Net              : VDD
Corner           : default
Total power      : 2.49e-02 W
Supply voltage   : 1.80e+00 V
Worstcase voltage: 1.80e+00 V
Average voltage  : 1.80e+00 V
Average IR drop  : 8.90e-06 V
Worstcase IR drop: 1.36e-04 V
Percentage drop  : 0.01 %
######################################
[INFO PSM-0040] All shapes on net VSS are connected.
########## IR report #################
Net              : VSS
Corner           : default
Total power      : 2.49e-02 W
Supply voltage   : 0.00e+00 V
Worstcase voltage: 1.43e-04 V
Average voltage  : 8.42e-06 V
Average IR drop  : 8.42e-06 V
Worstcase IR drop: 1.43e-04 V
Percentage drop  : 0.01 %
######################################
Cell type report:                       Count        Area
  Fill cell                             52643   281525.00
  Tap cell                               7533     9425.29
  Antenna cell                            213      533.01
  Clock buffer                            723    14074.75
  Timing Repair Buffer                   1785    14586.49
  Inverter                                244      922.13
  Clock inverter                          187     1815.49
  Sequential cell                        4277   117196.15
  Multi-Input combinational cell        22779   129009.98
  Total                                 90384   569088.30
Report metrics stage 6, finish...

==========================================================================
finish report_design_area
--------------------------------------------------------------------------
Design area 287563 um^2 51% utilization.
Elapsed time: 0:25.34[h:]min:sec. CPU time: user 32.73 sys 10.16 (169%). Peak memory: 963656KB.
Log                       Ext     Elapsed/s Peak Memory/MB sha1sum result [0:20)
6_report                                 25            941                  N/A
