
==========================================================================
floorplan final report_tns
--------------------------------------------------------------------------
tns max -60.05

==========================================================================
floorplan final report_wns
--------------------------------------------------------------------------
wns max -5.14

==========================================================================
floorplan final report_worst_slack
--------------------------------------------------------------------------
worst slack max -5.14

==========================================================================
floorplan final report_clock_min_period
--------------------------------------------------------------------------
clk period_min = 20.14 fmax = 49.66

==========================================================================
floorplan final report_checks -path_delay min
--------------------------------------------------------------------------
Startpoint: st[10]$_DFF_PN0_ (rising edge-triggered flip-flop clocked by clk)
Endpoint: done$_DFF_PN0_ (rising edge-triggered flip-flop clocked by clk)
Path Group: clk
Path Type: min

Fanout     Cap    Slew   Delay    Time   Description
-----------------------------------------------------------------------------
                  0.00    0.00    0.00   clock clk (rise edge)
                          0.00    0.00   clock network delay (ideal)
                  0.00    0.00    0.00 ^ st[10]$_DFF_PN0_/CLK (sky130_fd_sc_hd__dfrtp_1)
     2    0.00    0.05    0.30    0.30 ^ st[10]$_DFF_PN0_/Q (sky130_fd_sc_hd__dfrtp_1)
                                         st[10] (net)
                  0.05    0.00    0.30 ^ done$_DFF_PN0_/D (sky130_fd_sc_hd__dfrtp_1)
                                  0.30   data arrival time

                  0.00    0.00    0.00   clock clk (rise edge)
                          0.00    0.00   clock network delay (ideal)
                          0.25    0.25   clock uncertainty
                          0.00    0.25   clock reconvergence pessimism
                                  0.25 ^ done$_DFF_PN0_/CLK (sky130_fd_sc_hd__dfrtp_1)
                         -0.04    0.21   library hold time
                                  0.21   data required time
-----------------------------------------------------------------------------
                                  0.21   data required time
                                 -0.30   data arrival time
-----------------------------------------------------------------------------
                                  0.10   slack (MET)



==========================================================================
floorplan final report_checks -path_delay max
--------------------------------------------------------------------------
Startpoint: coeff_a_q[1]$_DFFE_PN0P_
            (rising edge-triggered flip-flop clocked by clk)
Endpoint: mul_reduced_q[1]$_DFFE_PN0P_
          (rising edge-triggered flip-flop clocked by clk)
Path Group: clk
Path Type: max

Fanout     Cap    Slew   Delay    Time   Description
-----------------------------------------------------------------------------
                  0.00    0.00    0.00   clock clk (rise edge)
                          0.00    0.00   clock network delay (ideal)
                  0.00    0.00    0.00 ^ coeff_a_q[1]$_DFFE_PN0P_/CLK (sky130_fd_sc_hd__dfrtp_2)
     6    0.03    0.10    0.44    0.44 v coeff_a_q[1]$_DFFE_PN0P_/Q (sky130_fd_sc_hd__dfrtp_2)
                                         coeff_a_q[1] (net)
                  0.10    0.00    0.44 v _53501_/B (sky130_fd_sc_hd__ha_4)
     2    0.01    0.04    0.29    0.73 ^ _53501_/SUM (sky130_fd_sc_hd__ha_4)
                                         _00673_ (net)
                  0.04    0.00    0.73 ^ _36525_/A (sky130_fd_sc_hd__inv_2)
     1    0.01    0.02    0.03    0.76 v _36525_/Y (sky130_fd_sc_hd__inv_2)
                                         _00722_ (net)
                  0.02    0.00    0.76 v _53574_/B (sky130_fd_sc_hd__ha_4)
     2    0.01    0.04    0.15    0.91 v _53574_/COUT (sky130_fd_sc_hd__ha_4)
                                         _00216_ (net)
                  0.04    0.00    0.91 v _53157_/B (sky130_fd_sc_hd__fa_2)
     2    0.01    0.08    0.36    1.27 v _53157_/COUT (sky130_fd_sc_hd__fa_2)
                                         _00219_ (net)
                  0.08    0.00    1.27 v _29547_/A1 (sky130_fd_sc_hd__a21oi_2)
     1    0.00    0.08    0.12    1.39 ^ _29547_/Y (sky130_fd_sc_hd__a21oi_2)
                                         _06685_ (net)
                  0.08    0.00    1.39 ^ _29548_/B (sky130_fd_sc_hd__nor2_1)
     1    0.00    0.03    0.04    1.43 v _29548_/Y (sky130_fd_sc_hd__nor2_1)
                                         _06686_ (net)
                  0.03    0.00    1.43 v _29549_/A (sky130_fd_sc_hd__nor2_1)
     2    0.01    0.15    0.14    1.57 ^ _29549_/Y (sky130_fd_sc_hd__nor2_1)
                                         _06687_ (net)
                  0.15    0.00    1.57 ^ _29560_/A (sky130_fd_sc_hd__xnor2_1)
     2    0.01    0.08    0.11    1.69 v _29560_/Y (sky130_fd_sc_hd__xnor2_1)
                                         _06698_ (net)
                  0.08    0.00    1.69 v _29563_/C (sky130_fd_sc_hd__nor3_1)
     2    0.00    0.18    0.16    1.84 ^ _29563_/Y (sky130_fd_sc_hd__nor3_1)
                                         _06701_ (net)
                  0.18    0.00    1.84 ^ _29564_/B_N (sky130_fd_sc_hd__nor2b_1)
     2    0.00    0.10    0.17    2.01 ^ _29564_/Y (sky130_fd_sc_hd__nor2b_1)
                                         _06702_ (net)
                  0.10    0.00    2.01 ^ _29565_/B_N (sky130_fd_sc_hd__nor2b_2)
     3    0.01    0.11    0.17    2.18 ^ _29565_/Y (sky130_fd_sc_hd__nor2b_2)
                                         _06703_ (net)
                  0.11    0.00    2.18 ^ _29566_/B (sky130_fd_sc_hd__nand2_1)
     1    0.00    0.07    0.06    2.24 v _29566_/Y (sky130_fd_sc_hd__nand2_1)
                                         _06704_ (net)
                  0.07    0.00    2.24 v _29567_/B1 (sky130_fd_sc_hd__a21oi_1)
     1    0.00    0.10    0.11    2.36 ^ _29567_/Y (sky130_fd_sc_hd__a21oi_1)
                                         _06705_ (net)
                  0.10    0.00    2.36 ^ _29568_/B (sky130_fd_sc_hd__nor2_1)
     1    0.00    0.06    0.05    2.40 v _29568_/Y (sky130_fd_sc_hd__nor2_1)
                                         _06706_ (net)
                  0.06    0.00    2.40 v _29574_/A1 (sky130_fd_sc_hd__o211a_1)
     3    0.01    0.05    0.24    2.64 v _29574_/X (sky130_fd_sc_hd__o211a_1)
                                         _06712_ (net)
                  0.05    0.00    2.64 v _29575_/B (sky130_fd_sc_hd__or2_4)
     1    0.00    0.05    0.22    2.87 v _29575_/X (sky130_fd_sc_hd__or2_4)
                                         _06713_ (net)
                  0.05    0.00    2.87 v _29576_/A (sky130_fd_sc_hd__clkbuf_8)
     8    0.02    0.04    0.15    3.01 v _29576_/X (sky130_fd_sc_hd__clkbuf_8)
                                         _06714_ (net)
                  0.04    0.00    3.01 v _36452_/C (sky130_fd_sc_hd__and3_4)
     3    0.01    0.04    0.18    3.19 v _36452_/X (sky130_fd_sc_hd__and3_4)
                                         _11106_ (net)
                  0.04    0.00    3.19 v _36459_/B (sky130_fd_sc_hd__nand2b_1)
     1    0.00    0.07    0.07    3.27 ^ _36459_/Y (sky130_fd_sc_hd__nand2b_1)
                                         _11112_ (net)
                  0.07    0.00    3.27 ^ _36460_/B (sky130_fd_sc_hd__xor2_1)
     1    0.00    0.11    0.14    3.40 ^ _36460_/X (sky130_fd_sc_hd__xor2_1)
                                         _11113_ (net)
                  0.11    0.00    3.40 ^ _36462_/A1 (sky130_fd_sc_hd__a211o_1)
     5    0.01    0.12    0.19    3.59 ^ _36462_/X (sky130_fd_sc_hd__a211o_1)
                                         _11115_ (net)
                  0.12    0.00    3.59 ^ _36463_/B1_N (sky130_fd_sc_hd__a21boi_4)
     8    0.03    0.23    0.29    3.88 ^ _36463_/Y (sky130_fd_sc_hd__a21boi_4)
                                         _11116_ (net)
                  0.23    0.00    3.88 ^ _36555_/B (sky130_fd_sc_hd__nor2_2)
     1    0.01    0.08    0.06    3.94 v _36555_/Y (sky130_fd_sc_hd__nor2_2)
                                         _00235_ (net)
                  0.08    0.00    3.94 v _53169_/B (sky130_fd_sc_hd__fa_1)
     1    0.01    0.08    0.53    4.47 ^ _53169_/SUM (sky130_fd_sc_hd__fa_1)
                                         _26764_ (net)
                  0.08    0.00    4.47 ^ _53105_/B (sky130_fd_sc_hd__fa_1)
     1    0.00    0.08    0.42    4.89 v _53105_/SUM (sky130_fd_sc_hd__fa_1)
                                         _26765_ (net)
                  0.08    0.00    4.89 v _53318_/B (sky130_fd_sc_hd__ha_1)
     1    0.01    0.07    0.30    5.19 v _53318_/SUM (sky130_fd_sc_hd__ha_1)
                                         _26479_ (net)
                  0.07    0.00    5.19 v _52984_/B (sky130_fd_sc_hd__fa_1)
     1    0.00    0.07    0.52    5.70 ^ _52984_/SUM (sky130_fd_sc_hd__fa_1)
                                         _26410_ (net)
                  0.07    0.00    5.70 ^ _52962_/CIN (sky130_fd_sc_hd__fa_1)
     1    0.00    0.08    0.41    6.11 v _52962_/SUM (sky130_fd_sc_hd__fa_1)
                                         _26412_ (net)
                  0.08    0.00    6.11 v _53188_/B (sky130_fd_sc_hd__ha_1)
     2    0.01    0.07    0.30    6.41 v _53188_/SUM (sky130_fd_sc_hd__ha_1)
                                         _00251_ (net)
                  0.07    0.00    6.41 v _35284_/A2 (sky130_fd_sc_hd__a21oi_2)
     2    0.01    0.13    0.17    6.58 ^ _35284_/Y (sky130_fd_sc_hd__a21oi_2)
                                         _10394_ (net)
                  0.13    0.00    6.58 ^ _35285_/A1 (sky130_fd_sc_hd__o21bai_1)
     1    0.00    0.06    0.10    6.68 v _35285_/Y (sky130_fd_sc_hd__o21bai_1)
                                         _10395_ (net)
                  0.06    0.00    6.68 v _35286_/A1 (sky130_fd_sc_hd__a21oi_2)
     2    0.01    0.13    0.15    6.82 ^ _35286_/Y (sky130_fd_sc_hd__a21oi_2)
                                         _10396_ (net)
                  0.13    0.00    6.82 ^ _35287_/A1 (sky130_fd_sc_hd__o21bai_1)
     1    0.00    0.06    0.10    6.92 v _35287_/Y (sky130_fd_sc_hd__o21bai_1)
                                         _10397_ (net)
                  0.06    0.00    6.92 v _35288_/A1 (sky130_fd_sc_hd__a21oi_2)
     2    0.01    0.13    0.15    7.07 ^ _35288_/Y (sky130_fd_sc_hd__a21oi_2)
                                         _10398_ (net)
                  0.13    0.00    7.07 ^ _35289_/A1 (sky130_fd_sc_hd__o21bai_1)
     1    0.00    0.06    0.10    7.16 v _35289_/Y (sky130_fd_sc_hd__o21bai_1)
                                         _10399_ (net)
                  0.06    0.00    7.16 v _35290_/A1 (sky130_fd_sc_hd__a21oi_2)
     2    0.01    0.13    0.15    7.31 ^ _35290_/Y (sky130_fd_sc_hd__a21oi_2)
                                         _10400_ (net)
                  0.13    0.00    7.31 ^ _35291_/A1 (sky130_fd_sc_hd__o21bai_1)
     1    0.00    0.06    0.10    7.41 v _35291_/Y (sky130_fd_sc_hd__o21bai_1)
                                         _10401_ (net)
                  0.06    0.00    7.41 v _35292_/A1 (sky130_fd_sc_hd__a21oi_2)
     2    0.01    0.13    0.15    7.55 ^ _35292_/Y (sky130_fd_sc_hd__a21oi_2)
                                         _10402_ (net)
                  0.13    0.00    7.55 ^ _35293_/A1 (sky130_fd_sc_hd__o21bai_1)
     1    0.00    0.06    0.10    7.65 v _35293_/Y (sky130_fd_sc_hd__o21bai_1)
                                         _10403_ (net)
                  0.06    0.00    7.65 v _35294_/A1 (sky130_fd_sc_hd__a21oi_2)
     2    0.01    0.17    0.18    7.84 ^ _35294_/Y (sky130_fd_sc_hd__a21oi_2)
                                         _10404_ (net)
                  0.17    0.00    7.84 ^ _36593_/A1 (sky130_fd_sc_hd__o21bai_1)
     1    0.00    0.06    0.11    7.94 v _36593_/Y (sky130_fd_sc_hd__o21bai_1)
                                         _11163_ (net)
                  0.06    0.00    7.94 v _36594_/A1 (sky130_fd_sc_hd__a21oi_2)
     2    0.02    0.29    0.27    8.22 ^ _36594_/Y (sky130_fd_sc_hd__a21oi_2)
                                         _11164_ (net)
                  0.29    0.00    8.22 ^ _36595_/A (sky130_fd_sc_hd__xnor2_4)
     7    0.03    0.13    0.17    8.39 v _36595_/Y (sky130_fd_sc_hd__xnor2_4)
                                         mul_product[22] (net)
                  0.13    0.00    8.39 v _53011_/A (sky130_fd_sc_hd__fa_1)
     2    0.01    0.11    0.60    8.99 ^ _53011_/SUM (sky130_fd_sc_hd__fa_1)
                                         _26542_ (net)
                  0.11    0.00    8.99 ^ _53001_/B (sky130_fd_sc_hd__fa_1)
     1    0.01    0.09    0.44    9.43 v _53001_/SUM (sky130_fd_sc_hd__fa_1)
                                         _26543_ (net)
                  0.09    0.00    9.43 v _53132_/B (sky130_fd_sc_hd__fa_1)
     1    0.01    0.09    0.49    9.92 v _53132_/SUM (sky130_fd_sc_hd__fa_1)
                                         _26785_ (net)
                  0.09    0.00    9.92 v _53114_/B (sky130_fd_sc_hd__fa_1)
     1    0.00    0.07    0.53   10.45 ^ _53114_/SUM (sky130_fd_sc_hd__fa_1)
                                         _26308_ (net)
                  0.07    0.00   10.45 ^ _52937_/CIN (sky130_fd_sc_hd__fa_1)
     1    0.00    0.08    0.41   10.85 v _52937_/SUM (sky130_fd_sc_hd__fa_1)
                                         _26311_ (net)
                  0.08    0.00   10.85 v _53276_/A (sky130_fd_sc_hd__ha_1)
     2    0.00    0.06    0.31   11.16 v _53276_/SUM (sky130_fd_sc_hd__ha_1)
                                         _00379_ (net)
                  0.06    0.00   11.16 v _27428_/B1 (sky130_fd_sc_hd__o21ai_1)
     1    0.00    0.10    0.07   11.23 ^ _27428_/Y (sky130_fd_sc_hd__o21ai_1)
                                         _26147_ (net)
                  0.10    0.00   11.23 ^ _27429_/B (sky130_fd_sc_hd__nand2b_1)
     2    0.01    0.06    0.08   11.31 v _27429_/Y (sky130_fd_sc_hd__nand2b_1)
                                         _26148_ (net)
                  0.06    0.00   11.31 v _27445_/D1 (sky130_fd_sc_hd__a2111oi_2)
     1    0.00    0.25    0.19   11.50 ^ _27445_/Y (sky130_fd_sc_hd__a2111oi_2)
                                         _26164_ (net)
                  0.25    0.00   11.50 ^ _27446_/B1 (sky130_fd_sc_hd__o211ai_1)
     2    0.00    0.10    0.14   11.64 v _27446_/Y (sky130_fd_sc_hd__o211ai_1)
                                         _26165_ (net)
                  0.10    0.00   11.64 v _34010_/A1 (sky130_fd_sc_hd__a311oi_1)
     1    0.00    0.20    0.22   11.86 ^ _34010_/Y (sky130_fd_sc_hd__a311oi_1)
                                         _09590_ (net)
                  0.20    0.00   11.86 ^ _34012_/A2 (sky130_fd_sc_hd__o21ba_2)
     2    0.01    0.10    0.20   12.06 ^ _34012_/X (sky130_fd_sc_hd__o21ba_2)
                                         _09592_ (net)
                  0.10    0.00   12.06 ^ _34013_/A1 (sky130_fd_sc_hd__o21bai_4)
     2    0.01    0.06    0.08   12.14 v _34013_/Y (sky130_fd_sc_hd__o21bai_4)
                                         _09593_ (net)
                  0.06    0.00   12.14 v _34014_/A1 (sky130_fd_sc_hd__a21oi_2)
     3    0.01    0.17    0.18   12.32 ^ _34014_/Y (sky130_fd_sc_hd__a21oi_2)
                                         _09594_ (net)
                  0.17    0.00   12.32 ^ _34118_/A2 (sky130_fd_sc_hd__o21ai_2)
     2    0.01    0.06    0.08   12.40 v _34118_/Y (sky130_fd_sc_hd__o21ai_2)
                                         _09659_ (net)
                  0.06    0.00   12.40 v _34122_/A3 (sky130_fd_sc_hd__o41ai_2)
     2    0.01    0.31    0.33   12.74 ^ _34122_/Y (sky130_fd_sc_hd__o41ai_2)
                                         _09663_ (net)
                  0.31    0.00   12.74 ^ _34123_/A1 (sky130_fd_sc_hd__o21ba_2)
     2    0.01    0.10    0.24   12.98 ^ _34123_/X (sky130_fd_sc_hd__o21ba_2)
                                         _09664_ (net)
                  0.10    0.00   12.98 ^ _34124_/A1 (sky130_fd_sc_hd__o21bai_4)
     2    0.01    0.06    0.09   13.07 v _34124_/Y (sky130_fd_sc_hd__o21bai_4)
                                         _09665_ (net)
                  0.06    0.00   13.07 v _34125_/A (sky130_fd_sc_hd__xor2_2)
     4    0.02    0.26    0.27   13.33 ^ _34125_/X (sky130_fd_sc_hd__xor2_2)
                                         u_mul_reduce.prod[36] (net)
                  0.26    0.00   13.33 ^ _53205_/A (sky130_fd_sc_hd__ha_2)
     1    0.01    0.06    0.34   13.67 v _53205_/SUM (sky130_fd_sc_hd__ha_2)
                                         _26914_ (net)
                  0.06    0.00   13.67 v _53418_/B (sky130_fd_sc_hd__ha_4)
     1    0.00    0.04    0.21   13.88 v _53418_/SUM (sky130_fd_sc_hd__ha_4)
                                         _26576_ (net)
                  0.04    0.00   13.88 v _53012_/CIN (sky130_fd_sc_hd__fa_1)
     1    0.00    0.05    0.47   14.35 ^ _53012_/SUM (sky130_fd_sc_hd__fa_1)
                                         _00084_ (net)
                  0.05    0.00   14.35 ^ _48457_/A (sky130_fd_sc_hd__inv_1)
     1    0.01    0.03    0.05   14.39 v _48457_/Y (sky130_fd_sc_hd__inv_1)
                                         _00077_ (net)
                  0.03    0.00   14.39 v _52998_/CIN (sky130_fd_sc_hd__fa_2)
     1    0.01    0.07    0.53   14.93 ^ _52998_/SUM (sky130_fd_sc_hd__fa_2)
                                         _26534_ (net)
                  0.07    0.00   14.93 ^ _53547_/B (sky130_fd_sc_hd__ha_4)
     1    0.01    0.04    0.20   15.12 v _53547_/SUM (sky130_fd_sc_hd__ha_4)
                                         _00719_ (net)
                  0.04    0.00   15.12 v _28491_/A (sky130_fd_sc_hd__clkbuf_16)
    10    0.04    0.05    0.16   15.28 v _28491_/X (sky130_fd_sc_hd__clkbuf_16)
                                         _05949_ (net)
                  0.05    0.00   15.28 v _28500_/A1 (sky130_fd_sc_hd__a21oi_4)
     4    0.02    0.17    0.17   15.45 ^ _28500_/Y (sky130_fd_sc_hd__a21oi_4)
                                         _05958_ (net)
                  0.17    0.00   15.45 ^ _28524_/A (sky130_fd_sc_hd__nand2_4)
     5    0.02    0.07    0.09   15.54 v _28524_/Y (sky130_fd_sc_hd__nand2_4)
                                         _05982_ (net)
                  0.07    0.00   15.54 v _28525_/B1 (sky130_fd_sc_hd__a31o_4)
     5    0.02    0.05    0.24   15.77 v _28525_/X (sky130_fd_sc_hd__a31o_4)
                                         _05983_ (net)
                  0.05    0.00   15.77 v _28558_/A2 (sky130_fd_sc_hd__a2111oi_4)
     1    0.01    0.30    0.38   16.16 ^ _28558_/Y (sky130_fd_sc_hd__a2111oi_4)
                                         _06016_ (net)
                  0.30    0.00   16.16 ^ _28559_/B1 (sky130_fd_sc_hd__a2111oi_4)
     4    0.01    0.13    0.11   16.26 v _28559_/Y (sky130_fd_sc_hd__a2111oi_4)
                                         _06017_ (net)
                  0.13    0.00   16.26 v _28582_/B (sky130_fd_sc_hd__nor4_2)
     2    0.01    0.26    0.31   16.58 ^ _28582_/Y (sky130_fd_sc_hd__nor4_2)
                                         _06040_ (net)
                  0.26    0.00   16.58 ^ _28937_/B (sky130_fd_sc_hd__nand3_2)
     9    0.02    0.17    0.19   16.77 v _28937_/Y (sky130_fd_sc_hd__nand3_2)
                                         _06285_ (net)
                  0.17    0.00   16.77 v _28939_/C (sky130_fd_sc_hd__nor3_2)
     2    0.00    0.16    0.16   16.93 ^ _28939_/Y (sky130_fd_sc_hd__nor3_2)
                                         _06287_ (net)
                  0.16    0.00   16.93 ^ _28940_/A (sky130_fd_sc_hd__buf_4)
    10    0.04    0.11    0.20   17.13 ^ _28940_/X (sky130_fd_sc_hd__buf_4)
                                         _06288_ (net)
                  0.11    0.00   17.13 ^ _28941_/A (sky130_fd_sc_hd__xnor2_4)
     3    0.01    0.07    0.10   17.23 v _28941_/Y (sky130_fd_sc_hd__xnor2_4)
                                         _00459_ (net)
                  0.07    0.00   17.23 v _28942_/A (sky130_fd_sc_hd__inv_1)
     2    0.01    0.06    0.07   17.30 ^ _28942_/Y (sky130_fd_sc_hd__inv_1)
                                         u_mul_reduce.r1[0] (net)
                  0.06    0.00   17.30 ^ _53326_/A (sky130_fd_sc_hd__ha_2)
     1    0.00    0.04    0.15   17.45 ^ _53326_/COUT (sky130_fd_sc_hd__ha_2)
                                         _00463_ (net)
                  0.04    0.00   17.45 ^ _31071_/A (sky130_fd_sc_hd__and3_4)
     3    0.01    0.07    0.19   17.64 ^ _31071_/X (sky130_fd_sc_hd__and3_4)
                                         _07687_ (net)
                  0.07    0.00   17.64 ^ _31072_/B1 (sky130_fd_sc_hd__o21ai_4)
     2    0.01    0.10    0.06   17.70 v _31072_/Y (sky130_fd_sc_hd__o21ai_4)
                                         _07688_ (net)
                  0.10    0.00   17.70 v _31087_/A (sky130_fd_sc_hd__nor4b_4)
     2    0.01    0.27    0.34   18.05 ^ _31087_/Y (sky130_fd_sc_hd__nor4b_4)
                                         _07703_ (net)
                  0.27    0.00   18.05 ^ _31147_/A1 (sky130_fd_sc_hd__a2111oi_4)
     5    0.01    0.11    0.14   18.19 v _31147_/Y (sky130_fd_sc_hd__a2111oi_4)
                                         _07763_ (net)
                  0.11    0.00   18.19 v _48251_/A3 (sky130_fd_sc_hd__o311a_1)
     2    0.00    0.06    0.32   18.51 v _48251_/X (sky130_fd_sc_hd__o311a_1)
                                         _22649_ (net)
                  0.06    0.00   18.51 v _48272_/A2 (sky130_fd_sc_hd__o22a_1)
     4    0.01    0.07    0.23   18.73 v _48272_/X (sky130_fd_sc_hd__o22a_1)
                                         _22670_ (net)
                  0.07    0.00   18.73 v _48312_/B2 (sky130_fd_sc_hd__a221o_1)
     3    0.01    0.08    0.36   19.09 v _48312_/X (sky130_fd_sc_hd__a221o_1)
                                         _22710_ (net)
                  0.08    0.00   19.09 v _48359_/A2 (sky130_fd_sc_hd__o211ai_2)
     2    0.01    0.16    0.17   19.27 ^ _48359_/Y (sky130_fd_sc_hd__o211ai_2)
                                         _22757_ (net)
                  0.16    0.00   19.27 ^ _48360_/A (sky130_fd_sc_hd__buf_6)
    10    0.03    0.07    0.15   19.42 ^ _48360_/X (sky130_fd_sc_hd__buf_6)
                                         _22758_ (net)
                  0.07    0.00   19.42 ^ _48425_/S (sky130_fd_sc_hd__mux2_4)
     1    0.00    0.05    0.30   19.71 v _48425_/X (sky130_fd_sc_hd__mux2_4)
                                         _22813_ (net)
                  0.05    0.00   19.71 v _48427_/A1 (sky130_fd_sc_hd__a21oi_2)
     1    0.00    0.07    0.10   19.81 ^ _48427_/Y (sky130_fd_sc_hd__a21oi_2)
                                         _01112_ (net)
                  0.07    0.00   19.81 ^ mul_reduced_q[1]$_DFFE_PN0P_/D (sky130_fd_sc_hd__dfrtp_1)
                                 19.81   data arrival time

                  0.00   15.00   15.00   clock clk (rise edge)
                          0.00   15.00   clock network delay (ideal)
                         -0.25   14.75   clock uncertainty
                          0.00   14.75   clock reconvergence pessimism
                                 14.75 ^ mul_reduced_q[1]$_DFFE_PN0P_/CLK (sky130_fd_sc_hd__dfrtp_1)
                         -0.07   14.68   library setup time
                                 14.68   data required time
-----------------------------------------------------------------------------
                                 14.68   data required time
                                -19.81   data arrival time
-----------------------------------------------------------------------------
                                 -5.14   slack (VIOLATED)



==========================================================================
floorplan final report_checks -unconstrained
--------------------------------------------------------------------------
Startpoint: coeff_a_q[1]$_DFFE_PN0P_
            (rising edge-triggered flip-flop clocked by clk)
Endpoint: mul_reduced_q[1]$_DFFE_PN0P_
          (rising edge-triggered flip-flop clocked by clk)
Path Group: clk
Path Type: max

Fanout     Cap    Slew   Delay    Time   Description
-----------------------------------------------------------------------------
                  0.00    0.00    0.00   clock clk (rise edge)
                          0.00    0.00   clock network delay (ideal)
                  0.00    0.00    0.00 ^ coeff_a_q[1]$_DFFE_PN0P_/CLK (sky130_fd_sc_hd__dfrtp_2)
     6    0.03    0.10    0.44    0.44 v coeff_a_q[1]$_DFFE_PN0P_/Q (sky130_fd_sc_hd__dfrtp_2)
                                         coeff_a_q[1] (net)
                  0.10    0.00    0.44 v _53501_/B (sky130_fd_sc_hd__ha_4)
     2    0.01    0.04    0.29    0.73 ^ _53501_/SUM (sky130_fd_sc_hd__ha_4)
                                         _00673_ (net)
                  0.04    0.00    0.73 ^ _36525_/A (sky130_fd_sc_hd__inv_2)
     1    0.01    0.02    0.03    0.76 v _36525_/Y (sky130_fd_sc_hd__inv_2)
                                         _00722_ (net)
                  0.02    0.00    0.76 v _53574_/B (sky130_fd_sc_hd__ha_4)
     2    0.01    0.04    0.15    0.91 v _53574_/COUT (sky130_fd_sc_hd__ha_4)
                                         _00216_ (net)
                  0.04    0.00    0.91 v _53157_/B (sky130_fd_sc_hd__fa_2)
     2    0.01    0.08    0.36    1.27 v _53157_/COUT (sky130_fd_sc_hd__fa_2)
                                         _00219_ (net)
                  0.08    0.00    1.27 v _29547_/A1 (sky130_fd_sc_hd__a21oi_2)
     1    0.00    0.08    0.12    1.39 ^ _29547_/Y (sky130_fd_sc_hd__a21oi_2)
                                         _06685_ (net)
                  0.08    0.00    1.39 ^ _29548_/B (sky130_fd_sc_hd__nor2_1)
     1    0.00    0.03    0.04    1.43 v _29548_/Y (sky130_fd_sc_hd__nor2_1)
                                         _06686_ (net)
                  0.03    0.00    1.43 v _29549_/A (sky130_fd_sc_hd__nor2_1)
     2    0.01    0.15    0.14    1.57 ^ _29549_/Y (sky130_fd_sc_hd__nor2_1)
                                         _06687_ (net)
                  0.15    0.00    1.57 ^ _29560_/A (sky130_fd_sc_hd__xnor2_1)
     2    0.01    0.08    0.11    1.69 v _29560_/Y (sky130_fd_sc_hd__xnor2_1)
                                         _06698_ (net)
                  0.08    0.00    1.69 v _29563_/C (sky130_fd_sc_hd__nor3_1)
     2    0.00    0.18    0.16    1.84 ^ _29563_/Y (sky130_fd_sc_hd__nor3_1)
                                         _06701_ (net)
                  0.18    0.00    1.84 ^ _29564_/B_N (sky130_fd_sc_hd__nor2b_1)
     2    0.00    0.10    0.17    2.01 ^ _29564_/Y (sky130_fd_sc_hd__nor2b_1)
                                         _06702_ (net)
                  0.10    0.00    2.01 ^ _29565_/B_N (sky130_fd_sc_hd__nor2b_2)
     3    0.01    0.11    0.17    2.18 ^ _29565_/Y (sky130_fd_sc_hd__nor2b_2)
                                         _06703_ (net)
                  0.11    0.00    2.18 ^ _29566_/B (sky130_fd_sc_hd__nand2_1)
     1    0.00    0.07    0.06    2.24 v _29566_/Y (sky130_fd_sc_hd__nand2_1)
                                         _06704_ (net)
                  0.07    0.00    2.24 v _29567_/B1 (sky130_fd_sc_hd__a21oi_1)
     1    0.00    0.10    0.11    2.36 ^ _29567_/Y (sky130_fd_sc_hd__a21oi_1)
                                         _06705_ (net)
                  0.10    0.00    2.36 ^ _29568_/B (sky130_fd_sc_hd__nor2_1)
     1    0.00    0.06    0.05    2.40 v _29568_/Y (sky130_fd_sc_hd__nor2_1)
                                         _06706_ (net)
                  0.06    0.00    2.40 v _29574_/A1 (sky130_fd_sc_hd__o211a_1)
     3    0.01    0.05    0.24    2.64 v _29574_/X (sky130_fd_sc_hd__o211a_1)
                                         _06712_ (net)
                  0.05    0.00    2.64 v _29575_/B (sky130_fd_sc_hd__or2_4)
     1    0.00    0.05    0.22    2.87 v _29575_/X (sky130_fd_sc_hd__or2_4)
                                         _06713_ (net)
                  0.05    0.00    2.87 v _29576_/A (sky130_fd_sc_hd__clkbuf_8)
     8    0.02    0.04    0.15    3.01 v _29576_/X (sky130_fd_sc_hd__clkbuf_8)
                                         _06714_ (net)
                  0.04    0.00    3.01 v _36452_/C (sky130_fd_sc_hd__and3_4)
     3    0.01    0.04    0.18    3.19 v _36452_/X (sky130_fd_sc_hd__and3_4)
                                         _11106_ (net)
                  0.04    0.00    3.19 v _36459_/B (sky130_fd_sc_hd__nand2b_1)
     1    0.00    0.07    0.07    3.27 ^ _36459_/Y (sky130_fd_sc_hd__nand2b_1)
                                         _11112_ (net)
                  0.07    0.00    3.27 ^ _36460_/B (sky130_fd_sc_hd__xor2_1)
     1    0.00    0.11    0.14    3.40 ^ _36460_/X (sky130_fd_sc_hd__xor2_1)
                                         _11113_ (net)
                  0.11    0.00    3.40 ^ _36462_/A1 (sky130_fd_sc_hd__a211o_1)
     5    0.01    0.12    0.19    3.59 ^ _36462_/X (sky130_fd_sc_hd__a211o_1)
                                         _11115_ (net)
                  0.12    0.00    3.59 ^ _36463_/B1_N (sky130_fd_sc_hd__a21boi_4)
     8    0.03    0.23    0.29    3.88 ^ _36463_/Y (sky130_fd_sc_hd__a21boi_4)
                                         _11116_ (net)
                  0.23    0.00    3.88 ^ _36555_/B (sky130_fd_sc_hd__nor2_2)
     1    0.01    0.08    0.06    3.94 v _36555_/Y (sky130_fd_sc_hd__nor2_2)
                                         _00235_ (net)
                  0.08    0.00    3.94 v _53169_/B (sky130_fd_sc_hd__fa_1)
     1    0.01    0.08    0.53    4.47 ^ _53169_/SUM (sky130_fd_sc_hd__fa_1)
                                         _26764_ (net)
                  0.08    0.00    4.47 ^ _53105_/B (sky130_fd_sc_hd__fa_1)
     1    0.00    0.08    0.42    4.89 v _53105_/SUM (sky130_fd_sc_hd__fa_1)
                                         _26765_ (net)
                  0.08    0.00    4.89 v _53318_/B (sky130_fd_sc_hd__ha_1)
     1    0.01    0.07    0.30    5.19 v _53318_/SUM (sky130_fd_sc_hd__ha_1)
                                         _26479_ (net)
                  0.07    0.00    5.19 v _52984_/B (sky130_fd_sc_hd__fa_1)
     1    0.00    0.07    0.52    5.70 ^ _52984_/SUM (sky130_fd_sc_hd__fa_1)
                                         _26410_ (net)
                  0.07    0.00    5.70 ^ _52962_/CIN (sky130_fd_sc_hd__fa_1)
     1    0.00    0.08    0.41    6.11 v _52962_/SUM (sky130_fd_sc_hd__fa_1)
                                         _26412_ (net)
                  0.08    0.00    6.11 v _53188_/B (sky130_fd_sc_hd__ha_1)
     2    0.01    0.07    0.30    6.41 v _53188_/SUM (sky130_fd_sc_hd__ha_1)
                                         _00251_ (net)
                  0.07    0.00    6.41 v _35284_/A2 (sky130_fd_sc_hd__a21oi_2)
     2    0.01    0.13    0.17    6.58 ^ _35284_/Y (sky130_fd_sc_hd__a21oi_2)
                                         _10394_ (net)
                  0.13    0.00    6.58 ^ _35285_/A1 (sky130_fd_sc_hd__o21bai_1)
     1    0.00    0.06    0.10    6.68 v _35285_/Y (sky130_fd_sc_hd__o21bai_1)
                                         _10395_ (net)
                  0.06    0.00    6.68 v _35286_/A1 (sky130_fd_sc_hd__a21oi_2)
     2    0.01    0.13    0.15    6.82 ^ _35286_/Y (sky130_fd_sc_hd__a21oi_2)
                                         _10396_ (net)
                  0.13    0.00    6.82 ^ _35287_/A1 (sky130_fd_sc_hd__o21bai_1)
     1    0.00    0.06    0.10    6.92 v _35287_/Y (sky130_fd_sc_hd__o21bai_1)
                                         _10397_ (net)
                  0.06    0.00    6.92 v _35288_/A1 (sky130_fd_sc_hd__a21oi_2)
     2    0.01    0.13    0.15    7.07 ^ _35288_/Y (sky130_fd_sc_hd__a21oi_2)
                                         _10398_ (net)
                  0.13    0.00    7.07 ^ _35289_/A1 (sky130_fd_sc_hd__o21bai_1)
     1    0.00    0.06    0.10    7.16 v _35289_/Y (sky130_fd_sc_hd__o21bai_1)
                                         _10399_ (net)
                  0.06    0.00    7.16 v _35290_/A1 (sky130_fd_sc_hd__a21oi_2)
     2    0.01    0.13    0.15    7.31 ^ _35290_/Y (sky130_fd_sc_hd__a21oi_2)
                                         _10400_ (net)
                  0.13    0.00    7.31 ^ _35291_/A1 (sky130_fd_sc_hd__o21bai_1)
     1    0.00    0.06    0.10    7.41 v _35291_/Y (sky130_fd_sc_hd__o21bai_1)
                                         _10401_ (net)
                  0.06    0.00    7.41 v _35292_/A1 (sky130_fd_sc_hd__a21oi_2)
     2    0.01    0.13    0.15    7.55 ^ _35292_/Y (sky130_fd_sc_hd__a21oi_2)
                                         _10402_ (net)
                  0.13    0.00    7.55 ^ _35293_/A1 (sky130_fd_sc_hd__o21bai_1)
     1    0.00    0.06    0.10    7.65 v _35293_/Y (sky130_fd_sc_hd__o21bai_1)
                                         _10403_ (net)
                  0.06    0.00    7.65 v _35294_/A1 (sky130_fd_sc_hd__a21oi_2)
     2    0.01    0.17    0.18    7.84 ^ _35294_/Y (sky130_fd_sc_hd__a21oi_2)
                                         _10404_ (net)
                  0.17    0.00    7.84 ^ _36593_/A1 (sky130_fd_sc_hd__o21bai_1)
     1    0.00    0.06    0.11    7.94 v _36593_/Y (sky130_fd_sc_hd__o21bai_1)
                                         _11163_ (net)
                  0.06    0.00    7.94 v _36594_/A1 (sky130_fd_sc_hd__a21oi_2)
     2    0.02    0.29    0.27    8.22 ^ _36594_/Y (sky130_fd_sc_hd__a21oi_2)
                                         _11164_ (net)
                  0.29    0.00    8.22 ^ _36595_/A (sky130_fd_sc_hd__xnor2_4)
     7    0.03    0.13    0.17    8.39 v _36595_/Y (sky130_fd_sc_hd__xnor2_4)
                                         mul_product[22] (net)
                  0.13    0.00    8.39 v _53011_/A (sky130_fd_sc_hd__fa_1)
     2    0.01    0.11    0.60    8.99 ^ _53011_/SUM (sky130_fd_sc_hd__fa_1)
                                         _26542_ (net)
                  0.11    0.00    8.99 ^ _53001_/B (sky130_fd_sc_hd__fa_1)
     1    0.01    0.09    0.44    9.43 v _53001_/SUM (sky130_fd_sc_hd__fa_1)
                                         _26543_ (net)
                  0.09    0.00    9.43 v _53132_/B (sky130_fd_sc_hd__fa_1)
     1    0.01    0.09    0.49    9.92 v _53132_/SUM (sky130_fd_sc_hd__fa_1)
                                         _26785_ (net)
                  0.09    0.00    9.92 v _53114_/B (sky130_fd_sc_hd__fa_1)
     1    0.00    0.07    0.53   10.45 ^ _53114_/SUM (sky130_fd_sc_hd__fa_1)
                                         _26308_ (net)
                  0.07    0.00   10.45 ^ _52937_/CIN (sky130_fd_sc_hd__fa_1)
     1    0.00    0.08    0.41   10.85 v _52937_/SUM (sky130_fd_sc_hd__fa_1)
                                         _26311_ (net)
                  0.08    0.00   10.85 v _53276_/A (sky130_fd_sc_hd__ha_1)
     2    0.00    0.06    0.31   11.16 v _53276_/SUM (sky130_fd_sc_hd__ha_1)
                                         _00379_ (net)
                  0.06    0.00   11.16 v _27428_/B1 (sky130_fd_sc_hd__o21ai_1)
     1    0.00    0.10    0.07   11.23 ^ _27428_/Y (sky130_fd_sc_hd__o21ai_1)
                                         _26147_ (net)
                  0.10    0.00   11.23 ^ _27429_/B (sky130_fd_sc_hd__nand2b_1)
     2    0.01    0.06    0.08   11.31 v _27429_/Y (sky130_fd_sc_hd__nand2b_1)
                                         _26148_ (net)
                  0.06    0.00   11.31 v _27445_/D1 (sky130_fd_sc_hd__a2111oi_2)
     1    0.00    0.25    0.19   11.50 ^ _27445_/Y (sky130_fd_sc_hd__a2111oi_2)
                                         _26164_ (net)
                  0.25    0.00   11.50 ^ _27446_/B1 (sky130_fd_sc_hd__o211ai_1)
     2    0.00    0.10    0.14   11.64 v _27446_/Y (sky130_fd_sc_hd__o211ai_1)
                                         _26165_ (net)
                  0.10    0.00   11.64 v _34010_/A1 (sky130_fd_sc_hd__a311oi_1)
     1    0.00    0.20    0.22   11.86 ^ _34010_/Y (sky130_fd_sc_hd__a311oi_1)
                                         _09590_ (net)
                  0.20    0.00   11.86 ^ _34012_/A2 (sky130_fd_sc_hd__o21ba_2)
     2    0.01    0.10    0.20   12.06 ^ _34012_/X (sky130_fd_sc_hd__o21ba_2)
                                         _09592_ (net)
                  0.10    0.00   12.06 ^ _34013_/A1 (sky130_fd_sc_hd__o21bai_4)
     2    0.01    0.06    0.08   12.14 v _34013_/Y (sky130_fd_sc_hd__o21bai_4)
                                         _09593_ (net)
                  0.06    0.00   12.14 v _34014_/A1 (sky130_fd_sc_hd__a21oi_2)
     3    0.01    0.17    0.18   12.32 ^ _34014_/Y (sky130_fd_sc_hd__a21oi_2)
                                         _09594_ (net)
                  0.17    0.00   12.32 ^ _34118_/A2 (sky130_fd_sc_hd__o21ai_2)
     2    0.01    0.06    0.08   12.40 v _34118_/Y (sky130_fd_sc_hd__o21ai_2)
                                         _09659_ (net)
                  0.06    0.00   12.40 v _34122_/A3 (sky130_fd_sc_hd__o41ai_2)
     2    0.01    0.31    0.33   12.74 ^ _34122_/Y (sky130_fd_sc_hd__o41ai_2)
                                         _09663_ (net)
                  0.31    0.00   12.74 ^ _34123_/A1 (sky130_fd_sc_hd__o21ba_2)
     2    0.01    0.10    0.24   12.98 ^ _34123_/X (sky130_fd_sc_hd__o21ba_2)
                                         _09664_ (net)
                  0.10    0.00   12.98 ^ _34124_/A1 (sky130_fd_sc_hd__o21bai_4)
     2    0.01    0.06    0.09   13.07 v _34124_/Y (sky130_fd_sc_hd__o21bai_4)
                                         _09665_ (net)
                  0.06    0.00   13.07 v _34125_/A (sky130_fd_sc_hd__xor2_2)
     4    0.02    0.26    0.27   13.33 ^ _34125_/X (sky130_fd_sc_hd__xor2_2)
                                         u_mul_reduce.prod[36] (net)
                  0.26    0.00   13.33 ^ _53205_/A (sky130_fd_sc_hd__ha_2)
     1    0.01    0.06    0.34   13.67 v _53205_/SUM (sky130_fd_sc_hd__ha_2)
                                         _26914_ (net)
                  0.06    0.00   13.67 v _53418_/B (sky130_fd_sc_hd__ha_4)
     1    0.00    0.04    0.21   13.88 v _53418_/SUM (sky130_fd_sc_hd__ha_4)
                                         _26576_ (net)
                  0.04    0.00   13.88 v _53012_/CIN (sky130_fd_sc_hd__fa_1)
     1    0.00    0.05    0.47   14.35 ^ _53012_/SUM (sky130_fd_sc_hd__fa_1)
                                         _00084_ (net)
                  0.05    0.00   14.35 ^ _48457_/A (sky130_fd_sc_hd__inv_1)
     1    0.01    0.03    0.05   14.39 v _48457_/Y (sky130_fd_sc_hd__inv_1)
                                         _00077_ (net)
                  0.03    0.00   14.39 v _52998_/CIN (sky130_fd_sc_hd__fa_2)
     1    0.01    0.07    0.53   14.93 ^ _52998_/SUM (sky130_fd_sc_hd__fa_2)
                                         _26534_ (net)
                  0.07    0.00   14.93 ^ _53547_/B (sky130_fd_sc_hd__ha_4)
     1    0.01    0.04    0.20   15.12 v _53547_/SUM (sky130_fd_sc_hd__ha_4)
                                         _00719_ (net)
                  0.04    0.00   15.12 v _28491_/A (sky130_fd_sc_hd__clkbuf_16)
    10    0.04    0.05    0.16   15.28 v _28491_/X (sky130_fd_sc_hd__clkbuf_16)
                                         _05949_ (net)
                  0.05    0.00   15.28 v _28500_/A1 (sky130_fd_sc_hd__a21oi_4)
     4    0.02    0.17    0.17   15.45 ^ _28500_/Y (sky130_fd_sc_hd__a21oi_4)
                                         _05958_ (net)
                  0.17    0.00   15.45 ^ _28524_/A (sky130_fd_sc_hd__nand2_4)
     5    0.02    0.07    0.09   15.54 v _28524_/Y (sky130_fd_sc_hd__nand2_4)
                                         _05982_ (net)
                  0.07    0.00   15.54 v _28525_/B1 (sky130_fd_sc_hd__a31o_4)
     5    0.02    0.05    0.24   15.77 v _28525_/X (sky130_fd_sc_hd__a31o_4)
                                         _05983_ (net)
                  0.05    0.00   15.77 v _28558_/A2 (sky130_fd_sc_hd__a2111oi_4)
     1    0.01    0.30    0.38   16.16 ^ _28558_/Y (sky130_fd_sc_hd__a2111oi_4)
                                         _06016_ (net)
                  0.30    0.00   16.16 ^ _28559_/B1 (sky130_fd_sc_hd__a2111oi_4)
     4    0.01    0.13    0.11   16.26 v _28559_/Y (sky130_fd_sc_hd__a2111oi_4)
                                         _06017_ (net)
                  0.13    0.00   16.26 v _28582_/B (sky130_fd_sc_hd__nor4_2)
     2    0.01    0.26    0.31   16.58 ^ _28582_/Y (sky130_fd_sc_hd__nor4_2)
                                         _06040_ (net)
                  0.26    0.00   16.58 ^ _28937_/B (sky130_fd_sc_hd__nand3_2)
     9    0.02    0.17    0.19   16.77 v _28937_/Y (sky130_fd_sc_hd__nand3_2)
                                         _06285_ (net)
                  0.17    0.00   16.77 v _28939_/C (sky130_fd_sc_hd__nor3_2)
     2    0.00    0.16    0.16   16.93 ^ _28939_/Y (sky130_fd_sc_hd__nor3_2)
                                         _06287_ (net)
                  0.16    0.00   16.93 ^ _28940_/A (sky130_fd_sc_hd__buf_4)
    10    0.04    0.11    0.20   17.13 ^ _28940_/X (sky130_fd_sc_hd__buf_4)
                                         _06288_ (net)
                  0.11    0.00   17.13 ^ _28941_/A (sky130_fd_sc_hd__xnor2_4)
     3    0.01    0.07    0.10   17.23 v _28941_/Y (sky130_fd_sc_hd__xnor2_4)
                                         _00459_ (net)
                  0.07    0.00   17.23 v _28942_/A (sky130_fd_sc_hd__inv_1)
     2    0.01    0.06    0.07   17.30 ^ _28942_/Y (sky130_fd_sc_hd__inv_1)
                                         u_mul_reduce.r1[0] (net)
                  0.06    0.00   17.30 ^ _53326_/A (sky130_fd_sc_hd__ha_2)
     1    0.00    0.04    0.15   17.45 ^ _53326_/COUT (sky130_fd_sc_hd__ha_2)
                                         _00463_ (net)
                  0.04    0.00   17.45 ^ _31071_/A (sky130_fd_sc_hd__and3_4)
     3    0.01    0.07    0.19   17.64 ^ _31071_/X (sky130_fd_sc_hd__and3_4)
                                         _07687_ (net)
                  0.07    0.00   17.64 ^ _31072_/B1 (sky130_fd_sc_hd__o21ai_4)
     2    0.01    0.10    0.06   17.70 v _31072_/Y (sky130_fd_sc_hd__o21ai_4)
                                         _07688_ (net)
                  0.10    0.00   17.70 v _31087_/A (sky130_fd_sc_hd__nor4b_4)
     2    0.01    0.27    0.34   18.05 ^ _31087_/Y (sky130_fd_sc_hd__nor4b_4)
                                         _07703_ (net)
                  0.27    0.00   18.05 ^ _31147_/A1 (sky130_fd_sc_hd__a2111oi_4)
     5    0.01    0.11    0.14   18.19 v _31147_/Y (sky130_fd_sc_hd__a2111oi_4)
                                         _07763_ (net)
                  0.11    0.00   18.19 v _48251_/A3 (sky130_fd_sc_hd__o311a_1)
     2    0.00    0.06    0.32   18.51 v _48251_/X (sky130_fd_sc_hd__o311a_1)
                                         _22649_ (net)
                  0.06    0.00   18.51 v _48272_/A2 (sky130_fd_sc_hd__o22a_1)
     4    0.01    0.07    0.23   18.73 v _48272_/X (sky130_fd_sc_hd__o22a_1)
                                         _22670_ (net)
                  0.07    0.00   18.73 v _48312_/B2 (sky130_fd_sc_hd__a221o_1)
     3    0.01    0.08    0.36   19.09 v _48312_/X (sky130_fd_sc_hd__a221o_1)
                                         _22710_ (net)
                  0.08    0.00   19.09 v _48359_/A2 (sky130_fd_sc_hd__o211ai_2)
     2    0.01    0.16    0.17   19.27 ^ _48359_/Y (sky130_fd_sc_hd__o211ai_2)
                                         _22757_ (net)
                  0.16    0.00   19.27 ^ _48360_/A (sky130_fd_sc_hd__buf_6)
    10    0.03    0.07    0.15   19.42 ^ _48360_/X (sky130_fd_sc_hd__buf_6)
                                         _22758_ (net)
                  0.07    0.00   19.42 ^ _48425_/S (sky130_fd_sc_hd__mux2_4)
     1    0.00    0.05    0.30   19.71 v _48425_/X (sky130_fd_sc_hd__mux2_4)
                                         _22813_ (net)
                  0.05    0.00   19.71 v _48427_/A1 (sky130_fd_sc_hd__a21oi_2)
     1    0.00    0.07    0.10   19.81 ^ _48427_/Y (sky130_fd_sc_hd__a21oi_2)
                                         _01112_ (net)
                  0.07    0.00   19.81 ^ mul_reduced_q[1]$_DFFE_PN0P_/D (sky130_fd_sc_hd__dfrtp_1)
                                 19.81   data arrival time

                  0.00   15.00   15.00   clock clk (rise edge)
                          0.00   15.00   clock network delay (ideal)
                         -0.25   14.75   clock uncertainty
                          0.00   14.75   clock reconvergence pessimism
                                 14.75 ^ mul_reduced_q[1]$_DFFE_PN0P_/CLK (sky130_fd_sc_hd__dfrtp_1)
                         -0.07   14.68   library setup time
                                 14.68   data required time
-----------------------------------------------------------------------------
                                 14.68   data required time
                                -19.81   data arrival time
-----------------------------------------------------------------------------
                                 -5.14   slack (VIOLATED)



==========================================================================
floorplan final report_power
--------------------------------------------------------------------------
Group                  Internal  Switching    Leakage      Total
                          Power      Power      Power      Power (Watts)
----------------------------------------------------------------
Sequential             1.28e-02   1.97e-05   4.53e-08   1.28e-02 100.0%
Combinational          2.52e-06   1.89e-06   4.17e-08   4.46e-06   0.0%
Clock                  0.00e+00   0.00e+00   0.00e+00   0.00e+00   0.0%
Macro                  0.00e+00   0.00e+00   0.00e+00   0.00e+00   0.0%
Pad                    0.00e+00   0.00e+00   0.00e+00   0.00e+00   0.0%
----------------------------------------------------------------
Total                  1.28e-02   2.16e-05   8.70e-08   1.28e-02 100.0%
                          99.8%       0.2%       0.0%
