violation type: Metal Spacing
	srcs: net:net3508
	bbox = (301.6800, 474.5400) - (301.8200, 474.6400) on Layer met1
violation type: Metal Spacing
	srcs: net:net3508
	bbox = (301.6800, 474.5400) - (301.8300, 474.6400) on Layer met1
violation type: Metal Spacing
	srcs: net:net3520
	bbox = (441.5300, 72.4700) - (441.7350, 72.5200) on Layer met1
violation type: Metal Spacing
	srcs: net:net3520 net:coeff_ram\[208\]\[4\]
	bbox = (441.6450, 150.6500) - (441.7600, 150.7550) on Layer met1
violation type: Metal Spacing
	srcs: net:net3520 net:coeff_ram\[208\]\[4\]
	bbox = (441.6450, 150.6600) - (441.7600, 150.7550) on Layer met1
violation type: Metal Spacing
	srcs: net:net3520
	bbox = (446.1900, 150.5200) - (446.3450, 150.5700) on Layer met1
violation type: Metal Spacing
	srcs: net:net3520
	bbox = (446.3450, 150.5200) - (446.3600, 150.5700) on Layer met1
violation type: Metal Spacing
	srcs: net:net3512
	bbox = (267.1000, 542.3650) - (267.1200, 542.5400) on Layer met2
violation type: Short
	srcs: net:net3508 net:coeff_ram\[113\]\[9\]
	bbox = (302.6100, 474.0600) - (302.7500, 474.2000) on Layer met1
violation type: Short
	srcs: net:net3508 net:coeff_ram\[113\]\[9\]
	bbox = (302.6100, 474.0600) - (303.5300, 474.2000) on Layer met1
violation type: Short
	srcs: net:net3508 net:coeff_ram\[113\]\[9\]
	bbox = (303.2100, 474.0600) - (303.5300, 474.2000) on Layer met1
violation type: Short
	srcs: net:coeff_ram\[101\]\[9\] net:VSS
	bbox = (584.1300, 481.2000) - (584.2700, 481.6800) on Layer met1
violation type: Short
	srcs: net:_12163_ net:VSS
	bbox = (584.5800, 481.2000) - (584.7200, 481.6800) on Layer met1
