Clock: clk
Sources: clk 
Generated: no
Virtual: yes
Propagated: no
Period: 20.000000

===========================================================================
report_clock_properties
============================================================================
Clock                   Period          Waveform
----------------------------------------------------
clk                  20.000000    0.000000 10.000000

===========================================================================
report_clock_latency
============================================================================
Clock clk
rise -> rise
    min     max
0.000000 0.000000 source latency
0.484303         network latency _42_/CLK
        0.486247 network latency _43_/CLK
---------------
0.484303 0.486247 latency
        0.001944 skew

fall -> fall
    min     max
0.000000 0.000000 source latency
0.507573         network latency _42_/CLK
        0.509372 network latency _43_/CLK
---------------
0.507573 0.509372 latency
        0.001799 skew



===========================================================================
report_clock_min_period
============================================================================
clk period_min = 2.87 fmax = 348.20
