
===========================================================================
report_checks -path_delay min (Hold)
============================================================================
======================= min_ss_100C_1v60 Corner ===================================

Startpoint: _41_ (rising edge-triggered flip-flop clocked by clk)
Endpoint: _41_ (rising edge-triggered flip-flop clocked by clk)
Path Group: clk
Path Type: min

Fanout         Cap        Slew       Delay        Time   Description
---------------------------------------------------------------------------------------------
                                  0.000000    0.000000   clock clk (rise edge)
                                  0.000000    0.000000   clock source latency
     1    0.010450    0.084194    0.054620    0.054620 ^ clk (in)
                                                         clk (net)
                      0.084195    0.000000    0.054620 ^ clkbuf_0_clk/A (sky130_fd_sc_hd__clkbuf_16)
     2    0.017725    0.064589    0.224790    0.279409 ^ clkbuf_0_clk/X (sky130_fd_sc_hd__clkbuf_16)
                                                         clknet_0_clk (net)
                      0.064589    0.000200    0.279610 ^ clkbuf_1_1__f_clk/A (sky130_fd_sc_hd__clkbuf_16)
     4    0.009783    0.054653    0.204639    0.484249 ^ clkbuf_1_1__f_clk/X (sky130_fd_sc_hd__clkbuf_16)
                                                         clknet_1_1__leaf_clk (net)
                      0.054653    0.000069    0.484318 ^ _41_/CLK (sky130_fd_sc_hd__dfrtp_1)
     3    0.007454    0.134144    0.682334    1.166652 ^ _41_/Q (sky130_fd_sc_hd__dfrtp_1)
                                                         net9 (net)
                      0.134144    0.000071    1.166723 ^ _30_/B1 (sky130_fd_sc_hd__a31o_1)
     1    0.001757    0.059593    0.174456    1.341179 ^ _30_/X (sky130_fd_sc_hd__a31o_1)
                                                         _16_ (net)
                      0.059593    0.000007    1.341186 ^ _31_/B (sky130_fd_sc_hd__and2b_1)
     1    0.002521    0.068017    0.217438    1.558624 ^ _31_/X (sky130_fd_sc_hd__and2b_1)
                                                         _03_ (net)
                      0.068017    0.000024    1.558648 ^ _41_/D (sky130_fd_sc_hd__dfrtp_1)
                                              1.558648   data arrival time

                                  0.000000    0.000000   clock clk (rise edge)
                                  0.000000    0.000000   clock source latency
     1    0.010450    0.084194    0.054620    0.054620 ^ clk (in)
                                                         clk (net)
                      0.084195    0.000000    0.054620 ^ clkbuf_0_clk/A (sky130_fd_sc_hd__clkbuf_16)
     2    0.017725    0.064589    0.224790    0.279409 ^ clkbuf_0_clk/X (sky130_fd_sc_hd__clkbuf_16)
                                                         clknet_0_clk (net)
                      0.064589    0.000200    0.279610 ^ clkbuf_1_1__f_clk/A (sky130_fd_sc_hd__clkbuf_16)
     4    0.009783    0.054653    0.204639    0.484249 ^ clkbuf_1_1__f_clk/X (sky130_fd_sc_hd__clkbuf_16)
                                                         clknet_1_1__leaf_clk (net)
                      0.054653    0.000069    0.484318 ^ _41_/CLK (sky130_fd_sc_hd__dfrtp_1)
                                  0.250000    0.734318   clock uncertainty
                                  0.000000    0.734318   clock reconvergence pessimism
                                 -0.079006    0.655312   library hold time
                                              0.655312   data required time
---------------------------------------------------------------------------------------------
                                              0.655312   data required time
                                             -1.558648   data arrival time
---------------------------------------------------------------------------------------------
                                              0.903336   slack (MET)


Startpoint: _40_ (rising edge-triggered flip-flop clocked by clk)
Endpoint: _40_ (rising edge-triggered flip-flop clocked by clk)
Path Group: clk
Path Type: min

Fanout         Cap        Slew       Delay        Time   Description
---------------------------------------------------------------------------------------------
                                  0.000000    0.000000   clock clk (rise edge)
                                  0.000000    0.000000   clock source latency
     1    0.010450    0.084194    0.054620    0.054620 ^ clk (in)
                                                         clk (net)
                      0.084195    0.000000    0.054620 ^ clkbuf_0_clk/A (sky130_fd_sc_hd__clkbuf_16)
     2    0.017725    0.064589    0.224790    0.279409 ^ clkbuf_0_clk/X (sky130_fd_sc_hd__clkbuf_16)
                                                         clknet_0_clk (net)
                      0.064589    0.000200    0.279610 ^ clkbuf_1_1__f_clk/A (sky130_fd_sc_hd__clkbuf_16)
     4    0.009783    0.054653    0.204639    0.484249 ^ clkbuf_1_1__f_clk/X (sky130_fd_sc_hd__clkbuf_16)
                                                         clknet_1_1__leaf_clk (net)
                      0.054653    0.000056    0.484305 ^ _40_/CLK (sky130_fd_sc_hd__dfrtp_1)
     4    0.010348    0.170051    0.712900    1.197205 ^ _40_/Q (sky130_fd_sc_hd__dfrtp_1)
                                                         net8 (net)
                      0.170051    0.000095    1.197300 ^ _25_/B1 (sky130_fd_sc_hd__a31o_1)
     1    0.002717    0.072979    0.202091    1.399391 ^ _25_/X (sky130_fd_sc_hd__a31o_1)
                                                         _12_ (net)
                      0.072979    0.000013    1.399404 ^ _28_/B1 (sky130_fd_sc_hd__o21a_1)
     1    0.002114    0.060100    0.207878    1.607281 ^ _28_/X (sky130_fd_sc_hd__o21a_1)
                                                         _02_ (net)
                      0.060100    0.000018    1.607300 ^ _40_/D (sky130_fd_sc_hd__dfrtp_1)
                                              1.607300   data arrival time

                                  0.000000    0.000000   clock clk (rise edge)
                                  0.000000    0.000000   clock source latency
     1    0.010450    0.084194    0.054620    0.054620 ^ clk (in)
                                                         clk (net)
                      0.084195    0.000000    0.054620 ^ clkbuf_0_clk/A (sky130_fd_sc_hd__clkbuf_16)
     2    0.017725    0.064589    0.224790    0.279409 ^ clkbuf_0_clk/X (sky130_fd_sc_hd__clkbuf_16)
                                                         clknet_0_clk (net)
                      0.064589    0.000200    0.279610 ^ clkbuf_1_1__f_clk/A (sky130_fd_sc_hd__clkbuf_16)
     4    0.009783    0.054653    0.204639    0.484249 ^ clkbuf_1_1__f_clk/X (sky130_fd_sc_hd__clkbuf_16)
                                                         clknet_1_1__leaf_clk (net)
                      0.054653    0.000056    0.484305 ^ _40_/CLK (sky130_fd_sc_hd__dfrtp_1)
                                  0.250000    0.734305   clock uncertainty
                                  0.000000    0.734305   clock reconvergence pessimism
                                 -0.077198    0.657107   library hold time
                                              0.657107   data required time
---------------------------------------------------------------------------------------------
                                              0.657107   data required time
                                             -1.607300   data arrival time
---------------------------------------------------------------------------------------------
                                              0.950193   slack (MET)


Startpoint: _45_ (rising edge-triggered flip-flop clocked by clk)
Endpoint: _45_ (rising edge-triggered flip-flop clocked by clk)
Path Group: clk
Path Type: min

Fanout         Cap        Slew       Delay        Time   Description
---------------------------------------------------------------------------------------------
                                  0.000000    0.000000   clock clk (rise edge)
                                  0.000000    0.000000   clock source latency
     1    0.010450    0.084194    0.054620    0.054620 ^ clk (in)
                                                         clk (net)
                      0.084195    0.000000    0.054620 ^ clkbuf_0_clk/A (sky130_fd_sc_hd__clkbuf_16)
     2    0.017725    0.064589    0.224790    0.279409 ^ clkbuf_0_clk/X (sky130_fd_sc_hd__clkbuf_16)
                                                         clknet_0_clk (net)
                      0.064589    0.000289    0.279698 ^ clkbuf_1_0__f_clk/A (sky130_fd_sc_hd__clkbuf_16)
     4    0.011048    0.056252    0.206438    0.486136 ^ clkbuf_1_0__f_clk/X (sky130_fd_sc_hd__clkbuf_16)
                                                         clknet_1_0__leaf_clk (net)
                      0.056252    0.000094    0.486231 ^ _45_/CLK (sky130_fd_sc_hd__dfrtp_1)
     4    0.009439    0.158657    0.704035    1.190265 ^ _45_/Q (sky130_fd_sc_hd__dfrtp_1)
                                                         net5 (net)
                      0.158657    0.000079    1.190345 ^ _22_/A (sky130_fd_sc_hd__and2_1)
     2    0.006683    0.131678    0.297634    1.487979 ^ _22_/X (sky130_fd_sc_hd__and2_1)
                                                         _11_ (net)
                      0.131678    0.000052    1.488032 ^ _37_/A (sky130_fd_sc_hd__nor2_1)
     1    0.003326    0.050367    0.108933    1.596964 v _37_/Y (sky130_fd_sc_hd__nor2_1)
                                                         _07_ (net)
                      0.050367    0.000042    1.597006 v _45_/D (sky130_fd_sc_hd__dfrtp_1)
                                              1.597006   data arrival time

                                  0.000000    0.000000   clock clk (rise edge)
                                  0.000000    0.000000   clock source latency
     1    0.010450    0.084194    0.054620    0.054620 ^ clk (in)
                                                         clk (net)
                      0.084195    0.000000    0.054620 ^ clkbuf_0_clk/A (sky130_fd_sc_hd__clkbuf_16)
     2    0.017725    0.064589    0.224790    0.279409 ^ clkbuf_0_clk/X (sky130_fd_sc_hd__clkbuf_16)
                                                         clknet_0_clk (net)
                      0.064589    0.000289    0.279698 ^ clkbuf_1_0__f_clk/A (sky130_fd_sc_hd__clkbuf_16)
     4    0.011048    0.056252    0.206438    0.486136 ^ clkbuf_1_0__f_clk/X (sky130_fd_sc_hd__clkbuf_16)
                                                         clknet_1_0__leaf_clk (net)
                      0.056252    0.000094    0.486231 ^ _45_/CLK (sky130_fd_sc_hd__dfrtp_1)
                                  0.250000    0.736231   clock uncertainty
                                  0.000000    0.736231   clock reconvergence pessimism
                                 -0.093288    0.642942   library hold time
                                              0.642942   data required time
---------------------------------------------------------------------------------------------
                                              0.642942   data required time
                                             -1.597006   data arrival time
---------------------------------------------------------------------------------------------
                                              0.954064   slack (MET)


Startpoint: _45_ (rising edge-triggered flip-flop clocked by clk)
Endpoint: _38_ (rising edge-triggered flip-flop clocked by clk)
Path Group: clk
Path Type: min

Fanout         Cap        Slew       Delay        Time   Description
---------------------------------------------------------------------------------------------
                                  0.000000    0.000000   clock clk (rise edge)
                                  0.000000    0.000000   clock source latency
     1    0.010450    0.084194    0.054620    0.054620 ^ clk (in)
                                                         clk (net)
                      0.084195    0.000000    0.054620 ^ clkbuf_0_clk/A (sky130_fd_sc_hd__clkbuf_16)
     2    0.017725    0.064589    0.224790    0.279409 ^ clkbuf_0_clk/X (sky130_fd_sc_hd__clkbuf_16)
                                                         clknet_0_clk (net)
                      0.064589    0.000289    0.279698 ^ clkbuf_1_0__f_clk/A (sky130_fd_sc_hd__clkbuf_16)
     4    0.011048    0.056252    0.206438    0.486136 ^ clkbuf_1_0__f_clk/X (sky130_fd_sc_hd__clkbuf_16)
                                                         clknet_1_0__leaf_clk (net)
                      0.056252    0.000094    0.486231 ^ _45_/CLK (sky130_fd_sc_hd__dfrtp_1)
     4    0.009439    0.158657    0.704035    1.190265 ^ _45_/Q (sky130_fd_sc_hd__dfrtp_1)
                                                         net5 (net)
                      0.158657    0.000079    1.190345 ^ _22_/A (sky130_fd_sc_hd__and2_1)
     2    0.006683    0.131678    0.297634    1.487979 ^ _22_/X (sky130_fd_sc_hd__and2_1)
                                                         _11_ (net)
                      0.131678    0.000054    1.488033 ^ _23_/A2 (sky130_fd_sc_hd__o21a_1)
     1    0.002840    0.069444    0.225649    1.713682 ^ _23_/X (sky130_fd_sc_hd__o21a_1)
                                                         _00_ (net)
                      0.069444    0.000030    1.713712 ^ _38_/D (sky130_fd_sc_hd__dfrtp_1)
                                              1.713712   data arrival time

                                  0.000000    0.000000   clock clk (rise edge)
                                  0.000000    0.000000   clock source latency
     1    0.010450    0.084194    0.054620    0.054620 ^ clk (in)
                                                         clk (net)
                      0.084195    0.000000    0.054620 ^ clkbuf_0_clk/A (sky130_fd_sc_hd__clkbuf_16)
     2    0.017725    0.064589    0.224790    0.279409 ^ clkbuf_0_clk/X (sky130_fd_sc_hd__clkbuf_16)
                                                         clknet_0_clk (net)
                      0.064589    0.000289    0.279698 ^ clkbuf_1_0__f_clk/A (sky130_fd_sc_hd__clkbuf_16)
     4    0.011048    0.056252    0.206438    0.486136 ^ clkbuf_1_0__f_clk/X (sky130_fd_sc_hd__clkbuf_16)
                                                         clknet_1_0__leaf_clk (net)
                      0.056252    0.000080    0.486216 ^ _38_/CLK (sky130_fd_sc_hd__dfrtp_1)
                                  0.250000    0.736216   clock uncertainty
                                  0.000000    0.736216   clock reconvergence pessimism
                                 -0.079069    0.657147   library hold time
                                              0.657147   data required time
---------------------------------------------------------------------------------------------
                                              0.657147   data required time
                                             -1.713712   data arrival time
---------------------------------------------------------------------------------------------
                                              1.056565   slack (MET)


Startpoint: _41_ (rising edge-triggered flip-flop clocked by clk)
Endpoint: _42_ (rising edge-triggered flip-flop clocked by clk)
Path Group: clk
Path Type: min

Fanout         Cap        Slew       Delay        Time   Description
---------------------------------------------------------------------------------------------
                                  0.000000    0.000000   clock clk (rise edge)
                                  0.000000    0.000000   clock source latency
     1    0.010450    0.084194    0.054620    0.054620 ^ clk (in)
                                                         clk (net)
                      0.084195    0.000000    0.054620 ^ clkbuf_0_clk/A (sky130_fd_sc_hd__clkbuf_16)
     2    0.017725    0.064589    0.224790    0.279409 ^ clkbuf_0_clk/X (sky130_fd_sc_hd__clkbuf_16)
                                                         clknet_0_clk (net)
                      0.064589    0.000200    0.279610 ^ clkbuf_1_1__f_clk/A (sky130_fd_sc_hd__clkbuf_16)
     4    0.009783    0.054653    0.204639    0.484249 ^ clkbuf_1_1__f_clk/X (sky130_fd_sc_hd__clkbuf_16)
                                                         clknet_1_1__leaf_clk (net)
                      0.054653    0.000069    0.484318 ^ _41_/CLK (sky130_fd_sc_hd__dfrtp_1)
     3    0.007454    0.134144    0.682334    1.166652 ^ _41_/Q (sky130_fd_sc_hd__dfrtp_1)
                                                         net9 (net)
                      0.134144    0.000060    1.166712 ^ _29_/A (sky130_fd_sc_hd__and4_1)
     2    0.008418    0.180564    0.436878    1.603591 ^ _29_/X (sky130_fd_sc_hd__and4_1)
                                                         _15_ (net)
                      0.180564    0.000070    1.603661 ^ _32_/B (sky130_fd_sc_hd__xor2_1)
     1    0.003266    0.071650    0.169732    1.773393 v _32_/X (sky130_fd_sc_hd__xor2_1)
                                                         _04_ (net)
                      0.071650    0.000044    1.773437 v _42_/D (sky130_fd_sc_hd__dfrtp_1)
                                              1.773437   data arrival time

                                  0.000000    0.000000   clock clk (rise edge)
                                  0.000000    0.000000   clock source latency
     1    0.010450    0.084194    0.054620    0.054620 ^ clk (in)
                                                         clk (net)
                      0.084195    0.000000    0.054620 ^ clkbuf_0_clk/A (sky130_fd_sc_hd__clkbuf_16)
     2    0.017725    0.064589    0.224790    0.279409 ^ clkbuf_0_clk/X (sky130_fd_sc_hd__clkbuf_16)
                                                         clknet_0_clk (net)
                      0.064589    0.000200    0.279610 ^ clkbuf_1_1__f_clk/A (sky130_fd_sc_hd__clkbuf_16)
     4    0.009783    0.054653    0.204639    0.484249 ^ clkbuf_1_1__f_clk/X (sky130_fd_sc_hd__clkbuf_16)
                                                         clknet_1_1__leaf_clk (net)
                      0.054653    0.000054    0.484303 ^ _42_/CLK (sky130_fd_sc_hd__dfrtp_1)
                                  0.250000    0.734303   clock uncertainty
                                  0.000000    0.734303   clock reconvergence pessimism
                                 -0.101578    0.632725   library hold time
                                              0.632725   data required time
---------------------------------------------------------------------------------------------
                                              0.632725   data required time
                                             -1.773437   data arrival time
---------------------------------------------------------------------------------------------
                                              1.140712   slack (MET)


Startpoint: _43_ (rising edge-triggered flip-flop clocked by clk)
Endpoint: _44_ (rising edge-triggered flip-flop clocked by clk)
Path Group: clk
Path Type: min

Fanout         Cap        Slew       Delay        Time   Description
---------------------------------------------------------------------------------------------
                                  0.000000    0.000000   clock clk (rise edge)
                                  0.000000    0.000000   clock source latency
     1    0.010450    0.084194    0.054620    0.054620 ^ clk (in)
                                                         clk (net)
                      0.084195    0.000000    0.054620 ^ clkbuf_0_clk/A (sky130_fd_sc_hd__clkbuf_16)
     2    0.017725    0.064589    0.224790    0.279409 ^ clkbuf_0_clk/X (sky130_fd_sc_hd__clkbuf_16)
                                                         clknet_0_clk (net)
                      0.064589    0.000289    0.279698 ^ clkbuf_1_0__f_clk/A (sky130_fd_sc_hd__clkbuf_16)
     4    0.011048    0.056252    0.206438    0.486136 ^ clkbuf_1_0__f_clk/X (sky130_fd_sc_hd__clkbuf_16)
                                                         clknet_1_0__leaf_clk (net)
                      0.056252    0.000110    0.486247 ^ _43_/CLK (sky130_fd_sc_hd__dfrtp_1)
     3    0.006408    0.121343    0.672011    1.158258 ^ _43_/Q (sky130_fd_sc_hd__dfrtp_1)
                                                         net3 (net)
                      0.121343    0.000079    1.158337 ^ _19_/A (sky130_fd_sc_hd__and3_2)
     7    0.023833    0.226660    0.500609    1.658947 ^ _19_/X (sky130_fd_sc_hd__and3_2)
                                                         _08_ (net)
                      0.226660    0.000288    1.659235 ^ _35_/A (sky130_fd_sc_hd__nor2_1)
     1    0.002252    0.051999    0.139820    1.799055 v _35_/Y (sky130_fd_sc_hd__nor2_1)
                                                         _06_ (net)
                      0.051999    0.000020    1.799075 v _44_/D (sky130_fd_sc_hd__dfrtp_1)
                                              1.799075   data arrival time

                                  0.000000    0.000000   clock clk (rise edge)
                                  0.000000    0.000000   clock source latency
     1    0.010450    0.084194    0.054620    0.054620 ^ clk (in)
                                                         clk (net)
                      0.084195    0.000000    0.054620 ^ clkbuf_0_clk/A (sky130_fd_sc_hd__clkbuf_16)
     2    0.017725    0.064589    0.224790    0.279409 ^ clkbuf_0_clk/X (sky130_fd_sc_hd__clkbuf_16)
                                                         clknet_0_clk (net)
                      0.064589    0.000289    0.279698 ^ clkbuf_1_0__f_clk/A (sky130_fd_sc_hd__clkbuf_16)
     4    0.011048    0.056252    0.206438    0.486136 ^ clkbuf_1_0__f_clk/X (sky130_fd_sc_hd__clkbuf_16)
                                                         clknet_1_0__leaf_clk (net)
                      0.056252    0.000107    0.486243 ^ _44_/CLK (sky130_fd_sc_hd__dfrtp_1)
                                  0.250000    0.736243   clock uncertainty
                                  0.000000    0.736243   clock reconvergence pessimism
                                 -0.093894    0.642350   library hold time
                                              0.642350   data required time
---------------------------------------------------------------------------------------------
                                              0.642350   data required time
                                             -1.799075   data arrival time
---------------------------------------------------------------------------------------------
                                              1.156725   slack (MET)


Startpoint: _38_ (rising edge-triggered flip-flop clocked by clk)
Endpoint: _39_ (rising edge-triggered flip-flop clocked by clk)
Path Group: clk
Path Type: min

Fanout         Cap        Slew       Delay        Time   Description
---------------------------------------------------------------------------------------------
                                  0.000000    0.000000   clock clk (rise edge)
                                  0.000000    0.000000   clock source latency
     1    0.010450    0.084194    0.054620    0.054620 ^ clk (in)
                                                         clk (net)
                      0.084195    0.000000    0.054620 ^ clkbuf_0_clk/A (sky130_fd_sc_hd__clkbuf_16)
     2    0.017725    0.064589    0.224790    0.279409 ^ clkbuf_0_clk/X (sky130_fd_sc_hd__clkbuf_16)
                                                         clknet_0_clk (net)
                      0.064589    0.000289    0.279698 ^ clkbuf_1_0__f_clk/A (sky130_fd_sc_hd__clkbuf_16)
     4    0.011048    0.056252    0.206438    0.486136 ^ clkbuf_1_0__f_clk/X (sky130_fd_sc_hd__clkbuf_16)
                                                         clknet_1_0__leaf_clk (net)
                      0.056252    0.000080    0.486216 ^ _38_/CLK (sky130_fd_sc_hd__dfrtp_1)
     3    0.006873    0.127058    0.676935    1.163151 ^ _38_/Q (sky130_fd_sc_hd__dfrtp_1)
                                                         net6 (net)
                      0.127058    0.000023    1.163174 ^ _20_/B (sky130_fd_sc_hd__and2_1)
     4    0.012568    0.214339    0.357637    1.520811 ^ _20_/X (sky130_fd_sc_hd__and2_1)
                                                         _09_ (net)
                      0.214339    0.000039    1.520850 ^ _21_/B (sky130_fd_sc_hd__nand2_1)
     3    0.011101    0.197023    0.259489    1.780339 v _21_/Y (sky130_fd_sc_hd__nand2_1)
                                                         _10_ (net)
                      0.197023    0.000118    1.780457 v _24_/B (sky130_fd_sc_hd__xnor2_1)
     1    0.002120    0.067116    0.247135    2.027592 ^ _24_/Y (sky130_fd_sc_hd__xnor2_1)
                                                         _01_ (net)
                      0.067116    0.000010    2.027602 ^ _39_/D (sky130_fd_sc_hd__dfrtp_1)
                                              2.027602   data arrival time

                                  0.000000    0.000000   clock clk (rise edge)
                                  0.000000    0.000000   clock source latency
     1    0.010450    0.084194    0.054620    0.054620 ^ clk (in)
                                                         clk (net)
                      0.084195    0.000000    0.054620 ^ clkbuf_0_clk/A (sky130_fd_sc_hd__clkbuf_16)
     2    0.017725    0.064589    0.224790    0.279409 ^ clkbuf_0_clk/X (sky130_fd_sc_hd__clkbuf_16)
                                                         clknet_0_clk (net)
                      0.064589    0.000200    0.279610 ^ clkbuf_1_1__f_clk/A (sky130_fd_sc_hd__clkbuf_16)
     4    0.009783    0.054653    0.204639    0.484249 ^ clkbuf_1_1__f_clk/X (sky130_fd_sc_hd__clkbuf_16)
                                                         clknet_1_1__leaf_clk (net)
                      0.054653    0.000060    0.484309 ^ _39_/CLK (sky130_fd_sc_hd__dfrtp_1)
                                  0.250000    0.734309   clock uncertainty
                                  0.000000    0.734309   clock reconvergence pessimism
                                 -0.078800    0.655509   library hold time
                                              0.655509   data required time
---------------------------------------------------------------------------------------------
                                              0.655509   data required time
                                             -2.027602   data arrival time
---------------------------------------------------------------------------------------------
                                              1.372093   slack (MET)


Startpoint: _43_ (rising edge-triggered flip-flop clocked by clk)
Endpoint: _43_ (rising edge-triggered flip-flop clocked by clk)
Path Group: clk
Path Type: min

Fanout         Cap        Slew       Delay        Time   Description
---------------------------------------------------------------------------------------------
                                  0.000000    0.000000   clock clk (rise edge)
                                  0.000000    0.000000   clock source latency
     1    0.010450    0.084194    0.054620    0.054620 ^ clk (in)
                                                         clk (net)
                      0.084195    0.000000    0.054620 ^ clkbuf_0_clk/A (sky130_fd_sc_hd__clkbuf_16)
     2    0.017725    0.064589    0.224790    0.279409 ^ clkbuf_0_clk/X (sky130_fd_sc_hd__clkbuf_16)
                                                         clknet_0_clk (net)
                      0.064589    0.000289    0.279698 ^ clkbuf_1_0__f_clk/A (sky130_fd_sc_hd__clkbuf_16)
     4    0.011048    0.056252    0.206438    0.486136 ^ clkbuf_1_0__f_clk/X (sky130_fd_sc_hd__clkbuf_16)
                                                         clknet_1_0__leaf_clk (net)
                      0.056252    0.000110    0.486247 ^ _43_/CLK (sky130_fd_sc_hd__dfrtp_1)
     3    0.006408    0.121343    0.672011    1.158258 ^ _43_/Q (sky130_fd_sc_hd__dfrtp_1)
                                                         net3 (net)
                      0.121343    0.000063    1.158321 ^ hold2/A (sky130_fd_sc_hd__dlygate4sd3_1)
     2    0.008201    0.169554    1.131666    2.289987 ^ hold2/X (sky130_fd_sc_hd__dlygate4sd3_1)
                                                         net12 (net)
                      0.169554    0.000029    2.290016 ^ _33_/A (sky130_fd_sc_hd__xor2_1)
     1    0.002560    0.065874    0.162074    2.452090 v _33_/X (sky130_fd_sc_hd__xor2_1)
                                                         _05_ (net)
                      0.065874    0.000029    2.452119 v _43_/D (sky130_fd_sc_hd__dfrtp_1)
                                              2.452119   data arrival time

                                  0.000000    0.000000   clock clk (rise edge)
                                  0.000000    0.000000   clock source latency
     1    0.010450    0.084194    0.054620    0.054620 ^ clk (in)
                                                         clk (net)
                      0.084195    0.000000    0.054620 ^ clkbuf_0_clk/A (sky130_fd_sc_hd__clkbuf_16)
     2    0.017725    0.064589    0.224790    0.279409 ^ clkbuf_0_clk/X (sky130_fd_sc_hd__clkbuf_16)
                                                         clknet_0_clk (net)
                      0.064589    0.000289    0.279698 ^ clkbuf_1_0__f_clk/A (sky130_fd_sc_hd__clkbuf_16)
     4    0.011048    0.056252    0.206438    0.486136 ^ clkbuf_1_0__f_clk/X (sky130_fd_sc_hd__clkbuf_16)
                                                         clknet_1_0__leaf_clk (net)
                      0.056252    0.000110    0.486247 ^ _43_/CLK (sky130_fd_sc_hd__dfrtp_1)
                                  0.250000    0.736247   clock uncertainty
                                  0.000000    0.736247   clock reconvergence pessimism
                                 -0.099045    0.637202   library hold time
                                              0.637202   data required time
---------------------------------------------------------------------------------------------
                                              0.637202   data required time
                                             -2.452119   data arrival time
---------------------------------------------------------------------------------------------
                                              1.814917   slack (MET)


Startpoint: rst_n (input port clocked by clk)
Endpoint: _45_ (removal check against rising-edge clock clk)
Path Group: asynchronous
Path Type: min

Fanout         Cap        Slew       Delay        Time   Description
---------------------------------------------------------------------------------------------
                                  0.000000    0.000000   clock clk (rise edge)
                                  0.000000    0.000000   clock network delay (propagated)
                                  4.000000    4.000000 ^ input external delay
     1    0.002354    0.029314    0.013419    4.013419 ^ rst_n (in)
                                                         rst_n (net)
                      0.029314    0.000000    4.013419 ^ input2/A (sky130_fd_sc_hd__buf_2)
     8    0.034212    0.271616    0.324704    4.338123 ^ input2/X (sky130_fd_sc_hd__buf_2)
                                                         net2 (net)
                      0.271616    0.000639    4.338761 ^ _45_/RESET_B (sky130_fd_sc_hd__dfrtp_1)
                                              4.338761   data arrival time

                                  0.000000    0.000000   clock clk (rise edge)
                                  0.000000    0.000000   clock source latency
     1    0.010450    0.084194    0.054620    0.054620 ^ clk (in)
                                                         clk (net)
                      0.084195    0.000000    0.054620 ^ clkbuf_0_clk/A (sky130_fd_sc_hd__clkbuf_16)
     2    0.017725    0.064589    0.224790    0.279409 ^ clkbuf_0_clk/X (sky130_fd_sc_hd__clkbuf_16)
                                                         clknet_0_clk (net)
                      0.064589    0.000289    0.279698 ^ clkbuf_1_0__f_clk/A (sky130_fd_sc_hd__clkbuf_16)
     4    0.011048    0.056252    0.206438    0.486136 ^ clkbuf_1_0__f_clk/X (sky130_fd_sc_hd__clkbuf_16)
                                                         clknet_1_0__leaf_clk (net)
                      0.056252    0.000094    0.486231 ^ _45_/CLK (sky130_fd_sc_hd__dfrtp_1)
                                  0.250000    0.736231   clock uncertainty
                                  0.000000    0.736231   clock reconvergence pessimism
                                  0.715267    1.451497   library removal time
                                              1.451497   data required time
---------------------------------------------------------------------------------------------
                                              1.451497   data required time
                                             -4.338761   data arrival time
---------------------------------------------------------------------------------------------
                                              2.887264   slack (MET)


Startpoint: rst_n (input port clocked by clk)
Endpoint: _38_ (removal check against rising-edge clock clk)
Path Group: asynchronous
Path Type: min

Fanout         Cap        Slew       Delay        Time   Description
---------------------------------------------------------------------------------------------
                                  0.000000    0.000000   clock clk (rise edge)
                                  0.000000    0.000000   clock network delay (propagated)
                                  4.000000    4.000000 ^ input external delay
     1    0.002354    0.029314    0.013419    4.013419 ^ rst_n (in)
                                                         rst_n (net)
                      0.029314    0.000000    4.013419 ^ input2/A (sky130_fd_sc_hd__buf_2)
     8    0.034212    0.271616    0.324704    4.338123 ^ input2/X (sky130_fd_sc_hd__buf_2)
                                                         net2 (net)
                      0.271616    0.000639    4.338762 ^ _38_/RESET_B (sky130_fd_sc_hd__dfrtp_1)
                                              4.338762   data arrival time

                                  0.000000    0.000000   clock clk (rise edge)
                                  0.000000    0.000000   clock source latency
     1    0.010450    0.084194    0.054620    0.054620 ^ clk (in)
                                                         clk (net)
                      0.084195    0.000000    0.054620 ^ clkbuf_0_clk/A (sky130_fd_sc_hd__clkbuf_16)
     2    0.017725    0.064589    0.224790    0.279409 ^ clkbuf_0_clk/X (sky130_fd_sc_hd__clkbuf_16)
                                                         clknet_0_clk (net)
                      0.064589    0.000289    0.279698 ^ clkbuf_1_0__f_clk/A (sky130_fd_sc_hd__clkbuf_16)
     4    0.011048    0.056252    0.206438    0.486136 ^ clkbuf_1_0__f_clk/X (sky130_fd_sc_hd__clkbuf_16)
                                                         clknet_1_0__leaf_clk (net)
                      0.056252    0.000080    0.486216 ^ _38_/CLK (sky130_fd_sc_hd__dfrtp_1)
                                  0.250000    0.736216   clock uncertainty
                                  0.000000    0.736216   clock reconvergence pessimism
                                  0.715267    1.451483   library removal time
                                              1.451483   data required time
---------------------------------------------------------------------------------------------
                                              1.451483   data required time
                                             -4.338762   data arrival time
---------------------------------------------------------------------------------------------
                                              2.887279   slack (MET)


Startpoint: rst_n (input port clocked by clk)
Endpoint: _44_ (removal check against rising-edge clock clk)
Path Group: asynchronous
Path Type: min

Fanout         Cap        Slew       Delay        Time   Description
---------------------------------------------------------------------------------------------
                                  0.000000    0.000000   clock clk (rise edge)
                                  0.000000    0.000000   clock network delay (propagated)
                                  4.000000    4.000000 ^ input external delay
     1    0.002354    0.029314    0.013419    4.013419 ^ rst_n (in)
                                                         rst_n (net)
                      0.029314    0.000000    4.013419 ^ input2/A (sky130_fd_sc_hd__buf_2)
     8    0.034212    0.271616    0.324704    4.338123 ^ input2/X (sky130_fd_sc_hd__buf_2)
                                                         net2 (net)
                      0.271616    0.000710    4.338833 ^ _44_/RESET_B (sky130_fd_sc_hd__dfrtp_1)
                                              4.338833   data arrival time

                                  0.000000    0.000000   clock clk (rise edge)
                                  0.000000    0.000000   clock source latency
     1    0.010450    0.084194    0.054620    0.054620 ^ clk (in)
                                                         clk (net)
                      0.084195    0.000000    0.054620 ^ clkbuf_0_clk/A (sky130_fd_sc_hd__clkbuf_16)
     2    0.017725    0.064589    0.224790    0.279409 ^ clkbuf_0_clk/X (sky130_fd_sc_hd__clkbuf_16)
                                                         clknet_0_clk (net)
                      0.064589    0.000289    0.279698 ^ clkbuf_1_0__f_clk/A (sky130_fd_sc_hd__clkbuf_16)
     4    0.011048    0.056252    0.206438    0.486136 ^ clkbuf_1_0__f_clk/X (sky130_fd_sc_hd__clkbuf_16)
                                                         clknet_1_0__leaf_clk (net)
                      0.056252    0.000107    0.486243 ^ _44_/CLK (sky130_fd_sc_hd__dfrtp_1)
                                  0.250000    0.736243   clock uncertainty
                                  0.000000    0.736243   clock reconvergence pessimism
                                  0.715267    1.451510   library removal time
                                              1.451510   data required time
---------------------------------------------------------------------------------------------
                                              1.451510   data required time
                                             -4.338833   data arrival time
---------------------------------------------------------------------------------------------
                                              2.887323   slack (MET)


Startpoint: rst_n (input port clocked by clk)
Endpoint: _43_ (removal check against rising-edge clock clk)
Path Group: asynchronous
Path Type: min

Fanout         Cap        Slew       Delay        Time   Description
---------------------------------------------------------------------------------------------
                                  0.000000    0.000000   clock clk (rise edge)
                                  0.000000    0.000000   clock network delay (propagated)
                                  4.000000    4.000000 ^ input external delay
     1    0.002354    0.029314    0.013419    4.013419 ^ rst_n (in)
                                                         rst_n (net)
                      0.029314    0.000000    4.013419 ^ input2/A (sky130_fd_sc_hd__buf_2)
     8    0.034212    0.271616    0.324704    4.338123 ^ input2/X (sky130_fd_sc_hd__buf_2)
                                                         net2 (net)
                      0.271616    0.000719    4.338842 ^ _43_/RESET_B (sky130_fd_sc_hd__dfrtp_1)
                                              4.338842   data arrival time

                                  0.000000    0.000000   clock clk (rise edge)
                                  0.000000    0.000000   clock source latency
     1    0.010450    0.084194    0.054620    0.054620 ^ clk (in)
                                                         clk (net)
                      0.084195    0.000000    0.054620 ^ clkbuf_0_clk/A (sky130_fd_sc_hd__clkbuf_16)
     2    0.017725    0.064589    0.224790    0.279409 ^ clkbuf_0_clk/X (sky130_fd_sc_hd__clkbuf_16)
                                                         clknet_0_clk (net)
                      0.064589    0.000289    0.279698 ^ clkbuf_1_0__f_clk/A (sky130_fd_sc_hd__clkbuf_16)
     4    0.011048    0.056252    0.206438    0.486136 ^ clkbuf_1_0__f_clk/X (sky130_fd_sc_hd__clkbuf_16)
                                                         clknet_1_0__leaf_clk (net)
                      0.056252    0.000110    0.486247 ^ _43_/CLK (sky130_fd_sc_hd__dfrtp_1)
                                  0.250000    0.736247   clock uncertainty
                                  0.000000    0.736247   clock reconvergence pessimism
                                  0.715267    1.451514   library removal time
                                              1.451514   data required time
---------------------------------------------------------------------------------------------
                                              1.451514   data required time
                                             -4.338842   data arrival time
---------------------------------------------------------------------------------------------
                                              2.887329   slack (MET)


Startpoint: rst_n (input port clocked by clk)
Endpoint: _42_ (removal check against rising-edge clock clk)
Path Group: asynchronous
Path Type: min

Fanout         Cap        Slew       Delay        Time   Description
---------------------------------------------------------------------------------------------
                                  0.000000    0.000000   clock clk (rise edge)
                                  0.000000    0.000000   clock network delay (propagated)
                                  4.000000    4.000000 ^ input external delay
     1    0.002354    0.029314    0.013419    4.013419 ^ rst_n (in)
                                                         rst_n (net)
                      0.029314    0.000000    4.013419 ^ input2/A (sky130_fd_sc_hd__buf_2)
     8    0.034212    0.271616    0.324704    4.338123 ^ input2/X (sky130_fd_sc_hd__buf_2)
                                                         net2 (net)
                      0.271616    0.000148    4.338271 ^ _42_/RESET_B (sky130_fd_sc_hd__dfrtp_1)
                                              4.338271   data arrival time

                                  0.000000    0.000000   clock clk (rise edge)
                                  0.000000    0.000000   clock source latency
     1    0.010450    0.084194    0.054620    0.054620 ^ clk (in)
                                                         clk (net)
                      0.084195    0.000000    0.054620 ^ clkbuf_0_clk/A (sky130_fd_sc_hd__clkbuf_16)
     2    0.017725    0.064589    0.224790    0.279409 ^ clkbuf_0_clk/X (sky130_fd_sc_hd__clkbuf_16)
                                                         clknet_0_clk (net)
                      0.064589    0.000200    0.279610 ^ clkbuf_1_1__f_clk/A (sky130_fd_sc_hd__clkbuf_16)
     4    0.009783    0.054653    0.204639    0.484249 ^ clkbuf_1_1__f_clk/X (sky130_fd_sc_hd__clkbuf_16)
                                                         clknet_1_1__leaf_clk (net)
                      0.054653    0.000054    0.484303 ^ _42_/CLK (sky130_fd_sc_hd__dfrtp_1)
                                  0.250000    0.734303   clock uncertainty
                                  0.000000    0.734303   clock reconvergence pessimism
                                  0.714786    1.449089   library removal time
                                              1.449089   data required time
---------------------------------------------------------------------------------------------
                                              1.449089   data required time
                                             -4.338271   data arrival time
---------------------------------------------------------------------------------------------
                                              2.889183   slack (MET)


Startpoint: rst_n (input port clocked by clk)
Endpoint: _41_ (removal check against rising-edge clock clk)
Path Group: asynchronous
Path Type: min

Fanout         Cap        Slew       Delay        Time   Description
---------------------------------------------------------------------------------------------
                                  0.000000    0.000000   clock clk (rise edge)
                                  0.000000    0.000000   clock network delay (propagated)
                                  4.000000    4.000000 ^ input external delay
     1    0.002354    0.029314    0.013419    4.013419 ^ rst_n (in)
                                                         rst_n (net)
                      0.029314    0.000000    4.013419 ^ input2/A (sky130_fd_sc_hd__buf_2)
     8    0.034212    0.271616    0.324704    4.338123 ^ input2/X (sky130_fd_sc_hd__buf_2)
                                                         net2 (net)
                      0.271616    0.000170    4.338293 ^ _41_/RESET_B (sky130_fd_sc_hd__dfrtp_1)
                                              4.338293   data arrival time

                                  0.000000    0.000000   clock clk (rise edge)
                                  0.000000    0.000000   clock source latency
     1    0.010450    0.084194    0.054620    0.054620 ^ clk (in)
                                                         clk (net)
                      0.084195    0.000000    0.054620 ^ clkbuf_0_clk/A (sky130_fd_sc_hd__clkbuf_16)
     2    0.017725    0.064589    0.224790    0.279409 ^ clkbuf_0_clk/X (sky130_fd_sc_hd__clkbuf_16)
                                                         clknet_0_clk (net)
                      0.064589    0.000200    0.279610 ^ clkbuf_1_1__f_clk/A (sky130_fd_sc_hd__clkbuf_16)
     4    0.009783    0.054653    0.204639    0.484249 ^ clkbuf_1_1__f_clk/X (sky130_fd_sc_hd__clkbuf_16)
                                                         clknet_1_1__leaf_clk (net)
                      0.054653    0.000069    0.484318 ^ _41_/CLK (sky130_fd_sc_hd__dfrtp_1)
                                  0.250000    0.734318   clock uncertainty
                                  0.000000    0.734318   clock reconvergence pessimism
                                  0.714786    1.449104   library removal time
                                              1.449104   data required time
---------------------------------------------------------------------------------------------
                                              1.449104   data required time
                                             -4.338293   data arrival time
---------------------------------------------------------------------------------------------
                                              2.889189   slack (MET)


Startpoint: rst_n (input port clocked by clk)
Endpoint: _39_ (removal check against rising-edge clock clk)
Path Group: asynchronous
Path Type: min

Fanout         Cap        Slew       Delay        Time   Description
---------------------------------------------------------------------------------------------
                                  0.000000    0.000000   clock clk (rise edge)
                                  0.000000    0.000000   clock network delay (propagated)
                                  4.000000    4.000000 ^ input external delay
     1    0.002354    0.029314    0.013419    4.013419 ^ rst_n (in)
                                                         rst_n (net)
                      0.029314    0.000000    4.013419 ^ input2/A (sky130_fd_sc_hd__buf_2)
     8    0.034212    0.271616    0.324704    4.338123 ^ input2/X (sky130_fd_sc_hd__buf_2)
                                                         net2 (net)
                      0.271616    0.000242    4.338365 ^ _39_/RESET_B (sky130_fd_sc_hd__dfrtp_1)
                                              4.338365   data arrival time

                                  0.000000    0.000000   clock clk (rise edge)
                                  0.000000    0.000000   clock source latency
     1    0.010450    0.084194    0.054620    0.054620 ^ clk (in)
                                                         clk (net)
                      0.084195    0.000000    0.054620 ^ clkbuf_0_clk/A (sky130_fd_sc_hd__clkbuf_16)
     2    0.017725    0.064589    0.224790    0.279409 ^ clkbuf_0_clk/X (sky130_fd_sc_hd__clkbuf_16)
                                                         clknet_0_clk (net)
                      0.064589    0.000200    0.279610 ^ clkbuf_1_1__f_clk/A (sky130_fd_sc_hd__clkbuf_16)
     4    0.009783    0.054653    0.204639    0.484249 ^ clkbuf_1_1__f_clk/X (sky130_fd_sc_hd__clkbuf_16)
                                                         clknet_1_1__leaf_clk (net)
                      0.054653    0.000060    0.484309 ^ _39_/CLK (sky130_fd_sc_hd__dfrtp_1)
                                  0.250000    0.734309   clock uncertainty
                                  0.000000    0.734309   clock reconvergence pessimism
                                  0.714786    1.449094   library removal time
                                              1.449094   data required time
---------------------------------------------------------------------------------------------
                                              1.449094   data required time
                                             -4.338365   data arrival time
---------------------------------------------------------------------------------------------
                                              2.889270   slack (MET)


Startpoint: rst_n (input port clocked by clk)
Endpoint: _40_ (removal check against rising-edge clock clk)
Path Group: asynchronous
Path Type: min

Fanout         Cap        Slew       Delay        Time   Description
---------------------------------------------------------------------------------------------
                                  0.000000    0.000000   clock clk (rise edge)
                                  0.000000    0.000000   clock network delay (propagated)
                                  4.000000    4.000000 ^ input external delay
     1    0.002354    0.029314    0.013419    4.013419 ^ rst_n (in)
                                                         rst_n (net)
                      0.029314    0.000000    4.013419 ^ input2/A (sky130_fd_sc_hd__buf_2)
     8    0.034212    0.271616    0.324704    4.338123 ^ input2/X (sky130_fd_sc_hd__buf_2)
                                                         net2 (net)
                      0.271616    0.000356    4.338479 ^ _40_/RESET_B (sky130_fd_sc_hd__dfrtp_1)
                                              4.338479   data arrival time

                                  0.000000    0.000000   clock clk (rise edge)
                                  0.000000    0.000000   clock source latency
     1    0.010450    0.084194    0.054620    0.054620 ^ clk (in)
                                                         clk (net)
                      0.084195    0.000000    0.054620 ^ clkbuf_0_clk/A (sky130_fd_sc_hd__clkbuf_16)
     2    0.017725    0.064589    0.224790    0.279409 ^ clkbuf_0_clk/X (sky130_fd_sc_hd__clkbuf_16)
                                                         clknet_0_clk (net)
                      0.064589    0.000200    0.279610 ^ clkbuf_1_1__f_clk/A (sky130_fd_sc_hd__clkbuf_16)
     4    0.009783    0.054653    0.204639    0.484249 ^ clkbuf_1_1__f_clk/X (sky130_fd_sc_hd__clkbuf_16)
                                                         clknet_1_1__leaf_clk (net)
                      0.054653    0.000056    0.484305 ^ _40_/CLK (sky130_fd_sc_hd__dfrtp_1)
                                  0.250000    0.734305   clock uncertainty
                                  0.000000    0.734305   clock reconvergence pessimism
                                  0.714786    1.449090   library removal time
                                              1.449090   data required time
---------------------------------------------------------------------------------------------
                                              1.449090   data required time
                                             -4.338479   data arrival time
---------------------------------------------------------------------------------------------
                                              2.889388   slack (MET)


Startpoint: _42_ (rising edge-triggered flip-flop clocked by clk)
Endpoint: count[7] (output port clocked by clk)
Path Group: clk
Path Type: min

Fanout         Cap        Slew       Delay        Time   Description
---------------------------------------------------------------------------------------------
                                  0.000000    0.000000   clock clk (rise edge)
                                  0.000000    0.000000   clock source latency
     1    0.010450    0.084194    0.054620    0.054620 ^ clk (in)
                                                         clk (net)
                      0.084195    0.000000    0.054620 ^ clkbuf_0_clk/A (sky130_fd_sc_hd__clkbuf_16)
     2    0.017725    0.064589    0.224790    0.279409 ^ clkbuf_0_clk/X (sky130_fd_sc_hd__clkbuf_16)
                                                         clknet_0_clk (net)
                      0.064589    0.000200    0.279610 ^ clkbuf_1_1__f_clk/A (sky130_fd_sc_hd__clkbuf_16)
     4    0.009783    0.054653    0.204639    0.484249 ^ clkbuf_1_1__f_clk/X (sky130_fd_sc_hd__clkbuf_16)
                                                         clknet_1_1__leaf_clk (net)
                      0.054653    0.000054    0.484303 ^ _42_/CLK (sky130_fd_sc_hd__dfrtp_1)
     2    0.004679    0.101041    0.653012    1.137315 ^ _42_/Q (sky130_fd_sc_hd__dfrtp_1)
                                                         net10 (net)
                      0.101041    0.000050    1.137365 ^ output10/A (sky130_fd_sc_hd__buf_2)
     1    0.034354    0.272754    0.358697    1.496061 ^ output10/X (sky130_fd_sc_hd__buf_2)
                                                         count[7] (net)
                      0.272754    0.000273    1.496334 ^ count[7] (out)
                                              1.496334   data arrival time

                                  0.000000    0.000000   clock clk (rise edge)
                                  0.000000    0.000000   clock network delay (propagated)
                                  0.250000    0.250000   clock uncertainty
                                  0.000000    0.250000   clock reconvergence pessimism
                                 -4.000000   -3.750000   output external delay
                                             -3.750000   data required time
---------------------------------------------------------------------------------------------
                                             -3.750000   data required time
                                             -1.496334   data arrival time
---------------------------------------------------------------------------------------------
                                              5.246334   slack (MET)


Startpoint: _43_ (rising edge-triggered flip-flop clocked by clk)
Endpoint: count[0] (output port clocked by clk)
Path Group: clk
Path Type: min

Fanout         Cap        Slew       Delay        Time   Description
---------------------------------------------------------------------------------------------
                                  0.000000    0.000000   clock clk (rise edge)
                                  0.000000    0.000000   clock source latency
     1    0.010450    0.084194    0.054620    0.054620 ^ clk (in)
                                                         clk (net)
                      0.084195    0.000000    0.054620 ^ clkbuf_0_clk/A (sky130_fd_sc_hd__clkbuf_16)
     2    0.017725    0.064589    0.224790    0.279409 ^ clkbuf_0_clk/X (sky130_fd_sc_hd__clkbuf_16)
                                                         clknet_0_clk (net)
                      0.064589    0.000289    0.279698 ^ clkbuf_1_0__f_clk/A (sky130_fd_sc_hd__clkbuf_16)
     4    0.011048    0.056252    0.206438    0.486136 ^ clkbuf_1_0__f_clk/X (sky130_fd_sc_hd__clkbuf_16)
                                                         clknet_1_0__leaf_clk (net)
                      0.056252    0.000110    0.486247 ^ _43_/CLK (sky130_fd_sc_hd__dfrtp_1)
     3    0.006408    0.121343    0.672011    1.158258 ^ _43_/Q (sky130_fd_sc_hd__dfrtp_1)
                                                         net3 (net)
                      0.121343    0.000063    1.158321 ^ output3/A (sky130_fd_sc_hd__buf_2)
     1    0.034174    0.271452    0.367273    1.525594 ^ output3/X (sky130_fd_sc_hd__buf_2)
                                                         count[0] (net)
                      0.271452    0.000260    1.525854 ^ count[0] (out)
                                              1.525854   data arrival time

                                  0.000000    0.000000   clock clk (rise edge)
                                  0.000000    0.000000   clock network delay (propagated)
                                  0.250000    0.250000   clock uncertainty
                                  0.000000    0.250000   clock reconvergence pessimism
                                 -4.000000   -3.750000   output external delay
                                             -3.750000   data required time
---------------------------------------------------------------------------------------------
                                             -3.750000   data required time
                                             -1.525854   data arrival time
---------------------------------------------------------------------------------------------
                                              5.275855   slack (MET)


Startpoint: _44_ (rising edge-triggered flip-flop clocked by clk)
Endpoint: count[1] (output port clocked by clk)
Path Group: clk
Path Type: min

Fanout         Cap        Slew       Delay        Time   Description
---------------------------------------------------------------------------------------------
                                  0.000000    0.000000   clock clk (rise edge)
                                  0.000000    0.000000   clock source latency
     1    0.010450    0.084194    0.054620    0.054620 ^ clk (in)
                                                         clk (net)
                      0.084195    0.000000    0.054620 ^ clkbuf_0_clk/A (sky130_fd_sc_hd__clkbuf_16)
     2    0.017725    0.064589    0.224790    0.279409 ^ clkbuf_0_clk/X (sky130_fd_sc_hd__clkbuf_16)
                                                         clknet_0_clk (net)
                      0.064589    0.000289    0.279698 ^ clkbuf_1_0__f_clk/A (sky130_fd_sc_hd__clkbuf_16)
     4    0.011048    0.056252    0.206438    0.486136 ^ clkbuf_1_0__f_clk/X (sky130_fd_sc_hd__clkbuf_16)
                                                         clknet_1_0__leaf_clk (net)
                      0.056252    0.000107    0.486243 ^ _44_/CLK (sky130_fd_sc_hd__dfrtp_1)
     3    0.006474    0.122140    0.672711    1.158954 ^ _44_/Q (sky130_fd_sc_hd__dfrtp_1)
                                                         net4 (net)
                      0.122140    0.000068    1.159022 ^ output4/A (sky130_fd_sc_hd__buf_2)
     1    0.034100    0.270904    0.367269    1.526292 ^ output4/X (sky130_fd_sc_hd__buf_2)
                                                         count[1] (net)
                      0.270904    0.000243    1.526534 ^ count[1] (out)
                                              1.526534   data arrival time

                                  0.000000    0.000000   clock clk (rise edge)
                                  0.000000    0.000000   clock network delay (propagated)
                                  0.250000    0.250000   clock uncertainty
                                  0.000000    0.250000   clock reconvergence pessimism
                                 -4.000000   -3.750000   output external delay
                                             -3.750000   data required time
---------------------------------------------------------------------------------------------
                                             -3.750000   data required time
                                             -1.526534   data arrival time
---------------------------------------------------------------------------------------------
                                              5.276535   slack (MET)


Startpoint: _38_ (rising edge-triggered flip-flop clocked by clk)
Endpoint: count[3] (output port clocked by clk)
Path Group: clk
Path Type: min

Fanout         Cap        Slew       Delay        Time   Description
---------------------------------------------------------------------------------------------
                                  0.000000    0.000000   clock clk (rise edge)
                                  0.000000    0.000000   clock source latency
     1    0.010450    0.084194    0.054620    0.054620 ^ clk (in)
                                                         clk (net)
                      0.084195    0.000000    0.054620 ^ clkbuf_0_clk/A (sky130_fd_sc_hd__clkbuf_16)
     2    0.017725    0.064589    0.224790    0.279409 ^ clkbuf_0_clk/X (sky130_fd_sc_hd__clkbuf_16)
                                                         clknet_0_clk (net)
                      0.064589    0.000289    0.279698 ^ clkbuf_1_0__f_clk/A (sky130_fd_sc_hd__clkbuf_16)
     4    0.011048    0.056252    0.206438    0.486136 ^ clkbuf_1_0__f_clk/X (sky130_fd_sc_hd__clkbuf_16)
                                                         clknet_1_0__leaf_clk (net)
                      0.056252    0.000080    0.486216 ^ _38_/CLK (sky130_fd_sc_hd__dfrtp_1)
     3    0.006873    0.127058    0.676935    1.163151 ^ _38_/Q (sky130_fd_sc_hd__dfrtp_1)
                                                         net6 (net)
                      0.127058    0.000075    1.163226 ^ output6/A (sky130_fd_sc_hd__buf_2)
     1    0.034244    0.272010    0.370257    1.533483 ^ output6/X (sky130_fd_sc_hd__buf_2)
                                                         count[3] (net)
                      0.272010    0.000362    1.533845 ^ count[3] (out)
                                              1.533845   data arrival time

                                  0.000000    0.000000   clock clk (rise edge)
                                  0.000000    0.000000   clock network delay (propagated)
                                  0.250000    0.250000   clock uncertainty
                                  0.000000    0.250000   clock reconvergence pessimism
                                 -4.000000   -3.750000   output external delay
                                             -3.750000   data required time
---------------------------------------------------------------------------------------------
                                             -3.750000   data required time
                                             -1.533845   data arrival time
---------------------------------------------------------------------------------------------
                                              5.283844   slack (MET)


Startpoint: _41_ (rising edge-triggered flip-flop clocked by clk)
Endpoint: count[6] (output port clocked by clk)
Path Group: clk
Path Type: min

Fanout         Cap        Slew       Delay        Time   Description
---------------------------------------------------------------------------------------------
                                  0.000000    0.000000   clock clk (rise edge)
                                  0.000000    0.000000   clock source latency
     1    0.010450    0.084194    0.054620    0.054620 ^ clk (in)
                                                         clk (net)
                      0.084195    0.000000    0.054620 ^ clkbuf_0_clk/A (sky130_fd_sc_hd__clkbuf_16)
     2    0.017725    0.064589    0.224790    0.279409 ^ clkbuf_0_clk/X (sky130_fd_sc_hd__clkbuf_16)
                                                         clknet_0_clk (net)
                      0.064589    0.000200    0.279610 ^ clkbuf_1_1__f_clk/A (sky130_fd_sc_hd__clkbuf_16)
     4    0.009783    0.054653    0.204639    0.484249 ^ clkbuf_1_1__f_clk/X (sky130_fd_sc_hd__clkbuf_16)
                                                         clknet_1_1__leaf_clk (net)
                      0.054653    0.000069    0.484318 ^ _41_/CLK (sky130_fd_sc_hd__dfrtp_1)
     3    0.007454    0.134144    0.682334    1.166652 ^ _41_/Q (sky130_fd_sc_hd__dfrtp_1)
                                                         net9 (net)
                      0.134144    0.000018    1.166670 ^ output9/A (sky130_fd_sc_hd__buf_2)
     1    0.034169    0.271433    0.373281    1.539951 ^ output9/X (sky130_fd_sc_hd__buf_2)
                                                         count[6] (net)
                      0.271433    0.000220    1.540171 ^ count[6] (out)
                                              1.540171   data arrival time

                                  0.000000    0.000000   clock clk (rise edge)
                                  0.000000    0.000000   clock network delay (propagated)
                                  0.250000    0.250000   clock uncertainty
                                  0.000000    0.250000   clock reconvergence pessimism
                                 -4.000000   -3.750000   output external delay
                                             -3.750000   data required time
---------------------------------------------------------------------------------------------
                                             -3.750000   data required time
                                             -1.540171   data arrival time
---------------------------------------------------------------------------------------------
                                              5.290171   slack (MET)


Startpoint: _45_ (rising edge-triggered flip-flop clocked by clk)
Endpoint: count[2] (output port clocked by clk)
Path Group: clk
Path Type: min

Fanout         Cap        Slew       Delay        Time   Description
---------------------------------------------------------------------------------------------
                                  0.000000    0.000000   clock clk (rise edge)
                                  0.000000    0.000000   clock source latency
     1    0.010450    0.084194    0.054620    0.054620 ^ clk (in)
                                                         clk (net)
                      0.084195    0.000000    0.054620 ^ clkbuf_0_clk/A (sky130_fd_sc_hd__clkbuf_16)
     2    0.017725    0.064589    0.224790    0.279409 ^ clkbuf_0_clk/X (sky130_fd_sc_hd__clkbuf_16)
                                                         clknet_0_clk (net)
                      0.064589    0.000289    0.279698 ^ clkbuf_1_0__f_clk/A (sky130_fd_sc_hd__clkbuf_16)
     4    0.011048    0.056252    0.206438    0.486136 ^ clkbuf_1_0__f_clk/X (sky130_fd_sc_hd__clkbuf_16)
                                                         clknet_1_0__leaf_clk (net)
                      0.056252    0.000094    0.486231 ^ _45_/CLK (sky130_fd_sc_hd__dfrtp_1)
     4    0.009439    0.158657    0.704035    1.190265 ^ _45_/Q (sky130_fd_sc_hd__dfrtp_1)
                                                         net5 (net)
                      0.158657    0.000090    1.190355 ^ output5/A (sky130_fd_sc_hd__buf_2)
     1    0.034019    0.270361    0.383997    1.574353 ^ output5/X (sky130_fd_sc_hd__buf_2)
                                                         count[2] (net)
                      0.270361    0.000200    1.574553 ^ count[2] (out)
                                              1.574553   data arrival time

                                  0.000000    0.000000   clock clk (rise edge)
                                  0.000000    0.000000   clock network delay (propagated)
                                  0.250000    0.250000   clock uncertainty
                                  0.000000    0.250000   clock reconvergence pessimism
                                 -4.000000   -3.750000   output external delay
                                             -3.750000   data required time
---------------------------------------------------------------------------------------------
                                             -3.750000   data required time
                                             -1.574553   data arrival time
---------------------------------------------------------------------------------------------
                                              5.324553   slack (MET)


Startpoint: _40_ (rising edge-triggered flip-flop clocked by clk)
Endpoint: count[5] (output port clocked by clk)
Path Group: clk
Path Type: min

Fanout         Cap        Slew       Delay        Time   Description
---------------------------------------------------------------------------------------------
                                  0.000000    0.000000   clock clk (rise edge)
                                  0.000000    0.000000   clock source latency
     1    0.010450    0.084194    0.054620    0.054620 ^ clk (in)
                                                         clk (net)
                      0.084195    0.000000    0.054620 ^ clkbuf_0_clk/A (sky130_fd_sc_hd__clkbuf_16)
     2    0.017725    0.064589    0.224790    0.279409 ^ clkbuf_0_clk/X (sky130_fd_sc_hd__clkbuf_16)
                                                         clknet_0_clk (net)
                      0.064589    0.000200    0.279610 ^ clkbuf_1_1__f_clk/A (sky130_fd_sc_hd__clkbuf_16)
     4    0.009783    0.054653    0.204639    0.484249 ^ clkbuf_1_1__f_clk/X (sky130_fd_sc_hd__clkbuf_16)
                                                         clknet_1_1__leaf_clk (net)
                      0.054653    0.000056    0.484305 ^ _40_/CLK (sky130_fd_sc_hd__dfrtp_1)
     4    0.010348    0.170051    0.712900    1.197205 ^ _40_/Q (sky130_fd_sc_hd__dfrtp_1)
                                                         net8 (net)
                      0.170051    0.000098    1.197302 ^ output8/A (sky130_fd_sc_hd__buf_2)
     1    0.033940    0.269783    0.388942    1.586244 ^ output8/X (sky130_fd_sc_hd__buf_2)
                                                         count[5] (net)
                      0.269783    0.000167    1.586412 ^ count[5] (out)
                                              1.586412   data arrival time

                                  0.000000    0.000000   clock clk (rise edge)
                                  0.000000    0.000000   clock network delay (propagated)
                                  0.250000    0.250000   clock uncertainty
                                  0.000000    0.250000   clock reconvergence pessimism
                                 -4.000000   -3.750000   output external delay
                                             -3.750000   data required time
---------------------------------------------------------------------------------------------
                                             -3.750000   data required time
                                             -1.586412   data arrival time
---------------------------------------------------------------------------------------------
                                              5.336412   slack (MET)


Startpoint: _39_ (rising edge-triggered flip-flop clocked by clk)
Endpoint: count[4] (output port clocked by clk)
Path Group: clk
Path Type: min

Fanout         Cap        Slew       Delay        Time   Description
---------------------------------------------------------------------------------------------
                                  0.000000    0.000000   clock clk (rise edge)
                                  0.000000    0.000000   clock source latency
     1    0.010450    0.084194    0.054620    0.054620 ^ clk (in)
                                                         clk (net)
                      0.084195    0.000000    0.054620 ^ clkbuf_0_clk/A (sky130_fd_sc_hd__clkbuf_16)
     2    0.017725    0.064589    0.224790    0.279409 ^ clkbuf_0_clk/X (sky130_fd_sc_hd__clkbuf_16)
                                                         clknet_0_clk (net)
                      0.064589    0.000200    0.279610 ^ clkbuf_1_1__f_clk/A (sky130_fd_sc_hd__clkbuf_16)
     4    0.009783    0.054653    0.204639    0.484249 ^ clkbuf_1_1__f_clk/X (sky130_fd_sc_hd__clkbuf_16)
                                                         clknet_1_1__leaf_clk (net)
                      0.054653    0.000060    0.484309 ^ _39_/CLK (sky130_fd_sc_hd__dfrtp_1)
     5    0.012559    0.197933    0.736239    1.220548 ^ _39_/Q (sky130_fd_sc_hd__dfrtp_1)
                                                         net7 (net)
                      0.197933    0.000061    1.220609 ^ output7/A (sky130_fd_sc_hd__buf_2)
     1    0.034093    0.270982    0.402810    1.623419 ^ output7/X (sky130_fd_sc_hd__buf_2)
                                                         count[4] (net)
                      0.270982    0.000203    1.623621 ^ count[4] (out)
                                              1.623621   data arrival time

                                  0.000000    0.000000   clock clk (rise edge)
                                  0.000000    0.000000   clock network delay (propagated)
                                  0.250000    0.250000   clock uncertainty
                                  0.000000    0.250000   clock reconvergence pessimism
                                 -4.000000   -3.750000   output external delay
                                             -3.750000   data required time
---------------------------------------------------------------------------------------------
                                             -3.750000   data required time
                                             -1.623621   data arrival time
---------------------------------------------------------------------------------------------
                                              5.373621   slack (MET)



