
==========================================================================
detailed place report_tns
--------------------------------------------------------------------------
tns max 0.00

==========================================================================
detailed place report_wns
--------------------------------------------------------------------------
wns max 0.00

==========================================================================
detailed place report_worst_slack
--------------------------------------------------------------------------
worst slack max 8.07

==========================================================================
detailed place report_clock_min_period
--------------------------------------------------------------------------
clk period_min = 11.93 fmax = 83.79

==========================================================================
detailed place report_checks -path_delay min
--------------------------------------------------------------------------
Startpoint: st[15]$_DFF_PN0_ (rising edge-triggered flip-flop clocked by clk)
Endpoint: done$_DFF_PN0_ (rising edge-triggered flip-flop clocked by clk)
Path Group: clk
Path Type: min

Fanout     Cap    Slew   Delay    Time   Description
-----------------------------------------------------------------------------
                  0.00    0.00    0.00   clock clk (rise edge)
                          0.00    0.00   clock network delay (ideal)
                  0.00    0.00    0.00 ^ st[15]$_DFF_PN0_/CLK (sky130_fd_sc_hd__dfrtp_1)
     2    0.01    0.08    0.33    0.33 ^ st[15]$_DFF_PN0_/Q (sky130_fd_sc_hd__dfrtp_1)
                                         st[15] (net)
                  0.08    0.00    0.33 ^ done$_DFF_PN0_/D (sky130_fd_sc_hd__dfrtp_1)
                                  0.33   data arrival time

                  0.00    0.00    0.00   clock clk (rise edge)
                          0.00    0.00   clock network delay (ideal)
                          0.25    0.25   clock uncertainty
                          0.00    0.25   clock reconvergence pessimism
                                  0.25 ^ done$_DFF_PN0_/CLK (sky130_fd_sc_hd__dfrtp_1)
                         -0.05    0.20   library hold time
                                  0.20   data required time
-----------------------------------------------------------------------------
                                  0.20   data required time
                                 -0.33   data arrival time
-----------------------------------------------------------------------------
                                  0.13   slack (MET)



==========================================================================
detailed place report_checks -path_delay max
--------------------------------------------------------------------------
Startpoint: product_q[8]$_DFFE_PN0P_
            (rising edge-triggered flip-flop clocked by clk)
Endpoint: mul_reduced_q[1]$_DFFE_PN0P_
          (rising edge-triggered flip-flop clocked by clk)
Path Group: clk
Path Type: max

Fanout     Cap    Slew   Delay    Time   Description
-----------------------------------------------------------------------------
                  0.00    0.00    0.00   clock clk (rise edge)
                          0.00    0.00   clock network delay (ideal)
                  0.00    0.00    0.00 ^ product_q[8]$_DFFE_PN0P_/CLK (sky130_fd_sc_hd__dfrtp_1)
     8    0.06    0.49    0.63    0.63 ^ product_q[8]$_DFFE_PN0P_/Q (sky130_fd_sc_hd__dfrtp_1)
                                         g_b1.u_red.a[8] (net)
                  0.49    0.00    0.63 ^ _18237_/B (sky130_fd_sc_hd__fa_1)
     2    0.01    0.11    0.54    1.17 v _18237_/SUM (sky130_fd_sc_hd__fa_1)
                                         _08946_ (net)
                  0.11    0.00    1.17 v _18158_/CIN (sky130_fd_sc_hd__fa_1)
     1    0.01    0.11    0.54    1.71 ^ _18158_/SUM (sky130_fd_sc_hd__fa_1)
                                         _08918_ (net)
                  0.11    0.00    1.71 ^ _18150_/CIN (sky130_fd_sc_hd__fa_1)
     1    0.01    0.09    0.44    2.15 v _18150_/SUM (sky130_fd_sc_hd__fa_1)
                                         _08920_ (net)
                  0.09    0.00    2.15 v _18251_/CIN (sky130_fd_sc_hd__fa_1)
     1    0.01    0.09    0.52    2.67 ^ _18251_/SUM (sky130_fd_sc_hd__fa_1)
                                         _09035_ (net)
                  0.09    0.00    2.67 ^ _18183_/B (sky130_fd_sc_hd__fa_1)
     1    0.01    0.09    0.43    3.10 v _18183_/SUM (sky130_fd_sc_hd__fa_1)
                                         _09038_ (net)
                  0.09    0.00    3.10 v _18654_/B (sky130_fd_sc_hd__ha_1)
     2    0.01    0.07    0.30    3.41 v _18654_/SUM (sky130_fd_sc_hd__ha_1)
                                         _00560_ (net)
                  0.07    0.00    3.41 v _09707_/A1 (sky130_fd_sc_hd__a211oi_1)
     2    0.01    0.39    0.37    3.77 ^ _09707_/Y (sky130_fd_sc_hd__a211oi_1)
                                         _03582_ (net)
                  0.39    0.00    3.77 ^ _09709_/B1 (sky130_fd_sc_hd__o211ai_1)
     2    0.02    0.21    0.27    4.04 v _09709_/Y (sky130_fd_sc_hd__o211ai_1)
                                         _03584_ (net)
                  0.21    0.00    4.04 v _09714_/A1 (sky130_fd_sc_hd__a221oi_1)
     2    0.01    0.45    0.49    4.53 ^ _09714_/Y (sky130_fd_sc_hd__a221oi_1)
                                         _03589_ (net)
                  0.45    0.00    4.53 ^ _09816_/A1 (sky130_fd_sc_hd__o21bai_1)
     1    0.00    0.08    0.13    4.67 v _09816_/Y (sky130_fd_sc_hd__o21bai_1)
                                         _03640_ (net)
                  0.08    0.00    4.67 v _09825_/A4 (sky130_fd_sc_hd__a41oi_1)
     1    0.01    0.22    0.27    4.94 ^ _09825_/Y (sky130_fd_sc_hd__a41oi_1)
                                         _03649_ (net)
                  0.22    0.00    4.94 ^ _09826_/B (sky130_fd_sc_hd__xnor2_1)
     1    0.00    0.06    0.10    5.03 v _09826_/Y (sky130_fd_sc_hd__xnor2_1)
                                         g_b1.u_red.prod[24] (net)
                  0.06    0.00    5.03 v place472/A (sky130_fd_sc_hd__buf_4)
     5    0.04    0.07    0.18    5.21 v place472/X (sky130_fd_sc_hd__buf_4)
                                         net471 (net)
                  0.07    0.01    5.22 v _18199_/A (sky130_fd_sc_hd__fa_1)
     2    0.01    0.09    0.56    5.78 ^ _18199_/SUM (sky130_fd_sc_hd__fa_1)
                                         _00096_ (net)
                  0.09    0.00    5.78 ^ _17275_/A (sky130_fd_sc_hd__inv_1)
     2    0.01    0.06    0.08    5.86 v _17275_/Y (sky130_fd_sc_hd__inv_1)
                                         _00117_ (net)
                  0.06    0.00    5.86 v _18224_/A (sky130_fd_sc_hd__fa_1)
     2    0.01    0.09    0.56    6.42 ^ _18224_/SUM (sky130_fd_sc_hd__fa_1)
                                         _00119_ (net)
                  0.09    0.00    6.42 ^ _09744_/A (sky130_fd_sc_hd__inv_1)
     1    0.00    0.03    0.05    6.47 v _09744_/Y (sky130_fd_sc_hd__inv_1)
                                         _00718_ (net)
                  0.03    0.00    6.47 v _18779_/B (sky130_fd_sc_hd__ha_1)
     2    0.01    0.07    0.28    6.75 v _18779_/SUM (sky130_fd_sc_hd__ha_1)
                                         _00675_ (net)
                  0.07    0.00    6.75 v _18740_/B (sky130_fd_sc_hd__ha_1)
     2    0.01    0.07    0.30    7.06 v _18740_/SUM (sky130_fd_sc_hd__ha_1)
                                         _00402_ (net)
                  0.07    0.00    7.06 v _18547_/B (sky130_fd_sc_hd__ha_1)
     1    0.00    0.05    0.29    7.34 ^ _18547_/SUM (sky130_fd_sc_hd__ha_1)
                                         _00403_ (net)
                  0.05    0.00    7.34 ^ _10287_/A (sky130_fd_sc_hd__inv_1)
     1    0.00    0.03    0.04    7.39 v _10287_/Y (sky130_fd_sc_hd__inv_1)
                                         _00356_ (net)
                  0.03    0.00    7.39 v _18519_/B (sky130_fd_sc_hd__ha_1)
     3    0.01    0.06    0.19    7.58 v _18519_/COUT (sky130_fd_sc_hd__ha_1)
                                         _00357_ (net)
                  0.06    0.00    7.58 v _09757_/B (sky130_fd_sc_hd__or2_2)
     1    0.01    0.06    0.28    7.86 v _09757_/X (sky130_fd_sc_hd__or2_2)
                                         _00121_ (net)
                  0.06    0.00    7.86 v _18226_/CIN (sky130_fd_sc_hd__fa_1)
     3    0.01    0.12    0.43    8.29 v _18226_/COUT (sky130_fd_sc_hd__fa_1)
                                         _00122_ (net)
                  0.12    0.00    8.29 v _16899_/A2 (sky130_fd_sc_hd__a211oi_1)
     2    0.01    0.34    0.38    8.67 ^ _16899_/Y (sky130_fd_sc_hd__a211oi_1)
                                         _02687_ (net)
                  0.34    0.00    8.67 ^ _16901_/A2 (sky130_fd_sc_hd__o21bai_1)
     2    0.01    0.11    0.16    8.82 v _16901_/Y (sky130_fd_sc_hd__o21bai_1)
                                         _02689_ (net)
                  0.11    0.00    8.82 v _16982_/A1 (sky130_fd_sc_hd__a21o_1)
     6    0.02    0.12    0.26    9.08 v _16982_/X (sky130_fd_sc_hd__a21o_1)
                                         _02770_ (net)
                  0.12    0.00    9.08 v _16986_/A3 (sky130_fd_sc_hd__o31ai_1)
     2    0.01    0.40    0.38    9.46 ^ _16986_/Y (sky130_fd_sc_hd__o31ai_1)
                                         _02774_ (net)
                  0.40    0.00    9.46 ^ _17021_/B (sky130_fd_sc_hd__xnor2_1)
     2    0.01    0.09    0.14    9.60 v _17021_/Y (sky130_fd_sc_hd__xnor2_1)
                                         _02809_ (net)
                  0.09    0.00    9.61 v _17060_/A (sky130_fd_sc_hd__nor4_1)
     1    0.00    0.27    0.32    9.93 ^ _17060_/Y (sky130_fd_sc_hd__nor4_1)
                                         _02848_ (net)
                  0.27    0.00    9.93 ^ _17072_/C (sky130_fd_sc_hd__nand4b_1)
     6    0.02    0.29    0.31   10.23 v _17072_/Y (sky130_fd_sc_hd__nand4b_1)
                                         _02860_ (net)
                  0.29    0.00   10.23 v _17073_/C (sky130_fd_sc_hd__nor3_1)
    11    0.03    0.94    0.81   11.04 ^ _17073_/Y (sky130_fd_sc_hd__nor3_1)
                                         _02861_ (net)
                  0.94    0.00   11.04 ^ _17131_/S (sky130_fd_sc_hd__mux2_2)
     1    0.00    0.05    0.42   11.46 v _17131_/X (sky130_fd_sc_hd__mux2_2)
                                         _02910_ (net)
                  0.05    0.00   11.46 v _17133_/A2 (sky130_fd_sc_hd__a21oi_1)
     1    0.00    0.11    0.14   11.60 ^ _17133_/Y (sky130_fd_sc_hd__a21oi_1)
                                         _00848_ (net)
                  0.11    0.00   11.60 ^ mul_reduced_q[1]$_DFFE_PN0P_/D (sky130_fd_sc_hd__dfrtp_1)
                                 11.60   data arrival time

                  0.00   20.00   20.00   clock clk (rise edge)
                          0.00   20.00   clock network delay (ideal)
                         -0.25   19.75   clock uncertainty
                          0.00   19.75   clock reconvergence pessimism
                                 19.75 ^ mul_reduced_q[1]$_DFFE_PN0P_/CLK (sky130_fd_sc_hd__dfrtp_1)
                         -0.08   19.67   library setup time
                                 19.67   data required time
-----------------------------------------------------------------------------
                                 19.67   data required time
                                -11.60   data arrival time
-----------------------------------------------------------------------------
                                  8.07   slack (MET)



==========================================================================
detailed place report_checks -unconstrained
--------------------------------------------------------------------------
Startpoint: product_q[8]$_DFFE_PN0P_
            (rising edge-triggered flip-flop clocked by clk)
Endpoint: mul_reduced_q[1]$_DFFE_PN0P_
          (rising edge-triggered flip-flop clocked by clk)
Path Group: clk
Path Type: max

Fanout     Cap    Slew   Delay    Time   Description
-----------------------------------------------------------------------------
                  0.00    0.00    0.00   clock clk (rise edge)
                          0.00    0.00   clock network delay (ideal)
                  0.00    0.00    0.00 ^ product_q[8]$_DFFE_PN0P_/CLK (sky130_fd_sc_hd__dfrtp_1)
     8    0.06    0.49    0.63    0.63 ^ product_q[8]$_DFFE_PN0P_/Q (sky130_fd_sc_hd__dfrtp_1)
                                         g_b1.u_red.a[8] (net)
                  0.49    0.00    0.63 ^ _18237_/B (sky130_fd_sc_hd__fa_1)
     2    0.01    0.11    0.54    1.17 v _18237_/SUM (sky130_fd_sc_hd__fa_1)
                                         _08946_ (net)
                  0.11    0.00    1.17 v _18158_/CIN (sky130_fd_sc_hd__fa_1)
     1    0.01    0.11    0.54    1.71 ^ _18158_/SUM (sky130_fd_sc_hd__fa_1)
                                         _08918_ (net)
                  0.11    0.00    1.71 ^ _18150_/CIN (sky130_fd_sc_hd__fa_1)
     1    0.01    0.09    0.44    2.15 v _18150_/SUM (sky130_fd_sc_hd__fa_1)
                                         _08920_ (net)
                  0.09    0.00    2.15 v _18251_/CIN (sky130_fd_sc_hd__fa_1)
     1    0.01    0.09    0.52    2.67 ^ _18251_/SUM (sky130_fd_sc_hd__fa_1)
                                         _09035_ (net)
                  0.09    0.00    2.67 ^ _18183_/B (sky130_fd_sc_hd__fa_1)
     1    0.01    0.09    0.43    3.10 v _18183_/SUM (sky130_fd_sc_hd__fa_1)
                                         _09038_ (net)
                  0.09    0.00    3.10 v _18654_/B (sky130_fd_sc_hd__ha_1)
     2    0.01    0.07    0.30    3.41 v _18654_/SUM (sky130_fd_sc_hd__ha_1)
                                         _00560_ (net)
                  0.07    0.00    3.41 v _09707_/A1 (sky130_fd_sc_hd__a211oi_1)
     2    0.01    0.39    0.37    3.77 ^ _09707_/Y (sky130_fd_sc_hd__a211oi_1)
                                         _03582_ (net)
                  0.39    0.00    3.77 ^ _09709_/B1 (sky130_fd_sc_hd__o211ai_1)
     2    0.02    0.21    0.27    4.04 v _09709_/Y (sky130_fd_sc_hd__o211ai_1)
                                         _03584_ (net)
                  0.21    0.00    4.04 v _09714_/A1 (sky130_fd_sc_hd__a221oi_1)
     2    0.01    0.45    0.49    4.53 ^ _09714_/Y (sky130_fd_sc_hd__a221oi_1)
                                         _03589_ (net)
                  0.45    0.00    4.53 ^ _09816_/A1 (sky130_fd_sc_hd__o21bai_1)
     1    0.00    0.08    0.13    4.67 v _09816_/Y (sky130_fd_sc_hd__o21bai_1)
                                         _03640_ (net)
                  0.08    0.00    4.67 v _09825_/A4 (sky130_fd_sc_hd__a41oi_1)
     1    0.01    0.22    0.27    4.94 ^ _09825_/Y (sky130_fd_sc_hd__a41oi_1)
                                         _03649_ (net)
                  0.22    0.00    4.94 ^ _09826_/B (sky130_fd_sc_hd__xnor2_1)
     1    0.00    0.06    0.10    5.03 v _09826_/Y (sky130_fd_sc_hd__xnor2_1)
                                         g_b1.u_red.prod[24] (net)
                  0.06    0.00    5.03 v place472/A (sky130_fd_sc_hd__buf_4)
     5    0.04    0.07    0.18    5.21 v place472/X (sky130_fd_sc_hd__buf_4)
                                         net471 (net)
                  0.07    0.01    5.22 v _18199_/A (sky130_fd_sc_hd__fa_1)
     2    0.01    0.09    0.56    5.78 ^ _18199_/SUM (sky130_fd_sc_hd__fa_1)
                                         _00096_ (net)
                  0.09    0.00    5.78 ^ _17275_/A (sky130_fd_sc_hd__inv_1)
     2    0.01    0.06    0.08    5.86 v _17275_/Y (sky130_fd_sc_hd__inv_1)
                                         _00117_ (net)
                  0.06    0.00    5.86 v _18224_/A (sky130_fd_sc_hd__fa_1)
     2    0.01    0.09    0.56    6.42 ^ _18224_/SUM (sky130_fd_sc_hd__fa_1)
                                         _00119_ (net)
                  0.09    0.00    6.42 ^ _09744_/A (sky130_fd_sc_hd__inv_1)
     1    0.00    0.03    0.05    6.47 v _09744_/Y (sky130_fd_sc_hd__inv_1)
                                         _00718_ (net)
                  0.03    0.00    6.47 v _18779_/B (sky130_fd_sc_hd__ha_1)
     2    0.01    0.07    0.28    6.75 v _18779_/SUM (sky130_fd_sc_hd__ha_1)
                                         _00675_ (net)
                  0.07    0.00    6.75 v _18740_/B (sky130_fd_sc_hd__ha_1)
     2    0.01    0.07    0.30    7.06 v _18740_/SUM (sky130_fd_sc_hd__ha_1)
                                         _00402_ (net)
                  0.07    0.00    7.06 v _18547_/B (sky130_fd_sc_hd__ha_1)
     1    0.00    0.05    0.29    7.34 ^ _18547_/SUM (sky130_fd_sc_hd__ha_1)
                                         _00403_ (net)
                  0.05    0.00    7.34 ^ _10287_/A (sky130_fd_sc_hd__inv_1)
     1    0.00    0.03    0.04    7.39 v _10287_/Y (sky130_fd_sc_hd__inv_1)
                                         _00356_ (net)
                  0.03    0.00    7.39 v _18519_/B (sky130_fd_sc_hd__ha_1)
     3    0.01    0.06    0.19    7.58 v _18519_/COUT (sky130_fd_sc_hd__ha_1)
                                         _00357_ (net)
                  0.06    0.00    7.58 v _09757_/B (sky130_fd_sc_hd__or2_2)
     1    0.01    0.06    0.28    7.86 v _09757_/X (sky130_fd_sc_hd__or2_2)
                                         _00121_ (net)
                  0.06    0.00    7.86 v _18226_/CIN (sky130_fd_sc_hd__fa_1)
     3    0.01    0.12    0.43    8.29 v _18226_/COUT (sky130_fd_sc_hd__fa_1)
                                         _00122_ (net)
                  0.12    0.00    8.29 v _16899_/A2 (sky130_fd_sc_hd__a211oi_1)
     2    0.01    0.34    0.38    8.67 ^ _16899_/Y (sky130_fd_sc_hd__a211oi_1)
                                         _02687_ (net)
                  0.34    0.00    8.67 ^ _16901_/A2 (sky130_fd_sc_hd__o21bai_1)
     2    0.01    0.11    0.16    8.82 v _16901_/Y (sky130_fd_sc_hd__o21bai_1)
                                         _02689_ (net)
                  0.11    0.00    8.82 v _16982_/A1 (sky130_fd_sc_hd__a21o_1)
     6    0.02    0.12    0.26    9.08 v _16982_/X (sky130_fd_sc_hd__a21o_1)
                                         _02770_ (net)
                  0.12    0.00    9.08 v _16986_/A3 (sky130_fd_sc_hd__o31ai_1)
     2    0.01    0.40    0.38    9.46 ^ _16986_/Y (sky130_fd_sc_hd__o31ai_1)
                                         _02774_ (net)
                  0.40    0.00    9.46 ^ _17021_/B (sky130_fd_sc_hd__xnor2_1)
     2    0.01    0.09    0.14    9.60 v _17021_/Y (sky130_fd_sc_hd__xnor2_1)
                                         _02809_ (net)
                  0.09    0.00    9.61 v _17060_/A (sky130_fd_sc_hd__nor4_1)
     1    0.00    0.27    0.32    9.93 ^ _17060_/Y (sky130_fd_sc_hd__nor4_1)
                                         _02848_ (net)
                  0.27    0.00    9.93 ^ _17072_/C (sky130_fd_sc_hd__nand4b_1)
     6    0.02    0.29    0.31   10.23 v _17072_/Y (sky130_fd_sc_hd__nand4b_1)
                                         _02860_ (net)
                  0.29    0.00   10.23 v _17073_/C (sky130_fd_sc_hd__nor3_1)
    11    0.03    0.94    0.81   11.04 ^ _17073_/Y (sky130_fd_sc_hd__nor3_1)
                                         _02861_ (net)
                  0.94    0.00   11.04 ^ _17131_/S (sky130_fd_sc_hd__mux2_2)
     1    0.00    0.05    0.42   11.46 v _17131_/X (sky130_fd_sc_hd__mux2_2)
                                         _02910_ (net)
                  0.05    0.00   11.46 v _17133_/A2 (sky130_fd_sc_hd__a21oi_1)
     1    0.00    0.11    0.14   11.60 ^ _17133_/Y (sky130_fd_sc_hd__a21oi_1)
                                         _00848_ (net)
                  0.11    0.00   11.60 ^ mul_reduced_q[1]$_DFFE_PN0P_/D (sky130_fd_sc_hd__dfrtp_1)
                                 11.60   data arrival time

                  0.00   20.00   20.00   clock clk (rise edge)
                          0.00   20.00   clock network delay (ideal)
                         -0.25   19.75   clock uncertainty
                          0.00   19.75   clock reconvergence pessimism
                                 19.75 ^ mul_reduced_q[1]$_DFFE_PN0P_/CLK (sky130_fd_sc_hd__dfrtp_1)
                         -0.08   19.67   library setup time
                                 19.67   data required time
-----------------------------------------------------------------------------
                                 19.67   data required time
                                -11.60   data arrival time
-----------------------------------------------------------------------------
                                  8.07   slack (MET)



==========================================================================
detailed place report_check_types -max_slew -max_cap -max_fanout -violators
--------------------------------------------------------------------------
max slew

Pin                                    Limit    Slew   Slack
------------------------------------------------------------
_17458_/Y                               1.49    1.51   -0.02 (VIOLATED)
u_coeff_ram.mem[61][1]$_DFFE_PP_/DE     1.50    1.51   -0.01 (VIOLATED)
u_coeff_ram.mem[61][5]$_DFFE_PP_/DE     1.50    1.51   -0.01 (VIOLATED)
u_coeff_ram.mem[61][0]$_DFFE_PP_/DE     1.50    1.51   -0.01 (VIOLATED)
u_coeff_ram.mem[61][7]$_DFFE_PP_/DE     1.50    1.51   -0.01 (VIOLATED)
u_coeff_ram.mem[61][3]$_DFFE_PP_/DE     1.50    1.51   -0.01 (VIOLATED)
u_coeff_ram.mem[61][11]$_DFFE_PP_/DE    1.50    1.51   -0.01 (VIOLATED)
u_coeff_ram.mem[61][6]$_DFFE_PP_/DE     1.50    1.51   -0.01 (VIOLATED)
u_coeff_ram.mem[61][9]$_DFFE_PP_/DE     1.50    1.51   -0.01 (VIOLATED)
u_coeff_ram.mem[61][4]$_DFFE_PP_/DE     1.50    1.51   -0.01 (VIOLATED)
u_coeff_ram.mem[61][2]$_DFFE_PP_/DE     1.50    1.51   -0.01 (VIOLATED)
u_coeff_ram.mem[61][10]$_DFFE_PP_/DE    1.50    1.51   -0.01 (VIOLATED)
u_coeff_ram.mem[61][8]$_DFFE_PP_/DE     1.50    1.51   -0.01 (VIOLATED)
_17335_/Y                               1.49    1.50   -0.01 (VIOLATED)
u_coeff_ram.mem[135][2]$_DFFE_PP_/DE    1.50    1.50   -0.00 (VIOLATED)
u_coeff_ram.mem[135][9]$_DFFE_PP_/DE    1.50    1.50   -0.00 (VIOLATED)
u_coeff_ram.mem[135][8]$_DFFE_PP_/DE    1.50    1.50   -0.00 (VIOLATED)
u_coeff_ram.mem[135][10]$_DFFE_PP_/DE    1.50    1.50   -0.00 (VIOLATED)
u_coeff_ram.mem[135][4]$_DFFE_PP_/DE    1.50    1.50   -0.00 (VIOLATED)
u_coeff_ram.mem[135][7]$_DFFE_PP_/DE    1.50    1.50   -0.00 (VIOLATED)
u_coeff_ram.mem[135][0]$_DFFE_PP_/DE    1.50    1.50   -0.00 (VIOLATED)
u_coeff_ram.mem[135][5]$_DFFE_PP_/DE    1.50    1.50   -0.00 (VIOLATED)
u_coeff_ram.mem[135][1]$_DFFE_PP_/DE    1.50    1.50   -0.00 (VIOLATED)
u_coeff_ram.mem[135][3]$_DFFE_PP_/DE    1.50    1.50   -0.00 (VIOLATED)
u_coeff_ram.mem[135][11]$_DFFE_PP_/DE    1.50    1.50   -0.00 (VIOLATED)
u_coeff_ram.mem[135][6]$_DFFE_PP_/DE    1.50    1.50   -0.00 (VIOLATED)

max capacitance

Pin                                    Limit     Cap   Slack
------------------------------------------------------------
_17458_/Y                               0.09    0.09   -0.00 (VIOLATED)

_17335_/Y                               0.09    0.09   -0.00 (VIOLATED)


==========================================================================
detailed place max_slew_check_slack
--------------------------------------------------------------------------
-0.018831493332982063

==========================================================================
detailed place max_slew_check_limit
--------------------------------------------------------------------------
1.4944789409637451

==========================================================================
detailed place max_slew_check_slack_limit
--------------------------------------------------------------------------
-0.0126

==========================================================================
detailed place max_fanout_check_slack
--------------------------------------------------------------------------
1.0000000150474662e+30

==========================================================================
detailed place max_fanout_check_limit
--------------------------------------------------------------------------
1.0000000150474662e+30

==========================================================================
detailed place max_capacitance_check_slack
--------------------------------------------------------------------------
-0.0023994343355298042

==========================================================================
detailed place max_capacitance_check_limit
--------------------------------------------------------------------------
0.0860700011253357

==========================================================================
detailed place max_capacitance_check_slack_limit
--------------------------------------------------------------------------
-0.0279

==========================================================================
detailed place max_slew_violation_count
--------------------------------------------------------------------------
max slew violation count 26

==========================================================================
detailed place max_fanout_violation_count
--------------------------------------------------------------------------
max fanout violation count 0

==========================================================================
detailed place max_cap_violation_count
--------------------------------------------------------------------------
max cap violation count 2

==========================================================================
detailed place setup_violation_count
--------------------------------------------------------------------------
setup violation count 0

==========================================================================
detailed place hold_violation_count
--------------------------------------------------------------------------
hold violation count 0

==========================================================================
detailed place report_checks -path_delay max reg to reg
--------------------------------------------------------------------------
Startpoint: product_q[8]$_DFFE_PN0P_
            (rising edge-triggered flip-flop clocked by clk)
Endpoint: mul_reduced_q[1]$_DFFE_PN0P_
          (rising edge-triggered flip-flop clocked by clk)
Path Group: clk
Path Type: max

  Delay    Time   Description
---------------------------------------------------------
   0.00    0.00   clock clk (rise edge)
   0.00    0.00   clock network delay (ideal)
   0.00    0.00 ^ product_q[8]$_DFFE_PN0P_/CLK (sky130_fd_sc_hd__dfrtp_1)
   0.63    0.63 ^ product_q[8]$_DFFE_PN0P_/Q (sky130_fd_sc_hd__dfrtp_1)
   0.54    1.17 v _18237_/SUM (sky130_fd_sc_hd__fa_1)
   0.54    1.71 ^ _18158_/SUM (sky130_fd_sc_hd__fa_1)
   0.44    2.15 v _18150_/SUM (sky130_fd_sc_hd__fa_1)
   0.52    2.67 ^ _18251_/SUM (sky130_fd_sc_hd__fa_1)
   0.44    3.10 v _18183_/SUM (sky130_fd_sc_hd__fa_1)
   0.30    3.41 v _18654_/SUM (sky130_fd_sc_hd__ha_1)
   0.37    3.77 ^ _09707_/Y (sky130_fd_sc_hd__a211oi_1)
   0.27    4.04 v _09709_/Y (sky130_fd_sc_hd__o211ai_1)
   0.49    4.53 ^ _09714_/Y (sky130_fd_sc_hd__a221oi_1)
   0.13    4.67 v _09816_/Y (sky130_fd_sc_hd__o21bai_1)
   0.27    4.94 ^ _09825_/Y (sky130_fd_sc_hd__a41oi_1)
   0.10    5.03 v _09826_/Y (sky130_fd_sc_hd__xnor2_1)
   0.18    5.21 v place472/X (sky130_fd_sc_hd__buf_4)
   0.57    5.78 ^ _18199_/SUM (sky130_fd_sc_hd__fa_1)
   0.08    5.86 v _17275_/Y (sky130_fd_sc_hd__inv_1)
   0.56    6.42 ^ _18224_/SUM (sky130_fd_sc_hd__fa_1)
   0.05    6.47 v _09744_/Y (sky130_fd_sc_hd__inv_1)
   0.28    6.75 v _18779_/SUM (sky130_fd_sc_hd__ha_1)
   0.30    7.06 v _18740_/SUM (sky130_fd_sc_hd__ha_1)
   0.29    7.34 ^ _18547_/SUM (sky130_fd_sc_hd__ha_1)
   0.04    7.39 v _10287_/Y (sky130_fd_sc_hd__inv_1)
   0.19    7.58 v _18519_/COUT (sky130_fd_sc_hd__ha_1)
   0.28    7.86 v _09757_/X (sky130_fd_sc_hd__or2_2)
   0.43    8.29 v _18226_/COUT (sky130_fd_sc_hd__fa_1)
   0.38    8.67 ^ _16899_/Y (sky130_fd_sc_hd__a211oi_1)
   0.16    8.82 v _16901_/Y (sky130_fd_sc_hd__o21bai_1)
   0.26    9.08 v _16982_/X (sky130_fd_sc_hd__a21o_1)
   0.38    9.46 ^ _16986_/Y (sky130_fd_sc_hd__o31ai_1)
   0.14    9.60 v _17021_/Y (sky130_fd_sc_hd__xnor2_1)
   0.32    9.93 ^ _17060_/Y (sky130_fd_sc_hd__nor4_1)
   0.31   10.23 v _17072_/Y (sky130_fd_sc_hd__nand4b_1)
   0.81   11.04 ^ _17073_/Y (sky130_fd_sc_hd__nor3_1)
   0.42   11.46 v _17131_/X (sky130_fd_sc_hd__mux2_2)
   0.14   11.60 ^ _17133_/Y (sky130_fd_sc_hd__a21oi_1)
   0.00   11.60 ^ mul_reduced_q[1]$_DFFE_PN0P_/D (sky130_fd_sc_hd__dfrtp_1)
          11.60   data arrival time

  20.00   20.00   clock clk (rise edge)
   0.00   20.00   clock network delay (ideal)
  -0.25   19.75   clock uncertainty
   0.00   19.75   clock reconvergence pessimism
          19.75 ^ mul_reduced_q[1]$_DFFE_PN0P_/CLK (sky130_fd_sc_hd__dfrtp_1)
  -0.08   19.67   library setup time
          19.67   data required time
---------------------------------------------------------
          19.67   data required time
         -11.60   data arrival time
---------------------------------------------------------
           8.07   slack (MET)



==========================================================================
detailed place report_checks -path_delay min reg to reg
--------------------------------------------------------------------------
Startpoint: st[15]$_DFF_PN0_ (rising edge-triggered flip-flop clocked by clk)
Endpoint: done$_DFF_PN0_ (rising edge-triggered flip-flop clocked by clk)
Path Group: clk
Path Type: min

  Delay    Time   Description
---------------------------------------------------------
   0.00    0.00   clock clk (rise edge)
   0.00    0.00   clock network delay (ideal)
   0.00    0.00 ^ st[15]$_DFF_PN0_/CLK (sky130_fd_sc_hd__dfrtp_1)
   0.33    0.33 ^ st[15]$_DFF_PN0_/Q (sky130_fd_sc_hd__dfrtp_1)
   0.00    0.33 ^ done$_DFF_PN0_/D (sky130_fd_sc_hd__dfrtp_1)
           0.33   data arrival time

   0.00    0.00   clock clk (rise edge)
   0.00    0.00   clock network delay (ideal)
   0.25    0.25   clock uncertainty
   0.00    0.25   clock reconvergence pessimism
           0.25 ^ done$_DFF_PN0_/CLK (sky130_fd_sc_hd__dfrtp_1)
  -0.05    0.20   library hold time
           0.20   data required time
---------------------------------------------------------
           0.20   data required time
          -0.33   data arrival time
---------------------------------------------------------
           0.13   slack (MET)



==========================================================================
detailed place critical path target clock latency max path
--------------------------------------------------------------------------
0.0000

==========================================================================
detailed place critical path target clock latency min path
--------------------------------------------------------------------------
0.0000

==========================================================================
detailed place critical path source clock latency min path
--------------------------------------------------------------------------
0.0000

==========================================================================
detailed place critical path delay
--------------------------------------------------------------------------
11.6030

==========================================================================
detailed place critical path slack
--------------------------------------------------------------------------
8.0652

==========================================================================
detailed place slack div critical path delay
--------------------------------------------------------------------------
69.509610

==========================================================================
detailed place report_power
--------------------------------------------------------------------------
Group                  Internal  Switching    Leakage      Total
                          Power      Power      Power      Power (Watts)
----------------------------------------------------------------
Sequential             8.47e-03   3.68e-04   3.00e-08   8.84e-03   8.8%
Combinational          3.60e-02   5.51e-02   2.73e-08   9.11e-02  91.2%
Clock                  0.00e+00   0.00e+00   0.00e+00   0.00e+00   0.0%
Macro                  0.00e+00   0.00e+00   0.00e+00   0.00e+00   0.0%
Pad                    0.00e+00   0.00e+00   0.00e+00   0.00e+00   0.0%
----------------------------------------------------------------
Total                  4.45e-02   5.54e-02   5.73e-08   9.99e-02 100.0%
                          44.5%      55.5%       0.0%
