
==========================================================================
cts final report_tns
--------------------------------------------------------------------------
tns max 0.00

==========================================================================
cts final report_wns
--------------------------------------------------------------------------
wns max 0.00

==========================================================================
cts final report_worst_slack
--------------------------------------------------------------------------
worst slack max 8.04

==========================================================================
cts final report_clock_min_period
--------------------------------------------------------------------------
clk period_min = 11.96 fmax = 83.64

==========================================================================
cts final report_clock_skew
--------------------------------------------------------------------------
Clock clk
   1.02 source latency j[7]$_DFFE_PN0P_/CLK ^
  -0.95 target latency u_coeff_ram.mem[219][6]$_DFFE_PP_/CLK ^
   0.25 clock uncertainty
   0.00 CRPR
--------------
   0.32 setup skew


==========================================================================
cts final report_checks -path_delay min
--------------------------------------------------------------------------
Startpoint: st[15]$_DFF_PN0_ (rising edge-triggered flip-flop clocked by clk)
Endpoint: done$_DFF_PN0_ (rising edge-triggered flip-flop clocked by clk)
Path Group: clk
Path Type: min

Fanout     Cap    Slew   Delay    Time   Description
-----------------------------------------------------------------------------
                          0.00    0.00   clock clk (rise edge)
                          0.00    0.00   clock source latency
     1    0.12    0.00    0.00    0.00 ^ clk (in)
                                         clk (net)
                  0.01    0.00    0.00 ^ clkbuf_0_clk/A (sky130_fd_sc_hd__clkbuf_16)
     4    0.19    0.20    0.23    0.23 ^ clkbuf_0_clk/X (sky130_fd_sc_hd__clkbuf_16)
                                         clknet_0_clk (net)
                  0.20    0.00    0.24 ^ clkbuf_2_2_0_clk/A (sky130_fd_sc_hd__clkbuf_16)
     8    0.17    0.18    0.29    0.53 ^ clkbuf_2_2_0_clk/X (sky130_fd_sc_hd__clkbuf_16)
                                         clknet_2_2_0_clk (net)
                  0.18    0.00    0.53 ^ clkbuf_5_23__f_clk/A (sky130_fd_sc_hd__clkbuf_16)
    10    0.14    0.15    0.26    0.79 ^ clkbuf_5_23__f_clk/X (sky130_fd_sc_hd__clkbuf_16)
                                         clknet_5_23__leaf_clk (net)
                  0.15    0.00    0.79 ^ clkbuf_leaf_196_clk/A (sky130_fd_sc_hd__clkbuf_16)
     9    0.03    0.05    0.17    0.97 ^ clkbuf_leaf_196_clk/X (sky130_fd_sc_hd__clkbuf_16)
                                         clknet_leaf_196_clk (net)
                  0.05    0.00    0.97 ^ st[15]$_DFF_PN0_/CLK (sky130_fd_sc_hd__dfrtp_1)
     2    0.01    0.08    0.35    1.32 ^ st[15]$_DFF_PN0_/Q (sky130_fd_sc_hd__dfrtp_1)
                                         st[15] (net)
                  0.08    0.00    1.32 ^ done$_DFF_PN0_/D (sky130_fd_sc_hd__dfrtp_1)
                                  1.32   data arrival time

                          0.00    0.00   clock clk (rise edge)
                          0.00    0.00   clock source latency
     1    0.12    0.00    0.00    0.00 ^ clk (in)
                                         clk (net)
                  0.01    0.00    0.00 ^ clkbuf_0_clk/A (sky130_fd_sc_hd__clkbuf_16)
     4    0.19    0.20    0.23    0.23 ^ clkbuf_0_clk/X (sky130_fd_sc_hd__clkbuf_16)
                                         clknet_0_clk (net)
                  0.20    0.00    0.24 ^ clkbuf_2_2_0_clk/A (sky130_fd_sc_hd__clkbuf_16)
     8    0.17    0.18    0.29    0.53 ^ clkbuf_2_2_0_clk/X (sky130_fd_sc_hd__clkbuf_16)
                                         clknet_2_2_0_clk (net)
                  0.18    0.00    0.53 ^ clkbuf_5_23__f_clk/A (sky130_fd_sc_hd__clkbuf_16)
    10    0.14    0.15    0.26    0.79 ^ clkbuf_5_23__f_clk/X (sky130_fd_sc_hd__clkbuf_16)
                                         clknet_5_23__leaf_clk (net)
                  0.15    0.00    0.79 ^ clkbuf_leaf_196_clk/A (sky130_fd_sc_hd__clkbuf_16)
     9    0.03    0.05    0.17    0.97 ^ clkbuf_leaf_196_clk/X (sky130_fd_sc_hd__clkbuf_16)
                                         clknet_leaf_196_clk (net)
                  0.05    0.00    0.97 ^ done$_DFF_PN0_/CLK (sky130_fd_sc_hd__dfrtp_1)
                          0.25    1.22   clock uncertainty
                          0.00    1.22   clock reconvergence pessimism
                         -0.04    1.17   library hold time
                                  1.17   data required time
-----------------------------------------------------------------------------
                                  1.17   data required time
                                 -1.32   data arrival time
-----------------------------------------------------------------------------
                                  0.14   slack (MET)



==========================================================================
cts final report_checks -path_delay max
--------------------------------------------------------------------------
Startpoint: product_q[3]$_DFFE_PN0P_
            (rising edge-triggered flip-flop clocked by clk)
Endpoint: mul_reduced_q[1]$_DFFE_PN0P_
          (rising edge-triggered flip-flop clocked by clk)
Path Group: clk
Path Type: max

Fanout     Cap    Slew   Delay    Time   Description
-----------------------------------------------------------------------------
                          0.00    0.00   clock clk (rise edge)
                          0.00    0.00   clock source latency
     1    0.12    0.00    0.00    0.00 ^ clk (in)
                                         clk (net)
                  0.01    0.00    0.00 ^ clkbuf_0_clk/A (sky130_fd_sc_hd__clkbuf_16)
     4    0.19    0.20    0.23    0.23 ^ clkbuf_0_clk/X (sky130_fd_sc_hd__clkbuf_16)
                                         clknet_0_clk (net)
                  0.20    0.00    0.24 ^ clkbuf_2_2_0_clk/A (sky130_fd_sc_hd__clkbuf_16)
     8    0.17    0.18    0.29    0.53 ^ clkbuf_2_2_0_clk/X (sky130_fd_sc_hd__clkbuf_16)
                                         clknet_2_2_0_clk (net)
                  0.18    0.00    0.53 ^ clkbuf_5_21__f_clk/A (sky130_fd_sc_hd__clkbuf_16)
     8    0.17    0.18    0.28    0.81 ^ clkbuf_5_21__f_clk/X (sky130_fd_sc_hd__clkbuf_16)
                                         clknet_5_21__leaf_clk (net)
                  0.18    0.00    0.81 ^ clkbuf_leaf_248_clk/A (sky130_fd_sc_hd__clkbuf_16)
     7    0.03    0.05    0.18    0.99 ^ clkbuf_leaf_248_clk/X (sky130_fd_sc_hd__clkbuf_16)
                                         clknet_leaf_248_clk (net)
                  0.05    0.00    0.99 ^ product_q[3]$_DFFE_PN0P_/CLK (sky130_fd_sc_hd__dfrtp_1)
    13    0.08    0.36    0.63    1.62 v product_q[3]$_DFFE_PN0P_/Q (sky130_fd_sc_hd__dfrtp_1)
                                         g_b1.u_red.a[3] (net)
                  0.36    0.00    1.62 v _18149_/A (sky130_fd_sc_hd__fa_1)
     2    0.01    0.11    0.58    2.20 v _18149_/COUT (sky130_fd_sc_hd__fa_1)
                                         _08915_ (net)
                  0.11    0.00    2.20 v _18354_/B (sky130_fd_sc_hd__fa_1)
     1    0.01    0.10    0.44    2.65 v _18354_/COUT (sky130_fd_sc_hd__fa_1)
                                         _09450_ (net)
                  0.10    0.00    2.65 v _18580_/A (sky130_fd_sc_hd__ha_1)
     1    0.01    0.08    0.34    2.99 v _18580_/SUM (sky130_fd_sc_hd__ha_1)
                                         _09344_ (net)
                  0.08    0.00    2.99 v _18304_/CIN (sky130_fd_sc_hd__fa_1)
     1    0.01    0.10    0.40    3.39 v _18304_/COUT (sky130_fd_sc_hd__fa_1)
                                         _09057_ (net)
                  0.10    0.00    3.39 v _18193_/A (sky130_fd_sc_hd__fa_1)
     1    0.01    0.09    0.51    3.90 v _18193_/SUM (sky130_fd_sc_hd__fa_1)
                                         _09061_ (net)
                  0.09    0.00    3.90 v _18642_/B (sky130_fd_sc_hd__ha_1)
     2    0.01    0.07    0.31    4.21 v _18642_/SUM (sky130_fd_sc_hd__ha_1)
                                         _00540_ (net)
                  0.07    0.00    4.21 v _09706_/A2 (sky130_fd_sc_hd__a21o_1)
     1    0.00    0.04    0.19    4.40 v _09706_/X (sky130_fd_sc_hd__a21o_1)
                                         _03581_ (net)
                  0.04    0.00    4.40 v _09707_/A2 (sky130_fd_sc_hd__a211oi_1)
     2    0.01    0.39    0.38    4.78 ^ _09707_/Y (sky130_fd_sc_hd__a211oi_1)
                                         _03582_ (net)
                  0.39    0.00    4.78 ^ _09709_/B1 (sky130_fd_sc_hd__o211ai_1)
     2    0.02    0.21    0.27    5.05 v _09709_/Y (sky130_fd_sc_hd__o211ai_1)
                                         _03584_ (net)
                  0.21    0.00    5.05 v _09714_/A1 (sky130_fd_sc_hd__a221oi_1)
     2    0.01    0.45    0.49    5.54 ^ _09714_/Y (sky130_fd_sc_hd__a221oi_1)
                                         _03589_ (net)
                  0.45    0.00    5.54 ^ _09816_/A1 (sky130_fd_sc_hd__o21bai_1)
     1    0.00    0.08    0.13    5.67 v _09816_/Y (sky130_fd_sc_hd__o21bai_1)
                                         _03640_ (net)
                  0.08    0.00    5.67 v _09825_/A4 (sky130_fd_sc_hd__a41oi_1)
     1    0.01    0.22    0.27    5.94 ^ _09825_/Y (sky130_fd_sc_hd__a41oi_1)
                                         _03649_ (net)
                  0.22    0.00    5.94 ^ _09826_/B (sky130_fd_sc_hd__xnor2_1)
     1    0.00    0.06    0.10    6.04 v _09826_/Y (sky130_fd_sc_hd__xnor2_1)
                                         g_b1.u_red.prod[24] (net)
                  0.06    0.00    6.04 v place472/A (sky130_fd_sc_hd__buf_4)
     5    0.04    0.07    0.18    6.22 v place472/X (sky130_fd_sc_hd__buf_4)
                                         net471 (net)
                  0.07    0.01    6.23 v _18199_/A (sky130_fd_sc_hd__fa_1)
     2    0.01    0.09    0.56    6.79 ^ _18199_/SUM (sky130_fd_sc_hd__fa_1)
                                         _00096_ (net)
                  0.09    0.00    6.79 ^ _17275_/A (sky130_fd_sc_hd__inv_1)
     2    0.01    0.06    0.08    6.87 v _17275_/Y (sky130_fd_sc_hd__inv_1)
                                         _00117_ (net)
                  0.06    0.00    6.87 v _18224_/A (sky130_fd_sc_hd__fa_1)
     2    0.01    0.09    0.56    7.43 ^ _18224_/SUM (sky130_fd_sc_hd__fa_1)
                                         _00119_ (net)
                  0.09    0.00    7.43 ^ _09744_/A (sky130_fd_sc_hd__inv_1)
     1    0.00    0.03    0.05    7.48 v _09744_/Y (sky130_fd_sc_hd__inv_1)
                                         _00718_ (net)
                  0.03    0.00    7.48 v _18779_/B (sky130_fd_sc_hd__ha_1)
     2    0.01    0.07    0.29    7.76 v _18779_/SUM (sky130_fd_sc_hd__ha_1)
                                         _00675_ (net)
                  0.07    0.00    7.76 v _18740_/B (sky130_fd_sc_hd__ha_1)
     2    0.01    0.07    0.31    8.07 v _18740_/SUM (sky130_fd_sc_hd__ha_1)
                                         _00402_ (net)
                  0.07    0.00    8.07 v _18547_/B (sky130_fd_sc_hd__ha_1)
     1    0.00    0.05    0.29    8.36 ^ _18547_/SUM (sky130_fd_sc_hd__ha_1)
                                         _00403_ (net)
                  0.05    0.00    8.36 ^ _10287_/A (sky130_fd_sc_hd__inv_1)
     1    0.00    0.03    0.04    8.40 v _10287_/Y (sky130_fd_sc_hd__inv_1)
                                         _00356_ (net)
                  0.03    0.00    8.40 v _18519_/B (sky130_fd_sc_hd__ha_1)
     3    0.01    0.06    0.19    8.59 v _18519_/COUT (sky130_fd_sc_hd__ha_1)
                                         _00357_ (net)
                  0.06    0.00    8.59 v _09757_/B (sky130_fd_sc_hd__or2_2)
     1    0.01    0.06    0.28    8.87 v _09757_/X (sky130_fd_sc_hd__or2_2)
                                         _00121_ (net)
                  0.06    0.00    8.87 v _18226_/CIN (sky130_fd_sc_hd__fa_1)
     3    0.01    0.12    0.43    9.30 v _18226_/COUT (sky130_fd_sc_hd__fa_1)
                                         _00122_ (net)
                  0.12    0.00    9.30 v _16899_/A2 (sky130_fd_sc_hd__a211oi_1)
     2    0.01    0.34    0.38    9.68 ^ _16899_/Y (sky130_fd_sc_hd__a211oi_1)
                                         _02687_ (net)
                  0.34    0.00    9.68 ^ _16901_/A2 (sky130_fd_sc_hd__o21bai_1)
     2    0.01    0.11    0.16    9.83 v _16901_/Y (sky130_fd_sc_hd__o21bai_1)
                                         _02689_ (net)
                  0.11    0.00    9.84 v _16982_/A1 (sky130_fd_sc_hd__a21o_1)
     6    0.02    0.12    0.26   10.09 v _16982_/X (sky130_fd_sc_hd__a21o_1)
                                         _02770_ (net)
                  0.12    0.00   10.09 v _16986_/A3 (sky130_fd_sc_hd__o31ai_1)
     2    0.01    0.40    0.38   10.48 ^ _16986_/Y (sky130_fd_sc_hd__o31ai_1)
                                         _02774_ (net)
                  0.40    0.00   10.48 ^ _17021_/B (sky130_fd_sc_hd__xnor2_1)
     2    0.01    0.09    0.14   10.62 v _17021_/Y (sky130_fd_sc_hd__xnor2_1)
                                         _02809_ (net)
                  0.09    0.00   10.62 v _17060_/A (sky130_fd_sc_hd__nor4_1)
     1    0.00    0.27    0.32   10.94 ^ _17060_/Y (sky130_fd_sc_hd__nor4_1)
                                         _02848_ (net)
                  0.27    0.00   10.94 ^ _17072_/C (sky130_fd_sc_hd__nand4b_1)
     6    0.02    0.29    0.31   11.25 v _17072_/Y (sky130_fd_sc_hd__nand4b_1)
                                         _02860_ (net)
                  0.29    0.00   11.25 v _17073_/C (sky130_fd_sc_hd__nor3_1)
    11    0.03    0.96    0.82   12.07 ^ _17073_/Y (sky130_fd_sc_hd__nor3_1)
                                         _02861_ (net)
                  0.96    0.00   12.07 ^ _17131_/S (sky130_fd_sc_hd__mux2_2)
     1    0.00    0.05    0.42   12.49 v _17131_/X (sky130_fd_sc_hd__mux2_2)
                                         _02910_ (net)
                  0.05    0.00   12.49 v _17133_/A2 (sky130_fd_sc_hd__a21oi_1)
     1    0.00    0.11    0.14   12.63 ^ _17133_/Y (sky130_fd_sc_hd__a21oi_1)
                                         _00848_ (net)
                  0.11    0.00   12.63 ^ mul_reduced_q[1]$_DFFE_PN0P_/D (sky130_fd_sc_hd__dfrtp_1)
                                 12.63   data arrival time

                         20.00   20.00   clock clk (rise edge)
                          0.00   20.00   clock source latency
     1    0.12    0.00    0.00   20.00 ^ clk (in)
                                         clk (net)
                  0.01    0.00   20.00 ^ clkbuf_0_clk/A (sky130_fd_sc_hd__clkbuf_16)
     4    0.19    0.20    0.23   20.23 ^ clkbuf_0_clk/X (sky130_fd_sc_hd__clkbuf_16)
                                         clknet_0_clk (net)
                  0.20    0.00   20.24 ^ clkbuf_2_2_0_clk/A (sky130_fd_sc_hd__clkbuf_16)
     8    0.17    0.18    0.29   20.53 ^ clkbuf_2_2_0_clk/X (sky130_fd_sc_hd__clkbuf_16)
                                         clknet_2_2_0_clk (net)
                  0.18    0.00   20.53 ^ clkbuf_5_21__f_clk/A (sky130_fd_sc_hd__clkbuf_16)
     8    0.17    0.18    0.28   20.81 ^ clkbuf_5_21__f_clk/X (sky130_fd_sc_hd__clkbuf_16)
                                         clknet_5_21__leaf_clk (net)
                  0.18    0.00   20.81 ^ clkbuf_leaf_246_clk/A (sky130_fd_sc_hd__clkbuf_16)
     9    0.04    0.06    0.18   21.00 ^ clkbuf_leaf_246_clk/X (sky130_fd_sc_hd__clkbuf_16)
                                         clknet_leaf_246_clk (net)
                  0.06    0.00   21.00 ^ mul_reduced_q[1]$_DFFE_PN0P_/CLK (sky130_fd_sc_hd__dfrtp_1)
                         -0.25   20.75   clock uncertainty
                          0.00   20.75   clock reconvergence pessimism
                         -0.07   20.67   library setup time
                                 20.67   data required time
-----------------------------------------------------------------------------
                                 20.67   data required time
                                -12.63   data arrival time
-----------------------------------------------------------------------------
                                  8.04   slack (MET)



==========================================================================
cts final report_checks -unconstrained
--------------------------------------------------------------------------
Startpoint: product_q[3]$_DFFE_PN0P_
            (rising edge-triggered flip-flop clocked by clk)
Endpoint: mul_reduced_q[1]$_DFFE_PN0P_
          (rising edge-triggered flip-flop clocked by clk)
Path Group: clk
Path Type: max

Fanout     Cap    Slew   Delay    Time   Description
-----------------------------------------------------------------------------
                          0.00    0.00   clock clk (rise edge)
                          0.00    0.00   clock source latency
     1    0.12    0.00    0.00    0.00 ^ clk (in)
                                         clk (net)
                  0.01    0.00    0.00 ^ clkbuf_0_clk/A (sky130_fd_sc_hd__clkbuf_16)
     4    0.19    0.20    0.23    0.23 ^ clkbuf_0_clk/X (sky130_fd_sc_hd__clkbuf_16)
                                         clknet_0_clk (net)
                  0.20    0.00    0.24 ^ clkbuf_2_2_0_clk/A (sky130_fd_sc_hd__clkbuf_16)
     8    0.17    0.18    0.29    0.53 ^ clkbuf_2_2_0_clk/X (sky130_fd_sc_hd__clkbuf_16)
                                         clknet_2_2_0_clk (net)
                  0.18    0.00    0.53 ^ clkbuf_5_21__f_clk/A (sky130_fd_sc_hd__clkbuf_16)
     8    0.17    0.18    0.28    0.81 ^ clkbuf_5_21__f_clk/X (sky130_fd_sc_hd__clkbuf_16)
                                         clknet_5_21__leaf_clk (net)
                  0.18    0.00    0.81 ^ clkbuf_leaf_248_clk/A (sky130_fd_sc_hd__clkbuf_16)
     7    0.03    0.05    0.18    0.99 ^ clkbuf_leaf_248_clk/X (sky130_fd_sc_hd__clkbuf_16)
                                         clknet_leaf_248_clk (net)
                  0.05    0.00    0.99 ^ product_q[3]$_DFFE_PN0P_/CLK (sky130_fd_sc_hd__dfrtp_1)
    13    0.08    0.36    0.63    1.62 v product_q[3]$_DFFE_PN0P_/Q (sky130_fd_sc_hd__dfrtp_1)
                                         g_b1.u_red.a[3] (net)
                  0.36    0.00    1.62 v _18149_/A (sky130_fd_sc_hd__fa_1)
     2    0.01    0.11    0.58    2.20 v _18149_/COUT (sky130_fd_sc_hd__fa_1)
                                         _08915_ (net)
                  0.11    0.00    2.20 v _18354_/B (sky130_fd_sc_hd__fa_1)
     1    0.01    0.10    0.44    2.65 v _18354_/COUT (sky130_fd_sc_hd__fa_1)
                                         _09450_ (net)
                  0.10    0.00    2.65 v _18580_/A (sky130_fd_sc_hd__ha_1)
     1    0.01    0.08    0.34    2.99 v _18580_/SUM (sky130_fd_sc_hd__ha_1)
                                         _09344_ (net)
                  0.08    0.00    2.99 v _18304_/CIN (sky130_fd_sc_hd__fa_1)
     1    0.01    0.10    0.40    3.39 v _18304_/COUT (sky130_fd_sc_hd__fa_1)
                                         _09057_ (net)
                  0.10    0.00    3.39 v _18193_/A (sky130_fd_sc_hd__fa_1)
     1    0.01    0.09    0.51    3.90 v _18193_/SUM (sky130_fd_sc_hd__fa_1)
                                         _09061_ (net)
                  0.09    0.00    3.90 v _18642_/B (sky130_fd_sc_hd__ha_1)
     2    0.01    0.07    0.31    4.21 v _18642_/SUM (sky130_fd_sc_hd__ha_1)
                                         _00540_ (net)
                  0.07    0.00    4.21 v _09706_/A2 (sky130_fd_sc_hd__a21o_1)
     1    0.00    0.04    0.19    4.40 v _09706_/X (sky130_fd_sc_hd__a21o_1)
                                         _03581_ (net)
                  0.04    0.00    4.40 v _09707_/A2 (sky130_fd_sc_hd__a211oi_1)
     2    0.01    0.39    0.38    4.78 ^ _09707_/Y (sky130_fd_sc_hd__a211oi_1)
                                         _03582_ (net)
                  0.39    0.00    4.78 ^ _09709_/B1 (sky130_fd_sc_hd__o211ai_1)
     2    0.02    0.21    0.27    5.05 v _09709_/Y (sky130_fd_sc_hd__o211ai_1)
                                         _03584_ (net)
                  0.21    0.00    5.05 v _09714_/A1 (sky130_fd_sc_hd__a221oi_1)
     2    0.01    0.45    0.49    5.54 ^ _09714_/Y (sky130_fd_sc_hd__a221oi_1)
                                         _03589_ (net)
                  0.45    0.00    5.54 ^ _09816_/A1 (sky130_fd_sc_hd__o21bai_1)
     1    0.00    0.08    0.13    5.67 v _09816_/Y (sky130_fd_sc_hd__o21bai_1)
                                         _03640_ (net)
                  0.08    0.00    5.67 v _09825_/A4 (sky130_fd_sc_hd__a41oi_1)
     1    0.01    0.22    0.27    5.94 ^ _09825_/Y (sky130_fd_sc_hd__a41oi_1)
                                         _03649_ (net)
                  0.22    0.00    5.94 ^ _09826_/B (sky130_fd_sc_hd__xnor2_1)
     1    0.00    0.06    0.10    6.04 v _09826_/Y (sky130_fd_sc_hd__xnor2_1)
                                         g_b1.u_red.prod[24] (net)
                  0.06    0.00    6.04 v place472/A (sky130_fd_sc_hd__buf_4)
     5    0.04    0.07    0.18    6.22 v place472/X (sky130_fd_sc_hd__buf_4)
                                         net471 (net)
                  0.07    0.01    6.23 v _18199_/A (sky130_fd_sc_hd__fa_1)
     2    0.01    0.09    0.56    6.79 ^ _18199_/SUM (sky130_fd_sc_hd__fa_1)
                                         _00096_ (net)
                  0.09    0.00    6.79 ^ _17275_/A (sky130_fd_sc_hd__inv_1)
     2    0.01    0.06    0.08    6.87 v _17275_/Y (sky130_fd_sc_hd__inv_1)
                                         _00117_ (net)
                  0.06    0.00    6.87 v _18224_/A (sky130_fd_sc_hd__fa_1)
     2    0.01    0.09    0.56    7.43 ^ _18224_/SUM (sky130_fd_sc_hd__fa_1)
                                         _00119_ (net)
                  0.09    0.00    7.43 ^ _09744_/A (sky130_fd_sc_hd__inv_1)
     1    0.00    0.03    0.05    7.48 v _09744_/Y (sky130_fd_sc_hd__inv_1)
                                         _00718_ (net)
                  0.03    0.00    7.48 v _18779_/B (sky130_fd_sc_hd__ha_1)
     2    0.01    0.07    0.29    7.76 v _18779_/SUM (sky130_fd_sc_hd__ha_1)
                                         _00675_ (net)
                  0.07    0.00    7.76 v _18740_/B (sky130_fd_sc_hd__ha_1)
     2    0.01    0.07    0.31    8.07 v _18740_/SUM (sky130_fd_sc_hd__ha_1)
                                         _00402_ (net)
                  0.07    0.00    8.07 v _18547_/B (sky130_fd_sc_hd__ha_1)
     1    0.00    0.05    0.29    8.36 ^ _18547_/SUM (sky130_fd_sc_hd__ha_1)
                                         _00403_ (net)
                  0.05    0.00    8.36 ^ _10287_/A (sky130_fd_sc_hd__inv_1)
     1    0.00    0.03    0.04    8.40 v _10287_/Y (sky130_fd_sc_hd__inv_1)
                                         _00356_ (net)
                  0.03    0.00    8.40 v _18519_/B (sky130_fd_sc_hd__ha_1)
     3    0.01    0.06    0.19    8.59 v _18519_/COUT (sky130_fd_sc_hd__ha_1)
                                         _00357_ (net)
                  0.06    0.00    8.59 v _09757_/B (sky130_fd_sc_hd__or2_2)
     1    0.01    0.06    0.28    8.87 v _09757_/X (sky130_fd_sc_hd__or2_2)
                                         _00121_ (net)
                  0.06    0.00    8.87 v _18226_/CIN (sky130_fd_sc_hd__fa_1)
     3    0.01    0.12    0.43    9.30 v _18226_/COUT (sky130_fd_sc_hd__fa_1)
                                         _00122_ (net)
                  0.12    0.00    9.30 v _16899_/A2 (sky130_fd_sc_hd__a211oi_1)
     2    0.01    0.34    0.38    9.68 ^ _16899_/Y (sky130_fd_sc_hd__a211oi_1)
                                         _02687_ (net)
                  0.34    0.00    9.68 ^ _16901_/A2 (sky130_fd_sc_hd__o21bai_1)
     2    0.01    0.11    0.16    9.83 v _16901_/Y (sky130_fd_sc_hd__o21bai_1)
                                         _02689_ (net)
                  0.11    0.00    9.84 v _16982_/A1 (sky130_fd_sc_hd__a21o_1)
     6    0.02    0.12    0.26   10.09 v _16982_/X (sky130_fd_sc_hd__a21o_1)
                                         _02770_ (net)
                  0.12    0.00   10.09 v _16986_/A3 (sky130_fd_sc_hd__o31ai_1)
     2    0.01    0.40    0.38   10.48 ^ _16986_/Y (sky130_fd_sc_hd__o31ai_1)
                                         _02774_ (net)
                  0.40    0.00   10.48 ^ _17021_/B (sky130_fd_sc_hd__xnor2_1)
     2    0.01    0.09    0.14   10.62 v _17021_/Y (sky130_fd_sc_hd__xnor2_1)
                                         _02809_ (net)
                  0.09    0.00   10.62 v _17060_/A (sky130_fd_sc_hd__nor4_1)
     1    0.00    0.27    0.32   10.94 ^ _17060_/Y (sky130_fd_sc_hd__nor4_1)
                                         _02848_ (net)
                  0.27    0.00   10.94 ^ _17072_/C (sky130_fd_sc_hd__nand4b_1)
     6    0.02    0.29    0.31   11.25 v _17072_/Y (sky130_fd_sc_hd__nand4b_1)
                                         _02860_ (net)
                  0.29    0.00   11.25 v _17073_/C (sky130_fd_sc_hd__nor3_1)
    11    0.03    0.96    0.82   12.07 ^ _17073_/Y (sky130_fd_sc_hd__nor3_1)
                                         _02861_ (net)
                  0.96    0.00   12.07 ^ _17131_/S (sky130_fd_sc_hd__mux2_2)
     1    0.00    0.05    0.42   12.49 v _17131_/X (sky130_fd_sc_hd__mux2_2)
                                         _02910_ (net)
                  0.05    0.00   12.49 v _17133_/A2 (sky130_fd_sc_hd__a21oi_1)
     1    0.00    0.11    0.14   12.63 ^ _17133_/Y (sky130_fd_sc_hd__a21oi_1)
                                         _00848_ (net)
                  0.11    0.00   12.63 ^ mul_reduced_q[1]$_DFFE_PN0P_/D (sky130_fd_sc_hd__dfrtp_1)
                                 12.63   data arrival time

                         20.00   20.00   clock clk (rise edge)
                          0.00   20.00   clock source latency
     1    0.12    0.00    0.00   20.00 ^ clk (in)
                                         clk (net)
                  0.01    0.00   20.00 ^ clkbuf_0_clk/A (sky130_fd_sc_hd__clkbuf_16)
     4    0.19    0.20    0.23   20.23 ^ clkbuf_0_clk/X (sky130_fd_sc_hd__clkbuf_16)
                                         clknet_0_clk (net)
                  0.20    0.00   20.24 ^ clkbuf_2_2_0_clk/A (sky130_fd_sc_hd__clkbuf_16)
     8    0.17    0.18    0.29   20.53 ^ clkbuf_2_2_0_clk/X (sky130_fd_sc_hd__clkbuf_16)
                                         clknet_2_2_0_clk (net)
                  0.18    0.00   20.53 ^ clkbuf_5_21__f_clk/A (sky130_fd_sc_hd__clkbuf_16)
     8    0.17    0.18    0.28   20.81 ^ clkbuf_5_21__f_clk/X (sky130_fd_sc_hd__clkbuf_16)
                                         clknet_5_21__leaf_clk (net)
                  0.18    0.00   20.81 ^ clkbuf_leaf_246_clk/A (sky130_fd_sc_hd__clkbuf_16)
     9    0.04    0.06    0.18   21.00 ^ clkbuf_leaf_246_clk/X (sky130_fd_sc_hd__clkbuf_16)
                                         clknet_leaf_246_clk (net)
                  0.06    0.00   21.00 ^ mul_reduced_q[1]$_DFFE_PN0P_/CLK (sky130_fd_sc_hd__dfrtp_1)
                         -0.25   20.75   clock uncertainty
                          0.00   20.75   clock reconvergence pessimism
                         -0.07   20.67   library setup time
                                 20.67   data required time
-----------------------------------------------------------------------------
                                 20.67   data required time
                                -12.63   data arrival time
-----------------------------------------------------------------------------
                                  8.04   slack (MET)



==========================================================================
cts final report_check_types -max_slew -max_cap -max_fanout -violators
--------------------------------------------------------------------------
max slew

Pin                                    Limit    Slew   Slack
------------------------------------------------------------
_17458_/Y                               1.49    1.51   -0.02 (VIOLATED)
u_coeff_ram.mem[61][1]$_DFFE_PP_/DE     1.50    1.51   -0.01 (VIOLATED)
u_coeff_ram.mem[61][5]$_DFFE_PP_/DE     1.50    1.51   -0.01 (VIOLATED)
u_coeff_ram.mem[61][0]$_DFFE_PP_/DE     1.50    1.51   -0.01 (VIOLATED)
u_coeff_ram.mem[61][7]$_DFFE_PP_/DE     1.50    1.51   -0.01 (VIOLATED)
u_coeff_ram.mem[61][3]$_DFFE_PP_/DE     1.50    1.51   -0.01 (VIOLATED)
u_coeff_ram.mem[61][11]$_DFFE_PP_/DE    1.50    1.51   -0.01 (VIOLATED)
u_coeff_ram.mem[61][6]$_DFFE_PP_/DE     1.50    1.51   -0.01 (VIOLATED)
u_coeff_ram.mem[61][9]$_DFFE_PP_/DE     1.50    1.51   -0.01 (VIOLATED)
u_coeff_ram.mem[61][4]$_DFFE_PP_/DE     1.50    1.51   -0.01 (VIOLATED)
u_coeff_ram.mem[61][2]$_DFFE_PP_/DE     1.50    1.51   -0.01 (VIOLATED)
u_coeff_ram.mem[61][10]$_DFFE_PP_/DE    1.50    1.51   -0.01 (VIOLATED)
u_coeff_ram.mem[61][8]$_DFFE_PP_/DE     1.50    1.51   -0.01 (VIOLATED)
_17335_/Y                               1.49    1.50   -0.01 (VIOLATED)
u_coeff_ram.mem[135][2]$_DFFE_PP_/DE    1.50    1.50   -0.00 (VIOLATED)
u_coeff_ram.mem[135][9]$_DFFE_PP_/DE    1.50    1.50   -0.00 (VIOLATED)
u_coeff_ram.mem[135][8]$_DFFE_PP_/DE    1.50    1.50   -0.00 (VIOLATED)
u_coeff_ram.mem[135][10]$_DFFE_PP_/DE    1.50    1.50   -0.00 (VIOLATED)
u_coeff_ram.mem[135][4]$_DFFE_PP_/DE    1.50    1.50   -0.00 (VIOLATED)
u_coeff_ram.mem[135][7]$_DFFE_PP_/DE    1.50    1.50   -0.00 (VIOLATED)
u_coeff_ram.mem[135][0]$_DFFE_PP_/DE    1.50    1.50   -0.00 (VIOLATED)
u_coeff_ram.mem[135][5]$_DFFE_PP_/DE    1.50    1.50   -0.00 (VIOLATED)
u_coeff_ram.mem[135][1]$_DFFE_PP_/DE    1.50    1.50   -0.00 (VIOLATED)
u_coeff_ram.mem[135][3]$_DFFE_PP_/DE    1.50    1.50   -0.00 (VIOLATED)
u_coeff_ram.mem[135][11]$_DFFE_PP_/DE    1.50    1.50   -0.00 (VIOLATED)
u_coeff_ram.mem[135][6]$_DFFE_PP_/DE    1.50    1.50   -0.00 (VIOLATED)

max capacitance

Pin                                    Limit     Cap   Slack
------------------------------------------------------------
_17458_/Y                               0.09    0.09   -0.00 (VIOLATED)

_17335_/Y                               0.09    0.09   -0.00 (VIOLATED)


==========================================================================
cts final max_slew_check_slack
--------------------------------------------------------------------------
-0.01880740001797676

==========================================================================
cts final max_slew_check_limit
--------------------------------------------------------------------------
1.4944789409637451

==========================================================================
cts final max_slew_check_slack_limit
--------------------------------------------------------------------------
-0.0126

==========================================================================
cts final max_fanout_check_slack
--------------------------------------------------------------------------
1.0000000150474662e+30

==========================================================================
cts final max_fanout_check_limit
--------------------------------------------------------------------------
1.0000000150474662e+30

==========================================================================
cts final max_capacitance_check_slack
--------------------------------------------------------------------------
-0.0023994343355298042

==========================================================================
cts final max_capacitance_check_limit
--------------------------------------------------------------------------
0.0860700011253357

==========================================================================
cts final max_capacitance_check_slack_limit
--------------------------------------------------------------------------
-0.0279

==========================================================================
cts final max_slew_violation_count
--------------------------------------------------------------------------
max slew violation count 26

==========================================================================
cts final max_fanout_violation_count
--------------------------------------------------------------------------
max fanout violation count 0

==========================================================================
cts final max_cap_violation_count
--------------------------------------------------------------------------
max cap violation count 2

==========================================================================
cts final setup_violation_count
--------------------------------------------------------------------------
setup violation count 0

==========================================================================
cts final hold_violation_count
--------------------------------------------------------------------------
hold violation count 0

==========================================================================
cts final report_checks -path_delay max reg to reg
--------------------------------------------------------------------------
Startpoint: product_q[3]$_DFFE_PN0P_
            (rising edge-triggered flip-flop clocked by clk)
Endpoint: mul_reduced_q[1]$_DFFE_PN0P_
          (rising edge-triggered flip-flop clocked by clk)
Path Group: clk
Path Type: max

  Delay    Time   Description
---------------------------------------------------------
   0.00    0.00   clock clk (rise edge)
   0.00    0.00   clock source latency
   0.00    0.00 ^ clk (in)
   0.23    0.23 ^ clkbuf_0_clk/X (sky130_fd_sc_hd__clkbuf_16)
   0.29    0.53 ^ clkbuf_2_2_0_clk/X (sky130_fd_sc_hd__clkbuf_16)
   0.28    0.81 ^ clkbuf_5_21__f_clk/X (sky130_fd_sc_hd__clkbuf_16)
   0.18    0.99 ^ clkbuf_leaf_248_clk/X (sky130_fd_sc_hd__clkbuf_16)
   0.00    0.99 ^ product_q[3]$_DFFE_PN0P_/CLK (sky130_fd_sc_hd__dfrtp_1)
   0.63    1.62 v product_q[3]$_DFFE_PN0P_/Q (sky130_fd_sc_hd__dfrtp_1)
   0.58    2.20 v _18149_/COUT (sky130_fd_sc_hd__fa_1)
   0.44    2.65 v _18354_/COUT (sky130_fd_sc_hd__fa_1)
   0.34    2.99 v _18580_/SUM (sky130_fd_sc_hd__ha_1)
   0.40    3.39 v _18304_/COUT (sky130_fd_sc_hd__fa_1)
   0.51    3.90 v _18193_/SUM (sky130_fd_sc_hd__fa_1)
   0.31    4.21 v _18642_/SUM (sky130_fd_sc_hd__ha_1)
   0.19    4.40 v _09706_/X (sky130_fd_sc_hd__a21o_1)
   0.38    4.78 ^ _09707_/Y (sky130_fd_sc_hd__a211oi_1)
   0.27    5.05 v _09709_/Y (sky130_fd_sc_hd__o211ai_1)
   0.49    5.54 ^ _09714_/Y (sky130_fd_sc_hd__a221oi_1)
   0.13    5.67 v _09816_/Y (sky130_fd_sc_hd__o21bai_1)
   0.27    5.94 ^ _09825_/Y (sky130_fd_sc_hd__a41oi_1)
   0.10    6.04 v _09826_/Y (sky130_fd_sc_hd__xnor2_1)
   0.18    6.22 v place472/X (sky130_fd_sc_hd__buf_4)
   0.57    6.79 ^ _18199_/SUM (sky130_fd_sc_hd__fa_1)
   0.08    6.87 v _17275_/Y (sky130_fd_sc_hd__inv_1)
   0.56    7.43 ^ _18224_/SUM (sky130_fd_sc_hd__fa_1)
   0.05    7.48 v _09744_/Y (sky130_fd_sc_hd__inv_1)
   0.29    7.76 v _18779_/SUM (sky130_fd_sc_hd__ha_1)
   0.31    8.07 v _18740_/SUM (sky130_fd_sc_hd__ha_1)
   0.29    8.36 ^ _18547_/SUM (sky130_fd_sc_hd__ha_1)
   0.04    8.40 v _10287_/Y (sky130_fd_sc_hd__inv_1)
   0.19    8.59 v _18519_/COUT (sky130_fd_sc_hd__ha_1)
   0.28    8.87 v _09757_/X (sky130_fd_sc_hd__or2_2)
   0.43    9.30 v _18226_/COUT (sky130_fd_sc_hd__fa_1)
   0.38    9.68 ^ _16899_/Y (sky130_fd_sc_hd__a211oi_1)
   0.16    9.83 v _16901_/Y (sky130_fd_sc_hd__o21bai_1)
   0.26   10.09 v _16982_/X (sky130_fd_sc_hd__a21o_1)
   0.38   10.48 ^ _16986_/Y (sky130_fd_sc_hd__o31ai_1)
   0.14   10.62 v _17021_/Y (sky130_fd_sc_hd__xnor2_1)
   0.32   10.94 ^ _17060_/Y (sky130_fd_sc_hd__nor4_1)
   0.31   11.25 v _17072_/Y (sky130_fd_sc_hd__nand4b_1)
   0.82   12.07 ^ _17073_/Y (sky130_fd_sc_hd__nor3_1)
   0.42   12.49 v _17131_/X (sky130_fd_sc_hd__mux2_2)
   0.14   12.63 ^ _17133_/Y (sky130_fd_sc_hd__a21oi_1)
   0.00   12.63 ^ mul_reduced_q[1]$_DFFE_PN0P_/D (sky130_fd_sc_hd__dfrtp_1)
          12.63   data arrival time

  20.00   20.00   clock clk (rise edge)
   0.00   20.00   clock source latency
   0.00   20.00 ^ clk (in)
   0.23   20.23 ^ clkbuf_0_clk/X (sky130_fd_sc_hd__clkbuf_16)
   0.29   20.53 ^ clkbuf_2_2_0_clk/X (sky130_fd_sc_hd__clkbuf_16)
   0.28   20.81 ^ clkbuf_5_21__f_clk/X (sky130_fd_sc_hd__clkbuf_16)
   0.19   21.00 ^ clkbuf_leaf_246_clk/X (sky130_fd_sc_hd__clkbuf_16)
   0.00   21.00 ^ mul_reduced_q[1]$_DFFE_PN0P_/CLK (sky130_fd_sc_hd__dfrtp_1)
  -0.25   20.75   clock uncertainty
   0.00   20.75   clock reconvergence pessimism
  -0.07   20.67   library setup time
          20.67   data required time
---------------------------------------------------------
          20.67   data required time
         -12.63   data arrival time
---------------------------------------------------------
           8.04   slack (MET)



==========================================================================
cts final report_checks -path_delay min reg to reg
--------------------------------------------------------------------------
Startpoint: st[15]$_DFF_PN0_ (rising edge-triggered flip-flop clocked by clk)
Endpoint: done$_DFF_PN0_ (rising edge-triggered flip-flop clocked by clk)
Path Group: clk
Path Type: min

  Delay    Time   Description
---------------------------------------------------------
   0.00    0.00   clock clk (rise edge)
   0.00    0.00   clock source latency
   0.00    0.00 ^ clk (in)
   0.23    0.23 ^ clkbuf_0_clk/X (sky130_fd_sc_hd__clkbuf_16)
   0.29    0.53 ^ clkbuf_2_2_0_clk/X (sky130_fd_sc_hd__clkbuf_16)
   0.26    0.79 ^ clkbuf_5_23__f_clk/X (sky130_fd_sc_hd__clkbuf_16)
   0.18    0.97 ^ clkbuf_leaf_196_clk/X (sky130_fd_sc_hd__clkbuf_16)
   0.00    0.97 ^ st[15]$_DFF_PN0_/CLK (sky130_fd_sc_hd__dfrtp_1)
   0.35    1.32 ^ st[15]$_DFF_PN0_/Q (sky130_fd_sc_hd__dfrtp_1)
   0.00    1.32 ^ done$_DFF_PN0_/D (sky130_fd_sc_hd__dfrtp_1)
           1.32   data arrival time

   0.00    0.00   clock clk (rise edge)
   0.00    0.00   clock source latency
   0.00    0.00 ^ clk (in)
   0.23    0.23 ^ clkbuf_0_clk/X (sky130_fd_sc_hd__clkbuf_16)
   0.29    0.53 ^ clkbuf_2_2_0_clk/X (sky130_fd_sc_hd__clkbuf_16)
   0.26    0.79 ^ clkbuf_5_23__f_clk/X (sky130_fd_sc_hd__clkbuf_16)
   0.18    0.97 ^ clkbuf_leaf_196_clk/X (sky130_fd_sc_hd__clkbuf_16)
   0.00    0.97 ^ done$_DFF_PN0_/CLK (sky130_fd_sc_hd__dfrtp_1)
   0.25    1.22   clock uncertainty
   0.00    1.22   clock reconvergence pessimism
  -0.04    1.17   library hold time
           1.17   data required time
---------------------------------------------------------
           1.17   data required time
          -1.32   data arrival time
---------------------------------------------------------
           0.14   slack (MET)



==========================================================================
cts final critical path target clock latency max path
--------------------------------------------------------------------------
0.9766

==========================================================================
cts final critical path target clock latency min path
--------------------------------------------------------------------------
0.9668

==========================================================================
cts final critical path source clock latency min path
--------------------------------------------------------------------------
0.0000

==========================================================================
cts final critical path delay
--------------------------------------------------------------------------
12.6295

==========================================================================
cts final critical path slack
--------------------------------------------------------------------------
8.0444

==========================================================================
cts final slack div critical path delay
--------------------------------------------------------------------------
63.695317

==========================================================================
cts final report_power
--------------------------------------------------------------------------
Group                  Internal  Switching    Leakage      Total
                          Power      Power      Power      Power (Watts)
----------------------------------------------------------------
Sequential             8.33e-03   3.70e-04   3.00e-08   8.70e-03   8.1%
Combinational          3.61e-02   5.56e-02   2.73e-08   9.17e-02  85.8%
Clock                  3.70e-03   2.77e-03   5.45e-09   6.46e-03   6.0%
Macro                  0.00e+00   0.00e+00   0.00e+00   0.00e+00   0.0%
Pad                    0.00e+00   0.00e+00   0.00e+00   0.00e+00   0.0%
----------------------------------------------------------------
Total                  4.81e-02   5.87e-02   6.27e-08   1.07e-01 100.0%
                          45.0%      55.0%       0.0%
