
==========================================================================
global route report_tns
--------------------------------------------------------------------------
tns max 0.00

==========================================================================
global route report_wns
--------------------------------------------------------------------------
wns max 0.00

==========================================================================
global route report_worst_slack
--------------------------------------------------------------------------
worst slack max 7.16

==========================================================================
global route report_clock_min_period
--------------------------------------------------------------------------
clk period_min = 12.84 fmax = 77.87

==========================================================================
global route report_clock_skew
--------------------------------------------------------------------------
Clock clk
   0.98 source latency j[7]$_DFFE_PN0P_/CLK ^
  -0.92 target latency u_coeff_ram.mem[219][6]$_DFFE_PP_/CLK ^
   0.25 clock uncertainty
   0.00 CRPR
--------------
   0.32 setup skew


==========================================================================
global route report_checks -path_delay min
--------------------------------------------------------------------------
Startpoint: st[15]$_DFF_PN0_ (rising edge-triggered flip-flop clocked by clk)
Endpoint: done$_DFF_PN0_ (rising edge-triggered flip-flop clocked by clk)
Path Group: clk
Path Type: min

Fanout     Cap    Slew   Delay    Time   Description
-----------------------------------------------------------------------------
                          0.00    0.00   clock clk (rise edge)
                          0.00    0.00   clock source latency
     3    0.11    0.00    0.00    0.00 ^ clk (in)
                                         clk (net)
                  0.01    0.00    0.00 ^ clkbuf_0_clk/A (sky130_fd_sc_hd__clkbuf_16)
     4    0.16    0.17    0.21    0.22 ^ clkbuf_0_clk/X (sky130_fd_sc_hd__clkbuf_16)
                                         clknet_0_clk (net)
                  0.17    0.00    0.22 ^ clkbuf_2_2_0_clk/A (sky130_fd_sc_hd__clkbuf_16)
     8    0.16    0.17    0.27    0.49 ^ clkbuf_2_2_0_clk/X (sky130_fd_sc_hd__clkbuf_16)
                                         clknet_2_2_0_clk (net)
                  0.17    0.00    0.50 ^ clkbuf_5_23__f_clk/A (sky130_fd_sc_hd__clkbuf_16)
    10    0.13    0.15    0.25    0.75 ^ clkbuf_5_23__f_clk/X (sky130_fd_sc_hd__clkbuf_16)
                                         clknet_5_23__leaf_clk (net)
                  0.15    0.00    0.75 ^ clkbuf_leaf_196_clk/A (sky130_fd_sc_hd__clkbuf_16)
     9    0.03    0.06    0.17    0.93 ^ clkbuf_leaf_196_clk/X (sky130_fd_sc_hd__clkbuf_16)
                                         clknet_leaf_196_clk (net)
                  0.06    0.00    0.93 ^ st[15]$_DFF_PN0_/CLK (sky130_fd_sc_hd__dfrtp_1)
     2    0.01    0.09    0.36    1.28 ^ st[15]$_DFF_PN0_/Q (sky130_fd_sc_hd__dfrtp_1)
                                         st[15] (net)
                  0.09    0.00    1.28 ^ done$_DFF_PN0_/D (sky130_fd_sc_hd__dfrtp_1)
                                  1.28   data arrival time

                          0.00    0.00   clock clk (rise edge)
                          0.00    0.00   clock source latency
     3    0.11    0.00    0.00    0.00 ^ clk (in)
                                         clk (net)
                  0.01    0.00    0.00 ^ clkbuf_0_clk/A (sky130_fd_sc_hd__clkbuf_16)
     4    0.16    0.17    0.21    0.22 ^ clkbuf_0_clk/X (sky130_fd_sc_hd__clkbuf_16)
                                         clknet_0_clk (net)
                  0.17    0.00    0.22 ^ clkbuf_2_2_0_clk/A (sky130_fd_sc_hd__clkbuf_16)
     8    0.16    0.17    0.27    0.49 ^ clkbuf_2_2_0_clk/X (sky130_fd_sc_hd__clkbuf_16)
                                         clknet_2_2_0_clk (net)
                  0.17    0.00    0.50 ^ clkbuf_5_23__f_clk/A (sky130_fd_sc_hd__clkbuf_16)
    10    0.13    0.15    0.25    0.75 ^ clkbuf_5_23__f_clk/X (sky130_fd_sc_hd__clkbuf_16)
                                         clknet_5_23__leaf_clk (net)
                  0.15    0.00    0.75 ^ clkbuf_leaf_196_clk/A (sky130_fd_sc_hd__clkbuf_16)
     9    0.03    0.06    0.17    0.93 ^ clkbuf_leaf_196_clk/X (sky130_fd_sc_hd__clkbuf_16)
                                         clknet_leaf_196_clk (net)
                  0.06    0.00    0.93 ^ done$_DFF_PN0_/CLK (sky130_fd_sc_hd__dfrtp_1)
                          0.25    1.18   clock uncertainty
                          0.00    1.18   clock reconvergence pessimism
                         -0.04    1.13   library hold time
                                  1.13   data required time
-----------------------------------------------------------------------------
                                  1.13   data required time
                                 -1.28   data arrival time
-----------------------------------------------------------------------------
                                  0.15   slack (MET)



==========================================================================
global route report_checks -path_delay max
--------------------------------------------------------------------------
Startpoint: product_q[3]$_DFFE_PN0P_
            (rising edge-triggered flip-flop clocked by clk)
Endpoint: mul_reduced_q[1]$_DFFE_PN0P_
          (rising edge-triggered flip-flop clocked by clk)
Path Group: clk
Path Type: max

Fanout     Cap    Slew   Delay    Time   Description
-----------------------------------------------------------------------------
                          0.00    0.00   clock clk (rise edge)
                          0.00    0.00   clock source latency
     3    0.11    0.00    0.00    0.00 ^ clk (in)
                                         clk (net)
                  0.01    0.00    0.00 ^ clkbuf_0_clk/A (sky130_fd_sc_hd__clkbuf_16)
     4    0.16    0.17    0.21    0.22 ^ clkbuf_0_clk/X (sky130_fd_sc_hd__clkbuf_16)
                                         clknet_0_clk (net)
                  0.17    0.00    0.22 ^ clkbuf_2_2_0_clk/A (sky130_fd_sc_hd__clkbuf_16)
     8    0.16    0.17    0.27    0.49 ^ clkbuf_2_2_0_clk/X (sky130_fd_sc_hd__clkbuf_16)
                                         clknet_2_2_0_clk (net)
                  0.17    0.00    0.50 ^ clkbuf_5_21__f_clk/A (sky130_fd_sc_hd__clkbuf_16)
     8    0.16    0.17    0.27    0.76 ^ clkbuf_5_21__f_clk/X (sky130_fd_sc_hd__clkbuf_16)
                                         clknet_5_21__leaf_clk (net)
                  0.17    0.00    0.77 ^ clkbuf_leaf_248_clk/A (sky130_fd_sc_hd__clkbuf_16)
     7    0.03    0.05    0.18    0.95 ^ clkbuf_leaf_248_clk/X (sky130_fd_sc_hd__clkbuf_16)
                                         clknet_leaf_248_clk (net)
                  0.05    0.00    0.95 ^ product_q[3]$_DFFE_PN0P_/CLK (sky130_fd_sc_hd__dfrtp_1)
    13    0.09    0.42    0.67    1.62 v product_q[3]$_DFFE_PN0P_/Q (sky130_fd_sc_hd__dfrtp_1)
                                         g_b1.u_red.a[3] (net)
                  0.42    0.01    1.62 v _18149_/A (sky130_fd_sc_hd__fa_1)
     2    0.01    0.12    0.61    2.24 v _18149_/COUT (sky130_fd_sc_hd__fa_1)
                                         _08915_ (net)
                  0.12    0.00    2.24 v _18354_/B (sky130_fd_sc_hd__fa_1)
     1    0.01    0.10    0.45    2.69 v _18354_/COUT (sky130_fd_sc_hd__fa_1)
                                         _09450_ (net)
                  0.10    0.00    2.69 v _18580_/A (sky130_fd_sc_hd__ha_1)
     1    0.01    0.08    0.35    3.04 v _18580_/SUM (sky130_fd_sc_hd__ha_1)
                                         _09344_ (net)
                  0.08    0.00    3.04 v _18304_/CIN (sky130_fd_sc_hd__fa_1)
     1    0.01    0.10    0.42    3.46 v _18304_/COUT (sky130_fd_sc_hd__fa_1)
                                         _09057_ (net)
                  0.10    0.00    3.46 v _18193_/A (sky130_fd_sc_hd__fa_1)
     1    0.01    0.09    0.51    3.97 v _18193_/SUM (sky130_fd_sc_hd__fa_1)
                                         _09061_ (net)
                  0.09    0.00    3.97 v _18642_/B (sky130_fd_sc_hd__ha_1)
     2    0.01    0.08    0.33    4.30 v _18642_/SUM (sky130_fd_sc_hd__ha_1)
                                         _00540_ (net)
                  0.08    0.00    4.30 v _09706_/A2 (sky130_fd_sc_hd__a21o_1)
     1    0.00    0.04    0.20    4.49 v _09706_/X (sky130_fd_sc_hd__a21o_1)
                                         _03581_ (net)
                  0.04    0.00    4.49 v _09707_/A2 (sky130_fd_sc_hd__a211oi_1)
     2    0.01    0.45    0.43    4.92 ^ _09707_/Y (sky130_fd_sc_hd__a211oi_1)
                                         _03582_ (net)
                  0.45    0.00    4.92 ^ _09709_/B1 (sky130_fd_sc_hd__o211ai_1)
     2    0.02    0.22    0.29    5.21 v _09709_/Y (sky130_fd_sc_hd__o211ai_1)
                                         _03584_ (net)
                  0.22    0.00    5.21 v _09714_/A1 (sky130_fd_sc_hd__a221oi_1)
     2    0.01    0.49    0.53    5.74 ^ _09714_/Y (sky130_fd_sc_hd__a221oi_1)
                                         _03589_ (net)
                  0.49    0.00    5.74 ^ _09816_/A1 (sky130_fd_sc_hd__o21bai_1)
     1    0.00    0.09    0.15    5.89 v _09816_/Y (sky130_fd_sc_hd__o21bai_1)
                                         _03640_ (net)
                  0.09    0.00    5.89 v _09825_/A4 (sky130_fd_sc_hd__a41oi_1)
     1    0.01    0.22    0.28    6.16 ^ _09825_/Y (sky130_fd_sc_hd__a41oi_1)
                                         _03649_ (net)
                  0.22    0.00    6.16 ^ _09826_/B (sky130_fd_sc_hd__xnor2_1)
     1    0.01    0.07    0.11    6.27 v _09826_/Y (sky130_fd_sc_hd__xnor2_1)
                                         g_b1.u_red.prod[24] (net)
                  0.07    0.00    6.27 v place472/A (sky130_fd_sc_hd__buf_4)
     5    0.04    0.07    0.19    6.46 v place472/X (sky130_fd_sc_hd__buf_4)
                                         net471 (net)
                  0.07    0.01    6.47 v _18199_/A (sky130_fd_sc_hd__fa_1)
     2    0.01    0.09    0.57    7.04 ^ _18199_/SUM (sky130_fd_sc_hd__fa_1)
                                         _00096_ (net)
                  0.09    0.00    7.04 ^ _17275_/A (sky130_fd_sc_hd__inv_1)
     2    0.01    0.07    0.08    7.12 v _17275_/Y (sky130_fd_sc_hd__inv_1)
                                         _00117_ (net)
                  0.07    0.00    7.12 v _18224_/A (sky130_fd_sc_hd__fa_1)
     2    0.01    0.09    0.56    7.68 ^ _18224_/SUM (sky130_fd_sc_hd__fa_1)
                                         _00119_ (net)
                  0.09    0.00    7.68 ^ _09744_/A (sky130_fd_sc_hd__inv_1)
     1    0.01    0.04    0.06    7.74 v _09744_/Y (sky130_fd_sc_hd__inv_1)
                                         _00718_ (net)
                  0.04    0.00    7.74 v _18779_/B (sky130_fd_sc_hd__ha_1)
     2    0.01    0.08    0.30    8.05 v _18779_/SUM (sky130_fd_sc_hd__ha_1)
                                         _00675_ (net)
                  0.08    0.00    8.05 v _18740_/B (sky130_fd_sc_hd__ha_1)
     2    0.01    0.08    0.31    8.36 v _18740_/SUM (sky130_fd_sc_hd__ha_1)
                                         _00402_ (net)
                  0.08    0.00    8.36 v _18547_/B (sky130_fd_sc_hd__ha_1)
     1    0.00    0.05    0.29    8.65 ^ _18547_/SUM (sky130_fd_sc_hd__ha_1)
                                         _00403_ (net)
                  0.05    0.00    8.65 ^ _10287_/A (sky130_fd_sc_hd__inv_1)
     1    0.01    0.03    0.05    8.70 v _10287_/Y (sky130_fd_sc_hd__inv_1)
                                         _00356_ (net)
                  0.03    0.00    8.70 v _18519_/B (sky130_fd_sc_hd__ha_1)
     3    0.01    0.07    0.20    8.90 v _18519_/COUT (sky130_fd_sc_hd__ha_1)
                                         _00357_ (net)
                  0.07    0.00    8.90 v _09757_/B (sky130_fd_sc_hd__or2_2)
     1    0.01    0.07    0.29    9.20 v _09757_/X (sky130_fd_sc_hd__or2_2)
                                         _00121_ (net)
                  0.07    0.00    9.20 v _18226_/CIN (sky130_fd_sc_hd__fa_1)
     3    0.01    0.12    0.44    9.64 v _18226_/COUT (sky130_fd_sc_hd__fa_1)
                                         _00122_ (net)
                  0.12    0.00    9.64 v _16899_/A2 (sky130_fd_sc_hd__a211oi_1)
     2    0.01    0.49    0.49   10.13 ^ _16899_/Y (sky130_fd_sc_hd__a211oi_1)
                                         _02687_ (net)
                  0.49    0.00   10.13 ^ _16901_/A2 (sky130_fd_sc_hd__o21bai_1)
     2    0.01    0.14    0.19   10.32 v _16901_/Y (sky130_fd_sc_hd__o21bai_1)
                                         _02689_ (net)
                  0.14    0.00   10.32 v _16982_/A1 (sky130_fd_sc_hd__a21o_1)
     6    0.03    0.12    0.28   10.59 v _16982_/X (sky130_fd_sc_hd__a21o_1)
                                         _02770_ (net)
                  0.12    0.00   10.59 v _16986_/A3 (sky130_fd_sc_hd__o31ai_1)
     2    0.01    0.44    0.41   11.00 ^ _16986_/Y (sky130_fd_sc_hd__o31ai_1)
                                         _02774_ (net)
                  0.44    0.00   11.00 ^ _17021_/B (sky130_fd_sc_hd__xnor2_1)
     2    0.01    0.12    0.18   11.18 v _17021_/Y (sky130_fd_sc_hd__xnor2_1)
                                         _02809_ (net)
                  0.12    0.00   11.18 v _17060_/A (sky130_fd_sc_hd__nor4_1)
     1    0.00    0.29    0.35   11.53 ^ _17060_/Y (sky130_fd_sc_hd__nor4_1)
                                         _02848_ (net)
                  0.29    0.00   11.53 ^ _17072_/C (sky130_fd_sc_hd__nand4b_1)
     6    0.03    0.33    0.34   11.87 v _17072_/Y (sky130_fd_sc_hd__nand4b_1)
                                         _02860_ (net)
                  0.33    0.00   11.87 v _17073_/C (sky130_fd_sc_hd__nor3_1)
    11    0.04    1.17    0.99   12.86 ^ _17073_/Y (sky130_fd_sc_hd__nor3_1)
                                         _02861_ (net)
                  1.17    0.00   12.87 ^ _17131_/S (sky130_fd_sc_hd__mux2_2)
     1    0.00    0.05    0.42   13.29 v _17131_/X (sky130_fd_sc_hd__mux2_2)
                                         _02910_ (net)
                  0.05    0.00   13.29 v _17133_/A2 (sky130_fd_sc_hd__a21oi_1)
     1    0.01    0.15    0.17   13.46 ^ _17133_/Y (sky130_fd_sc_hd__a21oi_1)
                                         _00848_ (net)
                  0.15    0.00   13.46 ^ mul_reduced_q[1]$_DFFE_PN0P_/D (sky130_fd_sc_hd__dfrtp_1)
                                 13.46   data arrival time

                         20.00   20.00   clock clk (rise edge)
                          0.00   20.00   clock source latency
     3    0.11    0.00    0.00   20.00 ^ clk (in)
                                         clk (net)
                  0.01    0.00   20.00 ^ clkbuf_0_clk/A (sky130_fd_sc_hd__clkbuf_16)
     4    0.16    0.17    0.21   20.22 ^ clkbuf_0_clk/X (sky130_fd_sc_hd__clkbuf_16)
                                         clknet_0_clk (net)
                  0.17    0.00   20.22 ^ clkbuf_2_2_0_clk/A (sky130_fd_sc_hd__clkbuf_16)
     8    0.16    0.17    0.27   20.49 ^ clkbuf_2_2_0_clk/X (sky130_fd_sc_hd__clkbuf_16)
                                         clknet_2_2_0_clk (net)
                  0.17    0.00   20.50 ^ clkbuf_5_21__f_clk/A (sky130_fd_sc_hd__clkbuf_16)
     8    0.16    0.17    0.27   20.76 ^ clkbuf_5_21__f_clk/X (sky130_fd_sc_hd__clkbuf_16)
                                         clknet_5_21__leaf_clk (net)
                  0.17    0.00   20.77 ^ clkbuf_leaf_246_clk/A (sky130_fd_sc_hd__clkbuf_16)
     9    0.04    0.06    0.18   20.95 ^ clkbuf_leaf_246_clk/X (sky130_fd_sc_hd__clkbuf_16)
                                         clknet_leaf_246_clk (net)
                  0.06    0.00   20.95 ^ mul_reduced_q[1]$_DFFE_PN0P_/CLK (sky130_fd_sc_hd__dfrtp_1)
                         -0.25   20.70   clock uncertainty
                          0.00   20.70   clock reconvergence pessimism
                         -0.08   20.62   library setup time
                                 20.62   data required time
-----------------------------------------------------------------------------
                                 20.62   data required time
                                -13.46   data arrival time
-----------------------------------------------------------------------------
                                  7.16   slack (MET)



==========================================================================
global route report_checks -unconstrained
--------------------------------------------------------------------------
Startpoint: product_q[3]$_DFFE_PN0P_
            (rising edge-triggered flip-flop clocked by clk)
Endpoint: mul_reduced_q[1]$_DFFE_PN0P_
          (rising edge-triggered flip-flop clocked by clk)
Path Group: clk
Path Type: max

Fanout     Cap    Slew   Delay    Time   Description
-----------------------------------------------------------------------------
                          0.00    0.00   clock clk (rise edge)
                          0.00    0.00   clock source latency
     3    0.11    0.00    0.00    0.00 ^ clk (in)
                                         clk (net)
                  0.01    0.00    0.00 ^ clkbuf_0_clk/A (sky130_fd_sc_hd__clkbuf_16)
     4    0.16    0.17    0.21    0.22 ^ clkbuf_0_clk/X (sky130_fd_sc_hd__clkbuf_16)
                                         clknet_0_clk (net)
                  0.17    0.00    0.22 ^ clkbuf_2_2_0_clk/A (sky130_fd_sc_hd__clkbuf_16)
     8    0.16    0.17    0.27    0.49 ^ clkbuf_2_2_0_clk/X (sky130_fd_sc_hd__clkbuf_16)
                                         clknet_2_2_0_clk (net)
                  0.17    0.00    0.50 ^ clkbuf_5_21__f_clk/A (sky130_fd_sc_hd__clkbuf_16)
     8    0.16    0.17    0.27    0.76 ^ clkbuf_5_21__f_clk/X (sky130_fd_sc_hd__clkbuf_16)
                                         clknet_5_21__leaf_clk (net)
                  0.17    0.00    0.77 ^ clkbuf_leaf_248_clk/A (sky130_fd_sc_hd__clkbuf_16)
     7    0.03    0.05    0.18    0.95 ^ clkbuf_leaf_248_clk/X (sky130_fd_sc_hd__clkbuf_16)
                                         clknet_leaf_248_clk (net)
                  0.05    0.00    0.95 ^ product_q[3]$_DFFE_PN0P_/CLK (sky130_fd_sc_hd__dfrtp_1)
    13    0.09    0.42    0.67    1.62 v product_q[3]$_DFFE_PN0P_/Q (sky130_fd_sc_hd__dfrtp_1)
                                         g_b1.u_red.a[3] (net)
                  0.42    0.01    1.62 v _18149_/A (sky130_fd_sc_hd__fa_1)
     2    0.01    0.12    0.61    2.24 v _18149_/COUT (sky130_fd_sc_hd__fa_1)
                                         _08915_ (net)
                  0.12    0.00    2.24 v _18354_/B (sky130_fd_sc_hd__fa_1)
     1    0.01    0.10    0.45    2.69 v _18354_/COUT (sky130_fd_sc_hd__fa_1)
                                         _09450_ (net)
                  0.10    0.00    2.69 v _18580_/A (sky130_fd_sc_hd__ha_1)
     1    0.01    0.08    0.35    3.04 v _18580_/SUM (sky130_fd_sc_hd__ha_1)
                                         _09344_ (net)
                  0.08    0.00    3.04 v _18304_/CIN (sky130_fd_sc_hd__fa_1)
     1    0.01    0.10    0.42    3.46 v _18304_/COUT (sky130_fd_sc_hd__fa_1)
                                         _09057_ (net)
                  0.10    0.00    3.46 v _18193_/A (sky130_fd_sc_hd__fa_1)
     1    0.01    0.09    0.51    3.97 v _18193_/SUM (sky130_fd_sc_hd__fa_1)
                                         _09061_ (net)
                  0.09    0.00    3.97 v _18642_/B (sky130_fd_sc_hd__ha_1)
     2    0.01    0.08    0.33    4.30 v _18642_/SUM (sky130_fd_sc_hd__ha_1)
                                         _00540_ (net)
                  0.08    0.00    4.30 v _09706_/A2 (sky130_fd_sc_hd__a21o_1)
     1    0.00    0.04    0.20    4.49 v _09706_/X (sky130_fd_sc_hd__a21o_1)
                                         _03581_ (net)
                  0.04    0.00    4.49 v _09707_/A2 (sky130_fd_sc_hd__a211oi_1)
     2    0.01    0.45    0.43    4.92 ^ _09707_/Y (sky130_fd_sc_hd__a211oi_1)
                                         _03582_ (net)
                  0.45    0.00    4.92 ^ _09709_/B1 (sky130_fd_sc_hd__o211ai_1)
     2    0.02    0.22    0.29    5.21 v _09709_/Y (sky130_fd_sc_hd__o211ai_1)
                                         _03584_ (net)
                  0.22    0.00    5.21 v _09714_/A1 (sky130_fd_sc_hd__a221oi_1)
     2    0.01    0.49    0.53    5.74 ^ _09714_/Y (sky130_fd_sc_hd__a221oi_1)
                                         _03589_ (net)
                  0.49    0.00    5.74 ^ _09816_/A1 (sky130_fd_sc_hd__o21bai_1)
     1    0.00    0.09    0.15    5.89 v _09816_/Y (sky130_fd_sc_hd__o21bai_1)
                                         _03640_ (net)
                  0.09    0.00    5.89 v _09825_/A4 (sky130_fd_sc_hd__a41oi_1)
     1    0.01    0.22    0.28    6.16 ^ _09825_/Y (sky130_fd_sc_hd__a41oi_1)
                                         _03649_ (net)
                  0.22    0.00    6.16 ^ _09826_/B (sky130_fd_sc_hd__xnor2_1)
     1    0.01    0.07    0.11    6.27 v _09826_/Y (sky130_fd_sc_hd__xnor2_1)
                                         g_b1.u_red.prod[24] (net)
                  0.07    0.00    6.27 v place472/A (sky130_fd_sc_hd__buf_4)
     5    0.04    0.07    0.19    6.46 v place472/X (sky130_fd_sc_hd__buf_4)
                                         net471 (net)
                  0.07    0.01    6.47 v _18199_/A (sky130_fd_sc_hd__fa_1)
     2    0.01    0.09    0.57    7.04 ^ _18199_/SUM (sky130_fd_sc_hd__fa_1)
                                         _00096_ (net)
                  0.09    0.00    7.04 ^ _17275_/A (sky130_fd_sc_hd__inv_1)
     2    0.01    0.07    0.08    7.12 v _17275_/Y (sky130_fd_sc_hd__inv_1)
                                         _00117_ (net)
                  0.07    0.00    7.12 v _18224_/A (sky130_fd_sc_hd__fa_1)
     2    0.01    0.09    0.56    7.68 ^ _18224_/SUM (sky130_fd_sc_hd__fa_1)
                                         _00119_ (net)
                  0.09    0.00    7.68 ^ _09744_/A (sky130_fd_sc_hd__inv_1)
     1    0.01    0.04    0.06    7.74 v _09744_/Y (sky130_fd_sc_hd__inv_1)
                                         _00718_ (net)
                  0.04    0.00    7.74 v _18779_/B (sky130_fd_sc_hd__ha_1)
     2    0.01    0.08    0.30    8.05 v _18779_/SUM (sky130_fd_sc_hd__ha_1)
                                         _00675_ (net)
                  0.08    0.00    8.05 v _18740_/B (sky130_fd_sc_hd__ha_1)
     2    0.01    0.08    0.31    8.36 v _18740_/SUM (sky130_fd_sc_hd__ha_1)
                                         _00402_ (net)
                  0.08    0.00    8.36 v _18547_/B (sky130_fd_sc_hd__ha_1)
     1    0.00    0.05    0.29    8.65 ^ _18547_/SUM (sky130_fd_sc_hd__ha_1)
                                         _00403_ (net)
                  0.05    0.00    8.65 ^ _10287_/A (sky130_fd_sc_hd__inv_1)
     1    0.01    0.03    0.05    8.70 v _10287_/Y (sky130_fd_sc_hd__inv_1)
                                         _00356_ (net)
                  0.03    0.00    8.70 v _18519_/B (sky130_fd_sc_hd__ha_1)
     3    0.01    0.07    0.20    8.90 v _18519_/COUT (sky130_fd_sc_hd__ha_1)
                                         _00357_ (net)
                  0.07    0.00    8.90 v _09757_/B (sky130_fd_sc_hd__or2_2)
     1    0.01    0.07    0.29    9.20 v _09757_/X (sky130_fd_sc_hd__or2_2)
                                         _00121_ (net)
                  0.07    0.00    9.20 v _18226_/CIN (sky130_fd_sc_hd__fa_1)
     3    0.01    0.12    0.44    9.64 v _18226_/COUT (sky130_fd_sc_hd__fa_1)
                                         _00122_ (net)
                  0.12    0.00    9.64 v _16899_/A2 (sky130_fd_sc_hd__a211oi_1)
     2    0.01    0.49    0.49   10.13 ^ _16899_/Y (sky130_fd_sc_hd__a211oi_1)
                                         _02687_ (net)
                  0.49    0.00   10.13 ^ _16901_/A2 (sky130_fd_sc_hd__o21bai_1)
     2    0.01    0.14    0.19   10.32 v _16901_/Y (sky130_fd_sc_hd__o21bai_1)
                                         _02689_ (net)
                  0.14    0.00   10.32 v _16982_/A1 (sky130_fd_sc_hd__a21o_1)
     6    0.03    0.12    0.28   10.59 v _16982_/X (sky130_fd_sc_hd__a21o_1)
                                         _02770_ (net)
                  0.12    0.00   10.59 v _16986_/A3 (sky130_fd_sc_hd__o31ai_1)
     2    0.01    0.44    0.41   11.00 ^ _16986_/Y (sky130_fd_sc_hd__o31ai_1)
                                         _02774_ (net)
                  0.44    0.00   11.00 ^ _17021_/B (sky130_fd_sc_hd__xnor2_1)
     2    0.01    0.12    0.18   11.18 v _17021_/Y (sky130_fd_sc_hd__xnor2_1)
                                         _02809_ (net)
                  0.12    0.00   11.18 v _17060_/A (sky130_fd_sc_hd__nor4_1)
     1    0.00    0.29    0.35   11.53 ^ _17060_/Y (sky130_fd_sc_hd__nor4_1)
                                         _02848_ (net)
                  0.29    0.00   11.53 ^ _17072_/C (sky130_fd_sc_hd__nand4b_1)
     6    0.03    0.33    0.34   11.87 v _17072_/Y (sky130_fd_sc_hd__nand4b_1)
                                         _02860_ (net)
                  0.33    0.00   11.87 v _17073_/C (sky130_fd_sc_hd__nor3_1)
    11    0.04    1.17    0.99   12.86 ^ _17073_/Y (sky130_fd_sc_hd__nor3_1)
                                         _02861_ (net)
                  1.17    0.00   12.87 ^ _17131_/S (sky130_fd_sc_hd__mux2_2)
     1    0.00    0.05    0.42   13.29 v _17131_/X (sky130_fd_sc_hd__mux2_2)
                                         _02910_ (net)
                  0.05    0.00   13.29 v _17133_/A2 (sky130_fd_sc_hd__a21oi_1)
     1    0.01    0.15    0.17   13.46 ^ _17133_/Y (sky130_fd_sc_hd__a21oi_1)
                                         _00848_ (net)
                  0.15    0.00   13.46 ^ mul_reduced_q[1]$_DFFE_PN0P_/D (sky130_fd_sc_hd__dfrtp_1)
                                 13.46   data arrival time

                         20.00   20.00   clock clk (rise edge)
                          0.00   20.00   clock source latency
     3    0.11    0.00    0.00   20.00 ^ clk (in)
                                         clk (net)
                  0.01    0.00   20.00 ^ clkbuf_0_clk/A (sky130_fd_sc_hd__clkbuf_16)
     4    0.16    0.17    0.21   20.22 ^ clkbuf_0_clk/X (sky130_fd_sc_hd__clkbuf_16)
                                         clknet_0_clk (net)
                  0.17    0.00   20.22 ^ clkbuf_2_2_0_clk/A (sky130_fd_sc_hd__clkbuf_16)
     8    0.16    0.17    0.27   20.49 ^ clkbuf_2_2_0_clk/X (sky130_fd_sc_hd__clkbuf_16)
                                         clknet_2_2_0_clk (net)
                  0.17    0.00   20.50 ^ clkbuf_5_21__f_clk/A (sky130_fd_sc_hd__clkbuf_16)
     8    0.16    0.17    0.27   20.76 ^ clkbuf_5_21__f_clk/X (sky130_fd_sc_hd__clkbuf_16)
                                         clknet_5_21__leaf_clk (net)
                  0.17    0.00   20.77 ^ clkbuf_leaf_246_clk/A (sky130_fd_sc_hd__clkbuf_16)
     9    0.04    0.06    0.18   20.95 ^ clkbuf_leaf_246_clk/X (sky130_fd_sc_hd__clkbuf_16)
                                         clknet_leaf_246_clk (net)
                  0.06    0.00   20.95 ^ mul_reduced_q[1]$_DFFE_PN0P_/CLK (sky130_fd_sc_hd__dfrtp_1)
                         -0.25   20.70   clock uncertainty
                          0.00   20.70   clock reconvergence pessimism
                         -0.08   20.62   library setup time
                                 20.62   data required time
-----------------------------------------------------------------------------
                                 20.62   data required time
                                -13.46   data arrival time
-----------------------------------------------------------------------------
                                  7.16   slack (MET)



==========================================================================
global route report_check_types -max_slew -max_cap -max_fanout -violators
--------------------------------------------------------------------------

==========================================================================
global route max_slew_check_slack
--------------------------------------------------------------------------
0.03274325281381607

==========================================================================
global route max_slew_check_limit
--------------------------------------------------------------------------
1.4944789409637451

==========================================================================
global route max_slew_check_slack_limit
--------------------------------------------------------------------------
0.0219

==========================================================================
global route max_fanout_check_slack
--------------------------------------------------------------------------
1.0000000150474662e+30

==========================================================================
global route max_fanout_check_limit
--------------------------------------------------------------------------
1.0000000150474662e+30

==========================================================================
global route max_capacitance_check_slack
--------------------------------------------------------------------------
0.0007473541190847754

==========================================================================
global route max_capacitance_check_limit
--------------------------------------------------------------------------
0.0860700011253357

==========================================================================
global route max_capacitance_check_slack_limit
--------------------------------------------------------------------------
0.0087

==========================================================================
global route max_slew_violation_count
--------------------------------------------------------------------------
max slew violation count 0

==========================================================================
global route max_fanout_violation_count
--------------------------------------------------------------------------
max fanout violation count 0

==========================================================================
global route max_cap_violation_count
--------------------------------------------------------------------------
max cap violation count 0

==========================================================================
global route setup_violation_count
--------------------------------------------------------------------------
setup violation count 0

==========================================================================
global route hold_violation_count
--------------------------------------------------------------------------
hold violation count 0

==========================================================================
global route report_checks -path_delay max reg to reg
--------------------------------------------------------------------------
Startpoint: product_q[3]$_DFFE_PN0P_
            (rising edge-triggered flip-flop clocked by clk)
Endpoint: mul_reduced_q[1]$_DFFE_PN0P_
          (rising edge-triggered flip-flop clocked by clk)
Path Group: clk
Path Type: max

  Delay    Time   Description
---------------------------------------------------------
   0.00    0.00   clock clk (rise edge)
   0.00    0.00   clock source latency
   0.00    0.00 ^ clk (in)
   0.22    0.22 ^ clkbuf_0_clk/X (sky130_fd_sc_hd__clkbuf_16)
   0.27    0.49 ^ clkbuf_2_2_0_clk/X (sky130_fd_sc_hd__clkbuf_16)
   0.27    0.76 ^ clkbuf_5_21__f_clk/X (sky130_fd_sc_hd__clkbuf_16)
   0.18    0.95 ^ clkbuf_leaf_248_clk/X (sky130_fd_sc_hd__clkbuf_16)
   0.00    0.95 ^ product_q[3]$_DFFE_PN0P_/CLK (sky130_fd_sc_hd__dfrtp_1)
   0.67    1.62 v product_q[3]$_DFFE_PN0P_/Q (sky130_fd_sc_hd__dfrtp_1)
   0.62    2.24 v _18149_/COUT (sky130_fd_sc_hd__fa_1)
   0.45    2.69 v _18354_/COUT (sky130_fd_sc_hd__fa_1)
   0.35    3.04 v _18580_/SUM (sky130_fd_sc_hd__ha_1)
   0.42    3.46 v _18304_/COUT (sky130_fd_sc_hd__fa_1)
   0.51    3.97 v _18193_/SUM (sky130_fd_sc_hd__fa_1)
   0.33    4.30 v _18642_/SUM (sky130_fd_sc_hd__ha_1)
   0.20    4.49 v _09706_/X (sky130_fd_sc_hd__a21o_1)
   0.43    4.92 ^ _09707_/Y (sky130_fd_sc_hd__a211oi_1)
   0.29    5.21 v _09709_/Y (sky130_fd_sc_hd__o211ai_1)
   0.53    5.74 ^ _09714_/Y (sky130_fd_sc_hd__a221oi_1)
   0.15    5.89 v _09816_/Y (sky130_fd_sc_hd__o21bai_1)
   0.28    6.16 ^ _09825_/Y (sky130_fd_sc_hd__a41oi_1)
   0.11    6.27 v _09826_/Y (sky130_fd_sc_hd__xnor2_1)
   0.19    6.46 v place472/X (sky130_fd_sc_hd__buf_4)
   0.57    7.04 ^ _18199_/SUM (sky130_fd_sc_hd__fa_1)
   0.09    7.12 v _17275_/Y (sky130_fd_sc_hd__inv_1)
   0.56    7.68 ^ _18224_/SUM (sky130_fd_sc_hd__fa_1)
   0.06    7.74 v _09744_/Y (sky130_fd_sc_hd__inv_1)
   0.30    8.05 v _18779_/SUM (sky130_fd_sc_hd__ha_1)
   0.31    8.36 v _18740_/SUM (sky130_fd_sc_hd__ha_1)
   0.29    8.65 ^ _18547_/SUM (sky130_fd_sc_hd__ha_1)
   0.05    8.70 v _10287_/Y (sky130_fd_sc_hd__inv_1)
   0.20    8.90 v _18519_/COUT (sky130_fd_sc_hd__ha_1)
   0.29    9.20 v _09757_/X (sky130_fd_sc_hd__or2_2)
   0.44    9.64 v _18226_/COUT (sky130_fd_sc_hd__fa_1)
   0.49   10.13 ^ _16899_/Y (sky130_fd_sc_hd__a211oi_1)
   0.19   10.32 v _16901_/Y (sky130_fd_sc_hd__o21bai_1)
   0.28   10.59 v _16982_/X (sky130_fd_sc_hd__a21o_1)
   0.41   11.00 ^ _16986_/Y (sky130_fd_sc_hd__o31ai_1)
   0.18   11.18 v _17021_/Y (sky130_fd_sc_hd__xnor2_1)
   0.35   11.53 ^ _17060_/Y (sky130_fd_sc_hd__nor4_1)
   0.34   11.87 v _17072_/Y (sky130_fd_sc_hd__nand4b_1)
   0.99   12.86 ^ _17073_/Y (sky130_fd_sc_hd__nor3_1)
   0.42   13.29 v _17131_/X (sky130_fd_sc_hd__mux2_2)
   0.17   13.46 ^ _17133_/Y (sky130_fd_sc_hd__a21oi_1)
   0.00   13.46 ^ mul_reduced_q[1]$_DFFE_PN0P_/D (sky130_fd_sc_hd__dfrtp_1)
          13.46   data arrival time

  20.00   20.00   clock clk (rise edge)
   0.00   20.00   clock source latency
   0.00   20.00 ^ clk (in)
   0.22   20.22 ^ clkbuf_0_clk/X (sky130_fd_sc_hd__clkbuf_16)
   0.27   20.49 ^ clkbuf_2_2_0_clk/X (sky130_fd_sc_hd__clkbuf_16)
   0.27   20.76 ^ clkbuf_5_21__f_clk/X (sky130_fd_sc_hd__clkbuf_16)
   0.19   20.95 ^ clkbuf_leaf_246_clk/X (sky130_fd_sc_hd__clkbuf_16)
   0.00   20.95 ^ mul_reduced_q[1]$_DFFE_PN0P_/CLK (sky130_fd_sc_hd__dfrtp_1)
  -0.25   20.70   clock uncertainty
   0.00   20.70   clock reconvergence pessimism
  -0.08   20.62   library setup time
          20.62   data required time
---------------------------------------------------------
          20.62   data required time
         -13.46   data arrival time
---------------------------------------------------------
           7.16   slack (MET)



==========================================================================
global route report_checks -path_delay min reg to reg
--------------------------------------------------------------------------
Startpoint: st[15]$_DFF_PN0_ (rising edge-triggered flip-flop clocked by clk)
Endpoint: done$_DFF_PN0_ (rising edge-triggered flip-flop clocked by clk)
Path Group: clk
Path Type: min

  Delay    Time   Description
---------------------------------------------------------
   0.00    0.00   clock clk (rise edge)
   0.00    0.00   clock source latency
   0.00    0.00 ^ clk (in)
   0.22    0.22 ^ clkbuf_0_clk/X (sky130_fd_sc_hd__clkbuf_16)
   0.27    0.49 ^ clkbuf_2_2_0_clk/X (sky130_fd_sc_hd__clkbuf_16)
   0.26    0.75 ^ clkbuf_5_23__f_clk/X (sky130_fd_sc_hd__clkbuf_16)
   0.18    0.93 ^ clkbuf_leaf_196_clk/X (sky130_fd_sc_hd__clkbuf_16)
   0.00    0.93 ^ st[15]$_DFF_PN0_/CLK (sky130_fd_sc_hd__dfrtp_1)
   0.36    1.28 ^ st[15]$_DFF_PN0_/Q (sky130_fd_sc_hd__dfrtp_1)
   0.00    1.28 ^ done$_DFF_PN0_/D (sky130_fd_sc_hd__dfrtp_1)
           1.28   data arrival time

   0.00    0.00   clock clk (rise edge)
   0.00    0.00   clock source latency
   0.00    0.00 ^ clk (in)
   0.22    0.22 ^ clkbuf_0_clk/X (sky130_fd_sc_hd__clkbuf_16)
   0.27    0.49 ^ clkbuf_2_2_0_clk/X (sky130_fd_sc_hd__clkbuf_16)
   0.26    0.75 ^ clkbuf_5_23__f_clk/X (sky130_fd_sc_hd__clkbuf_16)
   0.18    0.93 ^ clkbuf_leaf_196_clk/X (sky130_fd_sc_hd__clkbuf_16)
   0.00    0.93 ^ done$_DFF_PN0_/CLK (sky130_fd_sc_hd__dfrtp_1)
   0.25    1.18   clock uncertainty
   0.00    1.18   clock reconvergence pessimism
  -0.04    1.13   library hold time
           1.13   data required time
---------------------------------------------------------
           1.13   data required time
          -1.28   data arrival time
---------------------------------------------------------
           0.15   slack (MET)



==========================================================================
global route critical path target clock latency max path
--------------------------------------------------------------------------
0.9400

==========================================================================
global route critical path target clock latency min path
--------------------------------------------------------------------------
0.9268

==========================================================================
global route critical path source clock latency min path
--------------------------------------------------------------------------
0.0000

==========================================================================
global route critical path delay
--------------------------------------------------------------------------
13.4629

==========================================================================
global route critical path slack
--------------------------------------------------------------------------
7.1589

==========================================================================
global route slack div critical path delay
--------------------------------------------------------------------------
53.175022

==========================================================================
global route report_power
--------------------------------------------------------------------------
Group                  Internal  Switching    Leakage      Total
                          Power      Power      Power      Power (Watts)
----------------------------------------------------------------
Sequential             8.33e-03   3.93e-04   3.00e-08   8.72e-03   7.7%
Combinational          3.54e-02   6.19e-02   2.73e-08   9.73e-02  86.3%
Clock                  3.71e-03   3.00e-03   5.45e-09   6.71e-03   6.0%
Macro                  0.00e+00   0.00e+00   0.00e+00   0.00e+00   0.0%
Pad                    0.00e+00   0.00e+00   0.00e+00   0.00e+00   0.0%
----------------------------------------------------------------
Total                  4.74e-02   6.53e-02   6.27e-08   1.13e-01 100.0%
                          42.1%      57.9%       0.0%
