
==========================================================================
finish report_tns
--------------------------------------------------------------------------
tns max 0.00

==========================================================================
finish report_wns
--------------------------------------------------------------------------
wns max 0.00

==========================================================================
finish report_worst_slack
--------------------------------------------------------------------------
worst slack max 7.88

==========================================================================
finish report_clock_min_period
--------------------------------------------------------------------------
clk period_min = 12.12 fmax = 82.49

==========================================================================
finish report_clock_skew
--------------------------------------------------------------------------
Clock clk
   0.96 source latency j[7]$_DFFE_PN0P_/CLK ^
  -0.90 target latency u_coeff_ram.mem[253][9]$_DFFE_PP_/CLK ^
   0.25 clock uncertainty
   0.00 CRPR
--------------
   0.31 setup skew


==========================================================================
finish report_checks -path_delay min
--------------------------------------------------------------------------
Startpoint: st[15]$_DFF_PN0_ (rising edge-triggered flip-flop clocked by clk)
Endpoint: done$_DFF_PN0_ (rising edge-triggered flip-flop clocked by clk)
Path Group: clk
Path Type: min

Fanout     Cap    Slew   Delay    Time   Description
-----------------------------------------------------------------------------
                          0.00    0.00   clock clk (rise edge)
                          0.00    0.00   clock source latency
     3    0.09    0.00    0.00    0.00 ^ clk (in)
                                         clk (net)
                  0.01    0.00    0.00 ^ clkbuf_0_clk/A (sky130_fd_sc_hd__clkbuf_16)
     4    0.16    0.18    0.21    0.22 ^ clkbuf_0_clk/X (sky130_fd_sc_hd__clkbuf_16)
                                         clknet_0_clk (net)
                  0.18    0.01    0.22 ^ clkbuf_2_2_0_clk/A (sky130_fd_sc_hd__clkbuf_16)
     8    0.15    0.16    0.27    0.49 ^ clkbuf_2_2_0_clk/X (sky130_fd_sc_hd__clkbuf_16)
                                         clknet_2_2_0_clk (net)
                  0.16    0.00    0.49 ^ clkbuf_5_23__f_clk/A (sky130_fd_sc_hd__clkbuf_16)
    10    0.13    0.14    0.25    0.74 ^ clkbuf_5_23__f_clk/X (sky130_fd_sc_hd__clkbuf_16)
                                         clknet_5_23__leaf_clk (net)
                  0.14    0.00    0.74 ^ clkbuf_leaf_196_clk/A (sky130_fd_sc_hd__clkbuf_16)
     9    0.03    0.05    0.17    0.91 ^ clkbuf_leaf_196_clk/X (sky130_fd_sc_hd__clkbuf_16)
                                         clknet_leaf_196_clk (net)
                  0.05    0.00    0.91 ^ st[15]$_DFF_PN0_/CLK (sky130_fd_sc_hd__dfrtp_1)
     2    0.01    0.08    0.35    1.25 ^ st[15]$_DFF_PN0_/Q (sky130_fd_sc_hd__dfrtp_1)
                                         st[15] (net)
                  0.08    0.00    1.25 ^ done$_DFF_PN0_/D (sky130_fd_sc_hd__dfrtp_1)
                                  1.25   data arrival time

                          0.00    0.00   clock clk (rise edge)
                          0.00    0.00   clock source latency
     3    0.09    0.00    0.00    0.00 ^ clk (in)
                                         clk (net)
                  0.01    0.00    0.00 ^ clkbuf_0_clk/A (sky130_fd_sc_hd__clkbuf_16)
     4    0.16    0.18    0.21    0.22 ^ clkbuf_0_clk/X (sky130_fd_sc_hd__clkbuf_16)
                                         clknet_0_clk (net)
                  0.18    0.01    0.22 ^ clkbuf_2_2_0_clk/A (sky130_fd_sc_hd__clkbuf_16)
     8    0.15    0.16    0.27    0.49 ^ clkbuf_2_2_0_clk/X (sky130_fd_sc_hd__clkbuf_16)
                                         clknet_2_2_0_clk (net)
                  0.16    0.00    0.49 ^ clkbuf_5_23__f_clk/A (sky130_fd_sc_hd__clkbuf_16)
    10    0.13    0.14    0.25    0.74 ^ clkbuf_5_23__f_clk/X (sky130_fd_sc_hd__clkbuf_16)
                                         clknet_5_23__leaf_clk (net)
                  0.14    0.00    0.74 ^ clkbuf_leaf_196_clk/A (sky130_fd_sc_hd__clkbuf_16)
     9    0.03    0.05    0.17    0.91 ^ clkbuf_leaf_196_clk/X (sky130_fd_sc_hd__clkbuf_16)
                                         clknet_leaf_196_clk (net)
                  0.05    0.00    0.91 ^ done$_DFF_PN0_/CLK (sky130_fd_sc_hd__dfrtp_1)
                          0.25    1.16   clock uncertainty
                          0.00    1.16   clock reconvergence pessimism
                         -0.04    1.12   library hold time
                                  1.12   data required time
-----------------------------------------------------------------------------
                                  1.12   data required time
                                 -1.25   data arrival time
-----------------------------------------------------------------------------
                                  0.14   slack (MET)



==========================================================================
finish report_checks -path_delay max
--------------------------------------------------------------------------
Startpoint: product_q[3]$_DFFE_PN0P_
            (rising edge-triggered flip-flop clocked by clk)
Endpoint: mul_reduced_q[1]$_DFFE_PN0P_
          (rising edge-triggered flip-flop clocked by clk)
Path Group: clk
Path Type: max

Fanout     Cap    Slew   Delay    Time   Description
-----------------------------------------------------------------------------
                          0.00    0.00   clock clk (rise edge)
                          0.00    0.00   clock source latency
     3    0.09    0.00    0.00    0.00 ^ clk (in)
                                         clk (net)
                  0.01    0.00    0.00 ^ clkbuf_0_clk/A (sky130_fd_sc_hd__clkbuf_16)
     4    0.16    0.18    0.21    0.22 ^ clkbuf_0_clk/X (sky130_fd_sc_hd__clkbuf_16)
                                         clknet_0_clk (net)
                  0.18    0.01    0.22 ^ clkbuf_2_2_0_clk/A (sky130_fd_sc_hd__clkbuf_16)
     8    0.15    0.16    0.27    0.49 ^ clkbuf_2_2_0_clk/X (sky130_fd_sc_hd__clkbuf_16)
                                         clknet_2_2_0_clk (net)
                  0.16    0.00    0.49 ^ clkbuf_5_21__f_clk/A (sky130_fd_sc_hd__clkbuf_16)
     8    0.15    0.16    0.26    0.75 ^ clkbuf_5_21__f_clk/X (sky130_fd_sc_hd__clkbuf_16)
                                         clknet_5_21__leaf_clk (net)
                  0.16    0.01    0.75 ^ clkbuf_leaf_248_clk/A (sky130_fd_sc_hd__clkbuf_16)
     7    0.03    0.05    0.17    0.93 ^ clkbuf_leaf_248_clk/X (sky130_fd_sc_hd__clkbuf_16)
                                         clknet_leaf_248_clk (net)
                  0.05    0.00    0.93 ^ product_q[3]$_DFFE_PN0P_/CLK (sky130_fd_sc_hd__dfrtp_1)
    13    0.07    0.35    0.62    1.55 v product_q[3]$_DFFE_PN0P_/Q (sky130_fd_sc_hd__dfrtp_1)
                                         g_b1.u_red.a[3] (net)
                  0.35    0.00    1.55 v _18149_/A (sky130_fd_sc_hd__fa_1)
     2    0.01    0.11    0.58    2.13 v _18149_/COUT (sky130_fd_sc_hd__fa_1)
                                         _08915_ (net)
                  0.11    0.00    2.13 v _18354_/B (sky130_fd_sc_hd__fa_1)
     1    0.01    0.10    0.45    2.57 v _18354_/COUT (sky130_fd_sc_hd__fa_1)
                                         _09450_ (net)
                  0.10    0.00    2.57 v _18580_/A (sky130_fd_sc_hd__ha_1)
     1    0.01    0.08    0.34    2.91 v _18580_/SUM (sky130_fd_sc_hd__ha_1)
                                         _09344_ (net)
                  0.08    0.00    2.91 v _18304_/CIN (sky130_fd_sc_hd__fa_1)
     1    0.01    0.09    0.40    3.32 v _18304_/COUT (sky130_fd_sc_hd__fa_1)
                                         _09057_ (net)
                  0.09    0.00    3.32 v _18193_/A (sky130_fd_sc_hd__fa_1)
     1    0.01    0.09    0.50    3.82 v _18193_/SUM (sky130_fd_sc_hd__fa_1)
                                         _09061_ (net)
                  0.09    0.00    3.82 v _18642_/B (sky130_fd_sc_hd__ha_1)
     2    0.01    0.07    0.31    4.13 v _18642_/SUM (sky130_fd_sc_hd__ha_1)
                                         _00540_ (net)
                  0.07    0.00    4.13 v _09706_/A2 (sky130_fd_sc_hd__a21o_1)
     1    0.00    0.04    0.19    4.32 v _09706_/X (sky130_fd_sc_hd__a21o_1)
                                         _03581_ (net)
                  0.04    0.00    4.32 v _09707_/A2 (sky130_fd_sc_hd__a211oi_1)
     2    0.01    0.39    0.38    4.70 ^ _09707_/Y (sky130_fd_sc_hd__a211oi_1)
                                         _03582_ (net)
                  0.39    0.00    4.70 ^ _09709_/B1 (sky130_fd_sc_hd__o211ai_1)
     2    0.02    0.23    0.29    4.99 v _09709_/Y (sky130_fd_sc_hd__o211ai_1)
                                         _03584_ (net)
                  0.23    0.00    4.99 v _09714_/A1 (sky130_fd_sc_hd__a221oi_1)
     2    0.01    0.45    0.50    5.49 ^ _09714_/Y (sky130_fd_sc_hd__a221oi_1)
                                         _03589_ (net)
                  0.45    0.00    5.49 ^ _09816_/A1 (sky130_fd_sc_hd__o21bai_1)
     1    0.00    0.09    0.14    5.63 v _09816_/Y (sky130_fd_sc_hd__o21bai_1)
                                         _03640_ (net)
                  0.09    0.00    5.63 v _09825_/A4 (sky130_fd_sc_hd__a41oi_1)
     1    0.01    0.22    0.27    5.89 ^ _09825_/Y (sky130_fd_sc_hd__a41oi_1)
                                         _03649_ (net)
                  0.22    0.00    5.89 ^ _09826_/B (sky130_fd_sc_hd__xnor2_1)
     1    0.00    0.06    0.10    5.99 v _09826_/Y (sky130_fd_sc_hd__xnor2_1)
                                         g_b1.u_red.prod[24] (net)
                  0.06    0.00    5.99 v place472/A (sky130_fd_sc_hd__buf_4)
     5    0.04    0.07    0.18    6.17 v place472/X (sky130_fd_sc_hd__buf_4)
                                         net471 (net)
                  0.07    0.00    6.18 v _18199_/A (sky130_fd_sc_hd__fa_1)
     2    0.01    0.08    0.56    6.74 ^ _18199_/SUM (sky130_fd_sc_hd__fa_1)
                                         _00096_ (net)
                  0.08    0.00    6.74 ^ _17275_/A (sky130_fd_sc_hd__inv_1)
     2    0.01    0.06    0.08    6.82 v _17275_/Y (sky130_fd_sc_hd__inv_1)
                                         _00117_ (net)
                  0.06    0.00    6.82 v _18224_/A (sky130_fd_sc_hd__fa_1)
     2    0.01    0.08    0.56    7.37 ^ _18224_/SUM (sky130_fd_sc_hd__fa_1)
                                         _00119_ (net)
                  0.08    0.00    7.37 ^ _09744_/A (sky130_fd_sc_hd__inv_1)
     1    0.00    0.03    0.05    7.42 v _09744_/Y (sky130_fd_sc_hd__inv_1)
                                         _00718_ (net)
                  0.03    0.00    7.42 v _18779_/B (sky130_fd_sc_hd__ha_1)
     2    0.01    0.07    0.29    7.71 v _18779_/SUM (sky130_fd_sc_hd__ha_1)
                                         _00675_ (net)
                  0.07    0.00    7.71 v _18740_/B (sky130_fd_sc_hd__ha_1)
     2    0.01    0.07    0.30    8.01 v _18740_/SUM (sky130_fd_sc_hd__ha_1)
                                         _00402_ (net)
                  0.07    0.00    8.01 v _18547_/B (sky130_fd_sc_hd__ha_1)
     1    0.00    0.05    0.28    8.29 ^ _18547_/SUM (sky130_fd_sc_hd__ha_1)
                                         _00403_ (net)
                  0.05    0.00    8.29 ^ _10287_/A (sky130_fd_sc_hd__inv_1)
     1    0.00    0.03    0.04    8.33 v _10287_/Y (sky130_fd_sc_hd__inv_1)
                                         _00356_ (net)
                  0.03    0.00    8.33 v _18519_/B (sky130_fd_sc_hd__ha_1)
     3    0.01    0.06    0.19    8.52 v _18519_/COUT (sky130_fd_sc_hd__ha_1)
                                         _00357_ (net)
                  0.06    0.00    8.52 v _09757_/B (sky130_fd_sc_hd__or2_2)
     1    0.01    0.06    0.28    8.80 v _09757_/X (sky130_fd_sc_hd__or2_2)
                                         _00121_ (net)
                  0.06    0.00    8.80 v _18226_/CIN (sky130_fd_sc_hd__fa_1)
     3    0.01    0.12    0.43    9.23 v _18226_/COUT (sky130_fd_sc_hd__fa_1)
                                         _00122_ (net)
                  0.12    0.00    9.23 v _16899_/A2 (sky130_fd_sc_hd__a211oi_1)
     2    0.01    0.40    0.42    9.65 ^ _16899_/Y (sky130_fd_sc_hd__a211oi_1)
                                         _02687_ (net)
                  0.40    0.00    9.66 ^ _16901_/A2 (sky130_fd_sc_hd__o21bai_1)
     2    0.01    0.12    0.17    9.83 v _16901_/Y (sky130_fd_sc_hd__o21bai_1)
                                         _02689_ (net)
                  0.12    0.00    9.83 v _16982_/A1 (sky130_fd_sc_hd__a21o_1)
     6    0.02    0.12    0.26   10.09 v _16982_/X (sky130_fd_sc_hd__a21o_1)
                                         _02770_ (net)
                  0.12    0.00   10.09 v _16986_/A3 (sky130_fd_sc_hd__o31ai_1)
     2    0.01    0.43    0.41   10.50 ^ _16986_/Y (sky130_fd_sc_hd__o31ai_1)
                                         _02774_ (net)
                  0.43    0.00   10.50 ^ _17021_/B (sky130_fd_sc_hd__xnor2_1)
     2    0.01    0.10    0.14   10.64 v _17021_/Y (sky130_fd_sc_hd__xnor2_1)
                                         _02809_ (net)
                  0.10    0.00   10.64 v _17060_/A (sky130_fd_sc_hd__nor4_1)
     1    0.00    0.27    0.33   10.97 ^ _17060_/Y (sky130_fd_sc_hd__nor4_1)
                                         _02848_ (net)
                  0.27    0.00   10.97 ^ _17072_/C (sky130_fd_sc_hd__nand4b_1)
     6    0.03    0.32    0.33   11.30 v _17072_/Y (sky130_fd_sc_hd__nand4b_1)
                                         _02860_ (net)
                  0.32    0.00   11.30 v _17073_/C (sky130_fd_sc_hd__nor3_1)
    11    0.04    1.01    0.87   12.17 ^ _17073_/Y (sky130_fd_sc_hd__nor3_1)
                                         _02861_ (net)
                  1.01    0.00   12.17 ^ _17131_/S (sky130_fd_sc_hd__mux2_2)
     1    0.00    0.05    0.42   12.59 v _17131_/X (sky130_fd_sc_hd__mux2_2)
                                         _02910_ (net)
                  0.05    0.00   12.59 v _17133_/A2 (sky130_fd_sc_hd__a21oi_1)
     1    0.00    0.11    0.14   12.73 ^ _17133_/Y (sky130_fd_sc_hd__a21oi_1)
                                         _00848_ (net)
                  0.11    0.00   12.73 ^ mul_reduced_q[1]$_DFFE_PN0P_/D (sky130_fd_sc_hd__dfrtp_1)
                                 12.73   data arrival time

                         20.00   20.00   clock clk (rise edge)
                          0.00   20.00   clock source latency
     3    0.09    0.00    0.00   20.00 ^ clk (in)
                                         clk (net)
                  0.01    0.00   20.00 ^ clkbuf_0_clk/A (sky130_fd_sc_hd__clkbuf_16)
     4    0.16    0.18    0.21   20.22 ^ clkbuf_0_clk/X (sky130_fd_sc_hd__clkbuf_16)
                                         clknet_0_clk (net)
                  0.18    0.01   20.22 ^ clkbuf_2_2_0_clk/A (sky130_fd_sc_hd__clkbuf_16)
     8    0.15    0.16    0.27   20.49 ^ clkbuf_2_2_0_clk/X (sky130_fd_sc_hd__clkbuf_16)
                                         clknet_2_2_0_clk (net)
                  0.16    0.00   20.49 ^ clkbuf_5_21__f_clk/A (sky130_fd_sc_hd__clkbuf_16)
     8    0.15    0.16    0.26   20.75 ^ clkbuf_5_21__f_clk/X (sky130_fd_sc_hd__clkbuf_16)
                                         clknet_5_21__leaf_clk (net)
                  0.16    0.01   20.75 ^ clkbuf_leaf_246_clk/A (sky130_fd_sc_hd__clkbuf_16)
     9    0.03    0.06    0.18   20.93 ^ clkbuf_leaf_246_clk/X (sky130_fd_sc_hd__clkbuf_16)
                                         clknet_leaf_246_clk (net)
                  0.06    0.00   20.93 ^ mul_reduced_q[1]$_DFFE_PN0P_/CLK (sky130_fd_sc_hd__dfrtp_1)
                         -0.25   20.68   clock uncertainty
                          0.00   20.68   clock reconvergence pessimism
                         -0.07   20.61   library setup time
                                 20.61   data required time
-----------------------------------------------------------------------------
                                 20.61   data required time
                                -12.73   data arrival time
-----------------------------------------------------------------------------
                                  7.88   slack (MET)



==========================================================================
finish report_checks -unconstrained
--------------------------------------------------------------------------
Startpoint: product_q[3]$_DFFE_PN0P_
            (rising edge-triggered flip-flop clocked by clk)
Endpoint: mul_reduced_q[1]$_DFFE_PN0P_
          (rising edge-triggered flip-flop clocked by clk)
Path Group: clk
Path Type: max

Fanout     Cap    Slew   Delay    Time   Description
-----------------------------------------------------------------------------
                          0.00    0.00   clock clk (rise edge)
                          0.00    0.00   clock source latency
     3    0.09    0.00    0.00    0.00 ^ clk (in)
                                         clk (net)
                  0.01    0.00    0.00 ^ clkbuf_0_clk/A (sky130_fd_sc_hd__clkbuf_16)
     4    0.16    0.18    0.21    0.22 ^ clkbuf_0_clk/X (sky130_fd_sc_hd__clkbuf_16)
                                         clknet_0_clk (net)
                  0.18    0.01    0.22 ^ clkbuf_2_2_0_clk/A (sky130_fd_sc_hd__clkbuf_16)
     8    0.15    0.16    0.27    0.49 ^ clkbuf_2_2_0_clk/X (sky130_fd_sc_hd__clkbuf_16)
                                         clknet_2_2_0_clk (net)
                  0.16    0.00    0.49 ^ clkbuf_5_21__f_clk/A (sky130_fd_sc_hd__clkbuf_16)
     8    0.15    0.16    0.26    0.75 ^ clkbuf_5_21__f_clk/X (sky130_fd_sc_hd__clkbuf_16)
                                         clknet_5_21__leaf_clk (net)
                  0.16    0.01    0.75 ^ clkbuf_leaf_248_clk/A (sky130_fd_sc_hd__clkbuf_16)
     7    0.03    0.05    0.17    0.93 ^ clkbuf_leaf_248_clk/X (sky130_fd_sc_hd__clkbuf_16)
                                         clknet_leaf_248_clk (net)
                  0.05    0.00    0.93 ^ product_q[3]$_DFFE_PN0P_/CLK (sky130_fd_sc_hd__dfrtp_1)
    13    0.07    0.35    0.62    1.55 v product_q[3]$_DFFE_PN0P_/Q (sky130_fd_sc_hd__dfrtp_1)
                                         g_b1.u_red.a[3] (net)
                  0.35    0.00    1.55 v _18149_/A (sky130_fd_sc_hd__fa_1)
     2    0.01    0.11    0.58    2.13 v _18149_/COUT (sky130_fd_sc_hd__fa_1)
                                         _08915_ (net)
                  0.11    0.00    2.13 v _18354_/B (sky130_fd_sc_hd__fa_1)
     1    0.01    0.10    0.45    2.57 v _18354_/COUT (sky130_fd_sc_hd__fa_1)
                                         _09450_ (net)
                  0.10    0.00    2.57 v _18580_/A (sky130_fd_sc_hd__ha_1)
     1    0.01    0.08    0.34    2.91 v _18580_/SUM (sky130_fd_sc_hd__ha_1)
                                         _09344_ (net)
                  0.08    0.00    2.91 v _18304_/CIN (sky130_fd_sc_hd__fa_1)
     1    0.01    0.09    0.40    3.32 v _18304_/COUT (sky130_fd_sc_hd__fa_1)
                                         _09057_ (net)
                  0.09    0.00    3.32 v _18193_/A (sky130_fd_sc_hd__fa_1)
     1    0.01    0.09    0.50    3.82 v _18193_/SUM (sky130_fd_sc_hd__fa_1)
                                         _09061_ (net)
                  0.09    0.00    3.82 v _18642_/B (sky130_fd_sc_hd__ha_1)
     2    0.01    0.07    0.31    4.13 v _18642_/SUM (sky130_fd_sc_hd__ha_1)
                                         _00540_ (net)
                  0.07    0.00    4.13 v _09706_/A2 (sky130_fd_sc_hd__a21o_1)
     1    0.00    0.04    0.19    4.32 v _09706_/X (sky130_fd_sc_hd__a21o_1)
                                         _03581_ (net)
                  0.04    0.00    4.32 v _09707_/A2 (sky130_fd_sc_hd__a211oi_1)
     2    0.01    0.39    0.38    4.70 ^ _09707_/Y (sky130_fd_sc_hd__a211oi_1)
                                         _03582_ (net)
                  0.39    0.00    4.70 ^ _09709_/B1 (sky130_fd_sc_hd__o211ai_1)
     2    0.02    0.23    0.29    4.99 v _09709_/Y (sky130_fd_sc_hd__o211ai_1)
                                         _03584_ (net)
                  0.23    0.00    4.99 v _09714_/A1 (sky130_fd_sc_hd__a221oi_1)
     2    0.01    0.45    0.50    5.49 ^ _09714_/Y (sky130_fd_sc_hd__a221oi_1)
                                         _03589_ (net)
                  0.45    0.00    5.49 ^ _09816_/A1 (sky130_fd_sc_hd__o21bai_1)
     1    0.00    0.09    0.14    5.63 v _09816_/Y (sky130_fd_sc_hd__o21bai_1)
                                         _03640_ (net)
                  0.09    0.00    5.63 v _09825_/A4 (sky130_fd_sc_hd__a41oi_1)
     1    0.01    0.22    0.27    5.89 ^ _09825_/Y (sky130_fd_sc_hd__a41oi_1)
                                         _03649_ (net)
                  0.22    0.00    5.89 ^ _09826_/B (sky130_fd_sc_hd__xnor2_1)
     1    0.00    0.06    0.10    5.99 v _09826_/Y (sky130_fd_sc_hd__xnor2_1)
                                         g_b1.u_red.prod[24] (net)
                  0.06    0.00    5.99 v place472/A (sky130_fd_sc_hd__buf_4)
     5    0.04    0.07    0.18    6.17 v place472/X (sky130_fd_sc_hd__buf_4)
                                         net471 (net)
                  0.07    0.00    6.18 v _18199_/A (sky130_fd_sc_hd__fa_1)
     2    0.01    0.08    0.56    6.74 ^ _18199_/SUM (sky130_fd_sc_hd__fa_1)
                                         _00096_ (net)
                  0.08    0.00    6.74 ^ _17275_/A (sky130_fd_sc_hd__inv_1)
     2    0.01    0.06    0.08    6.82 v _17275_/Y (sky130_fd_sc_hd__inv_1)
                                         _00117_ (net)
                  0.06    0.00    6.82 v _18224_/A (sky130_fd_sc_hd__fa_1)
     2    0.01    0.08    0.56    7.37 ^ _18224_/SUM (sky130_fd_sc_hd__fa_1)
                                         _00119_ (net)
                  0.08    0.00    7.37 ^ _09744_/A (sky130_fd_sc_hd__inv_1)
     1    0.00    0.03    0.05    7.42 v _09744_/Y (sky130_fd_sc_hd__inv_1)
                                         _00718_ (net)
                  0.03    0.00    7.42 v _18779_/B (sky130_fd_sc_hd__ha_1)
     2    0.01    0.07    0.29    7.71 v _18779_/SUM (sky130_fd_sc_hd__ha_1)
                                         _00675_ (net)
                  0.07    0.00    7.71 v _18740_/B (sky130_fd_sc_hd__ha_1)
     2    0.01    0.07    0.30    8.01 v _18740_/SUM (sky130_fd_sc_hd__ha_1)
                                         _00402_ (net)
                  0.07    0.00    8.01 v _18547_/B (sky130_fd_sc_hd__ha_1)
     1    0.00    0.05    0.28    8.29 ^ _18547_/SUM (sky130_fd_sc_hd__ha_1)
                                         _00403_ (net)
                  0.05    0.00    8.29 ^ _10287_/A (sky130_fd_sc_hd__inv_1)
     1    0.00    0.03    0.04    8.33 v _10287_/Y (sky130_fd_sc_hd__inv_1)
                                         _00356_ (net)
                  0.03    0.00    8.33 v _18519_/B (sky130_fd_sc_hd__ha_1)
     3    0.01    0.06    0.19    8.52 v _18519_/COUT (sky130_fd_sc_hd__ha_1)
                                         _00357_ (net)
                  0.06    0.00    8.52 v _09757_/B (sky130_fd_sc_hd__or2_2)
     1    0.01    0.06    0.28    8.80 v _09757_/X (sky130_fd_sc_hd__or2_2)
                                         _00121_ (net)
                  0.06    0.00    8.80 v _18226_/CIN (sky130_fd_sc_hd__fa_1)
     3    0.01    0.12    0.43    9.23 v _18226_/COUT (sky130_fd_sc_hd__fa_1)
                                         _00122_ (net)
                  0.12    0.00    9.23 v _16899_/A2 (sky130_fd_sc_hd__a211oi_1)
     2    0.01    0.40    0.42    9.65 ^ _16899_/Y (sky130_fd_sc_hd__a211oi_1)
                                         _02687_ (net)
                  0.40    0.00    9.66 ^ _16901_/A2 (sky130_fd_sc_hd__o21bai_1)
     2    0.01    0.12    0.17    9.83 v _16901_/Y (sky130_fd_sc_hd__o21bai_1)
                                         _02689_ (net)
                  0.12    0.00    9.83 v _16982_/A1 (sky130_fd_sc_hd__a21o_1)
     6    0.02    0.12    0.26   10.09 v _16982_/X (sky130_fd_sc_hd__a21o_1)
                                         _02770_ (net)
                  0.12    0.00   10.09 v _16986_/A3 (sky130_fd_sc_hd__o31ai_1)
     2    0.01    0.43    0.41   10.50 ^ _16986_/Y (sky130_fd_sc_hd__o31ai_1)
                                         _02774_ (net)
                  0.43    0.00   10.50 ^ _17021_/B (sky130_fd_sc_hd__xnor2_1)
     2    0.01    0.10    0.14   10.64 v _17021_/Y (sky130_fd_sc_hd__xnor2_1)
                                         _02809_ (net)
                  0.10    0.00   10.64 v _17060_/A (sky130_fd_sc_hd__nor4_1)
     1    0.00    0.27    0.33   10.97 ^ _17060_/Y (sky130_fd_sc_hd__nor4_1)
                                         _02848_ (net)
                  0.27    0.00   10.97 ^ _17072_/C (sky130_fd_sc_hd__nand4b_1)
     6    0.03    0.32    0.33   11.30 v _17072_/Y (sky130_fd_sc_hd__nand4b_1)
                                         _02860_ (net)
                  0.32    0.00   11.30 v _17073_/C (sky130_fd_sc_hd__nor3_1)
    11    0.04    1.01    0.87   12.17 ^ _17073_/Y (sky130_fd_sc_hd__nor3_1)
                                         _02861_ (net)
                  1.01    0.00   12.17 ^ _17131_/S (sky130_fd_sc_hd__mux2_2)
     1    0.00    0.05    0.42   12.59 v _17131_/X (sky130_fd_sc_hd__mux2_2)
                                         _02910_ (net)
                  0.05    0.00   12.59 v _17133_/A2 (sky130_fd_sc_hd__a21oi_1)
     1    0.00    0.11    0.14   12.73 ^ _17133_/Y (sky130_fd_sc_hd__a21oi_1)
                                         _00848_ (net)
                  0.11    0.00   12.73 ^ mul_reduced_q[1]$_DFFE_PN0P_/D (sky130_fd_sc_hd__dfrtp_1)
                                 12.73   data arrival time

                         20.00   20.00   clock clk (rise edge)
                          0.00   20.00   clock source latency
     3    0.09    0.00    0.00   20.00 ^ clk (in)
                                         clk (net)
                  0.01    0.00   20.00 ^ clkbuf_0_clk/A (sky130_fd_sc_hd__clkbuf_16)
     4    0.16    0.18    0.21   20.22 ^ clkbuf_0_clk/X (sky130_fd_sc_hd__clkbuf_16)
                                         clknet_0_clk (net)
                  0.18    0.01   20.22 ^ clkbuf_2_2_0_clk/A (sky130_fd_sc_hd__clkbuf_16)
     8    0.15    0.16    0.27   20.49 ^ clkbuf_2_2_0_clk/X (sky130_fd_sc_hd__clkbuf_16)
                                         clknet_2_2_0_clk (net)
                  0.16    0.00   20.49 ^ clkbuf_5_21__f_clk/A (sky130_fd_sc_hd__clkbuf_16)
     8    0.15    0.16    0.26   20.75 ^ clkbuf_5_21__f_clk/X (sky130_fd_sc_hd__clkbuf_16)
                                         clknet_5_21__leaf_clk (net)
                  0.16    0.01   20.75 ^ clkbuf_leaf_246_clk/A (sky130_fd_sc_hd__clkbuf_16)
     9    0.03    0.06    0.18   20.93 ^ clkbuf_leaf_246_clk/X (sky130_fd_sc_hd__clkbuf_16)
                                         clknet_leaf_246_clk (net)
                  0.06    0.00   20.93 ^ mul_reduced_q[1]$_DFFE_PN0P_/CLK (sky130_fd_sc_hd__dfrtp_1)
                         -0.25   20.68   clock uncertainty
                          0.00   20.68   clock reconvergence pessimism
                         -0.07   20.61   library setup time
                                 20.61   data required time
-----------------------------------------------------------------------------
                                 20.61   data required time
                                -12.73   data arrival time
-----------------------------------------------------------------------------
                                  7.88   slack (MET)



==========================================================================
finish report_check_types -max_slew -max_cap -max_fanout -violators
--------------------------------------------------------------------------

==========================================================================
finish max_slew_check_slack
--------------------------------------------------------------------------
0.0716349259018898

==========================================================================
finish max_slew_check_limit
--------------------------------------------------------------------------
1.4944789409637451

==========================================================================
finish max_slew_check_slack_limit
--------------------------------------------------------------------------
0.0479

==========================================================================
finish max_fanout_check_slack
--------------------------------------------------------------------------
1.0000000150474662e+30

==========================================================================
finish max_fanout_check_limit
--------------------------------------------------------------------------
1.0000000150474662e+30

==========================================================================
finish max_capacitance_check_slack
--------------------------------------------------------------------------
0.0029886304400861263

==========================================================================
finish max_capacitance_check_limit
--------------------------------------------------------------------------
0.0860700011253357

==========================================================================
finish max_capacitance_check_slack_limit
--------------------------------------------------------------------------
0.0347

==========================================================================
finish max_slew_violation_count
--------------------------------------------------------------------------
max slew violation count 0

==========================================================================
finish max_fanout_violation_count
--------------------------------------------------------------------------
max fanout violation count 0

==========================================================================
finish max_cap_violation_count
--------------------------------------------------------------------------
max cap violation count 0

==========================================================================
finish setup_violation_count
--------------------------------------------------------------------------
setup violation count 0

==========================================================================
finish hold_violation_count
--------------------------------------------------------------------------
hold violation count 0

==========================================================================
finish report_checks -path_delay max reg to reg
--------------------------------------------------------------------------
Startpoint: product_q[3]$_DFFE_PN0P_
            (rising edge-triggered flip-flop clocked by clk)
Endpoint: mul_reduced_q[1]$_DFFE_PN0P_
          (rising edge-triggered flip-flop clocked by clk)
Path Group: clk
Path Type: max

  Delay    Time   Description
---------------------------------------------------------
   0.00    0.00   clock clk (rise edge)
   0.00    0.00   clock source latency
   0.00    0.00 ^ clk (in)
   0.22    0.22 ^ clkbuf_0_clk/X (sky130_fd_sc_hd__clkbuf_16)
   0.27    0.49 ^ clkbuf_2_2_0_clk/X (sky130_fd_sc_hd__clkbuf_16)
   0.26    0.75 ^ clkbuf_5_21__f_clk/X (sky130_fd_sc_hd__clkbuf_16)
   0.18    0.93 ^ clkbuf_leaf_248_clk/X (sky130_fd_sc_hd__clkbuf_16)
   0.00    0.93 ^ product_q[3]$_DFFE_PN0P_/CLK (sky130_fd_sc_hd__dfrtp_1)
   0.62    1.55 v product_q[3]$_DFFE_PN0P_/Q (sky130_fd_sc_hd__dfrtp_1)
   0.58    2.13 v _18149_/COUT (sky130_fd_sc_hd__fa_1)
   0.45    2.57 v _18354_/COUT (sky130_fd_sc_hd__fa_1)
   0.34    2.91 v _18580_/SUM (sky130_fd_sc_hd__ha_1)
   0.40    3.32 v _18304_/COUT (sky130_fd_sc_hd__fa_1)
   0.50    3.82 v _18193_/SUM (sky130_fd_sc_hd__fa_1)
   0.31    4.13 v _18642_/SUM (sky130_fd_sc_hd__ha_1)
   0.19    4.32 v _09706_/X (sky130_fd_sc_hd__a21o_1)
   0.38    4.70 ^ _09707_/Y (sky130_fd_sc_hd__a211oi_1)
   0.29    4.99 v _09709_/Y (sky130_fd_sc_hd__o211ai_1)
   0.50    5.49 ^ _09714_/Y (sky130_fd_sc_hd__a221oi_1)
   0.14    5.63 v _09816_/Y (sky130_fd_sc_hd__o21bai_1)
   0.27    5.89 ^ _09825_/Y (sky130_fd_sc_hd__a41oi_1)
   0.10    5.99 v _09826_/Y (sky130_fd_sc_hd__xnor2_1)
   0.18    6.17 v place472/X (sky130_fd_sc_hd__buf_4)
   0.57    6.74 ^ _18199_/SUM (sky130_fd_sc_hd__fa_1)
   0.08    6.82 v _17275_/Y (sky130_fd_sc_hd__inv_1)
   0.56    7.37 ^ _18224_/SUM (sky130_fd_sc_hd__fa_1)
   0.05    7.42 v _09744_/Y (sky130_fd_sc_hd__inv_1)
   0.29    7.71 v _18779_/SUM (sky130_fd_sc_hd__ha_1)
   0.30    8.01 v _18740_/SUM (sky130_fd_sc_hd__ha_1)
   0.28    8.29 ^ _18547_/SUM (sky130_fd_sc_hd__ha_1)
   0.04    8.33 v _10287_/Y (sky130_fd_sc_hd__inv_1)
   0.19    8.52 v _18519_/COUT (sky130_fd_sc_hd__ha_1)
   0.28    8.80 v _09757_/X (sky130_fd_sc_hd__or2_2)
   0.43    9.23 v _18226_/COUT (sky130_fd_sc_hd__fa_1)
   0.42    9.65 ^ _16899_/Y (sky130_fd_sc_hd__a211oi_1)
   0.17    9.83 v _16901_/Y (sky130_fd_sc_hd__o21bai_1)
   0.27   10.09 v _16982_/X (sky130_fd_sc_hd__a21o_1)
   0.41   10.50 ^ _16986_/Y (sky130_fd_sc_hd__o31ai_1)
   0.14   10.64 v _17021_/Y (sky130_fd_sc_hd__xnor2_1)
   0.33   10.97 ^ _17060_/Y (sky130_fd_sc_hd__nor4_1)
   0.33   11.30 v _17072_/Y (sky130_fd_sc_hd__nand4b_1)
   0.87   12.17 ^ _17073_/Y (sky130_fd_sc_hd__nor3_1)
   0.42   12.59 v _17131_/X (sky130_fd_sc_hd__mux2_2)
   0.14   12.73 ^ _17133_/Y (sky130_fd_sc_hd__a21oi_1)
   0.00   12.73 ^ mul_reduced_q[1]$_DFFE_PN0P_/D (sky130_fd_sc_hd__dfrtp_1)
          12.73   data arrival time

  20.00   20.00   clock clk (rise edge)
   0.00   20.00   clock source latency
   0.00   20.00 ^ clk (in)
   0.22   20.22 ^ clkbuf_0_clk/X (sky130_fd_sc_hd__clkbuf_16)
   0.27   20.49 ^ clkbuf_2_2_0_clk/X (sky130_fd_sc_hd__clkbuf_16)
   0.26   20.75 ^ clkbuf_5_21__f_clk/X (sky130_fd_sc_hd__clkbuf_16)
   0.18   20.93 ^ clkbuf_leaf_246_clk/X (sky130_fd_sc_hd__clkbuf_16)
   0.00   20.93 ^ mul_reduced_q[1]$_DFFE_PN0P_/CLK (sky130_fd_sc_hd__dfrtp_1)
  -0.25   20.68   clock uncertainty
   0.00   20.68   clock reconvergence pessimism
  -0.07   20.61   library setup time
          20.61   data required time
---------------------------------------------------------
          20.61   data required time
         -12.73   data arrival time
---------------------------------------------------------
           7.88   slack (MET)



==========================================================================
finish report_checks -path_delay min reg to reg
--------------------------------------------------------------------------
Startpoint: st[15]$_DFF_PN0_ (rising edge-triggered flip-flop clocked by clk)
Endpoint: done$_DFF_PN0_ (rising edge-triggered flip-flop clocked by clk)
Path Group: clk
Path Type: min

  Delay    Time   Description
---------------------------------------------------------
   0.00    0.00   clock clk (rise edge)
   0.00    0.00   clock source latency
   0.00    0.00 ^ clk (in)
   0.22    0.22 ^ clkbuf_0_clk/X (sky130_fd_sc_hd__clkbuf_16)
   0.27    0.49 ^ clkbuf_2_2_0_clk/X (sky130_fd_sc_hd__clkbuf_16)
   0.25    0.74 ^ clkbuf_5_23__f_clk/X (sky130_fd_sc_hd__clkbuf_16)
   0.17    0.91 ^ clkbuf_leaf_196_clk/X (sky130_fd_sc_hd__clkbuf_16)
   0.00    0.91 ^ st[15]$_DFF_PN0_/CLK (sky130_fd_sc_hd__dfrtp_1)
   0.35    1.25 ^ st[15]$_DFF_PN0_/Q (sky130_fd_sc_hd__dfrtp_1)
   0.00    1.25 ^ done$_DFF_PN0_/D (sky130_fd_sc_hd__dfrtp_1)
           1.25   data arrival time

   0.00    0.00   clock clk (rise edge)
   0.00    0.00   clock source latency
   0.00    0.00 ^ clk (in)
   0.22    0.22 ^ clkbuf_0_clk/X (sky130_fd_sc_hd__clkbuf_16)
   0.27    0.49 ^ clkbuf_2_2_0_clk/X (sky130_fd_sc_hd__clkbuf_16)
   0.25    0.74 ^ clkbuf_5_23__f_clk/X (sky130_fd_sc_hd__clkbuf_16)
   0.17    0.91 ^ clkbuf_leaf_196_clk/X (sky130_fd_sc_hd__clkbuf_16)
   0.00    0.91 ^ done$_DFF_PN0_/CLK (sky130_fd_sc_hd__dfrtp_1)
   0.25    1.16   clock uncertainty
   0.00    1.16   clock reconvergence pessimism
  -0.04    1.12   library hold time
           1.12   data required time
---------------------------------------------------------
           1.12   data required time
          -1.25   data arrival time
---------------------------------------------------------
           0.14   slack (MET)



==========================================================================
finish critical path target clock latency max path
--------------------------------------------------------------------------
0.9253

==========================================================================
finish critical path target clock latency min path
--------------------------------------------------------------------------
0.9080

==========================================================================
finish critical path source clock latency min path
--------------------------------------------------------------------------
0.0000

==========================================================================
finish critical path delay
--------------------------------------------------------------------------
12.7317

==========================================================================
finish critical path slack
--------------------------------------------------------------------------
7.8775

==========================================================================
finish slack div critical path delay
--------------------------------------------------------------------------
61.873120

==========================================================================
finish report_power
--------------------------------------------------------------------------
Group                  Internal  Switching    Leakage      Total
                          Power      Power      Power      Power (Watts)
----------------------------------------------------------------
Sequential             8.33e-03   3.70e-04   3.00e-08   8.70e-03   8.2%
Combinational          3.57e-02   5.55e-02   2.73e-08   9.11e-02  85.8%
Clock                  3.70e-03   2.70e-03   5.45e-09   6.40e-03   6.0%
Macro                  0.00e+00   0.00e+00   0.00e+00   0.00e+00   0.0%
Pad                    0.00e+00   0.00e+00   0.00e+00   0.00e+00   0.0%
----------------------------------------------------------------
Total                  4.77e-02   5.85e-02   6.27e-08   1.06e-01 100.0%
                          44.9%      55.1%       0.0%
