
==========================================================================
floorplan final report_tns
--------------------------------------------------------------------------
tns max 0.00

==========================================================================
floorplan final report_wns
--------------------------------------------------------------------------
wns max 0.00

==========================================================================
floorplan final report_worst_slack
--------------------------------------------------------------------------
worst slack max 3.44

==========================================================================
floorplan final report_clock_min_period
--------------------------------------------------------------------------
clk period_min = 6.56 fmax = 152.42

==========================================================================
floorplan final report_checks -path_delay min
--------------------------------------------------------------------------
Startpoint: load_q[320]$_DFFE_PN0P_
            (rising edge-triggered flip-flop clocked by clk)
Endpoint: load_q[320]$_DFFE_PN0P_
          (rising edge-triggered flip-flop clocked by clk)
Path Group: clk
Path Type: min

Fanout     Cap    Slew   Delay    Time   Description
-----------------------------------------------------------------------------
                  0.00    0.00    0.00   clock clk (rise edge)
                          0.00    0.00   clock network delay (ideal)
                  0.00    0.00    0.00 ^ load_q[320]$_DFFE_PN0P_/CLK (sky130_fd_sc_hd__dfrtp_1)
     2    0.00    0.06    0.31    0.31 ^ load_q[320]$_DFFE_PN0P_/Q (sky130_fd_sc_hd__dfrtp_1)
                                         load_q[320] (net)
                  0.06    0.00    0.31 ^ _18639_/A (sky130_fd_sc_hd__nand2_1)
     1    0.00    0.03    0.04    0.35 v _18639_/Y (sky130_fd_sc_hd__nand2_1)
                                         _15925_ (net)
                  0.03    0.00    0.35 v _18640_/B1 (sky130_fd_sc_hd__o21ai_0)
     1    0.00    0.06    0.05    0.41 ^ _18640_/Y (sky130_fd_sc_hd__o21ai_0)
                                         _01296_ (net)
                  0.06    0.00    0.41 ^ load_q[320]$_DFFE_PN0P_/D (sky130_fd_sc_hd__dfrtp_1)
                                  0.41   data arrival time

                  0.00    0.00    0.00   clock clk (rise edge)
                          0.00    0.00   clock network delay (ideal)
                          0.25    0.25   clock uncertainty
                          0.00    0.25   clock reconvergence pessimism
                                  0.25 ^ load_q[320]$_DFFE_PN0P_/CLK (sky130_fd_sc_hd__dfrtp_1)
                         -0.04    0.21   library hold time
                                  0.21   data required time
-----------------------------------------------------------------------------
                                  0.21   data required time
                                 -0.41   data arrival time
-----------------------------------------------------------------------------
                                  0.20   slack (MET)



==========================================================================
floorplan final report_checks -path_delay max
--------------------------------------------------------------------------
Startpoint: lane_idx[0] (input port clocked by clk)
Endpoint: lane_rdata[23] (output port clocked by clk)
Path Group: clk
Path Type: max

Fanout     Cap    Slew   Delay    Time   Description
-----------------------------------------------------------------------------
                  0.00    0.00    0.00   clock clk (rise edge)
                          0.00    0.00   clock network delay (ideal)
                          2.00    2.00 ^ input external delay
     2    0.00    0.00    0.00    2.00 ^ lane_idx[0] (in)
                                         lane_idx[0] (net)
                  0.00    0.00    2.00 ^ _16023_/A (sky130_fd_sc_hd__buf_2)
    10    0.03    0.16    0.18    2.18 ^ _16023_/X (sky130_fd_sc_hd__buf_2)
                                         _14588_ (net)
                  0.16    0.00    2.18 ^ _16033_/A (sky130_fd_sc_hd__clkbuf_1)
    10    0.02    0.26    0.26    2.43 ^ _16033_/X (sky130_fd_sc_hd__clkbuf_1)
                                         _14597_ (net)
                  0.26    0.00    2.43 ^ _31546_/A (sky130_fd_sc_hd__clkbuf_1)
    10    0.06    0.67    0.56    2.99 ^ _31546_/X (sky130_fd_sc_hd__clkbuf_1)
                                         _14100_ (net)
                  0.67    0.00    2.99 ^ _31687_/S0 (sky130_fd_sc_hd__mux4_2)
     1    0.00    0.08    0.57    3.56 v _31687_/X (sky130_fd_sc_hd__mux4_2)
                                         _14231_ (net)
                  0.08    0.00    3.56 v _31689_/A2 (sky130_fd_sc_hd__mux4_2)
     1    0.00    0.08    0.45    4.01 v _31689_/X (sky130_fd_sc_hd__mux4_2)
                                         _14233_ (net)
                  0.08    0.00    4.01 v _31690_/B (sky130_fd_sc_hd__nand2_1)
     1    0.00    0.05    0.07    4.08 ^ _31690_/Y (sky130_fd_sc_hd__nand2_1)
                                         _14234_ (net)
                  0.05    0.00    4.08 ^ _31691_/B1 (sky130_fd_sc_hd__o21ai_0)
     1    0.02    0.27    0.23    4.31 v _31691_/Y (sky130_fd_sc_hd__o21ai_0)
                                         lane_rdata[23] (net)
                  0.27    0.00    4.31 v lane_rdata[23] (out)
                                  4.31   data arrival time

                  0.00   10.00   10.00   clock clk (rise edge)
                          0.00   10.00   clock network delay (ideal)
                         -0.25    9.75   clock uncertainty
                          0.00    9.75   clock reconvergence pessimism
                         -2.00    7.75   output external delay
                                  7.75   data required time
-----------------------------------------------------------------------------
                                  7.75   data required time
                                 -4.31   data arrival time
-----------------------------------------------------------------------------
                                  3.44   slack (MET)



==========================================================================
floorplan final report_checks -unconstrained
--------------------------------------------------------------------------
Startpoint: lane_idx[0] (input port clocked by clk)
Endpoint: lane_rdata[23] (output port clocked by clk)
Path Group: clk
Path Type: max

Fanout     Cap    Slew   Delay    Time   Description
-----------------------------------------------------------------------------
                  0.00    0.00    0.00   clock clk (rise edge)
                          0.00    0.00   clock network delay (ideal)
                          2.00    2.00 ^ input external delay
     2    0.00    0.00    0.00    2.00 ^ lane_idx[0] (in)
                                         lane_idx[0] (net)
                  0.00    0.00    2.00 ^ _16023_/A (sky130_fd_sc_hd__buf_2)
    10    0.03    0.16    0.18    2.18 ^ _16023_/X (sky130_fd_sc_hd__buf_2)
                                         _14588_ (net)
                  0.16    0.00    2.18 ^ _16033_/A (sky130_fd_sc_hd__clkbuf_1)
    10    0.02    0.26    0.26    2.43 ^ _16033_/X (sky130_fd_sc_hd__clkbuf_1)
                                         _14597_ (net)
                  0.26    0.00    2.43 ^ _31546_/A (sky130_fd_sc_hd__clkbuf_1)
    10    0.06    0.67    0.56    2.99 ^ _31546_/X (sky130_fd_sc_hd__clkbuf_1)
                                         _14100_ (net)
                  0.67    0.00    2.99 ^ _31687_/S0 (sky130_fd_sc_hd__mux4_2)
     1    0.00    0.08    0.57    3.56 v _31687_/X (sky130_fd_sc_hd__mux4_2)
                                         _14231_ (net)
                  0.08    0.00    3.56 v _31689_/A2 (sky130_fd_sc_hd__mux4_2)
     1    0.00    0.08    0.45    4.01 v _31689_/X (sky130_fd_sc_hd__mux4_2)
                                         _14233_ (net)
                  0.08    0.00    4.01 v _31690_/B (sky130_fd_sc_hd__nand2_1)
     1    0.00    0.05    0.07    4.08 ^ _31690_/Y (sky130_fd_sc_hd__nand2_1)
                                         _14234_ (net)
                  0.05    0.00    4.08 ^ _31691_/B1 (sky130_fd_sc_hd__o21ai_0)
     1    0.02    0.27    0.23    4.31 v _31691_/Y (sky130_fd_sc_hd__o21ai_0)
                                         lane_rdata[23] (net)
                  0.27    0.00    4.31 v lane_rdata[23] (out)
                                  4.31   data arrival time

                  0.00   10.00   10.00   clock clk (rise edge)
                          0.00   10.00   clock network delay (ideal)
                         -0.25    9.75   clock uncertainty
                          0.00    9.75   clock reconvergence pessimism
                         -2.00    7.75   output external delay
                                  7.75   data required time
-----------------------------------------------------------------------------
                                  7.75   data required time
                                 -4.31   data arrival time
-----------------------------------------------------------------------------
                                  3.44   slack (MET)



==========================================================================
floorplan final report_power
--------------------------------------------------------------------------
Group                  Internal  Switching    Leakage      Total
                          Power      Power      Power      Power (Watts)
----------------------------------------------------------------
Sequential             1.50e-02   4.11e-04   4.92e-08   1.54e-02  79.3%
Combinational          2.14e-03   1.89e-03   3.92e-08   4.03e-03  20.7%
Clock                  0.00e+00   0.00e+00   0.00e+00   0.00e+00   0.0%
Macro                  0.00e+00   0.00e+00   0.00e+00   0.00e+00   0.0%
Pad                    0.00e+00   0.00e+00   0.00e+00   0.00e+00   0.0%
----------------------------------------------------------------
Total                  1.72e-02   2.31e-03   8.84e-08   1.95e-02 100.0%
                          88.2%      11.8%       0.0%
