
==========================================================================
resizer report_tns
--------------------------------------------------------------------------
tns max 0.00

==========================================================================
resizer report_wns
--------------------------------------------------------------------------
wns max 0.00

==========================================================================
resizer report_worst_slack
--------------------------------------------------------------------------
worst slack max 2.07

==========================================================================
resizer report_clock_min_period
--------------------------------------------------------------------------
clk period_min = 7.93 fmax = 126.07

==========================================================================
resizer report_checks -path_delay min
--------------------------------------------------------------------------
Startpoint: load_q[1026]$_DFFE_PN0P_
            (rising edge-triggered flip-flop clocked by clk)
Endpoint: load_q[1026]$_DFFE_PN0P_
          (rising edge-triggered flip-flop clocked by clk)
Path Group: clk
Path Type: min

Fanout     Cap    Slew   Delay    Time   Description
-----------------------------------------------------------------------------
                  0.00    0.00    0.00   clock clk (rise edge)
                          0.00    0.00   clock network delay (ideal)
                  0.00    0.00    0.00 ^ load_q[1026]$_DFFE_PN0P_/CLK (sky130_fd_sc_hd__dfrtp_1)
     2    0.01    0.06    0.32    0.32 ^ load_q[1026]$_DFFE_PN0P_/Q (sky130_fd_sc_hd__dfrtp_1)
                                         load_q[1026] (net)
                  0.06    0.00    0.32 ^ _17545_/A (sky130_fd_sc_hd__nand2_1)
     1    0.00    0.03    0.05    0.37 v _17545_/Y (sky130_fd_sc_hd__nand2_1)
                                         _15537_ (net)
                  0.03    0.00    0.37 v _17546_/B1 (sky130_fd_sc_hd__o31ai_1)
     1    0.00    0.05    0.05    0.42 ^ _17546_/Y (sky130_fd_sc_hd__o31ai_1)
                                         _00590_ (net)
                  0.05    0.00    0.42 ^ load_q[1026]$_DFFE_PN0P_/D (sky130_fd_sc_hd__dfrtp_1)
                                  0.42   data arrival time

                  0.00    0.00    0.00   clock clk (rise edge)
                          0.00    0.00   clock network delay (ideal)
                          0.25    0.25   clock uncertainty
                          0.00    0.25   clock reconvergence pessimism
                                  0.25 ^ load_q[1026]$_DFFE_PN0P_/CLK (sky130_fd_sc_hd__dfrtp_1)
                         -0.04    0.21   library hold time
                                  0.21   data required time
-----------------------------------------------------------------------------
                                  0.21   data required time
                                 -0.42   data arrival time
-----------------------------------------------------------------------------
                                  0.21   slack (MET)



==========================================================================
resizer report_checks -path_delay max
--------------------------------------------------------------------------
Startpoint: lane_idx[0] (input port clocked by clk)
Endpoint: lane_rdata[53] (output port clocked by clk)
Path Group: clk
Path Type: max

Fanout     Cap    Slew   Delay    Time   Description
-----------------------------------------------------------------------------
                  0.00    0.00    0.00   clock clk (rise edge)
                          0.00    0.00   clock network delay (ideal)
                          2.00    2.00 v input external delay
     1    0.01    0.00    0.00    2.00 v lane_idx[0] (in)
                                         lane_idx[0] (net)
                  0.00    0.00    2.00 v input1/A (sky130_fd_sc_hd__buf_8)
    50    0.48    0.32    0.27    2.27 v input1/X (sky130_fd_sc_hd__buf_8)
                                         net1 (net)
                  0.32    0.04    2.31 v _17325_/A (sky130_fd_sc_hd__nor3_1)
     3    0.01    0.29    0.37    2.68 ^ _17325_/Y (sky130_fd_sc_hd__nor3_1)
                                         _15378_ (net)
                  0.29    0.00    2.68 ^ _31073_/B (sky130_fd_sc_hd__and2_4)
    11    0.24    0.68    0.64    3.32 ^ _31073_/X (sky130_fd_sc_hd__and2_4)
                                         _13656_ (net)
                  0.69    0.05    3.37 ^ place1540/A (sky130_fd_sc_hd__buf_12)
    30    0.47    0.49    0.35    3.72 ^ place1540/X (sky130_fd_sc_hd__buf_12)
                                         net1540 (net)
                  0.66    0.22    3.94 ^ _31231_/A2 (sky130_fd_sc_hd__a21oi_1)
     1    0.00    0.11    0.14    4.08 v _31231_/Y (sky130_fd_sc_hd__a21oi_1)
                                         _13805_ (net)
                  0.11    0.00    4.08 v _31239_/A2 (sky130_fd_sc_hd__o21ai_0)
     1    0.04    1.04    0.83    4.91 ^ _31239_/Y (sky130_fd_sc_hd__o21ai_0)
                                         net124 (net)
                  1.04    0.00    4.92 ^ output124/A (sky130_fd_sc_hd__clkdlybuf4s50_1)
     1    0.02    0.21    0.77    5.68 ^ output124/X (sky130_fd_sc_hd__clkdlybuf4s50_1)
                                         lane_rdata[53] (net)
                  0.21    0.00    5.68 ^ lane_rdata[53] (out)
                                  5.68   data arrival time

                  0.00   10.00   10.00   clock clk (rise edge)
                          0.00   10.00   clock network delay (ideal)
                         -0.25    9.75   clock uncertainty
                          0.00    9.75   clock reconvergence pessimism
                         -2.00    7.75   output external delay
                                  7.75   data required time
-----------------------------------------------------------------------------
                                  7.75   data required time
                                 -5.68   data arrival time
-----------------------------------------------------------------------------
                                  2.07   slack (MET)



==========================================================================
resizer report_checks -unconstrained
--------------------------------------------------------------------------
Startpoint: lane_idx[0] (input port clocked by clk)
Endpoint: lane_rdata[53] (output port clocked by clk)
Path Group: clk
Path Type: max

Fanout     Cap    Slew   Delay    Time   Description
-----------------------------------------------------------------------------
                  0.00    0.00    0.00   clock clk (rise edge)
                          0.00    0.00   clock network delay (ideal)
                          2.00    2.00 v input external delay
     1    0.01    0.00    0.00    2.00 v lane_idx[0] (in)
                                         lane_idx[0] (net)
                  0.00    0.00    2.00 v input1/A (sky130_fd_sc_hd__buf_8)
    50    0.48    0.32    0.27    2.27 v input1/X (sky130_fd_sc_hd__buf_8)
                                         net1 (net)
                  0.32    0.04    2.31 v _17325_/A (sky130_fd_sc_hd__nor3_1)
     3    0.01    0.29    0.37    2.68 ^ _17325_/Y (sky130_fd_sc_hd__nor3_1)
                                         _15378_ (net)
                  0.29    0.00    2.68 ^ _31073_/B (sky130_fd_sc_hd__and2_4)
    11    0.24    0.68    0.64    3.32 ^ _31073_/X (sky130_fd_sc_hd__and2_4)
                                         _13656_ (net)
                  0.69    0.05    3.37 ^ place1540/A (sky130_fd_sc_hd__buf_12)
    30    0.47    0.49    0.35    3.72 ^ place1540/X (sky130_fd_sc_hd__buf_12)
                                         net1540 (net)
                  0.66    0.22    3.94 ^ _31231_/A2 (sky130_fd_sc_hd__a21oi_1)
     1    0.00    0.11    0.14    4.08 v _31231_/Y (sky130_fd_sc_hd__a21oi_1)
                                         _13805_ (net)
                  0.11    0.00    4.08 v _31239_/A2 (sky130_fd_sc_hd__o21ai_0)
     1    0.04    1.04    0.83    4.91 ^ _31239_/Y (sky130_fd_sc_hd__o21ai_0)
                                         net124 (net)
                  1.04    0.00    4.92 ^ output124/A (sky130_fd_sc_hd__clkdlybuf4s50_1)
     1    0.02    0.21    0.77    5.68 ^ output124/X (sky130_fd_sc_hd__clkdlybuf4s50_1)
                                         lane_rdata[53] (net)
                  0.21    0.00    5.68 ^ lane_rdata[53] (out)
                                  5.68   data arrival time

                  0.00   10.00   10.00   clock clk (rise edge)
                          0.00   10.00   clock network delay (ideal)
                         -0.25    9.75   clock uncertainty
                          0.00    9.75   clock reconvergence pessimism
                         -2.00    7.75   output external delay
                                  7.75   data required time
-----------------------------------------------------------------------------
                                  7.75   data required time
                                 -5.68   data arrival time
-----------------------------------------------------------------------------
                                  2.07   slack (MET)



==========================================================================
resizer report_check_types -max_slew -max_cap -max_fanout -violators
--------------------------------------------------------------------------

==========================================================================
resizer max_slew_check_slack
--------------------------------------------------------------------------
0.03276146203279495

==========================================================================
resizer max_slew_check_limit
--------------------------------------------------------------------------
1.4949300289154053

==========================================================================
resizer max_slew_check_slack_limit
--------------------------------------------------------------------------
0.0219

==========================================================================
resizer max_fanout_check_slack
--------------------------------------------------------------------------
1.0000000150474662e+30

==========================================================================
resizer max_fanout_check_limit
--------------------------------------------------------------------------
1.0000000150474662e+30

==========================================================================
resizer max_capacitance_check_slack
--------------------------------------------------------------------------
0.0009319463279098272

==========================================================================
resizer max_capacitance_check_limit
--------------------------------------------------------------------------
0.0769139975309372

==========================================================================
resizer max_capacitance_check_slack_limit
--------------------------------------------------------------------------
0.0121

==========================================================================
resizer max_slew_violation_count
--------------------------------------------------------------------------
max slew violation count 0

==========================================================================
resizer max_fanout_violation_count
--------------------------------------------------------------------------
max fanout violation count 0

==========================================================================
resizer max_cap_violation_count
--------------------------------------------------------------------------
max cap violation count 0

==========================================================================
resizer setup_violation_count
--------------------------------------------------------------------------
setup violation count 0

==========================================================================
resizer hold_violation_count
--------------------------------------------------------------------------
hold violation count 0

==========================================================================
resizer report_checks -path_delay max reg to reg
--------------------------------------------------------------------------
Startpoint: u_core.g_serial_round.phase_q[5]$_DFF_PN0_
            (rising edge-triggered flip-flop clocked by clk)
Endpoint: u_core.state_out[1268]$_DFFE_PN0P_
          (rising edge-triggered flip-flop clocked by clk)
Path Group: clk
Path Type: max

  Delay    Time   Description
---------------------------------------------------------
   0.00    0.00   clock clk (rise edge)
   0.00    0.00   clock network delay (ideal)
   0.00    0.00 ^ u_core.g_serial_round.phase_q[5]$_DFF_PN0_/CLK (sky130_fd_sc_hd__dfrtp_4)
   0.81    0.81 ^ u_core.g_serial_round.phase_q[5]$_DFF_PN0_/Q (sky130_fd_sc_hd__dfrtp_4)
   0.52    1.33 ^ place1820/X (sky130_fd_sc_hd__buf_4)
   0.64    1.97 ^ place1819/X (sky130_fd_sc_hd__buf_4)
   0.68    2.64 ^ place1818/X (sky130_fd_sc_hd__buf_4)
   0.25    2.90 v _22124_/Y (sky130_fd_sc_hd__a222oi_1)
   0.17    3.07 ^ _22126_/Y (sky130_fd_sc_hd__nand2_1)
   0.07    3.13 v _22127_/Y (sky130_fd_sc_hd__a21oi_1)
   0.89    4.03 ^ _22128_/Y (sky130_fd_sc_hd__xnor2_1)
   0.26    4.28 v _28202_/Y (sky130_fd_sc_hd__a211oi_1)
   0.31    4.59 v _28203_/X (sky130_fd_sc_hd__a221o_1)
   0.00    4.59 v u_core.state_out[1268]$_DFFE_PN0P_/D (sky130_fd_sc_hd__dfrtp_1)
           4.59   data arrival time

  10.00   10.00   clock clk (rise edge)
   0.00   10.00   clock network delay (ideal)
  -0.25    9.75   clock uncertainty
   0.00    9.75   clock reconvergence pessimism
           9.75 ^ u_core.state_out[1268]$_DFFE_PN0P_/CLK (sky130_fd_sc_hd__dfrtp_1)
  -0.13    9.62   library setup time
           9.62   data required time
---------------------------------------------------------
           9.62   data required time
          -4.59   data arrival time
---------------------------------------------------------
           5.04   slack (MET)



==========================================================================
resizer report_checks -path_delay min reg to reg
--------------------------------------------------------------------------
Startpoint: load_q[1026]$_DFFE_PN0P_
            (rising edge-triggered flip-flop clocked by clk)
Endpoint: load_q[1026]$_DFFE_PN0P_
          (rising edge-triggered flip-flop clocked by clk)
Path Group: clk
Path Type: min

  Delay    Time   Description
---------------------------------------------------------
   0.00    0.00   clock clk (rise edge)
   0.00    0.00   clock network delay (ideal)
   0.00    0.00 ^ load_q[1026]$_DFFE_PN0P_/CLK (sky130_fd_sc_hd__dfrtp_1)
   0.32    0.32 ^ load_q[1026]$_DFFE_PN0P_/Q (sky130_fd_sc_hd__dfrtp_1)
   0.05    0.37 v _17545_/Y (sky130_fd_sc_hd__nand2_1)
   0.05    0.42 ^ _17546_/Y (sky130_fd_sc_hd__o31ai_1)
   0.00    0.42 ^ load_q[1026]$_DFFE_PN0P_/D (sky130_fd_sc_hd__dfrtp_1)
           0.42   data arrival time

   0.00    0.00   clock clk (rise edge)
   0.00    0.00   clock network delay (ideal)
   0.25    0.25   clock uncertainty
   0.00    0.25   clock reconvergence pessimism
           0.25 ^ load_q[1026]$_DFFE_PN0P_/CLK (sky130_fd_sc_hd__dfrtp_1)
  -0.04    0.21   library hold time
           0.21   data required time
---------------------------------------------------------
           0.21   data required time
          -0.42   data arrival time
---------------------------------------------------------
           0.21   slack (MET)



==========================================================================
resizer critical path target clock latency max path
--------------------------------------------------------------------------
0.0000

==========================================================================
resizer critical path target clock latency min path
--------------------------------------------------------------------------
0.0000

==========================================================================
resizer critical path source clock latency min path
--------------------------------------------------------------------------
0.0000

==========================================================================
resizer critical path delay
--------------------------------------------------------------------------
5.6823

==========================================================================
resizer critical path slack
--------------------------------------------------------------------------
2.0677

==========================================================================
resizer slack div critical path delay
--------------------------------------------------------------------------
36.388434

==========================================================================
resizer report_power
--------------------------------------------------------------------------
Group                  Internal  Switching    Leakage      Total
                          Power      Power      Power      Power (Watts)
----------------------------------------------------------------
Sequential             1.50e-02   1.27e-03   4.92e-08   1.63e-02  60.1%
Combinational          2.51e-03   8.31e-03   4.18e-08   1.08e-02  39.9%
Clock                  0.00e+00   0.00e+00   0.00e+00   0.00e+00   0.0%
Macro                  0.00e+00   0.00e+00   0.00e+00   0.00e+00   0.0%
Pad                    0.00e+00   0.00e+00   0.00e+00   0.00e+00   0.0%
----------------------------------------------------------------
Total                  1.75e-02   9.58e-03   9.10e-08   2.71e-02 100.0%
                          64.6%      35.4%       0.0%
