violation type: Metal Spacing
	srcs: net:net1441 net:u_core.g_serial_round.theta_d_q\[254\]
	bbox = (479.8500, 167.2400) - (480.1700, 167.3700) on Layer met1
violation type: Metal Spacing
	srcs: net:u_core.g_serial_round.theta_d_q\[254\]
	bbox = (479.9400, 167.1800) - (480.1700, 167.2900) on Layer met1
violation type: Metal Spacing
	srcs: net:u_core.g_serial_round.theta_d_q\[254\]
	bbox = (479.9400, 167.2400) - (480.1700, 167.2900) on Layer met1
violation type: Metal Spacing
	srcs: net:_12160_ net:u_core.g_serial_round.theta_d_q\[254\]
	bbox = (480.3550, 167.2250) - (480.6450, 167.2900) on Layer met1
violation type: Metal Spacing
	srcs: net:_12160_ net:u_core.g_serial_round.theta_d_q\[254\]
	bbox = (480.4000, 167.2250) - (480.5400, 167.2900) on Layer met1
violation type: Metal Spacing
	srcs: net:net1441 net:u_core.g_serial_round.theta_d_q\[254\]
	bbox = (480.4000, 167.2300) - (481.0000, 167.2900) on Layer met1
violation type: Metal Spacing
	srcs: net:net1441 net:u_core.g_serial_round.theta_d_q\[254\]
	bbox = (480.8600, 167.2300) - (481.0000, 167.2900) on Layer met1
violation type: Metal Spacing
	srcs: net:state_out\[574\] net:VSS
	bbox = (477.1000, 166.1050) - (477.1800, 166.1900) on Layer met2
violation type: Metal Spacing
	srcs: net:_08310_ net:VSS
	bbox = (477.1000, 171.5450) - (477.1800, 171.6300) on Layer met2
violation type: Metal Spacing
	srcs: net:_08310_
	bbox = (478.0400, 167.9500) - (478.3000, 168.0600) on Layer met2
violation type: Short
	srcs: net:net1441 net:u_core.g_serial_round.theta_d_q\[254\]
	bbox = (479.9400, 167.3700) - (480.0800, 167.4300) on Layer met1
violation type: Short
	srcs: net:net1441 net:u_core.g_serial_round.theta_d_q\[254\]
	bbox = (479.9400, 167.3700) - (480.5400, 167.4300) on Layer met1
violation type: Short
	srcs: net:net1441 net:u_core.g_serial_round.theta_d_q\[254\]
	bbox = (479.9400, 167.3800) - (480.0800, 167.4300) on Layer met1
violation type: Short
	srcs: net:net1441 net:u_core.g_serial_round.theta_d_q\[254\]
	bbox = (479.9400, 167.3800) - (480.5400, 167.4300) on Layer met1
violation type: Short
	srcs: net:net1441 net:_12160_
	bbox = (480.4000, 167.0900) - (480.5400, 167.2250) on Layer met1
violation type: Short
	srcs: net:net1441 net:_12160_
	bbox = (480.4000, 167.0900) - (480.6450, 167.2250) on Layer met1
violation type: Short
	srcs: net:net1441 net:u_core.g_serial_round.theta_d_q\[254\]
	bbox = (480.4000, 167.2900) - (480.5400, 167.4300) on Layer met1
violation type: Short
	srcs: net:net1441 net:u_core.g_serial_round.theta_d_q\[254\]
	bbox = (480.4000, 167.3800) - (480.5400, 167.4300) on Layer met1
violation type: Short
	srcs: net:_13551_ net:net3
	bbox = (477.1800, 167.3800) - (477.3200, 167.5200) on Layer met2
violation type: Short
	srcs: net:_08310_ net:_13551_
	bbox = (478.5600, 169.7600) - (478.7000, 169.9000) on Layer met2
violation type: Short
	srcs: net:_08310_ net:_13551_
	bbox = (478.5600, 169.7600) - (478.7000, 170.2400) on Layer met2
violation type: Short
	srcs: net:_08310_ net:_13551_
	bbox = (478.5600, 170.1000) - (478.7000, 170.2400) on Layer met2
violation type: Short
	srcs: net:_12160_ net:u_core.g_serial_round.theta_d_q\[254\]
	bbox = (479.9400, 165.5300) - (480.0800, 165.6700) on Layer met2
violation type: Short
	srcs: net:_12160_ net:net1260
	bbox = (480.4000, 165.5300) - (480.5400, 165.6700) on Layer met2
violation type: Short
	srcs: net:_12160_ net:net1260
	bbox = (480.4000, 165.5300) - (481.0000, 165.6700) on Layer met2
violation type: Short
	srcs: net:_12160_ net:net1260
	bbox = (480.8600, 165.5300) - (481.0000, 165.6700) on Layer met2
