{
  "schema_version": 1,
  "host": {
    "platform": "Linux-6.6.87.2-microsoft-standard-WSL2-x86_64-with-glibc2.39",
    "system": "Linux",
    "release": "6.6.87.2-microsoft-standard-WSL2",
    "machine": "x86_64",
    "python": "3.12.3 (main, Aug 31 2026, 10:18:26) [GCC 13.3.0]",
    "cwd": "/mnt/wsl/docker-desktop-bind-mounts/Ubuntu/02f806e3657098252c9d54d0f14df300a2f99077f41ed7d35fceb8bf3063820d"
  },
  "tools": {
    "git": {
      "available": true,
      "command": [
        "git",
        "--version"
      ],
      "output": "git version 2.43.0",
      "returncode": 0
    },
    "python": {
      "available": true,
      "command": [
        "/mnt/wsl/docker-desktop-bind-mounts/Ubuntu/02f806e3657098252c9d54d0f14df300a2f99077f41ed7d35fceb8bf3063820d/.venv/bin/python",
        "--version"
      ],
      "output": "Python 3.12.3",
      "returncode": 0
    },
    "docker": {
      "available": true,
      "command": [
        "docker",
        "--version"
      ],
      "output": "Docker version 29.4.2, build 055a478",
      "returncode": 0
    },
    "nix": {
      "available": false,
      "command": [
        "nix",
        "--version"
      ],
      "output": null,
      "returncode": null
    },
    "openlane": {
      "available": false,
      "command": [
        "openlane",
        "--version"
      ],
      "output": null,
      "returncode": null
    },
    "yosys": {
      "available": false,
      "command": [
        "yosys",
        "-V"
      ],
      "output": null,
      "returncode": null
    },
    "iverilog": {
      "available": false,
      "command": [
        "iverilog",
        "-V"
      ],
      "output": null,
      "returncode": null
    },
    "verilator": {
      "available": true,
      "command": [
        "verilator",
        "--version"
      ],
      "output": "Verilator 5.020 2024-01-01 rev (Debian 5.020-1)",
      "returncode": 0
    },
    "openroad": {
      "available": false,
      "command": [
        "openroad",
        "-version"
      ],
      "output": null,
      "returncode": null
    },
    "klayout": {
      "available": false,
      "command": [
        "klayout",
        "-v"
      ],
      "output": null,
      "returncode": null
    }
  }
}
