{
  "schema_version": 1,
  "host": {
    "platform": "Linux-6.6.87.2-microsoft-standard-WSL2-x86_64-with-glibc2.39",
    "system": "Linux",
    "release": "6.6.87.2-microsoft-standard-WSL2",
    "machine": "x86_64",
    "python": "3.11.9 (main, Apr  2 2024, 08:25:04) [GCC 13.2.0]",
    "cwd": "/work"
  },
  "tools": {
    "git": {
      "available": true,
      "command": [
        "git",
        "--version"
      ],
      "output": "git version 2.44.1",
      "returncode": 0
    },
    "python": {
      "available": true,
      "command": [
        "/nix/store/ss2cw3sxbrwwx9jl0rrppbw4kgcmgi2n-python3-3.11.9-env/bin/python3.11",
        "--version"
      ],
      "output": "Python 3.11.9",
      "returncode": 0
    },
    "docker": {
      "available": false,
      "command": [
        "docker",
        "--version"
      ],
      "output": null,
      "returncode": null
    },
    "nix": {
      "available": true,
      "command": [
        "nix",
        "--version"
      ],
      "output": "warning: $HOME ('/tmp') is not owned by you, falling back to the one defined in the 'passwd' file ('/var/empty')\nnix (Nix) 2.18.2",
      "returncode": 0
    },
    "openlane": {
      "available": true,
      "command": [
        "openlane",
        "--version"
      ],
      "output": "OpenLane v2.3.10\n\nCopyright \u00a92020-2023 Efabless Corporation and other contributors.\n\nAvailable under the Apache License, version 2. Included with the source code,\nbut you can also get a copy at https://www.apache.org/licenses/LICENSE-2.0\n\nIncluded tools and utilities may be distributed under stricter licenses.",
      "returncode": 0
    },
    "yosys": {
      "available": true,
      "command": [
        "yosys",
        "-V"
      ],
      "output": "Yosys 0.46 (git sha1 e97731b9dda91fa5fa53ed87df7c34163ba59a41, clang++ 17.0.6 -fPIC -O3)",
      "returncode": 0
    },
    "iverilog": {
      "available": true,
      "command": [
        "iverilog",
        "-V"
      ],
      "output": "Icarus Verilog version 12.0 (stable) ()\n\nCopyright (c) 2000-2021 Stephen Williams (steve@icarus.com)\n\n  This program is free software; you can redistribute it and/or modify\n  it under the terms of the GNU General Public License as published by\n  the Free Software Foundation; either version 2 of the License, or\n  (at your option) any later version.\n\n  This program is distributed in the hope that it will be useful,\n  but WITHOUT ANY WARRANTY; without even the implied warranty of\n  MERCHANTABILITY or FITNESS FOR A PARTICULAR PURPOSE.  See the\n  GNU General Public License for more details.\n\n  You should have received a copy of the GNU General Public License along\n  with this program; if not, write to the Free Software Foundation, Inc.,\n  51 Franklin Street, Fifth Floor, Boston, MA 02110-1301, USA.\n\nIcarus Verilog Preprocessor version 12.0 (stable) ()\n\nCopyright (c) 1999-2021 Stephen Williams (steve@icarus.com)\n\n  This program is free software; you can redistribute it and/or modify\n  it under the terms of the GNU General Public License as published by\n  the Free Software Foundation; either version 2 of the License, or\n  (at your option) any later version.\n\n  This program is distributed in the hope that it will be useful,\n  but WITHOUT ANY WARRANTY; without even the implied warranty of\n  MERCHANTABILITY or FITNESS FOR A PARTICULAR PURPOSE.  See the\n  GNU General Public License for more details.\n\n  You should have received a copy of the GNU General Public License along\n  with this program; if not, write to the Free Software Foundation, Inc.,\n  51 Franklin Street, Fifth Floor, Boston, MA 02110-1301, USA.\n\nIcarus Verilog Parser/Elaborator version 12.0 (stable) ()\n\nCopyright (c) 1998-2021 Stephen Williams (steve@icarus.com)\n\n  This program is free software; you can redistribute it and/or modify\n  it under the terms of the GNU General Public License as published by\n  the Free Software Foundation; either version 2 of the License, or\n  (at your option) any later version.\n\n  This program is distributed in the hope that it will be useful,\n  but WITHOUT ANY WARRANTY; without even the implied warranty of\n  MERCHANTABILITY or FITNESS FOR A PARTICULAR PURPOSE.  See the\n  GNU General Public License for more details.\n\n  You should have received a copy of the GNU General Public License along\n  with this program; if not, write to the Free Software Foundation, Inc.,\n  51 Franklin Street, Fifth Floor, Boston, MA 02110-1301, USA.\n\n FLAGS DLL vvp.tgt\nvvp.tgt: Icarus Verilog VVP Code Generator 12.0 (stable) ()\n\nCopyright (c) 2001-2021 Stephen Williams (steve@icarus.com)\n\n  This program is free software; you can redistribute it and/or modify\n  it under the terms of the GNU General Public License as published by\n  the Free Software Foundation; either version 2 of the License, or\n  (at your option) any later version.\n\n  This program is distributed in the hope that it will be useful,\n  but WITHOUT ANY WARRANTY; without even the implied warranty of\n  MERCHANTABILITY or FITNESS FOR A PARTICULAR PURPOSE.  See the\n  GNU General Public License for more details.\n\n  You should have received a copy of the GNU General Public License along\n  with this program; if not, write to the Free Software Foundation, Inc.,\n  51 Franklin Street, Fifth Floor, Boston, MA 02110-1301, USA.",
      "returncode": 0
    },
    "verilator": {
      "available": true,
      "command": [
        "verilator",
        "--version"
      ],
      "output": "Verilator 5.018 2023-10-30 rev UNKNOWN.REV",
      "returncode": 0
    },
    "openroad": {
      "available": true,
      "command": [
        "openroad",
        "-version"
      ],
      "output": "edf00dff99f6c40d67a30c0e22a8191c5d2ed9d6",
      "returncode": 0
    },
    "klayout": {
      "available": true,
      "command": [
        "klayout",
        "-v"
      ],
      "output": "KLayout 0.29.4",
      "returncode": 0
    }
  }
}
