OpenROAD f552262465b0bfef8f097e258f94bc501d01e19d 
Features included (+) or not (-): +GPU +GUI +Python
This program is licensed under the BSD-3 license. See the LICENSE file for details.
Components of this program may be licensed under more restrictive licenses which must be honored.
[INFO ORD-0030] Using 12 thread(s).
read_liberty /opt/eda/orfs-6101364b/flow/platforms/sky130hd/lib/sky130_fd_sc_hd__tt_025C_1v80.lib
read_liberty /mnt/d/TKVM_ATTT_2026_test/codeachip_v2/flow/macros/sky130_sram_1rw_24x128_TT_1p8V_25C.lib
read_db /root/cac_runs_v2/ntt_packed2_20ns/results/sky130hd/cac_ntt_packed2_20ns/base/3_2_place_iop.odb
read_sdc /root/cac_runs_v2/ntt_packed2_20ns/results/sky130hd/cac_ntt_packed2_20ns/base/2_floorplan.sdc
source /opt/eda/orfs-6101364b/flow/platforms/sky130hd/setRC.tcl
[INFO RSZ-0026] Removed 1356 buffers.
Perform port buffering...
[INFO RSZ-0027] Inserted 47 sky130_fd_sc_hd__clkdlybuf4s50_1 input buffers.
[INFO RSZ-0028] Inserted 38 sky130_fd_sc_hd__clkdlybuf4s50_1 output buffers.
[INFO GPL-0022] Initialize gpl and calculate uniform density.
Placement density is 0.5699999904632569, computed from PLACE_DENSITY_LB_ADDON  0.20 and lower bound 0.44999998807907104
global_placement -density 0.5699999904632569 -pad_left 0 -pad_right 0 -routability_driven -timing_driven -force_center_initial_place -min_phi_coef 0.95 -max_phi_coef 1.05
[INFO GPL-0001] ---- Initialize GPL Main Data Structures
[INFO GPL-0002] DBU: 1000
[INFO GPL-0003] SiteSize: (  0.460  2.720 ) um
[INFO GPL-0004] CoreBBox: ( 10.120 10.880 ) ( 749.800 609.280 ) um
[INFO GPL-0016] Core area:                  442624.512 um^2
[INFO GPL-0036] Movable instances area:     118371.027 um^2
[INFO GPL-0037] Total instances area:       257678.384 um^2
[INFO GPL-0035] Pin density area adjust:     13878.545 um^2
[INFO GPL-0032] ---- Initialize Region: Top-level
[INFO GPL-0006] Number of instances:             17871
[INFO GPL-0007] Movable instances:               13636
[INFO GPL-0008] Fixed instances:                  4079
[INFO GPL-0009] Dummy instances:                   156
[INFO GPL-0010] Number of nets:                  15047
[INFO GPL-0011] Number of pins:                  54885
[INFO GPL-0012] Die BBox:       (  0.000  0.000 ) ( 760.000 620.000 ) um
[INFO GPL-0013] Placement BBox: ( 10.120 10.880 ) ( 749.800 609.280 ) um
[INFO GPL-0014] Region name: top-level.
[INFO GPL-0015] Region area:                442624.512 um^2
[INFO GPL-0017] Fixed instances area:       143781.648 um^2
[INFO GPL-0018] Movable instances area:     132249.572 um^2
[INFO GPL-0019] Utilization:                    44.254 %
[INFO GPL-0020] Standard cells area:        132249.572 um^2
[INFO GPL-0021] Large instances area:            0.000 um^2
[INFO GPL-0005] ---- Execute Conjugate Gradient Initial Placement.
[INFO GPL-0051] Source of initial instance position counters:
	Odb location = 0	Core center = 13636	Region center = 0
[InitialPlace]  Iter: 1 conjugate gradient residual: 0.00259933 HPWL: 658348596
[InitialPlace]  Iter: 2 conjugate gradient residual: 0.00085027 HPWL: 211175600
[InitialPlace]  Iter: 3 conjugate gradient residual: 0.00037155 HPWL: 204452627
[InitialPlace]  Iter: 4 conjugate gradient residual: 0.00006279 HPWL: 202484876
[InitialPlace]  Iter: 5 conjugate gradient residual: 0.00016307 HPWL: 201575247
[InitialPlace]  Iter: 6 conjugate gradient residual: 0.00017330 HPWL: 202085602
[InitialPlace]  Iter: 7 conjugate gradient residual: 0.00008761 HPWL: 201714746
[InitialPlace]  Iter: 8 conjugate gradient residual: 0.00002892 HPWL: 201900387
[InitialPlace]  Iter: 9 conjugate gradient residual: 0.00006164 HPWL: 201532909
[InitialPlace]  Iter: 10 conjugate gradient residual: 0.00006134 HPWL: 201754417
[InitialPlace]  Iter: 11 conjugate gradient residual: 0.00004500 HPWL: 201325198
[InitialPlace]  Iter: 12 conjugate gradient residual: 0.00004209 HPWL: 201712856
[InitialPlace]  Iter: 13 conjugate gradient residual: 0.00005507 HPWL: 201407005
[InitialPlace]  Iter: 14 conjugate gradient residual: 0.00001950 HPWL: 201665981
[InitialPlace]  Iter: 15 conjugate gradient residual: 0.00001590 HPWL: 201620381
[InitialPlace]  Iter: 16 conjugate gradient residual: 0.00001938 HPWL: 202095141
[InitialPlace]  Iter: 17 conjugate gradient residual: 0.00003325 HPWL: 202102858
[InitialPlace]  Iter: 18 conjugate gradient residual: 0.00008558 HPWL: 202696093
[InitialPlace]  Iter: 19 conjugate gradient residual: 0.00007645 HPWL: 202656801
[InitialPlace]  Iter: 20 conjugate gradient residual: 0.00010225 HPWL: 203091447
[INFO GPL-0033] ---- Initialize Nesterov Region: Top-level
[INFO GPL-0023] Placement target density:       0.5700
[INFO GPL-0024] Movable insts average area:      9.699 um^2
[INFO GPL-0025] Ideal bin area:                 17.015 um^2
[INFO GPL-0026] Ideal bin count:                 26013
[INFO GPL-0027] Total bin area:             442624.512 um^2
[INFO GPL-0028] Bin count (X, Y):         128 ,    128
[INFO GPL-0029] Bin size (W * H):       5.779 *  4.675 um
[INFO GPL-0030] Number of bins:                  16384
[INFO GPL-0084] ---- Execute Nesterov Global Placement.
[INFO GPL-0031] HPWL: Half-Perimeter Wirelength
Iteration | Overflow |     HPWL (um) |  HPWL(%) |   Penalty | Group
---------------------------------------------------------------
        0 |   0.9930 |  7.206895e+04 |   +0.00% |  2.43e-16 |      
       10 |   0.9937 |  8.264627e+04 |  +14.68% |  3.96e-16 |      
       20 |   0.9934 |  8.489034e+04 |   +2.72% |  6.45e-16 |      
       30 |   0.9932 |  8.665290e+04 |   +2.08% |  1.05e-15 |      
       40 |   0.9932 |  8.785724e+04 |   +1.39% |  1.71e-15 |      
       50 |   0.9932 |  8.848462e+04 |   +0.71% |  2.78e-15 |      
       60 |   0.9932 |  8.880197e+04 |   +0.36% |  4.54e-15 |      
       70 |   0.9932 |  8.906273e+04 |   +0.29% |  7.39e-15 |      
       80 |   0.9933 |  8.946238e+04 |   +0.45% |  1.20e-14 |      
       90 |   0.9933 |  8.994428e+04 |   +0.54% |  1.96e-14 |      
      100 |   0.9933 |  9.038270e+04 |   +0.49% |  3.19e-14 |      
      110 |   0.9933 |  9.075891e+04 |   +0.42% |  5.20e-14 |      
      120 |   0.9933 |  9.120118e+04 |   +0.49% |  8.47e-14 |      
      130 |   0.9933 |  9.184276e+04 |   +0.70% |  1.38e-13 |      
      140 |   0.9933 |  9.294615e+04 |   +1.20% |  2.25e-13 |      
      150 |   0.9933 |  9.489226e+04 |   +2.09% |  3.66e-13 |      
      160 |   0.9933 |  9.830409e+04 |   +3.60% |  5.96e-13 |      
      170 |   0.9933 |  1.039840e+05 |   +5.78% |  9.70e-13 |      
      180 |   0.9933 |  1.120295e+05 |   +7.74% |  1.58e-12 |      
      190 |   0.9933 |  1.221816e+05 |   +9.06% |  2.57e-12 |      
      200 |   0.9925 |  1.356486e+05 |  +11.02% |  4.18e-12 |      
      210 |   0.9811 |  1.533827e+05 |  +13.07% |  6.79e-12 |      
      220 |   0.9658 |  1.737933e+05 |  +13.31% |  1.10e-11 |      
      230 |   0.9441 |  1.960077e+05 |  +12.78% |  1.79e-11 |      
      240 |   0.9186 |  2.213536e+05 |  +12.93% |  2.91e-11 |      
      250 |   0.8781 |  2.481786e+05 |  +12.12% |  4.73e-11 |      
      260 |   0.8348 |  2.663290e+05 |   +7.31% |  7.69e-11 |      
      270 |   0.8062 |  2.841325e+05 |   +6.68% |  1.25e-10 |      
      280 |   0.7620 |  3.135241e+05 |  +10.34% |  2.03e-10 |      
      290 |   0.7142 |  3.382629e+05 |   +7.89% |  3.30e-10 |      
      300 |   0.6674 |  3.605714e+05 |   +6.60% |  5.36e-10 |      
[INFO GPL-0100] Timing-driven iteration 1/2, virtual: false.
[INFO GPL-0101]    Iter: 308, overflow: 0.631, keep resizer changes at: 1, HPWL: 374534290
Iteration |   Area    | Resized | Buffers | Nets repaired | Remaining
---------------------------------------------------------------------
        0 |     +0.0% |       0 |       0 |             0 |     15057
    final |     +3.4% |     165 |     627 |           235 |         0
---------------------------------------------------------------------
[INFO RSZ-0034] Found 211 slew violations.
[INFO RSZ-0035] Found 24 fanout violations.
[INFO RSZ-0036] Found 38 capacitance violations.
[INFO RSZ-0039] Resized 165 instances.
[INFO RSZ-0038] Inserted 627 buffers in 235 nets.
   Iter   |    Area   | Removed | Inserted |   Pins
          |           | Buffers | Buffers  | Remaining
-------------------------------------------------------
        0 |     +0.0% |       0 |        0 |     14985
     1400 |     +0.0% |       0 |        1 |     13585
     2800 |     +0.0% |      10 |       18 |     12185
     4200 |     -0.0% |      12 |       22 |     10785
[WARNING RSZ-2009] Skipping buffering because no valid buffering solution satisfying the design rules can be found for net connected to pin _19377_/Y.
[WARNING RSZ-2005] cannot find a viable buffering solution on pin _19377_/Y after 1 rounds of buffering (no solution meets design rules)
[WARNING RSZ-2009] Skipping buffering because no valid buffering solution satisfying the design rules can be found for net connected to pin _19364_/Y.
[WARNING RSZ-2005] cannot find a viable buffering solution on pin _19364_/Y after 1 rounds of buffering (no solution meets design rules)
[WARNING RSZ-2009] Skipping buffering because no valid buffering solution satisfying the design rules can be found for net connected to pin _19349_/Y.
[WARNING RSZ-2005] cannot find a viable buffering solution on pin _19349_/Y after 1 rounds of buffering (no solution meets design rules)
     5600 |     -0.2% |      66 |       57 |      9385
     7000 |     -0.3% |     110 |       98 |      7985
     8400 |     -0.3% |     125 |      114 |      6585
     9800 |     -0.3% |     126 |      115 |      5185
    11200 |     -0.4% |     149 |      137 |      3785
    12600 |     -0.4% |     176 |      200 |      2385
    14000 |     -1.2% |     596 |      520 |       985
    final |     -1.4% |     621 |      546 |         0
-------------------------------------------------------
[INFO GPL-0106] Timing-driven: worst slack -4e-09
[INFO GPL-0107] Timing-driven: repair_design delta area: 4818.010 um^2 (+3.64%)
[INFO GPL-0108] Timing-driven: repair_design, gpl delta gcells: 552 (+4.05%)
[INFO GPL-0109] Timing-driven: repair_design, gcells created: 1173, deleted: 621
[INFO GPL-0110] Timing-driven: new target density: 0.5861222
Iteration | Overflow |     HPWL (um) |  HPWL(%) |   Penalty | Group
---------------------------------------------------------------
      310 |   0.6168 |  4.022350e+05 |  +11.55% |  8.70e-10 |      
[INFO GPL-0038] Routability snapshot saved at iter = 314
      313 |   0.6000 |  4.143999e+05 |          |           |      
      320 |   0.5783 |  4.245699e+05 |   +5.55% |  1.41e-09 |      
      330 |   0.5281 |  4.452039e+05 |   +4.86% |  2.30e-09 |      
      340 |   0.4892 |  4.580698e+05 |   +2.89% |  3.73e-09 |      
      350 |   0.4506 |  4.610334e+05 |   +0.65% |  6.08e-09 |      
      360 |   0.4128 |  4.648039e+05 |   +0.82% |  9.90e-09 |      
      370 |   0.3685 |  4.611812e+05 |   -0.78% |  1.61e-08 |      
      380 |   0.3287 |  4.611049e+05 |   -0.02% |  2.52e-08 |      
      390 |   0.3006 |  4.609897e+05 |   -0.02% |  3.71e-08 |      
[INFO GPL-0040] Routability iteration: 1
[INFO GPL-0041] Total routing overflow: 70.3172
[INFO GPL-0042] Number of overflowed tiles: 2880 (29.42%)
[INFO GPL-0043] Average top 0.5% routing congestion: 1.1725
[INFO GPL-0044] Average top 1.0% routing congestion: 1.1334
[INFO GPL-0045] Average top 2.0% routing congestion: 1.1005
[INFO GPL-0046] Average top 5.0% routing congestion: 1.0661
[INFO GPL-0047] Routability iteration weighted routing congestion: 1.1529
[INFO GPL-0048] Routing congestion (1.1529) lower than previous minimum (1e+30). Updating minimum.
[INFO GPL-0086] Inflated area:                2467.372 um^2 (+1.80%)
[INFO GPL-0052] Placement target density:       0.5861
[INFO GPL-0076] Removing fillers, count: Before: 3961, After: 3705 (-6.46%)
[INFO GPL-0077] Filler area (um^2)     : Before: 38090.845, After: 35620.852 (-6.48%)
[INFO GPL-0078] Removed fillers count: 256, area removed: 2461.252 um^2. Remaining area to be compensated by modifying density: 6.120 um^2
[INFO GPL-0058] White space area:           298842.864 um^2 (+0.00%)
[INFO GPL-0059] Movable instances area:     175158.428 um^2 (+0.00%)
[INFO GPL-0060] Total filler area:           35620.852 um^2 (-6.48%)
[INFO GPL-0061] Total non-inflated area:    175155.806 um^2 (-0.00%)
[INFO GPL-0062] Total inflated area:        177623.177 um^2 (-0.00%)
[INFO GPL-0063] New Target Density:             0.5861
[INFO GPL-0087] Routability end iteration: increase inflation and revert back to snapshot.
Iteration | Overflow |     HPWL (um) |  HPWL(%) |   Penalty | Group
---------------------------------------------------------------
      400 |   0.5743 |  4.296011e+05 |   -6.81% |  1.44e-09 |      
      410 |   0.5346 |  4.475335e+05 |   +4.17% |  2.11e-09 |      
      420 |   0.5058 |  4.541922e+05 |   +1.49% |  3.11e-09 |      
      430 |   0.4727 |  4.566311e+05 |   +0.54% |  4.58e-09 |      
      440 |   0.4440 |  4.636140e+05 |   +1.53% |  6.74e-09 |      
      450 |   0.4120 |  4.620527e+05 |   -0.34% |  9.93e-09 |      
      460 |   0.3755 |  4.613473e+05 |   -0.15% |  1.46e-08 |      
      470 |   0.3432 |  4.639099e+05 |   +0.56% |  2.15e-08 |      
      480 |   0.3118 |  4.660272e+05 |   +0.46% |  3.17e-08 |      
[INFO GPL-0040] Routability iteration: 2
[INFO GPL-0041] Total routing overflow: 62.5572
[INFO GPL-0042] Number of overflowed tiles: 2855 (29.16%)
[INFO GPL-0043] Average top 0.5% routing congestion: 1.1164
[INFO GPL-0044] Average top 1.0% routing congestion: 1.0917
[INFO GPL-0045] Average top 2.0% routing congestion: 1.0727
[INFO GPL-0046] Average top 5.0% routing congestion: 1.0532
[INFO GPL-0047] Routability iteration weighted routing congestion: 1.1041
[INFO GPL-0048] Routing congestion (1.1041) lower than previous minimum (1.153). Updating minimum.
[INFO GPL-0086] Inflated area:                1148.304 um^2 (+0.82%)
[INFO GPL-0052] Placement target density:       0.5861
[INFO GPL-0076] Removing fillers, count: Before: 3705, After: 3586 (-3.21%)
[INFO GPL-0077] Filler area (um^2)     : Before: 35620.852, After: 34476.754 (-3.21%)
[INFO GPL-0078] Removed fillers count: 119, area removed: 1144.098 um^2. Remaining area to be compensated by modifying density: 4.207 um^2
[INFO GPL-0058] White space area:           298842.864 um^2 (+0.00%)
[INFO GPL-0059] Movable instances area:     175158.428 um^2 (+0.00%)
[INFO GPL-0060] Total filler area:           34476.754 um^2 (-3.21%)
[INFO GPL-0061] Total non-inflated area:    175160.013 um^2 (+0.00%)
[INFO GPL-0062] Total inflated area:        176308.317 um^2 (+0.00%)
[INFO GPL-0063] New Target Density:             0.5861
[INFO GPL-0087] Routability end iteration: increase inflation and revert back to snapshot.
Iteration | Overflow |     HPWL (um) |  HPWL(%) |   Penalty | Group
---------------------------------------------------------------
      490 |   0.5795 |  4.299596e+05 |   -7.74% |  1.33e-09 |      
      500 |   0.5413 |  4.481056e+05 |   +4.22% |  1.95e-09 |      
      510 |   0.5102 |  4.593059e+05 |   +2.50% |  2.88e-09 |      
      520 |   0.4794 |  4.602395e+05 |   +0.20% |  4.24e-09 |      
      530 |   0.4501 |  4.660512e+05 |   +1.26% |  6.24e-09 |      
      540 |   0.4189 |  4.675362e+05 |   +0.32% |  9.19e-09 |      
      550 |   0.3849 |  4.642146e+05 |   -0.71% |  1.35e-08 |      
      560 |   0.3504 |  4.680504e+05 |   +0.83% |  1.99e-08 |      
      570 |   0.3181 |  4.697675e+05 |   +0.37% |  2.94e-08 |      
[INFO GPL-0040] Routability iteration: 3
[INFO GPL-0041] Total routing overflow: 62.5007
[INFO GPL-0042] Number of overflowed tiles: 2848 (29.09%)
[INFO GPL-0043] Average top 0.5% routing congestion: 1.1174
[INFO GPL-0044] Average top 1.0% routing congestion: 1.0900
[INFO GPL-0045] Average top 2.0% routing congestion: 1.0690
[INFO GPL-0046] Average top 5.0% routing congestion: 1.0520
[INFO GPL-0047] Routability iteration weighted routing congestion: 1.1037
[INFO GPL-0049] Routing congestion (1.1037) higher than minimum (1.1041). Consecutive non-improvement count: 1.
[INFO GPL-0086] Inflated area:                1099.300 um^2 (+0.78%)
[INFO GPL-0052] Placement target density:       0.5861
[INFO GPL-0076] Removing fillers, count: Before: 3586, After: 3472 (-3.18%)
[INFO GPL-0077] Filler area (um^2)     : Before: 34476.754, After: 33380.728 (-3.18%)
[INFO GPL-0078] Removed fillers count: 114, area removed: 1096.026 um^2. Remaining area to be compensated by modifying density: 3.274 um^2
[INFO GPL-0058] White space area:           298842.864 um^2 (+0.00%)
[INFO GPL-0059] Movable instances area:     175158.428 um^2 (+0.00%)
[INFO GPL-0060] Total filler area:           33380.728 um^2 (-3.18%)
[INFO GPL-0061] Total non-inflated area:    175163.286 um^2 (+0.00%)
[INFO GPL-0062] Total inflated area:        176262.587 um^2 (+0.00%)
[INFO GPL-0063] New Target Density:             0.5861
[INFO GPL-0087] Routability end iteration: increase inflation and revert back to snapshot.
Iteration | Overflow |     HPWL (um) |  HPWL(%) |   Penalty | Group
---------------------------------------------------------------
      580 |   0.5866 |  4.285745e+05 |   -8.77% |  1.23e-09 |      
      590 |   0.5478 |  4.485993e+05 |   +4.67% |  1.81e-09 |      
      600 |   0.5156 |  4.633022e+05 |   +3.28% |  2.66e-09 |      
      610 |   0.4870 |  4.635562e+05 |   +0.05% |  3.92e-09 |      
      620 |   0.4557 |  4.681761e+05 |   +1.00% |  5.77e-09 |      
      630 |   0.4252 |  4.733042e+05 |   +1.10% |  8.50e-09 |      
      640 |   0.3916 |  4.675329e+05 |   -1.22% |  1.25e-08 |      
      650 |   0.3578 |  4.714200e+05 |   +0.83% |  1.84e-08 |      
      660 |   0.3245 |  4.733358e+05 |   +0.41% |  2.72e-08 |      
[INFO GPL-0040] Routability iteration: 4
[INFO GPL-0041] Total routing overflow: 62.2142
[INFO GPL-0042] Number of overflowed tiles: 2853 (29.14%)
[INFO GPL-0043] Average top 0.5% routing congestion: 1.1146
[INFO GPL-0044] Average top 1.0% routing congestion: 1.0909
[INFO GPL-0045] Average top 2.0% routing congestion: 1.0731
[INFO GPL-0046] Average top 5.0% routing congestion: 1.0529
[INFO GPL-0047] Routability iteration weighted routing congestion: 1.1027
[INFO GPL-0048] Routing congestion (1.1027) lower than previous minimum (1.104). Updating minimum.
[INFO GPL-0086] Inflated area:                 986.452 um^2 (+0.70%)
[INFO GPL-0052] Placement target density:       0.5861
[INFO GPL-0076] Removing fillers, count: Before: 3472, After: 3370 (-2.94%)
[INFO GPL-0077] Filler area (um^2)     : Before: 33380.728, After: 32400.073 (-2.94%)
[INFO GPL-0078] Removed fillers count: 102, area removed: 980.655 um^2. Remaining area to be compensated by modifying density: 5.797 um^2
[INFO GPL-0058] White space area:           298842.864 um^2 (+0.00%)
[INFO GPL-0059] Movable instances area:     175158.428 um^2 (+0.00%)
[INFO GPL-0060] Total filler area:           32400.073 um^2 (-2.94%)
[INFO GPL-0061] Total non-inflated area:    175169.083 um^2 (+0.00%)
[INFO GPL-0062] Total inflated area:        176155.535 um^2 (+0.00%)
[INFO GPL-0063] New Target Density:             0.5861
[INFO GPL-0087] Routability end iteration: increase inflation and revert back to snapshot.
Iteration | Overflow |     HPWL (um) |  HPWL(%) |   Penalty | Group
---------------------------------------------------------------
      670 |   0.6015 |  4.164912e+05 |  -12.01% |  1.14e-09 |      
      680 |   0.5539 |  4.476129e+05 |   +7.47% |  1.67e-09 |      
      690 |   0.5206 |  4.660708e+05 |   +4.12% |  2.46e-09 |      
      700 |   0.4946 |  4.665073e+05 |   +0.09% |  3.63e-09 |      
      710 |   0.4628 |  4.700424e+05 |   +0.76% |  5.34e-09 |      
      720 |   0.4310 |  4.783733e+05 |   +1.77% |  7.86e-09 |      
      730 |   0.3958 |  4.709948e+05 |   -1.54% |  1.16e-08 |      
      740 |   0.3643 |  4.747919e+05 |   +0.81% |  1.71e-08 |      
      750 |   0.3323 |  4.766556e+05 |   +0.39% |  2.51e-08 |      
      760 |   0.2974 |  4.779518e+05 |   +0.27% |  3.70e-08 |      
[INFO GPL-0040] Routability iteration: 5
[INFO GPL-0041] Total routing overflow: 61.5887
[INFO GPL-0042] Number of overflowed tiles: 2848 (29.09%)
[INFO GPL-0043] Average top 0.5% routing congestion: 1.1163
[INFO GPL-0044] Average top 1.0% routing congestion: 1.0977
[INFO GPL-0045] Average top 2.0% routing congestion: 1.0769
[INFO GPL-0046] Average top 5.0% routing congestion: 1.0532
[INFO GPL-0047] Routability iteration weighted routing congestion: 1.1070
[INFO GPL-0049] Routing congestion (1.1070) higher than minimum (1.1027). Consecutive non-improvement count: 1.
[INFO GPL-0086] Inflated area:                 929.122 um^2 (+0.65%)
[INFO GPL-0052] Placement target density:       0.5861
[INFO GPL-0076] Removing fillers, count: Before: 3370, After: 3274 (-2.85%)
[INFO GPL-0077] Filler area (um^2)     : Before: 32400.073, After: 31477.104 (-2.85%)
[INFO GPL-0078] Removed fillers count: 96, area removed: 922.969 um^2. Remaining area to be compensated by modifying density: 6.152 um^2
[INFO GPL-0058] White space area:           298842.864 um^2 (+0.00%)
[INFO GPL-0059] Movable instances area:     175158.428 um^2 (+0.00%)
[INFO GPL-0060] Total filler area:           31477.104 um^2 (-2.85%)
[INFO GPL-0061] Total non-inflated area:    175175.235 um^2 (+0.00%)
[INFO GPL-0062] Total inflated area:        176104.357 um^2 (+0.00%)
[INFO GPL-0063] New Target Density:             0.5861
[INFO GPL-0087] Routability end iteration: increase inflation and revert back to snapshot.
Iteration | Overflow |     HPWL (um) |  HPWL(%) |   Penalty | Group
---------------------------------------------------------------
      770 |   0.5658 |  4.422721e+05 |   -7.47% |  1.49e-09 |      
      780 |   0.5286 |  4.648767e+05 |   +5.11% |  2.19e-09 |      
      790 |   0.5028 |  4.700471e+05 |   +1.11% |  3.23e-09 |      
      800 |   0.4711 |  4.717928e+05 |   +0.37% |  4.75e-09 |      
      810 |   0.4407 |  4.821779e+05 |   +2.20% |  7.00e-09 |      
      820 |   0.4083 |  4.751905e+05 |   -1.45% |  1.03e-08 |      
      830 |   0.3739 |  4.764638e+05 |   +0.27% |  1.52e-08 |      
      840 |   0.3428 |  4.792195e+05 |   +0.58% |  2.24e-08 |      
      850 |   0.3070 |  4.810762e+05 |   +0.39% |  3.29e-08 |      
[INFO GPL-0040] Routability iteration: 6
[INFO GPL-0041] Total routing overflow: 60.2049
[INFO GPL-0042] Number of overflowed tiles: 2832 (28.93%)
[INFO GPL-0043] Average top 0.5% routing congestion: 1.1009
[INFO GPL-0044] Average top 1.0% routing congestion: 1.0814
[INFO GPL-0045] Average top 2.0% routing congestion: 1.0660
[INFO GPL-0046] Average top 5.0% routing congestion: 1.0495
[INFO GPL-0047] Routability iteration weighted routing congestion: 1.0912
[INFO GPL-0048] Routing congestion (1.0912) lower than previous minimum (1.103). Updating minimum.
[INFO GPL-0086] Inflated area:                 796.238 um^2 (+0.55%)
[INFO GPL-0052] Placement target density:       0.5861
[INFO GPL-0076] Removing fillers, count: Before: 3274, After: 3192 (-2.50%)
[INFO GPL-0077] Filler area (um^2)     : Before: 31477.104, After: 30688.734 (-2.50%)
[INFO GPL-0078] Removed fillers count: 82, area removed: 788.370 um^2. Remaining area to be compensated by modifying density: 7.868 um^2
[INFO GPL-0058] White space area:           298842.864 um^2 (+0.00%)
[INFO GPL-0059] Movable instances area:     175158.428 um^2 (+0.00%)
[INFO GPL-0060] Total filler area:           30688.734 um^2 (-2.50%)
[INFO GPL-0061] Total non-inflated area:    175183.103 um^2 (+0.00%)
[INFO GPL-0062] Total inflated area:        175979.341 um^2 (+0.00%)
[INFO GPL-0063] New Target Density:             0.5861
[INFO GPL-0087] Routability end iteration: increase inflation and revert back to snapshot.
Iteration | Overflow |     HPWL (um) |  HPWL(%) |   Penalty | Group
---------------------------------------------------------------
      860 |   0.5759 |  4.401623e+05 |   -8.50% |  1.33e-09 |      
      870 |   0.5402 |  4.616928e+05 |   +4.89% |  1.95e-09 |      
      880 |   0.5096 |  4.746355e+05 |   +2.80% |  2.87e-09 |      
      890 |   0.4816 |  4.743946e+05 |   -0.05% |  4.23e-09 |      
      900 |   0.4515 |  4.825252e+05 |   +1.71% |  6.23e-09 |      
      910 |   0.4177 |  4.810600e+05 |   -0.30% |  9.17e-09 |      
      920 |   0.3848 |  4.777977e+05 |   -0.68% |  1.35e-08 |      
      930 |   0.3523 |  4.815097e+05 |   +0.78% |  1.99e-08 |      
      940 |   0.3175 |  4.835301e+05 |   +0.42% |  2.93e-08 |      
[INFO GPL-0040] Routability iteration: 7
[INFO GPL-0041] Total routing overflow: 58.7624
[INFO GPL-0042] Number of overflowed tiles: 2819 (28.79%)
[INFO GPL-0043] Average top 0.5% routing congestion: 1.0953
[INFO GPL-0044] Average top 1.0% routing congestion: 1.0816
[INFO GPL-0045] Average top 2.0% routing congestion: 1.0674
[INFO GPL-0046] Average top 5.0% routing congestion: 1.0498
[INFO GPL-0047] Routability iteration weighted routing congestion: 1.0884
[INFO GPL-0048] Routing congestion (1.0884) lower than previous minimum (1.091). Updating minimum.
[INFO GPL-0086] Inflated area:                 581.409 um^2 (+0.40%)
[INFO GPL-0052] Placement target density:       0.5861
[INFO GPL-0076] Removing fillers, count: Before: 3192, After: 3132 (-1.88%)
[INFO GPL-0077] Filler area (um^2)     : Before: 30688.734, After: 30111.878 (-1.88%)
[INFO GPL-0078] Removed fillers count: 60, area removed: 576.856 um^2. Remaining area to be compensated by modifying density: 4.553 um^2
[INFO GPL-0058] White space area:           298842.864 um^2 (+0.00%)
[INFO GPL-0059] Movable instances area:     175158.428 um^2 (+0.00%)
[INFO GPL-0060] Total filler area:           30111.878 um^2 (-1.88%)
[INFO GPL-0061] Total non-inflated area:    175187.656 um^2 (+0.00%)
[INFO GPL-0062] Total inflated area:        175769.065 um^2 (+0.00%)
[INFO GPL-0063] New Target Density:             0.5861
[INFO GPL-0087] Routability end iteration: increase inflation and revert back to snapshot.
Iteration | Overflow |     HPWL (um) |  HPWL(%) |   Penalty | Group
---------------------------------------------------------------
      950 |   0.5886 |  4.288396e+05 |  -11.31% |  1.23e-09 |      
      960 |   0.5465 |  4.603262e+05 |   +7.34% |  1.81e-09 |      
      970 |   0.5143 |  4.764592e+05 |   +3.50% |  2.66e-09 |      
      980 |   0.4901 |  4.758605e+05 |   -0.13% |  3.91e-09 |      
      990 |   0.4570 |  4.815942e+05 |   +1.20% |  5.76e-09 |      
     1000 |   0.4254 |  4.840902e+05 |   +0.52% |  8.49e-09 |      
     1010 |   0.3906 |  4.785898e+05 |   -1.14% |  1.25e-08 |      
     1020 |   0.3576 |  4.832028e+05 |   +0.96% |  1.84e-08 |      
     1030 |   0.3245 |  4.851625e+05 |   +0.41% |  2.71e-08 |      
[INFO GPL-0040] Routability iteration: 8
[INFO GPL-0041] Total routing overflow: 58.8626
[INFO GPL-0042] Number of overflowed tiles: 2811 (28.71%)
[INFO GPL-0043] Average top 0.5% routing congestion: 1.0976
[INFO GPL-0044] Average top 1.0% routing congestion: 1.0800
[INFO GPL-0045] Average top 2.0% routing congestion: 1.0640
[INFO GPL-0046] Average top 5.0% routing congestion: 1.0499
[INFO GPL-0047] Routability iteration weighted routing congestion: 1.0888
[INFO GPL-0049] Routing congestion (1.0888) higher than minimum (1.0884). Consecutive non-improvement count: 1.
[INFO GPL-0086] Inflated area:                 736.138 um^2 (+0.51%)
[INFO GPL-0052] Placement target density:       0.5861
[INFO GPL-0076] Removing fillers, count: Before: 3132, After: 3056 (-2.43%)
[INFO GPL-0077] Filler area (um^2)     : Before: 30111.878, After: 29381.194 (-2.43%)
[INFO GPL-0078] Removed fillers count: 76, area removed: 730.684 um^2. Remaining area to be compensated by modifying density: 5.454 um^2
[INFO GPL-0058] White space area:           298842.864 um^2 (+0.00%)
[INFO GPL-0059] Movable instances area:     175158.428 um^2 (+0.00%)
[INFO GPL-0060] Total filler area:           29381.194 um^2 (-2.43%)
[INFO GPL-0061] Total non-inflated area:    175193.110 um^2 (+0.00%)
[INFO GPL-0062] Total inflated area:        175929.247 um^2 (+0.00%)
[INFO GPL-0063] New Target Density:             0.5861
[INFO GPL-0087] Routability end iteration: increase inflation and revert back to snapshot.
Iteration | Overflow |     HPWL (um) |  HPWL(%) |   Penalty | Group
---------------------------------------------------------------
     1040 |   0.6067 |  4.163080e+05 |  -14.19% |  1.14e-09 |      
     1050 |   0.5530 |  4.575074e+05 |   +9.90% |  1.67e-09 |      
     1060 |   0.5204 |  4.777710e+05 |   +4.43% |  2.46e-09 |      
     1070 |   0.4954 |  4.780687e+05 |   +0.06% |  3.62e-09 |      
     1080 |   0.4627 |  4.821579e+05 |   +0.86% |  5.33e-09 |      
     1090 |   0.4319 |  4.883476e+05 |   +1.28% |  7.85e-09 |      
     1100 |   0.3979 |  4.803750e+05 |   -1.63% |  1.16e-08 |      
     1110 |   0.3634 |  4.856479e+05 |   +1.10% |  1.70e-08 |      
     1120 |   0.3318 |  4.871724e+05 |   +0.31% |  2.51e-08 |      
[INFO GPL-0040] Routability iteration: 9
[INFO GPL-0041] Total routing overflow: 59.4003
[INFO GPL-0042] Number of overflowed tiles: 2834 (28.95%)
[INFO GPL-0043] Average top 0.5% routing congestion: 1.0943
[INFO GPL-0044] Average top 1.0% routing congestion: 1.0774
[INFO GPL-0045] Average top 2.0% routing congestion: 1.0620
[INFO GPL-0046] Average top 5.0% routing congestion: 1.0482
[INFO GPL-0047] Routability iteration weighted routing congestion: 1.0858
[INFO GPL-0048] Routing congestion (1.0858) lower than previous minimum (1.088). Updating minimum.
[INFO GPL-0086] Inflated area:                 606.069 um^2 (+0.42%)
[INFO GPL-0052] Placement target density:       0.5861
[INFO GPL-0076] Removing fillers, count: Before: 3056, After: 2993 (-2.06%)
[INFO GPL-0077] Filler area (um^2)     : Before: 29381.194, After: 28775.495 (-2.06%)
[INFO GPL-0078] Removed fillers count: 63, area removed: 605.699 um^2. Remaining area to be compensated by modifying density: 0.370 um^2
[INFO GPL-0058] White space area:           298842.864 um^2 (+0.00%)
[INFO GPL-0059] Movable instances area:     175158.428 um^2 (+0.00%)
[INFO GPL-0060] Total filler area:           28775.495 um^2 (-2.06%)
[INFO GPL-0061] Total non-inflated area:    175193.480 um^2 (+0.00%)
[INFO GPL-0062] Total inflated area:        175799.548 um^2 (+0.00%)
[INFO GPL-0063] New Target Density:             0.5861
[INFO GPL-0087] Routability end iteration: increase inflation and revert back to snapshot.
Iteration | Overflow |     HPWL (um) |  HPWL(%) |   Penalty | Group
---------------------------------------------------------------
     1130 |   0.6245 |  4.076575e+05 |  -16.32% |  1.06e-09 |      
     1140 |   0.5623 |  4.529829e+05 |  +11.12% |  1.55e-09 |      
     1150 |   0.5263 |  4.769701e+05 |   +5.30% |  2.28e-09 |      
     1160 |   0.4992 |  4.806328e+05 |   +0.77% |  3.35e-09 |      
     1170 |   0.4686 |  4.828232e+05 |   +0.46% |  4.94e-09 |      
     1180 |   0.4370 |  4.909554e+05 |   +1.68% |  7.27e-09 |      
     1190 |   0.4050 |  4.826698e+05 |   -1.69% |  1.07e-08 |      
     1200 |   0.3714 |  4.870489e+05 |   +0.91% |  1.58e-08 |      
     1210 |   0.3373 |  4.888245e+05 |   +0.36% |  2.32e-08 |      
     1220 |   0.3041 |  4.909283e+05 |   +0.43% |  3.42e-08 |      
[INFO GPL-0040] Routability iteration: 10
[INFO GPL-0041] Total routing overflow: 58.7543
[INFO GPL-0042] Number of overflowed tiles: 2808 (28.68%)
[INFO GPL-0043] Average top 0.5% routing congestion: 1.0932
[INFO GPL-0044] Average top 1.0% routing congestion: 1.0774
[INFO GPL-0045] Average top 2.0% routing congestion: 1.0626
[INFO GPL-0046] Average top 5.0% routing congestion: 1.0474
[INFO GPL-0047] Routability iteration weighted routing congestion: 1.0853
[INFO GPL-0049] Routing congestion (1.0853) higher than minimum (1.0858). Consecutive non-improvement count: 1.
[INFO GPL-0086] Inflated area:                 560.203 um^2 (+0.38%)
[INFO GPL-0052] Placement target density:       0.5861
[INFO GPL-0076] Removing fillers, count: Before: 2993, After: 2935 (-1.94%)
[INFO GPL-0077] Filler area (um^2)     : Before: 28775.495, After: 28217.868 (-1.94%)
[INFO GPL-0078] Removed fillers count: 58, area removed: 557.627 um^2. Remaining area to be compensated by modifying density: 2.576 um^2
[INFO GPL-0058] White space area:           298842.864 um^2 (+0.00%)
[INFO GPL-0059] Movable instances area:     175158.428 um^2 (+0.00%)
[INFO GPL-0060] Total filler area:           28217.868 um^2 (-1.94%)
[INFO GPL-0061] Total non-inflated area:    175196.055 um^2 (+0.00%)
[INFO GPL-0062] Total inflated area:        175756.258 um^2 (+0.00%)
[INFO GPL-0063] New Target Density:             0.5861
[INFO GPL-0087] Routability end iteration: increase inflation and revert back to snapshot.
Iteration | Overflow |     HPWL (um) |  HPWL(%) |   Penalty | Group
---------------------------------------------------------------
     1230 |   0.5689 |  4.486252e+05 |   -8.62% |  1.38e-09 |      
     1240 |   0.5363 |  4.719998e+05 |   +5.21% |  2.03e-09 |      
     1250 |   0.5055 |  4.838665e+05 |   +2.51% |  2.98e-09 |      
     1260 |   0.4775 |  4.831947e+05 |   -0.14% |  4.39e-09 |      
     1270 |   0.4481 |  4.918027e+05 |   +1.78% |  6.47e-09 |      
     1280 |   0.4140 |  4.874202e+05 |   -0.89% |  9.53e-09 |      
     1290 |   0.3832 |  4.874277e+05 |   +0.00% |  1.40e-08 |      
     1300 |   0.3483 |  4.910187e+05 |   +0.74% |  2.07e-08 |      
     1310 |   0.3144 |  4.926510e+05 |   +0.33% |  3.04e-08 |      
[INFO GPL-0040] Routability iteration: 11
[INFO GPL-0041] Total routing overflow: 58.5605
[INFO GPL-0042] Number of overflowed tiles: 2798 (28.58%)
[INFO GPL-0043] Average top 0.5% routing congestion: 1.0889
[INFO GPL-0044] Average top 1.0% routing congestion: 1.0747
[INFO GPL-0045] Average top 2.0% routing congestion: 1.0607
[INFO GPL-0046] Average top 5.0% routing congestion: 1.0471
[INFO GPL-0047] Routability iteration weighted routing congestion: 1.0818
[INFO GPL-0048] Routing congestion (1.0818) lower than previous minimum (1.086). Updating minimum.
[INFO GPL-0086] Inflated area:                 548.283 um^2 (+0.37%)
[INFO GPL-0052] Placement target density:       0.5861
[INFO GPL-0076] Removing fillers, count: Before: 2935, After: 2878 (-1.94%)
[INFO GPL-0077] Filler area (um^2)     : Before: 28217.868, After: 27669.855 (-1.94%)
[INFO GPL-0078] Removed fillers count: 57, area removed: 548.013 um^2. Remaining area to be compensated by modifying density: 0.270 um^2
[INFO GPL-0058] White space area:           298842.864 um^2 (+0.00%)
[INFO GPL-0059] Movable instances area:     175158.428 um^2 (+0.00%)
[INFO GPL-0060] Total filler area:           27669.855 um^2 (-1.94%)
[INFO GPL-0061] Total non-inflated area:    175196.325 um^2 (+0.00%)
[INFO GPL-0062] Total inflated area:        175744.608 um^2 (+0.00%)
[INFO GPL-0063] New Target Density:             0.5861
[INFO GPL-0087] Routability end iteration: increase inflation and revert back to snapshot.
Iteration | Overflow |     HPWL (um) |  HPWL(%) |   Penalty | Group
---------------------------------------------------------------
     1320 |   0.5789 |  4.425205e+05 |  -10.18% |  1.28e-09 |      
     1330 |   0.5429 |  4.707907e+05 |   +6.39% |  1.88e-09 |      
     1340 |   0.5107 |  4.865149e+05 |   +3.34% |  2.76e-09 |      
     1350 |   0.4859 |  4.850961e+05 |   -0.29% |  4.07e-09 |      
     1360 |   0.4533 |  4.923297e+05 |   +1.49% |  5.99e-09 |      
     1370 |   0.4210 |  4.919129e+05 |   -0.08% |  8.81e-09 |      
     1380 |   0.3889 |  4.886144e+05 |   -0.67% |  1.30e-08 |      
     1390 |   0.3560 |  4.931608e+05 |   +0.93% |  1.91e-08 |      
     1400 |   0.3205 |  4.939908e+05 |   +0.17% |  2.82e-08 |      
[INFO GPL-0040] Routability iteration: 12
[INFO GPL-0041] Total routing overflow: 58.6000
[INFO GPL-0042] Number of overflowed tiles: 2808 (28.68%)
[INFO GPL-0043] Average top 0.5% routing congestion: 1.0897
[INFO GPL-0044] Average top 1.0% routing congestion: 1.0749
[INFO GPL-0045] Average top 2.0% routing congestion: 1.0608
[INFO GPL-0046] Average top 5.0% routing congestion: 1.0468
[INFO GPL-0047] Routability iteration weighted routing congestion: 1.0823
[INFO GPL-0049] Routing congestion (1.0823) higher than minimum (1.0818). Consecutive non-improvement count: 1.
[INFO GPL-0086] Inflated area:                 494.490 um^2 (+0.34%)
[INFO GPL-0052] Placement target density:       0.5861
[INFO GPL-0076] Removing fillers, count: Before: 2878, After: 2827 (-1.77%)
[INFO GPL-0077] Filler area (um^2)     : Before: 27669.855, After: 27179.527 (-1.77%)
[INFO GPL-0078] Removed fillers count: 51, area removed: 490.328 um^2. Remaining area to be compensated by modifying density: 4.163 um^2
[INFO GPL-0058] White space area:           298842.864 um^2 (+0.00%)
[INFO GPL-0059] Movable instances area:     175158.428 um^2 (+0.00%)
[INFO GPL-0060] Total filler area:           27179.527 um^2 (-1.77%)
[INFO GPL-0061] Total non-inflated area:    175200.488 um^2 (+0.00%)
[INFO GPL-0062] Total inflated area:        175694.978 um^2 (+0.00%)
[INFO GPL-0063] New Target Density:             0.5861
[INFO GPL-0087] Routability end iteration: increase inflation and revert back to snapshot.
Iteration | Overflow |     HPWL (um) |  HPWL(%) |   Penalty | Group
---------------------------------------------------------------
     1410 |   0.6100 |  4.160495e+05 |  -15.78% |  1.14e-09 |      
     1420 |   0.5515 |  4.651464e+05 |  +11.80% |  1.67e-09 |      
     1430 |   0.5212 |  4.860896e+05 |   +4.50% |  2.46e-09 |      
     1440 |   0.4948 |  4.870762e+05 |   +0.20% |  3.62e-09 |      
     1450 |   0.4625 |  4.909607e+05 |   +0.80% |  5.33e-09 |      
     1460 |   0.4316 |  4.958785e+05 |   +1.00% |  7.85e-09 |      
     1470 |   0.3973 |  4.888179e+05 |   -1.42% |  1.16e-08 |      
     1480 |   0.3666 |  4.944634e+05 |   +1.15% |  1.70e-08 |      
     1490 |   0.3294 |  4.949041e+05 |   +0.09% |  2.51e-08 |      
     1500 |   0.2981 |  4.966618e+05 |   +0.36% |  3.69e-08 |      
[INFO GPL-0040] Routability iteration: 13
[INFO GPL-0041] Total routing overflow: 59.7689
[INFO GPL-0042] Number of overflowed tiles: 2827 (28.88%)
[INFO GPL-0043] Average top 0.5% routing congestion: 1.0955
[INFO GPL-0044] Average top 1.0% routing congestion: 1.0765
[INFO GPL-0045] Average top 2.0% routing congestion: 1.0631
[INFO GPL-0046] Average top 5.0% routing congestion: 1.0481
[INFO GPL-0047] Routability iteration weighted routing congestion: 1.0860
[INFO GPL-0049] Routing congestion (1.0860) higher than minimum (1.0818). Consecutive non-improvement count: 2.
[INFO GPL-0086] Inflated area:                 730.142 um^2 (+0.49%)
[INFO GPL-0052] Placement target density:       0.5861
[INFO GPL-0076] Removing fillers, count: Before: 2827, After: 2752 (-2.65%)
[INFO GPL-0077] Filler area (um^2)     : Before: 27179.527, After: 26458.457 (-2.65%)
[INFO GPL-0078] Removed fillers count: 75, area removed: 721.070 um^2. Remaining area to be compensated by modifying density: 9.072 um^2
[INFO GPL-0058] White space area:           298842.864 um^2 (+0.00%)
[INFO GPL-0059] Movable instances area:     175158.428 um^2 (+0.00%)
[INFO GPL-0060] Total filler area:           26458.457 um^2 (-2.65%)
[INFO GPL-0061] Total non-inflated area:    175209.560 um^2 (+0.01%)
[INFO GPL-0062] Total inflated area:        175939.703 um^2 (+0.01%)
[INFO GPL-0063] New Target Density:             0.5861
[INFO GPL-0087] Routability end iteration: increase inflation and revert back to snapshot.
Iteration | Overflow |     HPWL (um) |  HPWL(%) |   Penalty | Group
---------------------------------------------------------------
     1510 |   0.5634 |  4.575187e+05 |   -7.88% |  1.49e-09 |      
     1520 |   0.5287 |  4.839266e+05 |   +5.77% |  2.19e-09 |      
     1530 |   0.5008 |  4.906529e+05 |   +1.39% |  3.22e-09 |      
     1540 |   0.4711 |  4.914533e+05 |   +0.16% |  4.74e-09 |      
     1550 |   0.4416 |  4.988368e+05 |   +1.50% |  6.98e-09 |      
     1560 |   0.4088 |  4.922029e+05 |   -1.33% |  1.03e-08 |      
     1570 |   0.3761 |  4.959587e+05 |   +0.76% |  1.52e-08 |      
     1580 |   0.3417 |  4.969976e+05 |   +0.21% |  2.23e-08 |      
     1590 |   0.3078 |  5.000541e+05 |   +0.61% |  3.29e-08 |      
[INFO GPL-0040] Routability iteration: 14
[INFO GPL-0041] Total routing overflow: 58.3132
[INFO GPL-0042] Number of overflowed tiles: 2808 (28.68%)
[INFO GPL-0043] Average top 0.5% routing congestion: 1.0827
[INFO GPL-0044] Average top 1.0% routing congestion: 1.0678
[INFO GPL-0045] Average top 2.0% routing congestion: 1.0563
[INFO GPL-0046] Average top 5.0% routing congestion: 1.0449
[INFO GPL-0047] Routability iteration weighted routing congestion: 1.0753
[INFO GPL-0048] Routing congestion (1.0753) lower than previous minimum (1.082). Updating minimum.
[INFO GPL-0086] Inflated area:                 599.568 um^2 (+0.40%)
[INFO GPL-0052] Placement target density:       0.5861
[INFO GPL-0076] Removing fillers, count: Before: 2752, After: 2690 (-2.25%)
[INFO GPL-0077] Filler area (um^2)     : Before: 26458.457, After: 25862.373 (-2.25%)
[INFO GPL-0078] Removed fillers count: 62, area removed: 596.084 um^2. Remaining area to be compensated by modifying density: 3.484 um^2
[INFO GPL-0058] White space area:           298842.864 um^2 (+0.00%)
[INFO GPL-0059] Movable instances area:     175158.428 um^2 (+0.00%)
[INFO GPL-0060] Total filler area:           25862.373 um^2 (-2.25%)
[INFO GPL-0061] Total non-inflated area:    175213.044 um^2 (+0.00%)
[INFO GPL-0062] Total inflated area:        175812.612 um^2 (+0.00%)
[INFO GPL-0063] New Target Density:             0.5861
[INFO GPL-0087] Routability end iteration: increase inflation and revert back to snapshot.
Iteration | Overflow |     HPWL (um) |  HPWL(%) |   Penalty | Group
---------------------------------------------------------------
     1600 |   0.5665 |  4.561333e+05 |   -8.78% |  1.38e-09 |      
     1610 |   0.5351 |  4.810249e+05 |   +5.46% |  2.03e-09 |      
     1620 |   0.5050 |  4.935814e+05 |   +2.61% |  2.98e-09 |      
     1630 |   0.4785 |  4.929062e+05 |   -0.14% |  4.39e-09 |      
     1640 |   0.4468 |  4.997872e+05 |   +1.40% |  6.46e-09 |      
     1650 |   0.4160 |  4.956293e+05 |   -0.83% |  9.52e-09 |      
     1660 |   0.3807 |  4.965662e+05 |   +0.19% |  1.40e-08 |      
     1670 |   0.3482 |  4.990018e+05 |   +0.49% |  2.06e-08 |      
     1680 |   0.3126 |  5.021174e+05 |   +0.62% |  3.04e-08 |      
[INFO GPL-0040] Routability iteration: 15
[INFO GPL-0041] Total routing overflow: 57.3270
[INFO GPL-0042] Number of overflowed tiles: 2826 (28.87%)
[INFO GPL-0043] Average top 0.5% routing congestion: 1.0831
[INFO GPL-0044] Average top 1.0% routing congestion: 1.0724
[INFO GPL-0045] Average top 2.0% routing congestion: 1.0596
[INFO GPL-0046] Average top 5.0% routing congestion: 1.0464
[INFO GPL-0047] Routability iteration weighted routing congestion: 1.0777
[INFO GPL-0049] Routing congestion (1.0777) higher than minimum (1.0753). Consecutive non-improvement count: 1.
[INFO GPL-0086] Inflated area:                 511.502 um^2 (+0.34%)
[INFO GPL-0052] Placement target density:       0.5861
[INFO GPL-0076] Removing fillers, count: Before: 2690, After: 2637 (-1.97%)
[INFO GPL-0077] Filler area (um^2)     : Before: 25862.373, After: 25352.817 (-1.97%)
[INFO GPL-0078] Removed fillers count: 53, area removed: 509.556 um^2. Remaining area to be compensated by modifying density: 1.946 um^2
[INFO GPL-0058] White space area:           298842.864 um^2 (+0.00%)
[INFO GPL-0059] Movable instances area:     175158.428 um^2 (+0.00%)
[INFO GPL-0060] Total filler area:           25352.817 um^2 (-1.97%)
[INFO GPL-0061] Total non-inflated area:    175214.990 um^2 (+0.00%)
[INFO GPL-0062] Total inflated area:        175726.493 um^2 (+0.00%)
[INFO GPL-0063] New Target Density:             0.5861
[INFO GPL-0087] Routability end iteration: increase inflation and revert back to snapshot.
Iteration | Overflow |     HPWL (um) |  HPWL(%) |   Penalty | Group
---------------------------------------------------------------
     1690 |   0.5876 |  4.373561e+05 |  -12.90% |  1.23e-09 |      
     1700 |   0.5446 |  4.771842e+05 |   +9.11% |  1.80e-09 |      
     1710 |   0.5166 |  4.947010e+05 |   +3.67% |  2.65e-09 |      
     1720 |   0.4905 |  4.943847e+05 |   -0.06% |  3.91e-09 |      
     1730 |   0.4560 |  4.996587e+05 |   +1.07% |  5.75e-09 |      
     1740 |   0.4259 |  5.004083e+05 |   +0.15% |  8.47e-09 |      
     1750 |   0.3913 |  4.967299e+05 |   -0.74% |  1.25e-08 |      
     1760 |   0.3582 |  5.011386e+05 |   +0.89% |  1.84e-08 |      
     1770 |   0.3235 |  5.025622e+05 |   +0.28% |  2.71e-08 |      
[INFO GPL-0040] Routability iteration: 16
[INFO GPL-0041] Total routing overflow: 58.6085
[INFO GPL-0042] Number of overflowed tiles: 2826 (28.87%)
[INFO GPL-0043] Average top 0.5% routing congestion: 1.0820
[INFO GPL-0044] Average top 1.0% routing congestion: 1.0702
[INFO GPL-0045] Average top 2.0% routing congestion: 1.0576
[INFO GPL-0046] Average top 5.0% routing congestion: 1.0449
[INFO GPL-0047] Routability iteration weighted routing congestion: 1.0761
[INFO GPL-0049] Routing congestion (1.0761) higher than minimum (1.0753). Consecutive non-improvement count: 2.
[INFO GPL-0086] Inflated area:                 456.649 um^2 (+0.30%)
[INFO GPL-0052] Placement target density:       0.5861
[INFO GPL-0076] Removing fillers, count: Before: 2637, After: 2590 (-1.78%)
[INFO GPL-0077] Filler area (um^2)     : Before: 25352.817, After: 24900.946 (-1.78%)
[INFO GPL-0078] Removed fillers count: 47, area removed: 451.870 um^2. Remaining area to be compensated by modifying density: 4.779 um^2
[INFO GPL-0058] White space area:           298842.864 um^2 (+0.00%)
[INFO GPL-0059] Movable instances area:     175158.428 um^2 (+0.00%)
[INFO GPL-0060] Total filler area:           24900.946 um^2 (-1.78%)
[INFO GPL-0061] Total non-inflated area:    175219.769 um^2 (+0.00%)
[INFO GPL-0062] Total inflated area:        175676.418 um^2 (+0.00%)
[INFO GPL-0063] New Target Density:             0.5861
[INFO GPL-0087] Routability end iteration: increase inflation and revert back to snapshot.
Iteration | Overflow |     HPWL (um) |  HPWL(%) |   Penalty | Group
---------------------------------------------------------------
     1780 |   0.6133 |  4.162456e+05 |  -17.18% |  1.14e-09 |      
     1790 |   0.5509 |  4.728099e+05 |  +13.59% |  1.67e-09 |      
     1800 |   0.5206 |  4.944001e+05 |   +4.57% |  2.45e-09 |      
     1810 |   0.4945 |  4.965447e+05 |   +0.43% |  3.61e-09 |      
     1820 |   0.4626 |  4.996488e+05 |   +0.63% |  5.32e-09 |      
     1830 |   0.4299 |  5.030272e+05 |   +0.68% |  7.84e-09 |      
     1840 |   0.3984 |  4.972200e+05 |   -1.15% |  1.15e-08 |      
     1850 |   0.3659 |  5.028831e+05 |   +1.14% |  1.70e-08 |      
     1860 |   0.3308 |  5.031371e+05 |   +0.05% |  2.50e-08 |      
     1870 |   0.2992 |  5.071558e+05 |   +0.80% |  3.69e-08 |      
[INFO GPL-0040] Routability iteration: 17
[INFO GPL-0041] Total routing overflow: 61.5215
[INFO GPL-0042] Number of overflowed tiles: 2823 (28.84%)
[INFO GPL-0043] Average top 0.5% routing congestion: 1.0869
[INFO GPL-0044] Average top 1.0% routing congestion: 1.0734
[INFO GPL-0045] Average top 2.0% routing congestion: 1.0619
[INFO GPL-0046] Average top 5.0% routing congestion: 1.0479
[INFO GPL-0047] Routability iteration weighted routing congestion: 1.0802
[INFO GPL-0049] Routing congestion (1.0802) higher than minimum (1.0753). Consecutive non-improvement count: 3.
[INFO GPL-0086] Inflated area:                 507.335 um^2 (+0.34%)
[INFO GPL-0052] Placement target density:       0.5861
[INFO GPL-0076] Removing fillers, count: Before: 2590, After: 2538 (-2.01%)
[INFO GPL-0077] Filler area (um^2)     : Before: 24900.946, After: 24401.005 (-2.01%)
[INFO GPL-0078] Removed fillers count: 52, area removed: 499.942 um^2. Remaining area to be compensated by modifying density: 7.393 um^2
[INFO GPL-0054] No improvement in routing congestion for 3 consecutive iterations (limit is 3).
[INFO GPL-0055] Reverting inflation values and target density from the iteration with minimum observed routing congestion.
[INFO GPL-0056] Minimum observed routing congestion: 1.0753
[INFO GPL-0057] Target density at minimum routing congestion: 0.5861
[INFO GPL-0080] Restoring 214 previously removed fillers.
[INFO GPL-0081] Number of fillers before restoration 2538 and after 2752 . Relative change: +8.43%%
[INFO GPL-0082] Total filler area before restoration 24401.00 and after 26458.46 (um^2). Relative change: +8.43%%
[INFO GPL-0089] Routability finished. Reverting to minimal observed routing congestion, could not reach target.
Iteration | Overflow |     HPWL (um) |  HPWL(%) |   Penalty | Group
---------------------------------------------------------------
     1880 |   0.5610 |  4.556367e+05 |  -10.16% |  1.49e-09 |      
     1890 |   0.5255 |  4.832293e+05 |   +6.06% |  2.19e-09 |      
     1900 |   0.4975 |  4.901479e+05 |   +1.43% |  3.22e-09 |      
     1910 |   0.4677 |  4.909514e+05 |   +0.16% |  4.74e-09 |      
     1920 |   0.4390 |  4.983789e+05 |   +1.51% |  6.98e-09 |      
     1930 |   0.4061 |  4.923253e+05 |   -1.21% |  1.03e-08 |      
     1940 |   0.3733 |  4.954930e+05 |   +0.64% |  1.52e-08 |      
     1950 |   0.3397 |  4.967018e+05 |   +0.24% |  2.23e-08 |      
     1960 |   0.3057 |  5.000425e+05 |   +0.67% |  3.29e-08 |      
     1970 |   0.2735 |  5.005101e+05 |   +0.09% |  4.84e-08 |      
     1980 |   0.2455 |  5.032128e+05 |   +0.54% |  7.13e-08 |      
     1990 |   0.2203 |  5.049292e+05 |   +0.34% |  1.05e-07 |      
     2000 |   0.1950 |  5.064732e+05 |   +0.31% |  1.55e-07 |      
[INFO GPL-0100] Timing-driven iteration 2/2, virtual: false.
[INFO GPL-0101]    Iter: 2002, overflow: 0.193, keep resizer changes at: 1, HPWL: 506647059
Iteration |   Area    | Resized | Buffers | Nets repaired | Remaining
---------------------------------------------------------------------
        0 |     +0.0% |       0 |       0 |             0 |     15609
    final |     +0.7% |      62 |     110 |           104 |         0
---------------------------------------------------------------------
[INFO RSZ-0034] Found 80 slew violations.
[INFO RSZ-0036] Found 30 capacitance violations.
[INFO RSZ-0039] Resized 62 instances.
[INFO RSZ-0038] Inserted 110 buffers in 104 nets.
   Iter   |    Area   | Removed | Inserted |   Pins
          |           | Buffers | Buffers  | Remaining
-------------------------------------------------------
        0 |     +0.0% |       0 |        0 |     14985
     1400 |     +0.0% |       1 |        1 |     13585
     2800 |     +0.0% |      18 |       34 |     12185
     4200 |     +0.0% |      22 |       39 |     10785
[WARNING RSZ-2009] Skipping buffering because no valid buffering solution satisfying the design rules can be found for net connected to pin _19377_/Y.
[WARNING RSZ-2005] cannot find a viable buffering solution on pin _19377_/Y after 1 rounds of buffering (no solution meets design rules)
[WARNING RSZ-2009] Skipping buffering because no valid buffering solution satisfying the design rules can be found for net connected to pin _19364_/Y.
[WARNING RSZ-2005] cannot find a viable buffering solution on pin _19364_/Y after 1 rounds of buffering (no solution meets design rules)
[WARNING RSZ-2009] Skipping buffering because no valid buffering solution satisfying the design rules can be found for net connected to pin _19349_/Y.
[WARNING RSZ-2005] cannot find a viable buffering solution on pin _19349_/Y after 1 rounds of buffering (no solution meets design rules)
     5600 |     +0.1% |      68 |      106 |      9385
     7000 |     +0.1% |     119 |      161 |      7985
     8400 |     +0.1% |     136 |      189 |      6585
     9800 |     +0.2% |     138 |      208 |      5185
    11200 |     +0.3% |     169 |      304 |      3785
    12600 |     +0.4% |     256 |      455 |      2385
    14000 |     +0.4% |     623 |      824 |       985
    final |     +0.4% |     653 |      876 |         0
-------------------------------------------------------
[INFO GPL-0106] Timing-driven: worst slack -4e-09
[INFO GPL-0107] Timing-driven: repair_design delta area: 2091.093 um^2 (+1.39%)
[INFO GPL-0108] Timing-driven: repair_design, gpl delta gcells: 333 (+2.35%)
[INFO GPL-0109] Timing-driven: repair_design, gcells created: 986, deleted: 653
[INFO GPL-0110] Timing-driven: new target density: 0.59853655
Iteration | Overflow |     HPWL (um) |  HPWL(%) |   Penalty | Group
---------------------------------------------------------------
     2010 |   0.1733 |  5.286402e+05 |   +4.38% |  2.27e-07 |      
     2020 |   0.1517 |  5.236212e+05 |   -0.95% |  3.35e-07 |      
     2030 |   0.1304 |  5.236859e+05 |   +0.01% |  4.93e-07 |      
     2040 |   0.1123 |  5.235790e+05 |   -0.02% |  7.27e-07 |      
     2047 |   0.0991 |  5.234179e+05 |          |  9.91e-07 |      
---------------------------------------------------------------
[INFO GPL-1001] Global placement finished at iteration 2047
[INFO GPL-1017] Routability mode iteration count: 1631
[INFO GPL-1005] Routability final weighted congestion: 1.0779
[INFO GPL-1002] Placed Cell Area            150842.1956
[INFO GPL-1003] Available Free Area         298842.8640
[INFO GPL-1004] Minimum Feasible Density        0.4500 (cell_area / free_area)
[INFO GPL-1006]   Suggested Target Densities:
[INFO GPL-1007]     - For 90% usage of free space: 0.5608
[INFO GPL-1008]     - For 80% usage of free space: 0.6309
[INFO GPL-1011] Original area (um^2): 132249.57
[INFO GPL-1012] Total routability artificial inflation: 11683.52 (+8.83%)
[INFO GPL-1013] Total timing-driven delta area: 6909.10 (+5.22%)
[INFO GPL-1014] Final placement area: 150842.20 (+14.06%)
Took 116 seconds: global_placement -density 0.5699999904632569 -pad_left 0 -pad_right 0 -routability_driven -timing_driven -force_center_initial_place -min_phi_coef 0.95 -max_phi_coef 1.05
estimate_parasitics -placement
Report metrics stage 3, global place...

==========================================================================
global place report_design_area
--------------------------------------------------------------------------
Design area 263337 um^2 59% utilization.
write_db /root/cac_runs_v2/ntt_packed2_20ns/results/sky130hd/cac_ntt_packed2_20ns/base/3_3_place_gp.odb
Elapsed time: 1:55.15[h:]min:sec. CPU time: user 1126.96 sys 9.54 (986%). Peak memory: 492268KB.
Log                       Ext     Elapsed/s Peak Memory/MB sha1sum result [0:20)
3_3_place_gp              .odb          115            480 f02cca58cd553ca0038e
