OpenROAD f552262465b0bfef8f097e258f94bc501d01e19d 
Features included (+) or not (-): +GPU +GUI +Python
This program is licensed under the BSD-3 license. See the LICENSE file for details.
Components of this program may be licensed under more restrictive licenses which must be honored.
[INFO ORD-0030] Using 12 thread(s).
read_liberty /opt/eda/orfs-6101364b/flow/platforms/sky130hd/lib/sky130_fd_sc_hd__tt_025C_1v80.lib
read_liberty /mnt/d/TKVM_ATTT_2026_test/codeachip_v2/flow/macros/sky130_sram_1rw_24x128_TT_1p8V_25C.lib
read_db /root/cac_runs_v2/ntt_packed2_20ns/results/sky130hd/cac_ntt_packed2_20ns/base/5_1_grt.odb
read_sdc /root/cac_runs_v2/ntt_packed2_20ns/results/sky130hd/cac_ntt_packed2_20ns/base/5_1_grt.sdc
source /opt/eda/orfs-6101364b/flow/platforms/sky130hd/setRC.tcl
detailed_route -output_drc /root/cac_runs_v2/ntt_packed2_20ns/reports/sky130hd/cac_ntt_packed2_20ns/base/5_route_drc.rpt -output_maze /root/cac_runs_v2/ntt_packed2_20ns/results/sky130hd/cac_ntt_packed2_20ns/base/maze.log -droute_end_iter 64 -verbose 1 -drc_report_iter_step 5
[INFO DRT-0149] Reading tech and libs.
[WARNING DRT-0349] LEF58_ENCLOSURE with no CUTCLASS is not supported. Skipping for layer mcon
[WARNING DRT-0349] LEF58_ENCLOSURE with no CUTCLASS is not supported. Skipping for layer mcon
[WARNING DRT-0349] LEF58_ENCLOSURE with no CUTCLASS is not supported. Skipping for layer via
[WARNING DRT-0349] LEF58_ENCLOSURE with no CUTCLASS is not supported. Skipping for layer via
[WARNING DRT-0349] LEF58_ENCLOSURE with no CUTCLASS is not supported. Skipping for layer via2
[WARNING DRT-0349] LEF58_ENCLOSURE with no CUTCLASS is not supported. Skipping for layer via2
[WARNING DRT-0349] LEF58_ENCLOSURE with no CUTCLASS is not supported. Skipping for layer via3
[WARNING DRT-0349] LEF58_ENCLOSURE with no CUTCLASS is not supported. Skipping for layer via3
[WARNING DRT-0349] LEF58_ENCLOSURE with no CUTCLASS is not supported. Skipping for layer via4
[WARNING DRT-0349] LEF58_ENCLOSURE with no CUTCLASS is not supported. Skipping for layer via4

Units:                1000
Number of layers:     13
Number of macros:     442
Number of vias:       30
Number of viarulegen: 25

[INFO DRT-0150] Reading design.
[WARNING DRT-0120] Large net net2368 has 128 pins which may impact routing performance. Consider optimization.
[WARNING DRT-0120] Large net net2222 has 142 pins which may impact routing performance. Consider optimization.

Design:                   kyber_ntt_engine_packed2
Die area:                 ( 0 0 ) ( 760000 620000 )
Number of track patterns: 12
Number of DEF vias:       0
Number of components:     18959
Number of terminals:      96
Number of snets:          2
Number of nets:           16170

[WARNING DRT-0418] Term u_sram.u_macro/din0[0] has no pins on routing grid
[WARNING DRT-0418] Term u_sram.u_macro/din0[3] has no pins on routing grid
[WARNING DRT-0418] Term u_sram.u_macro/din0[6] has no pins on routing grid
[WARNING DRT-0418] Term u_sram.u_macro/din0[8] has no pins on routing grid
[WARNING DRT-0418] Term u_sram.u_macro/din0[9] has no pins on routing grid
[WARNING DRT-0418] Term u_sram.u_macro/din0[11] has no pins on routing grid
[WARNING DRT-0418] Term u_sram.u_macro/din0[12] has no pins on routing grid
[WARNING DRT-0418] Term u_sram.u_macro/din0[14] has no pins on routing grid
[WARNING DRT-0418] Term u_sram.u_macro/din0[15] has no pins on routing grid
[WARNING DRT-0418] Term u_sram.u_macro/din0[17] has no pins on routing grid
[WARNING DRT-0418] Term u_sram.u_macro/din0[18] has no pins on routing grid
[WARNING DRT-0418] Term u_sram.u_macro/din0[20] has no pins on routing grid
[WARNING DRT-0418] Term u_sram.u_macro/din0[21] has no pins on routing grid
[WARNING DRT-0418] Term u_sram.u_macro/din0[23] has no pins on routing grid
[WARNING DRT-0418] Term u_sram.u_macro/addr0[0] has no pins on routing grid
[WARNING DRT-0418] Term u_sram.u_macro/addr0[1] has no pins on routing grid
[WARNING DRT-0418] Term u_sram.u_macro/addr0[5] has no pins on routing grid
[WARNING DRT-0418] Term u_sram.u_macro/addr0[6] has no pins on routing grid
[WARNING DRT-0418] Term u_sram.u_macro/addr0[7] has no pins on routing grid
[WARNING DRT-0418] Term u_sram.u_macro/web0 has no pins on routing grid
[WARNING DRT-0418] Term u_sram.u_macro/wmask0[0] has no pins on routing grid
[WARNING DRT-0418] Term u_sram.u_macro/wmask0[1] has no pins on routing grid
[WARNING DRT-0418] Term u_sram.u_macro/dout0[2] has no pins on routing grid
[WARNING DRT-0418] Term u_sram.u_macro/dout0[3] has no pins on routing grid
[WARNING DRT-0418] Term u_sram.u_macro/dout0[4] has no pins on routing grid
[WARNING DRT-0418] Term u_sram.u_macro/dout0[7] has no pins on routing grid
[WARNING DRT-0418] Term u_sram.u_macro/dout0[11] has no pins on routing grid
[WARNING DRT-0418] Term u_sram.u_macro/dout0[12] has no pins on routing grid
[WARNING DRT-0418] Term u_sram.u_macro/dout0[14] has no pins on routing grid
[WARNING DRT-0418] Term u_sram.u_macro/dout0[15] has no pins on routing grid
[WARNING DRT-0418] Term u_sram.u_macro/dout0[16] has no pins on routing grid
[WARNING DRT-0418] Term u_sram.u_macro/dout0[18] has no pins on routing grid
[WARNING DRT-0418] Term u_sram.u_macro/dout0[19] has no pins on routing grid
[INFO DRT-0167] List of default vias:
  Layer via
    default via: M1M2_PR
  Layer via2
    default via: M2M3_PR
  Layer via3
    default via: M3M4_PR
  Layer via4
    default via: M4M5_PR
[INFO DRT-0162] Library cell analysis.
[INFO DRT-0163] Instance analysis.
[INFO DRT-0164] Number of unique instances = 289.
[INFO DRT-0168] Init region query.
[INFO DRT-0024]   Complete FR_MASTERSLICE.
[INFO DRT-0024]   Complete Fr_VIA.
[INFO DRT-0024]   Complete li1.
[INFO DRT-0024]   Complete mcon.
[INFO DRT-0024]   Complete met1.
[INFO DRT-0024]   Complete via.
[INFO DRT-0024]   Complete met2.
[INFO DRT-0024]   Complete via2.
[INFO DRT-0024]   Complete met3.
[INFO DRT-0024]   Complete via3.
[INFO DRT-0024]   Complete met4.
[INFO DRT-0024]   Complete via4.
[INFO DRT-0024]   Complete met5.
[INFO DRT-0033] FR_MASTERSLICE shape region query size = 0.
[INFO DRT-0033] FR_VIA shape region query size = 0.
[INFO DRT-0033] li1 shape region query size = 428511.
[INFO DRT-0033] mcon shape region query size = 238292.
[INFO DRT-0033] met1 shape region query size = 75664.
[INFO DRT-0033] via shape region query size = 20475.
[INFO DRT-0033] met2 shape region query size = 12337.
[INFO DRT-0033] via2 shape region query size = 16380.
[INFO DRT-0033] met3 shape region query size = 12354.
[INFO DRT-0033] via3 shape region query size = 16380.
[INFO DRT-0033] met4 shape region query size = 5157.
[INFO DRT-0033] via4 shape region query size = 834.
[INFO DRT-0033] met5 shape region query size = 922.
[INFO DRT-0165] Start pin access.
[INFO DRT-0076]   Complete 1000 pins.
[INFO DRT-0076]   Complete 2000 pins.
[INFO DRT-0078]   Complete 2424 pins.
[INFO DRT-0079]   Complete 100 unique inst patterns.
[INFO DRT-0079]   Complete 200 unique inst patterns.
[INFO DRT-0081]   Complete 288 unique inst patterns.
[INFO DRT-0082]   Complete 10000 groups.
[INFO DRT-0084]   Complete 10017 groups.
#scanned instances     = 18959
#unique  instances     = 289
#stdCellGenAp          = 10219
#stdCellValidPlanarAp  = 99
#stdCellValidViaAp     = 7075
#stdCellPinNoAp        = 6
#stdCellPinCnt         = 57074
#instTermValidViaApCnt = 0
#macroGenAp            = 123
#macroValidPlanarAp    = 102
#macroValidViaAp       = 0
#macroNoAp             = 0
[INFO DRT-0166] Complete pin access.
[INFO DRT-0267] cpu time = 00:07:48, elapsed time = 00:00:43, memory = 382.54 (MB), peak = 387.21 (MB)
[INFO DRT-0156] guideIn read 100000 guides.

[INFO DRT-0157] Number of guides:     136227

[INFO DRT-0169] Post process guides.
[INFO DRT-0176] GCELLGRID X 0 DO 110 STEP 6900 ;
[INFO DRT-0177] GCELLGRID Y 0 DO 89 STEP 6900 ;
[INFO DRT-0026]   Complete 100000 origin guides.
[INFO DRT-0028]   Complete FR_MASTERSLICE.
[INFO DRT-0028]   Complete Fr_VIA.
[INFO DRT-0028]   Complete li1.
[INFO DRT-0028]   Complete mcon.
[INFO DRT-0028]   Complete met1.
[INFO DRT-0028]   Complete via.
[INFO DRT-0028]   Complete met2.
[INFO DRT-0028]   Complete via2.
[INFO DRT-0028]   Complete met3.
[INFO DRT-0028]   Complete via3.
[INFO DRT-0028]   Complete met4.
[INFO DRT-0028]   Complete via4.
[INFO DRT-0028]   Complete met5.
[INFO DRT-0178] Init guide query.
[INFO DRT-0035]   Complete FR_MASTERSLICE (guide).
[INFO DRT-0035]   Complete Fr_VIA (guide).
[INFO DRT-0035]   Complete li1 (guide).
[INFO DRT-0035]   Complete mcon (guide).
[INFO DRT-0035]   Complete met1 (guide).
[INFO DRT-0035]   Complete via (guide).
[INFO DRT-0035]   Complete met2 (guide).
[INFO DRT-0035]   Complete via2 (guide).
[INFO DRT-0035]   Complete met3 (guide).
[INFO DRT-0035]   Complete via3 (guide).
[INFO DRT-0035]   Complete met4 (guide).
[INFO DRT-0035]   Complete via4 (guide).
[INFO DRT-0035]   Complete met5 (guide).
[INFO DRT-0036] FR_MASTERSLICE guide region query size = 0.
[INFO DRT-0036] FR_VIA guide region query size = 0.
[INFO DRT-0036] li1 guide region query size = 44042.
[INFO DRT-0036] mcon guide region query size = 0.
[INFO DRT-0036] met1 guide region query size = 39460.
[INFO DRT-0036] via guide region query size = 0.
[INFO DRT-0036] met2 guide region query size = 20639.
[INFO DRT-0036] via2 guide region query size = 0.
[INFO DRT-0036] met3 guide region query size = 3041.
[INFO DRT-0036] via3 guide region query size = 0.
[INFO DRT-0036] met4 guide region query size = 1107.
[INFO DRT-0036] via4 guide region query size = 0.
[INFO DRT-0036] met5 guide region query size = 92.
[INFO DRT-0179] Init gr pin query.
[INFO DRT-0267] cpu time = 00:00:01, elapsed time = 00:00:00, memory = 428.54 (MB), peak = 427.64 (MB)
[INFO DRT-0245] skipped writing guide updates to database.
[INFO DRT-0181] Start track assignment.
[INFO DRT-0184] Done with 65788 vertical wires in 3 frboxes and 42593 horizontal wires in 2 frboxes.
[INFO DRT-0186] Done with 9100 vertical wires in 3 frboxes and 18122 horizontal wires in 2 frboxes.
[INFO DRT-0182] Complete track assignment.
[INFO DRT-0267] cpu time = 00:00:07, elapsed time = 00:00:03, memory = 688.62 (MB), peak = 692.94 (MB)
[INFO DRT-0187] Start routing data preparation.
[INFO DRT-0267] cpu time = 00:00:00, elapsed time = 00:00:00, memory = 688.62 (MB), peak = 692.94 (MB)
[INFO DRT-0194] Start detail routing.
[INFO DRT-0195] Start 0th optimization iteration.
    Completing 10% with 0 violations.
    elapsed time = 00:00:07, memory = 1236.92 (MB).
    Completing 20% with 0 violations.
    elapsed time = 00:00:24, memory = 1457.33 (MB).
    Completing 30% with 6432 violations.
    elapsed time = 00:00:42, memory = 1549.37 (MB).
    Completing 40% with 6432 violations.
    elapsed time = 00:01:01, memory = 1765.20 (MB).
    Completing 50% with 6432 violations.
    elapsed time = 00:01:24, memory = 1448.21 (MB).
    Completing 60% with 12748 violations.
    elapsed time = 00:01:37, memory = 1805.82 (MB).
    Completing 70% with 12748 violations.
    elapsed time = 00:01:51, memory = 1893.31 (MB).
    Completing 80% with 19012 violations.
    elapsed time = 00:02:18, memory = 1833.88 (MB).
    Completing 90% with 19012 violations.
    elapsed time = 00:02:40, memory = 1947.90 (MB).
    Completing 100% with 25371 violations.
    elapsed time = 00:02:57, memory = 1611.57 (MB).
[INFO DRT-0199]   Number of violations = 26944.
Viol/Layer         li1   mcon   met1    via   met2   met3   met4   via4   met5
Cut Spacing          0     47      0      3      0      0      0      1      0
Metal Spacing        0      0   3058      0   1032    239     22      0     13
Min Hole             0      0     21      0      1      0      0      0      0
Recheck             12      0    997      0    431    110     12      0     11
Short                0      2  18626     21   1987    278     12      0      8
[INFO DRT-0267] cpu time = 00:30:08, elapsed time = 00:02:58, memory = 1803.13 (MB), peak = 2024.77 (MB)
Total wire length = 743096 um.
Total wire length on LAYER li1 = 0 um.
Total wire length on LAYER met1 = 324927 um.
Total wire length on LAYER met2 = 254341 um.
Total wire length on LAYER met3 = 125356 um.
Total wire length on LAYER met4 = 35114 um.
Total wire length on LAYER met5 = 3356 um.
Total number of vias = 132837.
Up-via summary (total 132837):

-------------------------
 FR_MASTERSLICE         0
            li1     54899
           met1     68174
           met2      7780
           met3      1823
           met4       161
-------------------------
               132837


[INFO DRT-0195] Start 1st optimization iteration.
    Completing 10% with 26944 violations.
    elapsed time = 00:00:09, memory = 2156.90 (MB).
    Completing 20% with 26944 violations.
    elapsed time = 00:00:27, memory = 2192.08 (MB).
    Completing 30% with 24910 violations.
    elapsed time = 00:00:52, memory = 1961.61 (MB).
    Completing 40% with 24910 violations.
    elapsed time = 00:01:03, memory = 2245.62 (MB).
    Completing 50% with 24910 violations.
    elapsed time = 00:01:28, memory = 1867.06 (MB).
    Completing 60% with 23141 violations.
    elapsed time = 00:01:40, memory = 2259.12 (MB).
    Completing 70% with 23141 violations.
    elapsed time = 00:02:00, memory = 2176.55 (MB).
    Completing 80% with 20945 violations.
    elapsed time = 00:02:20, memory = 2200.15 (MB).
    Completing 90% with 20945 violations.
    elapsed time = 00:02:38, memory = 2231.62 (MB).
    Completing 100% with 18859 violations.
    elapsed time = 00:02:59, memory = 1889.15 (MB).
[INFO DRT-0199]   Number of violations = 18859.
Viol/Layer        mcon   met1    via   met2   met3   met4   via4   met5
Cut Spacing         33      0      0      0      0      0      1      0
Metal Spacing        0   2291      0    636    141      4      0      1
Min Hole             0      2      0      0      0      0      0      0
Short                0  14482      2   1173     78     11      0      4
[INFO DRT-0267] cpu time = 00:29:03, elapsed time = 00:02:59, memory = 1892.15 (MB), peak = 2320.73 (MB)
Total wire length = 736725 um.
Total wire length on LAYER li1 = 0 um.
Total wire length on LAYER met1 = 318687 um.
Total wire length on LAYER met2 = 251867 um.
Total wire length on LAYER met3 = 128003 um.
Total wire length on LAYER met4 = 34937 um.
Total wire length on LAYER met5 = 3229 um.
Total number of vias = 131497.
Up-via summary (total 131497):

-------------------------
 FR_MASTERSLICE         0
            li1     54895
           met1     66736
           met2      7997
           met3      1728
           met4       141
-------------------------
               131497


[INFO DRT-0195] Start 2nd optimization iteration.
    Completing 10% with 18859 violations.
    elapsed time = 00:00:10, memory = 2279.56 (MB).
    Completing 20% with 18859 violations.
    elapsed time = 00:00:24, memory = 2273.27 (MB).
    Completing 30% with 18710 violations.
    elapsed time = 00:00:45, memory = 2069.13 (MB).
    Completing 40% with 18710 violations.
    elapsed time = 00:01:02, memory = 2244.29 (MB).
    Completing 50% with 18710 violations.
    elapsed time = 00:01:26, memory = 1951.07 (MB).
    Completing 60% with 18669 violations.
    elapsed time = 00:01:39, memory = 2350.57 (MB).
    Completing 70% with 18669 violations.
    elapsed time = 00:01:53, memory = 2352.09 (MB).
    Completing 80% with 18122 violations.
    elapsed time = 00:02:15, memory = 2218.30 (MB).
    Completing 90% with 18122 violations.
    elapsed time = 00:02:33, memory = 2310.45 (MB).
    Completing 100% with 18049 violations.
    elapsed time = 00:02:50, memory = 1992.61 (MB).
[INFO DRT-0199]   Number of violations = 18049.
Viol/Layer        mcon   met1    via   met2   met3   met4   via4   met5
Cut Spacing         37      0      0      0      0      0      1      0
Metal Spacing        0   2146      0    562    121      0      0      1
Short                0  13888      3   1222     60      3      0      5
[INFO DRT-0267] cpu time = 00:27:37, elapsed time = 00:02:51, memory = 1998.61 (MB), peak = 2413.47 (MB)
Total wire length = 735827 um.
Total wire length on LAYER li1 = 0 um.
Total wire length on LAYER met1 = 317769 um.
Total wire length on LAYER met2 = 251535 um.
Total wire length on LAYER met3 = 128687 um.
Total wire length on LAYER met4 = 34606 um.
Total wire length on LAYER met5 = 3229 um.
Total number of vias = 130843.
Up-via summary (total 130843):

-------------------------
 FR_MASTERSLICE         0
            li1     54885
           met1     66117
           met2      7972
           met3      1726
           met4       143
-------------------------
               130843


[INFO DRT-0195] Start 3rd optimization iteration.
    Completing 10% with 18049 violations.
    elapsed time = 00:00:06, memory = 2391.38 (MB).
    Completing 20% with 18049 violations.
    elapsed time = 00:00:36, memory = 2443.23 (MB).
    Completing 30% with 14948 violations.
    elapsed time = 00:01:07, memory = 2201.67 (MB).
    Completing 40% with 14948 violations.
    elapsed time = 00:01:33, memory = 2392.66 (MB).
    Completing 50% with 14948 violations.
    elapsed time = 00:02:05, memory = 2043.67 (MB).
    Completing 60% with 11860 violations.
    elapsed time = 00:02:16, memory = 2338.61 (MB).
    Completing 70% with 11860 violations.
    elapsed time = 00:02:36, memory = 2330.75 (MB).
    Completing 80% with 8420 violations.
    elapsed time = 00:03:09, memory = 2186.11 (MB).
    Completing 90% with 8420 violations.
    elapsed time = 00:03:28, memory = 2272.11 (MB).
    Completing 100% with 5209 violations.
    elapsed time = 00:03:54, memory = 2111.74 (MB).
[INFO DRT-0199]   Number of violations = 5209.
Viol/Layer        mcon   met1    via   met2   met3   met5
Cut Spacing          7      0      2      0      0      0
Metal Spacing        0   1185      0    271     51      0
Short                0   3174      1    487     29      2
[INFO DRT-0267] cpu time = 00:36:13, elapsed time = 00:03:54, memory = 2111.75 (MB), peak = 2442.07 (MB)
Total wire length = 736297 um.
Total wire length on LAYER li1 = 0 um.
Total wire length on LAYER met1 = 286427 um.
Total wire length on LAYER met2 = 250265 um.
Total wire length on LAYER met3 = 158270 um.
Total wire length on LAYER met4 = 38026 um.
Total wire length on LAYER met5 = 3306 um.
Total number of vias = 137277.
Up-via summary (total 137277):

-------------------------
 FR_MASTERSLICE         0
            li1     54860
           met1     67448
           met2     12637
           met3      2199
           met4       133
-------------------------
               137277


[INFO DRT-0195] Start 4th optimization iteration.
    Completing 10% with 5209 violations.
    elapsed time = 00:00:00, memory = 2323.52 (MB).
    Completing 20% with 5209 violations.
    elapsed time = 00:00:10, memory = 2389.22 (MB).
    Completing 30% with 3891 violations.
    elapsed time = 00:00:30, memory = 2119.76 (MB).
    Completing 40% with 3891 violations.
    elapsed time = 00:00:33, memory = 2316.75 (MB).
    Completing 50% with 3891 violations.
    elapsed time = 00:00:48, memory = 2172.48 (MB).
    Completing 60% with 3144 violations.
    elapsed time = 00:00:50, memory = 2365.21 (MB).
    Completing 70% with 3144 violations.
    elapsed time = 00:01:02, memory = 2497.10 (MB).
    Completing 80% with 1958 violations.
    elapsed time = 00:01:21, memory = 2272.94 (MB).
    Completing 90% with 1958 violations.
    elapsed time = 00:01:24, memory = 2294.04 (MB).
    Completing 100% with 934 violations.
    elapsed time = 00:01:36, memory = 2173.36 (MB).
[INFO DRT-0199]   Number of violations = 934.
Viol/Layer        met1    via   met2   met3
Cut Spacing          0      1      0      0
Metal Spacing      234      0     59      1
Short              564      0     75      0
[INFO DRT-0267] cpu time = 00:11:29, elapsed time = 00:01:37, memory = 2173.36 (MB), peak = 2495.97 (MB)
Total wire length = 736348 um.
Total wire length on LAYER li1 = 0 um.
Total wire length on LAYER met1 = 283493 um.
Total wire length on LAYER met2 = 249883 um.
Total wire length on LAYER met3 = 160674 um.
Total wire length on LAYER met4 = 38981 um.
Total wire length on LAYER met5 = 3315 um.
Total number of vias = 137762.
Up-via summary (total 137762):

-------------------------
 FR_MASTERSLICE         0
            li1     54861
           met1     67544
           met2     12952
           met3      2272
           met4       133
-------------------------
               137762


[INFO DRT-0195] Start 5th optimization iteration.
    Completing 10% with 934 violations.
    elapsed time = 00:00:00, memory = 2173.36 (MB).
    Completing 20% with 934 violations.
    elapsed time = 00:00:01, memory = 2381.83 (MB).
    Completing 30% with 724 violations.
    elapsed time = 00:00:12, memory = 2173.36 (MB).
    Completing 40% with 724 violations.
    elapsed time = 00:00:12, memory = 2173.36 (MB).
    Completing 50% with 724 violations.
    elapsed time = 00:00:18, memory = 2173.37 (MB).
    Completing 60% with 655 violations.
    elapsed time = 00:00:18, memory = 2173.37 (MB).
    Completing 70% with 655 violations.
    elapsed time = 00:00:20, memory = 2431.23 (MB).
    Completing 80% with 360 violations.
    elapsed time = 00:00:32, memory = 2173.37 (MB).
    Completing 90% with 360 violations.
    elapsed time = 00:00:32, memory = 2176.23 (MB).
    Completing 100% with 227 violations.
    elapsed time = 00:00:38, memory = 2182.35 (MB).
[INFO DRT-0199]   Number of violations = 227.
Viol/Layer        mcon   met1   met2
Cut Spacing          1      0      0
Metal Spacing        0     54     11
Short                0    151     10
[INFO DRT-0267] cpu time = 00:03:33, elapsed time = 00:00:38, memory = 2182.54 (MB), peak = 2495.97 (MB)
Total wire length = 736385 um.
Total wire length on LAYER li1 = 0 um.
Total wire length on LAYER met1 = 283162 um.
Total wire length on LAYER met2 = 249663 um.
Total wire length on LAYER met3 = 161026 um.
Total wire length on LAYER met4 = 39210 um.
Total wire length on LAYER met5 = 3322 um.
Total number of vias = 137843.
Up-via summary (total 137843):

-------------------------
 FR_MASTERSLICE         0
            li1     54867
           met1     67565
           met2     12994
           met3      2284
           met4       133
-------------------------
               137843


[INFO DRT-0195] Start 6th optimization iteration.
    Completing 10% with 227 violations.
    elapsed time = 00:00:00, memory = 2182.54 (MB).
    Completing 20% with 227 violations.
    elapsed time = 00:00:00, memory = 2182.54 (MB).
    Completing 30% with 177 violations.
    elapsed time = 00:00:09, memory = 2182.54 (MB).
    Completing 40% with 177 violations.
    elapsed time = 00:00:09, memory = 2182.54 (MB).
    Completing 50% with 177 violations.
    elapsed time = 00:00:09, memory = 2182.54 (MB).
    Completing 60% with 143 violations.
    elapsed time = 00:00:16, memory = 2182.54 (MB).
    Completing 70% with 143 violations.
    elapsed time = 00:00:16, memory = 2182.54 (MB).
    Completing 80% with 65 violations.
    elapsed time = 00:00:18, memory = 2146.89 (MB).
    Completing 90% with 65 violations.
    elapsed time = 00:00:18, memory = 2146.89 (MB).
    Completing 100% with 57 violations.
    elapsed time = 00:00:29, memory = 2146.89 (MB).
[INFO DRT-0199]   Number of violations = 57.
Viol/Layer        met1   met2
Metal Spacing       10      2
Min Hole             1      0
Short               40      4
[INFO DRT-0267] cpu time = 00:01:16, elapsed time = 00:00:30, memory = 2146.96 (MB), peak = 2495.97 (MB)
Total wire length = 736406 um.
Total wire length on LAYER li1 = 0 um.
Total wire length on LAYER met1 = 282993 um.
Total wire length on LAYER met2 = 249590 um.
Total wire length on LAYER met3 = 161200 um.
Total wire length on LAYER met4 = 39299 um.
Total wire length on LAYER met5 = 3322 um.
Total number of vias = 137869.
Up-via summary (total 137869):

-------------------------
 FR_MASTERSLICE         0
            li1     54867
           met1     67556
           met2     13020
           met3      2293
           met4       133
-------------------------
               137869


[INFO DRT-0195] Start 7th guides tiles iteration.
    Completing 10% with 57 violations.
    elapsed time = 00:00:00, memory = 2146.96 (MB).
    Completing 20% with 57 violations.
    elapsed time = 00:00:00, memory = 2146.96 (MB).
    Completing 30% with 57 violations.
    elapsed time = 00:00:00, memory = 2146.96 (MB).
    Completing 40% with 57 violations.
    elapsed time = 00:00:00, memory = 2146.96 (MB).
    Completing 50% with 57 violations.
    elapsed time = 00:00:01, memory = 2146.96 (MB).
    Completing 60% with 21 violations.
    elapsed time = 00:00:01, memory = 2146.96 (MB).
    Completing 70% with 21 violations.
    elapsed time = 00:00:03, memory = 2146.96 (MB).
    Completing 80% with 21 violations.
    elapsed time = 00:00:04, memory = 2146.96 (MB).
    Completing 90% with 21 violations.
    elapsed time = 00:00:05, memory = 2146.96 (MB).
    Completing 100% with 20 violations.
    elapsed time = 00:00:05, memory = 2146.96 (MB).
[INFO DRT-0199]   Number of violations = 20.
Viol/Layer        met1
Short               20
[INFO DRT-0267] cpu time = 00:00:17, elapsed time = 00:00:06, memory = 2146.96 (MB), peak = 2495.97 (MB)
Total wire length = 736406 um.
Total wire length on LAYER li1 = 0 um.
Total wire length on LAYER met1 = 282994 um.
Total wire length on LAYER met2 = 249594 um.
Total wire length on LAYER met3 = 161196 um.
Total wire length on LAYER met4 = 39297 um.
Total wire length on LAYER met5 = 3322 um.
Total number of vias = 137885.
Up-via summary (total 137885):

-------------------------
 FR_MASTERSLICE         0
            li1     54867
           met1     67570
           met2     13022
           met3      2293
           met4       133
-------------------------
               137885


[INFO DRT-0195] Start 8th guides tiles iteration.
    Completing 10% with 20 violations.
    elapsed time = 00:00:00, memory = 2146.96 (MB).
    Completing 20% with 20 violations.
    elapsed time = 00:00:00, memory = 2146.96 (MB).
    Completing 30% with 20 violations.
    elapsed time = 00:00:00, memory = 2146.96 (MB).
    Completing 50% with 20 violations.
    elapsed time = 00:00:01, memory = 2146.96 (MB).
    Completing 60% with 20 violations.
    elapsed time = 00:00:02, memory = 2146.96 (MB).
    Completing 70% with 20 violations.
    elapsed time = 00:00:02, memory = 2146.96 (MB).
    Completing 80% with 20 violations.
    elapsed time = 00:00:03, memory = 2146.96 (MB).
    Completing 100% with 20 violations.
    elapsed time = 00:00:03, memory = 2146.96 (MB).
[INFO DRT-0199]   Number of violations = 20.
Viol/Layer        met1
Short               20
[INFO DRT-0267] cpu time = 00:00:08, elapsed time = 00:00:03, memory = 2146.96 (MB), peak = 2495.97 (MB)
Total wire length = 736406 um.
Total wire length on LAYER li1 = 0 um.
Total wire length on LAYER met1 = 282994 um.
Total wire length on LAYER met2 = 249594 um.
Total wire length on LAYER met3 = 161196 um.
Total wire length on LAYER met4 = 39297 um.
Total wire length on LAYER met5 = 3322 um.
Total number of vias = 137885.
Up-via summary (total 137885):

-------------------------
 FR_MASTERSLICE         0
            li1     54867
           met1     67570
           met2     13022
           met3      2293
           met4       133
-------------------------
               137885


[INFO DRT-0195] Start 9th stubborn tiles iteration.
    Completing 10% with 20 violations.
    elapsed time = 00:00:16, memory = 2269.99 (MB).
    Completing 20% with 20 violations.
    elapsed time = 00:00:34, memory = 2557.13 (MB).
    Completing 30% with 20 violations.
    elapsed time = 00:00:51, memory = 2803.76 (MB).
    Completing 40% with 20 violations.
    elapsed time = 00:01:07, memory = 3121.18 (MB).
    Completing 50% with 20 violations.
    elapsed time = 00:01:24, memory = 3567.23 (MB).
    Completing 60% with 20 violations.
    elapsed time = 00:01:45, memory = 4015.59 (MB).
    Completing 70% with 20 violations.
    elapsed time = 00:01:57, memory = 4269.29 (MB).
    Completing 80% with 10 violations.
    elapsed time = 00:02:30, memory = 4222.79 (MB).
    Completing 90% with 10 violations.
    elapsed time = 00:02:49, memory = 4236.82 (MB).
    Completing 100% with 1 violations.
    elapsed time = 00:03:11, memory = 3824.26 (MB).
[INFO DRT-0199]   Number of violations = 1.
Viol/Layer        met1
Short                1
[INFO DRT-0267] cpu time = 00:33:30, elapsed time = 00:03:11, memory = 3824.26 (MB), peak = 4379.88 (MB)
Total wire length = 736399 um.
Total wire length on LAYER li1 = 0 um.
Total wire length on LAYER met1 = 282992 um.
Total wire length on LAYER met2 = 249573 um.
Total wire length on LAYER met3 = 161198 um.
Total wire length on LAYER met4 = 39312 um.
Total wire length on LAYER met5 = 3322 um.
Total number of vias = 137879.
Up-via summary (total 137879):

-------------------------
 FR_MASTERSLICE         0
            li1     54866
           met1     67561
           met2     13022
           met3      2297
           met4       133
-------------------------
               137879


[INFO DRT-0195] Start 10th guides tiles iteration.
    Completing 100% with 1 violations.
    elapsed time = 00:00:00, memory = 3824.26 (MB).
[INFO DRT-0199]   Number of violations = 1.
Viol/Layer        met1
Short                1
[INFO DRT-0267] cpu time = 00:00:00, elapsed time = 00:00:00, memory = 3824.26 (MB), peak = 4379.88 (MB)
Total wire length = 736399 um.
Total wire length on LAYER li1 = 0 um.
Total wire length on LAYER met1 = 282992 um.
Total wire length on LAYER met2 = 249573 um.
Total wire length on LAYER met3 = 161198 um.
Total wire length on LAYER met4 = 39312 um.
Total wire length on LAYER met5 = 3322 um.
Total number of vias = 137879.
Up-via summary (total 137879):

-------------------------
 FR_MASTERSLICE         0
            li1     54866
           met1     67561
           met2     13022
           met3      2297
           met4       133
-------------------------
               137879


[INFO DRT-0195] Start 11th stubborn tiles iteration.
    Completing 10% with 1 violations.
    elapsed time = 00:00:01, memory = 4274.07 (MB).
    Completing 20% with 1 violations.
    elapsed time = 00:00:03, memory = 4235.09 (MB).
    Completing 30% with 1 violations.
    elapsed time = 00:00:08, memory = 4256.83 (MB).
    Completing 40% with 1 violations.
    elapsed time = 00:00:12, memory = 4281.14 (MB).
    Completing 50% with 1 violations.
    elapsed time = 00:00:17, memory = 4282.17 (MB).
    Completing 60% with 1 violations.
    elapsed time = 00:00:19, memory = 4300.68 (MB).
    Completing 70% with 1 violations.
    elapsed time = 00:00:23, memory = 4282.59 (MB).
    Completing 80% with 1 violations.
    elapsed time = 00:00:26, memory = 4252.79 (MB).
    Completing 90% with 1 violations.
    elapsed time = 00:00:31, memory = 4015.58 (MB).
    Completing 100% with 0 violations.
    elapsed time = 00:00:38, memory = 3828.36 (MB).
[INFO DRT-0199]   Number of violations = 0.
[INFO DRT-0267] cpu time = 00:06:10, elapsed time = 00:00:38, memory = 3828.36 (MB), peak = 4379.88 (MB)
Total wire length = 736439 um.
Total wire length on LAYER li1 = 0 um.
Total wire length on LAYER met1 = 282995 um.
Total wire length on LAYER met2 = 249591 um.
Total wire length on LAYER met3 = 161212 um.
Total wire length on LAYER met4 = 39317 um.
Total wire length on LAYER met5 = 3322 um.
Total number of vias = 137883.
Up-via summary (total 137883):

-------------------------
 FR_MASTERSLICE         0
            li1     54867
           met1     67562
           met2     13023
           met3      2298
           met4       133
-------------------------
               137883


[INFO DRT-0198] Complete detail routing.
Total wire length = 736439 um.
Total wire length on LAYER li1 = 0 um.
Total wire length on LAYER met1 = 282995 um.
Total wire length on LAYER met2 = 249591 um.
Total wire length on LAYER met3 = 161212 um.
Total wire length on LAYER met4 = 39317 um.
Total wire length on LAYER met5 = 3322 um.
Total number of vias = 137883.
Up-via summary (total 137883):

-------------------------
 FR_MASTERSLICE         0
            li1     54867
           met1     67562
           met2     13023
           met3      2298
           met4       133
-------------------------
               137883


[INFO DRT-0267] cpu time = 02:59:29, elapsed time = 00:19:31, memory = 3828.42 (MB), peak = 4379.88 (MB)

[INFO DRT-0180] Post processing.
[INFO DRT-0501] Runtime: 1128.49s
Took 1220 seconds: detailed_route -output_drc /root/cac_runs_v2/ntt_packed2_20ns/reports/sky130hd/cac_ntt_packed2_20ns/base/5_route_drc.rpt -output_maze /root/cac_runs_v2/ntt_packed2_20ns/results/sky130hd/cac_ntt_packed2_20ns/base/maze.log -droute_end_iter 64 -verbose 1 -drc_report_iter_step 5
[INFO GRT-0012] Found 35 antenna violations.
[INFO DPL-0006] Core area: 442624.51 um^2
[INFO DPL-0007] Movable instances area: 0.00 um^2
[INFO DPL-0008] Fixed instances area within core: 269397.87 um^2
[INFO DPL-0009] Utilization: 60.9%
[INFO DPL-0005] Diamond search max displacement: +/- 500 sites horizontally, +/- 100 rows vertically.
[INFO DPL-1102] Legalizing using negotiation legalizer.
[INFO DPL-1103] Negotiation base search window: +/-20 sites horizontally, +/-5 rows vertically 
	Automatic search window extension enabled.
	Search window extendable up to the max displacement cap of +/-500 sites, +/-100 rows near walls.
[INFO DPL-1104] NegotiationLegalizer DRC penalty: 5.
[INFO DPL-0392] Negotiation cell height distribution (2 unique row-count(s)):
[INFO DPL-0393]   height 1 row(s): 19019 cells
[INFO DPL-0393]   height 76 row(s): 1 cells
[INFO DPL-0500] Runtime: 0.06s
[INFO GRT-0015] Inserted 61 diodes.
[WARNING DRT-0120] Large net net2368 has 128 pins which may impact routing performance. Consider optimization.
[WARNING DRT-0120] Large net net2222 has 142 pins which may impact routing performance. Consider optimization.
[INFO DRT-0024]   Complete FR_MASTERSLICE.
[INFO DRT-0024]   Complete Fr_VIA.
[INFO DRT-0024]   Complete li1.
[INFO DRT-0024]   Complete mcon.
[INFO DRT-0024]   Complete met1.
[INFO DRT-0024]   Complete via.
[INFO DRT-0024]   Complete met2.
[INFO DRT-0024]   Complete via2.
[INFO DRT-0024]   Complete met3.
[INFO DRT-0024]   Complete via3.
[INFO DRT-0024]   Complete met4.
[INFO DRT-0024]   Complete via4.
[INFO DRT-0024]   Complete met5.
[INFO DRT-0165] Start pin access.
[INFO DRT-0076]   Complete 1000 pins.
[INFO DRT-0076]   Complete 2000 pins.
[INFO DRT-0078]   Complete 2424 pins.
[INFO DRT-0079]   Complete 100 unique inst patterns.
[INFO DRT-0079]   Complete 200 unique inst patterns.
[INFO DRT-0081]   Complete 288 unique inst patterns.
[INFO DRT-0082]   Complete 10000 groups.
[INFO DRT-0084]   Complete 10014 groups.
#scanned instances     = 19020
#unique  instances     = 289
#stdCellGenAp          = 10219
#stdCellValidPlanarAp  = 99
#stdCellValidViaAp     = 7075
#stdCellPinNoAp        = 6
#stdCellPinCnt         = 57074
#instTermValidViaApCnt = 0
#macroGenAp            = 123
#macroValidPlanarAp    = 102
#macroValidViaAp       = 0
#macroNoAp             = 0
[INFO DRT-0166] Complete pin access.
[INFO DRT-0267] cpu time = 00:08:06, elapsed time = 00:00:44, memory = 2627.16 (MB), peak = 4379.88 (MB)
[INFO DRT-0156] guideIn read 100000 guides.

[INFO DRT-0157] Number of guides:     135665

[INFO DRT-0169] Post process guides.
[INFO DRT-0176] GCELLGRID X 0 DO 110 STEP 6900 ;
[INFO DRT-0177] GCELLGRID Y 0 DO 89 STEP 6900 ;
[INFO DRT-0026]   Complete 100000 origin guides.
[INFO DRT-0028]   Complete FR_MASTERSLICE.
[INFO DRT-0028]   Complete Fr_VIA.
[INFO DRT-0028]   Complete li1.
[INFO DRT-0028]   Complete mcon.
[INFO DRT-0028]   Complete met1.
[INFO DRT-0028]   Complete via.
[INFO DRT-0028]   Complete met2.
[INFO DRT-0028]   Complete via2.
[INFO DRT-0028]   Complete met3.
[INFO DRT-0028]   Complete via3.
[INFO DRT-0028]   Complete met4.
[INFO DRT-0028]   Complete via4.
[INFO DRT-0028]   Complete met5.
[INFO DRT-0178] Init guide query.
[INFO DRT-0035]   Complete FR_MASTERSLICE (guide).
[INFO DRT-0035]   Complete Fr_VIA (guide).
[INFO DRT-0035]   Complete li1 (guide).
[INFO DRT-0035]   Complete mcon (guide).
[INFO DRT-0035]   Complete met1 (guide).
[INFO DRT-0035]   Complete via (guide).
[INFO DRT-0035]   Complete met2 (guide).
[INFO DRT-0035]   Complete via2 (guide).
[INFO DRT-0035]   Complete met3 (guide).
[INFO DRT-0035]   Complete via3 (guide).
[INFO DRT-0035]   Complete met4 (guide).
[INFO DRT-0035]   Complete via4 (guide).
[INFO DRT-0035]   Complete met5 (guide).
[INFO DRT-0036] FR_MASTERSLICE guide region query size = 0.
[INFO DRT-0036] FR_VIA guide region query size = 0.
[INFO DRT-0036] li1 guide region query size = 44054.
[INFO DRT-0036] mcon guide region query size = 0.
[INFO DRT-0036] met1 guide region query size = 39512.
[INFO DRT-0036] via guide region query size = 0.
[INFO DRT-0036] met2 guide region query size = 20520.
[INFO DRT-0036] via2 guide region query size = 0.
[INFO DRT-0036] met3 guide region query size = 2806.
[INFO DRT-0036] via3 guide region query size = 0.
[INFO DRT-0036] met4 guide region query size = 994.
[INFO DRT-0036] via4 guide region query size = 0.
[INFO DRT-0036] met5 guide region query size = 68.
[INFO DRT-0179] Init gr pin query.
[INFO DRT-0267] cpu time = 00:00:01, elapsed time = 00:00:00, memory = 2627.17 (MB), peak = 4379.88 (MB)
[INFO DRT-0245] skipped writing guide updates to database.
[INFO DRT-0181] Start track assignment.
[INFO DRT-0184] Done with 65568 vertical wires in 3 frboxes and 42386 horizontal wires in 2 frboxes.
[INFO DRT-0186] Done with 9192 vertical wires in 3 frboxes and 18603 horizontal wires in 2 frboxes.
[INFO DRT-0182] Complete track assignment.
[INFO DRT-0267] cpu time = 00:00:07, elapsed time = 00:00:03, memory = 2627.17 (MB), peak = 4379.88 (MB)
[INFO DRT-0187] Start routing data preparation.
[INFO DRT-0267] cpu time = 00:00:00, elapsed time = 00:00:00, memory = 2627.17 (MB), peak = 4379.88 (MB)
[INFO DRT-0194] Start detail routing.
[INFO DRT-0195] Start 0th optimization iteration.
    Completing 10% with 0 violations.
    elapsed time = 00:00:01, memory = 2830.08 (MB).
    Completing 20% with 0 violations.
    elapsed time = 00:00:12, memory = 2839.92 (MB).
    Completing 30% with 2717 violations.
    elapsed time = 00:00:23, memory = 2865.19 (MB).
    Completing 40% with 2717 violations.
    elapsed time = 00:00:28, memory = 2918.34 (MB).
    Completing 50% with 2717 violations.
    elapsed time = 00:00:41, memory = 2773.43 (MB).
    Completing 60% with 5254 violations.
    elapsed time = 00:00:42, memory = 2984.66 (MB).
    Completing 70% with 5254 violations.
    elapsed time = 00:00:55, memory = 3016.83 (MB).
    Completing 80% with 7467 violations.
    elapsed time = 00:01:04, memory = 2967.36 (MB).
    Completing 90% with 7467 violations.
    elapsed time = 00:01:08, memory = 2922.41 (MB).
    Completing 100% with 9385 violations.
    elapsed time = 00:01:18, memory = 2814.01 (MB).
[INFO DRT-0199]   Number of violations = 9987.
Viol/Layer         li1   mcon   met1    via   met2   met3   met4
Cut Spacing          0      1      0      0      0      0      0
Metal Spacing        0      0    557      0    435     25      0
Min Hole             0      0      4      0      0      0      0
Recheck              2      0    352      0    204     38      6
Short                0      0   6498      7   1686    158     14
[INFO DRT-0267] cpu time = 00:12:04, elapsed time = 00:01:19, memory = 2961.16 (MB), peak = 4379.88 (MB)
Total wire length = 738936 um.
Total wire length on LAYER li1 = 0 um.
Total wire length on LAYER met1 = 298014 um.
Total wire length on LAYER met2 = 253087 um.
Total wire length on LAYER met3 = 148081 um.
Total wire length on LAYER met4 = 36693 um.
Total wire length on LAYER met5 = 3059 um.
Total number of vias = 138135.
Up-via summary (total 138135):

-------------------------
 FR_MASTERSLICE         0
            li1     54958
           met1     68738
           met2     12225
           met3      2095
           met4       119
-------------------------
               138135


[INFO DRT-0195] Start 1st optimization iteration.
    Completing 10% with 9987 violations.
    elapsed time = 00:00:01, memory = 3102.64 (MB).
    Completing 20% with 9987 violations.
    elapsed time = 00:00:10, memory = 3103.59 (MB).
    Completing 30% with 8547 violations.
    elapsed time = 00:00:20, memory = 3021.23 (MB).
    Completing 40% with 8547 violations.
    elapsed time = 00:00:22, memory = 3148.48 (MB).
    Completing 50% with 8547 violations.
    elapsed time = 00:00:29, memory = 2977.61 (MB).
    Completing 60% with 7719 violations.
    elapsed time = 00:00:31, memory = 3153.11 (MB).
    Completing 70% with 7719 violations.
    elapsed time = 00:00:38, memory = 3188.59 (MB).
    Completing 80% with 6304 violations.
    elapsed time = 00:00:51, memory = 3176.27 (MB).
    Completing 90% with 6304 violations.
    elapsed time = 00:00:55, memory = 3187.38 (MB).
    Completing 100% with 5455 violations.
    elapsed time = 00:01:01, memory = 2986.35 (MB).
[INFO DRT-0199]   Number of violations = 5455.
Viol/Layer        mcon   met1    via   met2   met3   met4
Cut Spacing          1      0      1      0      0      0
Metal Spacing        0    415      0    152      2      0
Short                0   4221      0    650     11      2
[INFO DRT-0267] cpu time = 00:08:53, elapsed time = 00:01:01, memory = 2986.35 (MB), peak = 4379.88 (MB)
Total wire length = 737374 um.
Total wire length on LAYER li1 = 0 um.
Total wire length on LAYER met1 = 296092 um.
Total wire length on LAYER met2 = 252284 um.
Total wire length on LAYER met3 = 149168 um.
Total wire length on LAYER met4 = 36766 um.
Total wire length on LAYER met5 = 3063 um.
Total number of vias = 137760.
Up-via summary (total 137760):

-------------------------
 FR_MASTERSLICE         0
            li1     54965
           met1     68303
           met2     12282
           met3      2091
           met4       119
-------------------------
               137760


[INFO DRT-0195] Start 2nd optimization iteration.
    Completing 10% with 5455 violations.
    elapsed time = 00:00:00, memory = 2986.35 (MB).
    Completing 20% with 5455 violations.
    elapsed time = 00:00:06, memory = 3251.11 (MB).
    Completing 30% with 5326 violations.
    elapsed time = 00:00:11, memory = 2986.35 (MB).
    Completing 40% with 5326 violations.
    elapsed time = 00:00:18, memory = 3173.25 (MB).
    Completing 50% with 5326 violations.
    elapsed time = 00:00:26, memory = 2993.59 (MB).
    Completing 60% with 5421 violations.
    elapsed time = 00:00:28, memory = 3112.09 (MB).
    Completing 70% with 5421 violations.
    elapsed time = 00:00:33, memory = 3173.14 (MB).
    Completing 80% with 5369 violations.
    elapsed time = 00:00:39, memory = 2995.25 (MB).
    Completing 90% with 5369 violations.
    elapsed time = 00:00:42, memory = 3122.80 (MB).
    Completing 100% with 5228 violations.
    elapsed time = 00:00:47, memory = 2995.25 (MB).
[INFO DRT-0199]   Number of violations = 5228.
Viol/Layer        mcon   met1   met2   met3   met4
Cut Spacing          1      0      0      0      0
Metal Spacing        0    445    173      3      0
Short                0   4039    554     12      1
[INFO DRT-0267] cpu time = 00:07:27, elapsed time = 00:00:47, memory = 2998.23 (MB), peak = 4379.88 (MB)
Total wire length = 737191 um.
Total wire length on LAYER li1 = 0 um.
Total wire length on LAYER met1 = 295874 um.
Total wire length on LAYER met2 = 252241 um.
Total wire length on LAYER met3 = 149282 um.
Total wire length on LAYER met4 = 36733 um.
Total wire length on LAYER met5 = 3059 um.
Total number of vias = 137630.
Up-via summary (total 137630):

-------------------------
 FR_MASTERSLICE         0
            li1     54950
           met1     68252
           met2     12225
           met3      2084
           met4       119
-------------------------
               137630


[INFO DRT-0195] Start 3rd optimization iteration.
    Completing 10% with 5228 violations.
    elapsed time = 00:00:00, memory = 2998.23 (MB).
    Completing 20% with 5228 violations.
    elapsed time = 00:00:11, memory = 3162.49 (MB).
    Completing 30% with 4329 violations.
    elapsed time = 00:00:28, memory = 2998.23 (MB).
    Completing 40% with 4329 violations.
    elapsed time = 00:00:34, memory = 3149.19 (MB).
    Completing 50% with 4329 violations.
    elapsed time = 00:00:57, memory = 3012.80 (MB).
    Completing 60% with 3211 violations.
    elapsed time = 00:00:58, memory = 3181.91 (MB).
    Completing 70% with 3211 violations.
    elapsed time = 00:01:07, memory = 3197.87 (MB).
    Completing 80% with 2445 violations.
    elapsed time = 00:01:29, memory = 3012.80 (MB).
    Completing 90% with 2445 violations.
    elapsed time = 00:01:34, memory = 3208.63 (MB).
    Completing 100% with 1695 violations.
    elapsed time = 00:01:55, memory = 3014.49 (MB).
[INFO DRT-0199]   Number of violations = 1695.
Viol/Layer        mcon   met1    via   met2   met3
Cut Spacing          3      0      0      0      0
Metal Spacing        0    396      0     99     18
Min Hole             0      1      0      0      0
Short                0    979      1    196      2
[INFO DRT-0267] cpu time = 00:13:46, elapsed time = 00:01:55, memory = 3014.49 (MB), peak = 4379.88 (MB)
Total wire length = 737775 um.
Total wire length on LAYER li1 = 0 um.
Total wire length on LAYER met1 = 286566 um.
Total wire length on LAYER met2 = 251007 um.
Total wire length on LAYER met3 = 158192 um.
Total wire length on LAYER met4 = 38986 um.
Total wire length on LAYER met5 = 3022 um.
Total number of vias = 139350.
Up-via summary (total 139350):

-------------------------
 FR_MASTERSLICE         0
            li1     54949
           met1     68446
           met2     13468
           met3      2374
           met4       113
-------------------------
               139350


[INFO DRT-0195] Start 4th optimization iteration.
    Completing 10% with 1695 violations.
    elapsed time = 00:00:00, memory = 3014.49 (MB).
    Completing 20% with 1695 violations.
    elapsed time = 00:00:00, memory = 3188.31 (MB).
    Completing 30% with 1424 violations.
    elapsed time = 00:00:13, memory = 3014.49 (MB).
    Completing 40% with 1424 violations.
    elapsed time = 00:00:13, memory = 3014.49 (MB).
    Completing 50% with 1424 violations.
    elapsed time = 00:00:19, memory = 3014.49 (MB).
    Completing 60% with 1192 violations.
    elapsed time = 00:00:19, memory = 3014.49 (MB).
    Completing 70% with 1192 violations.
    elapsed time = 00:00:21, memory = 3183.24 (MB).
    Completing 80% with 910 violations.
    elapsed time = 00:00:39, memory = 3014.49 (MB).
    Completing 90% with 910 violations.
    elapsed time = 00:00:39, memory = 3015.05 (MB).
    Completing 100% with 497 violations.
    elapsed time = 00:00:48, memory = 3014.49 (MB).
[INFO DRT-0199]   Number of violations = 497.
Viol/Layer        met1    via   met2
Cut Spacing          0      2      0
Metal Spacing      114      0     45
Short              255      0     81
[INFO DRT-0267] cpu time = 00:04:32, elapsed time = 00:00:48, memory = 3014.49 (MB), peak = 4379.88 (MB)
Total wire length = 737713 um.
Total wire length on LAYER li1 = 0 um.
Total wire length on LAYER met1 = 285519 um.
Total wire length on LAYER met2 = 250551 um.
Total wire length on LAYER met3 = 159040 um.
Total wire length on LAYER met4 = 39543 um.
Total wire length on LAYER met5 = 3058 um.
Total number of vias = 139412.
Up-via summary (total 139412):

-------------------------
 FR_MASTERSLICE         0
            li1     54954
           met1     68368
           met2     13546
           met3      2429
           met4       115
-------------------------
               139412


[INFO DRT-0195] Start 5th optimization iteration.
    Completing 10% with 497 violations.
    elapsed time = 00:00:00, memory = 3014.49 (MB).
    Completing 20% with 497 violations.
    elapsed time = 00:00:00, memory = 3014.49 (MB).
    Completing 30% with 394 violations.
    elapsed time = 00:00:07, memory = 3014.49 (MB).
    Completing 40% with 394 violations.
    elapsed time = 00:00:07, memory = 3014.49 (MB).
    Completing 50% with 394 violations.
    elapsed time = 00:00:11, memory = 3014.49 (MB).
    Completing 60% with 345 violations.
    elapsed time = 00:00:11, memory = 3014.49 (MB).
    Completing 70% with 345 violations.
    elapsed time = 00:00:11, memory = 3014.49 (MB).
    Completing 80% with 87 violations.
    elapsed time = 00:00:21, memory = 3014.49 (MB).
    Completing 90% with 87 violations.
    elapsed time = 00:00:21, memory = 3014.49 (MB).
    Completing 100% with 79 violations.
    elapsed time = 00:00:25, memory = 3014.49 (MB).
[INFO DRT-0199]   Number of violations = 79.
Viol/Layer        met1   met2
Metal Spacing       21     11
Short               32     15
[INFO DRT-0267] cpu time = 00:01:10, elapsed time = 00:00:25, memory = 3014.49 (MB), peak = 4379.88 (MB)
Total wire length = 737671 um.
Total wire length on LAYER li1 = 0 um.
Total wire length on LAYER met1 = 285253 um.
Total wire length on LAYER met2 = 250429 um.
Total wire length on LAYER met3 = 159283 um.
Total wire length on LAYER met4 = 39646 um.
Total wire length on LAYER met5 = 3058 um.
Total number of vias = 139409.
Up-via summary (total 139409):

-------------------------
 FR_MASTERSLICE         0
            li1     54955
           met1     68335
           met2     13566
           met3      2438
           met4       115
-------------------------
               139409


[INFO DRT-0195] Start 6th guides tiles iteration.
    Completing 10% with 79 violations.
    elapsed time = 00:00:00, memory = 3109.24 (MB).
    Completing 20% with 79 violations.
    elapsed time = 00:00:00, memory = 3162.19 (MB).
    Completing 30% with 79 violations.
    elapsed time = 00:00:04, memory = 3162.19 (MB).
    Completing 40% with 50 violations.
    elapsed time = 00:00:09, memory = 3014.49 (MB).
    Completing 50% with 50 violations.
    elapsed time = 00:00:09, memory = 3014.49 (MB).
    Completing 60% with 50 violations.
    elapsed time = 00:00:09, memory = 3063.08 (MB).
    Completing 70% with 50 violations.
    elapsed time = 00:00:12, memory = 3014.49 (MB).
    Completing 80% with 20 violations.
    elapsed time = 00:00:12, memory = 3014.49 (MB).
    Completing 90% with 20 violations.
    elapsed time = 00:00:12, memory = 3014.49 (MB).
    Completing 100% with 17 violations.
    elapsed time = 00:00:12, memory = 3014.49 (MB).
[INFO DRT-0199]   Number of violations = 17.
Viol/Layer        met1
Metal Spacing        1
Short               16
[INFO DRT-0267] cpu time = 00:00:22, elapsed time = 00:00:13, memory = 3014.51 (MB), peak = 4379.88 (MB)
Total wire length = 737662 um.
Total wire length on LAYER li1 = 0 um.
Total wire length on LAYER met1 = 285025 um.
Total wire length on LAYER met2 = 250379 um.
Total wire length on LAYER met3 = 159311 um.
Total wire length on LAYER met4 = 39698 um.
Total wire length on LAYER met5 = 3248 um.
Total number of vias = 139360.
Up-via summary (total 139360):

-------------------------
 FR_MASTERSLICE         0
            li1     54952
           met1     68304
           met2     13554
           met3      2433
           met4       117
-------------------------
               139360


[INFO DRT-0195] Start 7th guides tiles iteration.
    Completing 30% with 17 violations.
    elapsed time = 00:00:00, memory = 3014.51 (MB).
    Completing 60% with 17 violations.
    elapsed time = 00:00:00, memory = 3014.51 (MB).
    Completing 100% with 2 violations.
    elapsed time = 00:00:00, memory = 3014.51 (MB).
[INFO DRT-0199]   Number of violations = 2.
Viol/Layer        met1
Metal Spacing        2
[INFO DRT-0267] cpu time = 00:00:01, elapsed time = 00:00:00, memory = 3014.51 (MB), peak = 4379.88 (MB)
Total wire length = 737674 um.
Total wire length on LAYER li1 = 0 um.
Total wire length on LAYER met1 = 285028 um.
Total wire length on LAYER met2 = 250379 um.
Total wire length on LAYER met3 = 159314 um.
Total wire length on LAYER met4 = 39703 um.
Total wire length on LAYER met5 = 3248 um.
Total number of vias = 139367.
Up-via summary (total 139367):

-------------------------
 FR_MASTERSLICE         0
            li1     54952
           met1     68307
           met2     13554
           met3      2437
           met4       117
-------------------------
               139367


[INFO DRT-0195] Start 8th guides tiles iteration.
    Completing 100% with 0 violations.
    elapsed time = 00:00:00, memory = 3014.51 (MB).
[INFO DRT-0199]   Number of violations = 0.
[INFO DRT-0267] cpu time = 00:00:00, elapsed time = 00:00:00, memory = 3014.51 (MB), peak = 4379.88 (MB)
Total wire length = 737675 um.
Total wire length on LAYER li1 = 0 um.
Total wire length on LAYER met1 = 285029 um.
Total wire length on LAYER met2 = 250379 um.
Total wire length on LAYER met3 = 159314 um.
Total wire length on LAYER met4 = 39703 um.
Total wire length on LAYER met5 = 3248 um.
Total number of vias = 139367.
Up-via summary (total 139367):

-------------------------
 FR_MASTERSLICE         0
            li1     54952
           met1     68307
           met2     13554
           met3      2437
           met4       117
-------------------------
               139367


[INFO DRT-0198] Complete detail routing.
Total wire length = 737675 um.
Total wire length on LAYER li1 = 0 um.
Total wire length on LAYER met1 = 285029 um.
Total wire length on LAYER met2 = 250379 um.
Total wire length on LAYER met3 = 159314 um.
Total wire length on LAYER met4 = 39703 um.
Total wire length on LAYER met5 = 3248 um.
Total number of vias = 139367.
Up-via summary (total 139367):

-------------------------
 FR_MASTERSLICE         0
            li1     54952
           met1     68307
           met2     13554
           met3      2437
           met4       117
-------------------------
               139367


[INFO DRT-0267] cpu time = 00:48:18, elapsed time = 00:06:31, memory = 3014.51 (MB), peak = 4379.88 (MB)

[INFO DRT-0180] Post processing.
[INFO DRT-0501] Runtime: 406.67s
[INFO ANT-0002] Found 4 net violations.
[INFO ANT-0001] Found 4 pin violations.
[INFO GRT-0012] Found 4 antenna violations.
[INFO DPL-0006] Core area: 442624.51 um^2
[INFO DPL-0007] Movable instances area: 0.00 um^2
[INFO DPL-0008] Fixed instances area within core: 269412.88 um^2
[INFO DPL-0009] Utilization: 60.9%
[INFO DPL-0005] Diamond search max displacement: +/- 500 sites horizontally, +/- 100 rows vertically.
[INFO DPL-1102] Legalizing using negotiation legalizer.
[INFO DPL-1103] Negotiation base search window: +/-20 sites horizontally, +/-5 rows vertically 
	Automatic search window extension enabled.
	Search window extendable up to the max displacement cap of +/-500 sites, +/-100 rows near walls.
[INFO DPL-1104] NegotiationLegalizer DRC penalty: 5.
[INFO DPL-0392] Negotiation cell height distribution (2 unique row-count(s)):
[INFO DPL-0393]   height 1 row(s): 19025 cells
[INFO DPL-0393]   height 76 row(s): 1 cells
[INFO DPL-0500] Runtime: 0.08s
[INFO GRT-0015] Inserted 6 diodes.
[WARNING DRT-0120] Large net net2368 has 128 pins which may impact routing performance. Consider optimization.
[WARNING DRT-0120] Large net net2222 has 142 pins which may impact routing performance. Consider optimization.
[INFO DRT-0024]   Complete FR_MASTERSLICE.
[INFO DRT-0024]   Complete Fr_VIA.
[INFO DRT-0024]   Complete li1.
[INFO DRT-0024]   Complete mcon.
[INFO DRT-0024]   Complete met1.
[INFO DRT-0024]   Complete via.
[INFO DRT-0024]   Complete met2.
[INFO DRT-0024]   Complete via2.
[INFO DRT-0024]   Complete met3.
[INFO DRT-0024]   Complete via3.
[INFO DRT-0024]   Complete met4.
[INFO DRT-0024]   Complete via4.
[INFO DRT-0024]   Complete met5.
[INFO DRT-0165] Start pin access.
[INFO DRT-0076]   Complete 1000 pins.
[INFO DRT-0076]   Complete 2000 pins.
[INFO DRT-0078]   Complete 2424 pins.
[INFO DRT-0079]   Complete 100 unique inst patterns.
[INFO DRT-0079]   Complete 200 unique inst patterns.
[INFO DRT-0081]   Complete 288 unique inst patterns.
[INFO DRT-0082]   Complete 10000 groups.
[INFO DRT-0084]   Complete 10014 groups.
#scanned instances     = 19026
#unique  instances     = 289
#stdCellGenAp          = 10219
#stdCellValidPlanarAp  = 99
#stdCellValidViaAp     = 7075
#stdCellPinNoAp        = 6
#stdCellPinCnt         = 57074
#instTermValidViaApCnt = 0
#macroGenAp            = 123
#macroValidPlanarAp    = 102
#macroValidViaAp       = 0
#macroNoAp             = 0
[INFO DRT-0166] Complete pin access.
[INFO DRT-0267] cpu time = 00:08:08, elapsed time = 00:00:47, memory = 2916.24 (MB), peak = 4379.88 (MB)
[INFO DRT-0156] guideIn read 100000 guides.

[INFO DRT-0157] Number of guides:     135641

[INFO DRT-0169] Post process guides.
[INFO DRT-0176] GCELLGRID X 0 DO 110 STEP 6900 ;
[INFO DRT-0177] GCELLGRID Y 0 DO 89 STEP 6900 ;
[INFO DRT-0026]   Complete 100000 origin guides.
[INFO DRT-0028]   Complete FR_MASTERSLICE.
[INFO DRT-0028]   Complete Fr_VIA.
[INFO DRT-0028]   Complete li1.
[INFO DRT-0028]   Complete mcon.
[INFO DRT-0028]   Complete met1.
[INFO DRT-0028]   Complete via.
[INFO DRT-0028]   Complete met2.
[INFO DRT-0028]   Complete via2.
[INFO DRT-0028]   Complete met3.
[INFO DRT-0028]   Complete via3.
[INFO DRT-0028]   Complete met4.
[INFO DRT-0028]   Complete via4.
[INFO DRT-0028]   Complete met5.
[INFO DRT-0178] Init guide query.
[INFO DRT-0035]   Complete FR_MASTERSLICE (guide).
[INFO DRT-0035]   Complete Fr_VIA (guide).
[INFO DRT-0035]   Complete li1 (guide).
[INFO DRT-0035]   Complete mcon (guide).
[INFO DRT-0035]   Complete met1 (guide).
[INFO DRT-0035]   Complete via (guide).
[INFO DRT-0035]   Complete met2 (guide).
[INFO DRT-0035]   Complete via2 (guide).
[INFO DRT-0035]   Complete met3 (guide).
[INFO DRT-0035]   Complete via3 (guide).
[INFO DRT-0035]   Complete met4 (guide).
[INFO DRT-0035]   Complete via4 (guide).
[INFO DRT-0035]   Complete met5 (guide).
[INFO DRT-0036] FR_MASTERSLICE guide region query size = 0.
[INFO DRT-0036] FR_VIA guide region query size = 0.
[INFO DRT-0036] li1 guide region query size = 44057.
[INFO DRT-0036] mcon guide region query size = 0.
[INFO DRT-0036] met1 guide region query size = 39519.
[INFO DRT-0036] via guide region query size = 0.
[INFO DRT-0036] met2 guide region query size = 20513.
[INFO DRT-0036] via2 guide region query size = 0.
[INFO DRT-0036] met3 guide region query size = 2788.
[INFO DRT-0036] via3 guide region query size = 0.
[INFO DRT-0036] met4 guide region query size = 988.
[INFO DRT-0036] via4 guide region query size = 0.
[INFO DRT-0036] met5 guide region query size = 67.
[INFO DRT-0179] Init gr pin query.
[INFO DRT-0267] cpu time = 00:00:01, elapsed time = 00:00:00, memory = 2916.25 (MB), peak = 4379.88 (MB)
[INFO DRT-0245] skipped writing guide updates to database.
[INFO DRT-0181] Start track assignment.
[INFO DRT-0184] Done with 65558 vertical wires in 3 frboxes and 42374 horizontal wires in 2 frboxes.
[INFO DRT-0186] Done with 9096 vertical wires in 3 frboxes and 18718 horizontal wires in 2 frboxes.
[INFO DRT-0182] Complete track assignment.
[INFO DRT-0267] cpu time = 00:00:07, elapsed time = 00:00:03, memory = 2916.26 (MB), peak = 4379.88 (MB)
[INFO DRT-0187] Start routing data preparation.
[INFO DRT-0267] cpu time = 00:00:00, elapsed time = 00:00:00, memory = 2916.26 (MB), peak = 4379.88 (MB)
[INFO DRT-0194] Start detail routing.
[INFO DRT-0195] Start 0th optimization iteration.
    Completing 10% with 0 violations.
    elapsed time = 00:00:01, memory = 3000.20 (MB).
    Completing 20% with 0 violations.
    elapsed time = 00:00:02, memory = 3039.64 (MB).
    Completing 30% with 363 violations.
    elapsed time = 00:00:06, memory = 3089.81 (MB).
    Completing 40% with 363 violations.
    elapsed time = 00:00:07, memory = 3049.48 (MB).
    Completing 50% with 363 violations.
    elapsed time = 00:00:09, memory = 2922.24 (MB).
    Completing 60% with 524 violations.
    elapsed time = 00:00:10, memory = 3001.82 (MB).
    Completing 70% with 524 violations.
    elapsed time = 00:00:12, memory = 3011.32 (MB).
    Completing 80% with 874 violations.
    elapsed time = 00:00:15, memory = 3053.94 (MB).
    Completing 90% with 874 violations.
    elapsed time = 00:00:16, memory = 2966.56 (MB).
    Completing 100% with 1014 violations.
    elapsed time = 00:00:18, memory = 2922.24 (MB).
[INFO DRT-0199]   Number of violations = 1103.
Viol/Layer        met1    via   met2   met3
Metal Spacing       67      0     41      1
Min Hole             2      0      0      0
Recheck             55      0     33      1
Short              733      1    164      5
[INFO DRT-0267] cpu time = 00:03:02, elapsed time = 00:00:18, memory = 2922.24 (MB), peak = 4379.88 (MB)
Total wire length = 737861 um.
Total wire length on LAYER li1 = 0 um.
Total wire length on LAYER met1 = 286738 um.
Total wire length on LAYER met2 = 250673 um.
Total wire length on LAYER met3 = 157752 um.
Total wire length on LAYER met4 = 39448 um.
Total wire length on LAYER met5 = 3248 um.
Total number of vias = 139378.
Up-via summary (total 139378):

-------------------------
 FR_MASTERSLICE         0
            li1     54963
           met1     68398
           met2     13480
           met3      2420
           met4       117
-------------------------
               139378


[INFO DRT-0195] Start 1st optimization iteration.
    Completing 10% with 1103 violations.
    elapsed time = 00:00:00, memory = 3099.73 (MB).
    Completing 20% with 1103 violations.
    elapsed time = 00:00:02, memory = 3091.26 (MB).
    Completing 30% with 903 violations.
    elapsed time = 00:00:07, memory = 3067.85 (MB).
    Completing 40% with 903 violations.
    elapsed time = 00:00:08, memory = 3199.54 (MB).
    Completing 50% with 903 violations.
    elapsed time = 00:00:10, memory = 2922.24 (MB).
    Completing 60% with 822 violations.
    elapsed time = 00:00:11, memory = 3056.41 (MB).
    Completing 70% with 822 violations.
    elapsed time = 00:00:13, memory = 3003.73 (MB).
    Completing 80% with 622 violations.
    elapsed time = 00:00:15, memory = 2996.17 (MB).
    Completing 90% with 622 violations.
    elapsed time = 00:00:17, memory = 3043.00 (MB).
    Completing 100% with 543 violations.
    elapsed time = 00:00:18, memory = 2922.24 (MB).
[INFO DRT-0199]   Number of violations = 543.
Viol/Layer        met1   met2
Metal Spacing       53      9
Short              429     52
[INFO DRT-0267] cpu time = 00:02:43, elapsed time = 00:00:18, memory = 2922.24 (MB), peak = 4379.88 (MB)
Total wire length = 737759 um.
Total wire length on LAYER li1 = 0 um.
Total wire length on LAYER met1 = 286504 um.
Total wire length on LAYER met2 = 250595 um.
Total wire length on LAYER met3 = 157918 um.
Total wire length on LAYER met4 = 39492 um.
Total wire length on LAYER met5 = 3248 um.
Total number of vias = 139373.
Up-via summary (total 139373):

-------------------------
 FR_MASTERSLICE         0
            li1     54964
           met1     68369
           met2     13499
           met3      2424
           met4       117
-------------------------
               139373


[INFO DRT-0195] Start 2nd optimization iteration.
    Completing 10% with 543 violations.
    elapsed time = 00:00:00, memory = 2922.24 (MB).
    Completing 20% with 543 violations.
    elapsed time = 00:00:00, memory = 2922.24 (MB).
    Completing 30% with 531 violations.
    elapsed time = 00:00:02, memory = 2922.24 (MB).
    Completing 40% with 531 violations.
    elapsed time = 00:00:02, memory = 2922.24 (MB).
    Completing 50% with 531 violations.
    elapsed time = 00:00:03, memory = 2922.24 (MB).
    Completing 60% with 535 violations.
    elapsed time = 00:00:03, memory = 2922.24 (MB).
    Completing 70% with 535 violations.
    elapsed time = 00:00:03, memory = 2922.24 (MB).
    Completing 80% with 442 violations.
    elapsed time = 00:00:06, memory = 2922.24 (MB).
    Completing 90% with 442 violations.
    elapsed time = 00:00:06, memory = 2922.24 (MB).
    Completing 100% with 436 violations.
    elapsed time = 00:00:07, memory = 2922.24 (MB).
[INFO DRT-0199]   Number of violations = 436.
Viol/Layer        met1   met2
Metal Spacing       46     15
Short              315     60
[INFO DRT-0267] cpu time = 00:00:49, elapsed time = 00:00:07, memory = 2922.24 (MB), peak = 4379.88 (MB)
Total wire length = 737710 um.
Total wire length on LAYER li1 = 0 um.
Total wire length on LAYER met1 = 286372 um.
Total wire length on LAYER met2 = 250641 um.
Total wire length on LAYER met3 = 157955 um.
Total wire length on LAYER met4 = 39492 um.
Total wire length on LAYER met5 = 3248 um.
Total number of vias = 139372.
Up-via summary (total 139372):

-------------------------
 FR_MASTERSLICE         0
            li1     54962
           met1     68371
           met2     13498
           met3      2424
           met4       117
-------------------------
               139372


[INFO DRT-0195] Start 3rd optimization iteration.
    Completing 10% with 436 violations.
    elapsed time = 00:00:00, memory = 2922.24 (MB).
    Completing 20% with 436 violations.
    elapsed time = 00:00:00, memory = 2922.24 (MB).
    Completing 30% with 370 violations.
    elapsed time = 00:00:08, memory = 2922.24 (MB).
    Completing 40% with 370 violations.
    elapsed time = 00:00:08, memory = 2922.24 (MB).
    Completing 50% with 370 violations.
    elapsed time = 00:00:16, memory = 2922.24 (MB).
    Completing 60% with 316 violations.
    elapsed time = 00:00:16, memory = 2922.24 (MB).
    Completing 70% with 316 violations.
    elapsed time = 00:00:16, memory = 2922.24 (MB).
    Completing 80% with 121 violations.
    elapsed time = 00:00:24, memory = 2922.24 (MB).
    Completing 90% with 121 violations.
    elapsed time = 00:00:24, memory = 2922.24 (MB).
    Completing 100% with 89 violations.
    elapsed time = 00:00:32, memory = 2922.24 (MB).
[INFO DRT-0199]   Number of violations = 89.
Viol/Layer        met1   met2
Metal Spacing        9     13
Short               50     17
[INFO DRT-0267] cpu time = 00:01:32, elapsed time = 00:00:32, memory = 2922.24 (MB), peak = 4379.88 (MB)
Total wire length = 737779 um.
Total wire length on LAYER li1 = 0 um.
Total wire length on LAYER met1 = 285558 um.
Total wire length on LAYER met2 = 250611 um.
Total wire length on LAYER met3 = 158764 um.
Total wire length on LAYER met4 = 39596 um.
Total wire length on LAYER met5 = 3249 um.
Total number of vias = 139535.
Up-via summary (total 139535):

-------------------------
 FR_MASTERSLICE         0
            li1     54965
           met1     68408
           met2     13610
           met3      2435
           met4       117
-------------------------
               139535


[INFO DRT-0195] Start 4th guides tiles iteration.
    Completing 10% with 89 violations.
    elapsed time = 00:00:00, memory = 2922.24 (MB).
    Completing 20% with 89 violations.
    elapsed time = 00:00:00, memory = 2922.24 (MB).
    Completing 30% with 89 violations.
    elapsed time = 00:00:02, memory = 2922.24 (MB).
    Completing 40% with 89 violations.
    elapsed time = 00:00:06, memory = 2922.24 (MB).
    Completing 50% with 55 violations.
    elapsed time = 00:00:06, memory = 2922.24 (MB).
    Completing 60% with 55 violations.
    elapsed time = 00:00:06, memory = 2922.24 (MB).
    Completing 70% with 55 violations.
    elapsed time = 00:00:06, memory = 2922.24 (MB).
    Completing 80% with 39 violations.
    elapsed time = 00:00:07, memory = 3069.34 (MB).
    Completing 90% with 15 violations.
    elapsed time = 00:00:09, memory = 2922.24 (MB).
    Completing 100% with 14 violations.
    elapsed time = 00:00:10, memory = 2922.24 (MB).
[INFO DRT-0199]   Number of violations = 14.
Viol/Layer        met1   met2
Metal Spacing        3      3
Short                2      6
[INFO DRT-0267] cpu time = 00:00:21, elapsed time = 00:00:10, memory = 2922.24 (MB), peak = 4379.88 (MB)
Total wire length = 737715 um.
Total wire length on LAYER li1 = 0 um.
Total wire length on LAYER met1 = 285060 um.
Total wire length on LAYER met2 = 250548 um.
Total wire length on LAYER met3 = 158930 um.
Total wire length on LAYER met4 = 39606 um.
Total wire length on LAYER met5 = 3570 um.
Total number of vias = 139535.
Up-via summary (total 139535):

-------------------------
 FR_MASTERSLICE         0
            li1     54967
           met1     68379
           met2     13627
           met3      2441
           met4       121
-------------------------
               139535


[INFO DRT-0195] Start 5th guides tiles iteration.
    Completing 10% with 14 violations.
    elapsed time = 00:00:00, memory = 2922.24 (MB).
    Completing 20% with 14 violations.
    elapsed time = 00:00:00, memory = 2922.24 (MB).
    Completing 30% with 14 violations.
    elapsed time = 00:00:00, memory = 2922.24 (MB).
    Completing 40% with 14 violations.
    elapsed time = 00:00:00, memory = 2922.24 (MB).
    Completing 50% with 11 violations.
    elapsed time = 00:00:00, memory = 2922.24 (MB).
    Completing 60% with 11 violations.
    elapsed time = 00:00:00, memory = 2922.24 (MB).
    Completing 70% with 11 violations.
    elapsed time = 00:00:00, memory = 2922.24 (MB).
    Completing 80% with 11 violations.
    elapsed time = 00:00:01, memory = 2922.24 (MB).
    Completing 100% with 11 violations.
    elapsed time = 00:00:01, memory = 2922.24 (MB).
[INFO DRT-0199]   Number of violations = 11.
Viol/Layer        met1   met2
Metal Spacing        3      1
Short                1      6
[INFO DRT-0267] cpu time = 00:00:02, elapsed time = 00:00:01, memory = 2922.24 (MB), peak = 4379.88 (MB)
Total wire length = 737717 um.
Total wire length on LAYER li1 = 0 um.
Total wire length on LAYER met1 = 285058 um.
Total wire length on LAYER met2 = 250543 um.
Total wire length on LAYER met3 = 158934 um.
Total wire length on LAYER met4 = 39611 um.
Total wire length on LAYER met5 = 3570 um.
Total number of vias = 139535.
Up-via summary (total 139535):

-------------------------
 FR_MASTERSLICE         0
            li1     54967
           met1     68379
           met2     13627
           met3      2441
           met4       121
-------------------------
               139535


[INFO DRT-0195] Start 6th guides tiles iteration.
    Completing 20% with 11 violations.
    elapsed time = 00:00:00, memory = 2922.24 (MB).
    Completing 50% with 11 violations.
    elapsed time = 00:00:00, memory = 2922.24 (MB).
    Completing 70% with 11 violations.
    elapsed time = 00:00:00, memory = 2922.24 (MB).
    Completing 100% with 11 violations.
    elapsed time = 00:00:01, memory = 2922.24 (MB).
[INFO DRT-0199]   Number of violations = 11.
Viol/Layer        met1   met2
Metal Spacing        3      1
Short                1      6
[INFO DRT-0267] cpu time = 00:00:02, elapsed time = 00:00:01, memory = 2922.24 (MB), peak = 4379.88 (MB)
Total wire length = 737717 um.
Total wire length on LAYER li1 = 0 um.
Total wire length on LAYER met1 = 285058 um.
Total wire length on LAYER met2 = 250543 um.
Total wire length on LAYER met3 = 158934 um.
Total wire length on LAYER met4 = 39611 um.
Total wire length on LAYER met5 = 3570 um.
Total number of vias = 139535.
Up-via summary (total 139535):

-------------------------
 FR_MASTERSLICE         0
            li1     54967
           met1     68379
           met2     13627
           met3      2441
           met4       121
-------------------------
               139535


[INFO DRT-0195] Start 7th stubborn tiles iteration.
    Completing 10% with 11 violations.
    elapsed time = 00:00:02, memory = 3004.59 (MB).
    Completing 20% with 11 violations.
    elapsed time = 00:00:07, memory = 3049.12 (MB).
    Completing 30% with 11 violations.
    elapsed time = 00:00:08, memory = 3097.55 (MB).
    Completing 40% with 11 violations.
    elapsed time = 00:00:11, memory = 3164.81 (MB).
    Completing 50% with 11 violations.
    elapsed time = 00:00:17, memory = 3308.52 (MB).
    Completing 60% with 11 violations.
    elapsed time = 00:00:24, memory = 3425.88 (MB).
    Completing 70% with 11 violations.
    elapsed time = 00:00:28, memory = 3495.29 (MB).
    Completing 80% with 11 violations.
    elapsed time = 00:00:34, memory = 3618.30 (MB).
    Completing 90% with 11 violations.
    elapsed time = 00:00:43, memory = 3694.08 (MB).
    Completing 100% with 0 violations.
    elapsed time = 00:00:51, memory = 3430.46 (MB).
[INFO DRT-0199]   Number of violations = 0.
[INFO DRT-0267] cpu time = 00:08:57, elapsed time = 00:00:51, memory = 3430.46 (MB), peak = 4379.88 (MB)
Total wire length = 737715 um.
Total wire length on LAYER li1 = 0 um.
Total wire length on LAYER met1 = 285038 um.
Total wire length on LAYER met2 = 250506 um.
Total wire length on LAYER met3 = 158951 um.
Total wire length on LAYER met4 = 39649 um.
Total wire length on LAYER met5 = 3570 um.
Total number of vias = 139532.
Up-via summary (total 139532):

-------------------------
 FR_MASTERSLICE         0
            li1     54967
           met1     68372
           met2     13629
           met3      2443
           met4       121
-------------------------
               139532


[INFO DRT-0198] Complete detail routing.
Total wire length = 737715 um.
Total wire length on LAYER li1 = 0 um.
Total wire length on LAYER met1 = 285038 um.
Total wire length on LAYER met2 = 250506 um.
Total wire length on LAYER met3 = 158951 um.
Total wire length on LAYER met4 = 39649 um.
Total wire length on LAYER met5 = 3570 um.
Total number of vias = 139532.
Up-via summary (total 139532):

-------------------------
 FR_MASTERSLICE         0
            li1     54967
           met1     68372
           met2     13629
           met3      2443
           met4       121
-------------------------
               139532


[INFO DRT-0267] cpu time = 00:17:30, elapsed time = 00:02:22, memory = 3430.46 (MB), peak = 4379.88 (MB)

[INFO DRT-0180] Post processing.
[INFO DRT-0501] Runtime: 177.26s
[INFO ANT-0002] Found 0 net violations.
[INFO ANT-0001] Found 0 pin violations.
[INFO ANT-0002] Found 0 net violations.
[INFO ANT-0001] Found 0 pin violations.
Design area 269413 um^2 61% utilization.
write_db /root/cac_runs_v2/ntt_packed2_20ns/results/sky130hd/cac_ntt_packed2_20ns/base/5_2_route.odb
Elapsed time: 28:52.53[h:]min:sec. CPU time: user 16392.02 sys 28.75 (947%). Peak memory: 4484992KB.
Log                       Ext     Elapsed/s Peak Memory/MB sha1sum result [0:20)
5_2_route                 .odb         1732           4379 f06a2c99ccd2dce42a6c
