OpenROAD f552262465b0bfef8f097e258f94bc501d01e19d 
Features included (+) or not (-): +GPU +GUI +Python
This program is licensed under the BSD-3 license. See the LICENSE file for details.
Components of this program may be licensed under more restrictive licenses which must be honored.
[INFO ORD-0030] Using 12 thread(s).
read_liberty /opt/eda/orfs-6101364b/flow/platforms/sky130hd/lib/sky130_fd_sc_hd__tt_025C_1v80.lib
read_db /root/cac_runs/keccak_s7_7ns/results/sky130hd/cac_keccak_s7_7ns/base/3_2_place_iop.odb
read_sdc /root/cac_runs/keccak_s7_7ns/results/sky130hd/cac_keccak_s7_7ns/base/2_floorplan.sdc
source /opt/eda/orfs-6101364b/flow/platforms/sky130hd/setRC.tcl
[INFO RSZ-0026] Removed 2066 buffers.
Perform port buffering...
[INFO RSZ-0027] Inserted 73 sky130_fd_sc_hd__clkdlybuf4s50_1 input buffers.
[INFO RSZ-0028] Inserted 66 sky130_fd_sc_hd__clkdlybuf4s50_1 output buffers.
[INFO GPL-0022] Initialize gpl and calculate uniform density.
Placement density is 0.6020000076293945, computed from PLACE_DENSITY_LB_ADDON  0.20 and lower bound 0.49000000953674316
global_placement -density 0.6020000076293945 -pad_left 0 -pad_right 0 -routability_driven -timing_driven -force_center_initial_place -min_phi_coef 0.95 -max_phi_coef 1.05
[INFO GPL-0001] ---- Initialize GPL Main Data Structures
[INFO GPL-0002] DBU: 1000
[INFO GPL-0003] SiteSize: (  0.460  2.720 ) um
[INFO GPL-0004] CoreBBox: (  1.380  2.720 ) ( 672.980 671.840 ) um
[INFO GPL-0016] Core area:                  449380.992 um^2
[INFO GPL-0036] Movable instances area:     196658.611 um^2
[INFO GPL-0037] Total instances area:       204105.754 um^2
[INFO GPL-0035] Pin density area adjust:     15506.850 um^2
[INFO GPL-0032] ---- Initialize Region: Top-level
[INFO GPL-0006] Number of instances:             23629
[INFO GPL-0007] Movable instances:               17677
[INFO GPL-0008] Fixed instances:                  5952
[INFO GPL-0009] Dummy instances:                     0
[INFO GPL-0010] Number of nets:                  17755
[INFO GPL-0011] Number of pins:                  72173
[INFO GPL-0012] Die BBox:       (  0.000  0.000 ) ( 674.030 674.030 ) um
[INFO GPL-0013] Placement BBox: (  1.380  2.720 ) ( 672.980 671.840 ) um
[INFO GPL-0014] Region name: top-level.
[INFO GPL-0015] Region area:                449380.992 um^2
[INFO GPL-0017] Fixed instances area:         7447.142 um^2
[INFO GPL-0018] Movable instances area:     212165.462 um^2
[INFO GPL-0019] Utilization:                    48.008 %
[INFO GPL-0020] Standard cells area:        212165.462 um^2
[INFO GPL-0021] Large instances area:            0.000 um^2
[INFO GPL-0005] ---- Execute Conjugate Gradient Initial Placement.
[INFO GPL-0051] Source of initial instance position counters:
	Odb location = 0	Core center = 17677	Region center = 0
[InitialPlace]  Iter: 1 conjugate gradient residual: 0.00005327 HPWL: 1082938284
[InitialPlace]  Iter: 2 conjugate gradient residual: 0.00000011 HPWL: 220442315
[InitialPlace]  Iter: 3 conjugate gradient residual: 0.00000152 HPWL: 221749706
[InitialPlace]  Iter: 4 conjugate gradient residual: 0.00000109 HPWL: 222382159
[InitialPlace]  Iter: 5 conjugate gradient residual: 0.00000017 HPWL: 222702798
[INFO GPL-0033] ---- Initialize Nesterov Region: Top-level
[INFO GPL-0023] Placement target density:       0.6020
[INFO GPL-0024] Movable insts average area:     12.002 um^2
[INFO GPL-0025] Ideal bin area:                 19.937 um^2
[INFO GPL-0026] Ideal bin count:                 22539
[INFO GPL-0027] Total bin area:             449380.992 um^2
[INFO GPL-0028] Bin count (X, Y):         128 ,    128
[INFO GPL-0029] Bin size (W * H):       5.247 *  5.228 um
[INFO GPL-0030] Number of bins:                  16384
[INFO GPL-0084] ---- Execute Nesterov Global Placement.
[INFO GPL-0031] HPWL: Half-Perimeter Wirelength
Iteration | Overflow |     HPWL (um) |  HPWL(%) |   Penalty | Group
---------------------------------------------------------------
        0 |   0.9922 |  1.035287e+05 |   +0.00% |  2.57e-16 |      
       10 |   0.9790 |  1.405181e+05 |  +35.73% |  4.17e-16 |      
       20 |   0.9758 |  1.512610e+05 |   +7.65% |  6.79e-16 |      
       30 |   0.9739 |  1.601011e+05 |   +5.84% |  1.10e-15 |      
       40 |   0.9732 |  1.619723e+05 |   +1.17% |  1.80e-15 |      
       50 |   0.9736 |  1.601508e+05 |   -1.12% |  2.93e-15 |      
       60 |   0.9741 |  1.581132e+05 |   -1.27% |  4.77e-15 |      
       70 |   0.9742 |  1.580147e+05 |   -0.06% |  7.77e-15 |      
       80 |   0.9740 |  1.591930e+05 |   +0.75% |  1.27e-14 |      
       90 |   0.9738 |  1.600952e+05 |   +0.57% |  2.06e-14 |      
      100 |   0.9738 |  1.602915e+05 |   +0.12% |  3.36e-14 |      
      110 |   0.9737 |  1.604821e+05 |   +0.12% |  5.47e-14 |      
      120 |   0.9734 |  1.614468e+05 |   +0.60% |  8.91e-14 |      
      130 |   0.9732 |  1.633979e+05 |   +1.21% |  1.45e-13 |      
      140 |   0.9726 |  1.662139e+05 |   +1.72% |  2.36e-13 |      
      150 |   0.9716 |  1.700483e+05 |   +2.31% |  3.85e-13 |      
      160 |   0.9705 |  1.756205e+05 |   +3.28% |  6.26e-13 |      
      170 |   0.9683 |  1.837795e+05 |   +4.65% |  1.02e-12 |      
      180 |   0.9658 |  1.950196e+05 |   +6.12% |  1.66e-12 |      
      190 |   0.9616 |  2.098292e+05 |   +7.59% |  2.70e-12 |      
      200 |   0.9561 |  2.289908e+05 |   +9.13% |  4.38e-12 |      
      210 |   0.9478 |  2.533700e+05 |  +10.65% |  7.12e-12 |      
      220 |   0.9361 |  2.829908e+05 |  +11.69% |  1.16e-11 |      
      230 |   0.9201 |  3.178822e+05 |  +12.33% |  1.88e-11 |      
      240 |   0.8988 |  3.577133e+05 |  +12.53% |  3.04e-11 |      
      250 |   0.8716 |  4.019504e+05 |  +12.37% |  4.94e-11 |      
      260 |   0.8383 |  4.485040e+05 |  +11.58% |  8.00e-11 |      
      270 |   0.7986 |  4.964844e+05 |  +10.70% |  1.30e-10 |      
      280 |   0.7519 |  5.476985e+05 |  +10.32% |  2.10e-10 |      
      290 |   0.7003 |  5.974912e+05 |   +9.09% |  3.40e-10 |      
      300 |   0.6429 |  6.413075e+05 |   +7.33% |  5.51e-10 |      
[INFO GPL-0100] Timing-driven iteration 1/2, virtual: false.
[INFO GPL-0101]    Iter: 303, overflow: 0.630, keep resizer changes at: 1, HPWL: 649221863
Iteration |   Area    | Resized | Buffers | Nets repaired | Remaining
---------------------------------------------------------------------
        0 |     +0.0% |       0 |       0 |             0 |     17755
    final |     +5.1% |      84 |     430 |            86 |         0
---------------------------------------------------------------------
[INFO RSZ-0034] Found 86 slew violations.
[INFO RSZ-0036] Found 71 capacitance violations.
[INFO RSZ-0039] Resized 84 instances.
[INFO RSZ-0038] Inserted 430 buffers in 86 nets.
   Iter   |    Area   | Removed | Inserted |   Pins
          |           | Buffers | Buffers  | Remaining
-------------------------------------------------------
        0 |     +0.0% |       0 |        0 |     17681
     1700 |     -0.1% |      17 |       12 |     15981
     3400 |     -0.4% |     167 |      178 |     14281
     5100 |     -0.3% |     179 |      220 |     12581
     6800 |     -0.4% |     199 |      245 |     10881
     8500 |     -0.7% |     244 |      275 |      9181
    10200 |     -0.9% |     299 |      309 |      7481
    11900 |     -1.0% |     344 |      365 |      5781
    13600 |     -1.0% |     344 |      366 |      4081
    15300 |     -1.0% |     348 |      372 |      2381
    17000 |     -1.5% |     406 |      426 |       681
    final |     -1.5% |     442 |      510 |         0
-------------------------------------------------------
[INFO GPL-0106] Timing-driven: worst slack 8.583443e-10
[INFO GPL-0107] Timing-driven: repair_design delta area: 6898.864 um^2 (+3.25%)
[INFO GPL-0108] Timing-driven: repair_design, gpl delta gcells: 498 (+2.82%)
[INFO GPL-0109] Timing-driven: repair_design, gcells created: 940, deleted: 442
[INFO GPL-0110] Timing-driven: new target density: 0.61761063
Iteration | Overflow |     HPWL (um) |  HPWL(%) |   Penalty | Group
---------------------------------------------------------------
      310 |   0.5968 |  7.692378e+05 |  +19.95% |  8.85e-10 |      
[INFO GPL-0038] Routability snapshot saved at iter = 311
      310 |   0.5968 |  7.692378e+05 |          |           |      
      320 |   0.5484 |  8.136758e+05 |   +5.78% |  1.44e-09 |      
      330 |   0.4822 |  8.648971e+05 |   +6.30% |  2.33e-09 |      
      340 |   0.4246 |  9.222644e+05 |   +6.63% |  3.76e-09 |      
      350 |   0.3815 |  9.654556e+05 |   +4.68% |  6.10e-09 |      
      360 |   0.3375 |  9.734918e+05 |   +0.83% |  9.73e-09 |      
      370 |   0.3074 |  9.594782e+05 |   -1.44% |  1.43e-08 |      
[INFO GPL-0040] Routability iteration: 1
[WARNING GRT-0281] Net clk has a large fanout of 3535 terminals.
[INFO GPL-0041] Total routing overflow: 283.4515
[INFO GPL-0042] Number of overflowed tiles: 2247 (23.88%)
[INFO GPL-0043] Average top 0.5% routing congestion: 1.4809
[INFO GPL-0044] Average top 1.0% routing congestion: 1.4267
[INFO GPL-0045] Average top 2.0% routing congestion: 1.3655
[INFO GPL-0046] Average top 5.0% routing congestion: 1.2850
[INFO GPL-0047] Routability iteration weighted routing congestion: 1.4538
[INFO GPL-0048] Routing congestion (1.4538) lower than previous minimum (1e+30). Updating minimum.
[INFO GPL-0086] Inflated area:               34768.508 um^2 (+15.87%)
[INFO GPL-0052] Placement target density:       0.6176
[INFO GPL-0076] Removing fillers, count: Before: 4408, After: 1564 (-64.52%)
[INFO GPL-0077] Filler area (um^2)     : Before: 53878.717, After: 19116.293 (-64.52%)
[INFO GPL-0078] Removed fillers count: 2844, area removed: 34761.342 um^2. Remaining area to be compensated by modifying density: 7.164 um^2
[INFO GPL-0058] White space area:           441933.850 um^2 (+0.00%)
[INFO GPL-0059] Movable instances area:     272943.055 um^2 (+0.00%)
[INFO GPL-0060] Total filler area:           19116.293 um^2 (-64.52%)
[INFO GPL-0061] Total non-inflated area:    272949.125 um^2 (+0.00%)
[INFO GPL-0062] Total inflated area:        307717.631 um^2 (+0.00%)
[INFO GPL-0063] New Target Density:             0.6176
[INFO GPL-0087] Routability end iteration: increase inflation and revert back to snapshot.
Iteration | Overflow |     HPWL (um) |  HPWL(%) |   Penalty | Group
---------------------------------------------------------------
      380 |   0.5927 |  8.506418e+05 |  -11.34% |  1.12e-09 |      
      390 |   0.5034 |  9.429336e+05 |  +10.85% |  1.64e-09 |      
      400 |   0.4665 |  1.034160e+06 |   +9.67% |  2.39e-09 |      
      410 |   0.4335 |  1.074429e+06 |   +3.89% |  3.51e-09 |      
      420 |   0.4011 |  1.057718e+06 |   -1.56% |  5.17e-09 |      
      430 |   0.3675 |  1.018740e+06 |   -3.69% |  7.62e-09 |      
      440 |   0.3270 |  1.038237e+06 |   +1.91% |  1.12e-08 |      
[INFO GPL-0040] Routability iteration: 2
[INFO GPL-0041] Total routing overflow: 169.7401
[INFO GPL-0042] Number of overflowed tiles: 1974 (20.98%)
[INFO GPL-0043] Average top 0.5% routing congestion: 1.2943
[INFO GPL-0044] Average top 1.0% routing congestion: 1.2676
[INFO GPL-0045] Average top 2.0% routing congestion: 1.2370
[INFO GPL-0046] Average top 5.0% routing congestion: 1.1872
[INFO GPL-0047] Routability iteration weighted routing congestion: 1.2809
[INFO GPL-0048] Routing congestion (1.2809) lower than previous minimum (1.454). Updating minimum.
[INFO GPL-0086] Inflated area:               16439.479 um^2 (+6.48%)
[INFO GPL-0052] Placement target density:       0.6176
[INFO GPL-0076] Removing fillers, count: Before: 1564, After: 220 (-85.93%)
[INFO GPL-0077] Filler area (um^2)     : Before: 19116.293, After: 2688.993 (-85.93%)
[INFO GPL-0078] Removed fillers count: 1344, area removed: 16427.301 um^2. Remaining area to be compensated by modifying density: 12.178 um^2
[INFO GPL-0058] White space area:           441933.850 um^2 (+0.00%)
[INFO GPL-0059] Movable instances area:     272943.055 um^2 (+0.00%)
[INFO GPL-0060] Total filler area:            2688.993 um^2 (-85.93%)
[INFO GPL-0061] Total non-inflated area:    272961.303 um^2 (+0.00%)
[INFO GPL-0062] Total inflated area:        289400.782 um^2 (+0.00%)
[INFO GPL-0063] New Target Density:             0.6176
[INFO GPL-0087] Routability end iteration: increase inflation and revert back to snapshot.
Iteration | Overflow |     HPWL (um) |  HPWL(%) |   Penalty | Group
---------------------------------------------------------------
      450 |   0.6467 |  8.019620e+05 |  -22.76% |  1.00e-09 |      
      460 |   0.5123 |  9.734608e+05 |  +21.38% |  1.46e-09 |      
      470 |   0.4750 |  1.091783e+06 |  +12.15% |  2.12e-09 |      
      480 |   0.4439 |  1.150992e+06 |   +5.42% |  3.11e-09 |      
      490 |   0.4166 |  1.130553e+06 |   -1.78% |  4.58e-09 |      
      500 |   0.3808 |  1.065368e+06 |   -5.77% |  6.74e-09 |      
      510 |   0.3433 |  1.083546e+06 |   +1.71% |  9.92e-09 |      
      520 |   0.3063 |  1.149812e+06 |   +6.12% |  1.45e-08 |      
[INFO GPL-0040] Routability iteration: 3
[INFO GPL-0041] Total routing overflow: 124.7860
[INFO GPL-0042] Number of overflowed tiles: 1757 (18.67%)
[INFO GPL-0043] Average top 0.5% routing congestion: 1.2318
[INFO GPL-0044] Average top 1.0% routing congestion: 1.2112
[INFO GPL-0045] Average top 2.0% routing congestion: 1.1852
[INFO GPL-0046] Average top 5.0% routing congestion: 1.1468
[INFO GPL-0047] Routability iteration weighted routing congestion: 1.2215
[INFO GPL-0048] Routing congestion (1.2215) lower than previous minimum (1.281). Updating minimum.
[INFO GPL-0086] Inflated area:               11716.582 um^2 (+4.34%)
[INFO GPL-0052] Placement target density:       0.6176
[INFO GPL-0076] Removing fillers, count: Before: 220, After: 0 (-100.00%)
[INFO GPL-0077] Filler area (um^2)     : Before: 2688.993, After: 0.000 (-100.00%)
[INFO GPL-0078] Removed fillers count: 220, area removed: 2688.993 um^2. Remaining area to be compensated by modifying density: 9027.590 um^2
[INFO GPL-0079] New target density: 0.6380794
[INFO GPL-0058] White space area:           441933.850 um^2 (+0.00%)
[INFO GPL-0059] Movable instances area:     281988.891 um^2 (+3.31%)
[INFO GPL-0060] Total filler area:               0.000 um^2 (-100.00%)
[INFO GPL-0061] Total non-inflated area:    281988.893 um^2 (+3.31%)
[INFO GPL-0062] Total inflated area:        293705.475 um^2 (+3.17%)
[INFO GPL-0063] New Target Density:             0.6381
[INFO GPL-0087] Routability end iteration: increase inflation and revert back to snapshot.
Iteration | Overflow |     HPWL (um) |  HPWL(%) |   Penalty | Group
---------------------------------------------------------------
      530 |   0.6680 |  7.737127e+05 |  -32.71% |  9.29e-10 |      
      540 |   0.5289 |  9.737046e+05 |  +25.85% |  1.35e-09 |      
      550 |   0.4804 |  1.099169e+06 |  +12.89% |  1.96e-09 |      
      560 |   0.4478 |  1.172298e+06 |   +6.65% |  2.87e-09 |      
      570 |   0.4226 |  1.157357e+06 |   -1.27% |  4.23e-09 |      
      580 |   0.3907 |  1.085300e+06 |   -6.23% |  6.23e-09 |      
      590 |   0.3518 |  1.098573e+06 |   +1.22% |  9.16e-09 |      
      600 |   0.3130 |  1.170455e+06 |   +6.54% |  1.34e-08 |      
[INFO GPL-0040] Routability iteration: 4
[INFO GPL-0041] Total routing overflow: 121.8972
[INFO GPL-0042] Number of overflowed tiles: 1805 (19.18%)
[INFO GPL-0043] Average top 0.5% routing congestion: 1.2325
[INFO GPL-0044] Average top 1.0% routing congestion: 1.2071
[INFO GPL-0045] Average top 2.0% routing congestion: 1.1819
[INFO GPL-0046] Average top 5.0% routing congestion: 1.1426
[INFO GPL-0047] Routability iteration weighted routing congestion: 1.2198
[INFO GPL-0048] Routing congestion (1.2198) lower than previous minimum (1.221). Updating minimum.
[INFO GPL-0086] Inflated area:               11648.709 um^2 (+4.13%)
[INFO GPL-0052] Placement target density:       0.6381
[INFO GPL-0076] Removing fillers, count: Before: 0, After: 0 (+0.00%)
[INFO GPL-0077] Filler area (um^2)     : Before: 0.000, After: 0.000 (+0.00%)
[INFO GPL-0078] Removed fillers count: 0, area removed: 0.000 um^2. Remaining area to be compensated by modifying density: 11648.709 um^2
[INFO GPL-0079] New target density: 0.6644379
[INFO GPL-0058] White space area:           441933.850 um^2 (+0.00%)
[INFO GPL-0059] Movable instances area:     293637.587 um^2 (+4.13%)
[INFO GPL-0060] Total filler area:               0.000 um^2 (+0.00%)
[INFO GPL-0061] Total non-inflated area:    293637.601 um^2 (+4.13%)
[INFO GPL-0062] Total inflated area:        305286.310 um^2 (+3.97%)
[INFO GPL-0063] New Target Density:             0.6644
[INFO GPL-0087] Routability end iteration: increase inflation and revert back to snapshot.
Iteration | Overflow |     HPWL (um) |  HPWL(%) |   Penalty | Group
---------------------------------------------------------------
      610 |   0.6691 |  7.737127e+05 |  -33.90% |  9.29e-10 |      
      620 |   0.5253 |  9.893059e+05 |  +27.86% |  1.35e-09 |      
      630 |   0.4751 |  1.120015e+06 |  +13.21% |  1.96e-09 |      
      640 |   0.4438 |  1.186078e+06 |   +5.90% |  2.87e-09 |      
      650 |   0.4211 |  1.160681e+06 |   -2.14% |  4.22e-09 |      
      660 |   0.3898 |  1.089068e+06 |   -6.17% |  6.22e-09 |      
      670 |   0.3470 |  1.121106e+06 |   +2.94% |  9.14e-09 |      
      680 |   0.3100 |  1.184949e+06 |   +5.69% |  1.34e-08 |      
[INFO GPL-0040] Routability iteration: 5
[INFO GPL-0041] Total routing overflow: 131.5576
[INFO GPL-0042] Number of overflowed tiles: 1871 (19.89%)
[INFO GPL-0043] Average top 0.5% routing congestion: 1.2428
[INFO GPL-0044] Average top 1.0% routing congestion: 1.2198
[INFO GPL-0045] Average top 2.0% routing congestion: 1.1920
[INFO GPL-0046] Average top 5.0% routing congestion: 1.1501
[INFO GPL-0047] Routability iteration weighted routing congestion: 1.2313
[INFO GPL-0049] Routing congestion (1.2313) higher than minimum (1.2198). Consecutive non-improvement count: 1.
[INFO GPL-0086] Inflated area:               12918.371 um^2 (+4.40%)
[INFO GPL-0052] Placement target density:       0.6644
[INFO GPL-0076] Removing fillers, count: Before: 0, After: 0 (+0.00%)
[INFO GPL-0077] Filler area (um^2)     : Before: 0.000, After: 0.000 (+0.00%)
[INFO GPL-0078] Removed fillers count: 0, area removed: 0.000 um^2. Remaining area to be compensated by modifying density: 12918.371 um^2
[INFO GPL-0079] New target density: 0.6936694
[INFO GPL-0058] White space area:           441933.850 um^2 (+0.00%)
[INFO GPL-0059] Movable instances area:     306555.978 um^2 (+4.40%)
[INFO GPL-0060] Total filler area:               0.000 um^2 (+0.00%)
[INFO GPL-0061] Total non-inflated area:    306555.973 um^2 (+4.40%)
[INFO GPL-0062] Total inflated area:        319474.344 um^2 (+4.21%)
[INFO GPL-0063] New Target Density:             0.6937
[INFO GPL-0087] Routability end iteration: increase inflation and revert back to snapshot.
Iteration | Overflow |     HPWL (um) |  HPWL(%) |   Penalty | Group
---------------------------------------------------------------
      690 |   0.6702 |  7.729689e+05 |  -34.77% |  9.29e-10 |      
      700 |   0.5186 |  1.005956e+06 |  +30.14% |  1.34e-09 |      
      710 |   0.4699 |  1.142172e+06 |  +13.54% |  1.96e-09 |      
      720 |   0.4397 |  1.197636e+06 |   +4.86% |  2.86e-09 |      
      730 |   0.4203 |  1.161492e+06 |   -3.02% |  4.22e-09 |      
      740 |   0.3913 |  1.098168e+06 |   -5.45% |  6.21e-09 |      
      750 |   0.3441 |  1.144950e+06 |   +4.26% |  9.12e-09 |      
      760 |   0.3138 |  1.196062e+06 |   +4.46% |  1.34e-08 |      
[INFO GPL-0040] Routability iteration: 6
[INFO GPL-0041] Total routing overflow: 127.6402
[INFO GPL-0042] Number of overflowed tiles: 1857 (19.74%)
[INFO GPL-0043] Average top 0.5% routing congestion: 1.2355
[INFO GPL-0044] Average top 1.0% routing congestion: 1.2116
[INFO GPL-0045] Average top 2.0% routing congestion: 1.1847
[INFO GPL-0046] Average top 5.0% routing congestion: 1.1457
[INFO GPL-0047] Routability iteration weighted routing congestion: 1.2236
[INFO GPL-0049] Routing congestion (1.2236) higher than minimum (1.2198). Consecutive non-improvement count: 2.
[INFO GPL-0086] Inflated area:               12925.921 um^2 (+4.22%)
[INFO GPL-0052] Placement target density:       0.6937
[INFO GPL-0076] Removing fillers, count: Before: 0, After: 0 (+0.00%)
[INFO GPL-0077] Filler area (um^2)     : Before: 0.000, After: 0.000 (+0.00%)
[INFO GPL-0078] Removed fillers count: 0, area removed: 0.000 um^2. Remaining area to be compensated by modifying density: 12925.921 um^2
[INFO GPL-0079] New target density: 0.7229179
[INFO GPL-0058] White space area:           441933.850 um^2 (+0.00%)
[INFO GPL-0059] Movable instances area:     319481.905 um^2 (+4.22%)
[INFO GPL-0060] Total filler area:               0.000 um^2 (+0.00%)
[INFO GPL-0061] Total non-inflated area:    319481.894 um^2 (+4.22%)
[INFO GPL-0062] Total inflated area:        332407.815 um^2 (+4.05%)
[INFO GPL-0063] New Target Density:             0.7229
[INFO GPL-0087] Routability end iteration: increase inflation and revert back to snapshot.
Iteration | Overflow |     HPWL (um) |  HPWL(%) |   Penalty | Group
---------------------------------------------------------------
      770 |   0.6642 |  7.848527e+05 |  -34.38% |  9.66e-10 |      
      780 |   0.5041 |  1.036587e+06 |  +32.07% |  1.39e-09 |      
      790 |   0.4597 |  1.173766e+06 |  +13.23% |  2.03e-09 |      
      800 |   0.4329 |  1.206916e+06 |   +2.82% |  2.97e-09 |      
      810 |   0.4159 |  1.150775e+06 |   -4.65% |  4.38e-09 |      
      820 |   0.3841 |  1.109624e+06 |   -3.58% |  6.45e-09 |      
      830 |   0.3311 |  1.172497e+06 |   +5.67% |  9.46e-09 |      
      840 |   0.3082 |  1.200921e+06 |   +2.42% |  1.39e-08 |      
[INFO GPL-0040] Routability iteration: 7
[INFO GPL-0041] Total routing overflow: 126.0261
[INFO GPL-0042] Number of overflowed tiles: 1912 (20.32%)
[INFO GPL-0043] Average top 0.5% routing congestion: 1.2359
[INFO GPL-0044] Average top 1.0% routing congestion: 1.2120
[INFO GPL-0045] Average top 2.0% routing congestion: 1.1867
[INFO GPL-0046] Average top 5.0% routing congestion: 1.1457
[INFO GPL-0047] Routability iteration weighted routing congestion: 1.2240
[INFO GPL-0049] Routing congestion (1.2240) higher than minimum (1.2198). Consecutive non-improvement count: 3.
[INFO GPL-0086] Inflated area:               13464.549 um^2 (+4.21%)
[INFO GPL-0052] Placement target density:       0.7229
[INFO GPL-0076] Removing fillers, count: Before: 0, After: 0 (+0.00%)
[INFO GPL-0077] Filler area (um^2)     : Before: 0.000, After: 0.000 (+0.00%)
[INFO GPL-0078] Removed fillers count: 0, area removed: 0.000 um^2. Remaining area to be compensated by modifying density: 13464.549 um^2
[INFO GPL-0079] New target density: 0.75338525
[INFO GPL-0054] No improvement in routing congestion for 3 consecutive iterations (limit is 3).
[INFO GPL-0055] Reverting inflation values and target density from the iteration with minimum observed routing congestion.
[INFO GPL-0056] Minimum observed routing congestion: 1.2198
[INFO GPL-0057] Target density at minimum routing congestion: 0.6381
[INFO GPL-0080] Restoring 0 previously removed fillers.
[INFO GPL-0089] Routability finished. Reverting to minimal observed routing congestion, could not reach target.
Iteration | Overflow |     HPWL (um) |  HPWL(%) |   Penalty | Group
---------------------------------------------------------------
      850 |   0.5676 |  8.143736e+05 |  -32.19% |  1.04e-09 |      
      860 |   0.4812 |  9.581501e+05 |  +17.65% |  1.52e-09 |      
      870 |   0.4316 |  1.102713e+06 |  +15.09% |  2.20e-09 |      
      880 |   0.4036 |  1.162985e+06 |   +5.47% |  3.23e-09 |      
      890 |   0.3805 |  1.140604e+06 |   -1.92% |  4.75e-09 |      
      900 |   0.3446 |  1.076088e+06 |   -5.66% |  7.00e-09 |      
      910 |   0.3077 |  1.101419e+06 |   +2.35% |  1.03e-08 |      
      920 |   0.2754 |  1.166916e+06 |   +5.95% |  1.51e-08 |      
      930 |   0.2616 |  1.151339e+06 |   -1.33% |  2.22e-08 |      
      940 |   0.2327 |  1.142834e+06 |   -0.74% |  3.27e-08 |      
      950 |   0.2117 |  1.156422e+06 |   +1.19% |  4.81e-08 |      
[INFO GPL-0100] Timing-driven iteration 2/2, virtual: false.
[INFO GPL-0101]    Iter: 960, overflow: 0.194, keep resizer changes at: 1, HPWL: 1147899584
Iteration |   Area    | Resized | Buffers | Nets repaired | Remaining
---------------------------------------------------------------------
        0 |     +0.0% |       0 |       0 |             0 |     18253
    final |     +3.3% |     280 |     241 |           301 |         0
---------------------------------------------------------------------
[INFO RSZ-0034] Found 290 slew violations.
[INFO RSZ-0036] Found 43 capacitance violations.
[INFO RSZ-0039] Resized 280 instances.
[INFO RSZ-0038] Inserted 241 buffers in 301 nets.
   Iter   |    Area   | Removed | Inserted |   Pins
          |           | Buffers | Buffers  | Remaining
-------------------------------------------------------
        0 |     +0.0% |       0 |        0 |     17681
     1700 |     +0.2% |      12 |       41 |     15981
     3400 |     +0.3% |     179 |      255 |     14281
     5100 |     +0.3% |     209 |      272 |     12581
     6800 |     +0.4% |     237 |      339 |     10881
     8500 |     +0.6% |     269 |      411 |      9181
    10200 |     +0.8% |     338 |      568 |      7481
    11900 |     +0.6% |     457 |      710 |      5781
    13600 |     -0.2% |     584 |      868 |      4081
    15300 |     -0.2% |     590 |      882 |      2381
    17000 |     +0.1% |     647 |     1001 |       681
    final |     +0.2% |     739 |     1126 |         0
-------------------------------------------------------
[INFO GPL-0106] Timing-driven: worst slack 8.461609e-10
[INFO GPL-0107] Timing-driven: repair_design delta area: 6024.476 um^2 (+1.89%)
[INFO GPL-0108] Timing-driven: repair_design, gpl delta gcells: 628 (+3.46%)
[INFO GPL-0109] Timing-driven: repair_design, gcells created: 1367, deleted: 739
[INFO GPL-0110] Timing-driven: new target density: 0.73655
Iteration | Overflow |     HPWL (um) |  HPWL(%) |   Penalty | Group
---------------------------------------------------------------
      960 |   0.1682 |  1.232434e+06 |   +6.57% |  7.08e-08 |      
      970 |   0.1497 |  1.224583e+06 |   -0.64% |  1.04e-07 |      
      980 |   0.1266 |  1.219406e+06 |   -0.42% |  1.53e-07 |      
      990 |   0.1066 |  1.216034e+06 |   -0.28% |  2.25e-07 |      
      994 |   0.0996 |  1.215647e+06 |          |  2.73e-07 |      
---------------------------------------------------------------
[INFO GPL-1001] Global placement finished at iteration 994
[INFO GPL-1017] Routability mode iteration count: 594
[INFO GPL-1005] Routability final weighted congestion: 1.2326
[INFO GPL-1002] Placed Cell Area            288013.3687
[INFO GPL-1003] Available Free Area         441933.8496
[INFO GPL-1004] Minimum Feasible Density        0.4900 (cell_area / free_area)
[INFO GPL-1006]   Suggested Target Densities:
[INFO GPL-1007]     - For 90% usage of free space: 0.7241
[INFO GPL-1008]     - For 80% usage of free space: 0.8146
[INFO GPL-1011] Original area (um^2): 212165.46
[INFO GPL-1012] Total routability artificial inflation: 62924.57 (+29.66%)
[INFO GPL-1013] Total timing-driven delta area: 12923.34 (+6.09%)
[INFO GPL-1014] Final placement area: 288013.37 (+35.75%)
Took 131 seconds: global_placement -density 0.6020000076293945 -pad_left 0 -pad_right 0 -routability_driven -timing_driven -force_center_initial_place -min_phi_coef 0.95 -max_phi_coef 1.05
estimate_parasitics -placement
Report metrics stage 3, global place...

==========================================================================
global place report_design_area
--------------------------------------------------------------------------
Design area 218558 um^2 49% utilization.
write_db /root/cac_runs/keccak_s7_7ns/results/sky130hd/cac_keccak_s7_7ns/base/3_3_place_gp.odb
Elapsed time: 2:11.85[h:]min:sec. CPU time: user 683.75 sys 10.21 (526%). Peak memory: 532304KB.
Log                       Ext     Elapsed/s Peak Memory/MB sha1sum result [0:20)
3_3_place_gp              .odb          131            519 4f785fbb83af768d1b63
