[2026-09-29 16:11:40.885] [miter_logger] [info] MiterStrategy::run starting
[2026-09-29 16:11:40.885] [miter_logger] [info] Collecting POs for design 0: keccak_lane_wrapper

[2026-09-29 16:11:40.957] [miter_logger] [info] Collected 3608 PIs for design 0

[2026-09-29 16:11:40.957] [miter_logger] [info] Collected 10668 POs for design 0

[2026-09-29 16:11:40.957] [miter_logger] [info] design 0 PI summary by model/term (3608 total terminals, 10 unique rows):
| Model                    | Term       | Count |
|--------------------------|------------|-------|
| sky130_fd_sc_hd__dfrtp_1 | Q          |  3527 |
| keccak_lane_wrapper      | lane_wdata |    64 |
| sky130_fd_sc_hd__dfrtp_4 | Q          |     6 |
| keccak_lane_wrapper      | lane_idx   |     5 |
| keccak_lane_wrapper      | clk        |     1 |
| keccak_lane_wrapper      | lane_we    |     1 |
| keccak_lane_wrapper      | rst_n      |     1 |
| keccak_lane_wrapper      | start      |     1 |
| keccak_lane_wrapper      | zeroize    |     1 |
| sky130_fd_sc_hd__dfstp_2 | Q          |     1 |

[2026-09-29 16:11:40.958] [miter_logger] [info] design 0 PO summary by model/term (10668 total terminals, 12 unique rows):
| Model                    | Term       | Count |
|--------------------------|------------|-------|
| sky130_fd_sc_hd__dfrtp_1 | CLK        |  3527 |
| sky130_fd_sc_hd__dfrtp_1 | D          |  3527 |
| sky130_fd_sc_hd__dfrtp_1 | RESET_B    |  3527 |
| keccak_lane_wrapper      | lane_rdata |    64 |
| sky130_fd_sc_hd__dfrtp_4 | CLK        |     6 |
| sky130_fd_sc_hd__dfrtp_4 | D          |     6 |
| sky130_fd_sc_hd__dfrtp_4 | RESET_B    |     6 |
| keccak_lane_wrapper      | busy       |     1 |
| keccak_lane_wrapper      | done       |     1 |
| sky130_fd_sc_hd__dfstp_2 | CLK        |     1 |
| sky130_fd_sc_hd__dfstp_2 | D          |     1 |
| sky130_fd_sc_hd__dfstp_2 | SET_B      |     1 |

[2026-09-29 16:11:40.958] [miter_logger] [info] Collecting POs for design 1: keccak_lane_wrapper

[2026-09-29 16:11:41.009] [miter_logger] [info] size of common inputs: 3608
[2026-09-29 16:11:41.009] [miter_logger] [info] size of diff0 inputs: 0
[2026-09-29 16:11:41.009] [miter_logger] [info] size of diff1 inputs: 0
[2026-09-29 16:11:41.010] [miter_logger] [info] Collected 3608 PIs for design 1

[2026-09-29 16:11:41.010] [miter_logger] [info] Collected 10668 POs for design 1

[2026-09-29 16:11:41.010] [miter_logger] [info] design 1 PI summary by model/term (3608 total terminals, 10 unique rows):
| Model                    | Term       | Count |
|--------------------------|------------|-------|
| sky130_fd_sc_hd__dfrtp_1 | Q          |  3527 |
| keccak_lane_wrapper      | lane_wdata |    64 |
| sky130_fd_sc_hd__dfrtp_4 | Q          |     6 |
| keccak_lane_wrapper      | lane_idx   |     5 |
| keccak_lane_wrapper      | clk        |     1 |
| keccak_lane_wrapper      | lane_we    |     1 |
| keccak_lane_wrapper      | rst_n      |     1 |
| keccak_lane_wrapper      | start      |     1 |
| keccak_lane_wrapper      | zeroize    |     1 |
| sky130_fd_sc_hd__dfstp_2 | Q          |     1 |

[2026-09-29 16:11:41.011] [miter_logger] [info] design 1 PO summary by model/term (10668 total terminals, 12 unique rows):
| Model                    | Term       | Count |
|--------------------------|------------|-------|
| sky130_fd_sc_hd__dfrtp_1 | CLK        |  3527 |
| sky130_fd_sc_hd__dfrtp_1 | D          |  3527 |
| sky130_fd_sc_hd__dfrtp_1 | RESET_B    |  3527 |
| keccak_lane_wrapper      | lane_rdata |    64 |
| sky130_fd_sc_hd__dfrtp_4 | CLK        |     6 |
| sky130_fd_sc_hd__dfrtp_4 | D          |     6 |
| sky130_fd_sc_hd__dfrtp_4 | RESET_B    |     6 |
| keccak_lane_wrapper      | busy       |     1 |
| keccak_lane_wrapper      | done       |     1 |
| sky130_fd_sc_hd__dfstp_2 | CLK        |     1 |
| sky130_fd_sc_hd__dfstp_2 | D          |     1 |
| sky130_fd_sc_hd__dfstp_2 | SET_B      |     1 |

[2026-09-29 16:11:41.011] [miter_logger] [info] normalizeInputs: starting
[2026-09-29 16:11:41.014] [miter_logger] [info] size of common inputs: 3608
[2026-09-29 16:11:41.014] [miter_logger] [info] size of diff0 inputs: 0
[2026-09-29 16:11:41.014] [miter_logger] [info] size of diff1 inputs: 0
[2026-09-29 16:11:41.015] [miter_logger] [info] normalizeOutputs: starting
[2026-09-29 16:11:41.026] [miter_logger] [info] size of common outputs: 10668
[2026-09-29 16:11:41.026] [miter_logger] [info] size of diff0 outputs: 0
[2026-09-29 16:11:41.026] [miter_logger] [info] size of diff1 outputs: 0
[2026-09-29 16:11:41.027] [miter_logger] [info] size of PIs in circuit 0: 3608
[2026-09-29 16:11:41.027] [miter_logger] [info] size of PIs in circuit 1: 3608
[2026-09-29 16:11:41.027] [miter_logger] [info] size of POs in circuit 0: 10668
[2026-09-29 16:11:41.027] [miter_logger] [info] size of POs in circuit 1: 10668
[2026-09-29 16:11:41.264] [miter_logger] [info] Building miter expression
[2026-09-29 16:11:41.265] [miter_logger] [info] Finished building miter expression
[2026-09-29 16:11:41.265] [miter_logger] [info] Starting solver
[2026-09-29 16:11:41.265] [miter_logger] [info] SAT solver finished: UNSAT
[2026-09-29 16:11:41.265] [miter_logger] [info] Circuits are IDENTICAL
