OpenROAD f552262465b0bfef8f097e258f94bc501d01e19d 
Features included (+) or not (-): +GPU +GUI +Python
This program is licensed under the BSD-3 license. See the LICENSE file for details.
Components of this program may be licensed under more restrictive licenses which must be honored.
[INFO ORD-0030] Using 12 thread(s).
read_liberty /opt/eda/orfs-6101364b/flow/platforms/sky130hd/lib/sky130_fd_sc_hd__tt_025C_1v80.lib
read_db /root/cac_runs/keccak_s7_7ns/results/sky130hd/cac_keccak_s7_7ns/base/6_1_fill.odb
read_sdc /root/cac_runs/keccak_s7_7ns/results/sky130hd/cac_keccak_s7_7ns/base/6_1_fill.sdc
source /opt/eda/orfs-6101364b/flow/platforms/sky130hd/setRC.tcl
write_db /root/cac_runs/keccak_s7_7ns/results/sky130hd/cac_keccak_s7_7ns/base/6_final.odb
write_sdc -no_timestamp /root/cac_runs/keccak_s7_7ns/results/sky130hd/cac_keccak_s7_7ns/base/6_final.sdc
Deleted 0 routing obstructions
Warning: master sky130_ef_sc_hd__decap_12 has signal pins but no liberty cell
[INFO RCX-0431] Defined process_corner X with ext_model_index 0
[INFO RCX-0029] Defined extraction corner X
[WARNING RCX-0514] The ext_model_file option is deprecated. Use set_extraction_rules_file command instead.
[INFO RCX-0435] Reading extraction model file /opt/eda/orfs-6101364b/flow/platforms/sky130hd/rcx_patterns.rules ...
[INFO RCX-0436] RC segment generation keccak_lane_wrapper (max_merge_res 50.0) ...
[INFO RCX-0040] Final 113172 rc segments
[INFO RCX-0439] Coupling Cap extraction keccak_lane_wrapper ...
[INFO RCX-0440] Coupling threshhold is 0.1000 fF, coupling capacitance less than 0.1000 fF will be grounded.
[INFO RCX-0442] 52% of 310365 wires extracted
[INFO RCX-0442] 100% of 310365 wires extracted
[INFO RCX-0045] Extract 19308 nets, 132466 rsegs, 132466 caps, 404047 ccs
[INFO RCX-0443] 19308 nets finished
[INFO PSM-0040] All shapes on net VDD are connected.
########## IR report #################
Net              : VDD
Corner           : default
Total power      : 6.59e-02 W
Supply voltage   : 1.80e+00 V
Worstcase voltage: 1.80e+00 V
Average voltage  : 1.80e+00 V
Average IR drop  : 3.11e-05 V
Worstcase IR drop: 3.36e-04 V
Percentage drop  : 0.02 %
######################################
[INFO PSM-0040] All shapes on net VSS are connected.
########## IR report #################
Net              : VSS
Corner           : default
Total power      : 6.59e-02 W
Supply voltage   : 0.00e+00 V
Worstcase voltage: 2.77e-04 V
Average voltage  : 2.78e-05 V
Average IR drop  : 2.78e-05 V
Worstcase IR drop: 2.77e-04 V
Percentage drop  : 0.02 %
######################################
Cell type report:                       Count        Area
  Fill cell                             40504   213863.86
  Tap cell                               5952     7447.14
  Antenna cell                            844     2112.03
  Clock buffer                            583    12051.56
  Timing Repair Buffer                   1279    13588.03
  Inverter                                  6       30.03
  Clock inverter                          170     2418.57
  Sequential cell                        3534    88458.59
  Multi-Input combinational cell        13998   109411.18
  Total                                 66870   449380.99
Report metrics stage 6, finish...

==========================================================================
finish report_design_area
--------------------------------------------------------------------------
Design area 235517 um^2 52% utilization.
Elapsed time: 0:21.97[h:]min:sec. CPU time: user 26.36 sys 7.40 (153%). Peak memory: 794564KB.
Log                       Ext     Elapsed/s Peak Memory/MB sha1sum result [0:20)
6_report                                 21            775                  N/A
