OpenROAD f552262465b0bfef8f097e258f94bc501d01e19d 
Features included (+) or not (-): +GPU +GUI +Python
This program is licensed under the BSD-3 license. See the LICENSE file for details.
Components of this program may be licensed under more restrictive licenses which must be honored.
[INFO ORD-0030] Using 12 thread(s).
read_liberty /opt/eda/orfs-6101364b/flow/platforms/sky130hd/lib/sky130_fd_sc_hd__tt_025C_1v80.lib
read_db /root/cac_runs/keccak_s7_20ns_ant10/results/sky130hd/cac_keccak_s7_20ns/base/4_cts.odb
read_sdc /root/cac_runs/keccak_s7_20ns_ant10/results/sky130hd/cac_keccak_s7_20ns/base/4_cts.sdc
source /opt/eda/orfs-6101364b/flow/platforms/sky130hd/setRC.tcl
pin_access
[INFO DRT-0149] Reading tech and libs.
[WARNING DRT-0349] LEF58_ENCLOSURE with no CUTCLASS is not supported. Skipping for layer mcon
[WARNING DRT-0349] LEF58_ENCLOSURE with no CUTCLASS is not supported. Skipping for layer mcon
[WARNING DRT-0349] LEF58_ENCLOSURE with no CUTCLASS is not supported. Skipping for layer via
[WARNING DRT-0349] LEF58_ENCLOSURE with no CUTCLASS is not supported. Skipping for layer via
[WARNING DRT-0349] LEF58_ENCLOSURE with no CUTCLASS is not supported. Skipping for layer via2
[WARNING DRT-0349] LEF58_ENCLOSURE with no CUTCLASS is not supported. Skipping for layer via2
[WARNING DRT-0349] LEF58_ENCLOSURE with no CUTCLASS is not supported. Skipping for layer via3
[WARNING DRT-0349] LEF58_ENCLOSURE with no CUTCLASS is not supported. Skipping for layer via3
[WARNING DRT-0349] LEF58_ENCLOSURE with no CUTCLASS is not supported. Skipping for layer via4
[WARNING DRT-0349] LEF58_ENCLOSURE with no CUTCLASS is not supported. Skipping for layer via4

Units:                1000
Number of layers:     13
Number of macros:     441
Number of vias:       29
Number of viarulegen: 25

[INFO DRT-0150] Reading design.
[WARNING DRT-0120] Large net net1978 has 187 pins which may impact routing performance. Consider optimization.
[WARNING DRT-0120] Large net net1973 has 174 pins which may impact routing performance. Consider optimization.
[WARNING DRT-0120] Large net net1960 has 193 pins which may impact routing performance. Consider optimization.
[WARNING DRT-0120] Large net net1882 has 112 pins which may impact routing performance. Consider optimization.
[WARNING DRT-0120] Large net net1858 has 103 pins which may impact routing performance. Consider optimization.
[WARNING DRT-0120] Large net net1561 has 163 pins which may impact routing performance. Consider optimization.
[WARNING DRT-0120] Large net net1560 has 119 pins which may impact routing performance. Consider optimization.
[WARNING DRT-0120] Large net net1555 has 142 pins which may impact routing performance. Consider optimization.
[WARNING DRT-0120] Large net net1547 has 134 pins which may impact routing performance. Consider optimization.
[WARNING DRT-0120] Large net net1546 has 131 pins which may impact routing performance. Consider optimization.
[WARNING DRT-0120] Large net net1544 has 152 pins which may impact routing performance. Consider optimization.
[WARNING DRT-0120] Large net net1420 has 108 pins which may impact routing performance. Consider optimization.
[WARNING DRT-0120] Large net net1896 has 104 pins which may impact routing performance. Consider optimization.
[WARNING DRT-0120] Large net net1901 has 119 pins which may impact routing performance. Consider optimization.
[WARNING DRT-0120] Large net net1943 has 186 pins which may impact routing performance. Consider optimization.
[WARNING DRT-0120] Large net net1920 has 104 pins which may impact routing performance. Consider optimization.
[WARNING DRT-0120] Large net net1871 has 102 pins which may impact routing performance. Consider optimization.
[WARNING DRT-0120] Large net net1874 has 105 pins which may impact routing performance. Consider optimization.
[WARNING DRT-0120] Large net net1878 has 101 pins which may impact routing performance. Consider optimization.
[WARNING DRT-0120] Large net net71 has 154 pins which may impact routing performance. Consider optimization.

Design:                   keccak_lane_wrapper
Die area:                 ( 0 0 ) ( 674030 674030 )
Number of track patterns: 12
Number of DEF vias:       0
Number of components:     25269
Number of terminals:      142
Number of snets:          2
Number of nets:           19052

[INFO DRT-0167] List of default vias:
  Layer via
    default via: M1M2_PR
  Layer via2
    default via: M2M3_PR
  Layer via3
    default via: M3M4_PR
  Layer via4
    default via: M4M5_PR
[INFO DRT-0162] Library cell analysis.
[INFO DRT-0163] Instance analysis.
[INFO DRT-0164] Number of unique instances = 169.
[INFO DRT-0168] Init region query.
[INFO DRT-0024]   Complete FR_MASTERSLICE.
[INFO DRT-0024]   Complete Fr_VIA.
[INFO DRT-0024]   Complete li1.
[INFO DRT-0024]   Complete mcon.
[INFO DRT-0024]   Complete met1.
[INFO DRT-0024]   Complete via.
[INFO DRT-0024]   Complete met2.
[INFO DRT-0024]   Complete via2.
[INFO DRT-0024]   Complete met3.
[INFO DRT-0024]   Complete via3.
[INFO DRT-0024]   Complete met4.
[INFO DRT-0024]   Complete via4.
[INFO DRT-0024]   Complete met5.
[INFO DRT-0033] FR_MASTERSLICE shape region query size = 0.
[INFO DRT-0033] FR_VIA shape region query size = 0.
[INFO DRT-0033] li1 shape region query size = 692553.
[INFO DRT-0033] mcon shape region query size = 400495.
[INFO DRT-0033] met1 shape region query size = 114088.
[INFO DRT-0033] via shape region query size = 30260.
[INFO DRT-0033] met2 shape region query size = 18226.
[INFO DRT-0033] via2 shape region query size = 24208.
[INFO DRT-0033] met3 shape region query size = 18226.
[INFO DRT-0033] via3 shape region query size = 24208.
[INFO DRT-0033] met4 shape region query size = 7302.
[INFO DRT-0033] via4 shape region query size = 1201.
[INFO DRT-0033] met5 shape region query size = 1299.
[INFO DRT-0165] Start pin access.
[INFO DRT-0076]   Complete 1000 pins.
[INFO DRT-0078]   Complete 1311 pins.
[INFO DRT-0079]   Complete 100 unique inst patterns.
[INFO DRT-0081]   Complete 169 unique inst patterns.
[INFO DRT-0082]   Complete 10000 groups.
[INFO DRT-0084]   Complete 14155 groups.
#scanned instances     = 25269
#unique  instances     = 169
#stdCellGenAp          = 5497
#stdCellValidPlanarAp  = 103
#stdCellValidViaAp     = 3814
#stdCellPinNoAp        = 0
#stdCellPinCnt         = 74970
#instTermValidViaApCnt = 0
#macroGenAp            = 0
#macroValidPlanarAp    = 0
#macroValidViaAp       = 0
#macroNoAp             = 0
[INFO DRT-0166] Complete pin access.
[INFO DRT-0267] cpu time = 00:06:57, elapsed time = 00:01:44, memory = 273.57 (MB), peak = 285.09 (MB)
Took 105 seconds: pin_access
global_route -congestion_report_file /root/cac_runs/keccak_s7_20ns_ant10/reports/sky130hd/cac_keccak_s7_20ns/base/congestion.rpt -congestion_iterations 30 -congestion_report_iter_step 5 -verbose
[INFO GRT-0020] Min routing layer: met1
[INFO GRT-0021] Max routing layer: met5
[INFO GRT-0022] Global adjustment: 0%
[INFO GRT-0023] Grid origin: (0, 0)
[INFO GRT-0088] Layer li1     Track-Pitch = 0.4600  line-2-Via Pitch: 0.3400
[INFO GRT-0088] Layer met1    Track-Pitch = 0.3400  line-2-Via Pitch: 0.3400
[INFO GRT-0088] Layer met2    Track-Pitch = 0.4600  line-2-Via Pitch: 0.3500
[INFO GRT-0088] Layer met3    Track-Pitch = 0.6800  line-2-Via Pitch: 0.6150
[INFO GRT-0088] Layer met4    Track-Pitch = 0.9200  line-2-Via Pitch: 1.0400
[INFO GRT-0088] Layer met5    Track-Pitch = 3.4000  line-2-Via Pitch: 3.1100
[INFO GRT-0003] Macros: 0
[INFO GRT-0004] Blockages: 56737
[INFO GRT-0019] Found 411 clock nets.
[INFO GRT-0001] Minimum degree: 2
[INFO GRT-0002] Maximum degree: 193

[INFO GRT-0053] Routing resources analysis:
          Routing      Original      Derated      Resource
Layer     Direction    Resources     Resources    Reduction (%)
---------------------------------------------------------------
li1        Vertical            0             0          0.00%
met1       Horizontal     139908        108657          22.34%
met2       Vertical       121056         92928          23.24%
met3       Horizontal      90480         70992          21.54%
met4       Vertical        59712         42720          28.46%
met5       Horizontal      13152          9408          28.47%
---------------------------------------------------------------

[INFO GRT-0101] Running extra iterations to remove congestion.
[INFO GRT-0102] Start extra iteration 1/30
[INFO GRT-0102] Start extra iteration 2/30
[INFO GRT-0102] Start extra iteration 3/30
[INFO GRT-0102] Start extra iteration 4/30
[INFO GRT-0102] Start extra iteration 5/30
[INFO GRT-0197] Via related to pin nodes: 138613
[INFO GRT-0198] Via related Steiner nodes: 6763
[INFO GRT-0199] Via filling finished.
[INFO GRT-0111] Final number of vias: 190498
[INFO GRT-0112] Final usage 3D: 807957

[INFO GRT-0096] Final congestion report:
Layer         Resource        Demand        Usage (%)    Max H / Max V / Total Congestion
---------------------------------------------------------------------------------------
li1                  0             0            0.00%             0 /  0 /  0
met1            108657         80707           74.28%             0 /  0 /  0
met2             92928         80158           86.26%             0 /  0 /  0
met3             70992         41890           59.01%             0 /  0 /  0
met4             42720         30571           71.56%             0 /  0 /  0
met5              9408          3137           33.34%             0 /  0 /  0
---------------------------------------------------------------------------------------
Total           324705        236463           72.82%             0 /  0 /  0

[INFO GRT-0018] Total wirelength: 2148535 um
[INFO GRT-0014] Routed nets: 19051
[INFO GRT-0303] Global routing runtime = 00:00:23
Took 25 seconds: global_route -congestion_report_file /root/cac_runs/keccak_s7_20ns_ant10/reports/sky130hd/cac_keccak_s7_20ns/base/congestion.rpt -congestion_iterations 30 -congestion_report_iter_step 5 -verbose
estimate_parasitics -global_routing
Perform buffer insertion and gate resizing...
repair_design -verbose
Iteration |   Area    | Resized | Buffers | Nets repaired | Remaining
---------------------------------------------------------------------
        0 |     +0.0% |       0 |       0 |             0 |     19395
     1000 |     +0.0% |       0 |       0 |             0 |     18395
     2000 |     +0.0% |       0 |       0 |             0 |     17395
     3000 |     +0.0% |       0 |       1 |             1 |     16395
     4000 |     +0.0% |       0 |       1 |             1 |     15395
     5000 |     +0.0% |       0 |       1 |             1 |     14395
     6000 |     +0.0% |       0 |       1 |             1 |     13395
     7000 |     +0.0% |       0 |       1 |             1 |     12395
     8000 |     +0.0% |       1 |       2 |             3 |     11395
     9000 |     +0.0% |       1 |       2 |             3 |     10395
    10000 |     +0.0% |       1 |       2 |             3 |      9395
    11000 |     +0.0% |       2 |       2 |             4 |      8395
    12000 |     +0.0% |       4 |       4 |             7 |      7395
[WARNING RSZ-0104] Net _16009_ only has one pin. Check if it is intended to be dangling.
    13000 |     +0.0% |       4 |       4 |             7 |      6395
    14000 |     +0.1% |      11 |       8 |            16 |      5395
    15000 |     +0.1% |      12 |       8 |            16 |      4395
    16000 |     +0.1% |      12 |       8 |            16 |      3395
    17000 |     +0.1% |      12 |       8 |            16 |      2395
    18000 |     +0.1% |      12 |       8 |            16 |      1395
    19000 |     +0.1% |      12 |       8 |            16 |       395
    final |     +0.1% |      12 |       8 |            16 |         0
---------------------------------------------------------------------
[INFO RSZ-0034] Found 14 slew violations.
[INFO RSZ-0036] Found 4 capacitance violations.
[INFO RSZ-0039] Resized 12 instances.
[INFO RSZ-0038] Inserted 8 buffers in 16 nets.
[INFO RSZ-0504] Runtime: 16.42s
Took 16 seconds: repair_design -verbose
global_route -start_incremental
detailed_placement
[INFO DPL-0006] Core area: 449380.99 um^2
[INFO DPL-0007] Movable instances area: 220804.27 um^2
[INFO DPL-0008] Fixed instances area within core: 7447.14 um^2
[INFO DPL-0009] Utilization: 50.8%
[INFO DPL-0005] Diamond search max displacement: +/- 500 sites horizontally, +/- 100 rows vertically.
[INFO DPL-1102] Legalizing using negotiation legalizer.
[INFO DPL-1103] Negotiation base search window: +/-20 sites horizontally, +/-5 rows vertically 
	Automatic search window extension enabled.
	Search window extendable up to the max displacement cap of +/-500 sites, +/-100 rows near walls.
[INFO DPL-1104] NegotiationLegalizer DRC penalty: 5.
[INFO DPL-0392] Negotiation cell height distribution (1 unique row-count(s)):
[INFO DPL-0393]   height 1 row(s): 25277 cells
          |      Total |  Illegal |  Illegal
Iteration | Violations |    Cells |    Sites
---------------------------------------------
        0 |          8 |         2 |         6
        1 |          0 |         0 |         0
Negotiation phase 1 converged at iteration 1.
[INFO DPL-0500] Runtime: 0.60s
Placement Analysis
---------------------------------
total displacement         75.9 u
average displacement        0.0 u
max displacement           11.8 u
original HPWL         1261186.0 u
legalized HPWL        1261203.4 u
delta HPWL                    0 %

global_route -end_incremental -congestion_report_file /root/cac_runs/keccak_s7_20ns_ant10/reports/sky130hd/cac_keccak_s7_20ns/base/congestion_post_repair_design.rpt
Repair setup and hold violations...
estimate_parasitics -global_routing
repair_timing -setup_margin 0 -hold_margin 0 -repair_tns 100 -verbose
[INFO RSZ-0100] Repair move sequence: UnbufferMove SizeUpMove SwapPinsMove BufferMove CloneMove SplitLoadMove 
[INFO RSZ-0098] No setup violations found
[INFO RSZ-0505] Runtime: 1.86s
[INFO RSZ-0033] No hold violations found.
[INFO RSZ-0506] Runtime: 0.94s
global_route -start_incremental
detailed_placement
[INFO DPL-0006] Core area: 449380.99 um^2
[INFO DPL-0007] Movable instances area: 220804.27 um^2
[INFO DPL-0008] Fixed instances area within core: 7447.14 um^2
[INFO DPL-0009] Utilization: 50.8%
[INFO DPL-0005] Diamond search max displacement: +/- 500 sites horizontally, +/- 100 rows vertically.
[INFO DPL-1102] Legalizing using negotiation legalizer.
[INFO DPL-1103] Negotiation base search window: +/-20 sites horizontally, +/-5 rows vertically 
	Automatic search window extension enabled.
	Search window extendable up to the max displacement cap of +/-500 sites, +/-100 rows near walls.
[INFO DPL-1104] NegotiationLegalizer DRC penalty: 5.
[INFO DPL-0392] Negotiation cell height distribution (1 unique row-count(s)):
[INFO DPL-0393]   height 1 row(s): 25277 cells
[INFO DPL-0500] Runtime: 0.56s
Placement Analysis
---------------------------------
total displacement          0.0 u
average displacement        0.0 u
max displacement            0.0 u
original HPWL         1261203.4 u
legalized HPWL        1261203.4 u
delta HPWL                    0 %

check_placement -verbose
global_route -end_incremental -congestion_report_file /root/cac_runs/keccak_s7_20ns_ant10/reports/sky130hd/cac_keccak_s7_20ns/base/congestion_post_repair_timing.rpt
estimate_parasitics -global_routing
Took 5 seconds: estimate_parasitics -global_routing
global_route -start_incremental
global_route -end_incremental -congestion_report_file /root/cac_runs/keccak_s7_20ns_ant10/reports/sky130hd/cac_keccak_s7_20ns/base/congestion_post_recover_power.rpt
Repair antennas...
[INFO GRT-0012] Found 455 antenna violations.
[INFO GRT-0302] Inserted 497 jumpers for 305 nets.
[INFO GRT-0012] Found 205 antenna violations.
[WARNING GRT-0243] Unable to repair antennas on net with diodes.
[INFO DPL-0006] Core area: 449380.99 um^2
[INFO DPL-0007] Movable instances area: 218847.39 um^2
[INFO DPL-0008] Fixed instances area within core: 10822.88 um^2
[INFO DPL-0009] Utilization: 51.1%
[INFO DPL-0005] Diamond search max displacement: +/- 500 sites horizontally, +/- 100 rows vertically.
[INFO DPL-1102] Legalizing using negotiation legalizer.
[INFO DPL-1103] Negotiation base search window: +/-20 sites horizontally, +/-5 rows vertically 
	Automatic search window extension enabled.
	Search window extendable up to the max displacement cap of +/-500 sites, +/-100 rows near walls.
[INFO DPL-1104] NegotiationLegalizer DRC penalty: 5.
[INFO DPL-0392] Negotiation cell height distribution (1 unique row-count(s)):
[INFO DPL-0393]   height 1 row(s): 25844 cells
          |      Total |  Illegal |  Illegal
Iteration | Violations |    Cells |    Sites
---------------------------------------------
        0 |         62 |        14 |        48
        1 |          4 |         2 |         2
        2 |          0 |         0 |         0
Negotiation phase 1 converged at iteration 2.
[INFO DPL-0500] Runtime: 0.43s
[INFO GRT-0015] Inserted 567 diodes.
[INFO GRT-0012] Found 31 antenna violations.
[INFO GRT-0302] Inserted 75 jumpers for 27 nets.
[INFO GRT-0012] Found 13 antenna violations.
[WARNING GRT-0243] Unable to repair antennas on net with diodes.
[INFO DPL-0006] Core area: 449380.99 um^2
[INFO DPL-0007] Movable instances area: 222096.76 um^2
[INFO DPL-0008] Fixed instances area within core: 7628.57 um^2
[INFO DPL-0009] Utilization: 51.1%
[INFO DPL-0005] Diamond search max displacement: +/- 500 sites horizontally, +/- 100 rows vertically.
[INFO DPL-1102] Legalizing using negotiation legalizer.
[INFO DPL-1103] Negotiation base search window: +/-20 sites horizontally, +/-5 rows vertically 
	Automatic search window extension enabled.
	Search window extendable up to the max displacement cap of +/-500 sites, +/-100 rows near walls.
[INFO DPL-1104] NegotiationLegalizer DRC penalty: 5.
[INFO DPL-0392] Negotiation cell height distribution (1 unique row-count(s)):
[INFO DPL-0393]   height 1 row(s): 25866 cells
          |      Total |  Illegal |  Illegal
Iteration | Violations |    Cells |    Sites
---------------------------------------------
        0 |          0 |         0 |         0
Negotiation phase 1 converged at iteration 0.
[INFO DPL-0500] Runtime: 0.29s
[INFO GRT-0015] Inserted 22 diodes.
[INFO GRT-0012] Found 11 antenna violations.
[INFO GRT-0302] Inserted 19 jumpers for 10 nets.
[INFO GRT-0012] Found 4 antenna violations.
[INFO DPL-0006] Core area: 449380.99 um^2
[INFO DPL-0007] Movable instances area: 222198.11 um^2
[INFO DPL-0008] Fixed instances area within core: 7562.25 um^2
[INFO DPL-0009] Utilization: 51.1%
[INFO DPL-0005] Diamond search max displacement: +/- 500 sites horizontally, +/- 100 rows vertically.
[INFO DPL-1102] Legalizing using negotiation legalizer.
[INFO DPL-1103] Negotiation base search window: +/-20 sites horizontally, +/-5 rows vertically 
	Automatic search window extension enabled.
	Search window extendable up to the max displacement cap of +/-500 sites, +/-100 rows near walls.
[INFO DPL-1104] NegotiationLegalizer DRC penalty: 5.
[INFO DPL-0392] Negotiation cell height distribution (1 unique row-count(s)):
[INFO DPL-0393]   height 1 row(s): 25880 cells
          |      Total |  Illegal |  Illegal
Iteration | Violations |    Cells |    Sites
---------------------------------------------
        0 |         10 |         2 |         8
        1 |          0 |         0 |         0
Negotiation phase 1 converged at iteration 1.
[INFO DPL-0500] Runtime: 0.55s
[INFO GRT-0015] Inserted 14 diodes.
[INFO GRT-0012] Found 4 antenna violations.
[INFO GRT-0302] Inserted 9 jumpers for 3 nets.
[INFO GRT-0012] Found 1 antenna violations.
[INFO DPL-0006] Core area: 449380.99 um^2
[INFO DPL-0007] Movable instances area: 222303.21 um^2
[INFO DPL-0008] Fixed instances area within core: 7459.65 um^2
[INFO DPL-0009] Utilization: 51.1%
[INFO DPL-0005] Diamond search max displacement: +/- 500 sites horizontally, +/- 100 rows vertically.
[INFO DPL-1102] Legalizing using negotiation legalizer.
[INFO DPL-1103] Negotiation base search window: +/-20 sites horizontally, +/-5 rows vertically 
	Automatic search window extension enabled.
	Search window extendable up to the max displacement cap of +/-500 sites, +/-100 rows near walls.
[INFO DPL-1104] NegotiationLegalizer DRC penalty: 5.
[INFO DPL-0392] Negotiation cell height distribution (1 unique row-count(s)):
[INFO DPL-0393]   height 1 row(s): 25881 cells
          |      Total |  Illegal |  Illegal
Iteration | Violations |    Cells |    Sites
---------------------------------------------
        0 |          0 |         0 |         0
Negotiation phase 1 converged at iteration 0.
[INFO DPL-0500] Runtime: 0.70s
[INFO GRT-0015] Inserted 1 diodes.
[INFO GRT-0012] Found 0 antenna violations.
[INFO ANT-0002] Found 0 net violations.
[INFO ANT-0001] Found 0 pin violations.
Estimate parasitics...
estimate_parasitics -global_routing
Report metrics stage 5, global route...

==========================================================================
global route report_design_area
--------------------------------------------------------------------------
Design area 229763 um^2 51% utilization.
[INFO FLW-0007] clock clk period 20.000000
[INFO FLW-0008] Clock clk period 12.835
[INFO FLW-0009] Clock clk slack 6.489
write_sdc -no_timestamp /root/cac_runs/keccak_s7_20ns_ant10/results/sky130hd/cac_keccak_s7_20ns/base/updated_clks.sdc
[INFO FLW-0011] Path endpoint path count 8082
write_db /root/cac_runs/keccak_s7_20ns_ant10/results/sky130hd/cac_keccak_s7_20ns/base/5_1_grt.odb
write_sdc -no_timestamp /root/cac_runs/keccak_s7_20ns_ant10/results/sky130hd/cac_keccak_s7_20ns/base/5_1_grt.sdc
Elapsed time: 4:41.61[h:]min:sec. CPU time: user 858.06 sys 1.16 (305%). Peak memory: 805832KB.
Log                       Ext     Elapsed/s Peak Memory/MB sha1sum result [0:20)
5_1_grt                   .odb          281            786 0f731ccd4208cc3ae6a8
5_1_grt                   .sdc                             61245efe78aa935ab6e5
