
==========================================================================
global place report_tns
--------------------------------------------------------------------------
tns max 0.00

==========================================================================
global place report_wns
--------------------------------------------------------------------------
wns max 0.00

==========================================================================
global place report_worst_slack
--------------------------------------------------------------------------
worst slack max 0.49

==========================================================================
global place report_clock_min_period
--------------------------------------------------------------------------
clk period_min = 11.51 fmax = 86.85

==========================================================================
global place report_checks -path_delay min
--------------------------------------------------------------------------
Startpoint: st[9]$_DFF_PN0_ (rising edge-triggered flip-flop clocked by clk)
Endpoint: st[5]$_DFF_PN0_ (rising edge-triggered flip-flop clocked by clk)
Path Group: clk
Path Type: min

Fanout     Cap    Slew   Delay    Time   Description
-----------------------------------------------------------------------------
                  0.00    0.00    0.00   clock clk (rise edge)
                          0.00    0.00   clock network delay (ideal)
                  0.00    0.00    0.00 ^ st[9]$_DFF_PN0_/CLK (sky130_fd_sc_hd__dfrtp_1)
     2    0.01    0.08    0.33    0.33 ^ st[9]$_DFF_PN0_/Q (sky130_fd_sc_hd__dfrtp_1)
                                         st[9] (net)
                  0.08    0.00    0.33 ^ st[5]$_DFF_PN0_/D (sky130_fd_sc_hd__dfrtp_1)
                                  0.33   data arrival time

                  0.00    0.00    0.00   clock clk (rise edge)
                          0.00    0.00   clock network delay (ideal)
                          0.25    0.25   clock uncertainty
                          0.00    0.25   clock reconvergence pessimism
                                  0.25 ^ st[5]$_DFF_PN0_/CLK (sky130_fd_sc_hd__dfrtp_1)
                         -0.05    0.20   library hold time
                                  0.20   data required time
-----------------------------------------------------------------------------
                                  0.20   data required time
                                 -0.33   data arrival time
-----------------------------------------------------------------------------
                                  0.13   slack (MET)



==========================================================================
global place report_checks -path_delay max
--------------------------------------------------------------------------
Startpoint: product_q[14]$_DFFE_PN0P_
            (rising edge-triggered flip-flop clocked by clk)
Endpoint: mul_reduced_q[1]$_DFFE_PN0P_
          (rising edge-triggered flip-flop clocked by clk)
Path Group: clk
Path Type: max

Fanout     Cap    Slew   Delay    Time   Description
-----------------------------------------------------------------------------
                  0.00    0.00    0.00   clock clk (rise edge)
                          0.00    0.00   clock network delay (ideal)
                  0.00    0.00    0.00 ^ product_q[14]$_DFFE_PN0P_/CLK (sky130_fd_sc_hd__dfrtp_1)
     7    0.06    0.54    0.66    0.66 ^ product_q[14]$_DFFE_PN0P_/Q (sky130_fd_sc_hd__dfrtp_1)
                                         g_b1.u_red.a[14] (net)
                  0.54    0.01    0.67 ^ _5953_/B (sky130_fd_sc_hd__fa_1)
     2    0.01    0.12    0.56    1.23 v _5953_/SUM (sky130_fd_sc_hd__fa_1)
                                         _2705_ (net)
                  0.12    0.00    1.23 v _5846_/B (sky130_fd_sc_hd__fa_1)
     1    0.01    0.12    0.53    1.76 v _5846_/SUM (sky130_fd_sc_hd__fa_1)
                                         _2708_ (net)
                  0.12    0.00    1.76 v _5931_/A (sky130_fd_sc_hd__fa_1)
     1    0.01    0.10    0.53    2.29 v _5931_/SUM (sky130_fd_sc_hd__fa_1)
                                         _2986_ (net)
                  0.10    0.00    2.29 v _6083_/A (sky130_fd_sc_hd__fa_1)
     1    0.01    0.11    0.60    2.89 ^ _6083_/SUM (sky130_fd_sc_hd__fa_1)
                                         _2920_ (net)
                  0.11    0.00    2.89 ^ _5909_/B (sky130_fd_sc_hd__fa_1)
     1    0.00    0.08    0.43    3.32 v _5909_/SUM (sky130_fd_sc_hd__fa_1)
                                         _2923_ (net)
                  0.08    0.00    3.32 v _6239_/A (sky130_fd_sc_hd__ha_1)
     2    0.01    0.07    0.32    3.64 v _6239_/SUM (sky130_fd_sc_hd__ha_1)
                                         _0410_ (net)
                  0.07    0.00    3.64 v _3620_/A1 (sky130_fd_sc_hd__a21oi_1)
     1    0.01    0.16    0.17    3.81 ^ _3620_/Y (sky130_fd_sc_hd__a21oi_1)
                                         _0920_ (net)
                  0.16    0.00    3.81 ^ _3623_/A1 (sky130_fd_sc_hd__o21ai_0)
     2    0.01    0.15    0.18    3.99 v _3623_/Y (sky130_fd_sc_hd__o21ai_0)
                                         _0923_ (net)
                  0.15    0.00    3.99 v _3624_/C1 (sky130_fd_sc_hd__a211oi_1)
     2    0.02    0.58    0.51    4.50 ^ _3624_/Y (sky130_fd_sc_hd__a211oi_1)
                                         _0924_ (net)
                  0.58    0.00    4.50 ^ _4544_/A2 (sky130_fd_sc_hd__a21oi_1)
     2    0.01    0.14    0.20    4.69 v _4544_/Y (sky130_fd_sc_hd__a21oi_1)
                                         _1565_ (net)
                  0.14    0.00    4.69 v _4545_/A2 (sky130_fd_sc_hd__o211ai_1)
     1    0.00    0.17    0.21    4.90 ^ _4545_/Y (sky130_fd_sc_hd__o211ai_1)
                                         _1566_ (net)
                  0.17    0.00    4.90 ^ _4549_/A (sky130_fd_sc_hd__nand2_1)
     1    0.01    0.07    0.09    5.00 v _4549_/Y (sky130_fd_sc_hd__nand2_1)
                                         _1570_ (net)
                  0.07    0.00    5.00 v _4550_/B (sky130_fd_sc_hd__xnor2_1)
     2    0.02    0.37    0.33    5.33 ^ _4550_/Y (sky130_fd_sc_hd__xnor2_1)
                                         _0113_ (net)
                  0.37    0.00    5.33 ^ _4551_/A (sky130_fd_sc_hd__inv_1)
     5    0.03    0.18    0.24    5.57 v _4551_/Y (sky130_fd_sc_hd__inv_1)
                                         g_b1.u_red.prod[24] (net)
                  0.18    0.00    5.57 v _5995_/A (sky130_fd_sc_hd__fa_1)
     2    0.01    0.10    0.61    6.18 ^ _5995_/SUM (sky130_fd_sc_hd__fa_1)
                                         _0112_ (net)
                  0.10    0.00    6.18 ^ _4115_/A (sky130_fd_sc_hd__inv_1)
     2    0.01    0.05    0.07    6.26 v _4115_/Y (sky130_fd_sc_hd__inv_1)
                                         _0115_ (net)
                  0.05    0.00    6.26 v _5997_/CIN (sky130_fd_sc_hd__fa_1)
     2    0.01    0.10    0.52    6.77 ^ _5997_/SUM (sky130_fd_sc_hd__fa_1)
                                         _0116_ (net)
                  0.10    0.00    6.77 ^ _4067_/A (sky130_fd_sc_hd__inv_1)
     1    0.00    0.04    0.06    6.83 v _4067_/Y (sky130_fd_sc_hd__inv_1)
                                         _0518_ (net)
                  0.04    0.00    6.83 v _6313_/B (sky130_fd_sc_hd__ha_1)
     1    0.00    0.06    0.27    7.10 v _6313_/SUM (sky130_fd_sc_hd__ha_1)
                                         _3500_ (net)
                  0.06    0.00    7.10 v _6466_/B (sky130_fd_sc_hd__ha_1)
     4    0.01    0.14    0.35    7.45 ^ _6466_/SUM (sky130_fd_sc_hd__ha_1)
                                         _0233_ (net)
                  0.14    0.00    7.45 ^ _3659_/A (sky130_fd_sc_hd__inv_1)
     3    0.01    0.08    0.10    7.55 v _3659_/Y (sky130_fd_sc_hd__inv_1)
                                         g_b1.u_red.r0[0] (net)
                  0.08    0.00    7.55 v _6110_/B (sky130_fd_sc_hd__ha_1)
     2    0.01    0.05    0.20    7.75 v _6110_/COUT (sky130_fd_sc_hd__ha_1)
                                         _0235_ (net)
                  0.05    0.00    7.75 v _3601_/A (sky130_fd_sc_hd__or2_2)
     1    0.01    0.06    0.31    8.06 v _3601_/X (sky130_fd_sc_hd__or2_2)
                                         _0195_ (net)
                  0.06    0.00    8.06 v _6081_/CIN (sky130_fd_sc_hd__fa_1)
     3    0.01    0.12    0.44    8.50 v _6081_/COUT (sky130_fd_sc_hd__fa_1)
                                         _0196_ (net)
                  0.12    0.00    8.50 v _5360_/A1 (sky130_fd_sc_hd__a211oi_2)
     2    0.01    0.25    0.28    8.78 ^ _5360_/Y (sky130_fd_sc_hd__a211oi_2)
                                         _2242_ (net)
                  0.25    0.00    8.78 ^ _5459_/A (sky130_fd_sc_hd__nor2_1)
     3    0.01    0.08    0.12    8.89 v _5459_/Y (sky130_fd_sc_hd__nor2_1)
                                         _2341_ (net)
                  0.08    0.00    8.89 v _5478_/C (sky130_fd_sc_hd__or3_1)
     1    0.01    0.10    0.36    9.25 v _5478_/X (sky130_fd_sc_hd__or3_1)
                                         _2360_ (net)
                  0.10    0.00    9.25 v _5479_/B (sky130_fd_sc_hd__xnor2_2)
     4    0.02    0.27    0.26    9.51 ^ _5479_/Y (sky130_fd_sc_hd__xnor2_2)
                                         _2361_ (net)
                  0.27    0.00    9.51 ^ _5480_/C (sky130_fd_sc_hd__nand3_1)
     4    0.01    0.20    0.17    9.68 v _5480_/Y (sky130_fd_sc_hd__nand3_1)
                                         _2362_ (net)
                  0.20    0.00    9.68 v _5484_/C (sky130_fd_sc_hd__or4_1)
     1    0.01    0.13    0.58   10.26 v _5484_/X (sky130_fd_sc_hd__or4_1)
                                         _2366_ (net)
                  0.13    0.00   10.26 v _5503_/A2 (sky130_fd_sc_hd__a41oi_4)
     2    0.01    0.17    0.21   10.47 ^ _5503_/Y (sky130_fd_sc_hd__a41oi_4)
                                         _2385_ (net)
                  0.17    0.00   10.47 ^ _5521_/B (sky130_fd_sc_hd__nand3_2)
     1    0.00    0.08    0.09   10.56 v _5521_/Y (sky130_fd_sc_hd__nand3_2)
                                         _2403_ (net)
                  0.08    0.00   10.56 v place188/A (sky130_fd_sc_hd__buf_4)
    11    0.04    0.07    0.19   10.75 v place188/X (sky130_fd_sc_hd__buf_4)
                                         net187 (net)
                  0.07    0.00   10.75 v _5577_/S (sky130_fd_sc_hd__mux2_4)
     1    0.01    0.06    0.31   11.06 v _5577_/X (sky130_fd_sc_hd__mux2_4)
                                         _2450_ (net)
                  0.06    0.00   11.06 v _5579_/A2 (sky130_fd_sc_hd__a21oi_2)
     1    0.00    0.08    0.12   11.19 ^ _5579_/Y (sky130_fd_sc_hd__a21oi_2)
                                         _0857_ (net)
                  0.08    0.00   11.19 ^ mul_reduced_q[1]$_DFFE_PN0P_/D (sky130_fd_sc_hd__dfrtp_1)
                                 11.19   data arrival time

                  0.00   12.00   12.00   clock clk (rise edge)
                          0.00   12.00   clock network delay (ideal)
                         -0.25   11.75   clock uncertainty
                          0.00   11.75   clock reconvergence pessimism
                                 11.75 ^ mul_reduced_q[1]$_DFFE_PN0P_/CLK (sky130_fd_sc_hd__dfrtp_1)
                         -0.07   11.68   library setup time
                                 11.68   data required time
-----------------------------------------------------------------------------
                                 11.68   data required time
                                -11.19   data arrival time
-----------------------------------------------------------------------------
                                  0.49   slack (MET)



==========================================================================
global place report_checks -unconstrained
--------------------------------------------------------------------------
Startpoint: product_q[14]$_DFFE_PN0P_
            (rising edge-triggered flip-flop clocked by clk)
Endpoint: mul_reduced_q[1]$_DFFE_PN0P_
          (rising edge-triggered flip-flop clocked by clk)
Path Group: clk
Path Type: max

Fanout     Cap    Slew   Delay    Time   Description
-----------------------------------------------------------------------------
                  0.00    0.00    0.00   clock clk (rise edge)
                          0.00    0.00   clock network delay (ideal)
                  0.00    0.00    0.00 ^ product_q[14]$_DFFE_PN0P_/CLK (sky130_fd_sc_hd__dfrtp_1)
     7    0.06    0.54    0.66    0.66 ^ product_q[14]$_DFFE_PN0P_/Q (sky130_fd_sc_hd__dfrtp_1)
                                         g_b1.u_red.a[14] (net)
                  0.54    0.01    0.67 ^ _5953_/B (sky130_fd_sc_hd__fa_1)
     2    0.01    0.12    0.56    1.23 v _5953_/SUM (sky130_fd_sc_hd__fa_1)
                                         _2705_ (net)
                  0.12    0.00    1.23 v _5846_/B (sky130_fd_sc_hd__fa_1)
     1    0.01    0.12    0.53    1.76 v _5846_/SUM (sky130_fd_sc_hd__fa_1)
                                         _2708_ (net)
                  0.12    0.00    1.76 v _5931_/A (sky130_fd_sc_hd__fa_1)
     1    0.01    0.10    0.53    2.29 v _5931_/SUM (sky130_fd_sc_hd__fa_1)
                                         _2986_ (net)
                  0.10    0.00    2.29 v _6083_/A (sky130_fd_sc_hd__fa_1)
     1    0.01    0.11    0.60    2.89 ^ _6083_/SUM (sky130_fd_sc_hd__fa_1)
                                         _2920_ (net)
                  0.11    0.00    2.89 ^ _5909_/B (sky130_fd_sc_hd__fa_1)
     1    0.00    0.08    0.43    3.32 v _5909_/SUM (sky130_fd_sc_hd__fa_1)
                                         _2923_ (net)
                  0.08    0.00    3.32 v _6239_/A (sky130_fd_sc_hd__ha_1)
     2    0.01    0.07    0.32    3.64 v _6239_/SUM (sky130_fd_sc_hd__ha_1)
                                         _0410_ (net)
                  0.07    0.00    3.64 v _3620_/A1 (sky130_fd_sc_hd__a21oi_1)
     1    0.01    0.16    0.17    3.81 ^ _3620_/Y (sky130_fd_sc_hd__a21oi_1)
                                         _0920_ (net)
                  0.16    0.00    3.81 ^ _3623_/A1 (sky130_fd_sc_hd__o21ai_0)
     2    0.01    0.15    0.18    3.99 v _3623_/Y (sky130_fd_sc_hd__o21ai_0)
                                         _0923_ (net)
                  0.15    0.00    3.99 v _3624_/C1 (sky130_fd_sc_hd__a211oi_1)
     2    0.02    0.58    0.51    4.50 ^ _3624_/Y (sky130_fd_sc_hd__a211oi_1)
                                         _0924_ (net)
                  0.58    0.00    4.50 ^ _4544_/A2 (sky130_fd_sc_hd__a21oi_1)
     2    0.01    0.14    0.20    4.69 v _4544_/Y (sky130_fd_sc_hd__a21oi_1)
                                         _1565_ (net)
                  0.14    0.00    4.69 v _4545_/A2 (sky130_fd_sc_hd__o211ai_1)
     1    0.00    0.17    0.21    4.90 ^ _4545_/Y (sky130_fd_sc_hd__o211ai_1)
                                         _1566_ (net)
                  0.17    0.00    4.90 ^ _4549_/A (sky130_fd_sc_hd__nand2_1)
     1    0.01    0.07    0.09    5.00 v _4549_/Y (sky130_fd_sc_hd__nand2_1)
                                         _1570_ (net)
                  0.07    0.00    5.00 v _4550_/B (sky130_fd_sc_hd__xnor2_1)
     2    0.02    0.37    0.33    5.33 ^ _4550_/Y (sky130_fd_sc_hd__xnor2_1)
                                         _0113_ (net)
                  0.37    0.00    5.33 ^ _4551_/A (sky130_fd_sc_hd__inv_1)
     5    0.03    0.18    0.24    5.57 v _4551_/Y (sky130_fd_sc_hd__inv_1)
                                         g_b1.u_red.prod[24] (net)
                  0.18    0.00    5.57 v _5995_/A (sky130_fd_sc_hd__fa_1)
     2    0.01    0.10    0.61    6.18 ^ _5995_/SUM (sky130_fd_sc_hd__fa_1)
                                         _0112_ (net)
                  0.10    0.00    6.18 ^ _4115_/A (sky130_fd_sc_hd__inv_1)
     2    0.01    0.05    0.07    6.26 v _4115_/Y (sky130_fd_sc_hd__inv_1)
                                         _0115_ (net)
                  0.05    0.00    6.26 v _5997_/CIN (sky130_fd_sc_hd__fa_1)
     2    0.01    0.10    0.52    6.77 ^ _5997_/SUM (sky130_fd_sc_hd__fa_1)
                                         _0116_ (net)
                  0.10    0.00    6.77 ^ _4067_/A (sky130_fd_sc_hd__inv_1)
     1    0.00    0.04    0.06    6.83 v _4067_/Y (sky130_fd_sc_hd__inv_1)
                                         _0518_ (net)
                  0.04    0.00    6.83 v _6313_/B (sky130_fd_sc_hd__ha_1)
     1    0.00    0.06    0.27    7.10 v _6313_/SUM (sky130_fd_sc_hd__ha_1)
                                         _3500_ (net)
                  0.06    0.00    7.10 v _6466_/B (sky130_fd_sc_hd__ha_1)
     4    0.01    0.14    0.35    7.45 ^ _6466_/SUM (sky130_fd_sc_hd__ha_1)
                                         _0233_ (net)
                  0.14    0.00    7.45 ^ _3659_/A (sky130_fd_sc_hd__inv_1)
     3    0.01    0.08    0.10    7.55 v _3659_/Y (sky130_fd_sc_hd__inv_1)
                                         g_b1.u_red.r0[0] (net)
                  0.08    0.00    7.55 v _6110_/B (sky130_fd_sc_hd__ha_1)
     2    0.01    0.05    0.20    7.75 v _6110_/COUT (sky130_fd_sc_hd__ha_1)
                                         _0235_ (net)
                  0.05    0.00    7.75 v _3601_/A (sky130_fd_sc_hd__or2_2)
     1    0.01    0.06    0.31    8.06 v _3601_/X (sky130_fd_sc_hd__or2_2)
                                         _0195_ (net)
                  0.06    0.00    8.06 v _6081_/CIN (sky130_fd_sc_hd__fa_1)
     3    0.01    0.12    0.44    8.50 v _6081_/COUT (sky130_fd_sc_hd__fa_1)
                                         _0196_ (net)
                  0.12    0.00    8.50 v _5360_/A1 (sky130_fd_sc_hd__a211oi_2)
     2    0.01    0.25    0.28    8.78 ^ _5360_/Y (sky130_fd_sc_hd__a211oi_2)
                                         _2242_ (net)
                  0.25    0.00    8.78 ^ _5459_/A (sky130_fd_sc_hd__nor2_1)
     3    0.01    0.08    0.12    8.89 v _5459_/Y (sky130_fd_sc_hd__nor2_1)
                                         _2341_ (net)
                  0.08    0.00    8.89 v _5478_/C (sky130_fd_sc_hd__or3_1)
     1    0.01    0.10    0.36    9.25 v _5478_/X (sky130_fd_sc_hd__or3_1)
                                         _2360_ (net)
                  0.10    0.00    9.25 v _5479_/B (sky130_fd_sc_hd__xnor2_2)
     4    0.02    0.27    0.26    9.51 ^ _5479_/Y (sky130_fd_sc_hd__xnor2_2)
                                         _2361_ (net)
                  0.27    0.00    9.51 ^ _5480_/C (sky130_fd_sc_hd__nand3_1)
     4    0.01    0.20    0.17    9.68 v _5480_/Y (sky130_fd_sc_hd__nand3_1)
                                         _2362_ (net)
                  0.20    0.00    9.68 v _5484_/C (sky130_fd_sc_hd__or4_1)
     1    0.01    0.13    0.58   10.26 v _5484_/X (sky130_fd_sc_hd__or4_1)
                                         _2366_ (net)
                  0.13    0.00   10.26 v _5503_/A2 (sky130_fd_sc_hd__a41oi_4)
     2    0.01    0.17    0.21   10.47 ^ _5503_/Y (sky130_fd_sc_hd__a41oi_4)
                                         _2385_ (net)
                  0.17    0.00   10.47 ^ _5521_/B (sky130_fd_sc_hd__nand3_2)
     1    0.00    0.08    0.09   10.56 v _5521_/Y (sky130_fd_sc_hd__nand3_2)
                                         _2403_ (net)
                  0.08    0.00   10.56 v place188/A (sky130_fd_sc_hd__buf_4)
    11    0.04    0.07    0.19   10.75 v place188/X (sky130_fd_sc_hd__buf_4)
                                         net187 (net)
                  0.07    0.00   10.75 v _5577_/S (sky130_fd_sc_hd__mux2_4)
     1    0.01    0.06    0.31   11.06 v _5577_/X (sky130_fd_sc_hd__mux2_4)
                                         _2450_ (net)
                  0.06    0.00   11.06 v _5579_/A2 (sky130_fd_sc_hd__a21oi_2)
     1    0.00    0.08    0.12   11.19 ^ _5579_/Y (sky130_fd_sc_hd__a21oi_2)
                                         _0857_ (net)
                  0.08    0.00   11.19 ^ mul_reduced_q[1]$_DFFE_PN0P_/D (sky130_fd_sc_hd__dfrtp_1)
                                 11.19   data arrival time

                  0.00   12.00   12.00   clock clk (rise edge)
                          0.00   12.00   clock network delay (ideal)
                         -0.25   11.75   clock uncertainty
                          0.00   11.75   clock reconvergence pessimism
                                 11.75 ^ mul_reduced_q[1]$_DFFE_PN0P_/CLK (sky130_fd_sc_hd__dfrtp_1)
                         -0.07   11.68   library setup time
                                 11.68   data required time
-----------------------------------------------------------------------------
                                 11.68   data required time
                                -11.19   data arrival time
-----------------------------------------------------------------------------
                                  0.49   slack (MET)



==========================================================================
global place report_power
--------------------------------------------------------------------------
Group                  Internal  Switching    Leakage      Total
                          Power      Power      Power      Power (Watts)
----------------------------------------------------------------
Sequential             6.21e-04   0.00e+00   2.48e-09   6.21e-04   0.0%
Combinational          1.62e-05   3.66e-05   1.29e-08   5.28e-05   0.0%
Clock                  0.00e+00   0.00e+00   0.00e+00   0.00e+00   0.0%
Macro                  6.46e+06   0.00e+00   4.55e-06   6.46e+06 100.0%
Pad                    0.00e+00   0.00e+00   0.00e+00   0.00e+00   0.0%
----------------------------------------------------------------
Total                  6.46e+06   3.66e-05   4.56e-06   6.46e+06 100.0%
                         100.0%       0.0%       0.0%
