
==========================================================================
resizer report_tns
--------------------------------------------------------------------------
tns max 0.00

==========================================================================
resizer report_wns
--------------------------------------------------------------------------
wns max 0.00

==========================================================================
resizer report_worst_slack
--------------------------------------------------------------------------
worst slack max 0.46

==========================================================================
resizer report_clock_min_period
--------------------------------------------------------------------------
clk period_min = 11.54 fmax = 86.66

==========================================================================
resizer report_checks -path_delay min
--------------------------------------------------------------------------
Startpoint: st[9]$_DFF_PN0_ (rising edge-triggered flip-flop clocked by clk)
Endpoint: st[5]$_DFF_PN0_ (rising edge-triggered flip-flop clocked by clk)
Path Group: clk
Path Type: min

Fanout     Cap    Slew   Delay    Time   Description
-----------------------------------------------------------------------------
                  0.00    0.00    0.00   clock clk (rise edge)
                          0.00    0.00   clock network delay (ideal)
                  0.00    0.00    0.00 ^ st[9]$_DFF_PN0_/CLK (sky130_fd_sc_hd__dfrtp_1)
     2    0.01    0.08    0.33    0.33 ^ st[9]$_DFF_PN0_/Q (sky130_fd_sc_hd__dfrtp_1)
                                         st[9] (net)
                  0.08    0.00    0.33 ^ st[5]$_DFF_PN0_/D (sky130_fd_sc_hd__dfrtp_1)
                                  0.33   data arrival time

                  0.00    0.00    0.00   clock clk (rise edge)
                          0.00    0.00   clock network delay (ideal)
                          0.25    0.25   clock uncertainty
                          0.00    0.25   clock reconvergence pessimism
                                  0.25 ^ st[5]$_DFF_PN0_/CLK (sky130_fd_sc_hd__dfrtp_1)
                         -0.05    0.20   library hold time
                                  0.20   data required time
-----------------------------------------------------------------------------
                                  0.20   data required time
                                 -0.33   data arrival time
-----------------------------------------------------------------------------
                                  0.13   slack (MET)



==========================================================================
resizer report_checks -path_delay max
--------------------------------------------------------------------------
Startpoint: product_q[8]$_DFFE_PN0P_
            (rising edge-triggered flip-flop clocked by clk)
Endpoint: mul_reduced_q[1]$_DFFE_PN0P_
          (rising edge-triggered flip-flop clocked by clk)
Path Group: clk
Path Type: max

Fanout     Cap    Slew   Delay    Time   Description
-----------------------------------------------------------------------------
                  0.00    0.00    0.00   clock clk (rise edge)
                          0.00    0.00   clock network delay (ideal)
                  0.00    0.00    0.00 ^ product_q[8]$_DFFE_PN0P_/CLK (sky130_fd_sc_hd__dfrtp_1)
     8    0.07    0.59    0.69    0.69 ^ product_q[8]$_DFFE_PN0P_/Q (sky130_fd_sc_hd__dfrtp_1)
                                         g_b1.u_red.a[8] (net)
                  0.59    0.01    0.70 ^ _5891_/A (sky130_fd_sc_hd__fa_1)
     2    0.01    0.12    0.55    1.25 v _5891_/SUM (sky130_fd_sc_hd__fa_1)
                                         _2725_ (net)
                  0.12    0.00    1.25 v _5851_/B (sky130_fd_sc_hd__fa_1)
     1    0.01    0.10    0.51    1.77 v _5851_/SUM (sky130_fd_sc_hd__fa_1)
                                         _2728_ (net)
                  0.10    0.00    1.77 v _5936_/A (sky130_fd_sc_hd__fa_1)
     1    0.01    0.10    0.52    2.29 v _5936_/SUM (sky130_fd_sc_hd__fa_1)
                                         _2761_ (net)
                  0.10    0.00    2.29 v _5860_/A (sky130_fd_sc_hd__fa_1)
     1    0.01    0.09    0.58    2.87 ^ _5860_/SUM (sky130_fd_sc_hd__fa_1)
                                         _2765_ (net)
                  0.09    0.00    2.87 ^ _6054_/B (sky130_fd_sc_hd__fa_1)
     1    0.00    0.08    0.43    3.29 v _6054_/SUM (sky130_fd_sc_hd__fa_1)
                                         _3250_ (net)
                  0.08    0.00    3.30 v _6180_/A (sky130_fd_sc_hd__ha_1)
     2    0.01    0.07    0.32    3.62 v _6180_/SUM (sky130_fd_sc_hd__ha_1)
                                         _0338_ (net)
                  0.07    0.00    3.62 v _3608_/A1 (sky130_fd_sc_hd__a21oi_1)
     1    0.00    0.10    0.13    3.74 ^ _3608_/Y (sky130_fd_sc_hd__a21oi_1)
                                         _0908_ (net)
                  0.10    0.00    3.74 ^ _3609_/A (sky130_fd_sc_hd__nor2b_1)
     1    0.00    0.04    0.06    3.80 v _3609_/Y (sky130_fd_sc_hd__nor2b_1)
                                         _0909_ (net)
                  0.04    0.00    3.80 v _3614_/A3 (sky130_fd_sc_hd__o41ai_1)
     1    0.01    0.58    0.55    4.35 ^ _3614_/Y (sky130_fd_sc_hd__o41ai_1)
                                         _0914_ (net)
                  0.58    0.00    4.35 ^ place199/A (sky130_fd_sc_hd__buf_4)
     2    0.01    0.05    0.22    4.57 ^ place199/X (sky130_fd_sc_hd__buf_4)
                                         net198 (net)
                  0.05    0.00    4.57 ^ _3632_/A1 (sky130_fd_sc_hd__a211oi_1)
     3    0.01    0.15    0.10    4.67 v _3632_/Y (sky130_fd_sc_hd__a211oi_1)
                                         _0932_ (net)
                  0.15    0.00    4.67 v _3644_/A1 (sky130_fd_sc_hd__o21ai_0)
     3    0.01    0.38    0.38    5.05 ^ _3644_/Y (sky130_fd_sc_hd__o21ai_0)
                                         _0941_ (net)
                  0.38    0.00    5.05 ^ _3650_/A1 (sky130_fd_sc_hd__a31oi_1)
     3    0.01    0.19    0.24    5.29 v _3650_/Y (sky130_fd_sc_hd__a31oi_1)
                                         _0947_ (net)
                  0.19    0.00    5.29 v _3655_/A1 (sky130_fd_sc_hd__a211oi_1)
     2    0.01    0.39    0.41    5.70 ^ _3655_/Y (sky130_fd_sc_hd__a211oi_1)
                                         _0952_ (net)
                  0.39    0.00    5.70 ^ _3656_/A2 (sky130_fd_sc_hd__o21bai_1)
     2    0.01    0.11    0.16    5.86 v _3656_/Y (sky130_fd_sc_hd__o21bai_1)
                                         _0953_ (net)
                  0.11    0.00    5.86 v _3657_/A2 (sky130_fd_sc_hd__a21oi_1)
     2    0.01    0.24    0.27    6.13 ^ _3657_/Y (sky130_fd_sc_hd__a21oi_1)
                                         _0954_ (net)
                  0.24    0.00    6.13 ^ _3658_/B (sky130_fd_sc_hd__xnor2_1)
     2    0.03    0.56    0.32    6.44 ^ _3658_/Y (sky130_fd_sc_hd__xnor2_1)
                                         g_b1.u_red.prod[36] (net)
                  0.56    0.00    6.45 ^ _6445_/A (sky130_fd_sc_hd__ha_1)
     1    0.00    0.06    0.34    6.78 v _6445_/SUM (sky130_fd_sc_hd__ha_1)
                                         _3559_ (net)
                  0.06    0.00    6.78 v _6473_/A (sky130_fd_sc_hd__ha_1)
     1    0.02    0.11    0.36    7.14 v _6473_/SUM (sky130_fd_sc_hd__ha_1)
                                         _3081_ (net)
                  0.11    0.00    7.14 v _5981_/A (sky130_fd_sc_hd__fa_1)
     1    0.00    0.07    0.56    7.70 ^ _5981_/SUM (sky130_fd_sc_hd__fa_1)
                                         _0080_ (net)
                  0.07    0.00    7.70 ^ _4118_/A (sky130_fd_sc_hd__inv_1)
     1    0.01    0.04    0.06    7.76 v _4118_/Y (sky130_fd_sc_hd__inv_1)
                                         _0091_ (net)
                  0.04    0.00    7.76 v _5986_/B (sky130_fd_sc_hd__fa_1)
     1    0.00    0.08    0.39    8.15 v _5986_/COUT (sky130_fd_sc_hd__fa_1)
                                         _3090_ (net)
                  0.08    0.00    8.15 v _6106_/B (sky130_fd_sc_hd__ha_1)
     8    0.03    0.15    0.39    8.55 v _6106_/SUM (sky130_fd_sc_hd__ha_1)
                                         _0226_ (net)
                  0.15    0.00    8.55 v _5371_/A1 (sky130_fd_sc_hd__a21oi_2)
     4    0.01    0.16    0.22    8.77 ^ _5371_/Y (sky130_fd_sc_hd__a21oi_2)
                                         _2253_ (net)
                  0.16    0.00    8.77 ^ _5429_/A1 (sky130_fd_sc_hd__o211ai_1)
     1    0.01    0.10    0.14    8.90 v _5429_/Y (sky130_fd_sc_hd__o211ai_1)
                                         _2311_ (net)
                  0.10    0.00    8.90 v _5430_/B (sky130_fd_sc_hd__xor2_1)
     1    0.00    0.07    0.16    9.06 v _5430_/X (sky130_fd_sc_hd__xor2_1)
                                         _2312_ (net)
                  0.07    0.00    9.06 v _5431_/C (sky130_fd_sc_hd__or3_1)
     1    0.00    0.06    0.30    9.36 v _5431_/X (sky130_fd_sc_hd__or3_1)
                                         _2313_ (net)
                  0.06    0.00    9.36 v _5432_/A1 (sky130_fd_sc_hd__mux2_2)
     1    0.00    0.05    0.27    9.63 v _5432_/X (sky130_fd_sc_hd__mux2_2)
                                         _2314_ (net)
                  0.05    0.00    9.63 v _5447_/C (sky130_fd_sc_hd__or4_4)
     1    0.01    0.09    0.50   10.13 v _5447_/X (sky130_fd_sc_hd__or4_4)
                                         _2329_ (net)
                  0.09    0.00   10.13 v _5454_/C (sky130_fd_sc_hd__nor4_4)
     2    0.02    0.32    0.33   10.46 ^ _5454_/Y (sky130_fd_sc_hd__nor4_4)
                                         _2336_ (net)
                  0.32    0.00   10.46 ^ _5521_/A (sky130_fd_sc_hd__nand3_2)
     2    0.01    0.10    0.12   10.58 v _5521_/Y (sky130_fd_sc_hd__nand3_2)
                                         _2403_ (net)
                  0.10    0.00   10.58 v place178/A (sky130_fd_sc_hd__buf_4)
     7    0.03    0.06    0.19   10.77 v place178/X (sky130_fd_sc_hd__buf_4)
                                         net177 (net)
                  0.06    0.00   10.77 v _5577_/S (sky130_fd_sc_hd__mux2_4)
     1    0.01    0.06    0.32   11.09 v _5577_/X (sky130_fd_sc_hd__mux2_4)
                                         _2450_ (net)
                  0.06    0.00   11.09 v _5579_/A2 (sky130_fd_sc_hd__a21oi_2)
     1    0.00    0.08    0.13   11.21 ^ _5579_/Y (sky130_fd_sc_hd__a21oi_2)
                                         _0857_ (net)
                  0.08    0.00   11.21 ^ mul_reduced_q[1]$_DFFE_PN0P_/D (sky130_fd_sc_hd__dfrtp_1)
                                 11.21   data arrival time

                  0.00   12.00   12.00   clock clk (rise edge)
                          0.00   12.00   clock network delay (ideal)
                         -0.25   11.75   clock uncertainty
                          0.00   11.75   clock reconvergence pessimism
                                 11.75 ^ mul_reduced_q[1]$_DFFE_PN0P_/CLK (sky130_fd_sc_hd__dfrtp_1)
                         -0.08   11.67   library setup time
                                 11.67   data required time
-----------------------------------------------------------------------------
                                 11.67   data required time
                                -11.21   data arrival time
-----------------------------------------------------------------------------
                                  0.46   slack (MET)



==========================================================================
resizer report_checks -unconstrained
--------------------------------------------------------------------------
Startpoint: product_q[8]$_DFFE_PN0P_
            (rising edge-triggered flip-flop clocked by clk)
Endpoint: mul_reduced_q[1]$_DFFE_PN0P_
          (rising edge-triggered flip-flop clocked by clk)
Path Group: clk
Path Type: max

Fanout     Cap    Slew   Delay    Time   Description
-----------------------------------------------------------------------------
                  0.00    0.00    0.00   clock clk (rise edge)
                          0.00    0.00   clock network delay (ideal)
                  0.00    0.00    0.00 ^ product_q[8]$_DFFE_PN0P_/CLK (sky130_fd_sc_hd__dfrtp_1)
     8    0.07    0.59    0.69    0.69 ^ product_q[8]$_DFFE_PN0P_/Q (sky130_fd_sc_hd__dfrtp_1)
                                         g_b1.u_red.a[8] (net)
                  0.59    0.01    0.70 ^ _5891_/A (sky130_fd_sc_hd__fa_1)
     2    0.01    0.12    0.55    1.25 v _5891_/SUM (sky130_fd_sc_hd__fa_1)
                                         _2725_ (net)
                  0.12    0.00    1.25 v _5851_/B (sky130_fd_sc_hd__fa_1)
     1    0.01    0.10    0.51    1.77 v _5851_/SUM (sky130_fd_sc_hd__fa_1)
                                         _2728_ (net)
                  0.10    0.00    1.77 v _5936_/A (sky130_fd_sc_hd__fa_1)
     1    0.01    0.10    0.52    2.29 v _5936_/SUM (sky130_fd_sc_hd__fa_1)
                                         _2761_ (net)
                  0.10    0.00    2.29 v _5860_/A (sky130_fd_sc_hd__fa_1)
     1    0.01    0.09    0.58    2.87 ^ _5860_/SUM (sky130_fd_sc_hd__fa_1)
                                         _2765_ (net)
                  0.09    0.00    2.87 ^ _6054_/B (sky130_fd_sc_hd__fa_1)
     1    0.00    0.08    0.43    3.29 v _6054_/SUM (sky130_fd_sc_hd__fa_1)
                                         _3250_ (net)
                  0.08    0.00    3.30 v _6180_/A (sky130_fd_sc_hd__ha_1)
     2    0.01    0.07    0.32    3.62 v _6180_/SUM (sky130_fd_sc_hd__ha_1)
                                         _0338_ (net)
                  0.07    0.00    3.62 v _3608_/A1 (sky130_fd_sc_hd__a21oi_1)
     1    0.00    0.10    0.13    3.74 ^ _3608_/Y (sky130_fd_sc_hd__a21oi_1)
                                         _0908_ (net)
                  0.10    0.00    3.74 ^ _3609_/A (sky130_fd_sc_hd__nor2b_1)
     1    0.00    0.04    0.06    3.80 v _3609_/Y (sky130_fd_sc_hd__nor2b_1)
                                         _0909_ (net)
                  0.04    0.00    3.80 v _3614_/A3 (sky130_fd_sc_hd__o41ai_1)
     1    0.01    0.58    0.55    4.35 ^ _3614_/Y (sky130_fd_sc_hd__o41ai_1)
                                         _0914_ (net)
                  0.58    0.00    4.35 ^ place199/A (sky130_fd_sc_hd__buf_4)
     2    0.01    0.05    0.22    4.57 ^ place199/X (sky130_fd_sc_hd__buf_4)
                                         net198 (net)
                  0.05    0.00    4.57 ^ _3632_/A1 (sky130_fd_sc_hd__a211oi_1)
     3    0.01    0.15    0.10    4.67 v _3632_/Y (sky130_fd_sc_hd__a211oi_1)
                                         _0932_ (net)
                  0.15    0.00    4.67 v _3644_/A1 (sky130_fd_sc_hd__o21ai_0)
     3    0.01    0.38    0.38    5.05 ^ _3644_/Y (sky130_fd_sc_hd__o21ai_0)
                                         _0941_ (net)
                  0.38    0.00    5.05 ^ _3650_/A1 (sky130_fd_sc_hd__a31oi_1)
     3    0.01    0.19    0.24    5.29 v _3650_/Y (sky130_fd_sc_hd__a31oi_1)
                                         _0947_ (net)
                  0.19    0.00    5.29 v _3655_/A1 (sky130_fd_sc_hd__a211oi_1)
     2    0.01    0.39    0.41    5.70 ^ _3655_/Y (sky130_fd_sc_hd__a211oi_1)
                                         _0952_ (net)
                  0.39    0.00    5.70 ^ _3656_/A2 (sky130_fd_sc_hd__o21bai_1)
     2    0.01    0.11    0.16    5.86 v _3656_/Y (sky130_fd_sc_hd__o21bai_1)
                                         _0953_ (net)
                  0.11    0.00    5.86 v _3657_/A2 (sky130_fd_sc_hd__a21oi_1)
     2    0.01    0.24    0.27    6.13 ^ _3657_/Y (sky130_fd_sc_hd__a21oi_1)
                                         _0954_ (net)
                  0.24    0.00    6.13 ^ _3658_/B (sky130_fd_sc_hd__xnor2_1)
     2    0.03    0.56    0.32    6.44 ^ _3658_/Y (sky130_fd_sc_hd__xnor2_1)
                                         g_b1.u_red.prod[36] (net)
                  0.56    0.00    6.45 ^ _6445_/A (sky130_fd_sc_hd__ha_1)
     1    0.00    0.06    0.34    6.78 v _6445_/SUM (sky130_fd_sc_hd__ha_1)
                                         _3559_ (net)
                  0.06    0.00    6.78 v _6473_/A (sky130_fd_sc_hd__ha_1)
     1    0.02    0.11    0.36    7.14 v _6473_/SUM (sky130_fd_sc_hd__ha_1)
                                         _3081_ (net)
                  0.11    0.00    7.14 v _5981_/A (sky130_fd_sc_hd__fa_1)
     1    0.00    0.07    0.56    7.70 ^ _5981_/SUM (sky130_fd_sc_hd__fa_1)
                                         _0080_ (net)
                  0.07    0.00    7.70 ^ _4118_/A (sky130_fd_sc_hd__inv_1)
     1    0.01    0.04    0.06    7.76 v _4118_/Y (sky130_fd_sc_hd__inv_1)
                                         _0091_ (net)
                  0.04    0.00    7.76 v _5986_/B (sky130_fd_sc_hd__fa_1)
     1    0.00    0.08    0.39    8.15 v _5986_/COUT (sky130_fd_sc_hd__fa_1)
                                         _3090_ (net)
                  0.08    0.00    8.15 v _6106_/B (sky130_fd_sc_hd__ha_1)
     8    0.03    0.15    0.39    8.55 v _6106_/SUM (sky130_fd_sc_hd__ha_1)
                                         _0226_ (net)
                  0.15    0.00    8.55 v _5371_/A1 (sky130_fd_sc_hd__a21oi_2)
     4    0.01    0.16    0.22    8.77 ^ _5371_/Y (sky130_fd_sc_hd__a21oi_2)
                                         _2253_ (net)
                  0.16    0.00    8.77 ^ _5429_/A1 (sky130_fd_sc_hd__o211ai_1)
     1    0.01    0.10    0.14    8.90 v _5429_/Y (sky130_fd_sc_hd__o211ai_1)
                                         _2311_ (net)
                  0.10    0.00    8.90 v _5430_/B (sky130_fd_sc_hd__xor2_1)
     1    0.00    0.07    0.16    9.06 v _5430_/X (sky130_fd_sc_hd__xor2_1)
                                         _2312_ (net)
                  0.07    0.00    9.06 v _5431_/C (sky130_fd_sc_hd__or3_1)
     1    0.00    0.06    0.30    9.36 v _5431_/X (sky130_fd_sc_hd__or3_1)
                                         _2313_ (net)
                  0.06    0.00    9.36 v _5432_/A1 (sky130_fd_sc_hd__mux2_2)
     1    0.00    0.05    0.27    9.63 v _5432_/X (sky130_fd_sc_hd__mux2_2)
                                         _2314_ (net)
                  0.05    0.00    9.63 v _5447_/C (sky130_fd_sc_hd__or4_4)
     1    0.01    0.09    0.50   10.13 v _5447_/X (sky130_fd_sc_hd__or4_4)
                                         _2329_ (net)
                  0.09    0.00   10.13 v _5454_/C (sky130_fd_sc_hd__nor4_4)
     2    0.02    0.32    0.33   10.46 ^ _5454_/Y (sky130_fd_sc_hd__nor4_4)
                                         _2336_ (net)
                  0.32    0.00   10.46 ^ _5521_/A (sky130_fd_sc_hd__nand3_2)
     2    0.01    0.10    0.12   10.58 v _5521_/Y (sky130_fd_sc_hd__nand3_2)
                                         _2403_ (net)
                  0.10    0.00   10.58 v place178/A (sky130_fd_sc_hd__buf_4)
     7    0.03    0.06    0.19   10.77 v place178/X (sky130_fd_sc_hd__buf_4)
                                         net177 (net)
                  0.06    0.00   10.77 v _5577_/S (sky130_fd_sc_hd__mux2_4)
     1    0.01    0.06    0.32   11.09 v _5577_/X (sky130_fd_sc_hd__mux2_4)
                                         _2450_ (net)
                  0.06    0.00   11.09 v _5579_/A2 (sky130_fd_sc_hd__a21oi_2)
     1    0.00    0.08    0.13   11.21 ^ _5579_/Y (sky130_fd_sc_hd__a21oi_2)
                                         _0857_ (net)
                  0.08    0.00   11.21 ^ mul_reduced_q[1]$_DFFE_PN0P_/D (sky130_fd_sc_hd__dfrtp_1)
                                 11.21   data arrival time

                  0.00   12.00   12.00   clock clk (rise edge)
                          0.00   12.00   clock network delay (ideal)
                         -0.25   11.75   clock uncertainty
                          0.00   11.75   clock reconvergence pessimism
                                 11.75 ^ mul_reduced_q[1]$_DFFE_PN0P_/CLK (sky130_fd_sc_hd__dfrtp_1)
                         -0.08   11.67   library setup time
                                 11.67   data required time
-----------------------------------------------------------------------------
                                 11.67   data required time
                                -11.21   data arrival time
-----------------------------------------------------------------------------
                                  0.46   slack (MET)



==========================================================================
resizer report_check_types -max_slew -max_cap -max_fanout -violators
--------------------------------------------------------------------------
max slew

Pin                                    Limit    Slew   Slack
------------------------------------------------------------
u_coeff_ram.u_macro/addr0[4]            0.04    0.13   -0.09 (VIOLATED)
u_coeff_ram.u_macro/addr0[6]            0.04    0.13   -0.09 (VIOLATED)
u_coeff_ram.u_macro/addr0[7]            0.04    0.13   -0.09 (VIOLATED)
u_coeff_ram.u_macro/addr0[3]            0.04    0.12   -0.08 (VIOLATED)
u_coeff_ram.u_macro/addr0[5]            0.04    0.12   -0.08 (VIOLATED)
u_coeff_ram.u_macro/addr0[2]            0.04    0.06   -0.02 (VIOLATED)
u_coeff_ram.u_macro/addr0[0]            0.04    0.06   -0.02 (VIOLATED)
u_coeff_ram.u_macro/addr0[1]            0.04    0.06   -0.02 (VIOLATED)


==========================================================================
resizer max_slew_check_slack
--------------------------------------------------------------------------
-0.08654820919036865

==========================================================================
resizer max_slew_check_limit
--------------------------------------------------------------------------
0.03999999910593033

==========================================================================
resizer max_slew_check_slack_limit
--------------------------------------------------------------------------
-2.1637

==========================================================================
resizer max_fanout_check_slack
--------------------------------------------------------------------------
2.0

==========================================================================
resizer max_fanout_check_limit
--------------------------------------------------------------------------
4.0

==========================================================================
resizer max_fanout_check_slack_limit
--------------------------------------------------------------------------
0.5000

==========================================================================
resizer max_capacitance_check_slack
--------------------------------------------------------------------------
0.0003679307992570102

==========================================================================
resizer max_capacitance_check_limit
--------------------------------------------------------------------------
0.027559999376535416

==========================================================================
resizer max_capacitance_check_slack_limit
--------------------------------------------------------------------------
0.0134

==========================================================================
resizer max_slew_violation_count
--------------------------------------------------------------------------
max slew violation count 8

==========================================================================
resizer max_fanout_violation_count
--------------------------------------------------------------------------
max fanout violation count 0

==========================================================================
resizer max_cap_violation_count
--------------------------------------------------------------------------
max cap violation count 0

==========================================================================
resizer setup_violation_count
--------------------------------------------------------------------------
setup violation count 0

==========================================================================
resizer hold_violation_count
--------------------------------------------------------------------------
hold violation count 0

==========================================================================
resizer report_checks -path_delay max reg to reg
--------------------------------------------------------------------------
Startpoint: product_q[8]$_DFFE_PN0P_
            (rising edge-triggered flip-flop clocked by clk)
Endpoint: mul_reduced_q[1]$_DFFE_PN0P_
          (rising edge-triggered flip-flop clocked by clk)
Path Group: clk
Path Type: max

  Delay    Time   Description
---------------------------------------------------------
   0.00    0.00   clock clk (rise edge)
   0.00    0.00   clock network delay (ideal)
   0.00    0.00 ^ product_q[8]$_DFFE_PN0P_/CLK (sky130_fd_sc_hd__dfrtp_1)
   0.69    0.69 ^ product_q[8]$_DFFE_PN0P_/Q (sky130_fd_sc_hd__dfrtp_1)
   0.56    1.25 v _5891_/SUM (sky130_fd_sc_hd__fa_1)
   0.52    1.77 v _5851_/SUM (sky130_fd_sc_hd__fa_1)
   0.52    2.29 v _5936_/SUM (sky130_fd_sc_hd__fa_1)
   0.58    2.87 ^ _5860_/SUM (sky130_fd_sc_hd__fa_1)
   0.43    3.29 v _6054_/SUM (sky130_fd_sc_hd__fa_1)
   0.32    3.62 v _6180_/SUM (sky130_fd_sc_hd__ha_1)
   0.13    3.74 ^ _3608_/Y (sky130_fd_sc_hd__a21oi_1)
   0.06    3.80 v _3609_/Y (sky130_fd_sc_hd__nor2b_1)
   0.55    4.35 ^ _3614_/Y (sky130_fd_sc_hd__o41ai_1)
   0.22    4.57 ^ place199/X (sky130_fd_sc_hd__buf_4)
   0.10    4.67 v _3632_/Y (sky130_fd_sc_hd__a211oi_1)
   0.38    5.05 ^ _3644_/Y (sky130_fd_sc_hd__o21ai_0)
   0.24    5.29 v _3650_/Y (sky130_fd_sc_hd__a31oi_1)
   0.41    5.70 ^ _3655_/Y (sky130_fd_sc_hd__a211oi_1)
   0.16    5.86 v _3656_/Y (sky130_fd_sc_hd__o21bai_1)
   0.27    6.13 ^ _3657_/Y (sky130_fd_sc_hd__a21oi_1)
   0.32    6.44 ^ _3658_/Y (sky130_fd_sc_hd__xnor2_1)
   0.34    6.78 v _6445_/SUM (sky130_fd_sc_hd__ha_1)
   0.36    7.14 v _6473_/SUM (sky130_fd_sc_hd__ha_1)
   0.56    7.70 ^ _5981_/SUM (sky130_fd_sc_hd__fa_1)
   0.06    7.76 v _4118_/Y (sky130_fd_sc_hd__inv_1)
   0.39    8.15 v _5986_/COUT (sky130_fd_sc_hd__fa_1)
   0.39    8.55 v _6106_/SUM (sky130_fd_sc_hd__ha_1)
   0.22    8.77 ^ _5371_/Y (sky130_fd_sc_hd__a21oi_2)
   0.14    8.90 v _5429_/Y (sky130_fd_sc_hd__o211ai_1)
   0.16    9.06 v _5430_/X (sky130_fd_sc_hd__xor2_1)
   0.30    9.36 v _5431_/X (sky130_fd_sc_hd__or3_1)
   0.27    9.63 v _5432_/X (sky130_fd_sc_hd__mux2_2)
   0.50   10.13 v _5447_/X (sky130_fd_sc_hd__or4_4)
   0.33   10.46 ^ _5454_/Y (sky130_fd_sc_hd__nor4_4)
   0.12   10.58 v _5521_/Y (sky130_fd_sc_hd__nand3_2)
   0.19   10.77 v place178/X (sky130_fd_sc_hd__buf_4)
   0.32   11.09 v _5577_/X (sky130_fd_sc_hd__mux2_4)
   0.13   11.21 ^ _5579_/Y (sky130_fd_sc_hd__a21oi_2)
   0.00   11.21 ^ mul_reduced_q[1]$_DFFE_PN0P_/D (sky130_fd_sc_hd__dfrtp_1)
          11.21   data arrival time

  12.00   12.00   clock clk (rise edge)
   0.00   12.00   clock network delay (ideal)
  -0.25   11.75   clock uncertainty
   0.00   11.75   clock reconvergence pessimism
          11.75 ^ mul_reduced_q[1]$_DFFE_PN0P_/CLK (sky130_fd_sc_hd__dfrtp_1)
  -0.08   11.67   library setup time
          11.67   data required time
---------------------------------------------------------
          11.67   data required time
         -11.21   data arrival time
---------------------------------------------------------
           0.46   slack (MET)



==========================================================================
resizer report_checks -path_delay min reg to reg
--------------------------------------------------------------------------
Startpoint: st[9]$_DFF_PN0_ (rising edge-triggered flip-flop clocked by clk)
Endpoint: st[5]$_DFF_PN0_ (rising edge-triggered flip-flop clocked by clk)
Path Group: clk
Path Type: min

  Delay    Time   Description
---------------------------------------------------------
   0.00    0.00   clock clk (rise edge)
   0.00    0.00   clock network delay (ideal)
   0.00    0.00 ^ st[9]$_DFF_PN0_/CLK (sky130_fd_sc_hd__dfrtp_1)
   0.33    0.33 ^ st[9]$_DFF_PN0_/Q (sky130_fd_sc_hd__dfrtp_1)
   0.00    0.33 ^ st[5]$_DFF_PN0_/D (sky130_fd_sc_hd__dfrtp_1)
           0.33   data arrival time

   0.00    0.00   clock clk (rise edge)
   0.00    0.00   clock network delay (ideal)
   0.25    0.25   clock uncertainty
   0.00    0.25   clock reconvergence pessimism
           0.25 ^ st[5]$_DFF_PN0_/CLK (sky130_fd_sc_hd__dfrtp_1)
  -0.05    0.20   library hold time
           0.20   data required time
---------------------------------------------------------
           0.20   data required time
          -0.33   data arrival time
---------------------------------------------------------
           0.13   slack (MET)



==========================================================================
resizer critical path target clock latency max path
--------------------------------------------------------------------------
0.0000

==========================================================================
resizer critical path target clock latency min path
--------------------------------------------------------------------------
0.0000

==========================================================================
resizer critical path source clock latency min path
--------------------------------------------------------------------------
0.0000

==========================================================================
resizer critical path delay
--------------------------------------------------------------------------
11.2147

==========================================================================
resizer critical path slack
--------------------------------------------------------------------------
0.4602

==========================================================================
resizer slack div critical path delay
--------------------------------------------------------------------------
4.103543

==========================================================================
resizer report_power
--------------------------------------------------------------------------
Group                  Internal  Switching    Leakage      Total
                          Power      Power      Power      Power (Watts)
----------------------------------------------------------------
Sequential             6.21e-04   0.00e+00   2.48e-09   6.21e-04   0.0%
Combinational          1.64e-05   3.78e-05   1.30e-08   5.42e-05   0.0%
Clock                  0.00e+00   0.00e+00   0.00e+00   0.00e+00   0.0%
Macro                  6.46e+06   0.00e+00   4.55e-06   6.46e+06 100.0%
Pad                    0.00e+00   0.00e+00   0.00e+00   0.00e+00   0.0%
----------------------------------------------------------------
Total                  6.46e+06   3.78e-05   4.56e-06   6.46e+06 100.0%
                         100.0%       0.0%       0.0%
