
==========================================================================
finish report_tns
--------------------------------------------------------------------------
tns max 0.00

==========================================================================
finish report_wns
--------------------------------------------------------------------------
wns max 0.00

==========================================================================
finish report_worst_slack
--------------------------------------------------------------------------
worst slack max 0.72

==========================================================================
finish report_clock_min_period
--------------------------------------------------------------------------
clk period_min = 11.28 fmax = 88.68

==========================================================================
finish report_clock_skew
--------------------------------------------------------------------------
Clock clk
   0.68 source latency u_coeff_ram.u_macro/clk0 v
  -0.60 target latency coeff_b_q[9]$_DFFE_PN0P_/CLK ^
   0.25 clock uncertainty
   0.00 CRPR
--------------
   0.33 setup skew


==========================================================================
finish report_checks -path_delay min
--------------------------------------------------------------------------
Startpoint: st[9]$_DFF_PN0_ (rising edge-triggered flip-flop clocked by clk)
Endpoint: st[5]$_DFF_PN0_ (rising edge-triggered flip-flop clocked by clk)
Path Group: clk
Path Type: min

Fanout     Cap    Slew   Delay    Time   Description
-----------------------------------------------------------------------------
                          0.00    0.00   clock clk (rise edge)
                          0.00    0.00   clock source latency
     2    0.06    0.00    0.00    0.00 ^ clk (in)
                                         clk (net)
                  0.00    0.00    0.00 ^ clkbuf_regs_0_clk/A (sky130_fd_sc_hd__clkbuf_16)
     1    0.01    0.03    0.10    0.10 ^ clkbuf_regs_0_clk/X (sky130_fd_sc_hd__clkbuf_16)
                                         clk_regs (net)
                  0.03    0.00    0.10 ^ clkbuf_0_clk_regs/A (sky130_fd_sc_hd__clkbuf_16)
    16    0.24    0.25    0.28    0.38 ^ clkbuf_0_clk_regs/X (sky130_fd_sc_hd__clkbuf_16)
                                         clknet_0_clk_regs (net)
                  0.25    0.00    0.38 ^ clkbuf_4_2_0_clk_regs/A (sky130_fd_sc_hd__clkbuf_16)
    14    0.06    0.08    0.22    0.61 ^ clkbuf_4_2_0_clk_regs/X (sky130_fd_sc_hd__clkbuf_16)
                                         clknet_4_2_0_clk_regs (net)
                  0.08    0.00    0.61 ^ st[9]$_DFF_PN0_/CLK (sky130_fd_sc_hd__dfrtp_1)
     2    0.01    0.07    0.35    0.96 ^ st[9]$_DFF_PN0_/Q (sky130_fd_sc_hd__dfrtp_1)
                                         st[9] (net)
                  0.07    0.00    0.96 ^ st[5]$_DFF_PN0_/D (sky130_fd_sc_hd__dfrtp_1)
                                  0.96   data arrival time

                          0.00    0.00   clock clk (rise edge)
                          0.00    0.00   clock source latency
     2    0.06    0.00    0.00    0.00 ^ clk (in)
                                         clk (net)
                  0.00    0.00    0.00 ^ clkbuf_regs_0_clk/A (sky130_fd_sc_hd__clkbuf_16)
     1    0.01    0.03    0.10    0.10 ^ clkbuf_regs_0_clk/X (sky130_fd_sc_hd__clkbuf_16)
                                         clk_regs (net)
                  0.03    0.00    0.10 ^ clkbuf_0_clk_regs/A (sky130_fd_sc_hd__clkbuf_16)
    16    0.24    0.25    0.28    0.38 ^ clkbuf_0_clk_regs/X (sky130_fd_sc_hd__clkbuf_16)
                                         clknet_0_clk_regs (net)
                  0.25    0.00    0.38 ^ clkbuf_4_3_0_clk_regs/A (sky130_fd_sc_hd__clkbuf_16)
    12    0.05    0.07    0.22    0.60 ^ clkbuf_4_3_0_clk_regs/X (sky130_fd_sc_hd__clkbuf_16)
                                         clknet_4_3_0_clk_regs (net)
                  0.07    0.00    0.60 ^ st[5]$_DFF_PN0_/CLK (sky130_fd_sc_hd__dfrtp_1)
                          0.25    0.85   clock uncertainty
                          0.00    0.85   clock reconvergence pessimism
                         -0.04    0.81   library hold time
                                  0.81   data required time
-----------------------------------------------------------------------------
                                  0.81   data required time
                                 -0.96   data arrival time
-----------------------------------------------------------------------------
                                  0.15   slack (MET)



==========================================================================
finish report_checks -path_delay max
--------------------------------------------------------------------------
Startpoint: product_q[15]$_DFFE_PN0P_
            (rising edge-triggered flip-flop clocked by clk)
Endpoint: mul_reduced_q[1]$_DFFE_PN0P_
          (rising edge-triggered flip-flop clocked by clk)
Path Group: clk
Path Type: max

Fanout     Cap    Slew   Delay    Time   Description
-----------------------------------------------------------------------------
                          0.00    0.00   clock clk (rise edge)
                          0.00    0.00   clock source latency
     2    0.06    0.00    0.00    0.00 ^ clk (in)
                                         clk (net)
                  0.00    0.00    0.00 ^ clkbuf_regs_0_clk/A (sky130_fd_sc_hd__clkbuf_16)
     1    0.01    0.03    0.10    0.10 ^ clkbuf_regs_0_clk/X (sky130_fd_sc_hd__clkbuf_16)
                                         clk_regs (net)
                  0.03    0.00    0.10 ^ clkbuf_0_clk_regs/A (sky130_fd_sc_hd__clkbuf_16)
    16    0.24    0.25    0.28    0.38 ^ clkbuf_0_clk_regs/X (sky130_fd_sc_hd__clkbuf_16)
                                         clknet_0_clk_regs (net)
                  0.25    0.00    0.38 ^ clkbuf_4_15_0_clk_regs/A (sky130_fd_sc_hd__clkbuf_16)
    14    0.06    0.08    0.22    0.61 ^ clkbuf_4_15_0_clk_regs/X (sky130_fd_sc_hd__clkbuf_16)
                                         clknet_4_15_0_clk_regs (net)
                  0.08    0.00    0.61 ^ product_q[15]$_DFFE_PN0P_/CLK (sky130_fd_sc_hd__dfrtp_1)
     7    0.05    0.46    0.63    1.24 ^ product_q[15]$_DFFE_PN0P_/Q (sky130_fd_sc_hd__dfrtp_1)
                                         g_b1.u_red.a[15] (net)
                  0.46    0.00    1.24 ^ _5953_/CIN (sky130_fd_sc_hd__fa_1)
     2    0.01    0.12    0.56    1.80 v _5953_/SUM (sky130_fd_sc_hd__fa_1)
                                         _2705_ (net)
                  0.12    0.00    1.80 v _5846_/B (sky130_fd_sc_hd__fa_1)
     1    0.01    0.12    0.53    2.33 v _5846_/SUM (sky130_fd_sc_hd__fa_1)
                                         _2708_ (net)
                  0.12    0.00    2.33 v _5931_/A (sky130_fd_sc_hd__fa_1)
     1    0.01    0.10    0.52    2.85 v _5931_/SUM (sky130_fd_sc_hd__fa_1)
                                         _2986_ (net)
                  0.10    0.00    2.85 v _6083_/A (sky130_fd_sc_hd__fa_1)
     1    0.01    0.11    0.59    3.45 ^ _6083_/SUM (sky130_fd_sc_hd__fa_1)
                                         _2920_ (net)
                  0.11    0.00    3.45 ^ _5909_/B (sky130_fd_sc_hd__fa_1)
     1    0.00    0.09    0.44    3.88 v _5909_/SUM (sky130_fd_sc_hd__fa_1)
                                         _2923_ (net)
                  0.09    0.00    3.88 v _6239_/A (sky130_fd_sc_hd__ha_1)
     2    0.01    0.07    0.32    4.21 v _6239_/SUM (sky130_fd_sc_hd__ha_1)
                                         _0410_ (net)
                  0.07    0.00    4.21 v _3620_/A1 (sky130_fd_sc_hd__a21oi_1)
     1    0.00    0.12    0.14    4.34 ^ _3620_/Y (sky130_fd_sc_hd__a21oi_1)
                                         _0920_ (net)
                  0.12    0.00    4.34 ^ _3623_/A1 (sky130_fd_sc_hd__o21ai_0)
     2    0.01    0.19    0.20    4.54 v _3623_/Y (sky130_fd_sc_hd__o21ai_0)
                                         _0923_ (net)
                  0.19    0.00    4.54 v _3624_/C1 (sky130_fd_sc_hd__a211oi_2)
     2    0.02    0.38    0.37    4.91 ^ _3624_/Y (sky130_fd_sc_hd__a211oi_2)
                                         _0924_ (net)
                  0.38    0.00    4.91 ^ _4544_/A2 (sky130_fd_sc_hd__a21oi_1)
     2    0.01    0.11    0.16    5.07 v _4544_/Y (sky130_fd_sc_hd__a21oi_1)
                                         _1565_ (net)
                  0.11    0.00    5.07 v _4545_/A2 (sky130_fd_sc_hd__o211ai_1)
     1    0.00    0.15    0.18    5.26 ^ _4545_/Y (sky130_fd_sc_hd__o211ai_1)
                                         _1566_ (net)
                  0.15    0.00    5.26 ^ _4549_/A (sky130_fd_sc_hd__nand2_1)
     1    0.01    0.07    0.09    5.35 v _4549_/Y (sky130_fd_sc_hd__nand2_1)
                                         _1570_ (net)
                  0.07    0.00    5.35 v _4550_/B (sky130_fd_sc_hd__xnor2_1)
     2    0.02    0.42    0.36    5.71 ^ _4550_/Y (sky130_fd_sc_hd__xnor2_1)
                                         _0113_ (net)
                  0.42    0.00    5.71 ^ _4551_/A (sky130_fd_sc_hd__inv_1)
     5    0.03    0.18    0.24    5.96 v _4551_/Y (sky130_fd_sc_hd__inv_1)
                                         g_b1.u_red.prod[24] (net)
                  0.18    0.00    5.96 v _5995_/A (sky130_fd_sc_hd__fa_1)
     2    0.01    0.09    0.61    6.56 ^ _5995_/SUM (sky130_fd_sc_hd__fa_1)
                                         _0112_ (net)
                  0.09    0.00    6.57 ^ _4115_/A (sky130_fd_sc_hd__inv_1)
     2    0.01    0.05    0.07    6.64 v _4115_/Y (sky130_fd_sc_hd__inv_1)
                                         _0115_ (net)
                  0.05    0.00    6.64 v _5997_/CIN (sky130_fd_sc_hd__fa_1)
     2    0.01    0.09    0.51    7.15 ^ _5997_/SUM (sky130_fd_sc_hd__fa_1)
                                         _0116_ (net)
                  0.09    0.00    7.15 ^ _4067_/A (sky130_fd_sc_hd__inv_1)
     1    0.00    0.03    0.05    7.19 v _4067_/Y (sky130_fd_sc_hd__inv_1)
                                         _0518_ (net)
                  0.03    0.00    7.20 v _6313_/B (sky130_fd_sc_hd__ha_1)
     1    0.00    0.05    0.26    7.46 v _6313_/SUM (sky130_fd_sc_hd__ha_1)
                                         _3500_ (net)
                  0.05    0.00    7.46 v _6466_/B (sky130_fd_sc_hd__ha_1)
     4    0.02    0.14    0.35    7.81 ^ _6466_/SUM (sky130_fd_sc_hd__ha_1)
                                         _0233_ (net)
                  0.14    0.00    7.81 ^ _3659_/A (sky130_fd_sc_hd__inv_1)
     3    0.01    0.07    0.10    7.91 v _3659_/Y (sky130_fd_sc_hd__inv_1)
                                         g_b1.u_red.r0[0] (net)
                  0.07    0.00    7.91 v _6110_/B (sky130_fd_sc_hd__ha_1)
     2    0.00    0.05    0.20    8.11 v _6110_/COUT (sky130_fd_sc_hd__ha_1)
                                         _0235_ (net)
                  0.05    0.00    8.11 v _3601_/A (sky130_fd_sc_hd__or2_2)
     1    0.01    0.06    0.30    8.41 v _3601_/X (sky130_fd_sc_hd__or2_2)
                                         _0195_ (net)
                  0.06    0.00    8.41 v _6081_/CIN (sky130_fd_sc_hd__fa_1)
     3    0.01    0.13    0.44    8.85 v _6081_/COUT (sky130_fd_sc_hd__fa_1)
                                         _0196_ (net)
                  0.13    0.00    8.85 v _5360_/A1 (sky130_fd_sc_hd__a211oi_2)
     2    0.01    0.25    0.28    9.13 ^ _5360_/Y (sky130_fd_sc_hd__a211oi_2)
                                         _2242_ (net)
                  0.25    0.00    9.13 ^ _5459_/A (sky130_fd_sc_hd__nor2_1)
     3    0.01    0.09    0.12    9.25 v _5459_/Y (sky130_fd_sc_hd__nor2_1)
                                         _2341_ (net)
                  0.09    0.00    9.25 v _5478_/C (sky130_fd_sc_hd__or3_1)
     1    0.01    0.10    0.36    9.61 v _5478_/X (sky130_fd_sc_hd__or3_1)
                                         _2360_ (net)
                  0.10    0.00    9.61 v _5479_/B (sky130_fd_sc_hd__xnor2_2)
     4    0.02    0.27    0.26    9.87 ^ _5479_/Y (sky130_fd_sc_hd__xnor2_2)
                                         _2361_ (net)
                  0.27    0.00    9.87 ^ _5480_/C (sky130_fd_sc_hd__nand3_1)
     4    0.01    0.21    0.18   10.05 v _5480_/Y (sky130_fd_sc_hd__nand3_1)
                                         _2362_ (net)
                  0.21    0.00   10.05 v _5484_/C (sky130_fd_sc_hd__or4_1)
     1    0.01    0.13    0.58   10.63 v _5484_/X (sky130_fd_sc_hd__or4_1)
                                         _2366_ (net)
                  0.13    0.00   10.63 v _5503_/A2 (sky130_fd_sc_hd__a41oi_4)
     2    0.01    0.18    0.22   10.85 ^ _5503_/Y (sky130_fd_sc_hd__a41oi_4)
                                         _2385_ (net)
                  0.18    0.00   10.85 ^ _5521_/B (sky130_fd_sc_hd__nand3_2)
     1    0.00    0.08    0.09   10.94 v _5521_/Y (sky130_fd_sc_hd__nand3_2)
                                         _2403_ (net)
                  0.08    0.00   10.94 v place188/A (sky130_fd_sc_hd__buf_4)
    11    0.05    0.07    0.19   11.13 v place188/X (sky130_fd_sc_hd__buf_4)
                                         net187 (net)
                  0.07    0.00   11.13 v _5577_/S (sky130_fd_sc_hd__mux2_4)
     1    0.01    0.05    0.31   11.44 v _5577_/X (sky130_fd_sc_hd__mux2_4)
                                         _2450_ (net)
                  0.05    0.00   11.44 v _5579_/A2 (sky130_fd_sc_hd__a21oi_2)
     1    0.00    0.08    0.12   11.56 ^ _5579_/Y (sky130_fd_sc_hd__a21oi_2)
                                         _0857_ (net)
                  0.08    0.00   11.57 ^ mul_reduced_q[1]$_DFFE_PN0P_/D (sky130_fd_sc_hd__dfrtp_1)
                                 11.57   data arrival time

                         12.00   12.00   clock clk (rise edge)
                          0.00   12.00   clock source latency
     2    0.06    0.00    0.00   12.00 ^ clk (in)
                                         clk (net)
                  0.00    0.00   12.00 ^ clkbuf_regs_0_clk/A (sky130_fd_sc_hd__clkbuf_16)
     1    0.01    0.03    0.10   12.10 ^ clkbuf_regs_0_clk/X (sky130_fd_sc_hd__clkbuf_16)
                                         clk_regs (net)
                  0.03    0.00   12.10 ^ clkbuf_0_clk_regs/A (sky130_fd_sc_hd__clkbuf_16)
    16    0.24    0.25    0.28   12.38 ^ clkbuf_0_clk_regs/X (sky130_fd_sc_hd__clkbuf_16)
                                         clknet_0_clk_regs (net)
                  0.25    0.00   12.38 ^ clkbuf_4_12_0_clk_regs/A (sky130_fd_sc_hd__clkbuf_16)
    16    0.05    0.07    0.22   12.60 ^ clkbuf_4_12_0_clk_regs/X (sky130_fd_sc_hd__clkbuf_16)
                                         clknet_4_12_0_clk_regs (net)
                  0.07    0.00   12.60 ^ mul_reduced_q[1]$_DFFE_PN0P_/CLK (sky130_fd_sc_hd__dfrtp_1)
                         -0.25   12.35   clock uncertainty
                          0.00   12.35   clock reconvergence pessimism
                         -0.06   12.29   library setup time
                                 12.29   data required time
-----------------------------------------------------------------------------
                                 12.29   data required time
                                -11.57   data arrival time
-----------------------------------------------------------------------------
                                  0.72   slack (MET)



==========================================================================
finish report_checks -unconstrained
--------------------------------------------------------------------------
Startpoint: product_q[15]$_DFFE_PN0P_
            (rising edge-triggered flip-flop clocked by clk)
Endpoint: mul_reduced_q[1]$_DFFE_PN0P_
          (rising edge-triggered flip-flop clocked by clk)
Path Group: clk
Path Type: max

Fanout     Cap    Slew   Delay    Time   Description
-----------------------------------------------------------------------------
                          0.00    0.00   clock clk (rise edge)
                          0.00    0.00   clock source latency
     2    0.06    0.00    0.00    0.00 ^ clk (in)
                                         clk (net)
                  0.00    0.00    0.00 ^ clkbuf_regs_0_clk/A (sky130_fd_sc_hd__clkbuf_16)
     1    0.01    0.03    0.10    0.10 ^ clkbuf_regs_0_clk/X (sky130_fd_sc_hd__clkbuf_16)
                                         clk_regs (net)
                  0.03    0.00    0.10 ^ clkbuf_0_clk_regs/A (sky130_fd_sc_hd__clkbuf_16)
    16    0.24    0.25    0.28    0.38 ^ clkbuf_0_clk_regs/X (sky130_fd_sc_hd__clkbuf_16)
                                         clknet_0_clk_regs (net)
                  0.25    0.00    0.38 ^ clkbuf_4_15_0_clk_regs/A (sky130_fd_sc_hd__clkbuf_16)
    14    0.06    0.08    0.22    0.61 ^ clkbuf_4_15_0_clk_regs/X (sky130_fd_sc_hd__clkbuf_16)
                                         clknet_4_15_0_clk_regs (net)
                  0.08    0.00    0.61 ^ product_q[15]$_DFFE_PN0P_/CLK (sky130_fd_sc_hd__dfrtp_1)
     7    0.05    0.46    0.63    1.24 ^ product_q[15]$_DFFE_PN0P_/Q (sky130_fd_sc_hd__dfrtp_1)
                                         g_b1.u_red.a[15] (net)
                  0.46    0.00    1.24 ^ _5953_/CIN (sky130_fd_sc_hd__fa_1)
     2    0.01    0.12    0.56    1.80 v _5953_/SUM (sky130_fd_sc_hd__fa_1)
                                         _2705_ (net)
                  0.12    0.00    1.80 v _5846_/B (sky130_fd_sc_hd__fa_1)
     1    0.01    0.12    0.53    2.33 v _5846_/SUM (sky130_fd_sc_hd__fa_1)
                                         _2708_ (net)
                  0.12    0.00    2.33 v _5931_/A (sky130_fd_sc_hd__fa_1)
     1    0.01    0.10    0.52    2.85 v _5931_/SUM (sky130_fd_sc_hd__fa_1)
                                         _2986_ (net)
                  0.10    0.00    2.85 v _6083_/A (sky130_fd_sc_hd__fa_1)
     1    0.01    0.11    0.59    3.45 ^ _6083_/SUM (sky130_fd_sc_hd__fa_1)
                                         _2920_ (net)
                  0.11    0.00    3.45 ^ _5909_/B (sky130_fd_sc_hd__fa_1)
     1    0.00    0.09    0.44    3.88 v _5909_/SUM (sky130_fd_sc_hd__fa_1)
                                         _2923_ (net)
                  0.09    0.00    3.88 v _6239_/A (sky130_fd_sc_hd__ha_1)
     2    0.01    0.07    0.32    4.21 v _6239_/SUM (sky130_fd_sc_hd__ha_1)
                                         _0410_ (net)
                  0.07    0.00    4.21 v _3620_/A1 (sky130_fd_sc_hd__a21oi_1)
     1    0.00    0.12    0.14    4.34 ^ _3620_/Y (sky130_fd_sc_hd__a21oi_1)
                                         _0920_ (net)
                  0.12    0.00    4.34 ^ _3623_/A1 (sky130_fd_sc_hd__o21ai_0)
     2    0.01    0.19    0.20    4.54 v _3623_/Y (sky130_fd_sc_hd__o21ai_0)
                                         _0923_ (net)
                  0.19    0.00    4.54 v _3624_/C1 (sky130_fd_sc_hd__a211oi_2)
     2    0.02    0.38    0.37    4.91 ^ _3624_/Y (sky130_fd_sc_hd__a211oi_2)
                                         _0924_ (net)
                  0.38    0.00    4.91 ^ _4544_/A2 (sky130_fd_sc_hd__a21oi_1)
     2    0.01    0.11    0.16    5.07 v _4544_/Y (sky130_fd_sc_hd__a21oi_1)
                                         _1565_ (net)
                  0.11    0.00    5.07 v _4545_/A2 (sky130_fd_sc_hd__o211ai_1)
     1    0.00    0.15    0.18    5.26 ^ _4545_/Y (sky130_fd_sc_hd__o211ai_1)
                                         _1566_ (net)
                  0.15    0.00    5.26 ^ _4549_/A (sky130_fd_sc_hd__nand2_1)
     1    0.01    0.07    0.09    5.35 v _4549_/Y (sky130_fd_sc_hd__nand2_1)
                                         _1570_ (net)
                  0.07    0.00    5.35 v _4550_/B (sky130_fd_sc_hd__xnor2_1)
     2    0.02    0.42    0.36    5.71 ^ _4550_/Y (sky130_fd_sc_hd__xnor2_1)
                                         _0113_ (net)
                  0.42    0.00    5.71 ^ _4551_/A (sky130_fd_sc_hd__inv_1)
     5    0.03    0.18    0.24    5.96 v _4551_/Y (sky130_fd_sc_hd__inv_1)
                                         g_b1.u_red.prod[24] (net)
                  0.18    0.00    5.96 v _5995_/A (sky130_fd_sc_hd__fa_1)
     2    0.01    0.09    0.61    6.56 ^ _5995_/SUM (sky130_fd_sc_hd__fa_1)
                                         _0112_ (net)
                  0.09    0.00    6.57 ^ _4115_/A (sky130_fd_sc_hd__inv_1)
     2    0.01    0.05    0.07    6.64 v _4115_/Y (sky130_fd_sc_hd__inv_1)
                                         _0115_ (net)
                  0.05    0.00    6.64 v _5997_/CIN (sky130_fd_sc_hd__fa_1)
     2    0.01    0.09    0.51    7.15 ^ _5997_/SUM (sky130_fd_sc_hd__fa_1)
                                         _0116_ (net)
                  0.09    0.00    7.15 ^ _4067_/A (sky130_fd_sc_hd__inv_1)
     1    0.00    0.03    0.05    7.19 v _4067_/Y (sky130_fd_sc_hd__inv_1)
                                         _0518_ (net)
                  0.03    0.00    7.20 v _6313_/B (sky130_fd_sc_hd__ha_1)
     1    0.00    0.05    0.26    7.46 v _6313_/SUM (sky130_fd_sc_hd__ha_1)
                                         _3500_ (net)
                  0.05    0.00    7.46 v _6466_/B (sky130_fd_sc_hd__ha_1)
     4    0.02    0.14    0.35    7.81 ^ _6466_/SUM (sky130_fd_sc_hd__ha_1)
                                         _0233_ (net)
                  0.14    0.00    7.81 ^ _3659_/A (sky130_fd_sc_hd__inv_1)
     3    0.01    0.07    0.10    7.91 v _3659_/Y (sky130_fd_sc_hd__inv_1)
                                         g_b1.u_red.r0[0] (net)
                  0.07    0.00    7.91 v _6110_/B (sky130_fd_sc_hd__ha_1)
     2    0.00    0.05    0.20    8.11 v _6110_/COUT (sky130_fd_sc_hd__ha_1)
                                         _0235_ (net)
                  0.05    0.00    8.11 v _3601_/A (sky130_fd_sc_hd__or2_2)
     1    0.01    0.06    0.30    8.41 v _3601_/X (sky130_fd_sc_hd__or2_2)
                                         _0195_ (net)
                  0.06    0.00    8.41 v _6081_/CIN (sky130_fd_sc_hd__fa_1)
     3    0.01    0.13    0.44    8.85 v _6081_/COUT (sky130_fd_sc_hd__fa_1)
                                         _0196_ (net)
                  0.13    0.00    8.85 v _5360_/A1 (sky130_fd_sc_hd__a211oi_2)
     2    0.01    0.25    0.28    9.13 ^ _5360_/Y (sky130_fd_sc_hd__a211oi_2)
                                         _2242_ (net)
                  0.25    0.00    9.13 ^ _5459_/A (sky130_fd_sc_hd__nor2_1)
     3    0.01    0.09    0.12    9.25 v _5459_/Y (sky130_fd_sc_hd__nor2_1)
                                         _2341_ (net)
                  0.09    0.00    9.25 v _5478_/C (sky130_fd_sc_hd__or3_1)
     1    0.01    0.10    0.36    9.61 v _5478_/X (sky130_fd_sc_hd__or3_1)
                                         _2360_ (net)
                  0.10    0.00    9.61 v _5479_/B (sky130_fd_sc_hd__xnor2_2)
     4    0.02    0.27    0.26    9.87 ^ _5479_/Y (sky130_fd_sc_hd__xnor2_2)
                                         _2361_ (net)
                  0.27    0.00    9.87 ^ _5480_/C (sky130_fd_sc_hd__nand3_1)
     4    0.01    0.21    0.18   10.05 v _5480_/Y (sky130_fd_sc_hd__nand3_1)
                                         _2362_ (net)
                  0.21    0.00   10.05 v _5484_/C (sky130_fd_sc_hd__or4_1)
     1    0.01    0.13    0.58   10.63 v _5484_/X (sky130_fd_sc_hd__or4_1)
                                         _2366_ (net)
                  0.13    0.00   10.63 v _5503_/A2 (sky130_fd_sc_hd__a41oi_4)
     2    0.01    0.18    0.22   10.85 ^ _5503_/Y (sky130_fd_sc_hd__a41oi_4)
                                         _2385_ (net)
                  0.18    0.00   10.85 ^ _5521_/B (sky130_fd_sc_hd__nand3_2)
     1    0.00    0.08    0.09   10.94 v _5521_/Y (sky130_fd_sc_hd__nand3_2)
                                         _2403_ (net)
                  0.08    0.00   10.94 v place188/A (sky130_fd_sc_hd__buf_4)
    11    0.05    0.07    0.19   11.13 v place188/X (sky130_fd_sc_hd__buf_4)
                                         net187 (net)
                  0.07    0.00   11.13 v _5577_/S (sky130_fd_sc_hd__mux2_4)
     1    0.01    0.05    0.31   11.44 v _5577_/X (sky130_fd_sc_hd__mux2_4)
                                         _2450_ (net)
                  0.05    0.00   11.44 v _5579_/A2 (sky130_fd_sc_hd__a21oi_2)
     1    0.00    0.08    0.12   11.56 ^ _5579_/Y (sky130_fd_sc_hd__a21oi_2)
                                         _0857_ (net)
                  0.08    0.00   11.57 ^ mul_reduced_q[1]$_DFFE_PN0P_/D (sky130_fd_sc_hd__dfrtp_1)
                                 11.57   data arrival time

                         12.00   12.00   clock clk (rise edge)
                          0.00   12.00   clock source latency
     2    0.06    0.00    0.00   12.00 ^ clk (in)
                                         clk (net)
                  0.00    0.00   12.00 ^ clkbuf_regs_0_clk/A (sky130_fd_sc_hd__clkbuf_16)
     1    0.01    0.03    0.10   12.10 ^ clkbuf_regs_0_clk/X (sky130_fd_sc_hd__clkbuf_16)
                                         clk_regs (net)
                  0.03    0.00   12.10 ^ clkbuf_0_clk_regs/A (sky130_fd_sc_hd__clkbuf_16)
    16    0.24    0.25    0.28   12.38 ^ clkbuf_0_clk_regs/X (sky130_fd_sc_hd__clkbuf_16)
                                         clknet_0_clk_regs (net)
                  0.25    0.00   12.38 ^ clkbuf_4_12_0_clk_regs/A (sky130_fd_sc_hd__clkbuf_16)
    16    0.05    0.07    0.22   12.60 ^ clkbuf_4_12_0_clk_regs/X (sky130_fd_sc_hd__clkbuf_16)
                                         clknet_4_12_0_clk_regs (net)
                  0.07    0.00   12.60 ^ mul_reduced_q[1]$_DFFE_PN0P_/CLK (sky130_fd_sc_hd__dfrtp_1)
                         -0.25   12.35   clock uncertainty
                          0.00   12.35   clock reconvergence pessimism
                         -0.06   12.29   library setup time
                                 12.29   data required time
-----------------------------------------------------------------------------
                                 12.29   data required time
                                -11.57   data arrival time
-----------------------------------------------------------------------------
                                  0.72   slack (MET)



==========================================================================
finish report_check_types -max_slew -max_cap -max_fanout -violators
--------------------------------------------------------------------------
max slew

Pin                                    Limit    Slew   Slack
------------------------------------------------------------
u_coeff_ram.u_macro/addr0[6]            0.04    0.07   -0.03 (VIOLATED)
u_coeff_ram.u_macro/addr0[5]            0.04    0.06   -0.02 (VIOLATED)
u_coeff_ram.u_macro/addr0[3]            0.04    0.06   -0.02 (VIOLATED)
u_coeff_ram.u_macro/addr0[2]            0.04    0.06   -0.02 (VIOLATED)
u_coeff_ram.u_macro/addr0[7]            0.04    0.06   -0.02 (VIOLATED)
u_coeff_ram.u_macro/addr0[4]            0.04    0.06   -0.02 (VIOLATED)


==========================================================================
finish max_slew_check_slack
--------------------------------------------------------------------------
-0.030788511037826538

==========================================================================
finish max_slew_check_limit
--------------------------------------------------------------------------
0.03999999910593033

==========================================================================
finish max_slew_check_slack_limit
--------------------------------------------------------------------------
-0.7697

==========================================================================
finish max_fanout_check_slack
--------------------------------------------------------------------------
2.0

==========================================================================
finish max_fanout_check_limit
--------------------------------------------------------------------------
4.0

==========================================================================
finish max_fanout_check_slack_limit
--------------------------------------------------------------------------
0.5000

==========================================================================
finish max_capacitance_check_slack
--------------------------------------------------------------------------
0.0016591206658631563

==========================================================================
finish max_capacitance_check_limit
--------------------------------------------------------------------------
0.06867499649524689

==========================================================================
finish max_capacitance_check_slack_limit
--------------------------------------------------------------------------
0.0242

==========================================================================
finish max_slew_violation_count
--------------------------------------------------------------------------
max slew violation count 6

==========================================================================
finish max_fanout_violation_count
--------------------------------------------------------------------------
max fanout violation count 0

==========================================================================
finish max_cap_violation_count
--------------------------------------------------------------------------
max cap violation count 0

==========================================================================
finish setup_violation_count
--------------------------------------------------------------------------
setup violation count 0

==========================================================================
finish hold_violation_count
--------------------------------------------------------------------------
hold violation count 0

==========================================================================
finish report_checks -path_delay max reg to reg
--------------------------------------------------------------------------
Startpoint: product_q[15]$_DFFE_PN0P_
            (rising edge-triggered flip-flop clocked by clk)
Endpoint: mul_reduced_q[1]$_DFFE_PN0P_
          (rising edge-triggered flip-flop clocked by clk)
Path Group: clk
Path Type: max

  Delay    Time   Description
---------------------------------------------------------
   0.00    0.00   clock clk (rise edge)
   0.00    0.00   clock source latency
   0.00    0.00 ^ clk (in)
   0.10    0.10 ^ clkbuf_regs_0_clk/X (sky130_fd_sc_hd__clkbuf_16)
   0.28    0.38 ^ clkbuf_0_clk_regs/X (sky130_fd_sc_hd__clkbuf_16)
   0.23    0.61 ^ clkbuf_4_15_0_clk_regs/X (sky130_fd_sc_hd__clkbuf_16)
   0.00    0.61 ^ product_q[15]$_DFFE_PN0P_/CLK (sky130_fd_sc_hd__dfrtp_1)
   0.63    1.24 ^ product_q[15]$_DFFE_PN0P_/Q (sky130_fd_sc_hd__dfrtp_1)
   0.56    1.80 v _5953_/SUM (sky130_fd_sc_hd__fa_1)
   0.53    2.33 v _5846_/SUM (sky130_fd_sc_hd__fa_1)
   0.52    2.85 v _5931_/SUM (sky130_fd_sc_hd__fa_1)
   0.59    3.45 ^ _6083_/SUM (sky130_fd_sc_hd__fa_1)
   0.44    3.88 v _5909_/SUM (sky130_fd_sc_hd__fa_1)
   0.32    4.21 v _6239_/SUM (sky130_fd_sc_hd__ha_1)
   0.14    4.34 ^ _3620_/Y (sky130_fd_sc_hd__a21oi_1)
   0.20    4.54 v _3623_/Y (sky130_fd_sc_hd__o21ai_0)
   0.37    4.91 ^ _3624_/Y (sky130_fd_sc_hd__a211oi_2)
   0.16    5.07 v _4544_/Y (sky130_fd_sc_hd__a21oi_1)
   0.18    5.26 ^ _4545_/Y (sky130_fd_sc_hd__o211ai_1)
   0.09    5.35 v _4549_/Y (sky130_fd_sc_hd__nand2_1)
   0.36    5.71 ^ _4550_/Y (sky130_fd_sc_hd__xnor2_1)
   0.25    5.96 v _4551_/Y (sky130_fd_sc_hd__inv_1)
   0.61    6.56 ^ _5995_/SUM (sky130_fd_sc_hd__fa_1)
   0.07    6.64 v _4115_/Y (sky130_fd_sc_hd__inv_1)
   0.51    7.15 ^ _5997_/SUM (sky130_fd_sc_hd__fa_1)
   0.05    7.19 v _4067_/Y (sky130_fd_sc_hd__inv_1)
   0.26    7.46 v _6313_/SUM (sky130_fd_sc_hd__ha_1)
   0.35    7.81 ^ _6466_/SUM (sky130_fd_sc_hd__ha_1)
   0.10    7.91 v _3659_/Y (sky130_fd_sc_hd__inv_1)
   0.20    8.11 v _6110_/COUT (sky130_fd_sc_hd__ha_1)
   0.30    8.41 v _3601_/X (sky130_fd_sc_hd__or2_2)
   0.44    8.85 v _6081_/COUT (sky130_fd_sc_hd__fa_1)
   0.28    9.13 ^ _5360_/Y (sky130_fd_sc_hd__a211oi_2)
   0.12    9.25 v _5459_/Y (sky130_fd_sc_hd__nor2_1)
   0.36    9.61 v _5478_/X (sky130_fd_sc_hd__or3_1)
   0.26    9.87 ^ _5479_/Y (sky130_fd_sc_hd__xnor2_2)
   0.18   10.05 v _5480_/Y (sky130_fd_sc_hd__nand3_1)
   0.58   10.63 v _5484_/X (sky130_fd_sc_hd__or4_1)
   0.22   10.85 ^ _5503_/Y (sky130_fd_sc_hd__a41oi_4)
   0.09   10.94 v _5521_/Y (sky130_fd_sc_hd__nand3_2)
   0.19   11.13 v place188/X (sky130_fd_sc_hd__buf_4)
   0.31   11.44 v _5577_/X (sky130_fd_sc_hd__mux2_4)
   0.12   11.56 ^ _5579_/Y (sky130_fd_sc_hd__a21oi_2)
   0.00   11.57 ^ mul_reduced_q[1]$_DFFE_PN0P_/D (sky130_fd_sc_hd__dfrtp_1)
          11.57   data arrival time

  12.00   12.00   clock clk (rise edge)
   0.00   12.00   clock source latency
   0.00   12.00 ^ clk (in)
   0.10   12.10 ^ clkbuf_regs_0_clk/X (sky130_fd_sc_hd__clkbuf_16)
   0.28   12.38 ^ clkbuf_0_clk_regs/X (sky130_fd_sc_hd__clkbuf_16)
   0.22   12.60 ^ clkbuf_4_12_0_clk_regs/X (sky130_fd_sc_hd__clkbuf_16)
   0.00   12.60 ^ mul_reduced_q[1]$_DFFE_PN0P_/CLK (sky130_fd_sc_hd__dfrtp_1)
  -0.25   12.35   clock uncertainty
   0.00   12.35   clock reconvergence pessimism
  -0.06   12.29   library setup time
          12.29   data required time
---------------------------------------------------------
          12.29   data required time
         -11.57   data arrival time
---------------------------------------------------------
           0.72   slack (MET)



==========================================================================
finish report_checks -path_delay min reg to reg
--------------------------------------------------------------------------
Startpoint: st[9]$_DFF_PN0_ (rising edge-triggered flip-flop clocked by clk)
Endpoint: st[5]$_DFF_PN0_ (rising edge-triggered flip-flop clocked by clk)
Path Group: clk
Path Type: min

  Delay    Time   Description
---------------------------------------------------------
   0.00    0.00   clock clk (rise edge)
   0.00    0.00   clock source latency
   0.00    0.00 ^ clk (in)
   0.10    0.10 ^ clkbuf_regs_0_clk/X (sky130_fd_sc_hd__clkbuf_16)
   0.28    0.38 ^ clkbuf_0_clk_regs/X (sky130_fd_sc_hd__clkbuf_16)
   0.23    0.61 ^ clkbuf_4_2_0_clk_regs/X (sky130_fd_sc_hd__clkbuf_16)
   0.00    0.61 ^ st[9]$_DFF_PN0_/CLK (sky130_fd_sc_hd__dfrtp_1)
   0.35    0.96 ^ st[9]$_DFF_PN0_/Q (sky130_fd_sc_hd__dfrtp_1)
   0.00    0.96 ^ st[5]$_DFF_PN0_/D (sky130_fd_sc_hd__dfrtp_1)
           0.96   data arrival time

   0.00    0.00   clock clk (rise edge)
   0.00    0.00   clock source latency
   0.00    0.00 ^ clk (in)
   0.10    0.10 ^ clkbuf_regs_0_clk/X (sky130_fd_sc_hd__clkbuf_16)
   0.28    0.38 ^ clkbuf_0_clk_regs/X (sky130_fd_sc_hd__clkbuf_16)
   0.22    0.60 ^ clkbuf_4_3_0_clk_regs/X (sky130_fd_sc_hd__clkbuf_16)
   0.00    0.60 ^ st[5]$_DFF_PN0_/CLK (sky130_fd_sc_hd__dfrtp_1)
   0.25    0.85   clock uncertainty
   0.00    0.85   clock reconvergence pessimism
  -0.04    0.81   library hold time
           0.81   data required time
---------------------------------------------------------
           0.81   data required time
          -0.96   data arrival time
---------------------------------------------------------
           0.15   slack (MET)



==========================================================================
finish critical path target clock latency max path
--------------------------------------------------------------------------
0.5908

==========================================================================
finish critical path target clock latency min path
--------------------------------------------------------------------------
0.6119

==========================================================================
finish critical path source clock latency min path
--------------------------------------------------------------------------
0.0000

==========================================================================
finish critical path delay
--------------------------------------------------------------------------
11.5650

==========================================================================
finish critical path slack
--------------------------------------------------------------------------
0.7229

==========================================================================
finish slack div critical path delay
--------------------------------------------------------------------------
6.250757

==========================================================================
finish report_power
--------------------------------------------------------------------------
Group                  Internal  Switching    Leakage      Total
                          Power      Power      Power      Power (Watts)
----------------------------------------------------------------
Sequential             6.09e-04   0.00e+00   2.47e-09   6.09e-04   0.0%
Combinational          1.69e-05   3.53e-05   1.31e-08   5.22e-05   0.0%
Clock                  4.47e-04   3.20e-04   3.80e-10   7.67e-04   0.0%
Macro                  6.46e+06   0.00e+00   4.55e-06   6.46e+06 100.0%
Pad                    0.00e+00   0.00e+00   0.00e+00   0.00e+00   0.0%
----------------------------------------------------------------
Total                  6.46e+06   3.55e-04   4.56e-06   6.46e+06 100.0%
                         100.0%       0.0%       0.0%
