OpenROAD f552262465b0bfef8f097e258f94bc501d01e19d 
Features included (+) or not (-): +GPU +GUI +Python
This program is licensed under the BSD-3 license. See the LICENSE file for details.
Components of this program may be licensed under more restrictive licenses which must be honored.
[INFO ORD-0030] Using 12 thread(s).
read_liberty /opt/eda/orfs-6101364b/flow/platforms/sky130hd/lib/sky130_fd_sc_hd__tt_025C_1v80.lib
read_db /root/cac_runs/keccak_r1_7ns/results/sky130hd/cac_keccak_r1_7ns/base/3_3_place_gp.odb
read_sdc /root/cac_runs/keccak_r1_7ns/results/sky130hd/cac_keccak_r1_7ns/base/2_floorplan.sdc
source /opt/eda/orfs-6101364b/flow/platforms/sky130hd/setRC.tcl
estimate_parasitics -placement
Perform buffer insertion and gate resizing...
repair_design -verbose -match_cell_footprint
Iteration |   Area    | Resized | Buffers | Nets repaired | Remaining
---------------------------------------------------------------------
        0 |     +0.0% |       0 |       0 |             0 |     17709
     1000 |     +0.0% |       0 |       0 |             0 |     16709
     2000 |     +0.0% |       0 |       0 |             0 |     15709
     3000 |     +0.0% |       0 |       0 |             0 |     14709
     4000 |     +0.0% |       0 |       1 |             1 |     13709
     5000 |     +0.0% |       0 |       1 |             1 |     12709
     6000 |     +0.0% |       0 |       1 |             1 |     11709
     7000 |     +0.0% |       0 |       1 |             1 |     10709
     8000 |     +0.0% |       0 |       1 |             1 |      9709
     9000 |     +0.0% |       0 |       1 |             1 |      8709
    10000 |     +0.0% |       0 |       1 |             1 |      7709
    11000 |     +0.0% |       0 |       1 |             1 |      6709
    12000 |     +0.0% |       0 |       1 |             1 |      5709
    13000 |     +0.0% |       0 |       1 |             1 |      4709
    14000 |     +0.0% |       0 |       1 |             1 |      3709
    15000 |     +0.0% |       0 |       1 |             1 |      2709
    16000 |     +0.0% |       0 |       1 |             1 |      1709
    17000 |     +0.0% |       0 |       1 |             1 |       709
    final |     +0.0% |       0 |       1 |             1 |         0
---------------------------------------------------------------------
[INFO RSZ-0034] Found 1 slew violations.
[INFO RSZ-0036] Found 1 capacitance violations.
[INFO RSZ-0038] Inserted 1 buffers in 1 nets.
[INFO RSZ-0504] Runtime: 1.39s
Floating nets: 
Report metrics stage 3, resizer...

==========================================================================
resizer report_design_area
--------------------------------------------------------------------------
Design area 223360 um^2 48% utilization.
Instance count before 23805, after 23806
Pin count before 66300, after 66302
write_db /root/cac_runs/keccak_r1_7ns/results/sky130hd/cac_keccak_r1_7ns/base/3_4_place_resized.odb
Elapsed time: 0:08.59[h:]min:sec. CPU time: user 11.37 sys 3.85 (177%). Peak memory: 238916KB.
Log                       Ext     Elapsed/s Peak Memory/MB sha1sum result [0:20)
3_4_place_resized         .odb            8            233 d41b3264adb5f1dee42b
