OpenROAD f552262465b0bfef8f097e258f94bc501d01e19d 
Features included (+) or not (-): +GPU +GUI +Python
This program is licensed under the BSD-3 license. See the LICENSE file for details.
Components of this program may be licensed under more restrictive licenses which must be honored.
[INFO ORD-0030] Using 12 thread(s).
read_liberty /opt/eda/orfs-6101364b/flow/platforms/sky130hd/lib/sky130_fd_sc_hd__tt_025C_1v80.lib
read_db /root/cac_runs/keccak_r1_7ns/results/sky130hd/cac_keccak_r1_7ns/base/3_4_place_resized.odb
read_sdc /root/cac_runs/keccak_r1_7ns/results/sky130hd/cac_keccak_r1_7ns/base/2_floorplan.sdc
source /opt/eda/orfs-6101364b/flow/platforms/sky130hd/setRC.tcl
detailed_placement
[INFO DPL-0006] Core area: 464820.80 um^2
[INFO DPL-0007] Movable instances area: 215635.56 um^2
[INFO DPL-0008] Fixed instances area within core: 7724.91 um^2
[INFO DPL-0009] Utilization: 48.1%
[INFO DPL-0005] Diamond search max displacement: +/- 500 sites horizontally, +/- 100 rows vertically.
[INFO DPL-1102] Legalizing using negotiation legalizer.
[INFO DPL-1103] Negotiation base search window: +/-20 sites horizontally, +/-5 rows vertically 
	Automatic search window extension enabled.
	Search window extendable up to the max displacement cap of +/-500 sites, +/-100 rows near walls.
[INFO DPL-1104] NegotiationLegalizer DRC penalty: 5.
[INFO DPL-0392] Negotiation cell height distribution (1 unique row-count(s)):
[INFO DPL-0393]   height 1 row(s): 23806 cells
          |      Total |  Illegal |  Illegal
Iteration | Violations |    Cells |    Sites
---------------------------------------------
        0 |        647 |       145 |       502
        1 |         16 |         4 |        12
        2 |          0 |         0 |         0
Negotiation phase 1 converged at iteration 2.
[INFO DPL-0500] Runtime: 0.27s
Placement Analysis
---------------------------------
total displacement      54090.4 u
average displacement        2.3 u
max displacement           22.7 u
original HPWL         1160283.9 u
legalized HPWL        1197007.6 u
delta HPWL                    3 %

improve_placement -max_displacement "5 1"
Detailed placement improvement.
[INFO DPL-0401] Setting random seed to 1.
[INFO DPL-0402] Setting maximum displacement 5 1 to 13600 2720 units.
[INFO DPL-0320] Collected 6314 fixed cells.
[INFO DPL-0318] Collected 17632 single height cells.
[INFO DPL-0321] Collected 0 wide cells.
[INFO DPL-0322] Image (1380, 2720) - (684940, 682720)
[INFO DPL-0310] Assigned 17632 cells into segments.  Movement in X-direction is 0.000000, movement in Y-direction is 0.000000.
[INFO DPL-0313] Found 0 cells in wrong regions.
[INFO DPL-0315] Found 0 row alignment problems.
[INFO DPL-0314] Found 0 site alignment problems.
[INFO DPL-0311] Found 0 overlaps between adjacent cells.
[INFO DPL-0312] Found 0 edge spacing violations and 0 padding violations.
[INFO DPL-0303] Running algorithm for independent set matching.
[INFO DPL-0300] Set matching objective is wirelength.
[INFO DPL-0301] Pass   1 of matching; objective is 1.197087e+09.
[INFO DPL-0302] End of matching; objective is 1.196962e+09, improvement is 0.01 percent.
[INFO DPL-0303] Running algorithm for global swaps.
[INFO DPL-0306] Pass   1 of global swaps; hpwl is 1.189137e+09.
[INFO DPL-0307] End of global swaps; objective is 1.189137e+09, improvement is 0.65 percent.
[INFO DPL-0303] Running algorithm for vertical swaps.
[INFO DPL-0308] Pass   1 of vertical swaps; hpwl is 1.186521e+09.
[INFO DPL-0309] End of vertical swaps; objective is 1.186521e+09, improvement is 0.22 percent.
[INFO DPL-0303] Running algorithm for reordering.
[INFO DPL-0304] Pass   1 of reordering; objective is 1.186340e+09.
[INFO DPL-0305] End of reordering; objective is 1.186340e+09, improvement is 0.02 percent.
[INFO DPL-0303] Running algorithm for random improvement.
[INFO DPL-0324] Random improver is using random generator.
[INFO DPL-0325] Random improver is using hpwl objective.
[INFO DPL-0326] Random improver cost string is (a).
[INFO DPL-0332] End of pass, Generator random called 352640 times.
[INFO DPL-0335] Generator random, Cumulative attempts 352640, swaps 37787, moves 107942 since last reset.
[INFO DPL-0333] End of pass, Objective hpwl, Initial cost 1.178436e+09, Scratch cost 1.172055e+09, Incremental cost 1.172055e+09, Mismatch? N
[INFO DPL-0338] End of pass, Total cost is 1.172055e+09.
[INFO DPL-0327] Pass   1 of random improver; improvement in cost is 0.54 percent.
[INFO DPL-0328] End of random improver; improvement is 0.541505 percent.
[INFO DPL-0380] Cell flipping.
[INFO DPL-0382] Changed 0 cell orientations for row compatibility.
[INFO DPL-0383] Performed 4885 cell flips.
[INFO DPL-0384] End of flipping; objective is 1.166173e+09, improvement is 1.17 percent.
[INFO DPL-0313] Found 0 cells in wrong regions.
[INFO DPL-0315] Found 0 row alignment problems.
[INFO DPL-0314] Found 0 site alignment problems.
[INFO DPL-0311] Found 0 overlaps between adjacent cells.
[INFO DPL-0312] Found 0 edge spacing violations and 0 padding violations.
Detailed Improvement Results
------------------------------------------
Original HPWL          1197007.6 u (  577596.7,   619410.9)
Final HPWL             1166057.1 u (  563371.6,   602685.5)
Delta HPWL                  -2.6 % (      -2.5,       -2.7)

optimize_mirroring
[INFO DPL-0020] Mirrored 631 instances
[INFO DPL-0021] HPWL before          1166057.1 u
[INFO DPL-0022] HPWL after           1165837.6 u
[INFO DPL-0023] HPWL delta               -0.0 %
[INFO FLW-0012] Placement violations .
estimate_parasitics -placement
Report metrics stage 3, detailed place...

==========================================================================
detailed place report_design_area
--------------------------------------------------------------------------
Design area 223360 um^2 48% utilization.
write_db /root/cac_runs/keccak_r1_7ns/results/sky130hd/cac_keccak_r1_7ns/base/3_5_place_dp.odb
write_sdc -no_timestamp /root/cac_runs/keccak_r1_7ns/results/sky130hd/cac_keccak_r1_7ns/base/3_place.sdc
Elapsed time: 0:10.78[h:]min:sec. CPU time: user 13.22 sys 3.39 (154%). Peak memory: 349480KB.
Log                       Ext     Elapsed/s Peak Memory/MB sha1sum result [0:20)
3_5_place_dp              .odb           10            341 3c7bfde0febb57c0b43d
