OpenROAD f552262465b0bfef8f097e258f94bc501d01e19d 
Features included (+) or not (-): +GPU +GUI +Python
This program is licensed under the BSD-3 license. See the LICENSE file for details.
Components of this program may be licensed under more restrictive licenses which must be honored.
[INFO ORD-0030] Using 12 thread(s).
read_liberty /opt/eda/orfs-6101364b/flow/platforms/sky130hd/lib/sky130_fd_sc_hd__tt_025C_1v80.lib
read_db /root/cac_runs/ntt_opt_pipe_w12_12ns/results/sky130hd/cac_ntt_opt_pipe_w12_12ns/base/3_2_place_iop.odb
read_sdc /root/cac_runs/ntt_opt_pipe_w12_12ns/results/sky130hd/cac_ntt_opt_pipe_w12_12ns/base/2_floorplan.sdc
source /opt/eda/orfs-6101364b/flow/platforms/sky130hd/setRC.tcl
[INFO RSZ-0026] Removed 808 buffers.
Perform port buffering...
[INFO RSZ-0027] Inserted 32 sky130_fd_sc_hd__clkdlybuf4s50_1 input buffers.
[INFO RSZ-0028] Inserted 14 sky130_fd_sc_hd__clkdlybuf4s50_1 output buffers.
[INFO GPL-0022] Initialize gpl and calculate uniform density.
Placement density is 0.5939999914169312, computed from PLACE_DENSITY_LB_ADDON  0.20 and lower bound 0.47999998927116394
global_placement -density 0.5939999914169312 -pad_left 0 -pad_right 0 -routability_driven -timing_driven -force_center_initial_place -min_phi_coef 0.95 -max_phi_coef 1.05
[INFO GPL-0001] ---- Initialize GPL Main Data Structures
[INFO GPL-0002] DBU: 1000
[INFO GPL-0003] SiteSize: (  0.460  2.720 ) um
[INFO GPL-0004] CoreBBox: (  1.380  2.720 ) ( 582.820 582.080 ) um
[INFO GPL-0016] Core area:                  336863.078 um^2
[INFO GPL-0036] Movable instances area:     149281.923 um^2
[INFO GPL-0037] Total instances area:       154931.091 um^2
[INFO GPL-0035] Pin density area adjust:      7230.087 um^2
[INFO GPL-0032] ---- Initialize Region: Top-level
[INFO GPL-0006] Number of instances:             16105
[INFO GPL-0007] Movable instances:               11590
[INFO GPL-0008] Fixed instances:                  4515
[INFO GPL-0009] Dummy instances:                     0
[INFO GPL-0010] Number of nets:                  12295
[INFO GPL-0011] Number of pins:                  44184
[INFO GPL-0012] Die BBox:       (  0.000  0.000 ) ( 583.880 583.880 ) um
[INFO GPL-0013] Placement BBox: (  1.380  2.720 ) ( 582.820 582.080 ) um
[INFO GPL-0014] Region name: top-level.
[INFO GPL-0015] Region area:                336863.078 um^2
[INFO GPL-0017] Fixed instances area:         5649.168 um^2
[INFO GPL-0018] Movable instances area:     156512.010 um^2
[INFO GPL-0019] Utilization:                    47.254 %
[INFO GPL-0020] Standard cells area:        156512.010 um^2
[INFO GPL-0021] Large instances area:            0.000 um^2
[INFO GPL-0005] ---- Execute Conjugate Gradient Initial Placement.
[INFO GPL-0051] Source of initial instance position counters:
	Odb location = 0	Core center = 11590	Region center = 0
[InitialPlace]  Iter: 1 conjugate gradient residual: 0.00468071 HPWL: 431388466
[InitialPlace]  Iter: 2 conjugate gradient residual: 0.00108945 HPWL: 126268567
[InitialPlace]  Iter: 3 conjugate gradient residual: 0.00076977 HPWL: 119888140
[InitialPlace]  Iter: 4 conjugate gradient residual: 0.00036481 HPWL: 116223738
[InitialPlace]  Iter: 5 conjugate gradient residual: 0.00036634 HPWL: 115957455
[InitialPlace]  Iter: 6 conjugate gradient residual: 0.00004232 HPWL: 113065376
[InitialPlace]  Iter: 7 conjugate gradient residual: 0.00001598 HPWL: 113073891
[InitialPlace]  Iter: 8 conjugate gradient residual: 0.00000689 HPWL: 112709019
[INFO GPL-0033] ---- Initialize Nesterov Region: Top-level
[INFO GPL-0023] Placement target density:       0.5940
[INFO GPL-0024] Movable insts average area:     13.504 um^2
[INFO GPL-0025] Ideal bin area:                 22.734 um^2
[INFO GPL-0026] Ideal bin count:                 14817
[INFO GPL-0027] Total bin area:             336863.078 um^2
[INFO GPL-0028] Bin count (X, Y):          64 ,     64
[INFO GPL-0029] Bin size (W * H):       9.085 *  9.053 um
[INFO GPL-0030] Number of bins:                   4096
[INFO GPL-0084] ---- Execute Nesterov Global Placement.
[INFO GPL-0031] HPWL: Half-Perimeter Wirelength
Iteration | Overflow |     HPWL (um) |  HPWL(%) |   Penalty | Group
---------------------------------------------------------------
        0 |   0.9944 |  1.553989e+04 |   +0.00% |  7.16e-17 |      
       10 |   0.9929 |  1.611269e+04 |   +3.69% |  1.17e-16 |      
       20 |   0.9922 |  1.645871e+04 |   +2.15% |  1.90e-16 |      
       30 |   0.9922 |  1.653518e+04 |   +0.46% |  3.09e-16 |      
       40 |   0.9922 |  1.671267e+04 |   +1.07% |  5.04e-16 |      
       50 |   0.9921 |  1.685035e+04 |   +0.82% |  8.21e-16 |      
       60 |   0.9921 |  1.690723e+04 |   +0.34% |  1.34e-15 |      
       70 |   0.9920 |  1.690750e+04 |   +0.00% |  2.18e-15 |      
       80 |   0.9917 |  1.685694e+04 |   -0.30% |  3.55e-15 |      
       90 |   0.9913 |  1.678643e+04 |   -0.42% |  5.78e-15 |      
      100 |   0.9913 |  1.672869e+04 |   -0.34% |  9.41e-15 |      
      110 |   0.9915 |  1.670851e+04 |   -0.12% |  1.53e-14 |      
      120 |   0.9915 |  1.673894e+04 |   +0.18% |  2.50e-14 |      
      130 |   0.9913 |  1.682664e+04 |   +0.52% |  4.07e-14 |      
      140 |   0.9912 |  1.699873e+04 |   +1.02% |  6.62e-14 |      
      150 |   0.9898 |  1.733243e+04 |   +1.96% |  1.08e-13 |      
      160 |   0.9898 |  1.803979e+04 |   +4.08% |  1.76e-13 |      
      170 |   0.9885 |  1.933091e+04 |   +7.16% |  2.86e-13 |      
      180 |   0.9869 |  2.186774e+04 |  +13.12% |  4.66e-13 |      
      190 |   0.9822 |  2.707247e+04 |  +23.80% |  7.59e-13 |      
      200 |   0.9739 |  3.691489e+04 |  +36.36% |  1.23e-12 |      
      210 |   0.9626 |  4.895242e+04 |  +32.61% |  2.01e-12 |      
      220 |   0.9509 |  6.041506e+04 |  +23.42% |  3.27e-12 |      
      230 |   0.9397 |  7.001670e+04 |  +15.89% |  5.32e-12 |      
      240 |   0.9259 |  8.092736e+04 |  +15.58% |  8.65e-12 |      
      250 |   0.9059 |  9.550325e+04 |  +18.01% |  1.41e-11 |      
      260 |   0.8766 |  1.120614e+05 |  +17.34% |  2.29e-11 |      
      270 |   0.8419 |  1.266597e+05 |  +13.03% |  3.72e-11 |      
      280 |   0.8124 |  1.392155e+05 |   +9.91% |  6.05e-11 |      
      290 |   0.7780 |  1.515355e+05 |   +8.85% |  9.85e-11 |      
      300 |   0.7364 |  1.680254e+05 |  +10.88% |  1.60e-10 |      
      310 |   0.6973 |  1.813271e+05 |   +7.92% |  2.60e-10 |      
      320 |   0.6537 |  1.886956e+05 |   +4.06% |  4.24e-10 |      
[INFO GPL-0100] Timing-driven iteration 1/2, virtual: false.
[INFO GPL-0101]    Iter: 325, overflow: 0.634, keep resizer changes at: 1, HPWL: 191621294
Iteration |   Area    | Resized | Buffers | Nets repaired | Remaining
---------------------------------------------------------------------
        0 |     +0.0% |       0 |       0 |             0 |     12299
    final |     +3.4% |      52 |     278 |            56 |         0
---------------------------------------------------------------------
[INFO RSZ-0034] Found 56 slew violations.
[INFO RSZ-0036] Found 25 capacitance violations.
[INFO RSZ-0039] Resized 52 instances.
[INFO RSZ-0038] Inserted 278 buffers in 56 nets.
   Iter   |    Area   | Removed | Inserted |   Pins
          |           | Buffers | Buffers  | Remaining
-------------------------------------------------------
        0 |     +0.0% |       0 |        0 |     12254
     1200 |     +0.0% |       0 |        2 |     11054
     2400 |     +0.0% |       3 |       12 |      9854
     3600 |     -0.8% |      72 |       37 |      8654
     4800 |     -0.9% |      81 |       42 |      7454
     6000 |     -0.9% |      86 |       46 |      6254
     7200 |     -0.9% |      86 |       46 |      5054
     8400 |     -2.3% |     270 |      103 |      3854
     9600 |     -2.3% |     275 |      107 |      2654
    10800 |     -2.3% |     275 |      107 |      1454
    12000 |     -2.3% |     275 |      107 |       254
    final |     -2.3% |     278 |      117 |         0
-------------------------------------------------------
[INFO GPL-0106] Timing-driven: worst slack -2.4e-09
[INFO GPL-0107] Timing-driven: repair_design delta area: 1449.252 um^2 (+0.93%)
[INFO GPL-0108] Timing-driven: repair_design, gpl delta gcells: 117 (+1.01%)
[INFO GPL-0109] Timing-driven: repair_design, gcells created: 395, deleted: 278
[INFO GPL-0110] Timing-driven: new target density: 0.59837556
Iteration | Overflow |     HPWL (um) |  HPWL(%) |   Penalty | Group
---------------------------------------------------------------
      330 |   0.6122 |  2.148652e+05 |  +13.87% |  6.88e-10 |      
[INFO GPL-0038] Routability snapshot saved at iter = 335
      334 |   0.5998 |  2.198481e+05 |          |           |      
      340 |   0.5805 |  2.249965e+05 |   +4.72% |  1.12e-09 |      
      350 |   0.5303 |  2.306401e+05 |   +2.51% |  1.82e-09 |      
      360 |   0.4874 |  2.333213e+05 |   +1.16% |  2.97e-09 |      
      370 |   0.4366 |  2.349390e+05 |   +0.69% |  4.83e-09 |      
      380 |   0.3925 |  2.354063e+05 |   +0.20% |  7.87e-09 |      
      390 |   0.3407 |  2.367222e+05 |   +0.56% |  1.27e-08 |      
      400 |   0.3078 |  2.366777e+05 |   -0.02% |  1.87e-08 |      
[INFO GPL-0040] Routability iteration: 1
[WARNING GRT-0281] Net clk has a large fanout of 3266 terminals.
[INFO GPL-0041] Total routing overflow: 10.5042
[INFO GPL-0042] Number of overflowed tiles: 69 (0.98%)
[INFO GPL-0043] Average top 0.5% routing congestion: 1.2490
[INFO GPL-0044] Average top 1.0% routing congestion: 1.1479
[INFO GPL-0045] Average top 2.0% routing congestion: 1.0413
[INFO GPL-0046] Average top 5.0% routing congestion: 0.9122
[INFO GPL-0047] Routability iteration weighted routing congestion: 1.1985
[INFO GPL-0048] Routing congestion (1.1985) lower than previous minimum (1e+30). Updating minimum.
[INFO GPL-0086] Inflated area:                3366.797 um^2 (+2.13%)
[INFO GPL-0052] Placement target density:       0.5984
[INFO GPL-0076] Removing fillers, count: Before: 2832, After: 2595 (-8.37%)
[INFO GPL-0077] Filler area (um^2)     : Before: 40229.045, After: 36856.736 (-8.38%)
[INFO GPL-0078] Removed fillers count: 237, area removed: 3366.106 um^2. Remaining area to be compensated by modifying density: 0.690 um^2
[INFO GPL-0058] White space area:           331213.910 um^2 (+0.00%)
[INFO GPL-0059] Movable instances area:     198190.301 um^2 (+0.00%)
[INFO GPL-0060] Total filler area:           36856.736 um^2 (-8.38%)
[INFO GPL-0061] Total non-inflated area:    198184.795 um^2 (-0.00%)
[INFO GPL-0062] Total inflated area:        201551.591 um^2 (-0.00%)
[INFO GPL-0063] New Target Density:             0.5984
[INFO GPL-0087] Routability end iteration: increase inflation and revert back to snapshot.
Iteration | Overflow |     HPWL (um) |  HPWL(%) |   Penalty | Group
---------------------------------------------------------------
      410 |   0.5795 |  2.294115e+05 |   -3.07% |  1.11e-09 |      
      420 |   0.5388 |  2.322567e+05 |   +1.24% |  1.63e-09 |      
      430 |   0.5110 |  2.354949e+05 |   +1.39% |  2.40e-09 |      
      440 |   0.4675 |  2.361402e+05 |   +0.27% |  3.54e-09 |      
      450 |   0.4337 |  2.344080e+05 |   -0.73% |  5.21e-09 |      
      460 |   0.3946 |  2.377212e+05 |   +1.41% |  7.67e-09 |      
      470 |   0.3588 |  2.392313e+05 |   +0.64% |  1.13e-08 |      
      480 |   0.3220 |  2.382090e+05 |   -0.43% |  1.66e-08 |      
[INFO GPL-0040] Routability iteration: 2
[INFO GPL-0041] Total routing overflow: 2.5875
[INFO GPL-0042] Number of overflowed tiles: 32 (0.45%)
[INFO GPL-0043] Average top 0.5% routing congestion: 1.0713
[INFO GPL-0044] Average top 1.0% routing congestion: 1.0157
[INFO GPL-0045] Average top 2.0% routing congestion: 0.9531
[INFO GPL-0046] Average top 5.0% routing congestion: 0.8679
[INFO GPL-0047] Routability iteration weighted routing congestion: 1.0435
[INFO GPL-0048] Routing congestion (1.0435) lower than previous minimum (1.198). Updating minimum.
[INFO GPL-0086] Inflated area:                 751.200 um^2 (+0.47%)
[INFO GPL-0052] Placement target density:       0.5984
[INFO GPL-0076] Removing fillers, count: Before: 2595, After: 2543 (-2.00%)
[INFO GPL-0077] Filler area (um^2)     : Before: 36856.736, After: 36118.181 (-2.00%)
[INFO GPL-0078] Removed fillers count: 52, area removed: 738.555 um^2. Remaining area to be compensated by modifying density: 12.645 um^2
[INFO GPL-0058] White space area:           331213.910 um^2 (+0.00%)
[INFO GPL-0059] Movable instances area:     198190.301 um^2 (+0.00%)
[INFO GPL-0060] Total filler area:           36118.181 um^2 (-2.00%)
[INFO GPL-0061] Total non-inflated area:    198197.440 um^2 (+0.01%)
[INFO GPL-0062] Total inflated area:        198948.640 um^2 (+0.01%)
[INFO GPL-0063] New Target Density:             0.5984
[INFO GPL-0087] Routability end iteration: increase inflation and revert back to snapshot.
Iteration | Overflow |     HPWL (um) |  HPWL(%) |   Penalty | Group
---------------------------------------------------------------
      490 |   0.6040 |  2.215799e+05 |   -6.98% |  9.13e-10 |      
      500 |   0.5537 |  2.350246e+05 |   +6.07% |  1.34e-09 |      
      510 |   0.5253 |  2.345141e+05 |   -0.22% |  1.98e-09 |      
      520 |   0.4897 |  2.390594e+05 |   +1.94% |  2.91e-09 |      
      530 |   0.4502 |  2.352377e+05 |   -1.60% |  4.29e-09 |      
      540 |   0.4153 |  2.383759e+05 |   +1.33% |  6.32e-09 |      
      550 |   0.3773 |  2.397807e+05 |   +0.59% |  9.31e-09 |      
      560 |   0.3386 |  2.408961e+05 |   +0.47% |  1.37e-08 |      
      570 |   0.3088 |  2.389910e+05 |   -0.79% |  2.02e-08 |      
[INFO GPL-0040] Routability iteration: 3
[INFO GPL-0041] Total routing overflow: 1.7677
[INFO GPL-0042] Number of overflowed tiles: 35 (0.50%)
[INFO GPL-0043] Average top 0.5% routing congestion: 1.0491
[INFO GPL-0044] Average top 1.0% routing congestion: 1.0102
[INFO GPL-0045] Average top 2.0% routing congestion: 0.9503
[INFO GPL-0046] Average top 5.0% routing congestion: 0.8679
[INFO GPL-0047] Routability iteration weighted routing congestion: 1.0296
[INFO GPL-0048] Routing congestion (1.0296) lower than previous minimum (1.044). Updating minimum.
[INFO GPL-0086] Inflated area:                 435.806 um^2 (+0.27%)
[INFO GPL-0052] Placement target density:       0.5984
[INFO GPL-0076] Removing fillers, count: Before: 2543, After: 2513 (-1.18%)
[INFO GPL-0077] Filler area (um^2)     : Before: 36118.181, After: 35692.091 (-1.18%)
[INFO GPL-0078] Removed fillers count: 30, area removed: 426.089 um^2. Remaining area to be compensated by modifying density: 9.717 um^2
[INFO GPL-0058] White space area:           331213.910 um^2 (+0.00%)
[INFO GPL-0059] Movable instances area:     198190.301 um^2 (+0.00%)
[INFO GPL-0060] Total filler area:           35692.091 um^2 (-1.18%)
[INFO GPL-0061] Total non-inflated area:    198207.157 um^2 (+0.00%)
[INFO GPL-0062] Total inflated area:        198642.963 um^2 (+0.00%)
[INFO GPL-0063] New Target Density:             0.5984
[INFO GPL-0087] Routability end iteration: increase inflation and revert back to snapshot.
Iteration | Overflow |     HPWL (um) |  HPWL(%) |   Penalty | Group
---------------------------------------------------------------
      580 |   0.5793 |  2.312364e+05 |   -3.24% |  1.11e-09 |      
      590 |   0.5365 |  2.340934e+05 |   +1.24% |  1.63e-09 |      
      600 |   0.5132 |  2.376928e+05 |   +1.54% |  2.40e-09 |      
      610 |   0.4677 |  2.380793e+05 |   +0.16% |  3.53e-09 |      
      620 |   0.4356 |  2.364248e+05 |   -0.69% |  5.21e-09 |      
      630 |   0.3960 |  2.396690e+05 |   +1.37% |  7.67e-09 |      
      640 |   0.3584 |  2.415379e+05 |   +0.78% |  1.13e-08 |      
      650 |   0.3271 |  2.399311e+05 |   -0.67% |  1.66e-08 |      
[INFO GPL-0040] Routability iteration: 4
[INFO GPL-0041] Total routing overflow: 1.3287
[INFO GPL-0042] Number of overflowed tiles: 30 (0.43%)
[INFO GPL-0043] Average top 0.5% routing congestion: 1.0363
[INFO GPL-0044] Average top 1.0% routing congestion: 1.0023
[INFO GPL-0045] Average top 2.0% routing congestion: 0.9457
[INFO GPL-0046] Average top 5.0% routing congestion: 0.8644
[INFO GPL-0047] Routability iteration weighted routing congestion: 1.0193
[INFO GPL-0048] Routing congestion (1.0193) lower than previous minimum (1.03). Updating minimum.
[INFO GPL-0086] Inflated area:                 395.534 um^2 (+0.24%)
[INFO GPL-0052] Placement target density:       0.5984
[INFO GPL-0076] Removing fillers, count: Before: 2513, After: 2486 (-1.07%)
[INFO GPL-0077] Filler area (um^2)     : Before: 35692.091, After: 35308.611 (-1.07%)
[INFO GPL-0078] Removed fillers count: 27, area removed: 383.480 um^2. Remaining area to be compensated by modifying density: 12.054 um^2
[INFO GPL-0058] White space area:           331213.910 um^2 (+0.00%)
[INFO GPL-0059] Movable instances area:     198190.301 um^2 (+0.00%)
[INFO GPL-0060] Total filler area:           35308.611 um^2 (-1.07%)
[INFO GPL-0061] Total non-inflated area:    198219.211 um^2 (+0.01%)
[INFO GPL-0062] Total inflated area:        198614.745 um^2 (+0.01%)
[INFO GPL-0063] New Target Density:             0.5984
[INFO GPL-0087] Routability end iteration: increase inflation and revert back to snapshot.
Iteration | Overflow |     HPWL (um) |  HPWL(%) |   Penalty | Group
---------------------------------------------------------------
      660 |   0.6058 |  2.216214e+05 |   -7.63% |  9.13e-10 |      
      670 |   0.5530 |  2.366811e+05 |   +6.80% |  1.34e-09 |      
      680 |   0.5266 |  2.357394e+05 |   -0.40% |  1.98e-09 |      
      690 |   0.4900 |  2.407303e+05 |   +2.12% |  2.91e-09 |      
      700 |   0.4493 |  2.369383e+05 |   -1.58% |  4.29e-09 |      
      710 |   0.4149 |  2.398461e+05 |   +1.23% |  6.32e-09 |      
      720 |   0.3786 |  2.414327e+05 |   +0.66% |  9.30e-09 |      
      730 |   0.3386 |  2.419083e+05 |   +0.20% |  1.37e-08 |      
      740 |   0.3097 |  2.408196e+05 |   -0.45% |  2.02e-08 |      
[INFO GPL-0040] Routability iteration: 5
[INFO GPL-0041] Total routing overflow: 1.1960
[INFO GPL-0042] Number of overflowed tiles: 31 (0.44%)
[INFO GPL-0043] Average top 0.5% routing congestion: 1.0324
[INFO GPL-0044] Average top 1.0% routing congestion: 0.9976
[INFO GPL-0045] Average top 2.0% routing congestion: 0.9446
[INFO GPL-0046] Average top 5.0% routing congestion: 0.8633
[INFO GPL-0047] Routability iteration weighted routing congestion: 1.0150
[INFO GPL-0048] Routing congestion (1.0150) lower than previous minimum (1.019). Updating minimum.
[INFO GPL-0086] Inflated area:                 287.137 um^2 (+0.18%)
[INFO GPL-0052] Placement target density:       0.5984
[INFO GPL-0076] Removing fillers, count: Before: 2486, After: 2466 (-0.80%)
[INFO GPL-0077] Filler area (um^2)     : Before: 35308.611, After: 35024.551 (-0.80%)
[INFO GPL-0078] Removed fillers count: 20, area removed: 284.060 um^2. Remaining area to be compensated by modifying density: 3.077 um^2
[INFO GPL-0058] White space area:           331213.910 um^2 (+0.00%)
[INFO GPL-0059] Movable instances area:     198190.301 um^2 (+0.00%)
[INFO GPL-0060] Total filler area:           35024.551 um^2 (-0.80%)
[INFO GPL-0061] Total non-inflated area:    198222.288 um^2 (+0.00%)
[INFO GPL-0062] Total inflated area:        198509.425 um^2 (+0.00%)
[INFO GPL-0063] New Target Density:             0.5984
[INFO GPL-0087] Routability end iteration: increase inflation and revert back to snapshot.
Iteration | Overflow |     HPWL (um) |  HPWL(%) |   Penalty | Group
---------------------------------------------------------------
      750 |   0.5790 |  2.322849e+05 |   -3.54% |  1.11e-09 |      
      760 |   0.5360 |  2.350500e+05 |   +1.19% |  1.63e-09 |      
      770 |   0.5133 |  2.389943e+05 |   +1.68% |  2.40e-09 |      
      780 |   0.4688 |  2.392141e+05 |   +0.09% |  3.53e-09 |      
      790 |   0.4353 |  2.376948e+05 |   -0.64% |  5.21e-09 |      
      800 |   0.3972 |  2.407490e+05 |   +1.28% |  7.67e-09 |      
      810 |   0.3582 |  2.427059e+05 |   +0.81% |  1.13e-08 |      
      820 |   0.3272 |  2.411937e+05 |   -0.62% |  1.66e-08 |      
[INFO GPL-0040] Routability iteration: 6
[INFO GPL-0041] Total routing overflow: 1.2574
[INFO GPL-0042] Number of overflowed tiles: 25 (0.35%)
[INFO GPL-0043] Average top 0.5% routing congestion: 1.0304
[INFO GPL-0044] Average top 1.0% routing congestion: 0.9903
[INFO GPL-0045] Average top 2.0% routing congestion: 0.9396
[INFO GPL-0046] Average top 5.0% routing congestion: 0.8614
[INFO GPL-0047] Routability iteration weighted routing congestion: 1.0103
[INFO GPL-0048] Routing congestion (1.0103) lower than previous minimum (1.015). Updating minimum.
[INFO GPL-0086] Inflated area:                 338.685 um^2 (+0.21%)
[INFO GPL-0052] Placement target density:       0.5984
[INFO GPL-0076] Removing fillers, count: Before: 2466, After: 2443 (-0.93%)
[INFO GPL-0077] Filler area (um^2)     : Before: 35024.551, After: 34697.883 (-0.93%)
[INFO GPL-0078] Removed fillers count: 23, area removed: 326.669 um^2. Remaining area to be compensated by modifying density: 12.017 um^2
[INFO GPL-0058] White space area:           331213.910 um^2 (+0.00%)
[INFO GPL-0059] Movable instances area:     198190.301 um^2 (+0.00%)
[INFO GPL-0060] Total filler area:           34697.883 um^2 (-0.93%)
[INFO GPL-0061] Total non-inflated area:    198234.305 um^2 (+0.01%)
[INFO GPL-0062] Total inflated area:        198572.990 um^2 (+0.01%)
[INFO GPL-0063] New Target Density:             0.5984
[INFO GPL-0087] Routability end iteration: increase inflation and revert back to snapshot.
Iteration | Overflow |     HPWL (um) |  HPWL(%) |   Penalty | Group
---------------------------------------------------------------
      830 |   0.6071 |  2.216242e+05 |   -8.11% |  9.13e-10 |      
      840 |   0.5527 |  2.377979e+05 |   +7.30% |  1.34e-09 |      
      850 |   0.5274 |  2.367436e+05 |   -0.44% |  1.98e-09 |      
      860 |   0.4911 |  2.417613e+05 |   +2.12% |  2.91e-09 |      
      870 |   0.4499 |  2.381262e+05 |   -1.50% |  4.29e-09 |      
      880 |   0.4143 |  2.409668e+05 |   +1.19% |  6.32e-09 |      
      890 |   0.3787 |  2.423919e+05 |   +0.59% |  9.30e-09 |      
      900 |   0.3396 |  2.429418e+05 |   +0.23% |  1.37e-08 |      
      910 |   0.3095 |  2.418934e+05 |   -0.43% |  2.02e-08 |      
[INFO GPL-0040] Routability iteration: 7
[INFO GPL-0041] Total routing overflow: 1.0639
[INFO GPL-0042] Number of overflowed tiles: 19 (0.27%)
[INFO GPL-0043] Average top 0.5% routing congestion: 1.0216
[INFO GPL-0044] Average top 1.0% routing congestion: 0.9830
[INFO GPL-0045] Average top 2.0% routing congestion: 0.9330
[INFO GPL-0046] Average top 5.0% routing congestion: 0.8583
[INFO GPL-0047] Routability iteration weighted routing congestion: 1.0023
[INFO GPL-0050] Weighted routing congestion is lower than target routing congestion(1.0100), end routability optimization.
[INFO GPL-0090] Routability finished. Target routing congestion achieved succesfully.
Iteration | Overflow |     HPWL (um) |  HPWL(%) |   Penalty | Group
---------------------------------------------------------------
      920 |   0.2695 |  2.411014e+05 |   -0.33% |  2.97e-08 |      
      930 |   0.2373 |  2.412534e+05 |   +0.06% |  4.38e-08 |      
      940 |   0.2060 |  2.412176e+05 |   -0.01% |  6.45e-08 |      
[INFO GPL-0100] Timing-driven iteration 2/2, virtual: false.
[INFO GPL-0101]    Iter: 945, overflow: 0.192, keep resizer changes at: 1, HPWL: 240773049
Iteration |   Area    | Resized | Buffers | Nets repaired | Remaining
---------------------------------------------------------------------
        0 |     +0.0% |       0 |       0 |             0 |     12416
    final |     +0.2% |      12 |      11 |            13 |         0
---------------------------------------------------------------------
[INFO RSZ-0034] Found 12 slew violations.
[INFO RSZ-0036] Found 2 capacitance violations.
[INFO RSZ-0039] Resized 12 instances.
[INFO RSZ-0038] Inserted 11 buffers in 13 nets.
   Iter   |    Area   | Removed | Inserted |   Pins
          |           | Buffers | Buffers  | Remaining
-------------------------------------------------------
        0 |     +0.0% |       0 |        0 |     12254
     1200 |     +0.0% |       2 |        4 |     11054
     2400 |     +1.1% |      17 |      257 |      9854
     3600 |     +1.2% |      48 |      306 |      8654
     4800 |     +1.2% |      53 |      315 |      7454
     6000 |     +1.2% |      57 |      321 |      6254
     7200 |     +1.2% |      57 |      321 |      5054
     8400 |     +1.5% |     114 |      432 |      3854
     9600 |     +1.6% |     118 |      443 |      2654
    10800 |     +1.6% |     118 |      443 |      1454
    12000 |     +1.6% |     118 |      443 |       254
    final |     +1.6% |     128 |      462 |         0
-------------------------------------------------------
[INFO GPL-0106] Timing-driven: worst slack -2.4e-09
[INFO GPL-0107] Timing-driven: repair_design delta area: 2771.808 um^2 (+1.69%)
[INFO GPL-0108] Timing-driven: repair_design, gpl delta gcells: 345 (+2.95%)
[INFO GPL-0109] Timing-driven: repair_design, gcells created: 473, deleted: 128
[INFO GPL-0110] Timing-driven: new target density: 0.6068771
Iteration | Overflow |     HPWL (um) |  HPWL(%) |   Penalty | Group
---------------------------------------------------------------
      950 |   0.1751 |  2.695136e+05 |  +11.73% |  9.48e-08 |      
      960 |   0.1454 |  2.663448e+05 |   -1.18% |  1.40e-07 |      
      970 |   0.1268 |  2.647348e+05 |   -0.60% |  2.06e-07 |      
      980 |   0.1020 |  2.637599e+05 |   -0.37% |  3.03e-07 |      
      983 |   0.0994 |  2.633517e+05 |          |  3.54e-07 |      
---------------------------------------------------------------
[INFO GPL-1001] Global placement finished at iteration 983
[INFO GPL-1017] Routability mode iteration count: 572
[INFO GPL-1005] Routability final weighted congestion: 0.8832
[INFO GPL-1002] Placed Cell Area            166308.2304
[INFO GPL-1003] Available Free Area         331213.9104
[INFO GPL-1004] Minimum Feasible Density        0.4800 (cell_area / free_area)
[INFO GPL-1006]   Suggested Target Densities:
[INFO GPL-1007]     - For 90% usage of free space: 0.5579
[INFO GPL-1008]     - For 80% usage of free space: 0.6276
[INFO GPL-1011] Original area (um^2): 156512.01
[INFO GPL-1012] Total routability artificial inflation: 5575.16 (+3.56%)
[INFO GPL-1013] Total timing-driven delta area: 4221.06 (+2.70%)
[INFO GPL-1014] Final placement area: 166308.23 (+6.26%)
Took 17 seconds: global_placement -density 0.5939999914169312 -pad_left 0 -pad_right 0 -routability_driven -timing_driven -force_center_initial_place -min_phi_coef 0.95 -max_phi_coef 1.05
estimate_parasitics -placement
Report metrics stage 3, global place...

==========================================================================
global place report_design_area
--------------------------------------------------------------------------
Design area 159280 um^2 47% utilization.
write_db /root/cac_runs/ntt_opt_pipe_w12_12ns/results/sky130hd/cac_ntt_opt_pipe_w12_12ns/base/3_3_place_gp.odb
Elapsed time: 0:21.59[h:]min:sec. CPU time: user 89.34 sys 7.11 (446%). Peak memory: 380468KB.
Log                       Ext     Elapsed/s Peak Memory/MB sha1sum result [0:20)
3_3_place_gp              .odb           21            371 b58c2cc75a27070170ce
