OpenROAD f552262465b0bfef8f097e258f94bc501d01e19d 
Features included (+) or not (-): +GPU +GUI +Python
This program is licensed under the BSD-3 license. See the LICENSE file for details.
Components of this program may be licensed under more restrictive licenses which must be honored.
[INFO ORD-0030] Using 12 thread(s).
read_liberty /opt/eda/orfs-6101364b/flow/platforms/sky130hd/lib/sky130_fd_sc_hd__tt_025C_1v80.lib
read_db /root/cac_runs/ntt_opt_pipe_w12_12ns/results/sky130hd/cac_ntt_opt_pipe_w12_12ns/base/4_cts.odb
read_sdc /root/cac_runs/ntt_opt_pipe_w12_12ns/results/sky130hd/cac_ntt_opt_pipe_w12_12ns/base/4_cts.sdc
source /opt/eda/orfs-6101364b/flow/platforms/sky130hd/setRC.tcl
pin_access
[INFO DRT-0149] Reading tech and libs.
[WARNING DRT-0349] LEF58_ENCLOSURE with no CUTCLASS is not supported. Skipping for layer mcon
[WARNING DRT-0349] LEF58_ENCLOSURE with no CUTCLASS is not supported. Skipping for layer mcon
[WARNING DRT-0349] LEF58_ENCLOSURE with no CUTCLASS is not supported. Skipping for layer via
[WARNING DRT-0349] LEF58_ENCLOSURE with no CUTCLASS is not supported. Skipping for layer via
[WARNING DRT-0349] LEF58_ENCLOSURE with no CUTCLASS is not supported. Skipping for layer via2
[WARNING DRT-0349] LEF58_ENCLOSURE with no CUTCLASS is not supported. Skipping for layer via2
[WARNING DRT-0349] LEF58_ENCLOSURE with no CUTCLASS is not supported. Skipping for layer via3
[WARNING DRT-0349] LEF58_ENCLOSURE with no CUTCLASS is not supported. Skipping for layer via3
[WARNING DRT-0349] LEF58_ENCLOSURE with no CUTCLASS is not supported. Skipping for layer via4
[WARNING DRT-0349] LEF58_ENCLOSURE with no CUTCLASS is not supported. Skipping for layer via4

Units:                1000
Number of layers:     13
Number of macros:     441
Number of vias:       29
Number of viarulegen: 25

[INFO DRT-0150] Reading design.
[WARNING DRT-0120] Large net net840 has 130 pins which may impact routing performance. Consider optimization.
[WARNING DRT-0120] Large net net839 has 112 pins which may impact routing performance. Consider optimization.
[WARNING DRT-0120] Large net net834 has 130 pins which may impact routing performance. Consider optimization.
[WARNING DRT-0120] Large net net760 has 163 pins which may impact routing performance. Consider optimization.
[WARNING DRT-0120] Large net net754 has 167 pins which may impact routing performance. Consider optimization.
[WARNING DRT-0120] Large net net753 has 178 pins which may impact routing performance. Consider optimization.
[WARNING DRT-0120] Large net net751 has 179 pins which may impact routing performance. Consider optimization.
[WARNING DRT-0120] Large net net747 has 160 pins which may impact routing performance. Consider optimization.
[WARNING DRT-0120] Large net net845 has 139 pins which may impact routing performance. Consider optimization.
[WARNING DRT-0120] Large net net810 has 101 pins which may impact routing performance. Consider optimization.
[WARNING DRT-0120] Large net net806 has 106 pins which may impact routing performance. Consider optimization.
[WARNING DRT-0120] Large net net749 has 178 pins which may impact routing performance. Consider optimization.
[WARNING DRT-0120] Large net net743 has 179 pins which may impact routing performance. Consider optimization.
[WARNING DRT-0120] Large net net745 has 197 pins which may impact routing performance. Consider optimization.
[WARNING DRT-0120] Large net net856 has 101 pins which may impact routing performance. Consider optimization.
[WARNING DRT-0120] Large net net804 has 149 pins which may impact routing performance. Consider optimization.

Design:                   kyber_ntt_engine_opt
Die area:                 ( 0 0 ) ( 583880 583880 )
Number of track patterns: 12
Number of DEF vias:       0
Number of components:     17196
Number of terminals:      57
Number of snets:          2
Number of nets:           13103

[INFO DRT-0167] List of default vias:
  Layer via
    default via: M1M2_PR
  Layer via2
    default via: M2M3_PR
  Layer via3
    default via: M3M4_PR
  Layer via4
    default via: M4M5_PR
[INFO DRT-0162] Library cell analysis.
[INFO DRT-0163] Instance analysis.
[INFO DRT-0164] Number of unique instances = 221.
[INFO DRT-0168] Init region query.
[INFO DRT-0024]   Complete FR_MASTERSLICE.
[INFO DRT-0024]   Complete Fr_VIA.
[INFO DRT-0024]   Complete li1.
[INFO DRT-0024]   Complete mcon.
[INFO DRT-0024]   Complete met1.
[INFO DRT-0024]   Complete via.
[INFO DRT-0024]   Complete met2.
[INFO DRT-0024]   Complete via2.
[INFO DRT-0024]   Complete met3.
[INFO DRT-0024]   Complete via3.
[INFO DRT-0024]   Complete met4.
[INFO DRT-0024]   Complete via4.
[INFO DRT-0024]   Complete met5.
[INFO DRT-0033] FR_MASTERSLICE shape region query size = 0.
[INFO DRT-0033] FR_VIA shape region query size = 0.
[INFO DRT-0033] li1 shape region query size = 469727.
[INFO DRT-0033] mcon shape region query size = 307858.
[INFO DRT-0033] met1 shape region query size = 89925.
[INFO DRT-0033] via shape region query size = 22470.
[INFO DRT-0033] met2 shape region query size = 13487.
[INFO DRT-0033] via2 shape region query size = 17976.
[INFO DRT-0033] met3 shape region query size = 13532.
[INFO DRT-0033] via3 shape region query size = 17976.
[INFO DRT-0033] met4 shape region query size = 5418.
[INFO DRT-0033] via4 shape region query size = 882.
[INFO DRT-0033] met5 shape region query size = 966.
[INFO DRT-0165] Start pin access.
[INFO DRT-0076]   Complete 1000 pins.
[INFO DRT-0078]   Complete 1810 pins.
[INFO DRT-0079]   Complete 100 unique inst patterns.
[INFO DRT-0079]   Complete 200 unique inst patterns.
[INFO DRT-0081]   Complete 221 unique inst patterns.
[INFO DRT-0084]   Complete 8580 groups.
#scanned instances     = 17196
#unique  instances     = 221
#stdCellGenAp          = 7721
#stdCellValidPlanarAp  = 78
#stdCellValidViaAp     = 5356
#stdCellPinNoAp        = 6
#stdCellPinCnt         = 46028
#instTermValidViaApCnt = 0
#macroGenAp            = 0
#macroValidPlanarAp    = 0
#macroValidViaAp       = 0
#macroNoAp             = 0
[INFO DRT-0166] Complete pin access.
[INFO DRT-0267] cpu time = 00:07:49, elapsed time = 00:00:58, memory = 233.96 (MB), peak = 238.30 (MB)
Took 58 seconds: pin_access
global_route -congestion_report_file /root/cac_runs/ntt_opt_pipe_w12_12ns/reports/sky130hd/cac_ntt_opt_pipe_w12_12ns/base/congestion.rpt -congestion_iterations 30 -congestion_report_iter_step 5 -verbose
[INFO GRT-0020] Min routing layer: met1
[INFO GRT-0021] Max routing layer: met5
[INFO GRT-0022] Global adjustment: 0%
[INFO GRT-0023] Grid origin: (0, 0)
[INFO GRT-0088] Layer li1     Track-Pitch = 0.4600  line-2-Via Pitch: 0.3400
[INFO GRT-0088] Layer met1    Track-Pitch = 0.3400  line-2-Via Pitch: 0.3400
[INFO GRT-0088] Layer met2    Track-Pitch = 0.4600  line-2-Via Pitch: 0.3500
[INFO GRT-0088] Layer met3    Track-Pitch = 0.6800  line-2-Via Pitch: 0.6150
[INFO GRT-0088] Layer met4    Track-Pitch = 0.9200  line-2-Via Pitch: 1.0400
[INFO GRT-0088] Layer met5    Track-Pitch = 3.4000  line-2-Via Pitch: 3.1100
[INFO GRT-0003] Macros: 0
[INFO GRT-0004] Blockages: 71728
[INFO GRT-0019] Found 347 clock nets.
[INFO GRT-0001] Minimum degree: 2
[INFO GRT-0002] Maximum degree: 197

[INFO GRT-0053] Routing resources analysis:
          Routing      Original      Derated      Resource
Layer     Direction    Resources     Resources    Reduction (%)
---------------------------------------------------------------
li1        Vertical            0             0          0.00%
met1       Horizontal     102183         79005          22.68%
met2       Vertical        90719         69637          23.24%
met3       Horizontal      67686         53126          21.51%
met4       Vertical        44654         31540          29.37%
met5       Horizontal      10043          7055          29.75%
---------------------------------------------------------------

[INFO GRT-0101] Running extra iterations to remove congestion.
[INFO GRT-0102] Start extra iteration 1/30
[INFO GRT-0102] Start extra iteration 2/30
[INFO GRT-0197] Via related to pin nodes: 77661
[INFO GRT-0198] Via related Steiner nodes: 2268
[INFO GRT-0199] Via filling finished.
[INFO GRT-0111] Final number of vias: 99288
[INFO GRT-0112] Final usage 3D: 362701

[INFO GRT-0096] Final congestion report:
Layer         Resource        Demand        Usage (%)    Max H / Max V / Total Congestion
---------------------------------------------------------------------------------------
li1                  0             0            0.00%             0 /  0 /  0
met1             79005         30406           38.49%             0 /  0 /  0
met2             69637         28876           41.47%             0 /  0 /  0
met3             53126          2649            4.99%             0 /  0 /  0
met4             31540          2906            9.21%             0 /  0 /  0
met5              7055             0            0.00%             0 /  0 /  0
---------------------------------------------------------------------------------------
Total           240363         64837           26.97%             0 /  0 /  0

[INFO GRT-0018] Total wirelength: 682099 um
[INFO GRT-0014] Routed nets: 13042
[INFO GRT-0303] Global routing runtime = 00:00:00
estimate_parasitics -global_routing
Perform buffer insertion and gate resizing...
repair_design -verbose
Iteration |   Area    | Resized | Buffers | Nets repaired | Remaining
---------------------------------------------------------------------
        0 |     +0.0% |       0 |       0 |             0 |     13390
[WARNING RSZ-0104] Net _09513_ only has one pin. Check if it is intended to be dangling.
[WARNING RSZ-0104] Net _09624_ only has one pin. Check if it is intended to be dangling.
[WARNING RSZ-0104] Net _09687_ only has one pin. Check if it is intended to be dangling.
[WARNING RSZ-0104] Net _09623_ only has one pin. Check if it is intended to be dangling.
[WARNING RSZ-0104] Net _09686_ only has one pin. Check if it is intended to be dangling.
[WARNING RSZ-0104] Net _09699_ only has one pin. Check if it is intended to be dangling.
[WARNING RSZ-0104] Net _09700_ only has one pin. Check if it is intended to be dangling.
[WARNING RSZ-0104] Net _09635_ only has one pin. Check if it is intended to be dangling.
[WARNING RSZ-0104] Net _09634_ only has one pin. Check if it is intended to be dangling.
[WARNING RSZ-0104] Net _09622_ only has one pin. Check if it is intended to be dangling.
[WARNING RSZ-0104] Net _09531_ only has one pin. Check if it is intended to be dangling.
     1000 |     +0.0% |       0 |       0 |             0 |     12390
[WARNING RSZ-0104] Net _09621_ only has one pin. Check if it is intended to be dangling.
[WARNING RSZ-0104] Net _09604_ only has one pin. Check if it is intended to be dangling.
[WARNING RSZ-0104] Net _09602_ only has one pin. Check if it is intended to be dangling.
     2000 |     +0.0% |       0 |       2 |             2 |     11390
     3000 |     +0.0% |       1 |       2 |             3 |     10390
     4000 |     +0.0% |       1 |       2 |             3 |      9390
     5000 |     +0.0% |       1 |       2 |             3 |      8390
     6000 |     +0.0% |       1 |       2 |             3 |      7390
[WARNING RSZ-0104] Net _09537_ only has one pin. Check if it is intended to be dangling.
[WARNING RSZ-0104] Net _09527_ only has one pin. Check if it is intended to be dangling.
     7000 |     +0.0% |       1 |       2 |             3 |      6390
     8000 |     +0.0% |       1 |       2 |             3 |      5390
[WARNING RSZ-0104] Net _09625_ only has one pin. Check if it is intended to be dangling.
[WARNING RSZ-0104] Net _09535_ only has one pin. Check if it is intended to be dangling.
[WARNING RSZ-0104] Net _09497_ only has one pin. Check if it is intended to be dangling.
[WARNING RSZ-0104] Net _09697_ only has one pin. Check if it is intended to be dangling.
[WARNING RSZ-0104] Net _09688_ only has one pin. Check if it is intended to be dangling.
[WARNING RSZ-0104] Net _09683_ only has one pin. Check if it is intended to be dangling.
[WARNING RSZ-0104] Net _09675_ only has one pin. Check if it is intended to be dangling.
[WARNING RSZ-0104] Net _09671_ only has one pin. Check if it is intended to be dangling.
[WARNING RSZ-0104] Net _09669_ only has one pin. Check if it is intended to be dangling.
[WARNING RSZ-0104] Net _09667_ only has one pin. Check if it is intended to be dangling.
[WARNING RSZ-0104] Net _09644_ only has one pin. Check if it is intended to be dangling.
[WARNING RSZ-0104] Net _09641_ only has one pin. Check if it is intended to be dangling.
[WARNING RSZ-0104] Net _09632_ only has one pin. Check if it is intended to be dangling.
[WARNING RSZ-0104] Net _09607_ only has one pin. Check if it is intended to be dangling.
[WARNING RSZ-0104] Net g_b1.u_red.prod\[2\] only has one pin. Check if it is intended to be dangling.
     9000 |     +0.0% |       1 |       2 |             3 |      4390
[WARNING RSZ-0104] Net _09698_ only has one pin. Check if it is intended to be dangling.
[WARNING RSZ-0104] Net _09696_ only has one pin. Check if it is intended to be dangling.
[WARNING RSZ-0104] Net _09695_ only has one pin. Check if it is intended to be dangling.
[WARNING RSZ-0104] Net _09694_ only has one pin. Check if it is intended to be dangling.
[WARNING RSZ-0104] Net _09693_ only has one pin. Check if it is intended to be dangling.
[WARNING RSZ-0104] Net _09692_ only has one pin. Check if it is intended to be dangling.
[WARNING RSZ-0104] Net _09691_ only has one pin. Check if it is intended to be dangling.
[WARNING RSZ-0104] Net _09690_ only has one pin. Check if it is intended to be dangling.
[WARNING RSZ-0104] Net _09689_ only has one pin. Check if it is intended to be dangling.
[WARNING RSZ-0104] Net _09685_ only has one pin. Check if it is intended to be dangling.
[WARNING RSZ-0104] Net _09684_ only has one pin. Check if it is intended to be dangling.
[WARNING RSZ-0104] Net _09682_ only has one pin. Check if it is intended to be dangling.
[WARNING RSZ-0104] Net _09681_ only has one pin. Check if it is intended to be dangling.
[WARNING RSZ-0104] Net _09676_ only has one pin. Check if it is intended to be dangling.
[WARNING RSZ-0104] Net _09672_ only has one pin. Check if it is intended to be dangling.
[WARNING RSZ-0104] Net _09670_ only has one pin. Check if it is intended to be dangling.
[WARNING RSZ-0104] Net _09668_ only has one pin. Check if it is intended to be dangling.
[WARNING RSZ-0104] Net _09645_ only has one pin. Check if it is intended to be dangling.
[WARNING RSZ-0104] Net _09642_ only has one pin. Check if it is intended to be dangling.
[WARNING RSZ-0104] Net _09633_ only has one pin. Check if it is intended to be dangling.
[WARNING RSZ-0104] Net _09617_ only has one pin. Check if it is intended to be dangling.
[WARNING RSZ-0104] Net _09613_ only has one pin. Check if it is intended to be dangling.
[WARNING RSZ-0104] Net _09612_ only has one pin. Check if it is intended to be dangling.
[WARNING RSZ-0104] Net _09594_ only has one pin. Check if it is intended to be dangling.
[WARNING RSZ-0104] Net _09566_ only has one pin. Check if it is intended to be dangling.
[WARNING RSZ-0104] Net _08944_ only has one pin. Check if it is intended to be dangling.
    10000 |     +0.0% |       1 |       2 |             3 |      3390
    11000 |     +0.0% |       1 |       2 |             3 |      2390
    12000 |     +0.0% |       1 |       2 |             3 |      1390
    13000 |     +0.0% |       1 |       2 |             3 |       390
[WARNING RSZ-0104] Net wdata[15] only has one pin. Check if it is intended to be dangling.
[WARNING RSZ-0104] Net wdata[14] only has one pin. Check if it is intended to be dangling.
[WARNING RSZ-0104] Net wdata[13] only has one pin. Check if it is intended to be dangling.
[WARNING RSZ-0104] Net wdata[12] only has one pin. Check if it is intended to be dangling.
    final |     +0.0% |       1 |       2 |             3 |         0
---------------------------------------------------------------------
[INFO RSZ-0034] Found 1 slew violations.
[INFO RSZ-0036] Found 2 capacitance violations.
[INFO RSZ-0039] Resized 1 instances.
[INFO RSZ-0038] Inserted 2 buffers in 3 nets.
[INFO RSZ-0504] Runtime: 1.97s
global_route -start_incremental
detailed_placement
[INFO DPL-0006] Core area: 336863.08 um^2
[INFO DPL-0007] Movable instances area: 165143.39 um^2
[INFO DPL-0008] Fixed instances area within core: 5649.17 um^2
[INFO DPL-0009] Utilization: 50.7%
[INFO DPL-0005] Diamond search max displacement: +/- 500 sites horizontally, +/- 100 rows vertically.
[INFO DPL-1102] Legalizing using negotiation legalizer.
[INFO DPL-1103] Negotiation base search window: +/-20 sites horizontally, +/-5 rows vertically 
	Automatic search window extension enabled.
	Search window extendable up to the max displacement cap of +/-500 sites, +/-100 rows near walls.
[INFO DPL-1104] NegotiationLegalizer DRC penalty: 5.
[INFO DPL-0392] Negotiation cell height distribution (1 unique row-count(s)):
[INFO DPL-0393]   height 1 row(s): 17198 cells
          |      Total |  Illegal |  Illegal
Iteration | Violations |    Cells |    Sites
---------------------------------------------
        0 |          0 |         0 |         0
Negotiation phase 1 converged at iteration 0.
[INFO DPL-0500] Runtime: 0.09s
Placement Analysis
---------------------------------
total displacement          9.1 u
average displacement        0.0 u
max displacement            2.7 u
original HPWL          314596.3 u
legalized HPWL         314592.5 u
delta HPWL                    0 %

global_route -end_incremental -congestion_report_file /root/cac_runs/ntt_opt_pipe_w12_12ns/reports/sky130hd/cac_ntt_opt_pipe_w12_12ns/base/congestion_post_repair_design.rpt
Repair setup and hold violations...
estimate_parasitics -global_routing
repair_timing -setup_margin 0 -hold_margin 0 -repair_tns 100 -verbose
[INFO RSZ-0100] Repair move sequence: UnbufferMove SizeUpMove SwapPinsMove BufferMove CloneMove SplitLoadMove 
[INFO RSZ-0098] No setup violations found
[INFO RSZ-0505] Runtime: 0.64s
[INFO RSZ-0033] No hold violations found.
[INFO RSZ-0506] Runtime: 0.21s
global_route -start_incremental
detailed_placement
[INFO DPL-0006] Core area: 336863.08 um^2
[INFO DPL-0007] Movable instances area: 165143.39 um^2
[INFO DPL-0008] Fixed instances area within core: 5649.17 um^2
[INFO DPL-0009] Utilization: 50.7%
[INFO DPL-0005] Diamond search max displacement: +/- 500 sites horizontally, +/- 100 rows vertically.
[INFO DPL-1102] Legalizing using negotiation legalizer.
[INFO DPL-1103] Negotiation base search window: +/-20 sites horizontally, +/-5 rows vertically 
	Automatic search window extension enabled.
	Search window extendable up to the max displacement cap of +/-500 sites, +/-100 rows near walls.
[INFO DPL-1104] NegotiationLegalizer DRC penalty: 5.
[INFO DPL-0392] Negotiation cell height distribution (1 unique row-count(s)):
[INFO DPL-0393]   height 1 row(s): 17198 cells
[INFO DPL-0500] Runtime: 0.10s
Placement Analysis
---------------------------------
total displacement          0.0 u
average displacement        0.0 u
max displacement            0.0 u
original HPWL          314592.5 u
legalized HPWL         314592.5 u
delta HPWL                    0 %

check_placement -verbose
global_route -end_incremental -congestion_report_file /root/cac_runs/ntt_opt_pipe_w12_12ns/reports/sky130hd/cac_ntt_opt_pipe_w12_12ns/base/congestion_post_repair_timing.rpt
estimate_parasitics -global_routing
global_route -start_incremental
global_route -end_incremental -congestion_report_file /root/cac_runs/ntt_opt_pipe_w12_12ns/reports/sky130hd/cac_ntt_opt_pipe_w12_12ns/base/congestion_post_recover_power.rpt
Repair antennas...
[INFO GRT-0012] Found 29 antenna violations.
[INFO GRT-0302] Inserted 34 jumpers for 27 nets.
[INFO GRT-0012] Found 2 antenna violations.
[INFO DPL-0006] Core area: 336863.08 um^2
[INFO DPL-0007] Movable instances area: 165110.85 um^2
[INFO DPL-0008] Fixed instances area within core: 5686.70 um^2
[INFO DPL-0009] Utilization: 50.7%
[INFO DPL-0005] Diamond search max displacement: +/- 500 sites horizontally, +/- 100 rows vertically.
[INFO DPL-1102] Legalizing using negotiation legalizer.
[INFO DPL-1103] Negotiation base search window: +/-20 sites horizontally, +/-5 rows vertically 
	Automatic search window extension enabled.
	Search window extendable up to the max displacement cap of +/-500 sites, +/-100 rows near walls.
[INFO DPL-1104] NegotiationLegalizer DRC penalty: 5.
[INFO DPL-0392] Negotiation cell height distribution (1 unique row-count(s)):
[INFO DPL-0393]   height 1 row(s): 17200 cells
[INFO DPL-0500] Runtime: 0.09s
[INFO GRT-0015] Inserted 2 diodes.
[INFO GRT-0012] Found 0 antenna violations.
[INFO ANT-0002] Found 0 net violations.
[INFO ANT-0001] Found 0 pin violations.
Estimate parasitics...
estimate_parasitics -global_routing
Report metrics stage 5, global route...

==========================================================================
global route report_design_area
--------------------------------------------------------------------------
Design area 170798 um^2 51% utilization.
[INFO FLW-0007] clock clk period 12.000000
[INFO FLW-0008] Clock clk period 11.359
[INFO FLW-0009] Clock clk slack 0.043
write_sdc -no_timestamp /root/cac_runs/ntt_opt_pipe_w12_12ns/results/sky130hd/cac_ntt_opt_pipe_w12_12ns/base/updated_clks.sdc
[INFO FLW-0011] Path endpoint path count 6886
write_db /root/cac_runs/ntt_opt_pipe_w12_12ns/results/sky130hd/cac_ntt_opt_pipe_w12_12ns/base/5_1_grt.odb
write_sdc -no_timestamp /root/cac_runs/ntt_opt_pipe_w12_12ns/results/sky130hd/cac_ntt_opt_pipe_w12_12ns/base/5_1_grt.sdc
Elapsed time: 1:28.34[h:]min:sec. CPU time: user 680.87 sys 7.19 (778%). Peak memory: 601092KB.
Log                       Ext     Elapsed/s Peak Memory/MB sha1sum result [0:20)
5_1_grt                   .odb           88            587 c8e218b698353e78395b
5_1_grt                   .sdc                             2a6111b8a5c99cb30987
