OpenROAD f552262465b0bfef8f097e258f94bc501d01e19d 
Features included (+) or not (-): +GPU +GUI +Python
This program is licensed under the BSD-3 license. See the LICENSE file for details.
Components of this program may be licensed under more restrictive licenses which must be honored.
[INFO ORD-0030] Using 12 thread(s).
read_liberty /opt/eda/orfs-6101364b/flow/platforms/sky130hd/lib/sky130_fd_sc_hd__tt_025C_1v80.lib
read_db /root/cac_runs/ntt_opt_pipe_w12_20ns/results/sky130hd/cac_ntt_opt_pipe_w12_20ns/base/4_cts.odb
read_sdc /root/cac_runs/ntt_opt_pipe_w12_20ns/results/sky130hd/cac_ntt_opt_pipe_w12_20ns/base/4_cts.sdc
source /opt/eda/orfs-6101364b/flow/platforms/sky130hd/setRC.tcl
pin_access
[INFO DRT-0149] Reading tech and libs.
[WARNING DRT-0349] LEF58_ENCLOSURE with no CUTCLASS is not supported. Skipping for layer mcon
[WARNING DRT-0349] LEF58_ENCLOSURE with no CUTCLASS is not supported. Skipping for layer mcon
[WARNING DRT-0349] LEF58_ENCLOSURE with no CUTCLASS is not supported. Skipping for layer via
[WARNING DRT-0349] LEF58_ENCLOSURE with no CUTCLASS is not supported. Skipping for layer via
[WARNING DRT-0349] LEF58_ENCLOSURE with no CUTCLASS is not supported. Skipping for layer via2
[WARNING DRT-0349] LEF58_ENCLOSURE with no CUTCLASS is not supported. Skipping for layer via2
[WARNING DRT-0349] LEF58_ENCLOSURE with no CUTCLASS is not supported. Skipping for layer via3
[WARNING DRT-0349] LEF58_ENCLOSURE with no CUTCLASS is not supported. Skipping for layer via3
[WARNING DRT-0349] LEF58_ENCLOSURE with no CUTCLASS is not supported. Skipping for layer via4
[WARNING DRT-0349] LEF58_ENCLOSURE with no CUTCLASS is not supported. Skipping for layer via4

Units:                1000
Number of layers:     13
Number of macros:     441
Number of vias:       29
Number of viarulegen: 25

[INFO DRT-0150] Reading design.
[WARNING DRT-0120] Large net net805 has 114 pins which may impact routing performance. Consider optimization.
[WARNING DRT-0120] Large net net745 has 187 pins which may impact routing performance. Consider optimization.
[WARNING DRT-0120] Large net net744 has 179 pins which may impact routing performance. Consider optimization.
[WARNING DRT-0120] Large net net723 has 186 pins which may impact routing performance. Consider optimization.
[WARNING DRT-0120] Large net net720 has 157 pins which may impact routing performance. Consider optimization.
[WARNING DRT-0120] Large net net843 has 105 pins which may impact routing performance. Consider optimization.
[WARNING DRT-0120] Large net net809 has 154 pins which may impact routing performance. Consider optimization.
[WARNING DRT-0120] Large net net792 has 126 pins which may impact routing performance. Consider optimization.
[WARNING DRT-0120] Large net net791 has 140 pins which may impact routing performance. Consider optimization.
[WARNING DRT-0120] Large net net789 has 131 pins which may impact routing performance. Consider optimization.
[WARNING DRT-0120] Large net net719 has 167 pins which may impact routing performance. Consider optimization.
[WARNING DRT-0120] Large net net836 has 107 pins which may impact routing performance. Consider optimization.
[WARNING DRT-0120] Large net net822 has 118 pins which may impact routing performance. Consider optimization.

Design:                   kyber_ntt_engine_opt
Die area:                 ( 0 0 ) ( 583880 583880 )
Number of track patterns: 12
Number of DEF vias:       0
Number of components:     17141
Number of terminals:      57
Number of snets:          2
Number of nets:           13056

[INFO DRT-0167] List of default vias:
  Layer via
    default via: M1M2_PR
  Layer via2
    default via: M2M3_PR
  Layer via3
    default via: M3M4_PR
  Layer via4
    default via: M4M5_PR
[INFO DRT-0162] Library cell analysis.
[INFO DRT-0163] Instance analysis.
[INFO DRT-0164] Number of unique instances = 223.
[INFO DRT-0168] Init region query.
[INFO DRT-0024]   Complete FR_MASTERSLICE.
[INFO DRT-0024]   Complete Fr_VIA.
[INFO DRT-0024]   Complete li1.
[INFO DRT-0024]   Complete mcon.
[INFO DRT-0024]   Complete met1.
[INFO DRT-0024]   Complete via.
[INFO DRT-0024]   Complete met2.
[INFO DRT-0024]   Complete via2.
[INFO DRT-0024]   Complete met3.
[INFO DRT-0024]   Complete via3.
[INFO DRT-0024]   Complete met4.
[INFO DRT-0024]   Complete via4.
[INFO DRT-0024]   Complete met5.
[INFO DRT-0033] FR_MASTERSLICE shape region query size = 0.
[INFO DRT-0033] FR_VIA shape region query size = 0.
[INFO DRT-0033] li1 shape region query size = 467414.
[INFO DRT-0033] mcon shape region query size = 306228.
[INFO DRT-0033] met1 shape region query size = 89805.
[INFO DRT-0033] via shape region query size = 22470.
[INFO DRT-0033] met2 shape region query size = 13487.
[INFO DRT-0033] via2 shape region query size = 17976.
[INFO DRT-0033] met3 shape region query size = 13532.
[INFO DRT-0033] via3 shape region query size = 17976.
[INFO DRT-0033] met4 shape region query size = 5418.
[INFO DRT-0033] via4 shape region query size = 882.
[INFO DRT-0033] met5 shape region query size = 966.
[INFO DRT-0165] Start pin access.
[INFO DRT-0076]   Complete 1000 pins.
[INFO DRT-0078]   Complete 1822 pins.
[INFO DRT-0079]   Complete 100 unique inst patterns.
[INFO DRT-0079]   Complete 200 unique inst patterns.
[INFO DRT-0081]   Complete 223 unique inst patterns.
[INFO DRT-0084]   Complete 8494 groups.
#scanned instances     = 17141
#unique  instances     = 223
#stdCellGenAp          = 7676
#stdCellValidPlanarAp  = 78
#stdCellValidViaAp     = 5323
#stdCellPinNoAp        = 6
#stdCellPinCnt         = 45926
#instTermValidViaApCnt = 0
#macroGenAp            = 0
#macroValidPlanarAp    = 0
#macroValidViaAp       = 0
#macroNoAp             = 0
[INFO DRT-0166] Complete pin access.
[INFO DRT-0267] cpu time = 00:08:00, elapsed time = 00:01:11, memory = 233.38 (MB), peak = 237.83 (MB)
Took 72 seconds: pin_access
global_route -congestion_report_file /root/cac_runs/ntt_opt_pipe_w12_20ns/reports/sky130hd/cac_ntt_opt_pipe_w12_20ns/base/congestion.rpt -congestion_iterations 30 -congestion_report_iter_step 5 -verbose
[INFO GRT-0020] Min routing layer: met1
[INFO GRT-0021] Max routing layer: met5
[INFO GRT-0022] Global adjustment: 0%
[INFO GRT-0023] Grid origin: (0, 0)
[INFO GRT-0088] Layer li1     Track-Pitch = 0.4600  line-2-Via Pitch: 0.3400
[INFO GRT-0088] Layer met1    Track-Pitch = 0.3400  line-2-Via Pitch: 0.3400
[INFO GRT-0088] Layer met2    Track-Pitch = 0.4600  line-2-Via Pitch: 0.3500
[INFO GRT-0088] Layer met3    Track-Pitch = 0.6800  line-2-Via Pitch: 0.6150
[INFO GRT-0088] Layer met4    Track-Pitch = 0.9200  line-2-Via Pitch: 1.0400
[INFO GRT-0088] Layer met5    Track-Pitch = 3.4000  line-2-Via Pitch: 3.1100
[INFO GRT-0003] Macros: 0
[INFO GRT-0004] Blockages: 71728
[INFO GRT-0019] Found 351 clock nets.
[INFO GRT-0001] Minimum degree: 2
[INFO GRT-0002] Maximum degree: 187

[INFO GRT-0053] Routing resources analysis:
          Routing      Original      Derated      Resource
Layer     Direction    Resources     Resources    Reduction (%)
---------------------------------------------------------------
li1        Vertical            0             0          0.00%
met1       Horizontal     102167         79013          22.66%
met2       Vertical        90719         69637          23.24%
met3       Horizontal      67686         53126          21.51%
met4       Vertical        44654         31540          29.37%
met5       Horizontal      10043          7055          29.75%
---------------------------------------------------------------

[INFO GRT-0101] Running extra iterations to remove congestion.
[INFO GRT-0102] Start extra iteration 1/30
[INFO GRT-0102] Start extra iteration 2/30
[INFO GRT-0102] Start extra iteration 3/30
[INFO GRT-0102] Start extra iteration 4/30
[INFO GRT-0197] Via related to pin nodes: 77534
[INFO GRT-0198] Via related Steiner nodes: 2259
[INFO GRT-0199] Via filling finished.
[INFO GRT-0111] Final number of vias: 98865
[INFO GRT-0112] Final usage 3D: 360572

[INFO GRT-0096] Final congestion report:
Layer         Resource        Demand        Usage (%)    Max H / Max V / Total Congestion
---------------------------------------------------------------------------------------
li1                  0             0            0.00%             0 /  0 /  0
met1             79013         30203           38.23%             0 /  0 /  0
met2             69637         28455           40.86%             0 /  0 /  0
met3             53126          2175            4.09%             0 /  0 /  0
met4             31540          3144            9.97%             0 /  0 /  0
met5              7055             0            0.00%             0 /  0 /  0
---------------------------------------------------------------------------------------
Total           240371         63977           26.62%             0 /  0 /  0

[INFO GRT-0018] Total wirelength: 674412 um
[INFO GRT-0014] Routed nets: 12995
[INFO GRT-0303] Global routing runtime = 00:00:02
estimate_parasitics -global_routing
Perform buffer insertion and gate resizing...
repair_design -verbose
Iteration |   Area    | Resized | Buffers | Nets repaired | Remaining
---------------------------------------------------------------------
        0 |     +0.0% |       0 |       0 |             0 |     13335
[WARNING RSZ-0104] Net _09513_ only has one pin. Check if it is intended to be dangling.
[WARNING RSZ-0104] Net _09624_ only has one pin. Check if it is intended to be dangling.
[WARNING RSZ-0104] Net _09687_ only has one pin. Check if it is intended to be dangling.
[WARNING RSZ-0104] Net _09623_ only has one pin. Check if it is intended to be dangling.
[WARNING RSZ-0104] Net _09686_ only has one pin. Check if it is intended to be dangling.
[WARNING RSZ-0104] Net _09699_ only has one pin. Check if it is intended to be dangling.
[WARNING RSZ-0104] Net _09700_ only has one pin. Check if it is intended to be dangling.
[WARNING RSZ-0104] Net _09622_ only has one pin. Check if it is intended to be dangling.
[WARNING RSZ-0104] Net _09531_ only has one pin. Check if it is intended to be dangling.
[WARNING RSZ-0104] Net _09635_ only has one pin. Check if it is intended to be dangling.
[WARNING RSZ-0104] Net _09634_ only has one pin. Check if it is intended to be dangling.
[WARNING RSZ-0104] Net _09621_ only has one pin. Check if it is intended to be dangling.
     1000 |     +0.0% |       0 |       0 |             0 |     12335
[WARNING RSZ-0104] Net _09604_ only has one pin. Check if it is intended to be dangling.
[WARNING RSZ-0104] Net _09602_ only has one pin. Check if it is intended to be dangling.
     2000 |     +0.0% |       2 |       0 |             2 |     11335
     3000 |     +0.0% |       3 |       0 |             3 |     10335
     4000 |     +0.0% |       3 |       0 |             3 |      9335
     5000 |     +0.0% |       3 |       0 |             3 |      8335
     6000 |     +0.0% |       3 |       0 |             3 |      7335
     7000 |     +0.0% |       3 |       0 |             3 |      6335
[WARNING RSZ-0104] Net _09537_ only has one pin. Check if it is intended to be dangling.
[WARNING RSZ-0104] Net _09527_ only has one pin. Check if it is intended to be dangling.
     8000 |     +0.0% |       3 |       0 |             3 |      5335
[WARNING RSZ-0104] Net _09625_ only has one pin. Check if it is intended to be dangling.
[WARNING RSZ-0104] Net _09535_ only has one pin. Check if it is intended to be dangling.
[WARNING RSZ-0104] Net _09497_ only has one pin. Check if it is intended to be dangling.
[WARNING RSZ-0104] Net g_b1.u_red.prod\[2\] only has one pin. Check if it is intended to be dangling.
[WARNING RSZ-0104] Net _09697_ only has one pin. Check if it is intended to be dangling.
[WARNING RSZ-0104] Net _09683_ only has one pin. Check if it is intended to be dangling.
[WARNING RSZ-0104] Net _09671_ only has one pin. Check if it is intended to be dangling.
[WARNING RSZ-0104] Net _09669_ only has one pin. Check if it is intended to be dangling.
[WARNING RSZ-0104] Net _09667_ only has one pin. Check if it is intended to be dangling.
[WARNING RSZ-0104] Net _09644_ only has one pin. Check if it is intended to be dangling.
[WARNING RSZ-0104] Net _09641_ only has one pin. Check if it is intended to be dangling.
[WARNING RSZ-0104] Net _09632_ only has one pin. Check if it is intended to be dangling.
[WARNING RSZ-0104] Net _09607_ only has one pin. Check if it is intended to be dangling.
     9000 |     +0.0% |       3 |       0 |             3 |      4335
[WARNING RSZ-0104] Net _09698_ only has one pin. Check if it is intended to be dangling.
[WARNING RSZ-0104] Net _09696_ only has one pin. Check if it is intended to be dangling.
[WARNING RSZ-0104] Net _09695_ only has one pin. Check if it is intended to be dangling.
[WARNING RSZ-0104] Net _09694_ only has one pin. Check if it is intended to be dangling.
[WARNING RSZ-0104] Net _09693_ only has one pin. Check if it is intended to be dangling.
[WARNING RSZ-0104] Net _09692_ only has one pin. Check if it is intended to be dangling.
[WARNING RSZ-0104] Net _09691_ only has one pin. Check if it is intended to be dangling.
[WARNING RSZ-0104] Net _09690_ only has one pin. Check if it is intended to be dangling.
[WARNING RSZ-0104] Net _09689_ only has one pin. Check if it is intended to be dangling.
[WARNING RSZ-0104] Net _09688_ only has one pin. Check if it is intended to be dangling.
[WARNING RSZ-0104] Net _09685_ only has one pin. Check if it is intended to be dangling.
[WARNING RSZ-0104] Net _09684_ only has one pin. Check if it is intended to be dangling.
[WARNING RSZ-0104] Net _09682_ only has one pin. Check if it is intended to be dangling.
[WARNING RSZ-0104] Net _09681_ only has one pin. Check if it is intended to be dangling.
[WARNING RSZ-0104] Net _09676_ only has one pin. Check if it is intended to be dangling.
[WARNING RSZ-0104] Net _09675_ only has one pin. Check if it is intended to be dangling.
[WARNING RSZ-0104] Net _09672_ only has one pin. Check if it is intended to be dangling.
[WARNING RSZ-0104] Net _09670_ only has one pin. Check if it is intended to be dangling.
[WARNING RSZ-0104] Net _09668_ only has one pin. Check if it is intended to be dangling.
[WARNING RSZ-0104] Net _09645_ only has one pin. Check if it is intended to be dangling.
[WARNING RSZ-0104] Net _09642_ only has one pin. Check if it is intended to be dangling.
[WARNING RSZ-0104] Net _09633_ only has one pin. Check if it is intended to be dangling.
[WARNING RSZ-0104] Net _09617_ only has one pin. Check if it is intended to be dangling.
[WARNING RSZ-0104] Net _09613_ only has one pin. Check if it is intended to be dangling.
[WARNING RSZ-0104] Net _09612_ only has one pin. Check if it is intended to be dangling.
[WARNING RSZ-0104] Net _09594_ only has one pin. Check if it is intended to be dangling.
[WARNING RSZ-0104] Net _09566_ only has one pin. Check if it is intended to be dangling.
[WARNING RSZ-0104] Net _08944_ only has one pin. Check if it is intended to be dangling.
    10000 |     +0.0% |       3 |       0 |             3 |      3335
    11000 |     +0.0% |       3 |       0 |             3 |      2335
    12000 |     +0.0% |       3 |       0 |             3 |      1335
    13000 |     +0.0% |       3 |       0 |             3 |       335
[WARNING RSZ-0104] Net wdata[15] only has one pin. Check if it is intended to be dangling.
[WARNING RSZ-0104] Net wdata[14] only has one pin. Check if it is intended to be dangling.
[WARNING RSZ-0104] Net wdata[13] only has one pin. Check if it is intended to be dangling.
[WARNING RSZ-0104] Net wdata[12] only has one pin. Check if it is intended to be dangling.
    final |     +0.0% |       3 |       0 |             3 |         0
---------------------------------------------------------------------
[INFO RSZ-0034] Found 3 slew violations.
[INFO RSZ-0039] Resized 3 instances.
[INFO RSZ-0504] Runtime: 2.41s
global_route -start_incremental
detailed_placement
[INFO DPL-0006] Core area: 336863.08 um^2
[INFO DPL-0007] Movable instances area: 164111.15 um^2
[INFO DPL-0008] Fixed instances area within core: 5649.17 um^2
[INFO DPL-0009] Utilization: 50.4%
[INFO DPL-0005] Diamond search max displacement: +/- 500 sites horizontally, +/- 100 rows vertically.
[INFO DPL-1102] Legalizing using negotiation legalizer.
[INFO DPL-1103] Negotiation base search window: +/-20 sites horizontally, +/-5 rows vertically 
	Automatic search window extension enabled.
	Search window extendable up to the max displacement cap of +/-500 sites, +/-100 rows near walls.
[INFO DPL-1104] NegotiationLegalizer DRC penalty: 5.
[INFO DPL-0392] Negotiation cell height distribution (1 unique row-count(s)):
[INFO DPL-0393]   height 1 row(s): 17141 cells
          |      Total |  Illegal |  Illegal
Iteration | Violations |    Cells |    Sites
---------------------------------------------
        0 |          0 |         0 |         0
Negotiation phase 1 converged at iteration 0.
[INFO DPL-0500] Runtime: 0.10s
Placement Analysis
---------------------------------
total displacement          0.0 u
average displacement        0.0 u
max displacement            0.0 u
original HPWL          309526.1 u
legalized HPWL         309528.5 u
delta HPWL                    0 %

global_route -end_incremental -congestion_report_file /root/cac_runs/ntt_opt_pipe_w12_20ns/reports/sky130hd/cac_ntt_opt_pipe_w12_20ns/base/congestion_post_repair_design.rpt
Repair setup and hold violations...
estimate_parasitics -global_routing
repair_timing -setup_margin 0 -hold_margin 0 -repair_tns 100 -verbose
[INFO RSZ-0100] Repair move sequence: UnbufferMove SizeUpMove SwapPinsMove BufferMove CloneMove SplitLoadMove 
[INFO RSZ-0098] No setup violations found
[INFO RSZ-0505] Runtime: 0.57s
[INFO RSZ-0033] No hold violations found.
[INFO RSZ-0506] Runtime: 0.23s
global_route -start_incremental
detailed_placement
[INFO DPL-0006] Core area: 336863.08 um^2
[INFO DPL-0007] Movable instances area: 164111.15 um^2
[INFO DPL-0008] Fixed instances area within core: 5649.17 um^2
[INFO DPL-0009] Utilization: 50.4%
[INFO DPL-0005] Diamond search max displacement: +/- 500 sites horizontally, +/- 100 rows vertically.
[INFO DPL-1102] Legalizing using negotiation legalizer.
[INFO DPL-1103] Negotiation base search window: +/-20 sites horizontally, +/-5 rows vertically 
	Automatic search window extension enabled.
	Search window extendable up to the max displacement cap of +/-500 sites, +/-100 rows near walls.
[INFO DPL-1104] NegotiationLegalizer DRC penalty: 5.
[INFO DPL-0392] Negotiation cell height distribution (1 unique row-count(s)):
[INFO DPL-0393]   height 1 row(s): 17141 cells
[INFO DPL-0500] Runtime: 0.09s
Placement Analysis
---------------------------------
total displacement          0.0 u
average displacement        0.0 u
max displacement            0.0 u
original HPWL          309528.5 u
legalized HPWL         309528.5 u
delta HPWL                    0 %

check_placement -verbose
global_route -end_incremental -congestion_report_file /root/cac_runs/ntt_opt_pipe_w12_20ns/reports/sky130hd/cac_ntt_opt_pipe_w12_20ns/base/congestion_post_repair_timing.rpt
estimate_parasitics -global_routing
global_route -start_incremental
global_route -end_incremental -congestion_report_file /root/cac_runs/ntt_opt_pipe_w12_20ns/reports/sky130hd/cac_ntt_opt_pipe_w12_20ns/base/congestion_post_recover_power.rpt
Repair antennas...
[INFO GRT-0012] Found 31 antenna violations.
[INFO GRT-0302] Inserted 44 jumpers for 30 nets.
[INFO GRT-0012] Found 1 antenna violations.
[INFO DPL-0006] Core area: 336863.08 um^2
[INFO DPL-0007] Movable instances area: 164086.12 um^2
[INFO DPL-0008] Fixed instances area within core: 5676.69 um^2
[INFO DPL-0009] Utilization: 50.4%
[INFO DPL-0005] Diamond search max displacement: +/- 500 sites horizontally, +/- 100 rows vertically.
[INFO DPL-1102] Legalizing using negotiation legalizer.
[INFO DPL-1103] Negotiation base search window: +/-20 sites horizontally, +/-5 rows vertically 
	Automatic search window extension enabled.
	Search window extendable up to the max displacement cap of +/-500 sites, +/-100 rows near walls.
[INFO DPL-1104] NegotiationLegalizer DRC penalty: 5.
[INFO DPL-0392] Negotiation cell height distribution (1 unique row-count(s)):
[INFO DPL-0393]   height 1 row(s): 17142 cells
[INFO DPL-0500] Runtime: 0.09s
[INFO GRT-0015] Inserted 1 diodes.
[INFO GRT-0012] Found 1 antenna violations.
[INFO GRT-0302] Inserted 0 jumpers for 0 nets.
[INFO GRT-0012] Found 1 antenna violations.
[INFO DPL-0006] Core area: 336863.08 um^2
[INFO DPL-0007] Movable instances area: 164088.62 um^2
[INFO DPL-0008] Fixed instances area within core: 5676.69 um^2
[INFO DPL-0009] Utilization: 50.4%
[INFO DPL-0005] Diamond search max displacement: +/- 500 sites horizontally, +/- 100 rows vertically.
[INFO DPL-1102] Legalizing using negotiation legalizer.
[INFO DPL-1103] Negotiation base search window: +/-20 sites horizontally, +/-5 rows vertically 
	Automatic search window extension enabled.
	Search window extendable up to the max displacement cap of +/-500 sites, +/-100 rows near walls.
[INFO DPL-1104] NegotiationLegalizer DRC penalty: 5.
[INFO DPL-0392] Negotiation cell height distribution (1 unique row-count(s)):
[INFO DPL-0393]   height 1 row(s): 17143 cells
          |      Total |  Illegal |  Illegal
Iteration | Violations |    Cells |    Sites
---------------------------------------------
        0 |          0 |         0 |         0
Negotiation phase 1 converged at iteration 0.
[INFO DPL-0500] Runtime: 0.11s
[INFO GRT-0015] Inserted 1 diodes.
[INFO GRT-0012] Found 0 antenna violations.
[INFO ANT-0002] Found 0 net violations.
[INFO ANT-0001] Found 0 pin violations.
Estimate parasitics...
estimate_parasitics -global_routing
Report metrics stage 5, global route...

==========================================================================
global route report_design_area
--------------------------------------------------------------------------
Design area 169765 um^2 50% utilization.
[INFO FLW-0007] clock clk period 20.000000
[INFO FLW-0008] Clock clk period 12.199
[INFO FLW-0009] Clock clk slack 7.159
write_sdc -no_timestamp /root/cac_runs/ntt_opt_pipe_w12_20ns/results/sky130hd/cac_ntt_opt_pipe_w12_20ns/base/updated_clks.sdc
[INFO FLW-0011] Path endpoint path count 6878
write_db /root/cac_runs/ntt_opt_pipe_w12_20ns/results/sky130hd/cac_ntt_opt_pipe_w12_20ns/base/5_1_grt.odb
write_sdc -no_timestamp /root/cac_runs/ntt_opt_pipe_w12_20ns/results/sky130hd/cac_ntt_opt_pipe_w12_20ns/base/5_1_grt.sdc
Elapsed time: 1:56.94[h:]min:sec. CPU time: user 682.91 sys 6.62 (589%). Peak memory: 675548KB.
Log                       Ext     Elapsed/s Peak Memory/MB sha1sum result [0:20)
5_1_grt                   .odb          116            659 1259fb4c794f9d8fe4c9
5_1_grt                   .sdc                             607d88185b67fe52cddf
