
==========================================================================
resizer report_tns
--------------------------------------------------------------------------
tns max 0.00

==========================================================================
resizer report_wns
--------------------------------------------------------------------------
wns max 0.00

==========================================================================
resizer report_worst_slack
--------------------------------------------------------------------------
worst slack max 4.13

==========================================================================
resizer report_clock_min_period
--------------------------------------------------------------------------
clk period_min = 12.11 fmax = 82.57

==========================================================================
resizer report_checks -path_delay min
--------------------------------------------------------------------------
Startpoint: st[9]$_DFF_PN0_ (rising edge-triggered flip-flop clocked by clk)
Endpoint: st[5]$_DFF_PN0_ (rising edge-triggered flip-flop clocked by clk)
Path Group: clk
Path Type: min

Fanout     Cap    Slew   Delay    Time   Description
-----------------------------------------------------------------------------
                  0.00    0.00    0.00   clock clk (rise edge)
                          0.00    0.00   clock network delay (ideal)
                  0.00    0.00    0.00 ^ st[9]$_DFF_PN0_/CLK (sky130_fd_sc_hd__dfrtp_1)
     2    0.01    0.07    0.32    0.32 ^ st[9]$_DFF_PN0_/Q (sky130_fd_sc_hd__dfrtp_1)
                                         st[9] (net)
                  0.07    0.00    0.32 ^ st[5]$_DFF_PN0_/D (sky130_fd_sc_hd__dfrtp_1)
                                  0.32   data arrival time

                  0.00    0.00    0.00   clock clk (rise edge)
                          0.00    0.00   clock network delay (ideal)
                          0.25    0.25   clock uncertainty
                          0.00    0.25   clock reconvergence pessimism
                                  0.25 ^ st[5]$_DFF_PN0_/CLK (sky130_fd_sc_hd__dfrtp_1)
                         -0.05    0.20   library hold time
                                  0.20   data required time
-----------------------------------------------------------------------------
                                  0.20   data required time
                                 -0.32   data arrival time
-----------------------------------------------------------------------------
                                  0.12   slack (MET)



==========================================================================
resizer report_checks -path_delay max
--------------------------------------------------------------------------
Startpoint: u_coeff_ram.u_macro
            (falling edge-triggered flip-flop clocked by clk)
Endpoint: rdata[10] (output port clocked by clk)
Path Group: clk
Path Type: max

Fanout     Cap    Slew   Delay    Time   Description
-----------------------------------------------------------------------------
                  0.00   10.00   10.00   clock clk (fall edge)
                          0.00   10.00   clock network delay (ideal)
                  0.00    0.00   10.00 v u_coeff_ram.u_macro/clk0 (sky130_sram_1rw_16x256_wpr8)
     1    0.03    0.02    0.48   10.48 ^ u_coeff_ram.u_macro/dout0[10] (sky130_sram_1rw_16x256_wpr8)
                                         net49 (net)
                  0.01    0.00   10.48 ^ wire269/A (sky130_fd_sc_hd__buf_4)
     2    0.03    0.08    0.13   10.61 ^ wire269/X (sky130_fd_sc_hd__buf_4)
                                         net268 (net)
                  0.08    0.00   10.61 ^ max_cap268/A (sky130_fd_sc_hd__buf_2)
     3    0.03    0.13    0.18   10.79 ^ max_cap268/X (sky130_fd_sc_hd__buf_2)
                                         net267 (net)
                  0.13    0.00   10.79 ^ wire267/A (sky130_fd_sc_hd__buf_2)
     1    0.03    0.13    0.20   10.99 ^ wire267/X (sky130_fd_sc_hd__buf_2)
                                         net266 (net)
                  0.13    0.00   11.00 ^ output50/A (sky130_fd_sc_hd__clkdlybuf4s50_1)
     1    0.02    0.22    0.63   11.62 ^ output50/X (sky130_fd_sc_hd__clkdlybuf4s50_1)
                                         rdata[10] (net)
                  0.22    0.00   11.62 ^ rdata[10] (out)
                                 11.62   data arrival time

                  0.00   20.00   20.00   clock clk (rise edge)
                          0.00   20.00   clock network delay (ideal)
                         -0.25   19.75   clock uncertainty
                          0.00   19.75   clock reconvergence pessimism
                         -4.00   15.75   output external delay
                                 15.75   data required time
-----------------------------------------------------------------------------
                                 15.75   data required time
                                -11.62   data arrival time
-----------------------------------------------------------------------------
                                  4.13   slack (MET)



==========================================================================
resizer report_checks -unconstrained
--------------------------------------------------------------------------
Startpoint: u_coeff_ram.u_macro
            (falling edge-triggered flip-flop clocked by clk)
Endpoint: rdata[10] (output port clocked by clk)
Path Group: clk
Path Type: max

Fanout     Cap    Slew   Delay    Time   Description
-----------------------------------------------------------------------------
                  0.00   10.00   10.00   clock clk (fall edge)
                          0.00   10.00   clock network delay (ideal)
                  0.00    0.00   10.00 v u_coeff_ram.u_macro/clk0 (sky130_sram_1rw_16x256_wpr8)
     1    0.03    0.02    0.48   10.48 ^ u_coeff_ram.u_macro/dout0[10] (sky130_sram_1rw_16x256_wpr8)
                                         net49 (net)
                  0.01    0.00   10.48 ^ wire269/A (sky130_fd_sc_hd__buf_4)
     2    0.03    0.08    0.13   10.61 ^ wire269/X (sky130_fd_sc_hd__buf_4)
                                         net268 (net)
                  0.08    0.00   10.61 ^ max_cap268/A (sky130_fd_sc_hd__buf_2)
     3    0.03    0.13    0.18   10.79 ^ max_cap268/X (sky130_fd_sc_hd__buf_2)
                                         net267 (net)
                  0.13    0.00   10.79 ^ wire267/A (sky130_fd_sc_hd__buf_2)
     1    0.03    0.13    0.20   10.99 ^ wire267/X (sky130_fd_sc_hd__buf_2)
                                         net266 (net)
                  0.13    0.00   11.00 ^ output50/A (sky130_fd_sc_hd__clkdlybuf4s50_1)
     1    0.02    0.22    0.63   11.62 ^ output50/X (sky130_fd_sc_hd__clkdlybuf4s50_1)
                                         rdata[10] (net)
                  0.22    0.00   11.62 ^ rdata[10] (out)
                                 11.62   data arrival time

                  0.00   20.00   20.00   clock clk (rise edge)
                          0.00   20.00   clock network delay (ideal)
                         -0.25   19.75   clock uncertainty
                          0.00   19.75   clock reconvergence pessimism
                         -4.00   15.75   output external delay
                                 15.75   data required time
-----------------------------------------------------------------------------
                                 15.75   data required time
                                -11.62   data arrival time
-----------------------------------------------------------------------------
                                  4.13   slack (MET)



==========================================================================
resizer report_check_types -max_slew -max_cap -max_fanout -violators
--------------------------------------------------------------------------
max slew

Pin                                    Limit    Slew   Slack
------------------------------------------------------------
u_coeff_ram.u_macro/addr0[5]            0.04    0.13   -0.09 (VIOLATED)
u_coeff_ram.u_macro/addr0[3]            0.04    0.13   -0.09 (VIOLATED)
u_coeff_ram.u_macro/addr0[4]            0.04    0.13   -0.09 (VIOLATED)
u_coeff_ram.u_macro/addr0[6]            0.04    0.13   -0.09 (VIOLATED)
u_coeff_ram.u_macro/addr0[7]            0.04    0.12   -0.08 (VIOLATED)
u_coeff_ram.u_macro/addr0[0]            0.04    0.12   -0.08 (VIOLATED)
u_coeff_ram.u_macro/addr0[1]            0.04    0.12   -0.08 (VIOLATED)
u_coeff_ram.u_macro/addr0[2]            0.04    0.06   -0.02 (VIOLATED)


==========================================================================
resizer max_slew_check_slack
--------------------------------------------------------------------------
-0.08854735642671585

==========================================================================
resizer max_slew_check_limit
--------------------------------------------------------------------------
0.03999999910593033

==========================================================================
resizer max_slew_check_slack_limit
--------------------------------------------------------------------------
-2.2137

==========================================================================
resizer max_fanout_check_slack
--------------------------------------------------------------------------
3.0

==========================================================================
resizer max_fanout_check_limit
--------------------------------------------------------------------------
4.0

==========================================================================
resizer max_fanout_check_slack_limit
--------------------------------------------------------------------------
0.7500

==========================================================================
resizer max_capacitance_check_slack
--------------------------------------------------------------------------
-6.179952470120043e-5

==========================================================================
resizer max_capacitance_check_limit
--------------------------------------------------------------------------
0.027559999376535416

==========================================================================
resizer max_capacitance_check_slack_limit
--------------------------------------------------------------------------
-0.0022

==========================================================================
resizer max_slew_violation_count
--------------------------------------------------------------------------
max slew violation count 8

==========================================================================
resizer max_fanout_violation_count
--------------------------------------------------------------------------
max fanout violation count 0

==========================================================================
resizer max_cap_violation_count
--------------------------------------------------------------------------
max cap violation count 0

==========================================================================
resizer setup_violation_count
--------------------------------------------------------------------------
setup violation count 0

==========================================================================
resizer hold_violation_count
--------------------------------------------------------------------------
hold violation count 0

==========================================================================
resizer report_checks -path_delay max reg to reg
--------------------------------------------------------------------------
Startpoint: product_q[9]$_DFFE_PN0P_
            (rising edge-triggered flip-flop clocked by clk)
Endpoint: mul_reduced_q[1]$_DFFE_PN0P_
          (rising edge-triggered flip-flop clocked by clk)
Path Group: clk
Path Type: max

  Delay    Time   Description
---------------------------------------------------------
   0.00    0.00   clock clk (rise edge)
   0.00    0.00   clock network delay (ideal)
   0.00    0.00 ^ product_q[9]$_DFFE_PN0P_/CLK (sky130_fd_sc_hd__dfrtp_1)
   0.69    0.69 ^ product_q[9]$_DFFE_PN0P_/Q (sky130_fd_sc_hd__dfrtp_1)
   0.59    1.27 v _5891_/SUM (sky130_fd_sc_hd__fa_1)
   0.53    1.80 v _5851_/SUM (sky130_fd_sc_hd__fa_1)
   0.53    2.33 v _5936_/SUM (sky130_fd_sc_hd__fa_1)
   0.60    2.93 ^ _5860_/SUM (sky130_fd_sc_hd__fa_1)
   0.43    3.36 v _6054_/SUM (sky130_fd_sc_hd__fa_1)
   0.33    3.69 v _6180_/SUM (sky130_fd_sc_hd__ha_1)
   0.14    3.83 ^ _3608_/Y (sky130_fd_sc_hd__a21oi_1)
   0.07    3.90 v _3609_/Y (sky130_fd_sc_hd__nor2b_1)
   0.69    4.59 ^ _3614_/Y (sky130_fd_sc_hd__o41ai_1)
   0.32    4.90 v _3632_/Y (sky130_fd_sc_hd__a211oi_1)
   0.42    5.33 ^ _3644_/Y (sky130_fd_sc_hd__o21ai_0)
   0.24    5.57 v _3650_/Y (sky130_fd_sc_hd__a31oi_1)
   0.40    5.96 ^ _3655_/Y (sky130_fd_sc_hd__a211oi_1)
   0.15    6.12 v _3656_/Y (sky130_fd_sc_hd__o21bai_1)
   0.27    6.39 ^ _3657_/Y (sky130_fd_sc_hd__a21oi_1)
   0.38    6.77 ^ _3658_/Y (sky130_fd_sc_hd__xnor2_1)
   0.36    7.13 v _6445_/SUM (sky130_fd_sc_hd__ha_1)
   0.32    7.45 v _6473_/SUM (sky130_fd_sc_hd__ha_1)
   0.55    7.99 ^ _5981_/SUM (sky130_fd_sc_hd__fa_1)
   0.06    8.05 v _4118_/Y (sky130_fd_sc_hd__inv_1)
   0.40    8.45 v _5986_/COUT (sky130_fd_sc_hd__fa_1)
   0.40    8.85 v _6106_/SUM (sky130_fd_sc_hd__ha_1)
   0.23    9.08 ^ _5371_/Y (sky130_fd_sc_hd__a21oi_2)
   0.14    9.22 v _5429_/Y (sky130_fd_sc_hd__o211ai_1)
   0.15    9.37 v _5430_/X (sky130_fd_sc_hd__xor2_1)
   0.30    9.67 v _5431_/X (sky130_fd_sc_hd__or3_1)
   0.26    9.93 v _5432_/X (sky130_fd_sc_hd__mux2_2)
   0.50   10.43 v _5447_/X (sky130_fd_sc_hd__or4_4)
   0.48   10.91 ^ _5454_/Y (sky130_fd_sc_hd__nor4_4)
   0.35   11.26 v _5521_/Y (sky130_fd_sc_hd__nand3_2)
   0.40   11.66 v _5577_/X (sky130_fd_sc_hd__mux2_4)
   0.13   11.79 ^ _5579_/Y (sky130_fd_sc_hd__a21oi_2)
   0.00   11.79 ^ mul_reduced_q[1]$_DFFE_PN0P_/D (sky130_fd_sc_hd__dfrtp_1)
          11.79   data arrival time

  20.00   20.00   clock clk (rise edge)
   0.00   20.00   clock network delay (ideal)
  -0.25   19.75   clock uncertainty
   0.00   19.75   clock reconvergence pessimism
          19.75 ^ mul_reduced_q[1]$_DFFE_PN0P_/CLK (sky130_fd_sc_hd__dfrtp_1)
  -0.07   19.68   library setup time
          19.68   data required time
---------------------------------------------------------
          19.68   data required time
         -11.79   data arrival time
---------------------------------------------------------
           7.89   slack (MET)



==========================================================================
resizer report_checks -path_delay min reg to reg
--------------------------------------------------------------------------
Startpoint: st[9]$_DFF_PN0_ (rising edge-triggered flip-flop clocked by clk)
Endpoint: st[5]$_DFF_PN0_ (rising edge-triggered flip-flop clocked by clk)
Path Group: clk
Path Type: min

  Delay    Time   Description
---------------------------------------------------------
   0.00    0.00   clock clk (rise edge)
   0.00    0.00   clock network delay (ideal)
   0.00    0.00 ^ st[9]$_DFF_PN0_/CLK (sky130_fd_sc_hd__dfrtp_1)
   0.32    0.32 ^ st[9]$_DFF_PN0_/Q (sky130_fd_sc_hd__dfrtp_1)
   0.00    0.32 ^ st[5]$_DFF_PN0_/D (sky130_fd_sc_hd__dfrtp_1)
           0.32   data arrival time

   0.00    0.00   clock clk (rise edge)
   0.00    0.00   clock network delay (ideal)
   0.25    0.25   clock uncertainty
   0.00    0.25   clock reconvergence pessimism
           0.25 ^ st[5]$_DFF_PN0_/CLK (sky130_fd_sc_hd__dfrtp_1)
  -0.05    0.20   library hold time
           0.20   data required time
---------------------------------------------------------
           0.20   data required time
          -0.32   data arrival time
---------------------------------------------------------
           0.12   slack (MET)



==========================================================================
resizer critical path target clock latency max path
--------------------------------------------------------------------------
0.0000

==========================================================================
resizer critical path target clock latency min path
--------------------------------------------------------------------------
0.0000

==========================================================================
resizer critical path source clock latency min path
--------------------------------------------------------------------------
0.0000

==========================================================================
resizer critical path delay
--------------------------------------------------------------------------
11.6243

==========================================================================
resizer critical path slack
--------------------------------------------------------------------------
4.1257

==========================================================================
resizer slack div critical path delay
--------------------------------------------------------------------------
35.492030

==========================================================================
resizer report_power
--------------------------------------------------------------------------
Group                  Internal  Switching    Leakage      Total
                          Power      Power      Power      Power (Watts)
----------------------------------------------------------------
Sequential             3.73e-04   0.00e+00   2.48e-09   3.73e-04   0.0%
Combinational          9.68e-06   2.11e-05   1.29e-08   3.08e-05   0.0%
Clock                  0.00e+00   0.00e+00   0.00e+00   0.00e+00   0.0%
Macro                  3.88e+06   0.00e+00   4.55e-06   3.88e+06 100.0%
Pad                    0.00e+00   0.00e+00   0.00e+00   0.00e+00   0.0%
----------------------------------------------------------------
Total                  3.88e+06   2.11e-05   4.56e-06   3.88e+06 100.0%
                         100.0%       0.0%       0.0%
