
==========================================================================
detailed place report_tns
--------------------------------------------------------------------------
tns max -11.50

==========================================================================
detailed place report_wns
--------------------------------------------------------------------------
wns max -1.05

==========================================================================
detailed place report_worst_slack
--------------------------------------------------------------------------
worst slack max -1.05

==========================================================================
detailed place report_clock_min_period
--------------------------------------------------------------------------
clk period_min = 21.05 fmax = 47.51

==========================================================================
detailed place report_checks -path_delay min
--------------------------------------------------------------------------
Startpoint: st[12]$_DFF_PN0_ (rising edge-triggered flip-flop clocked by clk)
Endpoint: done$_DFF_PN0_ (rising edge-triggered flip-flop clocked by clk)
Path Group: clk
Path Type: min

Fanout     Cap    Slew   Delay    Time   Description
-----------------------------------------------------------------------------
                  0.00    0.00    0.00   clock clk (rise edge)
                          0.00    0.00   clock network delay (ideal)
                  0.00    0.00    0.00 ^ st[12]$_DFF_PN0_/CLK (sky130_fd_sc_hd__dfrtp_1)
     2    0.01    0.07    0.32    0.32 ^ st[12]$_DFF_PN0_/Q (sky130_fd_sc_hd__dfrtp_1)
                                         st[12] (net)
                  0.07    0.00    0.32 ^ done$_DFF_PN0_/D (sky130_fd_sc_hd__dfrtp_1)
                                  0.32   data arrival time

                  0.00    0.00    0.00   clock clk (rise edge)
                          0.00    0.00   clock network delay (ideal)
                          0.25    0.25   clock uncertainty
                          0.00    0.25   clock reconvergence pessimism
                                  0.25 ^ done$_DFF_PN0_/CLK (sky130_fd_sc_hd__dfrtp_1)
                         -0.05    0.20   library hold time
                                  0.20   data required time
-----------------------------------------------------------------------------
                                  0.20   data required time
                                 -0.32   data arrival time
-----------------------------------------------------------------------------
                                  0.11   slack (MET)



==========================================================================
detailed place report_checks -path_delay max
--------------------------------------------------------------------------
Startpoint: coeff_a_q[1]$_DFFE_PN0P_
            (rising edge-triggered flip-flop clocked by clk)
Endpoint: mul_reduced_q[4]$_DFFE_PN0P_
          (rising edge-triggered flip-flop clocked by clk)
Path Group: clk
Path Type: max

Fanout     Cap    Slew   Delay    Time   Description
-----------------------------------------------------------------------------
                  0.00    0.00    0.00   clock clk (rise edge)
                          0.00    0.00   clock network delay (ideal)
                  0.00    0.00    0.00 ^ coeff_a_q[1]$_DFFE_PN0P_/CLK (sky130_fd_sc_hd__dfrtp_2)
     2    0.02    0.07    0.41    0.41 v coeff_a_q[1]$_DFFE_PN0P_/Q (sky130_fd_sc_hd__dfrtp_2)
                                         coeff_a_q[1] (net)
                  0.07    0.00    0.41 v _13427_/A (sky130_fd_sc_hd__ha_4)
     2    0.01    0.05    0.28    0.69 ^ _13427_/SUM (sky130_fd_sc_hd__ha_4)
                                         _00477_ (net)
                  0.05    0.00    0.69 ^ _07505_/A (sky130_fd_sc_hd__inv_2)
     1    0.01    0.03    0.04    0.73 v _07505_/Y (sky130_fd_sc_hd__inv_2)
                                         _00430_ (net)
                  0.03    0.00    0.73 v _13611_/B (sky130_fd_sc_hd__ha_4)
     2    0.01    0.04    0.16    0.88 v _13611_/COUT (sky130_fd_sc_hd__ha_4)
                                         _00193_ (net)
                  0.04    0.00    0.88 v _13164_/A (sky130_fd_sc_hd__fa_2)
     2    0.01    0.08    0.40    1.28 v _13164_/COUT (sky130_fd_sc_hd__fa_2)
                                         _00195_ (net)
                  0.08    0.00    1.28 v _07673_/A1 (sky130_fd_sc_hd__a21oi_2)
     1    0.00    0.08    0.12    1.40 ^ _07673_/Y (sky130_fd_sc_hd__a21oi_2)
                                         _02567_ (net)
                  0.08    0.00    1.40 ^ _07674_/A (sky130_fd_sc_hd__nor2_1)
     1    0.00    0.03    0.05    1.45 v _07674_/Y (sky130_fd_sc_hd__nor2_1)
                                         _02568_ (net)
                  0.03    0.00    1.45 v _07675_/A (sky130_fd_sc_hd__nor2_1)
     2    0.01    0.20    0.18    1.63 ^ _07675_/Y (sky130_fd_sc_hd__nor2_1)
                                         _02569_ (net)
                  0.20    0.00    1.63 ^ _07686_/B (sky130_fd_sc_hd__xnor2_1)
     2    0.01    0.06    0.11    1.74 v _07686_/Y (sky130_fd_sc_hd__xnor2_1)
                                         _02580_ (net)
                  0.06    0.00    1.74 v _07689_/C (sky130_fd_sc_hd__nor3_1)
     2    0.00    0.19    0.17    1.91 ^ _07689_/Y (sky130_fd_sc_hd__nor3_1)
                                         _02583_ (net)
                  0.19    0.00    1.91 ^ _07690_/B_N (sky130_fd_sc_hd__nor2b_2)
     2    0.01    0.10    0.20    2.10 ^ _07690_/Y (sky130_fd_sc_hd__nor2b_2)
                                         _02584_ (net)
                  0.10    0.00    2.10 ^ _07691_/B_N (sky130_fd_sc_hd__nor2b_4)
     2    0.01    0.08    0.16    2.26 ^ _07691_/Y (sky130_fd_sc_hd__nor2b_4)
                                         _02585_ (net)
                  0.08    0.00    2.26 ^ _07692_/B (sky130_fd_sc_hd__nand2_1)
     1    0.00    0.04    0.06    2.32 v _07692_/Y (sky130_fd_sc_hd__nand2_1)
                                         _02586_ (net)
                  0.04    0.00    2.32 v _07693_/B1 (sky130_fd_sc_hd__a21oi_1)
     1    0.01    0.15    0.14    2.47 ^ _07693_/Y (sky130_fd_sc_hd__a21oi_1)
                                         _02587_ (net)
                  0.15    0.00    2.47 ^ _07694_/B (sky130_fd_sc_hd__nor2_1)
     1    0.00    0.05    0.06    2.53 v _07694_/Y (sky130_fd_sc_hd__nor2_1)
                                         _02588_ (net)
                  0.05    0.00    2.53 v _07700_/A2 (sky130_fd_sc_hd__o211a_1)
     3    0.01    0.06    0.23    2.76 v _07700_/X (sky130_fd_sc_hd__o211a_1)
                                         _02594_ (net)
                  0.06    0.00    2.76 v _07852_/A2 (sky130_fd_sc_hd__o21ai_0)
     2    0.01    0.30    0.27    3.03 ^ _07852_/Y (sky130_fd_sc_hd__o21ai_0)
                                         _02656_ (net)
                  0.30    0.00    3.03 ^ place1690/A (sky130_fd_sc_hd__buf_4)
     1    0.01    0.04    0.17    3.21 ^ place1690/X (sky130_fd_sc_hd__buf_4)
                                         net1690 (net)
                  0.04    0.00    3.21 ^ _07865_/B (sky130_fd_sc_hd__xnor2_1)
     1    0.00    0.05    0.05    3.26 v _07865_/Y (sky130_fd_sc_hd__xnor2_1)
                                         _02667_ (net)
                  0.05    0.00    3.26 v _07866_/A1 (sky130_fd_sc_hd__mux2i_1)
     2    0.01    0.21    0.20    3.47 ^ _07866_/Y (sky130_fd_sc_hd__mux2i_1)
                                         _02668_ (net)
                  0.21    0.00    3.47 ^ _07867_/B (sky130_fd_sc_hd__nor2_1)
     2    0.01    0.14    0.10    3.56 v _07867_/Y (sky130_fd_sc_hd__nor2_1)
                                         _02669_ (net)
                  0.14    0.00    3.56 v _07868_/B1 (sky130_fd_sc_hd__a21oi_2)
     4    0.02    0.25    0.25    3.81 ^ _07868_/Y (sky130_fd_sc_hd__a21oi_2)
                                         _02670_ (net)
                  0.25    0.00    3.82 ^ _07950_/A (sky130_fd_sc_hd__nor2_1)
     1    0.01    0.19    0.11    3.93 v _07950_/Y (sky130_fd_sc_hd__nor2_1)
                                         _00170_ (net)
                  0.19    0.00    3.93 v _13137_/A (sky130_fd_sc_hd__fa_1)
     1    0.01    0.09    0.61    4.54 ^ _13137_/SUM (sky130_fd_sc_hd__fa_1)
                                         _06560_ (net)
                  0.09    0.00    4.54 ^ _13055_/CIN (sky130_fd_sc_hd__fa_1)
     1    0.00    0.09    0.43    4.96 v _13055_/SUM (sky130_fd_sc_hd__fa_1)
                                         _06562_ (net)
                  0.09    0.00    4.96 v _13233_/A (sky130_fd_sc_hd__ha_1)
     1    0.01    0.07    0.33    5.29 v _13233_/SUM (sky130_fd_sc_hd__ha_1)
                                         _06275_ (net)
                  0.07    0.00    5.29 v _12966_/B (sky130_fd_sc_hd__fa_1)
     1    0.01    0.09    0.54    5.83 ^ _12966_/SUM (sky130_fd_sc_hd__fa_1)
                                         _06278_ (net)
                  0.09    0.00    5.83 ^ _13091_/B (sky130_fd_sc_hd__fa_1)
     1    0.00    0.08    0.43    6.26 v _13091_/SUM (sky130_fd_sc_hd__fa_1)
                                         _06669_ (net)
                  0.08    0.00    6.26 v _13320_/B (sky130_fd_sc_hd__ha_1)
     2    0.01    0.07    0.30    6.56 v _13320_/SUM (sky130_fd_sc_hd__ha_1)
                                         _00360_ (net)
                  0.07    0.00    6.56 v _07115_/A1 (sky130_fd_sc_hd__a21oi_1)
     2    0.01    0.19    0.19    6.75 ^ _07115_/Y (sky130_fd_sc_hd__a21oi_1)
                                         _02081_ (net)
                  0.19    0.00    6.75 ^ _07116_/A2 (sky130_fd_sc_hd__o21bai_1)
     1    0.00    0.06    0.09    6.85 v _07116_/Y (sky130_fd_sc_hd__o21bai_1)
                                         _02082_ (net)
                  0.06    0.00    6.85 v _07117_/A1 (sky130_fd_sc_hd__a21oi_1)
     2    0.01    0.19    0.19    7.03 ^ _07117_/Y (sky130_fd_sc_hd__a21oi_1)
                                         _02083_ (net)
                  0.19    0.00    7.03 ^ _07118_/A2 (sky130_fd_sc_hd__o21bai_1)
     1    0.01    0.08    0.12    7.15 v _07118_/Y (sky130_fd_sc_hd__o21bai_1)
                                         _02084_ (net)
                  0.08    0.00    7.15 v _07119_/A1 (sky130_fd_sc_hd__a21oi_1)
     2    0.01    0.18    0.19    7.34 ^ _07119_/Y (sky130_fd_sc_hd__a21oi_1)
                                         _02085_ (net)
                  0.18    0.00    7.34 ^ _07120_/A2 (sky130_fd_sc_hd__o21bai_1)
     1    0.01    0.07    0.10    7.45 v _07120_/Y (sky130_fd_sc_hd__o21bai_1)
                                         _02086_ (net)
                  0.07    0.00    7.45 v _07121_/A1 (sky130_fd_sc_hd__a21oi_1)
     2    0.01    0.21    0.21    7.65 ^ _07121_/Y (sky130_fd_sc_hd__a21oi_1)
                                         _02087_ (net)
                  0.21    0.00    7.65 ^ _07122_/A2 (sky130_fd_sc_hd__o21bai_1)
     1    0.00    0.05    0.09    7.74 v _07122_/Y (sky130_fd_sc_hd__o21bai_1)
                                         _02088_ (net)
                  0.05    0.00    7.74 v _07123_/A2 (sky130_fd_sc_hd__a21oi_1)
     2    0.01    0.21    0.22    7.96 ^ _07123_/Y (sky130_fd_sc_hd__a21oi_1)
                                         _02089_ (net)
                  0.21    0.00    7.96 ^ _07126_/A1 (sky130_fd_sc_hd__o21ai_0)
     2    0.01    0.12    0.17    8.13 v _07126_/Y (sky130_fd_sc_hd__o21ai_0)
                                         _02092_ (net)
                  0.12    0.00    8.13 v _07454_/B (sky130_fd_sc_hd__or2_2)
     1    0.01    0.07    0.33    8.46 v _07454_/X (sky130_fd_sc_hd__or2_2)
                                         _02391_ (net)
                  0.07    0.00    8.46 v _07455_/A (sky130_fd_sc_hd__xnor2_2)
     2    0.01    0.18    0.21    8.67 ^ _07455_/Y (sky130_fd_sc_hd__xnor2_2)
                                         _00186_ (net)
                  0.18    0.00    8.67 ^ _07456_/A (sky130_fd_sc_hd__inv_2)
     5    0.03    0.10    0.12    8.79 v _07456_/Y (sky130_fd_sc_hd__inv_2)
                                         mul_product[19] (net)
                  0.10    0.00    8.79 v _12948_/CIN (sky130_fd_sc_hd__fa_1)
     2    0.01    0.11    0.54    9.34 ^ _12948_/SUM (sky130_fd_sc_hd__fa_1)
                                         _06221_ (net)
                  0.11    0.00    9.34 ^ _13099_/CIN (sky130_fd_sc_hd__fa_1)
     1    0.01    0.11    0.46    9.80 v _13099_/SUM (sky130_fd_sc_hd__fa_1)
                                         _06400_ (net)
                  0.11    0.00    9.80 v _13006_/CIN (sky130_fd_sc_hd__fa_1)
     1    0.01    0.08    0.52   10.31 ^ _13006_/SUM (sky130_fd_sc_hd__fa_1)
                                         _06401_ (net)
                  0.08    0.00   10.31 ^ _13181_/CIN (sky130_fd_sc_hd__fa_1)
     1    0.01    0.09    0.43   10.75 v _13181_/SUM (sky130_fd_sc_hd__fa_1)
                                         _06833_ (net)
                  0.09    0.00   10.75 v _13166_/B (sky130_fd_sc_hd__fa_1)
     1    0.00    0.08    0.47   11.21 v _13166_/SUM (sky130_fd_sc_hd__fa_1)
                                         _06835_ (net)
                  0.08    0.00   11.21 v _13555_/B (sky130_fd_sc_hd__ha_1)
     2    0.01    0.08    0.31   11.52 v _13555_/SUM (sky130_fd_sc_hd__ha_1)
                                         _00662_ (net)
                  0.08    0.00   11.52 v _07163_/A1 (sky130_fd_sc_hd__a2111oi_2)
     2    0.01    0.40    0.41   11.93 ^ _07163_/Y (sky130_fd_sc_hd__a2111oi_2)
                                         _02114_ (net)
                  0.40    0.00   11.93 ^ _07178_/B1 (sky130_fd_sc_hd__o31a_1)
     1    0.01    0.07    0.22   12.16 ^ _07178_/X (sky130_fd_sc_hd__o31a_1)
                                         _02129_ (net)
                  0.07    0.00   12.16 ^ _07179_/B1 (sky130_fd_sc_hd__a31oi_2)
     2    0.01    0.14    0.05   12.21 v _07179_/Y (sky130_fd_sc_hd__a31oi_2)
                                         _02130_ (net)
                  0.14    0.00   12.21 v _07187_/A2 (sky130_fd_sc_hd__a211oi_2)
     1    0.01    0.18    0.27   12.48 ^ _07187_/Y (sky130_fd_sc_hd__a211oi_2)
                                         _02138_ (net)
                  0.18    0.00   12.48 ^ _07190_/C (sky130_fd_sc_hd__nor3_2)
     2    0.01    0.06    0.08   12.56 v _07190_/Y (sky130_fd_sc_hd__nor3_2)
                                         _02141_ (net)
                  0.06    0.00   12.56 v _07194_/A1 (sky130_fd_sc_hd__a41oi_2)
     3    0.02    0.27    0.23   12.79 ^ _07194_/Y (sky130_fd_sc_hd__a41oi_2)
                                         _02145_ (net)
                  0.27    0.00   12.79 ^ _07199_/A2 (sky130_fd_sc_hd__a2111oi_4)
     2    0.01    0.09    0.12   12.91 v _07199_/Y (sky130_fd_sc_hd__a2111oi_4)
                                         _02150_ (net)
                  0.09    0.00   12.91 v _07200_/A1 (sky130_fd_sc_hd__o21a_1)
     3    0.01    0.06    0.23   13.13 v _07200_/X (sky130_fd_sc_hd__o21a_1)
                                         _02151_ (net)
                  0.06    0.00   13.13 v place1485/A (sky130_fd_sc_hd__buf_4)
     1    0.00    0.02    0.13   13.26 v place1485/X (sky130_fd_sc_hd__buf_4)
                                         net1485 (net)
                  0.02    0.00   13.26 v _07207_/A (sky130_fd_sc_hd__nor2_1)
     4    0.02    0.41    0.33   13.60 ^ _07207_/Y (sky130_fd_sc_hd__nor2_1)
                                         u_mul_reduce.prod[34] (net)
                  0.41    0.00   13.60 ^ _13326_/B (sky130_fd_sc_hd__ha_1)
     1    0.01    0.06    0.32   13.92 v _13326_/SUM (sky130_fd_sc_hd__ha_1)
                                         _06989_ (net)
                  0.06    0.00   13.92 v _13602_/B (sky130_fd_sc_hd__ha_1)
     1    0.01    0.07    0.30   14.22 v _13602_/SUM (sky130_fd_sc_hd__ha_1)
                                         _06919_ (net)
                  0.07    0.00   14.22 v _13242_/B (sky130_fd_sc_hd__ha_1)
     1    0.00    0.06    0.29   14.51 v _13242_/SUM (sky130_fd_sc_hd__ha_1)
                                         _00274_ (net)
                  0.06    0.00   14.51 v _07801_/A (sky130_fd_sc_hd__inv_1)
     1    0.01    0.09    0.10   14.61 ^ _07801_/Y (sky130_fd_sc_hd__inv_1)
                                         _00161_ (net)
                  0.09    0.00   14.61 ^ _13130_/B (sky130_fd_sc_hd__fa_1)
     1    0.00    0.08    0.42   15.03 v _13130_/SUM (sky130_fd_sc_hd__fa_1)
                                         _06756_ (net)
                  0.08    0.00   15.03 v _13487_/A (sky130_fd_sc_hd__ha_1)
     3    0.01    0.11    0.34   15.37 ^ _13487_/SUM (sky130_fd_sc_hd__ha_1)
                                         _00563_ (net)
                  0.11    0.00   15.37 ^ _07303_/A (sky130_fd_sc_hd__nand2_1)
     4    0.02    0.12    0.13   15.50 v _07303_/Y (sky130_fd_sc_hd__nand2_1)
                                         _02245_ (net)
                  0.12    0.00   15.50 v _07338_/A (sky130_fd_sc_hd__nor2_1)
     3    0.01    0.24    0.25   15.75 ^ _07338_/Y (sky130_fd_sc_hd__nor2_1)
                                         _02280_ (net)
                  0.24    0.00   15.75 ^ _07339_/D1 (sky130_fd_sc_hd__o2111ai_2)
     3    0.01    0.17    0.20   15.95 v _07339_/Y (sky130_fd_sc_hd__o2111ai_2)
                                         _02281_ (net)
                  0.17    0.00   15.95 v _07407_/A2 (sky130_fd_sc_hd__a31oi_1)
     2    0.01    0.23    0.28   16.23 ^ _07407_/Y (sky130_fd_sc_hd__a31oi_1)
                                         _02349_ (net)
                  0.23    0.00   16.23 ^ _07408_/A1 (sky130_fd_sc_hd__o21ai_0)
     2    0.01    0.13    0.18   16.41 v _07408_/Y (sky130_fd_sc_hd__o21ai_0)
                                         _02350_ (net)
                  0.13    0.00   16.41 v _07440_/A1 (sky130_fd_sc_hd__a2111o_1)
     3    0.01    0.09    0.43   16.84 v _07440_/X (sky130_fd_sc_hd__a2111o_1)
                                         _02382_ (net)
                  0.09    0.00   16.84 v _07441_/D (sky130_fd_sc_hd__or4_1)
     2    0.01    0.15    0.50   17.34 v _07441_/X (sky130_fd_sc_hd__or4_1)
                                         _02383_ (net)
                  0.15    0.00   17.34 v place1288/A (sky130_fd_sc_hd__buf_4)
     5    0.01    0.04    0.19   17.53 v place1288/X (sky130_fd_sc_hd__buf_4)
                                         net1288 (net)
                  0.04    0.00   17.53 v _07607_/A2 (sky130_fd_sc_hd__o31a_1)
     1    0.00    0.06    0.28   17.81 v _07607_/X (sky130_fd_sc_hd__o31a_1)
                                         _02506_ (net)
                  0.06    0.00   17.81 v _07610_/C (sky130_fd_sc_hd__nor4_2)
     2    0.01    0.33    0.32   18.13 ^ _07610_/Y (sky130_fd_sc_hd__nor4_2)
                                         _02509_ (net)
                  0.33    0.00   18.13 ^ _07631_/B (sky130_fd_sc_hd__nand4_2)
     4    0.02    0.21    0.25   18.38 v _07631_/Y (sky130_fd_sc_hd__nand4_2)
                                         _02530_ (net)
                  0.21    0.00   18.38 v place1241/A (sky130_fd_sc_hd__buf_4)
     2    0.01    0.03    0.21   18.59 v place1241/X (sky130_fd_sc_hd__buf_4)
                                         net1241 (net)
                  0.03    0.00   18.59 v _11852_/C (sky130_fd_sc_hd__nor4_1)
     1    0.00    0.25    0.24   18.83 ^ _11852_/Y (sky130_fd_sc_hd__nor4_1)
                                         _01335_ (net)
                  0.25    0.00   18.83 ^ _11853_/B1 (sky130_fd_sc_hd__o22ai_1)
     2    0.01    0.13    0.18   19.01 v _11853_/Y (sky130_fd_sc_hd__o22ai_1)
                                         _01336_ (net)
                  0.13    0.00   19.01 v _11857_/B (sky130_fd_sc_hd__xnor2_1)
     2    0.01    0.08    0.17   19.19 v _11857_/Y (sky130_fd_sc_hd__xnor2_1)
                                         _01340_ (net)
                  0.08    0.00   19.19 v _11868_/B (sky130_fd_sc_hd__or4_4)
     1    0.01    0.10    0.54   19.73 v _11868_/X (sky130_fd_sc_hd__or4_4)
                                         _01351_ (net)
                  0.10    0.00   19.73 v _11964_/A2 (sky130_fd_sc_hd__a2111oi_4)
     1    0.01    0.32    0.42   20.14 ^ _11964_/Y (sky130_fd_sc_hd__a2111oi_4)
                                         _01447_ (net)
                  0.32    0.00   20.14 ^ place1195/A (sky130_fd_sc_hd__buf_12)
    21    0.08    0.10    0.21   20.35 ^ place1195/X (sky130_fd_sc_hd__buf_12)
                                         net1195 (net)
                  0.10    0.00   20.35 ^ _12020_/D (sky130_fd_sc_hd__nor4_2)
     1    0.00    0.06    0.05   20.40 v _12020_/Y (sky130_fd_sc_hd__nor4_2)
                                         _01497_ (net)
                  0.06    0.00   20.40 v _12021_/B1 (sky130_fd_sc_hd__a211o_1)
     1    0.00    0.05    0.27   20.67 v _12021_/X (sky130_fd_sc_hd__a211o_1)
                                         _00798_ (net)
                  0.05    0.00   20.67 v mul_reduced_q[4]$_DFFE_PN0P_/D (sky130_fd_sc_hd__dfrtp_1)
                                 20.67   data arrival time

                  0.00   20.00   20.00   clock clk (rise edge)
                          0.00   20.00   clock network delay (ideal)
                         -0.25   19.75   clock uncertainty
                          0.00   19.75   clock reconvergence pessimism
                                 19.75 ^ mul_reduced_q[4]$_DFFE_PN0P_/CLK (sky130_fd_sc_hd__dfrtp_1)
                         -0.13   19.62   library setup time
                                 19.62   data required time
-----------------------------------------------------------------------------
                                 19.62   data required time
                                -20.67   data arrival time
-----------------------------------------------------------------------------
                                 -1.05   slack (VIOLATED)



==========================================================================
detailed place report_checks -unconstrained
--------------------------------------------------------------------------
Startpoint: coeff_a_q[1]$_DFFE_PN0P_
            (rising edge-triggered flip-flop clocked by clk)
Endpoint: mul_reduced_q[4]$_DFFE_PN0P_
          (rising edge-triggered flip-flop clocked by clk)
Path Group: clk
Path Type: max

Fanout     Cap    Slew   Delay    Time   Description
-----------------------------------------------------------------------------
                  0.00    0.00    0.00   clock clk (rise edge)
                          0.00    0.00   clock network delay (ideal)
                  0.00    0.00    0.00 ^ coeff_a_q[1]$_DFFE_PN0P_/CLK (sky130_fd_sc_hd__dfrtp_2)
     2    0.02    0.07    0.41    0.41 v coeff_a_q[1]$_DFFE_PN0P_/Q (sky130_fd_sc_hd__dfrtp_2)
                                         coeff_a_q[1] (net)
                  0.07    0.00    0.41 v _13427_/A (sky130_fd_sc_hd__ha_4)
     2    0.01    0.05    0.28    0.69 ^ _13427_/SUM (sky130_fd_sc_hd__ha_4)
                                         _00477_ (net)
                  0.05    0.00    0.69 ^ _07505_/A (sky130_fd_sc_hd__inv_2)
     1    0.01    0.03    0.04    0.73 v _07505_/Y (sky130_fd_sc_hd__inv_2)
                                         _00430_ (net)
                  0.03    0.00    0.73 v _13611_/B (sky130_fd_sc_hd__ha_4)
     2    0.01    0.04    0.16    0.88 v _13611_/COUT (sky130_fd_sc_hd__ha_4)
                                         _00193_ (net)
                  0.04    0.00    0.88 v _13164_/A (sky130_fd_sc_hd__fa_2)
     2    0.01    0.08    0.40    1.28 v _13164_/COUT (sky130_fd_sc_hd__fa_2)
                                         _00195_ (net)
                  0.08    0.00    1.28 v _07673_/A1 (sky130_fd_sc_hd__a21oi_2)
     1    0.00    0.08    0.12    1.40 ^ _07673_/Y (sky130_fd_sc_hd__a21oi_2)
                                         _02567_ (net)
                  0.08    0.00    1.40 ^ _07674_/A (sky130_fd_sc_hd__nor2_1)
     1    0.00    0.03    0.05    1.45 v _07674_/Y (sky130_fd_sc_hd__nor2_1)
                                         _02568_ (net)
                  0.03    0.00    1.45 v _07675_/A (sky130_fd_sc_hd__nor2_1)
     2    0.01    0.20    0.18    1.63 ^ _07675_/Y (sky130_fd_sc_hd__nor2_1)
                                         _02569_ (net)
                  0.20    0.00    1.63 ^ _07686_/B (sky130_fd_sc_hd__xnor2_1)
     2    0.01    0.06    0.11    1.74 v _07686_/Y (sky130_fd_sc_hd__xnor2_1)
                                         _02580_ (net)
                  0.06    0.00    1.74 v _07689_/C (sky130_fd_sc_hd__nor3_1)
     2    0.00    0.19    0.17    1.91 ^ _07689_/Y (sky130_fd_sc_hd__nor3_1)
                                         _02583_ (net)
                  0.19    0.00    1.91 ^ _07690_/B_N (sky130_fd_sc_hd__nor2b_2)
     2    0.01    0.10    0.20    2.10 ^ _07690_/Y (sky130_fd_sc_hd__nor2b_2)
                                         _02584_ (net)
                  0.10    0.00    2.10 ^ _07691_/B_N (sky130_fd_sc_hd__nor2b_4)
     2    0.01    0.08    0.16    2.26 ^ _07691_/Y (sky130_fd_sc_hd__nor2b_4)
                                         _02585_ (net)
                  0.08    0.00    2.26 ^ _07692_/B (sky130_fd_sc_hd__nand2_1)
     1    0.00    0.04    0.06    2.32 v _07692_/Y (sky130_fd_sc_hd__nand2_1)
                                         _02586_ (net)
                  0.04    0.00    2.32 v _07693_/B1 (sky130_fd_sc_hd__a21oi_1)
     1    0.01    0.15    0.14    2.47 ^ _07693_/Y (sky130_fd_sc_hd__a21oi_1)
                                         _02587_ (net)
                  0.15    0.00    2.47 ^ _07694_/B (sky130_fd_sc_hd__nor2_1)
     1    0.00    0.05    0.06    2.53 v _07694_/Y (sky130_fd_sc_hd__nor2_1)
                                         _02588_ (net)
                  0.05    0.00    2.53 v _07700_/A2 (sky130_fd_sc_hd__o211a_1)
     3    0.01    0.06    0.23    2.76 v _07700_/X (sky130_fd_sc_hd__o211a_1)
                                         _02594_ (net)
                  0.06    0.00    2.76 v _07852_/A2 (sky130_fd_sc_hd__o21ai_0)
     2    0.01    0.30    0.27    3.03 ^ _07852_/Y (sky130_fd_sc_hd__o21ai_0)
                                         _02656_ (net)
                  0.30    0.00    3.03 ^ place1690/A (sky130_fd_sc_hd__buf_4)
     1    0.01    0.04    0.17    3.21 ^ place1690/X (sky130_fd_sc_hd__buf_4)
                                         net1690 (net)
                  0.04    0.00    3.21 ^ _07865_/B (sky130_fd_sc_hd__xnor2_1)
     1    0.00    0.05    0.05    3.26 v _07865_/Y (sky130_fd_sc_hd__xnor2_1)
                                         _02667_ (net)
                  0.05    0.00    3.26 v _07866_/A1 (sky130_fd_sc_hd__mux2i_1)
     2    0.01    0.21    0.20    3.47 ^ _07866_/Y (sky130_fd_sc_hd__mux2i_1)
                                         _02668_ (net)
                  0.21    0.00    3.47 ^ _07867_/B (sky130_fd_sc_hd__nor2_1)
     2    0.01    0.14    0.10    3.56 v _07867_/Y (sky130_fd_sc_hd__nor2_1)
                                         _02669_ (net)
                  0.14    0.00    3.56 v _07868_/B1 (sky130_fd_sc_hd__a21oi_2)
     4    0.02    0.25    0.25    3.81 ^ _07868_/Y (sky130_fd_sc_hd__a21oi_2)
                                         _02670_ (net)
                  0.25    0.00    3.82 ^ _07950_/A (sky130_fd_sc_hd__nor2_1)
     1    0.01    0.19    0.11    3.93 v _07950_/Y (sky130_fd_sc_hd__nor2_1)
                                         _00170_ (net)
                  0.19    0.00    3.93 v _13137_/A (sky130_fd_sc_hd__fa_1)
     1    0.01    0.09    0.61    4.54 ^ _13137_/SUM (sky130_fd_sc_hd__fa_1)
                                         _06560_ (net)
                  0.09    0.00    4.54 ^ _13055_/CIN (sky130_fd_sc_hd__fa_1)
     1    0.00    0.09    0.43    4.96 v _13055_/SUM (sky130_fd_sc_hd__fa_1)
                                         _06562_ (net)
                  0.09    0.00    4.96 v _13233_/A (sky130_fd_sc_hd__ha_1)
     1    0.01    0.07    0.33    5.29 v _13233_/SUM (sky130_fd_sc_hd__ha_1)
                                         _06275_ (net)
                  0.07    0.00    5.29 v _12966_/B (sky130_fd_sc_hd__fa_1)
     1    0.01    0.09    0.54    5.83 ^ _12966_/SUM (sky130_fd_sc_hd__fa_1)
                                         _06278_ (net)
                  0.09    0.00    5.83 ^ _13091_/B (sky130_fd_sc_hd__fa_1)
     1    0.00    0.08    0.43    6.26 v _13091_/SUM (sky130_fd_sc_hd__fa_1)
                                         _06669_ (net)
                  0.08    0.00    6.26 v _13320_/B (sky130_fd_sc_hd__ha_1)
     2    0.01    0.07    0.30    6.56 v _13320_/SUM (sky130_fd_sc_hd__ha_1)
                                         _00360_ (net)
                  0.07    0.00    6.56 v _07115_/A1 (sky130_fd_sc_hd__a21oi_1)
     2    0.01    0.19    0.19    6.75 ^ _07115_/Y (sky130_fd_sc_hd__a21oi_1)
                                         _02081_ (net)
                  0.19    0.00    6.75 ^ _07116_/A2 (sky130_fd_sc_hd__o21bai_1)
     1    0.00    0.06    0.09    6.85 v _07116_/Y (sky130_fd_sc_hd__o21bai_1)
                                         _02082_ (net)
                  0.06    0.00    6.85 v _07117_/A1 (sky130_fd_sc_hd__a21oi_1)
     2    0.01    0.19    0.19    7.03 ^ _07117_/Y (sky130_fd_sc_hd__a21oi_1)
                                         _02083_ (net)
                  0.19    0.00    7.03 ^ _07118_/A2 (sky130_fd_sc_hd__o21bai_1)
     1    0.01    0.08    0.12    7.15 v _07118_/Y (sky130_fd_sc_hd__o21bai_1)
                                         _02084_ (net)
                  0.08    0.00    7.15 v _07119_/A1 (sky130_fd_sc_hd__a21oi_1)
     2    0.01    0.18    0.19    7.34 ^ _07119_/Y (sky130_fd_sc_hd__a21oi_1)
                                         _02085_ (net)
                  0.18    0.00    7.34 ^ _07120_/A2 (sky130_fd_sc_hd__o21bai_1)
     1    0.01    0.07    0.10    7.45 v _07120_/Y (sky130_fd_sc_hd__o21bai_1)
                                         _02086_ (net)
                  0.07    0.00    7.45 v _07121_/A1 (sky130_fd_sc_hd__a21oi_1)
     2    0.01    0.21    0.21    7.65 ^ _07121_/Y (sky130_fd_sc_hd__a21oi_1)
                                         _02087_ (net)
                  0.21    0.00    7.65 ^ _07122_/A2 (sky130_fd_sc_hd__o21bai_1)
     1    0.00    0.05    0.09    7.74 v _07122_/Y (sky130_fd_sc_hd__o21bai_1)
                                         _02088_ (net)
                  0.05    0.00    7.74 v _07123_/A2 (sky130_fd_sc_hd__a21oi_1)
     2    0.01    0.21    0.22    7.96 ^ _07123_/Y (sky130_fd_sc_hd__a21oi_1)
                                         _02089_ (net)
                  0.21    0.00    7.96 ^ _07126_/A1 (sky130_fd_sc_hd__o21ai_0)
     2    0.01    0.12    0.17    8.13 v _07126_/Y (sky130_fd_sc_hd__o21ai_0)
                                         _02092_ (net)
                  0.12    0.00    8.13 v _07454_/B (sky130_fd_sc_hd__or2_2)
     1    0.01    0.07    0.33    8.46 v _07454_/X (sky130_fd_sc_hd__or2_2)
                                         _02391_ (net)
                  0.07    0.00    8.46 v _07455_/A (sky130_fd_sc_hd__xnor2_2)
     2    0.01    0.18    0.21    8.67 ^ _07455_/Y (sky130_fd_sc_hd__xnor2_2)
                                         _00186_ (net)
                  0.18    0.00    8.67 ^ _07456_/A (sky130_fd_sc_hd__inv_2)
     5    0.03    0.10    0.12    8.79 v _07456_/Y (sky130_fd_sc_hd__inv_2)
                                         mul_product[19] (net)
                  0.10    0.00    8.79 v _12948_/CIN (sky130_fd_sc_hd__fa_1)
     2    0.01    0.11    0.54    9.34 ^ _12948_/SUM (sky130_fd_sc_hd__fa_1)
                                         _06221_ (net)
                  0.11    0.00    9.34 ^ _13099_/CIN (sky130_fd_sc_hd__fa_1)
     1    0.01    0.11    0.46    9.80 v _13099_/SUM (sky130_fd_sc_hd__fa_1)
                                         _06400_ (net)
                  0.11    0.00    9.80 v _13006_/CIN (sky130_fd_sc_hd__fa_1)
     1    0.01    0.08    0.52   10.31 ^ _13006_/SUM (sky130_fd_sc_hd__fa_1)
                                         _06401_ (net)
                  0.08    0.00   10.31 ^ _13181_/CIN (sky130_fd_sc_hd__fa_1)
     1    0.01    0.09    0.43   10.75 v _13181_/SUM (sky130_fd_sc_hd__fa_1)
                                         _06833_ (net)
                  0.09    0.00   10.75 v _13166_/B (sky130_fd_sc_hd__fa_1)
     1    0.00    0.08    0.47   11.21 v _13166_/SUM (sky130_fd_sc_hd__fa_1)
                                         _06835_ (net)
                  0.08    0.00   11.21 v _13555_/B (sky130_fd_sc_hd__ha_1)
     2    0.01    0.08    0.31   11.52 v _13555_/SUM (sky130_fd_sc_hd__ha_1)
                                         _00662_ (net)
                  0.08    0.00   11.52 v _07163_/A1 (sky130_fd_sc_hd__a2111oi_2)
     2    0.01    0.40    0.41   11.93 ^ _07163_/Y (sky130_fd_sc_hd__a2111oi_2)
                                         _02114_ (net)
                  0.40    0.00   11.93 ^ _07178_/B1 (sky130_fd_sc_hd__o31a_1)
     1    0.01    0.07    0.22   12.16 ^ _07178_/X (sky130_fd_sc_hd__o31a_1)
                                         _02129_ (net)
                  0.07    0.00   12.16 ^ _07179_/B1 (sky130_fd_sc_hd__a31oi_2)
     2    0.01    0.14    0.05   12.21 v _07179_/Y (sky130_fd_sc_hd__a31oi_2)
                                         _02130_ (net)
                  0.14    0.00   12.21 v _07187_/A2 (sky130_fd_sc_hd__a211oi_2)
     1    0.01    0.18    0.27   12.48 ^ _07187_/Y (sky130_fd_sc_hd__a211oi_2)
                                         _02138_ (net)
                  0.18    0.00   12.48 ^ _07190_/C (sky130_fd_sc_hd__nor3_2)
     2    0.01    0.06    0.08   12.56 v _07190_/Y (sky130_fd_sc_hd__nor3_2)
                                         _02141_ (net)
                  0.06    0.00   12.56 v _07194_/A1 (sky130_fd_sc_hd__a41oi_2)
     3    0.02    0.27    0.23   12.79 ^ _07194_/Y (sky130_fd_sc_hd__a41oi_2)
                                         _02145_ (net)
                  0.27    0.00   12.79 ^ _07199_/A2 (sky130_fd_sc_hd__a2111oi_4)
     2    0.01    0.09    0.12   12.91 v _07199_/Y (sky130_fd_sc_hd__a2111oi_4)
                                         _02150_ (net)
                  0.09    0.00   12.91 v _07200_/A1 (sky130_fd_sc_hd__o21a_1)
     3    0.01    0.06    0.23   13.13 v _07200_/X (sky130_fd_sc_hd__o21a_1)
                                         _02151_ (net)
                  0.06    0.00   13.13 v place1485/A (sky130_fd_sc_hd__buf_4)
     1    0.00    0.02    0.13   13.26 v place1485/X (sky130_fd_sc_hd__buf_4)
                                         net1485 (net)
                  0.02    0.00   13.26 v _07207_/A (sky130_fd_sc_hd__nor2_1)
     4    0.02    0.41    0.33   13.60 ^ _07207_/Y (sky130_fd_sc_hd__nor2_1)
                                         u_mul_reduce.prod[34] (net)
                  0.41    0.00   13.60 ^ _13326_/B (sky130_fd_sc_hd__ha_1)
     1    0.01    0.06    0.32   13.92 v _13326_/SUM (sky130_fd_sc_hd__ha_1)
                                         _06989_ (net)
                  0.06    0.00   13.92 v _13602_/B (sky130_fd_sc_hd__ha_1)
     1    0.01    0.07    0.30   14.22 v _13602_/SUM (sky130_fd_sc_hd__ha_1)
                                         _06919_ (net)
                  0.07    0.00   14.22 v _13242_/B (sky130_fd_sc_hd__ha_1)
     1    0.00    0.06    0.29   14.51 v _13242_/SUM (sky130_fd_sc_hd__ha_1)
                                         _00274_ (net)
                  0.06    0.00   14.51 v _07801_/A (sky130_fd_sc_hd__inv_1)
     1    0.01    0.09    0.10   14.61 ^ _07801_/Y (sky130_fd_sc_hd__inv_1)
                                         _00161_ (net)
                  0.09    0.00   14.61 ^ _13130_/B (sky130_fd_sc_hd__fa_1)
     1    0.00    0.08    0.42   15.03 v _13130_/SUM (sky130_fd_sc_hd__fa_1)
                                         _06756_ (net)
                  0.08    0.00   15.03 v _13487_/A (sky130_fd_sc_hd__ha_1)
     3    0.01    0.11    0.34   15.37 ^ _13487_/SUM (sky130_fd_sc_hd__ha_1)
                                         _00563_ (net)
                  0.11    0.00   15.37 ^ _07303_/A (sky130_fd_sc_hd__nand2_1)
     4    0.02    0.12    0.13   15.50 v _07303_/Y (sky130_fd_sc_hd__nand2_1)
                                         _02245_ (net)
                  0.12    0.00   15.50 v _07338_/A (sky130_fd_sc_hd__nor2_1)
     3    0.01    0.24    0.25   15.75 ^ _07338_/Y (sky130_fd_sc_hd__nor2_1)
                                         _02280_ (net)
                  0.24    0.00   15.75 ^ _07339_/D1 (sky130_fd_sc_hd__o2111ai_2)
     3    0.01    0.17    0.20   15.95 v _07339_/Y (sky130_fd_sc_hd__o2111ai_2)
                                         _02281_ (net)
                  0.17    0.00   15.95 v _07407_/A2 (sky130_fd_sc_hd__a31oi_1)
     2    0.01    0.23    0.28   16.23 ^ _07407_/Y (sky130_fd_sc_hd__a31oi_1)
                                         _02349_ (net)
                  0.23    0.00   16.23 ^ _07408_/A1 (sky130_fd_sc_hd__o21ai_0)
     2    0.01    0.13    0.18   16.41 v _07408_/Y (sky130_fd_sc_hd__o21ai_0)
                                         _02350_ (net)
                  0.13    0.00   16.41 v _07440_/A1 (sky130_fd_sc_hd__a2111o_1)
     3    0.01    0.09    0.43   16.84 v _07440_/X (sky130_fd_sc_hd__a2111o_1)
                                         _02382_ (net)
                  0.09    0.00   16.84 v _07441_/D (sky130_fd_sc_hd__or4_1)
     2    0.01    0.15    0.50   17.34 v _07441_/X (sky130_fd_sc_hd__or4_1)
                                         _02383_ (net)
                  0.15    0.00   17.34 v place1288/A (sky130_fd_sc_hd__buf_4)
     5    0.01    0.04    0.19   17.53 v place1288/X (sky130_fd_sc_hd__buf_4)
                                         net1288 (net)
                  0.04    0.00   17.53 v _07607_/A2 (sky130_fd_sc_hd__o31a_1)
     1    0.00    0.06    0.28   17.81 v _07607_/X (sky130_fd_sc_hd__o31a_1)
                                         _02506_ (net)
                  0.06    0.00   17.81 v _07610_/C (sky130_fd_sc_hd__nor4_2)
     2    0.01    0.33    0.32   18.13 ^ _07610_/Y (sky130_fd_sc_hd__nor4_2)
                                         _02509_ (net)
                  0.33    0.00   18.13 ^ _07631_/B (sky130_fd_sc_hd__nand4_2)
     4    0.02    0.21    0.25   18.38 v _07631_/Y (sky130_fd_sc_hd__nand4_2)
                                         _02530_ (net)
                  0.21    0.00   18.38 v place1241/A (sky130_fd_sc_hd__buf_4)
     2    0.01    0.03    0.21   18.59 v place1241/X (sky130_fd_sc_hd__buf_4)
                                         net1241 (net)
                  0.03    0.00   18.59 v _11852_/C (sky130_fd_sc_hd__nor4_1)
     1    0.00    0.25    0.24   18.83 ^ _11852_/Y (sky130_fd_sc_hd__nor4_1)
                                         _01335_ (net)
                  0.25    0.00   18.83 ^ _11853_/B1 (sky130_fd_sc_hd__o22ai_1)
     2    0.01    0.13    0.18   19.01 v _11853_/Y (sky130_fd_sc_hd__o22ai_1)
                                         _01336_ (net)
                  0.13    0.00   19.01 v _11857_/B (sky130_fd_sc_hd__xnor2_1)
     2    0.01    0.08    0.17   19.19 v _11857_/Y (sky130_fd_sc_hd__xnor2_1)
                                         _01340_ (net)
                  0.08    0.00   19.19 v _11868_/B (sky130_fd_sc_hd__or4_4)
     1    0.01    0.10    0.54   19.73 v _11868_/X (sky130_fd_sc_hd__or4_4)
                                         _01351_ (net)
                  0.10    0.00   19.73 v _11964_/A2 (sky130_fd_sc_hd__a2111oi_4)
     1    0.01    0.32    0.42   20.14 ^ _11964_/Y (sky130_fd_sc_hd__a2111oi_4)
                                         _01447_ (net)
                  0.32    0.00   20.14 ^ place1195/A (sky130_fd_sc_hd__buf_12)
    21    0.08    0.10    0.21   20.35 ^ place1195/X (sky130_fd_sc_hd__buf_12)
                                         net1195 (net)
                  0.10    0.00   20.35 ^ _12020_/D (sky130_fd_sc_hd__nor4_2)
     1    0.00    0.06    0.05   20.40 v _12020_/Y (sky130_fd_sc_hd__nor4_2)
                                         _01497_ (net)
                  0.06    0.00   20.40 v _12021_/B1 (sky130_fd_sc_hd__a211o_1)
     1    0.00    0.05    0.27   20.67 v _12021_/X (sky130_fd_sc_hd__a211o_1)
                                         _00798_ (net)
                  0.05    0.00   20.67 v mul_reduced_q[4]$_DFFE_PN0P_/D (sky130_fd_sc_hd__dfrtp_1)
                                 20.67   data arrival time

                  0.00   20.00   20.00   clock clk (rise edge)
                          0.00   20.00   clock network delay (ideal)
                         -0.25   19.75   clock uncertainty
                          0.00   19.75   clock reconvergence pessimism
                                 19.75 ^ mul_reduced_q[4]$_DFFE_PN0P_/CLK (sky130_fd_sc_hd__dfrtp_1)
                         -0.13   19.62   library setup time
                                 19.62   data required time
-----------------------------------------------------------------------------
                                 19.62   data required time
                                -20.67   data arrival time
-----------------------------------------------------------------------------
                                 -1.05   slack (VIOLATED)



==========================================================================
detailed place report_check_types -max_slew -max_cap -max_fanout -violators
--------------------------------------------------------------------------

==========================================================================
detailed place max_slew_check_slack
--------------------------------------------------------------------------
0.18915759027004242

==========================================================================
detailed place max_slew_check_limit
--------------------------------------------------------------------------
1.4943389892578125

==========================================================================
detailed place max_slew_check_slack_limit
--------------------------------------------------------------------------
0.1266

==========================================================================
detailed place max_fanout_check_slack
--------------------------------------------------------------------------
1.0000000150474662e+30

==========================================================================
detailed place max_fanout_check_limit
--------------------------------------------------------------------------
1.0000000150474662e+30

==========================================================================
detailed place max_capacitance_check_slack
--------------------------------------------------------------------------
0.005147781688719988

==========================================================================
detailed place max_capacitance_check_limit
--------------------------------------------------------------------------
0.03663099929690361

==========================================================================
detailed place max_capacitance_check_slack_limit
--------------------------------------------------------------------------
0.1405

==========================================================================
detailed place max_slew_violation_count
--------------------------------------------------------------------------
max slew violation count 0

==========================================================================
detailed place max_fanout_violation_count
--------------------------------------------------------------------------
max fanout violation count 0

==========================================================================
detailed place max_cap_violation_count
--------------------------------------------------------------------------
max cap violation count 0

==========================================================================
detailed place setup_violation_count
--------------------------------------------------------------------------
setup violation count 12

==========================================================================
detailed place hold_violation_count
--------------------------------------------------------------------------
hold violation count 0

==========================================================================
detailed place report_checks -path_delay max reg to reg
--------------------------------------------------------------------------
Startpoint: coeff_a_q[1]$_DFFE_PN0P_
            (rising edge-triggered flip-flop clocked by clk)
Endpoint: mul_reduced_q[4]$_DFFE_PN0P_
          (rising edge-triggered flip-flop clocked by clk)
Path Group: clk
Path Type: max

  Delay    Time   Description
---------------------------------------------------------
   0.00    0.00   clock clk (rise edge)
   0.00    0.00   clock network delay (ideal)
   0.00    0.00 ^ coeff_a_q[1]$_DFFE_PN0P_/CLK (sky130_fd_sc_hd__dfrtp_2)
   0.41    0.41 v coeff_a_q[1]$_DFFE_PN0P_/Q (sky130_fd_sc_hd__dfrtp_2)
   0.28    0.69 ^ _13427_/SUM (sky130_fd_sc_hd__ha_4)
   0.04    0.73 v _07505_/Y (sky130_fd_sc_hd__inv_2)
   0.16    0.88 v _13611_/COUT (sky130_fd_sc_hd__ha_4)
   0.40    1.28 v _13164_/COUT (sky130_fd_sc_hd__fa_2)
   0.12    1.40 ^ _07673_/Y (sky130_fd_sc_hd__a21oi_2)
   0.05    1.45 v _07674_/Y (sky130_fd_sc_hd__nor2_1)
   0.18    1.63 ^ _07675_/Y (sky130_fd_sc_hd__nor2_1)
   0.11    1.74 v _07686_/Y (sky130_fd_sc_hd__xnor2_1)
   0.17    1.91 ^ _07689_/Y (sky130_fd_sc_hd__nor3_1)
   0.20    2.10 ^ _07690_/Y (sky130_fd_sc_hd__nor2b_2)
   0.16    2.26 ^ _07691_/Y (sky130_fd_sc_hd__nor2b_4)
   0.06    2.32 v _07692_/Y (sky130_fd_sc_hd__nand2_1)
   0.14    2.47 ^ _07693_/Y (sky130_fd_sc_hd__a21oi_1)
   0.06    2.53 v _07694_/Y (sky130_fd_sc_hd__nor2_1)
   0.23    2.76 v _07700_/X (sky130_fd_sc_hd__o211a_1)
   0.27    3.03 ^ _07852_/Y (sky130_fd_sc_hd__o21ai_0)
   0.17    3.21 ^ place1690/X (sky130_fd_sc_hd__buf_4)
   0.05    3.26 v _07865_/Y (sky130_fd_sc_hd__xnor2_1)
   0.21    3.47 ^ _07866_/Y (sky130_fd_sc_hd__mux2i_1)
   0.10    3.56 v _07867_/Y (sky130_fd_sc_hd__nor2_1)
   0.25    3.81 ^ _07868_/Y (sky130_fd_sc_hd__a21oi_2)
   0.11    3.93 v _07950_/Y (sky130_fd_sc_hd__nor2_1)
   0.61    4.54 ^ _13137_/SUM (sky130_fd_sc_hd__fa_1)
   0.43    4.96 v _13055_/SUM (sky130_fd_sc_hd__fa_1)
   0.33    5.29 v _13233_/SUM (sky130_fd_sc_hd__ha_1)
   0.54    5.83 ^ _12966_/SUM (sky130_fd_sc_hd__fa_1)
   0.43    6.26 v _13091_/SUM (sky130_fd_sc_hd__fa_1)
   0.30    6.56 v _13320_/SUM (sky130_fd_sc_hd__ha_1)
   0.19    6.75 ^ _07115_/Y (sky130_fd_sc_hd__a21oi_1)
   0.09    6.85 v _07116_/Y (sky130_fd_sc_hd__o21bai_1)
   0.19    7.03 ^ _07117_/Y (sky130_fd_sc_hd__a21oi_1)
   0.12    7.15 v _07118_/Y (sky130_fd_sc_hd__o21bai_1)
   0.19    7.34 ^ _07119_/Y (sky130_fd_sc_hd__a21oi_1)
   0.10    7.45 v _07120_/Y (sky130_fd_sc_hd__o21bai_1)
   0.21    7.65 ^ _07121_/Y (sky130_fd_sc_hd__a21oi_1)
   0.09    7.74 v _07122_/Y (sky130_fd_sc_hd__o21bai_1)
   0.22    7.96 ^ _07123_/Y (sky130_fd_sc_hd__a21oi_1)
   0.17    8.13 v _07126_/Y (sky130_fd_sc_hd__o21ai_0)
   0.33    8.46 v _07454_/X (sky130_fd_sc_hd__or2_2)
   0.21    8.67 ^ _07455_/Y (sky130_fd_sc_hd__xnor2_2)
   0.12    8.79 v _07456_/Y (sky130_fd_sc_hd__inv_2)
   0.54    9.34 ^ _12948_/SUM (sky130_fd_sc_hd__fa_1)
   0.46    9.80 v _13099_/SUM (sky130_fd_sc_hd__fa_1)
   0.52   10.31 ^ _13006_/SUM (sky130_fd_sc_hd__fa_1)
   0.43   10.75 v _13181_/SUM (sky130_fd_sc_hd__fa_1)
   0.47   11.21 v _13166_/SUM (sky130_fd_sc_hd__fa_1)
   0.31   11.52 v _13555_/SUM (sky130_fd_sc_hd__ha_1)
   0.41   11.93 ^ _07163_/Y (sky130_fd_sc_hd__a2111oi_2)
   0.22   12.16 ^ _07178_/X (sky130_fd_sc_hd__o31a_1)
   0.05   12.21 v _07179_/Y (sky130_fd_sc_hd__a31oi_2)
   0.27   12.48 ^ _07187_/Y (sky130_fd_sc_hd__a211oi_2)
   0.08   12.56 v _07190_/Y (sky130_fd_sc_hd__nor3_2)
   0.23   12.79 ^ _07194_/Y (sky130_fd_sc_hd__a41oi_2)
   0.12   12.91 v _07199_/Y (sky130_fd_sc_hd__a2111oi_4)
   0.23   13.13 v _07200_/X (sky130_fd_sc_hd__o21a_1)
   0.13   13.26 v place1485/X (sky130_fd_sc_hd__buf_4)
   0.33   13.60 ^ _07207_/Y (sky130_fd_sc_hd__nor2_1)
   0.32   13.92 v _13326_/SUM (sky130_fd_sc_hd__ha_1)
   0.30   14.22 v _13602_/SUM (sky130_fd_sc_hd__ha_1)
   0.29   14.51 v _13242_/SUM (sky130_fd_sc_hd__ha_1)
   0.10   14.61 ^ _07801_/Y (sky130_fd_sc_hd__inv_1)
   0.42   15.03 v _13130_/SUM (sky130_fd_sc_hd__fa_1)
   0.34   15.37 ^ _13487_/SUM (sky130_fd_sc_hd__ha_1)
   0.13   15.50 v _07303_/Y (sky130_fd_sc_hd__nand2_1)
   0.25   15.75 ^ _07338_/Y (sky130_fd_sc_hd__nor2_1)
   0.20   15.95 v _07339_/Y (sky130_fd_sc_hd__o2111ai_2)
   0.28   16.23 ^ _07407_/Y (sky130_fd_sc_hd__a31oi_1)
   0.18   16.41 v _07408_/Y (sky130_fd_sc_hd__o21ai_0)
   0.43   16.84 v _07440_/X (sky130_fd_sc_hd__a2111o_1)
   0.50   17.34 v _07441_/X (sky130_fd_sc_hd__or4_1)
   0.19   17.53 v place1288/X (sky130_fd_sc_hd__buf_4)
   0.28   17.81 v _07607_/X (sky130_fd_sc_hd__o31a_1)
   0.32   18.13 ^ _07610_/Y (sky130_fd_sc_hd__nor4_2)
   0.25   18.38 v _07631_/Y (sky130_fd_sc_hd__nand4_2)
   0.21   18.59 v place1241/X (sky130_fd_sc_hd__buf_4)
   0.24   18.83 ^ _11852_/Y (sky130_fd_sc_hd__nor4_1)
   0.18   19.01 v _11853_/Y (sky130_fd_sc_hd__o22ai_1)
   0.17   19.19 v _11857_/Y (sky130_fd_sc_hd__xnor2_1)
   0.54   19.73 v _11868_/X (sky130_fd_sc_hd__or4_4)
   0.42   20.14 ^ _11964_/Y (sky130_fd_sc_hd__a2111oi_4)
   0.21   20.35 ^ place1195/X (sky130_fd_sc_hd__buf_12)
   0.05   20.40 v _12020_/Y (sky130_fd_sc_hd__nor4_2)
   0.27   20.67 v _12021_/X (sky130_fd_sc_hd__a211o_1)
   0.00   20.67 v mul_reduced_q[4]$_DFFE_PN0P_/D (sky130_fd_sc_hd__dfrtp_1)
          20.67   data arrival time

  20.00   20.00   clock clk (rise edge)
   0.00   20.00   clock network delay (ideal)
  -0.25   19.75   clock uncertainty
   0.00   19.75   clock reconvergence pessimism
          19.75 ^ mul_reduced_q[4]$_DFFE_PN0P_/CLK (sky130_fd_sc_hd__dfrtp_1)
  -0.13   19.62   library setup time
          19.62   data required time
---------------------------------------------------------
          19.62   data required time
         -20.67   data arrival time
---------------------------------------------------------
          -1.05   slack (VIOLATED)



==========================================================================
detailed place report_checks -path_delay min reg to reg
--------------------------------------------------------------------------
Startpoint: st[12]$_DFF_PN0_ (rising edge-triggered flip-flop clocked by clk)
Endpoint: done$_DFF_PN0_ (rising edge-triggered flip-flop clocked by clk)
Path Group: clk
Path Type: min

  Delay    Time   Description
---------------------------------------------------------
   0.00    0.00   clock clk (rise edge)
   0.00    0.00   clock network delay (ideal)
   0.00    0.00 ^ st[12]$_DFF_PN0_/CLK (sky130_fd_sc_hd__dfrtp_1)
   0.32    0.32 ^ st[12]$_DFF_PN0_/Q (sky130_fd_sc_hd__dfrtp_1)
   0.00    0.32 ^ done$_DFF_PN0_/D (sky130_fd_sc_hd__dfrtp_1)
           0.32   data arrival time

   0.00    0.00   clock clk (rise edge)
   0.00    0.00   clock network delay (ideal)
   0.25    0.25   clock uncertainty
   0.00    0.25   clock reconvergence pessimism
           0.25 ^ done$_DFF_PN0_/CLK (sky130_fd_sc_hd__dfrtp_1)
  -0.05    0.20   library hold time
           0.20   data required time
---------------------------------------------------------
           0.20   data required time
          -0.32   data arrival time
---------------------------------------------------------
           0.11   slack (MET)



==========================================================================
detailed place critical path target clock latency max path
--------------------------------------------------------------------------
0.0000

==========================================================================
detailed place critical path target clock latency min path
--------------------------------------------------------------------------
0.0000

==========================================================================
detailed place critical path source clock latency min path
--------------------------------------------------------------------------
0.0000

==========================================================================
detailed place critical path delay
--------------------------------------------------------------------------
20.6712

==========================================================================
detailed place critical path slack
--------------------------------------------------------------------------
-1.0488

==========================================================================
detailed place slack div critical path delay
--------------------------------------------------------------------------
-5.073726

==========================================================================
detailed place report_power
--------------------------------------------------------------------------
Group                  Internal  Switching    Leakage      Total
                          Power      Power      Power      Power (Watts)
----------------------------------------------------------------
Sequential             9.98e-03   0.00e+00   3.89e-08   9.98e-03  98.1%
Combinational          1.78e-05   1.77e-04   2.67e-08   1.95e-04   1.9%
Clock                  0.00e+00   0.00e+00   0.00e+00   0.00e+00   0.0%
Macro                  0.00e+00   0.00e+00   0.00e+00   0.00e+00   0.0%
Pad                    0.00e+00   0.00e+00   0.00e+00   0.00e+00   0.0%
----------------------------------------------------------------
Total                  1.00e-02   1.77e-04   6.57e-08   1.02e-02 100.0%
                          98.3%       1.7%       0.0%
