
==========================================================================
cts final report_tns
--------------------------------------------------------------------------
tns max -3.25

==========================================================================
cts final report_wns
--------------------------------------------------------------------------
wns max -0.30

==========================================================================
cts final report_worst_slack
--------------------------------------------------------------------------
worst slack max -0.30

==========================================================================
cts final report_clock_min_period
--------------------------------------------------------------------------
clk period_min = 20.30 fmax = 49.25

==========================================================================
cts final report_clock_skew
--------------------------------------------------------------------------
Clock clk
   1.08 source latency ram_wdata_b[1]$_DFFE_PN0P_/CLK ^
  -1.02 target latency u_coeff_ram.u_model.mem[113][1]$_DFFE_PP_/CLK ^
   0.25 clock uncertainty
   0.00 CRPR
--------------
   0.31 setup skew


==========================================================================
cts final report_checks -path_delay min
--------------------------------------------------------------------------
Startpoint: st[12]$_DFF_PN0_ (rising edge-triggered flip-flop clocked by clk)
Endpoint: done$_DFF_PN0_ (rising edge-triggered flip-flop clocked by clk)
Path Group: clk
Path Type: min

Fanout     Cap    Slew   Delay    Time   Description
-----------------------------------------------------------------------------
                          0.00    0.00   clock clk (rise edge)
                          0.00    0.00   clock source latency
     1    0.14    0.00    0.00    0.00 ^ clk (in)
                                         clk (net)
                  0.01    0.01    0.01 ^ clkbuf_0_clk/A (sky130_fd_sc_hd__clkbuf_16)
     4    0.20    0.21    0.24    0.24 ^ clkbuf_0_clk/X (sky130_fd_sc_hd__clkbuf_16)
                                         clknet_0_clk (net)
                  0.21    0.01    0.25 ^ clkbuf_2_3_0_clk/A (sky130_fd_sc_hd__clkbuf_16)
     8    0.18    0.20    0.30    0.55 ^ clkbuf_2_3_0_clk/X (sky130_fd_sc_hd__clkbuf_16)
                                         clknet_2_3_0_clk (net)
                  0.20    0.00    0.55 ^ clkbuf_5_31__f_clk/A (sky130_fd_sc_hd__clkbuf_16)
    10    0.18    0.19    0.29    0.84 ^ clkbuf_5_31__f_clk/X (sky130_fd_sc_hd__clkbuf_16)
                                         clknet_5_31__leaf_clk (net)
                  0.19    0.00    0.85 ^ clkbuf_leaf_244_clk/A (sky130_fd_sc_hd__clkbuf_16)
     9    0.04    0.06    0.19    1.04 ^ clkbuf_leaf_244_clk/X (sky130_fd_sc_hd__clkbuf_16)
                                         clknet_leaf_244_clk (net)
                  0.06    0.00    1.04 ^ st[12]$_DFF_PN0_/CLK (sky130_fd_sc_hd__dfrtp_1)
     2    0.01    0.08    0.35    1.39 ^ st[12]$_DFF_PN0_/Q (sky130_fd_sc_hd__dfrtp_1)
                                         st[12] (net)
                  0.08    0.00    1.39 ^ done$_DFF_PN0_/D (sky130_fd_sc_hd__dfrtp_1)
                                  1.39   data arrival time

                          0.00    0.00   clock clk (rise edge)
                          0.00    0.00   clock source latency
     1    0.14    0.00    0.00    0.00 ^ clk (in)
                                         clk (net)
                  0.01    0.01    0.01 ^ clkbuf_0_clk/A (sky130_fd_sc_hd__clkbuf_16)
     4    0.20    0.21    0.24    0.24 ^ clkbuf_0_clk/X (sky130_fd_sc_hd__clkbuf_16)
                                         clknet_0_clk (net)
                  0.21    0.01    0.25 ^ clkbuf_2_3_0_clk/A (sky130_fd_sc_hd__clkbuf_16)
     8    0.18    0.20    0.30    0.55 ^ clkbuf_2_3_0_clk/X (sky130_fd_sc_hd__clkbuf_16)
                                         clknet_2_3_0_clk (net)
                  0.20    0.00    0.55 ^ clkbuf_5_31__f_clk/A (sky130_fd_sc_hd__clkbuf_16)
    10    0.18    0.19    0.29    0.84 ^ clkbuf_5_31__f_clk/X (sky130_fd_sc_hd__clkbuf_16)
                                         clknet_5_31__leaf_clk (net)
                  0.19    0.00    0.85 ^ clkbuf_leaf_243_clk/A (sky130_fd_sc_hd__clkbuf_16)
     8    0.04    0.06    0.19    1.04 ^ clkbuf_leaf_243_clk/X (sky130_fd_sc_hd__clkbuf_16)
                                         clknet_leaf_243_clk (net)
                  0.06    0.00    1.04 ^ done$_DFF_PN0_/CLK (sky130_fd_sc_hd__dfrtp_1)
                          0.25    1.29   clock uncertainty
                          0.00    1.29   clock reconvergence pessimism
                         -0.04    1.25   library hold time
                                  1.25   data required time
-----------------------------------------------------------------------------
                                  1.25   data required time
                                 -1.39   data arrival time
-----------------------------------------------------------------------------
                                  0.14   slack (MET)



==========================================================================
cts final report_checks -path_delay max
--------------------------------------------------------------------------
Startpoint: coeff_a_q[1]$_DFFE_PN0P_
            (rising edge-triggered flip-flop clocked by clk)
Endpoint: mul_reduced_q[4]$_DFFE_PN0P_
          (rising edge-triggered flip-flop clocked by clk)
Path Group: clk
Path Type: max

Fanout     Cap    Slew   Delay    Time   Description
-----------------------------------------------------------------------------
                          0.00    0.00   clock clk (rise edge)
                          0.00    0.00   clock source latency
     1    0.14    0.00    0.00    0.00 ^ clk (in)
                                         clk (net)
                  0.01    0.01    0.01 ^ clkbuf_0_clk/A (sky130_fd_sc_hd__clkbuf_16)
     4    0.20    0.21    0.24    0.24 ^ clkbuf_0_clk/X (sky130_fd_sc_hd__clkbuf_16)
                                         clknet_0_clk (net)
                  0.21    0.01    0.25 ^ clkbuf_2_3_0_clk/A (sky130_fd_sc_hd__clkbuf_16)
     8    0.18    0.20    0.30    0.55 ^ clkbuf_2_3_0_clk/X (sky130_fd_sc_hd__clkbuf_16)
                                         clknet_2_3_0_clk (net)
                  0.20    0.00    0.55 ^ clkbuf_5_27__f_clk/A (sky130_fd_sc_hd__clkbuf_16)
    12    0.21    0.22    0.31    0.86 ^ clkbuf_5_27__f_clk/X (sky130_fd_sc_hd__clkbuf_16)
                                         clknet_5_27__leaf_clk (net)
                  0.22    0.00    0.87 ^ clkbuf_leaf_252_clk/A (sky130_fd_sc_hd__clkbuf_16)
     8    0.05    0.07    0.21    1.08 ^ clkbuf_leaf_252_clk/X (sky130_fd_sc_hd__clkbuf_16)
                                         clknet_leaf_252_clk (net)
                  0.07    0.00    1.08 ^ coeff_a_q[1]$_DFFE_PN0P_/CLK (sky130_fd_sc_hd__dfrtp_2)
     2    0.01    0.07    0.43    1.51 v coeff_a_q[1]$_DFFE_PN0P_/Q (sky130_fd_sc_hd__dfrtp_2)
                                         coeff_a_q[1] (net)
                  0.07    0.00    1.51 v _13427_/A (sky130_fd_sc_hd__ha_4)
     2    0.01    0.05    0.28    1.79 ^ _13427_/SUM (sky130_fd_sc_hd__ha_4)
                                         _00477_ (net)
                  0.05    0.00    1.79 ^ _07505_/A (sky130_fd_sc_hd__inv_2)
     1    0.01    0.03    0.04    1.83 v _07505_/Y (sky130_fd_sc_hd__inv_2)
                                         _00430_ (net)
                  0.03    0.00    1.83 v _13611_/B (sky130_fd_sc_hd__ha_4)
     2    0.01    0.04    0.16    1.99 v _13611_/COUT (sky130_fd_sc_hd__ha_4)
                                         _00193_ (net)
                  0.04    0.00    1.99 v _13164_/A (sky130_fd_sc_hd__fa_2)
     2    0.01    0.08    0.40    2.39 v _13164_/COUT (sky130_fd_sc_hd__fa_2)
                                         _00195_ (net)
                  0.08    0.00    2.39 v _07673_/A1 (sky130_fd_sc_hd__a21oi_2)
     1    0.00    0.09    0.12    2.51 ^ _07673_/Y (sky130_fd_sc_hd__a21oi_2)
                                         _02567_ (net)
                  0.09    0.00    2.51 ^ _07674_/A (sky130_fd_sc_hd__nor2_1)
     1    0.00    0.04    0.06    2.57 v _07674_/Y (sky130_fd_sc_hd__nor2_1)
                                         _02568_ (net)
                  0.04    0.00    2.57 v _07675_/A (sky130_fd_sc_hd__nor2_2)
     2    0.01    0.13    0.15    2.72 ^ _07675_/Y (sky130_fd_sc_hd__nor2_2)
                                         _02569_ (net)
                  0.13    0.00    2.72 ^ _07686_/B (sky130_fd_sc_hd__xnor2_1)
     2    0.01    0.07    0.10    2.82 v _07686_/Y (sky130_fd_sc_hd__xnor2_1)
                                         _02580_ (net)
                  0.07    0.00    2.82 v _07689_/C (sky130_fd_sc_hd__nor3_1)
     2    0.01    0.20    0.18    3.00 ^ _07689_/Y (sky130_fd_sc_hd__nor3_1)
                                         _02583_ (net)
                  0.20    0.00    3.00 ^ _07690_/B_N (sky130_fd_sc_hd__nor2b_2)
     2    0.01    0.10    0.20    3.20 ^ _07690_/Y (sky130_fd_sc_hd__nor2b_2)
                                         _02584_ (net)
                  0.10    0.00    3.20 ^ _07691_/B_N (sky130_fd_sc_hd__nor2b_4)
     2    0.01    0.09    0.16    3.36 ^ _07691_/Y (sky130_fd_sc_hd__nor2b_4)
                                         _02585_ (net)
                  0.09    0.00    3.36 ^ _07692_/A (sky130_fd_sc_hd__nand2_2)
     1    0.01    0.05    0.07    3.43 v _07692_/Y (sky130_fd_sc_hd__nand2_2)
                                         _02586_ (net)
                  0.05    0.00    3.43 v _07693_/B1 (sky130_fd_sc_hd__a21oi_2)
     1    0.01    0.13    0.14    3.56 ^ _07693_/Y (sky130_fd_sc_hd__a21oi_2)
                                         _02587_ (net)
                  0.13    0.00    3.56 ^ _07694_/B (sky130_fd_sc_hd__nor2_1)
     1    0.00    0.06    0.06    3.62 v _07694_/Y (sky130_fd_sc_hd__nor2_1)
                                         _02588_ (net)
                  0.06    0.00    3.62 v _07700_/A2 (sky130_fd_sc_hd__o211a_1)
     3    0.01    0.08    0.25    3.87 v _07700_/X (sky130_fd_sc_hd__o211a_1)
                                         _02594_ (net)
                  0.08    0.00    3.87 v _07701_/A (sky130_fd_sc_hd__or2_4)
     8    0.03    0.08    0.30    4.17 v _07701_/X (sky130_fd_sc_hd__or2_4)
                                         _02595_ (net)
                  0.08    0.00    4.18 v _07846_/B (sky130_fd_sc_hd__and3_4)
     1    0.01    0.04    0.19    4.37 v _07846_/X (sky130_fd_sc_hd__and3_4)
                                         _02651_ (net)
                  0.04    0.00    4.37 v _07847_/B (sky130_fd_sc_hd__xnor2_2)
     1    0.01    0.05    0.13    4.50 v _07847_/Y (sky130_fd_sc_hd__xnor2_2)
                                         _02652_ (net)
                  0.05    0.00    4.50 v _07849_/A1 (sky130_fd_sc_hd__a211oi_2)
     2    0.01    0.25    0.25    4.75 ^ _07849_/Y (sky130_fd_sc_hd__a211oi_2)
                                         _02654_ (net)
                  0.25    0.00    4.75 ^ place1682/A (sky130_fd_sc_hd__buf_4)
     3    0.01    0.05    0.17    4.92 ^ place1682/X (sky130_fd_sc_hd__buf_4)
                                         net1682 (net)
                  0.05    0.00    4.92 ^ _07919_/B (sky130_fd_sc_hd__and2_4)
     1    0.01    0.05    0.13    5.06 ^ _07919_/X (sky130_fd_sc_hd__and2_4)
                                         _00211_ (net)
                  0.05    0.00    5.06 ^ _13203_/CIN (sky130_fd_sc_hd__fa_1)
     1    0.01    0.12    0.46    5.52 v _13203_/SUM (sky130_fd_sc_hd__fa_1)
                                         _06807_ (net)
                  0.12    0.00    5.52 v _13154_/CIN (sky130_fd_sc_hd__fa_1)
     1    0.01    0.11    0.55    6.07 ^ _13154_/SUM (sky130_fd_sc_hd__fa_1)
                                         _06809_ (net)
                  0.11    0.00    6.07 ^ _13301_/B (sky130_fd_sc_hd__ha_4)
     1    0.01    0.04    0.21    6.28 v _13301_/SUM (sky130_fd_sc_hd__ha_4)
                                         _06659_ (net)
                  0.04    0.00    6.28 v _13087_/B (sky130_fd_sc_hd__fa_1)
     1    0.01    0.09    0.47    6.76 v _13087_/SUM (sky130_fd_sc_hd__fa_1)
                                         _06482_ (net)
                  0.09    0.00    6.76 v _13031_/B (sky130_fd_sc_hd__fa_1)
     1    0.01    0.11    0.56    7.32 ^ _13031_/SUM (sky130_fd_sc_hd__fa_1)
                                         _06485_ (net)
                  0.11    0.00    7.32 ^ _13218_/B (sky130_fd_sc_hd__ha_4)
     2    0.01    0.04    0.21    7.53 v _13218_/SUM (sky130_fd_sc_hd__ha_4)
                                         _00226_ (net)
                  0.04    0.00    7.53 v place1643/A (sky130_fd_sc_hd__buf_6)
     1    0.01    0.02    0.11    7.64 v place1643/X (sky130_fd_sc_hd__buf_6)
                                         net1643 (net)
                  0.02    0.00    7.64 v _07468_/A2 (sky130_fd_sc_hd__a21oi_2)
     2    0.01    0.11    0.14    7.78 ^ _07468_/Y (sky130_fd_sc_hd__a21oi_2)
                                         _02401_ (net)
                  0.11    0.00    7.78 ^ _07469_/A1 (sky130_fd_sc_hd__o21bai_1)
     1    0.01    0.08    0.11    7.89 v _07469_/Y (sky130_fd_sc_hd__o21bai_1)
                                         _02402_ (net)
                  0.08    0.00    7.89 v _07470_/A2 (sky130_fd_sc_hd__a21oi_2)
     2    0.01    0.17    0.20    8.09 ^ _07470_/Y (sky130_fd_sc_hd__a21oi_2)
                                         _02403_ (net)
                  0.17    0.00    8.09 ^ _07471_/A2 (sky130_fd_sc_hd__o21bai_1)
     1    0.01    0.07    0.10    8.19 v _07471_/Y (sky130_fd_sc_hd__o21bai_1)
                                         _02404_ (net)
                  0.07    0.00    8.19 v _07472_/A2 (sky130_fd_sc_hd__a21oi_2)
     2    0.01    0.15    0.19    8.38 ^ _07472_/Y (sky130_fd_sc_hd__a21oi_2)
                                         _02405_ (net)
                  0.15    0.00    8.38 ^ _07473_/A2 (sky130_fd_sc_hd__o21bai_1)
     1    0.01    0.07    0.10    8.48 v _07473_/Y (sky130_fd_sc_hd__o21bai_1)
                                         _02406_ (net)
                  0.07    0.00    8.48 v _07474_/A1 (sky130_fd_sc_hd__a21oi_2)
     2    0.01    0.14    0.17    8.65 ^ _07474_/Y (sky130_fd_sc_hd__a21oi_2)
                                         _02407_ (net)
                  0.14    0.00    8.65 ^ _07475_/A1 (sky130_fd_sc_hd__o21bai_1)
     1    0.01    0.06    0.10    8.75 v _07475_/Y (sky130_fd_sc_hd__o21bai_1)
                                         _02408_ (net)
                  0.06    0.00    8.75 v _07476_/A1 (sky130_fd_sc_hd__a21oi_2)
     2    0.01    0.12    0.15    8.90 ^ _07476_/Y (sky130_fd_sc_hd__a21oi_2)
                                         _02409_ (net)
                  0.12    0.00    8.90 ^ _07477_/A (sky130_fd_sc_hd__nor2b_1)
     1    0.00    0.04    0.06    8.96 v _07477_/Y (sky130_fd_sc_hd__nor2b_1)
                                         _02410_ (net)
                  0.04    0.00    8.96 v _07478_/A2 (sky130_fd_sc_hd__o21a_1)
     2    0.01    0.05    0.18    9.14 v _07478_/X (sky130_fd_sc_hd__o21a_1)
                                         _02411_ (net)
                  0.05    0.00    9.14 v _07782_/A4 (sky130_fd_sc_hd__o41a_1)
     2    0.02    0.15    0.41    9.56 v _07782_/X (sky130_fd_sc_hd__o41a_1)
                                         _02612_ (net)
                  0.15    0.00    9.56 v _07783_/A (sky130_fd_sc_hd__xor2_4)
     4    0.02    0.10    0.24    9.79 v _07783_/X (sky130_fd_sc_hd__xor2_4)
                                         mul_product[22] (net)
                  0.10    0.00    9.79 v _12954_/B (sky130_fd_sc_hd__fa_1)
     2    0.01    0.13    0.58   10.38 ^ _12954_/SUM (sky130_fd_sc_hd__fa_1)
                                         _06235_ (net)
                  0.13    0.00   10.38 ^ _13071_/CIN (sky130_fd_sc_hd__fa_1)
     1    0.01    0.09    0.44   10.82 v _13071_/SUM (sky130_fd_sc_hd__fa_1)
                                         _06364_ (net)
                  0.09    0.00   10.82 v _12997_/CIN (sky130_fd_sc_hd__fa_1)
     1    0.01    0.08    0.52   11.34 ^ _12997_/SUM (sky130_fd_sc_hd__fa_1)
                                         _06366_ (net)
                  0.08    0.00   11.34 ^ _13186_/CIN (sky130_fd_sc_hd__fa_1)
     1    0.01    0.10    0.44   11.77 v _13186_/SUM (sky130_fd_sc_hd__fa_1)
                                         _06421_ (net)
                  0.10    0.00   11.77 v _13012_/B (sky130_fd_sc_hd__fa_1)
     1    0.01    0.09    0.48   12.26 v _13012_/SUM (sky130_fd_sc_hd__fa_1)
                                         _06424_ (net)
                  0.09    0.00   12.26 v _13572_/B (sky130_fd_sc_hd__ha_1)
     1    0.00    0.05    0.29   12.55 ^ _13572_/SUM (sky130_fd_sc_hd__ha_1)
                                         _00681_ (net)
                  0.05    0.00   12.55 ^ _07181_/B1 (sky130_fd_sc_hd__o21a_1)
     2    0.01    0.11    0.16   12.71 ^ _07181_/X (sky130_fd_sc_hd__o21a_1)
                                         _02132_ (net)
                  0.11    0.00   12.71 ^ _07182_/C (sky130_fd_sc_hd__and3_4)
     2    0.01    0.06    0.21   12.92 ^ _07182_/X (sky130_fd_sc_hd__and3_4)
                                         _02133_ (net)
                  0.06    0.00   12.92 ^ _07187_/A2 (sky130_fd_sc_hd__a211oi_2)
     1    0.00    0.07    0.07   12.98 v _07187_/Y (sky130_fd_sc_hd__a211oi_2)
                                         _02138_ (net)
                  0.07    0.00   12.98 v _07190_/C (sky130_fd_sc_hd__nor3_2)
     2    0.01    0.22    0.19   13.17 ^ _07190_/Y (sky130_fd_sc_hd__nor3_2)
                                         _02141_ (net)
                  0.22    0.00   13.17 ^ _07194_/A3 (sky130_fd_sc_hd__a41oi_2)
     3    0.02    0.16    0.21   13.38 v _07194_/Y (sky130_fd_sc_hd__a41oi_2)
                                         _02145_ (net)
                  0.16    0.00   13.38 v _07199_/A1 (sky130_fd_sc_hd__a2111oi_4)
     2    0.01    0.30    0.37   13.75 ^ _07199_/Y (sky130_fd_sc_hd__a2111oi_4)
                                         _02150_ (net)
                  0.30    0.00   13.75 ^ _07200_/A2 (sky130_fd_sc_hd__o21a_1)
     3    0.01    0.10    0.20   13.95 ^ _07200_/X (sky130_fd_sc_hd__o21a_1)
                                         _02151_ (net)
                  0.10    0.00   13.95 ^ _07201_/A1 (sky130_fd_sc_hd__o21a_1)
     1    0.01    0.06    0.15   14.09 ^ _07201_/X (sky130_fd_sc_hd__o21a_1)
                                         _02152_ (net)
                  0.06    0.00   14.09 ^ _07202_/A (sky130_fd_sc_hd__nor2_2)
     1    0.01    0.03    0.05   14.15 v _07202_/Y (sky130_fd_sc_hd__nor2_2)
                                         _02153_ (net)
                  0.03    0.00   14.15 v _07203_/B (sky130_fd_sc_hd__xnor2_2)
     2    0.02    0.24    0.21   14.36 ^ _07203_/Y (sky130_fd_sc_hd__xnor2_2)
                                         u_mul_reduce.prod[36] (net)
                  0.24    0.00   14.36 ^ _13323_/A (sky130_fd_sc_hd__ha_2)
     1    0.01    0.06    0.34   14.70 v _13323_/SUM (sky130_fd_sc_hd__ha_2)
                                         _06984_ (net)
                  0.06    0.00   14.70 v _13600_/A (sky130_fd_sc_hd__ha_4)
     1    0.01    0.04    0.24   14.94 v _13600_/SUM (sky130_fd_sc_hd__ha_4)
                                         _06206_ (net)
                  0.04    0.00   14.94 v _12943_/CIN (sky130_fd_sc_hd__fa_1)
     1    0.00    0.06    0.48   15.42 ^ _12943_/SUM (sky130_fd_sc_hd__fa_1)
                                         _00017_ (net)
                  0.06    0.00   15.42 ^ _07774_/A (sky130_fd_sc_hd__inv_1)
     1    0.01    0.03    0.05   15.47 v _07774_/Y (sky130_fd_sc_hd__inv_1)
                                         _00151_ (net)
                  0.03    0.00   15.47 v _13121_/CIN (sky130_fd_sc_hd__fa_1)
     1    0.01    0.11    0.48   15.94 v _13121_/SUM (sky130_fd_sc_hd__fa_1)
                                         _06724_ (net)
                  0.11    0.00   15.94 v _13285_/B (sky130_fd_sc_hd__ha_4)
     6    0.03    0.11    0.35   16.29 ^ _13285_/SUM (sky130_fd_sc_hd__ha_4)
                                         _00315_ (net)
                  0.11    0.00   16.29 ^ _07418_/A (sky130_fd_sc_hd__inv_4)
     3    0.01    0.03    0.05   16.34 v _07418_/Y (sky130_fd_sc_hd__inv_4)
                                         _02360_ (net)
                  0.03    0.00   16.34 v _07430_/B1 (sky130_fd_sc_hd__a211oi_2)
     2    0.01    0.27    0.28   16.62 ^ _07430_/Y (sky130_fd_sc_hd__a211oi_2)
                                         _02372_ (net)
                  0.27    0.00   16.62 ^ _07433_/B (sky130_fd_sc_hd__nor3b_2)
     1    0.00    0.06    0.08   16.70 v _07433_/Y (sky130_fd_sc_hd__nor3b_2)
                                         _02375_ (net)
                  0.06    0.00   16.70 v _07434_/A1 (sky130_fd_sc_hd__mux2i_2)
     2    0.01    0.18    0.18   16.88 ^ _07434_/Y (sky130_fd_sc_hd__mux2i_2)
                                         _02376_ (net)
                  0.18    0.00   16.88 ^ _07439_/B1 (sky130_fd_sc_hd__o211ai_1)
     2    0.01    0.11    0.15   17.03 v _07439_/Y (sky130_fd_sc_hd__o211ai_1)
                                         _02381_ (net)
                  0.11    0.00   17.03 v _07440_/C1 (sky130_fd_sc_hd__a2111o_1)
     3    0.01    0.10    0.41   17.44 v _07440_/X (sky130_fd_sc_hd__a2111o_1)
                                         _02382_ (net)
                  0.10    0.00   17.44 v _07441_/D (sky130_fd_sc_hd__or4_4)
     2    0.01    0.10    0.46   17.90 v _07441_/X (sky130_fd_sc_hd__or4_4)
                                         _02383_ (net)
                  0.10    0.00   17.90 v _07443_/C (sky130_fd_sc_hd__nor3_4)
     2    0.03    0.30    0.27   18.17 ^ _07443_/Y (sky130_fd_sc_hd__nor3_4)
                                         _02385_ (net)
                  0.30    0.00   18.17 ^ _07445_/B (sky130_fd_sc_hd__xnor2_4)
     2    0.01    0.06    0.10   18.27 v _07445_/Y (sky130_fd_sc_hd__xnor2_4)
                                         u_mul_reduce.r1[0] (net)
                  0.06    0.00   18.27 v _07742_/A (sky130_fd_sc_hd__inv_1)
     1    0.00    0.05    0.06   18.33 ^ _07742_/Y (sky130_fd_sc_hd__inv_1)
                                         _00287_ (net)
                  0.05    0.00   18.33 ^ _13253_/A (sky130_fd_sc_hd__ha_2)
     2    0.01    0.09    0.20   18.53 ^ _13253_/COUT (sky130_fd_sc_hd__ha_2)
                                         _00289_ (net)
                  0.09    0.00   18.53 ^ _11821_/A (sky130_fd_sc_hd__inv_2)
     2    0.01    0.04    0.05   18.59 v _11821_/Y (sky130_fd_sc_hd__inv_2)
                                         _01304_ (net)
                  0.04    0.00   18.59 v place1234/A (sky130_fd_sc_hd__buf_4)
     1    0.01    0.03    0.13   18.72 v place1234/X (sky130_fd_sc_hd__buf_4)
                                         net1234 (net)
                  0.03    0.00   18.72 v _11823_/A3 (sky130_fd_sc_hd__o32ai_4)
     2    0.01    0.27    0.25   18.97 ^ _11823_/Y (sky130_fd_sc_hd__o32ai_4)
                                         _01306_ (net)
                  0.27    0.00   18.97 ^ _11826_/C1 (sky130_fd_sc_hd__o2111ai_4)
     2    0.01    0.18    0.18   19.16 v _11826_/Y (sky130_fd_sc_hd__o2111ai_4)
                                         _01309_ (net)
                  0.18    0.00   19.16 v _11904_/A1 (sky130_fd_sc_hd__a21o_1)
     2    0.01    0.04    0.22   19.37 v _11904_/X (sky130_fd_sc_hd__a21o_1)
                                         _01387_ (net)
                  0.04    0.00   19.37 v _11949_/B1 (sky130_fd_sc_hd__o21ai_0)
     1    0.00    0.19    0.09   19.46 ^ _11949_/Y (sky130_fd_sc_hd__o21ai_0)
                                         _01432_ (net)
                  0.19    0.00   19.46 ^ _11950_/D_N (sky130_fd_sc_hd__or4b_4)
     1    0.01    0.09    0.49   19.95 v _11950_/X (sky130_fd_sc_hd__or4b_4)
                                         _01433_ (net)
                  0.09    0.00   19.95 v _11963_/B_N (sky130_fd_sc_hd__nand4bb_4)
     1    0.01    0.10    0.26   20.21 v _11963_/Y (sky130_fd_sc_hd__nand4bb_4)
                                         _01446_ (net)
                  0.10    0.00   20.21 v _11964_/D1 (sky130_fd_sc_hd__a2111oi_4)
     1    0.01    0.26    0.22   20.43 ^ _11964_/Y (sky130_fd_sc_hd__a2111oi_4)
                                         _01447_ (net)
                  0.26    0.00   20.43 ^ rebuffer2230/A (sky130_fd_sc_hd__buf_6)
     3    0.03    0.08    0.18   20.61 ^ rebuffer2230/X (sky130_fd_sc_hd__buf_6)
                                         net2230 (net)
                  0.08    0.00   20.61 ^ place1195/A (sky130_fd_sc_hd__buf_12)
     6    0.04    0.06    0.12   20.73 ^ place1195/X (sky130_fd_sc_hd__buf_12)
                                         net1195 (net)
                  0.06    0.00   20.73 ^ _12020_/D (sky130_fd_sc_hd__nor4_2)
     1    0.00    0.06    0.04   20.77 v _12020_/Y (sky130_fd_sc_hd__nor4_2)
                                         _01497_ (net)
                  0.06    0.00   20.77 v _12021_/C1 (sky130_fd_sc_hd__a211o_1)
     1    0.00    0.05    0.23   21.00 v _12021_/X (sky130_fd_sc_hd__a211o_1)
                                         _00798_ (net)
                  0.05    0.00   21.00 v mul_reduced_q[4]$_DFFE_PN0P_/D (sky130_fd_sc_hd__dfrtp_1)
                                 21.00   data arrival time

                         20.00   20.00   clock clk (rise edge)
                          0.00   20.00   clock source latency
     1    0.14    0.00    0.00   20.00 ^ clk (in)
                                         clk (net)
                  0.01    0.01   20.01 ^ clkbuf_0_clk/A (sky130_fd_sc_hd__clkbuf_16)
     4    0.20    0.21    0.24   20.24 ^ clkbuf_0_clk/X (sky130_fd_sc_hd__clkbuf_16)
                                         clknet_0_clk (net)
                  0.21    0.01   20.25 ^ clkbuf_2_3_0_clk/A (sky130_fd_sc_hd__clkbuf_16)
     8    0.18    0.20    0.30   20.55 ^ clkbuf_2_3_0_clk/X (sky130_fd_sc_hd__clkbuf_16)
                                         clknet_2_3_0_clk (net)
                  0.20    0.00   20.55 ^ clkbuf_5_26__f_clk/A (sky130_fd_sc_hd__clkbuf_16)
    12    0.21    0.22    0.31   20.86 ^ clkbuf_5_26__f_clk/X (sky130_fd_sc_hd__clkbuf_16)
                                         clknet_5_26__leaf_clk (net)
                  0.22    0.00   20.87 ^ clkbuf_leaf_255_clk/A (sky130_fd_sc_hd__clkbuf_16)
     9    0.04    0.06    0.20   21.06 ^ clkbuf_leaf_255_clk/X (sky130_fd_sc_hd__clkbuf_16)
                                         clknet_leaf_255_clk (net)
                  0.06    0.00   21.06 ^ mul_reduced_q[4]$_DFFE_PN0P_/CLK (sky130_fd_sc_hd__dfrtp_1)
                         -0.25   20.81   clock uncertainty
                          0.00   20.81   clock reconvergence pessimism
                         -0.11   20.70   library setup time
                                 20.70   data required time
-----------------------------------------------------------------------------
                                 20.70   data required time
                                -21.00   data arrival time
-----------------------------------------------------------------------------
                                 -0.30   slack (VIOLATED)



==========================================================================
cts final report_checks -unconstrained
--------------------------------------------------------------------------
Startpoint: coeff_a_q[1]$_DFFE_PN0P_
            (rising edge-triggered flip-flop clocked by clk)
Endpoint: mul_reduced_q[4]$_DFFE_PN0P_
          (rising edge-triggered flip-flop clocked by clk)
Path Group: clk
Path Type: max

Fanout     Cap    Slew   Delay    Time   Description
-----------------------------------------------------------------------------
                          0.00    0.00   clock clk (rise edge)
                          0.00    0.00   clock source latency
     1    0.14    0.00    0.00    0.00 ^ clk (in)
                                         clk (net)
                  0.01    0.01    0.01 ^ clkbuf_0_clk/A (sky130_fd_sc_hd__clkbuf_16)
     4    0.20    0.21    0.24    0.24 ^ clkbuf_0_clk/X (sky130_fd_sc_hd__clkbuf_16)
                                         clknet_0_clk (net)
                  0.21    0.01    0.25 ^ clkbuf_2_3_0_clk/A (sky130_fd_sc_hd__clkbuf_16)
     8    0.18    0.20    0.30    0.55 ^ clkbuf_2_3_0_clk/X (sky130_fd_sc_hd__clkbuf_16)
                                         clknet_2_3_0_clk (net)
                  0.20    0.00    0.55 ^ clkbuf_5_27__f_clk/A (sky130_fd_sc_hd__clkbuf_16)
    12    0.21    0.22    0.31    0.86 ^ clkbuf_5_27__f_clk/X (sky130_fd_sc_hd__clkbuf_16)
                                         clknet_5_27__leaf_clk (net)
                  0.22    0.00    0.87 ^ clkbuf_leaf_252_clk/A (sky130_fd_sc_hd__clkbuf_16)
     8    0.05    0.07    0.21    1.08 ^ clkbuf_leaf_252_clk/X (sky130_fd_sc_hd__clkbuf_16)
                                         clknet_leaf_252_clk (net)
                  0.07    0.00    1.08 ^ coeff_a_q[1]$_DFFE_PN0P_/CLK (sky130_fd_sc_hd__dfrtp_2)
     2    0.01    0.07    0.43    1.51 v coeff_a_q[1]$_DFFE_PN0P_/Q (sky130_fd_sc_hd__dfrtp_2)
                                         coeff_a_q[1] (net)
                  0.07    0.00    1.51 v _13427_/A (sky130_fd_sc_hd__ha_4)
     2    0.01    0.05    0.28    1.79 ^ _13427_/SUM (sky130_fd_sc_hd__ha_4)
                                         _00477_ (net)
                  0.05    0.00    1.79 ^ _07505_/A (sky130_fd_sc_hd__inv_2)
     1    0.01    0.03    0.04    1.83 v _07505_/Y (sky130_fd_sc_hd__inv_2)
                                         _00430_ (net)
                  0.03    0.00    1.83 v _13611_/B (sky130_fd_sc_hd__ha_4)
     2    0.01    0.04    0.16    1.99 v _13611_/COUT (sky130_fd_sc_hd__ha_4)
                                         _00193_ (net)
                  0.04    0.00    1.99 v _13164_/A (sky130_fd_sc_hd__fa_2)
     2    0.01    0.08    0.40    2.39 v _13164_/COUT (sky130_fd_sc_hd__fa_2)
                                         _00195_ (net)
                  0.08    0.00    2.39 v _07673_/A1 (sky130_fd_sc_hd__a21oi_2)
     1    0.00    0.09    0.12    2.51 ^ _07673_/Y (sky130_fd_sc_hd__a21oi_2)
                                         _02567_ (net)
                  0.09    0.00    2.51 ^ _07674_/A (sky130_fd_sc_hd__nor2_1)
     1    0.00    0.04    0.06    2.57 v _07674_/Y (sky130_fd_sc_hd__nor2_1)
                                         _02568_ (net)
                  0.04    0.00    2.57 v _07675_/A (sky130_fd_sc_hd__nor2_2)
     2    0.01    0.13    0.15    2.72 ^ _07675_/Y (sky130_fd_sc_hd__nor2_2)
                                         _02569_ (net)
                  0.13    0.00    2.72 ^ _07686_/B (sky130_fd_sc_hd__xnor2_1)
     2    0.01    0.07    0.10    2.82 v _07686_/Y (sky130_fd_sc_hd__xnor2_1)
                                         _02580_ (net)
                  0.07    0.00    2.82 v _07689_/C (sky130_fd_sc_hd__nor3_1)
     2    0.01    0.20    0.18    3.00 ^ _07689_/Y (sky130_fd_sc_hd__nor3_1)
                                         _02583_ (net)
                  0.20    0.00    3.00 ^ _07690_/B_N (sky130_fd_sc_hd__nor2b_2)
     2    0.01    0.10    0.20    3.20 ^ _07690_/Y (sky130_fd_sc_hd__nor2b_2)
                                         _02584_ (net)
                  0.10    0.00    3.20 ^ _07691_/B_N (sky130_fd_sc_hd__nor2b_4)
     2    0.01    0.09    0.16    3.36 ^ _07691_/Y (sky130_fd_sc_hd__nor2b_4)
                                         _02585_ (net)
                  0.09    0.00    3.36 ^ _07692_/A (sky130_fd_sc_hd__nand2_2)
     1    0.01    0.05    0.07    3.43 v _07692_/Y (sky130_fd_sc_hd__nand2_2)
                                         _02586_ (net)
                  0.05    0.00    3.43 v _07693_/B1 (sky130_fd_sc_hd__a21oi_2)
     1    0.01    0.13    0.14    3.56 ^ _07693_/Y (sky130_fd_sc_hd__a21oi_2)
                                         _02587_ (net)
                  0.13    0.00    3.56 ^ _07694_/B (sky130_fd_sc_hd__nor2_1)
     1    0.00    0.06    0.06    3.62 v _07694_/Y (sky130_fd_sc_hd__nor2_1)
                                         _02588_ (net)
                  0.06    0.00    3.62 v _07700_/A2 (sky130_fd_sc_hd__o211a_1)
     3    0.01    0.08    0.25    3.87 v _07700_/X (sky130_fd_sc_hd__o211a_1)
                                         _02594_ (net)
                  0.08    0.00    3.87 v _07701_/A (sky130_fd_sc_hd__or2_4)
     8    0.03    0.08    0.30    4.17 v _07701_/X (sky130_fd_sc_hd__or2_4)
                                         _02595_ (net)
                  0.08    0.00    4.18 v _07846_/B (sky130_fd_sc_hd__and3_4)
     1    0.01    0.04    0.19    4.37 v _07846_/X (sky130_fd_sc_hd__and3_4)
                                         _02651_ (net)
                  0.04    0.00    4.37 v _07847_/B (sky130_fd_sc_hd__xnor2_2)
     1    0.01    0.05    0.13    4.50 v _07847_/Y (sky130_fd_sc_hd__xnor2_2)
                                         _02652_ (net)
                  0.05    0.00    4.50 v _07849_/A1 (sky130_fd_sc_hd__a211oi_2)
     2    0.01    0.25    0.25    4.75 ^ _07849_/Y (sky130_fd_sc_hd__a211oi_2)
                                         _02654_ (net)
                  0.25    0.00    4.75 ^ place1682/A (sky130_fd_sc_hd__buf_4)
     3    0.01    0.05    0.17    4.92 ^ place1682/X (sky130_fd_sc_hd__buf_4)
                                         net1682 (net)
                  0.05    0.00    4.92 ^ _07919_/B (sky130_fd_sc_hd__and2_4)
     1    0.01    0.05    0.13    5.06 ^ _07919_/X (sky130_fd_sc_hd__and2_4)
                                         _00211_ (net)
                  0.05    0.00    5.06 ^ _13203_/CIN (sky130_fd_sc_hd__fa_1)
     1    0.01    0.12    0.46    5.52 v _13203_/SUM (sky130_fd_sc_hd__fa_1)
                                         _06807_ (net)
                  0.12    0.00    5.52 v _13154_/CIN (sky130_fd_sc_hd__fa_1)
     1    0.01    0.11    0.55    6.07 ^ _13154_/SUM (sky130_fd_sc_hd__fa_1)
                                         _06809_ (net)
                  0.11    0.00    6.07 ^ _13301_/B (sky130_fd_sc_hd__ha_4)
     1    0.01    0.04    0.21    6.28 v _13301_/SUM (sky130_fd_sc_hd__ha_4)
                                         _06659_ (net)
                  0.04    0.00    6.28 v _13087_/B (sky130_fd_sc_hd__fa_1)
     1    0.01    0.09    0.47    6.76 v _13087_/SUM (sky130_fd_sc_hd__fa_1)
                                         _06482_ (net)
                  0.09    0.00    6.76 v _13031_/B (sky130_fd_sc_hd__fa_1)
     1    0.01    0.11    0.56    7.32 ^ _13031_/SUM (sky130_fd_sc_hd__fa_1)
                                         _06485_ (net)
                  0.11    0.00    7.32 ^ _13218_/B (sky130_fd_sc_hd__ha_4)
     2    0.01    0.04    0.21    7.53 v _13218_/SUM (sky130_fd_sc_hd__ha_4)
                                         _00226_ (net)
                  0.04    0.00    7.53 v place1643/A (sky130_fd_sc_hd__buf_6)
     1    0.01    0.02    0.11    7.64 v place1643/X (sky130_fd_sc_hd__buf_6)
                                         net1643 (net)
                  0.02    0.00    7.64 v _07468_/A2 (sky130_fd_sc_hd__a21oi_2)
     2    0.01    0.11    0.14    7.78 ^ _07468_/Y (sky130_fd_sc_hd__a21oi_2)
                                         _02401_ (net)
                  0.11    0.00    7.78 ^ _07469_/A1 (sky130_fd_sc_hd__o21bai_1)
     1    0.01    0.08    0.11    7.89 v _07469_/Y (sky130_fd_sc_hd__o21bai_1)
                                         _02402_ (net)
                  0.08    0.00    7.89 v _07470_/A2 (sky130_fd_sc_hd__a21oi_2)
     2    0.01    0.17    0.20    8.09 ^ _07470_/Y (sky130_fd_sc_hd__a21oi_2)
                                         _02403_ (net)
                  0.17    0.00    8.09 ^ _07471_/A2 (sky130_fd_sc_hd__o21bai_1)
     1    0.01    0.07    0.10    8.19 v _07471_/Y (sky130_fd_sc_hd__o21bai_1)
                                         _02404_ (net)
                  0.07    0.00    8.19 v _07472_/A2 (sky130_fd_sc_hd__a21oi_2)
     2    0.01    0.15    0.19    8.38 ^ _07472_/Y (sky130_fd_sc_hd__a21oi_2)
                                         _02405_ (net)
                  0.15    0.00    8.38 ^ _07473_/A2 (sky130_fd_sc_hd__o21bai_1)
     1    0.01    0.07    0.10    8.48 v _07473_/Y (sky130_fd_sc_hd__o21bai_1)
                                         _02406_ (net)
                  0.07    0.00    8.48 v _07474_/A1 (sky130_fd_sc_hd__a21oi_2)
     2    0.01    0.14    0.17    8.65 ^ _07474_/Y (sky130_fd_sc_hd__a21oi_2)
                                         _02407_ (net)
                  0.14    0.00    8.65 ^ _07475_/A1 (sky130_fd_sc_hd__o21bai_1)
     1    0.01    0.06    0.10    8.75 v _07475_/Y (sky130_fd_sc_hd__o21bai_1)
                                         _02408_ (net)
                  0.06    0.00    8.75 v _07476_/A1 (sky130_fd_sc_hd__a21oi_2)
     2    0.01    0.12    0.15    8.90 ^ _07476_/Y (sky130_fd_sc_hd__a21oi_2)
                                         _02409_ (net)
                  0.12    0.00    8.90 ^ _07477_/A (sky130_fd_sc_hd__nor2b_1)
     1    0.00    0.04    0.06    8.96 v _07477_/Y (sky130_fd_sc_hd__nor2b_1)
                                         _02410_ (net)
                  0.04    0.00    8.96 v _07478_/A2 (sky130_fd_sc_hd__o21a_1)
     2    0.01    0.05    0.18    9.14 v _07478_/X (sky130_fd_sc_hd__o21a_1)
                                         _02411_ (net)
                  0.05    0.00    9.14 v _07782_/A4 (sky130_fd_sc_hd__o41a_1)
     2    0.02    0.15    0.41    9.56 v _07782_/X (sky130_fd_sc_hd__o41a_1)
                                         _02612_ (net)
                  0.15    0.00    9.56 v _07783_/A (sky130_fd_sc_hd__xor2_4)
     4    0.02    0.10    0.24    9.79 v _07783_/X (sky130_fd_sc_hd__xor2_4)
                                         mul_product[22] (net)
                  0.10    0.00    9.79 v _12954_/B (sky130_fd_sc_hd__fa_1)
     2    0.01    0.13    0.58   10.38 ^ _12954_/SUM (sky130_fd_sc_hd__fa_1)
                                         _06235_ (net)
                  0.13    0.00   10.38 ^ _13071_/CIN (sky130_fd_sc_hd__fa_1)
     1    0.01    0.09    0.44   10.82 v _13071_/SUM (sky130_fd_sc_hd__fa_1)
                                         _06364_ (net)
                  0.09    0.00   10.82 v _12997_/CIN (sky130_fd_sc_hd__fa_1)
     1    0.01    0.08    0.52   11.34 ^ _12997_/SUM (sky130_fd_sc_hd__fa_1)
                                         _06366_ (net)
                  0.08    0.00   11.34 ^ _13186_/CIN (sky130_fd_sc_hd__fa_1)
     1    0.01    0.10    0.44   11.77 v _13186_/SUM (sky130_fd_sc_hd__fa_1)
                                         _06421_ (net)
                  0.10    0.00   11.77 v _13012_/B (sky130_fd_sc_hd__fa_1)
     1    0.01    0.09    0.48   12.26 v _13012_/SUM (sky130_fd_sc_hd__fa_1)
                                         _06424_ (net)
                  0.09    0.00   12.26 v _13572_/B (sky130_fd_sc_hd__ha_1)
     1    0.00    0.05    0.29   12.55 ^ _13572_/SUM (sky130_fd_sc_hd__ha_1)
                                         _00681_ (net)
                  0.05    0.00   12.55 ^ _07181_/B1 (sky130_fd_sc_hd__o21a_1)
     2    0.01    0.11    0.16   12.71 ^ _07181_/X (sky130_fd_sc_hd__o21a_1)
                                         _02132_ (net)
                  0.11    0.00   12.71 ^ _07182_/C (sky130_fd_sc_hd__and3_4)
     2    0.01    0.06    0.21   12.92 ^ _07182_/X (sky130_fd_sc_hd__and3_4)
                                         _02133_ (net)
                  0.06    0.00   12.92 ^ _07187_/A2 (sky130_fd_sc_hd__a211oi_2)
     1    0.00    0.07    0.07   12.98 v _07187_/Y (sky130_fd_sc_hd__a211oi_2)
                                         _02138_ (net)
                  0.07    0.00   12.98 v _07190_/C (sky130_fd_sc_hd__nor3_2)
     2    0.01    0.22    0.19   13.17 ^ _07190_/Y (sky130_fd_sc_hd__nor3_2)
                                         _02141_ (net)
                  0.22    0.00   13.17 ^ _07194_/A3 (sky130_fd_sc_hd__a41oi_2)
     3    0.02    0.16    0.21   13.38 v _07194_/Y (sky130_fd_sc_hd__a41oi_2)
                                         _02145_ (net)
                  0.16    0.00   13.38 v _07199_/A1 (sky130_fd_sc_hd__a2111oi_4)
     2    0.01    0.30    0.37   13.75 ^ _07199_/Y (sky130_fd_sc_hd__a2111oi_4)
                                         _02150_ (net)
                  0.30    0.00   13.75 ^ _07200_/A2 (sky130_fd_sc_hd__o21a_1)
     3    0.01    0.10    0.20   13.95 ^ _07200_/X (sky130_fd_sc_hd__o21a_1)
                                         _02151_ (net)
                  0.10    0.00   13.95 ^ _07201_/A1 (sky130_fd_sc_hd__o21a_1)
     1    0.01    0.06    0.15   14.09 ^ _07201_/X (sky130_fd_sc_hd__o21a_1)
                                         _02152_ (net)
                  0.06    0.00   14.09 ^ _07202_/A (sky130_fd_sc_hd__nor2_2)
     1    0.01    0.03    0.05   14.15 v _07202_/Y (sky130_fd_sc_hd__nor2_2)
                                         _02153_ (net)
                  0.03    0.00   14.15 v _07203_/B (sky130_fd_sc_hd__xnor2_2)
     2    0.02    0.24    0.21   14.36 ^ _07203_/Y (sky130_fd_sc_hd__xnor2_2)
                                         u_mul_reduce.prod[36] (net)
                  0.24    0.00   14.36 ^ _13323_/A (sky130_fd_sc_hd__ha_2)
     1    0.01    0.06    0.34   14.70 v _13323_/SUM (sky130_fd_sc_hd__ha_2)
                                         _06984_ (net)
                  0.06    0.00   14.70 v _13600_/A (sky130_fd_sc_hd__ha_4)
     1    0.01    0.04    0.24   14.94 v _13600_/SUM (sky130_fd_sc_hd__ha_4)
                                         _06206_ (net)
                  0.04    0.00   14.94 v _12943_/CIN (sky130_fd_sc_hd__fa_1)
     1    0.00    0.06    0.48   15.42 ^ _12943_/SUM (sky130_fd_sc_hd__fa_1)
                                         _00017_ (net)
                  0.06    0.00   15.42 ^ _07774_/A (sky130_fd_sc_hd__inv_1)
     1    0.01    0.03    0.05   15.47 v _07774_/Y (sky130_fd_sc_hd__inv_1)
                                         _00151_ (net)
                  0.03    0.00   15.47 v _13121_/CIN (sky130_fd_sc_hd__fa_1)
     1    0.01    0.11    0.48   15.94 v _13121_/SUM (sky130_fd_sc_hd__fa_1)
                                         _06724_ (net)
                  0.11    0.00   15.94 v _13285_/B (sky130_fd_sc_hd__ha_4)
     6    0.03    0.11    0.35   16.29 ^ _13285_/SUM (sky130_fd_sc_hd__ha_4)
                                         _00315_ (net)
                  0.11    0.00   16.29 ^ _07418_/A (sky130_fd_sc_hd__inv_4)
     3    0.01    0.03    0.05   16.34 v _07418_/Y (sky130_fd_sc_hd__inv_4)
                                         _02360_ (net)
                  0.03    0.00   16.34 v _07430_/B1 (sky130_fd_sc_hd__a211oi_2)
     2    0.01    0.27    0.28   16.62 ^ _07430_/Y (sky130_fd_sc_hd__a211oi_2)
                                         _02372_ (net)
                  0.27    0.00   16.62 ^ _07433_/B (sky130_fd_sc_hd__nor3b_2)
     1    0.00    0.06    0.08   16.70 v _07433_/Y (sky130_fd_sc_hd__nor3b_2)
                                         _02375_ (net)
                  0.06    0.00   16.70 v _07434_/A1 (sky130_fd_sc_hd__mux2i_2)
     2    0.01    0.18    0.18   16.88 ^ _07434_/Y (sky130_fd_sc_hd__mux2i_2)
                                         _02376_ (net)
                  0.18    0.00   16.88 ^ _07439_/B1 (sky130_fd_sc_hd__o211ai_1)
     2    0.01    0.11    0.15   17.03 v _07439_/Y (sky130_fd_sc_hd__o211ai_1)
                                         _02381_ (net)
                  0.11    0.00   17.03 v _07440_/C1 (sky130_fd_sc_hd__a2111o_1)
     3    0.01    0.10    0.41   17.44 v _07440_/X (sky130_fd_sc_hd__a2111o_1)
                                         _02382_ (net)
                  0.10    0.00   17.44 v _07441_/D (sky130_fd_sc_hd__or4_4)
     2    0.01    0.10    0.46   17.90 v _07441_/X (sky130_fd_sc_hd__or4_4)
                                         _02383_ (net)
                  0.10    0.00   17.90 v _07443_/C (sky130_fd_sc_hd__nor3_4)
     2    0.03    0.30    0.27   18.17 ^ _07443_/Y (sky130_fd_sc_hd__nor3_4)
                                         _02385_ (net)
                  0.30    0.00   18.17 ^ _07445_/B (sky130_fd_sc_hd__xnor2_4)
     2    0.01    0.06    0.10   18.27 v _07445_/Y (sky130_fd_sc_hd__xnor2_4)
                                         u_mul_reduce.r1[0] (net)
                  0.06    0.00   18.27 v _07742_/A (sky130_fd_sc_hd__inv_1)
     1    0.00    0.05    0.06   18.33 ^ _07742_/Y (sky130_fd_sc_hd__inv_1)
                                         _00287_ (net)
                  0.05    0.00   18.33 ^ _13253_/A (sky130_fd_sc_hd__ha_2)
     2    0.01    0.09    0.20   18.53 ^ _13253_/COUT (sky130_fd_sc_hd__ha_2)
                                         _00289_ (net)
                  0.09    0.00   18.53 ^ _11821_/A (sky130_fd_sc_hd__inv_2)
     2    0.01    0.04    0.05   18.59 v _11821_/Y (sky130_fd_sc_hd__inv_2)
                                         _01304_ (net)
                  0.04    0.00   18.59 v place1234/A (sky130_fd_sc_hd__buf_4)
     1    0.01    0.03    0.13   18.72 v place1234/X (sky130_fd_sc_hd__buf_4)
                                         net1234 (net)
                  0.03    0.00   18.72 v _11823_/A3 (sky130_fd_sc_hd__o32ai_4)
     2    0.01    0.27    0.25   18.97 ^ _11823_/Y (sky130_fd_sc_hd__o32ai_4)
                                         _01306_ (net)
                  0.27    0.00   18.97 ^ _11826_/C1 (sky130_fd_sc_hd__o2111ai_4)
     2    0.01    0.18    0.18   19.16 v _11826_/Y (sky130_fd_sc_hd__o2111ai_4)
                                         _01309_ (net)
                  0.18    0.00   19.16 v _11904_/A1 (sky130_fd_sc_hd__a21o_1)
     2    0.01    0.04    0.22   19.37 v _11904_/X (sky130_fd_sc_hd__a21o_1)
                                         _01387_ (net)
                  0.04    0.00   19.37 v _11949_/B1 (sky130_fd_sc_hd__o21ai_0)
     1    0.00    0.19    0.09   19.46 ^ _11949_/Y (sky130_fd_sc_hd__o21ai_0)
                                         _01432_ (net)
                  0.19    0.00   19.46 ^ _11950_/D_N (sky130_fd_sc_hd__or4b_4)
     1    0.01    0.09    0.49   19.95 v _11950_/X (sky130_fd_sc_hd__or4b_4)
                                         _01433_ (net)
                  0.09    0.00   19.95 v _11963_/B_N (sky130_fd_sc_hd__nand4bb_4)
     1    0.01    0.10    0.26   20.21 v _11963_/Y (sky130_fd_sc_hd__nand4bb_4)
                                         _01446_ (net)
                  0.10    0.00   20.21 v _11964_/D1 (sky130_fd_sc_hd__a2111oi_4)
     1    0.01    0.26    0.22   20.43 ^ _11964_/Y (sky130_fd_sc_hd__a2111oi_4)
                                         _01447_ (net)
                  0.26    0.00   20.43 ^ rebuffer2230/A (sky130_fd_sc_hd__buf_6)
     3    0.03    0.08    0.18   20.61 ^ rebuffer2230/X (sky130_fd_sc_hd__buf_6)
                                         net2230 (net)
                  0.08    0.00   20.61 ^ place1195/A (sky130_fd_sc_hd__buf_12)
     6    0.04    0.06    0.12   20.73 ^ place1195/X (sky130_fd_sc_hd__buf_12)
                                         net1195 (net)
                  0.06    0.00   20.73 ^ _12020_/D (sky130_fd_sc_hd__nor4_2)
     1    0.00    0.06    0.04   20.77 v _12020_/Y (sky130_fd_sc_hd__nor4_2)
                                         _01497_ (net)
                  0.06    0.00   20.77 v _12021_/C1 (sky130_fd_sc_hd__a211o_1)
     1    0.00    0.05    0.23   21.00 v _12021_/X (sky130_fd_sc_hd__a211o_1)
                                         _00798_ (net)
                  0.05    0.00   21.00 v mul_reduced_q[4]$_DFFE_PN0P_/D (sky130_fd_sc_hd__dfrtp_1)
                                 21.00   data arrival time

                         20.00   20.00   clock clk (rise edge)
                          0.00   20.00   clock source latency
     1    0.14    0.00    0.00   20.00 ^ clk (in)
                                         clk (net)
                  0.01    0.01   20.01 ^ clkbuf_0_clk/A (sky130_fd_sc_hd__clkbuf_16)
     4    0.20    0.21    0.24   20.24 ^ clkbuf_0_clk/X (sky130_fd_sc_hd__clkbuf_16)
                                         clknet_0_clk (net)
                  0.21    0.01   20.25 ^ clkbuf_2_3_0_clk/A (sky130_fd_sc_hd__clkbuf_16)
     8    0.18    0.20    0.30   20.55 ^ clkbuf_2_3_0_clk/X (sky130_fd_sc_hd__clkbuf_16)
                                         clknet_2_3_0_clk (net)
                  0.20    0.00   20.55 ^ clkbuf_5_26__f_clk/A (sky130_fd_sc_hd__clkbuf_16)
    12    0.21    0.22    0.31   20.86 ^ clkbuf_5_26__f_clk/X (sky130_fd_sc_hd__clkbuf_16)
                                         clknet_5_26__leaf_clk (net)
                  0.22    0.00   20.87 ^ clkbuf_leaf_255_clk/A (sky130_fd_sc_hd__clkbuf_16)
     9    0.04    0.06    0.20   21.06 ^ clkbuf_leaf_255_clk/X (sky130_fd_sc_hd__clkbuf_16)
                                         clknet_leaf_255_clk (net)
                  0.06    0.00   21.06 ^ mul_reduced_q[4]$_DFFE_PN0P_/CLK (sky130_fd_sc_hd__dfrtp_1)
                         -0.25   20.81   clock uncertainty
                          0.00   20.81   clock reconvergence pessimism
                         -0.11   20.70   library setup time
                                 20.70   data required time
-----------------------------------------------------------------------------
                                 20.70   data required time
                                -21.00   data arrival time
-----------------------------------------------------------------------------
                                 -0.30   slack (VIOLATED)



==========================================================================
cts final report_check_types -max_slew -max_cap -max_fanout -violators
--------------------------------------------------------------------------

==========================================================================
cts final max_slew_check_slack
--------------------------------------------------------------------------
0.18260648846626282

==========================================================================
cts final max_slew_check_limit
--------------------------------------------------------------------------
1.4943389892578125

==========================================================================
cts final max_slew_check_slack_limit
--------------------------------------------------------------------------
0.1222

==========================================================================
cts final max_fanout_check_slack
--------------------------------------------------------------------------
1.0000000150474662e+30

==========================================================================
cts final max_fanout_check_limit
--------------------------------------------------------------------------
1.0000000150474662e+30

==========================================================================
cts final max_capacitance_check_slack
--------------------------------------------------------------------------
0.005147781688719988

==========================================================================
cts final max_capacitance_check_limit
--------------------------------------------------------------------------
0.03663099929690361

==========================================================================
cts final max_capacitance_check_slack_limit
--------------------------------------------------------------------------
0.1405

==========================================================================
cts final max_slew_violation_count
--------------------------------------------------------------------------
max slew violation count 0

==========================================================================
cts final max_fanout_violation_count
--------------------------------------------------------------------------
max fanout violation count 0

==========================================================================
cts final max_cap_violation_count
--------------------------------------------------------------------------
max cap violation count 0

==========================================================================
cts final setup_violation_count
--------------------------------------------------------------------------
setup violation count 12

==========================================================================
cts final hold_violation_count
--------------------------------------------------------------------------
hold violation count 0

==========================================================================
cts final report_checks -path_delay max reg to reg
--------------------------------------------------------------------------
Startpoint: coeff_a_q[1]$_DFFE_PN0P_
            (rising edge-triggered flip-flop clocked by clk)
Endpoint: mul_reduced_q[4]$_DFFE_PN0P_
          (rising edge-triggered flip-flop clocked by clk)
Path Group: clk
Path Type: max

  Delay    Time   Description
---------------------------------------------------------
   0.00    0.00   clock clk (rise edge)
   0.00    0.00   clock source latency
   0.00    0.00 ^ clk (in)
   0.24    0.24 ^ clkbuf_0_clk/X (sky130_fd_sc_hd__clkbuf_16)
   0.30    0.55 ^ clkbuf_2_3_0_clk/X (sky130_fd_sc_hd__clkbuf_16)
   0.32    0.86 ^ clkbuf_5_27__f_clk/X (sky130_fd_sc_hd__clkbuf_16)
   0.21    1.08 ^ clkbuf_leaf_252_clk/X (sky130_fd_sc_hd__clkbuf_16)
   0.00    1.08 ^ coeff_a_q[1]$_DFFE_PN0P_/CLK (sky130_fd_sc_hd__dfrtp_2)
   0.43    1.51 v coeff_a_q[1]$_DFFE_PN0P_/Q (sky130_fd_sc_hd__dfrtp_2)
   0.28    1.79 ^ _13427_/SUM (sky130_fd_sc_hd__ha_4)
   0.04    1.83 v _07505_/Y (sky130_fd_sc_hd__inv_2)
   0.16    1.99 v _13611_/COUT (sky130_fd_sc_hd__ha_4)
   0.40    2.39 v _13164_/COUT (sky130_fd_sc_hd__fa_2)
   0.12    2.51 ^ _07673_/Y (sky130_fd_sc_hd__a21oi_2)
   0.06    2.57 v _07674_/Y (sky130_fd_sc_hd__nor2_1)
   0.15    2.72 ^ _07675_/Y (sky130_fd_sc_hd__nor2_2)
   0.10    2.82 v _07686_/Y (sky130_fd_sc_hd__xnor2_1)
   0.18    3.00 ^ _07689_/Y (sky130_fd_sc_hd__nor3_1)
   0.20    3.20 ^ _07690_/Y (sky130_fd_sc_hd__nor2b_2)
   0.16    3.36 ^ _07691_/Y (sky130_fd_sc_hd__nor2b_4)
   0.07    3.43 v _07692_/Y (sky130_fd_sc_hd__nand2_2)
   0.14    3.56 ^ _07693_/Y (sky130_fd_sc_hd__a21oi_2)
   0.06    3.62 v _07694_/Y (sky130_fd_sc_hd__nor2_1)
   0.25    3.87 v _07700_/X (sky130_fd_sc_hd__o211a_1)
   0.30    4.17 v _07701_/X (sky130_fd_sc_hd__or2_4)
   0.19    4.37 v _07846_/X (sky130_fd_sc_hd__and3_4)
   0.13    4.50 v _07847_/Y (sky130_fd_sc_hd__xnor2_2)
   0.25    4.75 ^ _07849_/Y (sky130_fd_sc_hd__a211oi_2)
   0.17    4.92 ^ place1682/X (sky130_fd_sc_hd__buf_4)
   0.13    5.06 ^ _07919_/X (sky130_fd_sc_hd__and2_4)
   0.46    5.52 v _13203_/SUM (sky130_fd_sc_hd__fa_1)
   0.55    6.07 ^ _13154_/SUM (sky130_fd_sc_hd__fa_1)
   0.21    6.28 v _13301_/SUM (sky130_fd_sc_hd__ha_4)
   0.47    6.76 v _13087_/SUM (sky130_fd_sc_hd__fa_1)
   0.56    7.32 ^ _13031_/SUM (sky130_fd_sc_hd__fa_1)
   0.21    7.53 v _13218_/SUM (sky130_fd_sc_hd__ha_4)
   0.11    7.64 v place1643/X (sky130_fd_sc_hd__buf_6)
   0.14    7.78 ^ _07468_/Y (sky130_fd_sc_hd__a21oi_2)
   0.11    7.89 v _07469_/Y (sky130_fd_sc_hd__o21bai_1)
   0.20    8.09 ^ _07470_/Y (sky130_fd_sc_hd__a21oi_2)
   0.10    8.19 v _07471_/Y (sky130_fd_sc_hd__o21bai_1)
   0.19    8.38 ^ _07472_/Y (sky130_fd_sc_hd__a21oi_2)
   0.10    8.48 v _07473_/Y (sky130_fd_sc_hd__o21bai_1)
   0.17    8.65 ^ _07474_/Y (sky130_fd_sc_hd__a21oi_2)
   0.10    8.75 v _07475_/Y (sky130_fd_sc_hd__o21bai_1)
   0.15    8.90 ^ _07476_/Y (sky130_fd_sc_hd__a21oi_2)
   0.06    8.96 v _07477_/Y (sky130_fd_sc_hd__nor2b_1)
   0.18    9.14 v _07478_/X (sky130_fd_sc_hd__o21a_1)
   0.42    9.56 v _07782_/X (sky130_fd_sc_hd__o41a_1)
   0.24    9.79 v _07783_/X (sky130_fd_sc_hd__xor2_4)
   0.58   10.38 ^ _12954_/SUM (sky130_fd_sc_hd__fa_1)
   0.44   10.82 v _13071_/SUM (sky130_fd_sc_hd__fa_1)
   0.52   11.34 ^ _12997_/SUM (sky130_fd_sc_hd__fa_1)
   0.44   11.77 v _13186_/SUM (sky130_fd_sc_hd__fa_1)
   0.48   12.26 v _13012_/SUM (sky130_fd_sc_hd__fa_1)
   0.29   12.55 ^ _13572_/SUM (sky130_fd_sc_hd__ha_1)
   0.16   12.71 ^ _07181_/X (sky130_fd_sc_hd__o21a_1)
   0.21   12.92 ^ _07182_/X (sky130_fd_sc_hd__and3_4)
   0.07   12.98 v _07187_/Y (sky130_fd_sc_hd__a211oi_2)
   0.19   13.17 ^ _07190_/Y (sky130_fd_sc_hd__nor3_2)
   0.21   13.38 v _07194_/Y (sky130_fd_sc_hd__a41oi_2)
   0.37   13.75 ^ _07199_/Y (sky130_fd_sc_hd__a2111oi_4)
   0.20   13.95 ^ _07200_/X (sky130_fd_sc_hd__o21a_1)
   0.15   14.09 ^ _07201_/X (sky130_fd_sc_hd__o21a_1)
   0.05   14.15 v _07202_/Y (sky130_fd_sc_hd__nor2_2)
   0.21   14.36 ^ _07203_/Y (sky130_fd_sc_hd__xnor2_2)
   0.34   14.70 v _13323_/SUM (sky130_fd_sc_hd__ha_2)
   0.24   14.94 v _13600_/SUM (sky130_fd_sc_hd__ha_4)
   0.48   15.42 ^ _12943_/SUM (sky130_fd_sc_hd__fa_1)
   0.05   15.47 v _07774_/Y (sky130_fd_sc_hd__inv_1)
   0.48   15.94 v _13121_/SUM (sky130_fd_sc_hd__fa_1)
   0.35   16.29 ^ _13285_/SUM (sky130_fd_sc_hd__ha_4)
   0.05   16.34 v _07418_/Y (sky130_fd_sc_hd__inv_4)
   0.28   16.62 ^ _07430_/Y (sky130_fd_sc_hd__a211oi_2)
   0.08   16.70 v _07433_/Y (sky130_fd_sc_hd__nor3b_2)
   0.18   16.88 ^ _07434_/Y (sky130_fd_sc_hd__mux2i_2)
   0.15   17.03 v _07439_/Y (sky130_fd_sc_hd__o211ai_1)
   0.41   17.44 v _07440_/X (sky130_fd_sc_hd__a2111o_1)
   0.46   17.90 v _07441_/X (sky130_fd_sc_hd__or4_4)
   0.27   18.17 ^ _07443_/Y (sky130_fd_sc_hd__nor3_4)
   0.10   18.27 v _07445_/Y (sky130_fd_sc_hd__xnor2_4)
   0.06   18.33 ^ _07742_/Y (sky130_fd_sc_hd__inv_1)
   0.20   18.53 ^ _13253_/COUT (sky130_fd_sc_hd__ha_2)
   0.06   18.59 v _11821_/Y (sky130_fd_sc_hd__inv_2)
   0.13   18.72 v place1234/X (sky130_fd_sc_hd__buf_4)
   0.25   18.97 ^ _11823_/Y (sky130_fd_sc_hd__o32ai_4)
   0.18   19.16 v _11826_/Y (sky130_fd_sc_hd__o2111ai_4)
   0.22   19.37 v _11904_/X (sky130_fd_sc_hd__a21o_1)
   0.09   19.46 ^ _11949_/Y (sky130_fd_sc_hd__o21ai_0)
   0.49   19.95 v _11950_/X (sky130_fd_sc_hd__or4b_4)
   0.26   20.21 v _11963_/Y (sky130_fd_sc_hd__nand4bb_4)
   0.22   20.43 ^ _11964_/Y (sky130_fd_sc_hd__a2111oi_4)
   0.18   20.61 ^ rebuffer2230/X (sky130_fd_sc_hd__buf_6)
   0.12   20.73 ^ place1195/X (sky130_fd_sc_hd__buf_12)
   0.04   20.77 v _12020_/Y (sky130_fd_sc_hd__nor4_2)
   0.23   21.00 v _12021_/X (sky130_fd_sc_hd__a211o_1)
   0.00   21.00 v mul_reduced_q[4]$_DFFE_PN0P_/D (sky130_fd_sc_hd__dfrtp_1)
          21.00   data arrival time

  20.00   20.00   clock clk (rise edge)
   0.00   20.00   clock source latency
   0.00   20.00 ^ clk (in)
   0.24   20.24 ^ clkbuf_0_clk/X (sky130_fd_sc_hd__clkbuf_16)
   0.30   20.55 ^ clkbuf_2_3_0_clk/X (sky130_fd_sc_hd__clkbuf_16)
   0.31   20.86 ^ clkbuf_5_26__f_clk/X (sky130_fd_sc_hd__clkbuf_16)
   0.20   21.06 ^ clkbuf_leaf_255_clk/X (sky130_fd_sc_hd__clkbuf_16)
   0.00   21.06 ^ mul_reduced_q[4]$_DFFE_PN0P_/CLK (sky130_fd_sc_hd__dfrtp_1)
  -0.25   20.81   clock uncertainty
   0.00   20.81   clock reconvergence pessimism
  -0.11   20.70   library setup time
          20.70   data required time
---------------------------------------------------------
          20.70   data required time
         -21.00   data arrival time
---------------------------------------------------------
          -0.30   slack (VIOLATED)



==========================================================================
cts final report_checks -path_delay min reg to reg
--------------------------------------------------------------------------
Startpoint: st[12]$_DFF_PN0_ (rising edge-triggered flip-flop clocked by clk)
Endpoint: done$_DFF_PN0_ (rising edge-triggered flip-flop clocked by clk)
Path Group: clk
Path Type: min

  Delay    Time   Description
---------------------------------------------------------
   0.00    0.00   clock clk (rise edge)
   0.00    0.00   clock source latency
   0.00    0.00 ^ clk (in)
   0.24    0.24 ^ clkbuf_0_clk/X (sky130_fd_sc_hd__clkbuf_16)
   0.30    0.55 ^ clkbuf_2_3_0_clk/X (sky130_fd_sc_hd__clkbuf_16)
   0.30    0.84 ^ clkbuf_5_31__f_clk/X (sky130_fd_sc_hd__clkbuf_16)
   0.20    1.04 ^ clkbuf_leaf_244_clk/X (sky130_fd_sc_hd__clkbuf_16)
   0.00    1.04 ^ st[12]$_DFF_PN0_/CLK (sky130_fd_sc_hd__dfrtp_1)
   0.35    1.39 ^ st[12]$_DFF_PN0_/Q (sky130_fd_sc_hd__dfrtp_1)
   0.00    1.39 ^ done$_DFF_PN0_/D (sky130_fd_sc_hd__dfrtp_1)
           1.39   data arrival time

   0.00    0.00   clock clk (rise edge)
   0.00    0.00   clock source latency
   0.00    0.00 ^ clk (in)
   0.24    0.24 ^ clkbuf_0_clk/X (sky130_fd_sc_hd__clkbuf_16)
   0.30    0.55 ^ clkbuf_2_3_0_clk/X (sky130_fd_sc_hd__clkbuf_16)
   0.30    0.84 ^ clkbuf_5_31__f_clk/X (sky130_fd_sc_hd__clkbuf_16)
   0.19    1.04 ^ clkbuf_leaf_243_clk/X (sky130_fd_sc_hd__clkbuf_16)
   0.00    1.04 ^ done$_DFF_PN0_/CLK (sky130_fd_sc_hd__dfrtp_1)
   0.25    1.29   clock uncertainty
   0.00    1.29   clock reconvergence pessimism
  -0.04    1.25   library hold time
           1.25   data required time
---------------------------------------------------------
           1.25   data required time
          -1.39   data arrival time
---------------------------------------------------------
           0.14   slack (MET)



==========================================================================
cts final critical path target clock latency max path
--------------------------------------------------------------------------
1.0324

==========================================================================
cts final critical path target clock latency min path
--------------------------------------------------------------------------
1.0418

==========================================================================
cts final critical path source clock latency min path
--------------------------------------------------------------------------
0.0000

==========================================================================
cts final critical path delay
--------------------------------------------------------------------------
21.0030

==========================================================================
cts final critical path slack
--------------------------------------------------------------------------
-0.3043

==========================================================================
cts final slack div critical path delay
--------------------------------------------------------------------------
-1.448841

==========================================================================
cts final report_power
--------------------------------------------------------------------------
Group                  Internal  Switching    Leakage      Total
                          Power      Power      Power      Power (Watts)
----------------------------------------------------------------
Sequential             9.79e-03   0.00e+00   3.89e-08   9.79e-03  54.3%
Combinational          1.78e-05   1.76e-04   2.71e-08   1.94e-04   1.1%
Clock                  4.50e-03   3.55e-03   6.73e-09   8.05e-03  44.6%
Macro                  0.00e+00   0.00e+00   0.00e+00   0.00e+00   0.0%
Pad                    0.00e+00   0.00e+00   0.00e+00   0.00e+00   0.0%
----------------------------------------------------------------
Total                  1.43e-02   3.72e-03   7.27e-08   1.80e-02 100.0%
                          79.4%      20.6%       0.0%
