
==========================================================================
detailed place report_tns
--------------------------------------------------------------------------
tns max 0.00

==========================================================================
detailed place report_wns
--------------------------------------------------------------------------
wns max 0.00

==========================================================================
detailed place report_worst_slack
--------------------------------------------------------------------------
worst slack max 6.83

==========================================================================
detailed place report_clock_min_period
--------------------------------------------------------------------------
clk period_min = 13.17 fmax = 75.93

==========================================================================
detailed place report_checks -path_delay min
--------------------------------------------------------------------------
Startpoint: load_q[1053]$_DFFE_PN0P_
            (rising edge-triggered flip-flop clocked by clk)
Endpoint: load_q[1053]$_DFFE_PN0P_
          (rising edge-triggered flip-flop clocked by clk)
Path Group: clk
Path Type: min

Fanout     Cap    Slew   Delay    Time   Description
-----------------------------------------------------------------------------
                  0.00    0.00    0.00   clock clk (rise edge)
                          0.00    0.00   clock network delay (ideal)
                  0.00    0.00    0.00 ^ load_q[1053]$_DFFE_PN0P_/CLK (sky130_fd_sc_hd__dfrtp_1)
     2    0.01    0.07    0.32    0.32 ^ load_q[1053]$_DFFE_PN0P_/Q (sky130_fd_sc_hd__dfrtp_1)
                                         load_q[1053] (net)
                  0.07    0.00    0.32 ^ _17456_/A (sky130_fd_sc_hd__nand2_1)
     1    0.00    0.04    0.05    0.37 v _17456_/Y (sky130_fd_sc_hd__nand2_1)
                                         _15475_ (net)
                  0.04    0.00    0.37 v _17457_/B1 (sky130_fd_sc_hd__o31ai_1)
     1    0.00    0.05    0.05    0.42 ^ _17457_/Y (sky130_fd_sc_hd__o31ai_1)
                                         _00563_ (net)
                  0.05    0.00    0.42 ^ load_q[1053]$_DFFE_PN0P_/D (sky130_fd_sc_hd__dfrtp_1)
                                  0.42   data arrival time

                  0.00    0.00    0.00   clock clk (rise edge)
                          0.00    0.00   clock network delay (ideal)
                          0.25    0.25   clock uncertainty
                          0.00    0.25   clock reconvergence pessimism
                                  0.25 ^ load_q[1053]$_DFFE_PN0P_/CLK (sky130_fd_sc_hd__dfrtp_1)
                         -0.04    0.21   library hold time
                                  0.21   data required time
-----------------------------------------------------------------------------
                                  0.21   data required time
                                 -0.42   data arrival time
-----------------------------------------------------------------------------
                                  0.22   slack (MET)



==========================================================================
detailed place report_checks -path_delay max
--------------------------------------------------------------------------
Startpoint: lane_idx[0] (input port clocked by clk)
Endpoint: lane_rdata[21] (output port clocked by clk)
Path Group: clk
Path Type: max

Fanout     Cap    Slew   Delay    Time   Description
-----------------------------------------------------------------------------
                  0.00    0.00    0.00   clock clk (rise edge)
                          0.00    0.00   clock network delay (ideal)
                          4.00    4.00 ^ input external delay
     1    0.01    0.00    0.00    4.00 ^ lane_idx[0] (in)
                                         lane_idx[0] (net)
                  0.00    0.00    4.00 ^ input1/A (sky130_fd_sc_hd__buf_8)
    40    0.28    0.44    0.33    4.33 ^ input1/X (sky130_fd_sc_hd__buf_8)
                                         net1 (net)
                  0.44    0.02    4.35 ^ place2042/A (sky130_fd_sc_hd__buf_4)
    29    0.27    0.72    0.63    4.98 ^ place2042/X (sky130_fd_sc_hd__buf_4)
                                         net2042 (net)
                  0.73    0.08    5.06 ^ place2038/A (sky130_fd_sc_hd__buf_4)
    38    0.34    0.91    0.81    5.87 ^ place2038/X (sky130_fd_sc_hd__buf_4)
                                         net2038 (net)
                  0.91    0.05    5.93 ^ place2037/A (sky130_fd_sc_hd__buf_4)
    39    0.32    0.87    0.82    6.75 ^ place2037/X (sky130_fd_sc_hd__buf_4)
                                         net2037 (net)
                  0.87    0.01    6.75 ^ _31709_/S0 (sky130_fd_sc_hd__mux4_2)
     1    0.00    0.06    0.36    7.12 ^ _31709_/X (sky130_fd_sc_hd__mux4_2)
                                         _14251_ (net)
                  0.06    0.00    7.12 ^ _31710_/A1 (sky130_fd_sc_hd__mux2i_1)
     1    0.00    0.15    0.08    7.20 v _31710_/Y (sky130_fd_sc_hd__mux2i_1)
                                         _14252_ (net)
                  0.15    0.00    7.20 v _31711_/B (sky130_fd_sc_hd__nor2_1)
     1    0.00    0.11    0.13    7.33 ^ _31711_/Y (sky130_fd_sc_hd__nor2_1)
                                         _14253_ (net)
                  0.11    0.00    7.33 ^ _31712_/B1 (sky130_fd_sc_hd__a21oi_1)
     1    0.00    0.12    0.05    7.37 v _31712_/Y (sky130_fd_sc_hd__a21oi_1)
                                         _14254_ (net)
                  0.12    0.00    7.37 v _31720_/A2 (sky130_fd_sc_hd__o21ai_0)
     1    0.03    0.96    0.78    8.15 ^ _31720_/Y (sky130_fd_sc_hd__o21ai_0)
                                         net89 (net)
                  0.96    0.00    8.16 ^ output89/A (sky130_fd_sc_hd__clkdlybuf4s50_1)
     1    0.02    0.21    0.76    8.92 ^ output89/X (sky130_fd_sc_hd__clkdlybuf4s50_1)
                                         lane_rdata[21] (net)
                  0.21    0.00    8.92 ^ lane_rdata[21] (out)
                                  8.92   data arrival time

                  0.00   20.00   20.00   clock clk (rise edge)
                          0.00   20.00   clock network delay (ideal)
                         -0.25   19.75   clock uncertainty
                          0.00   19.75   clock reconvergence pessimism
                         -4.00   15.75   output external delay
                                 15.75   data required time
-----------------------------------------------------------------------------
                                 15.75   data required time
                                 -8.92   data arrival time
-----------------------------------------------------------------------------
                                  6.83   slack (MET)



==========================================================================
detailed place report_checks -unconstrained
--------------------------------------------------------------------------
Startpoint: lane_idx[0] (input port clocked by clk)
Endpoint: lane_rdata[21] (output port clocked by clk)
Path Group: clk
Path Type: max

Fanout     Cap    Slew   Delay    Time   Description
-----------------------------------------------------------------------------
                  0.00    0.00    0.00   clock clk (rise edge)
                          0.00    0.00   clock network delay (ideal)
                          4.00    4.00 ^ input external delay
     1    0.01    0.00    0.00    4.00 ^ lane_idx[0] (in)
                                         lane_idx[0] (net)
                  0.00    0.00    4.00 ^ input1/A (sky130_fd_sc_hd__buf_8)
    40    0.28    0.44    0.33    4.33 ^ input1/X (sky130_fd_sc_hd__buf_8)
                                         net1 (net)
                  0.44    0.02    4.35 ^ place2042/A (sky130_fd_sc_hd__buf_4)
    29    0.27    0.72    0.63    4.98 ^ place2042/X (sky130_fd_sc_hd__buf_4)
                                         net2042 (net)
                  0.73    0.08    5.06 ^ place2038/A (sky130_fd_sc_hd__buf_4)
    38    0.34    0.91    0.81    5.87 ^ place2038/X (sky130_fd_sc_hd__buf_4)
                                         net2038 (net)
                  0.91    0.05    5.93 ^ place2037/A (sky130_fd_sc_hd__buf_4)
    39    0.32    0.87    0.82    6.75 ^ place2037/X (sky130_fd_sc_hd__buf_4)
                                         net2037 (net)
                  0.87    0.01    6.75 ^ _31709_/S0 (sky130_fd_sc_hd__mux4_2)
     1    0.00    0.06    0.36    7.12 ^ _31709_/X (sky130_fd_sc_hd__mux4_2)
                                         _14251_ (net)
                  0.06    0.00    7.12 ^ _31710_/A1 (sky130_fd_sc_hd__mux2i_1)
     1    0.00    0.15    0.08    7.20 v _31710_/Y (sky130_fd_sc_hd__mux2i_1)
                                         _14252_ (net)
                  0.15    0.00    7.20 v _31711_/B (sky130_fd_sc_hd__nor2_1)
     1    0.00    0.11    0.13    7.33 ^ _31711_/Y (sky130_fd_sc_hd__nor2_1)
                                         _14253_ (net)
                  0.11    0.00    7.33 ^ _31712_/B1 (sky130_fd_sc_hd__a21oi_1)
     1    0.00    0.12    0.05    7.37 v _31712_/Y (sky130_fd_sc_hd__a21oi_1)
                                         _14254_ (net)
                  0.12    0.00    7.37 v _31720_/A2 (sky130_fd_sc_hd__o21ai_0)
     1    0.03    0.96    0.78    8.15 ^ _31720_/Y (sky130_fd_sc_hd__o21ai_0)
                                         net89 (net)
                  0.96    0.00    8.16 ^ output89/A (sky130_fd_sc_hd__clkdlybuf4s50_1)
     1    0.02    0.21    0.76    8.92 ^ output89/X (sky130_fd_sc_hd__clkdlybuf4s50_1)
                                         lane_rdata[21] (net)
                  0.21    0.00    8.92 ^ lane_rdata[21] (out)
                                  8.92   data arrival time

                  0.00   20.00   20.00   clock clk (rise edge)
                          0.00   20.00   clock network delay (ideal)
                         -0.25   19.75   clock uncertainty
                          0.00   19.75   clock reconvergence pessimism
                         -4.00   15.75   output external delay
                                 15.75   data required time
-----------------------------------------------------------------------------
                                 15.75   data required time
                                 -8.92   data arrival time
-----------------------------------------------------------------------------
                                  6.83   slack (MET)



==========================================================================
detailed place report_check_types -max_slew -max_cap -max_fanout -violators
--------------------------------------------------------------------------

==========================================================================
detailed place max_slew_check_slack
--------------------------------------------------------------------------
0.07418910413980484

==========================================================================
detailed place max_slew_check_limit
--------------------------------------------------------------------------
1.4949300289154053

==========================================================================
detailed place max_slew_check_slack_limit
--------------------------------------------------------------------------
0.0496

==========================================================================
detailed place max_fanout_check_slack
--------------------------------------------------------------------------
1.0000000150474662e+30

==========================================================================
detailed place max_fanout_check_limit
--------------------------------------------------------------------------
1.0000000150474662e+30

==========================================================================
detailed place max_capacitance_check_slack
--------------------------------------------------------------------------
0.003146104048937559

==========================================================================
detailed place max_capacitance_check_limit
--------------------------------------------------------------------------
0.0769139975309372

==========================================================================
detailed place max_capacitance_check_slack_limit
--------------------------------------------------------------------------
0.0409

==========================================================================
detailed place max_slew_violation_count
--------------------------------------------------------------------------
max slew violation count 0

==========================================================================
detailed place max_fanout_violation_count
--------------------------------------------------------------------------
max fanout violation count 0

==========================================================================
detailed place max_cap_violation_count
--------------------------------------------------------------------------
max cap violation count 0

==========================================================================
detailed place setup_violation_count
--------------------------------------------------------------------------
setup violation count 0

==========================================================================
detailed place hold_violation_count
--------------------------------------------------------------------------
hold violation count 0

==========================================================================
detailed place report_checks -path_delay max reg to reg
--------------------------------------------------------------------------
Startpoint: u_core.g_serial_round.phase_q[6]$_DFF_PN0_
            (rising edge-triggered flip-flop clocked by clk)
Endpoint: u_core.state_out[615]$_DFFE_PN0P_
          (rising edge-triggered flip-flop clocked by clk)
Path Group: clk
Path Type: max

  Delay    Time   Description
---------------------------------------------------------
   0.00    0.00   clock clk (rise edge)
   0.00    0.00   clock network delay (ideal)
   0.00    0.00 ^ u_core.g_serial_round.phase_q[6]$_DFF_PN0_/CLK (sky130_fd_sc_hd__dfrtp_4)
   0.65    0.65 ^ u_core.g_serial_round.phase_q[6]$_DFF_PN0_/Q (sky130_fd_sc_hd__dfrtp_4)
   0.60    1.25 ^ place1863/X (sky130_fd_sc_hd__buf_4)
   0.73    1.97 ^ place1862/X (sky130_fd_sc_hd__buf_4)
   0.71    2.68 ^ place1860/X (sky130_fd_sc_hd__buf_4)
   0.82    3.50 ^ place1857/X (sky130_fd_sc_hd__buf_4)
   0.80    4.30 ^ place1856/X (sky130_fd_sc_hd__buf_4)
   0.31    4.61 v _22333_/Y (sky130_fd_sc_hd__a222oi_1)
   0.16    4.77 ^ _22335_/Y (sky130_fd_sc_hd__nand2_1)
   0.06    4.84 v _22336_/Y (sky130_fd_sc_hd__a21oi_1)
   0.90    5.74 ^ _22337_/Y (sky130_fd_sc_hd__xnor2_1)
   0.27    6.01 v _29719_/Y (sky130_fd_sc_hd__a211oi_1)
   0.31    6.32 v _29720_/X (sky130_fd_sc_hd__a221o_1)
   0.00    6.32 v u_core.state_out[615]$_DFFE_PN0P_/D (sky130_fd_sc_hd__dfrtp_1)
           6.32   data arrival time

  20.00   20.00   clock clk (rise edge)
   0.00   20.00   clock network delay (ideal)
  -0.25   19.75   clock uncertainty
   0.00   19.75   clock reconvergence pessimism
          19.75 ^ u_core.state_out[615]$_DFFE_PN0P_/CLK (sky130_fd_sc_hd__dfrtp_1)
  -0.13   19.62   library setup time
          19.62   data required time
---------------------------------------------------------
          19.62   data required time
          -6.32   data arrival time
---------------------------------------------------------
          13.30   slack (MET)



==========================================================================
detailed place report_checks -path_delay min reg to reg
--------------------------------------------------------------------------
Startpoint: load_q[1053]$_DFFE_PN0P_
            (rising edge-triggered flip-flop clocked by clk)
Endpoint: load_q[1053]$_DFFE_PN0P_
          (rising edge-triggered flip-flop clocked by clk)
Path Group: clk
Path Type: min

  Delay    Time   Description
---------------------------------------------------------
   0.00    0.00   clock clk (rise edge)
   0.00    0.00   clock network delay (ideal)
   0.00    0.00 ^ load_q[1053]$_DFFE_PN0P_/CLK (sky130_fd_sc_hd__dfrtp_1)
   0.32    0.32 ^ load_q[1053]$_DFFE_PN0P_/Q (sky130_fd_sc_hd__dfrtp_1)
   0.05    0.37 v _17456_/Y (sky130_fd_sc_hd__nand2_1)
   0.05    0.42 ^ _17457_/Y (sky130_fd_sc_hd__o31ai_1)
   0.00    0.42 ^ load_q[1053]$_DFFE_PN0P_/D (sky130_fd_sc_hd__dfrtp_1)
           0.42   data arrival time

   0.00    0.00   clock clk (rise edge)
   0.00    0.00   clock network delay (ideal)
   0.25    0.25   clock uncertainty
   0.00    0.25   clock reconvergence pessimism
           0.25 ^ load_q[1053]$_DFFE_PN0P_/CLK (sky130_fd_sc_hd__dfrtp_1)
  -0.04    0.21   library hold time
           0.21   data required time
---------------------------------------------------------
           0.21   data required time
          -0.42   data arrival time
---------------------------------------------------------
           0.22   slack (MET)



==========================================================================
detailed place critical path target clock latency max path
--------------------------------------------------------------------------
0.0000

==========================================================================
detailed place critical path target clock latency min path
--------------------------------------------------------------------------
0.0000

==========================================================================
detailed place critical path source clock latency min path
--------------------------------------------------------------------------
0.0000

==========================================================================
detailed place critical path delay
--------------------------------------------------------------------------
8.9198

==========================================================================
detailed place critical path slack
--------------------------------------------------------------------------
6.8302

==========================================================================
detailed place slack div critical path delay
--------------------------------------------------------------------------
76.573466

==========================================================================
detailed place report_power
--------------------------------------------------------------------------
Group                  Internal  Switching    Leakage      Total
                          Power      Power      Power      Power (Watts)
----------------------------------------------------------------
Sequential             7.50e-03   6.34e-04   4.92e-08   8.13e-03  60.0%
Combinational          1.24e-03   4.18e-03   4.17e-08   5.42e-03  40.0%
Clock                  0.00e+00   0.00e+00   0.00e+00   0.00e+00   0.0%
Macro                  0.00e+00   0.00e+00   0.00e+00   0.00e+00   0.0%
Pad                    0.00e+00   0.00e+00   0.00e+00   0.00e+00   0.0%
----------------------------------------------------------------
Total                  8.74e-03   4.81e-03   9.09e-08   1.36e-02 100.0%
                          64.5%      35.5%       0.0%
