
==========================================================================
global place report_tns
--------------------------------------------------------------------------
tns max 0.00

==========================================================================
global place report_wns
--------------------------------------------------------------------------
wns max 0.00

==========================================================================
global place report_worst_slack
--------------------------------------------------------------------------
worst slack max 6.83

==========================================================================
global place report_clock_min_period
--------------------------------------------------------------------------
clk period_min = 13.17 fmax = 75.95

==========================================================================
global place report_checks -path_delay min
--------------------------------------------------------------------------
Startpoint: load_q[446]$_DFFE_PN0P_
            (rising edge-triggered flip-flop clocked by clk)
Endpoint: load_q[446]$_DFFE_PN0P_
          (rising edge-triggered flip-flop clocked by clk)
Path Group: clk
Path Type: min

Fanout     Cap    Slew   Delay    Time   Description
-----------------------------------------------------------------------------
                  0.00    0.00    0.00   clock clk (rise edge)
                          0.00    0.00   clock network delay (ideal)
                  0.00    0.00    0.00 ^ load_q[446]$_DFFE_PN0P_/CLK (sky130_fd_sc_hd__dfrtp_1)
     2    0.01    0.07    0.32    0.32 ^ load_q[446]$_DFFE_PN0P_/Q (sky130_fd_sc_hd__dfrtp_1)
                                         load_q[446] (net)
                  0.07    0.00    0.32 ^ _18370_/A (sky130_fd_sc_hd__nand2_1)
     1    0.00    0.03    0.05    0.37 v _18370_/Y (sky130_fd_sc_hd__nand2_1)
                                         _15782_ (net)
                  0.03    0.00    0.37 v _18371_/B1 (sky130_fd_sc_hd__o31ai_1)
     1    0.00    0.05    0.05    0.42 ^ _18371_/Y (sky130_fd_sc_hd__o31ai_1)
                                         _01170_ (net)
                  0.05    0.00    0.42 ^ load_q[446]$_DFFE_PN0P_/D (sky130_fd_sc_hd__dfrtp_1)
                                  0.42   data arrival time

                  0.00    0.00    0.00   clock clk (rise edge)
                          0.00    0.00   clock network delay (ideal)
                          0.25    0.25   clock uncertainty
                          0.00    0.25   clock reconvergence pessimism
                                  0.25 ^ load_q[446]$_DFFE_PN0P_/CLK (sky130_fd_sc_hd__dfrtp_1)
                         -0.04    0.21   library hold time
                                  0.21   data required time
-----------------------------------------------------------------------------
                                  0.21   data required time
                                 -0.42   data arrival time
-----------------------------------------------------------------------------
                                  0.21   slack (MET)



==========================================================================
global place report_checks -path_delay max
--------------------------------------------------------------------------
Startpoint: lane_idx[0] (input port clocked by clk)
Endpoint: lane_rdata[27] (output port clocked by clk)
Path Group: clk
Path Type: max

Fanout     Cap    Slew   Delay    Time   Description
-----------------------------------------------------------------------------
                  0.00    0.00    0.00   clock clk (rise edge)
                          0.00    0.00   clock network delay (ideal)
                          4.00    4.00 ^ input external delay
     1    0.01    0.00    0.00    4.00 ^ lane_idx[0] (in)
                                         lane_idx[0] (net)
                  0.00    0.00    4.00 ^ input1/A (sky130_fd_sc_hd__buf_8)
    40    0.27    0.43    0.33    4.33 ^ input1/X (sky130_fd_sc_hd__buf_8)
                                         net1 (net)
                  0.43    0.02    4.35 ^ place2042/A (sky130_fd_sc_hd__buf_4)
    29    0.26    0.71    0.63    4.98 ^ place2042/X (sky130_fd_sc_hd__buf_4)
                                         net2042 (net)
                  0.73    0.08    5.06 ^ place2038/A (sky130_fd_sc_hd__buf_4)
    38    0.34    0.91    0.80    5.86 ^ place2038/X (sky130_fd_sc_hd__buf_4)
                                         net2038 (net)
                  0.91    0.06    5.92 ^ place2037/A (sky130_fd_sc_hd__buf_4)
    39    0.32    0.85    0.81    6.72 ^ place2037/X (sky130_fd_sc_hd__buf_4)
                                         net2037 (net)
                  0.85    0.04    6.76 ^ _31631_/S0 (sky130_fd_sc_hd__mux4_2)
     1    0.00    0.08    0.59    7.36 v _31631_/X (sky130_fd_sc_hd__mux4_2)
                                         _14179_ (net)
                  0.08    0.00    7.36 v _31633_/A3 (sky130_fd_sc_hd__mux4_2)
     1    0.01    0.10    0.51    7.87 v _31633_/X (sky130_fd_sc_hd__mux4_2)
                                         _14181_ (net)
                  0.10    0.00    7.87 v _31634_/B (sky130_fd_sc_hd__nand2_1)
     1    0.00    0.10    0.09    7.96 ^ _31634_/Y (sky130_fd_sc_hd__nand2_1)
                                         _14182_ (net)
                  0.10    0.00    7.96 ^ _31635_/B1 (sky130_fd_sc_hd__o21ai_0)
     1    0.02    0.37    0.29    8.25 v _31635_/Y (sky130_fd_sc_hd__o21ai_0)
                                         net95 (net)
                  0.37    0.00    8.26 v output95/A (sky130_fd_sc_hd__clkdlybuf4s50_1)
     1    0.02    0.18    0.66    8.92 v output95/X (sky130_fd_sc_hd__clkdlybuf4s50_1)
                                         lane_rdata[27] (net)
                  0.18    0.00    8.92 v lane_rdata[27] (out)
                                  8.92   data arrival time

                  0.00   20.00   20.00   clock clk (rise edge)
                          0.00   20.00   clock network delay (ideal)
                         -0.25   19.75   clock uncertainty
                          0.00   19.75   clock reconvergence pessimism
                         -4.00   15.75   output external delay
                                 15.75   data required time
-----------------------------------------------------------------------------
                                 15.75   data required time
                                 -8.92   data arrival time
-----------------------------------------------------------------------------
                                  6.83   slack (MET)



==========================================================================
global place report_checks -unconstrained
--------------------------------------------------------------------------
Startpoint: lane_idx[0] (input port clocked by clk)
Endpoint: lane_rdata[27] (output port clocked by clk)
Path Group: clk
Path Type: max

Fanout     Cap    Slew   Delay    Time   Description
-----------------------------------------------------------------------------
                  0.00    0.00    0.00   clock clk (rise edge)
                          0.00    0.00   clock network delay (ideal)
                          4.00    4.00 ^ input external delay
     1    0.01    0.00    0.00    4.00 ^ lane_idx[0] (in)
                                         lane_idx[0] (net)
                  0.00    0.00    4.00 ^ input1/A (sky130_fd_sc_hd__buf_8)
    40    0.27    0.43    0.33    4.33 ^ input1/X (sky130_fd_sc_hd__buf_8)
                                         net1 (net)
                  0.43    0.02    4.35 ^ place2042/A (sky130_fd_sc_hd__buf_4)
    29    0.26    0.71    0.63    4.98 ^ place2042/X (sky130_fd_sc_hd__buf_4)
                                         net2042 (net)
                  0.73    0.08    5.06 ^ place2038/A (sky130_fd_sc_hd__buf_4)
    38    0.34    0.91    0.80    5.86 ^ place2038/X (sky130_fd_sc_hd__buf_4)
                                         net2038 (net)
                  0.91    0.06    5.92 ^ place2037/A (sky130_fd_sc_hd__buf_4)
    39    0.32    0.85    0.81    6.72 ^ place2037/X (sky130_fd_sc_hd__buf_4)
                                         net2037 (net)
                  0.85    0.04    6.76 ^ _31631_/S0 (sky130_fd_sc_hd__mux4_2)
     1    0.00    0.08    0.59    7.36 v _31631_/X (sky130_fd_sc_hd__mux4_2)
                                         _14179_ (net)
                  0.08    0.00    7.36 v _31633_/A3 (sky130_fd_sc_hd__mux4_2)
     1    0.01    0.10    0.51    7.87 v _31633_/X (sky130_fd_sc_hd__mux4_2)
                                         _14181_ (net)
                  0.10    0.00    7.87 v _31634_/B (sky130_fd_sc_hd__nand2_1)
     1    0.00    0.10    0.09    7.96 ^ _31634_/Y (sky130_fd_sc_hd__nand2_1)
                                         _14182_ (net)
                  0.10    0.00    7.96 ^ _31635_/B1 (sky130_fd_sc_hd__o21ai_0)
     1    0.02    0.37    0.29    8.25 v _31635_/Y (sky130_fd_sc_hd__o21ai_0)
                                         net95 (net)
                  0.37    0.00    8.26 v output95/A (sky130_fd_sc_hd__clkdlybuf4s50_1)
     1    0.02    0.18    0.66    8.92 v output95/X (sky130_fd_sc_hd__clkdlybuf4s50_1)
                                         lane_rdata[27] (net)
                  0.18    0.00    8.92 v lane_rdata[27] (out)
                                  8.92   data arrival time

                  0.00   20.00   20.00   clock clk (rise edge)
                          0.00   20.00   clock network delay (ideal)
                         -0.25   19.75   clock uncertainty
                          0.00   19.75   clock reconvergence pessimism
                         -4.00   15.75   output external delay
                                 15.75   data required time
-----------------------------------------------------------------------------
                                 15.75   data required time
                                 -8.92   data arrival time
-----------------------------------------------------------------------------
                                  6.83   slack (MET)



==========================================================================
global place report_power
--------------------------------------------------------------------------
Group                  Internal  Switching    Leakage      Total
                          Power      Power      Power      Power (Watts)
----------------------------------------------------------------
Sequential             7.50e-03   6.40e-04   4.92e-08   8.14e-03  60.0%
Combinational          1.24e-03   4.17e-03   4.17e-08   5.42e-03  40.0%
Clock                  0.00e+00   0.00e+00   0.00e+00   0.00e+00   0.0%
Macro                  0.00e+00   0.00e+00   0.00e+00   0.00e+00   0.0%
Pad                    0.00e+00   0.00e+00   0.00e+00   0.00e+00   0.0%
----------------------------------------------------------------
Total                  8.74e-03   4.81e-03   9.09e-08   1.36e-02 100.0%
                          64.5%      35.5%       0.0%
