
==========================================================================
cts final report_tns
--------------------------------------------------------------------------
tns max 0.00

==========================================================================
cts final report_wns
--------------------------------------------------------------------------
wns max 0.00

==========================================================================
cts final report_worst_slack
--------------------------------------------------------------------------
worst slack max 6.82

==========================================================================
cts final report_clock_min_period
--------------------------------------------------------------------------
clk period_min = 13.18 fmax = 75.86

==========================================================================
cts final report_clock_skew
--------------------------------------------------------------------------
Clock clk
   1.12 source latency u_core.state_out[991]$_DFFE_PN0P_/CLK ^
  -1.04 target latency u_core.state_out[1567]$_DFFE_PN0P_/CLK ^
   0.25 clock uncertainty
   0.00 CRPR
--------------
   0.33 setup skew


==========================================================================
cts final report_checks -path_delay min
--------------------------------------------------------------------------
Startpoint: load_q[1472]$_DFFE_PN0P_
            (rising edge-triggered flip-flop clocked by clk)
Endpoint: u_core.state_out[1472]$_DFFE_PN0P_
          (rising edge-triggered flip-flop clocked by clk)
Path Group: clk
Path Type: min

Fanout     Cap    Slew   Delay    Time   Description
-----------------------------------------------------------------------------
                          0.00    0.00   clock clk (rise edge)
                          0.00    0.00   clock source latency
     1    0.15    0.00    0.00    0.00 ^ clk (in)
                                         clk (net)
                  0.01    0.01    0.01 ^ clkbuf_0_clk/A (sky130_fd_sc_hd__clkbuf_16)
     4    0.21    0.22    0.25    0.25 ^ clkbuf_0_clk/X (sky130_fd_sc_hd__clkbuf_16)
                                         clknet_0_clk (net)
                  0.22    0.01    0.26 ^ clkbuf_2_2_0_clk/A (sky130_fd_sc_hd__clkbuf_16)
     8    0.21    0.22    0.32    0.58 ^ clkbuf_2_2_0_clk/X (sky130_fd_sc_hd__clkbuf_16)
                                         clknet_2_2_0_clk (net)
                  0.22    0.00    0.58 ^ clkbuf_5_19__f_clk/A (sky130_fd_sc_hd__clkbuf_16)
     9    0.16    0.18    0.29    0.87 ^ clkbuf_5_19__f_clk/X (sky130_fd_sc_hd__clkbuf_16)
                                         clknet_5_19__leaf_clk (net)
                  0.18    0.00    0.87 ^ clkbuf_leaf_313_clk/A (sky130_fd_sc_hd__clkbuf_16)
    10    0.04    0.06    0.18    1.05 ^ clkbuf_leaf_313_clk/X (sky130_fd_sc_hd__clkbuf_16)
                                         clknet_leaf_313_clk (net)
                  0.06    0.00    1.05 ^ load_q[1472]$_DFFE_PN0P_/CLK (sky130_fd_sc_hd__dfrtp_1)
     2    0.01    0.08    0.35    1.40 ^ load_q[1472]$_DFFE_PN0P_/Q (sky130_fd_sc_hd__dfrtp_1)
                                         load_q[1472] (net)
                  0.08    0.00    1.40 ^ _23620_/B2 (sky130_fd_sc_hd__a22oi_1)
     1    0.00    0.05    0.06    1.46 v _23620_/Y (sky130_fd_sc_hd__a22oi_1)
                                         _07672_ (net)
                  0.05    0.00    1.46 v _23621_/B1 (sky130_fd_sc_hd__o21ai_0)
     1    0.00    0.07    0.07    1.54 ^ _23621_/Y (sky130_fd_sc_hd__o21ai_0)
                                         _02066_ (net)
                  0.07    0.00    1.54 ^ u_core.state_out[1472]$_DFFE_PN0P_/D (sky130_fd_sc_hd__dfrtp_1)
                                  1.54   data arrival time

                          0.00    0.00   clock clk (rise edge)
                          0.00    0.00   clock source latency
     1    0.15    0.00    0.00    0.00 ^ clk (in)
                                         clk (net)
                  0.01    0.01    0.01 ^ clkbuf_0_clk/A (sky130_fd_sc_hd__clkbuf_16)
     4    0.21    0.22    0.25    0.25 ^ clkbuf_0_clk/X (sky130_fd_sc_hd__clkbuf_16)
                                         clknet_0_clk (net)
                  0.22    0.01    0.26 ^ clkbuf_2_2_0_clk/A (sky130_fd_sc_hd__clkbuf_16)
     8    0.21    0.22    0.32    0.58 ^ clkbuf_2_2_0_clk/X (sky130_fd_sc_hd__clkbuf_16)
                                         clknet_2_2_0_clk (net)
                  0.22    0.01    0.58 ^ clkbuf_5_16__f_clk/A (sky130_fd_sc_hd__clkbuf_16)
    15    0.22    0.23    0.32    0.91 ^ clkbuf_5_16__f_clk/X (sky130_fd_sc_hd__clkbuf_16)
                                         clknet_5_16__leaf_clk (net)
                  0.23    0.00    0.91 ^ clkbuf_leaf_312_clk/A (sky130_fd_sc_hd__clkbuf_16)
    10    0.04    0.06    0.20    1.11 ^ clkbuf_leaf_312_clk/X (sky130_fd_sc_hd__clkbuf_16)
                                         clknet_leaf_312_clk (net)
                  0.06    0.00    1.11 ^ u_core.state_out[1472]$_DFFE_PN0P_/CLK (sky130_fd_sc_hd__dfrtp_1)
                          0.25    1.36   clock uncertainty
                          0.00    1.36   clock reconvergence pessimism
                         -0.04    1.32   library hold time
                                  1.32   data required time
-----------------------------------------------------------------------------
                                  1.32   data required time
                                 -1.54   data arrival time
-----------------------------------------------------------------------------
                                  0.21   slack (MET)



==========================================================================
cts final report_checks -path_delay max
--------------------------------------------------------------------------
Startpoint: lane_idx[0] (input port clocked by clk)
Endpoint: lane_rdata[21] (output port clocked by clk)
Path Group: clk
Path Type: max

Fanout     Cap    Slew   Delay    Time   Description
-----------------------------------------------------------------------------
                          0.00    0.00   clock clk (rise edge)
                          0.00    0.00   clock network delay (propagated)
                          4.00    4.00 ^ input external delay
     1    0.01    0.00    0.00    4.00 ^ lane_idx[0] (in)
                                         lane_idx[0] (net)
                  0.00    0.00    4.00 ^ input1/A (sky130_fd_sc_hd__buf_8)
    40    0.28    0.44    0.33    4.33 ^ input1/X (sky130_fd_sc_hd__buf_8)
                                         net1 (net)
                  0.44    0.02    4.35 ^ place2042/A (sky130_fd_sc_hd__buf_4)
    29    0.27    0.74    0.65    5.00 ^ place2042/X (sky130_fd_sc_hd__buf_4)
                                         net2042 (net)
                  0.75    0.08    5.08 ^ place2038/A (sky130_fd_sc_hd__buf_4)
    38    0.34    0.91    0.81    5.89 ^ place2038/X (sky130_fd_sc_hd__buf_4)
                                         net2038 (net)
                  0.91    0.05    5.94 ^ place2037/A (sky130_fd_sc_hd__buf_4)
    39    0.32    0.85    0.80    6.74 ^ place2037/X (sky130_fd_sc_hd__buf_4)
                                         net2037 (net)
                  0.85    0.01    6.75 ^ _31709_/S0 (sky130_fd_sc_hd__mux4_2)
     1    0.00    0.07    0.36    7.11 ^ _31709_/X (sky130_fd_sc_hd__mux4_2)
                                         _14251_ (net)
                  0.07    0.00    7.11 ^ _31710_/A1 (sky130_fd_sc_hd__mux2i_1)
     1    0.00    0.15    0.08    7.19 v _31710_/Y (sky130_fd_sc_hd__mux2i_1)
                                         _14252_ (net)
                  0.15    0.00    7.19 v _31711_/B (sky130_fd_sc_hd__nor2_1)
     1    0.00    0.12    0.13    7.32 ^ _31711_/Y (sky130_fd_sc_hd__nor2_1)
                                         _14253_ (net)
                  0.12    0.00    7.32 ^ _31712_/B1 (sky130_fd_sc_hd__a21oi_1)
     1    0.00    0.12    0.05    7.37 v _31712_/Y (sky130_fd_sc_hd__a21oi_1)
                                         _14254_ (net)
                  0.12    0.00    7.37 v _31720_/A2 (sky130_fd_sc_hd__o21ai_0)
     1    0.03    0.98    0.79    8.16 ^ _31720_/Y (sky130_fd_sc_hd__o21ai_0)
                                         net89 (net)
                  0.98    0.00    8.17 ^ output89/A (sky130_fd_sc_hd__clkdlybuf4s50_1)
     1    0.02    0.22    0.77    8.93 ^ output89/X (sky130_fd_sc_hd__clkdlybuf4s50_1)
                                         lane_rdata[21] (net)
                  0.22    0.00    8.93 ^ lane_rdata[21] (out)
                                  8.93   data arrival time

                         20.00   20.00   clock clk (rise edge)
                          0.00   20.00   clock network delay (propagated)
                         -0.25   19.75   clock uncertainty
                          0.00   19.75   clock reconvergence pessimism
                         -4.00   15.75   output external delay
                                 15.75   data required time
-----------------------------------------------------------------------------
                                 15.75   data required time
                                 -8.93   data arrival time
-----------------------------------------------------------------------------
                                  6.82   slack (MET)



==========================================================================
cts final report_checks -unconstrained
--------------------------------------------------------------------------
Startpoint: lane_idx[0] (input port clocked by clk)
Endpoint: lane_rdata[21] (output port clocked by clk)
Path Group: clk
Path Type: max

Fanout     Cap    Slew   Delay    Time   Description
-----------------------------------------------------------------------------
                          0.00    0.00   clock clk (rise edge)
                          0.00    0.00   clock network delay (propagated)
                          4.00    4.00 ^ input external delay
     1    0.01    0.00    0.00    4.00 ^ lane_idx[0] (in)
                                         lane_idx[0] (net)
                  0.00    0.00    4.00 ^ input1/A (sky130_fd_sc_hd__buf_8)
    40    0.28    0.44    0.33    4.33 ^ input1/X (sky130_fd_sc_hd__buf_8)
                                         net1 (net)
                  0.44    0.02    4.35 ^ place2042/A (sky130_fd_sc_hd__buf_4)
    29    0.27    0.74    0.65    5.00 ^ place2042/X (sky130_fd_sc_hd__buf_4)
                                         net2042 (net)
                  0.75    0.08    5.08 ^ place2038/A (sky130_fd_sc_hd__buf_4)
    38    0.34    0.91    0.81    5.89 ^ place2038/X (sky130_fd_sc_hd__buf_4)
                                         net2038 (net)
                  0.91    0.05    5.94 ^ place2037/A (sky130_fd_sc_hd__buf_4)
    39    0.32    0.85    0.80    6.74 ^ place2037/X (sky130_fd_sc_hd__buf_4)
                                         net2037 (net)
                  0.85    0.01    6.75 ^ _31709_/S0 (sky130_fd_sc_hd__mux4_2)
     1    0.00    0.07    0.36    7.11 ^ _31709_/X (sky130_fd_sc_hd__mux4_2)
                                         _14251_ (net)
                  0.07    0.00    7.11 ^ _31710_/A1 (sky130_fd_sc_hd__mux2i_1)
     1    0.00    0.15    0.08    7.19 v _31710_/Y (sky130_fd_sc_hd__mux2i_1)
                                         _14252_ (net)
                  0.15    0.00    7.19 v _31711_/B (sky130_fd_sc_hd__nor2_1)
     1    0.00    0.12    0.13    7.32 ^ _31711_/Y (sky130_fd_sc_hd__nor2_1)
                                         _14253_ (net)
                  0.12    0.00    7.32 ^ _31712_/B1 (sky130_fd_sc_hd__a21oi_1)
     1    0.00    0.12    0.05    7.37 v _31712_/Y (sky130_fd_sc_hd__a21oi_1)
                                         _14254_ (net)
                  0.12    0.00    7.37 v _31720_/A2 (sky130_fd_sc_hd__o21ai_0)
     1    0.03    0.98    0.79    8.16 ^ _31720_/Y (sky130_fd_sc_hd__o21ai_0)
                                         net89 (net)
                  0.98    0.00    8.17 ^ output89/A (sky130_fd_sc_hd__clkdlybuf4s50_1)
     1    0.02    0.22    0.77    8.93 ^ output89/X (sky130_fd_sc_hd__clkdlybuf4s50_1)
                                         lane_rdata[21] (net)
                  0.22    0.00    8.93 ^ lane_rdata[21] (out)
                                  8.93   data arrival time

                         20.00   20.00   clock clk (rise edge)
                          0.00   20.00   clock network delay (propagated)
                         -0.25   19.75   clock uncertainty
                          0.00   19.75   clock reconvergence pessimism
                         -4.00   15.75   output external delay
                                 15.75   data required time
-----------------------------------------------------------------------------
                                 15.75   data required time
                                 -8.93   data arrival time
-----------------------------------------------------------------------------
                                  6.82   slack (MET)



==========================================================================
cts final report_check_types -max_slew -max_cap -max_fanout -violators
--------------------------------------------------------------------------

==========================================================================
cts final max_slew_check_slack
--------------------------------------------------------------------------
0.0741935446858406

==========================================================================
cts final max_slew_check_limit
--------------------------------------------------------------------------
1.4949300289154053

==========================================================================
cts final max_slew_check_slack_limit
--------------------------------------------------------------------------
0.0496

==========================================================================
cts final max_fanout_check_slack
--------------------------------------------------------------------------
1.0000000150474662e+30

==========================================================================
cts final max_fanout_check_limit
--------------------------------------------------------------------------
1.0000000150474662e+30

==========================================================================
cts final max_capacitance_check_slack
--------------------------------------------------------------------------
0.003146104048937559

==========================================================================
cts final max_capacitance_check_limit
--------------------------------------------------------------------------
0.0769139975309372

==========================================================================
cts final max_capacitance_check_slack_limit
--------------------------------------------------------------------------
0.0409

==========================================================================
cts final max_slew_violation_count
--------------------------------------------------------------------------
max slew violation count 0

==========================================================================
cts final max_fanout_violation_count
--------------------------------------------------------------------------
max fanout violation count 0

==========================================================================
cts final max_cap_violation_count
--------------------------------------------------------------------------
max cap violation count 0

==========================================================================
cts final setup_violation_count
--------------------------------------------------------------------------
setup violation count 0

==========================================================================
cts final hold_violation_count
--------------------------------------------------------------------------
hold violation count 0

==========================================================================
cts final report_checks -path_delay max reg to reg
--------------------------------------------------------------------------
Startpoint: u_core.g_serial_round.phase_q[6]$_DFF_PN0_
            (rising edge-triggered flip-flop clocked by clk)
Endpoint: u_core.state_out[615]$_DFFE_PN0P_
          (rising edge-triggered flip-flop clocked by clk)
Path Group: clk
Path Type: max

  Delay    Time   Description
---------------------------------------------------------
   0.00    0.00   clock clk (rise edge)
   0.00    0.00   clock source latency
   0.00    0.00 ^ clk (in)
   0.25    0.25 ^ clkbuf_0_clk/X (sky130_fd_sc_hd__clkbuf_16)
   0.32    0.58 ^ clkbuf_2_2_0_clk/X (sky130_fd_sc_hd__clkbuf_16)
   0.33    0.91 ^ clkbuf_5_16__f_clk/X (sky130_fd_sc_hd__clkbuf_16)
   0.21    1.11 ^ clkbuf_leaf_304_clk/X (sky130_fd_sc_hd__clkbuf_16)
   0.00    1.11 ^ u_core.g_serial_round.phase_q[6]$_DFF_PN0_/CLK (sky130_fd_sc_hd__dfrtp_4)
   0.67    1.79 ^ u_core.g_serial_round.phase_q[6]$_DFF_PN0_/Q (sky130_fd_sc_hd__dfrtp_4)
   0.59    2.38 ^ place1863/X (sky130_fd_sc_hd__buf_4)
   0.73    3.11 ^ place1862/X (sky130_fd_sc_hd__buf_4)
   0.71    3.82 ^ place1860/X (sky130_fd_sc_hd__buf_4)
   0.80    4.62 ^ place1857/X (sky130_fd_sc_hd__buf_4)
   0.83    5.45 ^ place1856/X (sky130_fd_sc_hd__buf_4)
   0.31    5.76 v _22333_/Y (sky130_fd_sc_hd__a222oi_1)
   0.16    5.93 ^ _22335_/Y (sky130_fd_sc_hd__nand2_1)
   0.06    5.99 v _22336_/Y (sky130_fd_sc_hd__a21oi_1)
   0.91    6.90 ^ _22337_/Y (sky130_fd_sc_hd__xnor2_1)
   0.27    7.17 v _29719_/Y (sky130_fd_sc_hd__a211oi_1)
   0.31    7.49 v _29720_/X (sky130_fd_sc_hd__a221o_1)
   0.00    7.49 v u_core.state_out[615]$_DFFE_PN0P_/D (sky130_fd_sc_hd__dfrtp_1)
           7.49   data arrival time

  20.00   20.00   clock clk (rise edge)
   0.00   20.00   clock source latency
   0.00   20.00 ^ clk (in)
   0.25   20.25 ^ clkbuf_0_clk/X (sky130_fd_sc_hd__clkbuf_16)
   0.32   20.58 ^ clkbuf_2_3_0_clk/X (sky130_fd_sc_hd__clkbuf_16)
   0.32   20.90 ^ clkbuf_5_27__f_clk/X (sky130_fd_sc_hd__clkbuf_16)
   0.20   21.10 ^ clkbuf_leaf_169_clk/X (sky130_fd_sc_hd__clkbuf_16)
   0.00   21.10 ^ u_core.state_out[615]$_DFFE_PN0P_/CLK (sky130_fd_sc_hd__dfrtp_1)
  -0.25   20.85   clock uncertainty
   0.00   20.85   clock reconvergence pessimism
  -0.11   20.74   library setup time
          20.74   data required time
---------------------------------------------------------
          20.74   data required time
          -7.49   data arrival time
---------------------------------------------------------
          13.25   slack (MET)



==========================================================================
cts final report_checks -path_delay min reg to reg
--------------------------------------------------------------------------
Startpoint: load_q[1472]$_DFFE_PN0P_
            (rising edge-triggered flip-flop clocked by clk)
Endpoint: u_core.state_out[1472]$_DFFE_PN0P_
          (rising edge-triggered flip-flop clocked by clk)
Path Group: clk
Path Type: min

  Delay    Time   Description
---------------------------------------------------------
   0.00    0.00   clock clk (rise edge)
   0.00    0.00   clock source latency
   0.00    0.00 ^ clk (in)
   0.25    0.25 ^ clkbuf_0_clk/X (sky130_fd_sc_hd__clkbuf_16)
   0.32    0.58 ^ clkbuf_2_2_0_clk/X (sky130_fd_sc_hd__clkbuf_16)
   0.29    0.87 ^ clkbuf_5_19__f_clk/X (sky130_fd_sc_hd__clkbuf_16)
   0.19    1.05 ^ clkbuf_leaf_313_clk/X (sky130_fd_sc_hd__clkbuf_16)
   0.00    1.05 ^ load_q[1472]$_DFFE_PN0P_/CLK (sky130_fd_sc_hd__dfrtp_1)
   0.35    1.40 ^ load_q[1472]$_DFFE_PN0P_/Q (sky130_fd_sc_hd__dfrtp_1)
   0.06    1.46 v _23620_/Y (sky130_fd_sc_hd__a22oi_1)
   0.07    1.54 ^ _23621_/Y (sky130_fd_sc_hd__o21ai_0)
   0.00    1.54 ^ u_core.state_out[1472]$_DFFE_PN0P_/D (sky130_fd_sc_hd__dfrtp_1)
           1.54   data arrival time

   0.00    0.00   clock clk (rise edge)
   0.00    0.00   clock source latency
   0.00    0.00 ^ clk (in)
   0.25    0.25 ^ clkbuf_0_clk/X (sky130_fd_sc_hd__clkbuf_16)
   0.32    0.58 ^ clkbuf_2_2_0_clk/X (sky130_fd_sc_hd__clkbuf_16)
   0.33    0.91 ^ clkbuf_5_16__f_clk/X (sky130_fd_sc_hd__clkbuf_16)
   0.20    1.11 ^ clkbuf_leaf_312_clk/X (sky130_fd_sc_hd__clkbuf_16)
   0.00    1.11 ^ u_core.state_out[1472]$_DFFE_PN0P_/CLK (sky130_fd_sc_hd__dfrtp_1)
   0.25    1.36   clock uncertainty
   0.00    1.36   clock reconvergence pessimism
  -0.04    1.32   library hold time
           1.32   data required time
---------------------------------------------------------
           1.32   data required time
          -1.54   data arrival time
---------------------------------------------------------
           0.21   slack (MET)



==========================================================================
cts final critical path target clock latency max path
--------------------------------------------------------------------------
1.0458

==========================================================================
cts final critical path target clock latency min path
--------------------------------------------------------------------------
1.1147

==========================================================================
cts final critical path source clock latency min path
--------------------------------------------------------------------------
0.0000

==========================================================================
cts final critical path delay
--------------------------------------------------------------------------
8.9322

==========================================================================
cts final critical path slack
--------------------------------------------------------------------------
6.8178

==========================================================================
cts final slack div critical path delay
--------------------------------------------------------------------------
76.328340

==========================================================================
cts final report_power
--------------------------------------------------------------------------
Group                  Internal  Switching    Leakage      Total
                          Power      Power      Power      Power (Watts)
----------------------------------------------------------------
Sequential             7.37e-03   6.40e-04   4.92e-08   8.01e-03  37.0%
Combinational          1.24e-03   4.20e-03   4.17e-08   5.44e-03  25.1%
Clock                  4.70e-03   3.49e-03   7.02e-09   8.19e-03  37.9%
Macro                  0.00e+00   0.00e+00   0.00e+00   0.00e+00   0.0%
Pad                    0.00e+00   0.00e+00   0.00e+00   0.00e+00   0.0%
----------------------------------------------------------------
Total                  1.33e-02   8.33e-03   9.79e-08   2.16e-02 100.0%
                          61.5%      38.5%       0.0%
