violation type: Short
	srcs: net:net1867 net:_07220_
	bbox = (538.8550, 369.0000) - (538.9950, 369.1400) on Layer met1
violation type: Short
	srcs: net:net1897 net:load_q\[754\]
	bbox = (548.0250, 387.7000) - (548.1650, 387.8300) on Layer met1
violation type: Short
	srcs: net:net1897 net:load_q\[754\]
	bbox = (548.0250, 387.7000) - (548.1650, 387.8400) on Layer met1
violation type: Short
	srcs: net:load_q\[754\] net:VSS
	bbox = (548.0250, 388.7200) - (548.1650, 389.2000) on Layer met1
violation type: Short
	srcs: net:net1970 net:load_q\[754\]
	bbox = (548.0250, 389.4000) - (548.1650, 389.5400) on Layer met1
violation type: Short
	srcs: net:_07223_ net:state_out\[242\]
	bbox = (548.0700, 379.2000) - (548.3600, 379.3400) on Layer met1
violation type: Short
	srcs: net:_07223_ net:state_out\[242\]
	bbox = (548.0700, 379.2100) - (548.3600, 379.3400) on Layer met1
violation type: Short
	srcs: net:_07223_ net:state_out\[242\]
	bbox = (548.1700, 379.2000) - (548.3100, 379.3400) on Layer met1
violation type: Short
	srcs: net:_07223_ net:state_out\[242\]
	bbox = (548.1700, 379.2100) - (548.3100, 379.3400) on Layer met1
violation type: Short
	srcs: net:net1559 net:state_out\[498\]
	bbox = (550.0050, 395.4750) - (550.0250, 395.7050) on Layer met1
violation type: Short
	srcs: net:net1970 net:net1559
	bbox = (550.9300, 389.7400) - (551.0700, 389.8800) on Layer met1
violation type: Short
	srcs: net:net1970 net:net1559
	bbox = (550.9300, 389.7400) - (551.3800, 389.8800) on Layer met1
violation type: Short
	srcs: net:net1970 net:net1559
	bbox = (551.2400, 389.7400) - (551.3800, 389.8800) on Layer met1
violation type: Short
	srcs: net:state_out\[1266\] net:state_out\[1586\]
	bbox = (554.0000, 363.2200) - (554.1400, 363.3600) on Layer met1
violation type: Short
	srcs: net:state_out\[1266\] net:state_out\[1586\]
	bbox = (554.0550, 363.2200) - (554.1400, 363.3600) on Layer met1
violation type: Short
	srcs: net:state_out\[1084\] net:state_out\[1404\]
	bbox = (563.7850, 104.8450) - (564.0750, 104.9850) on Layer met1
violation type: Short
	srcs: net:state_out\[1084\] net:state_out\[1404\]
	bbox = (563.7850, 104.8500) - (564.2600, 104.9850) on Layer met1
violation type: Short
	srcs: net:state_out\[1084\] net:state_out\[1404\]
	bbox = (563.7850, 104.9300) - (564.0750, 104.9850) on Layer met1
violation type: Short
	srcs: net:state_out\[1084\] net:state_out\[1404\]
	bbox = (563.7850, 104.9300) - (564.2600, 104.9850) on Layer met1
violation type: Short
	srcs: net:state_out\[1084\] net:state_out\[1404\]
	bbox = (564.1200, 104.8500) - (564.2600, 104.9850) on Layer met1
violation type: Short
	srcs: net:state_out\[1084\] net:state_out\[1404\]
	bbox = (564.1200, 104.9300) - (564.2600, 104.9850) on Layer met1
violation type: Short
	srcs: net:net1871 net:state_out\[1404\]
	bbox = (564.1500, 104.8450) - (564.2900, 104.9050) on Layer met1
violation type: Short
	srcs: net:net1871 net:state_out\[1084\]
	bbox = (564.1500, 104.8500) - (564.2600, 104.9050) on Layer met1
violation type: Short
	srcs: net:state_out\[1084\] net:state_out\[1404\]
	bbox = (564.1500, 104.8500) - (564.2600, 104.9900) on Layer met1
violation type: Short
	srcs: net:state_out\[1084\] net:state_out\[1404\]
	bbox = (564.1500, 104.8500) - (564.2600, 105.0700) on Layer met1
violation type: Short
	srcs: net:state_out\[1084\] net:state_out\[1404\]
	bbox = (564.1500, 104.9300) - (564.2600, 104.9900) on Layer met1
violation type: Short
	srcs: net:state_out\[1084\] net:state_out\[1404\]
	bbox = (564.1500, 104.9300) - (564.2600, 105.0700) on Layer met1
violation type: Short
	srcs: net:net1871 net:state_out\[1404\]
	bbox = (564.1950, 104.8450) - (564.2900, 104.9500) on Layer met1
violation type: Short
	srcs: net:net1871 net:state_out\[1084\]
	bbox = (564.1950, 104.8500) - (564.2600, 104.9500) on Layer met1
violation type: Short
	srcs: net:net1871 net:state_out\[1404\]
	bbox = (564.1950, 104.9300) - (564.2900, 104.9500) on Layer met1
violation type: Short
	srcs: net:net1871 net:state_out\[1404\]
	bbox = (564.1950, 104.9300) - (564.4100, 104.9500) on Layer met1
violation type: Short
	srcs: net:net1871 net:state_out\[1404\]
	bbox = (564.2700, 104.8450) - (564.2900, 104.9050) on Layer met1
violation type: Short
	srcs: net:net1871 net:state_out\[1404\]
	bbox = (564.2700, 104.8450) - (564.2900, 104.9500) on Layer met1
violation type: Short
	srcs: net:net1871 net:state_out\[1404\]
	bbox = (564.2700, 104.9300) - (564.2900, 104.9500) on Layer met1
violation type: Short
	srcs: net:net1871 net:state_out\[1404\]
	bbox = (564.2700, 104.9300) - (564.4100, 104.9500) on Layer met1
violation type: Short
	srcs: net:net1203 net:_15707_
	bbox = (601.2900, 115.7000) - (601.4300, 115.8400) on Layer met1
violation type: Short
	srcs: net:net1867 net:_08327_
	bbox = (548.1300, 392.4600) - (548.1600, 392.6000) on Layer met2
violation type: Short
	srcs: net:net1867 net:_08327_
	bbox = (548.1300, 392.4600) - (548.2300, 392.6000) on Layer met2
violation type: Short
	srcs: net:net1867 net:_08327_
	bbox = (548.1300, 392.4600) - (548.2700, 392.6000) on Layer met2
violation type: Short
	srcs: net:_15658_ net:state_out\[626\]
	bbox = (559.9800, 365.2600) - (560.1200, 365.4000) on Layer met2
violation type: Short
	srcs: net:state_out\[626\] net:state_out\[818\]
	bbox = (560.9000, 365.9400) - (561.0400, 366.0800) on Layer met2
violation type: Metal Spacing
	srcs: net:net1925
	bbox = (540.2000, 365.7400) - (540.4400, 365.8450) on Layer met1
violation type: Metal Spacing
	srcs: net:state_out\[242\]
	bbox = (547.7250, 379.2000) - (547.7950, 379.3400) on Layer met1
violation type: Metal Spacing
	srcs: net:state_out\[242\]
	bbox = (547.7250, 379.2000) - (547.7950, 379.3500) on Layer met1
violation type: Metal Spacing
	srcs: net:_07223_ net:state_out\[242\]
	bbox = (547.9350, 379.2000) - (548.0700, 379.3500) on Layer met1
violation type: Metal Spacing
	srcs: net:_07223_ net:state_out\[242\]
	bbox = (547.9350, 379.2100) - (548.0700, 379.3500) on Layer met1
violation type: Metal Spacing
	srcs: net:net1880 net:state_out\[1074\]
	bbox = (549.2850, 362.8100) - (549.4000, 362.9150) on Layer met1
violation type: Metal Spacing
	srcs: net:net1871 net:state_out\[1084\]
	bbox = (564.0750, 104.8000) - (564.1500, 104.9050) on Layer met1
violation type: Metal Spacing
	srcs: net:net1871 net:state_out\[1084\]
	bbox = (564.0750, 104.8000) - (564.1950, 104.9500) on Layer met1
violation type: Metal Spacing
	srcs: net:state_out\[1084\] net:state_out\[1404\]
	bbox = (564.0750, 104.8450) - (564.1500, 105.0300) on Layer met1
violation type: Metal Spacing
	srcs: net:state_out\[1084\]
	bbox = (564.0750, 104.8500) - (564.1200, 105.0300) on Layer met1
violation type: Metal Spacing
	srcs: net:state_out\[1084\] net:state_out\[1404\]
	bbox = (564.0750, 104.9300) - (564.1500, 105.0300) on Layer met1
violation type: Metal Spacing
	srcs: net:net1871 net:state_out\[1404\]
	bbox = (564.1500, 104.9050) - (564.4100, 104.9300) on Layer met1
violation type: Metal Spacing
	srcs: net:state_out\[1084\] net:state_out\[1404\]
	bbox = (564.2600, 104.8500) - (564.2700, 105.3000) on Layer met1
violation type: Metal Spacing
	srcs: net:state_out\[1084\] net:state_out\[1404\]
	bbox = (564.2600, 104.9300) - (564.2700, 105.3000) on Layer met1
violation type: Metal Spacing
	srcs: net:state_out\[1084\] net:state_out\[1404\]
	bbox = (564.2600, 105.1600) - (564.2700, 105.3000) on Layer met1
violation type: Metal Spacing
	srcs: net:net1924
	bbox = (565.2700, 107.5300) - (565.4000, 107.6800) on Layer met1
violation type: Metal Spacing
	srcs: net:net1924
	bbox = (565.2700, 107.5400) - (565.4000, 107.6800) on Layer met1
violation type: Metal Spacing
	srcs: net:state_out\[508\]
	bbox = (577.1550, 123.3200) - (577.3800, 123.3700) on Layer met1
violation type: Metal Spacing
	srcs: net:net1866
	bbox = (586.5700, 107.0600) - (586.8450, 107.1550) on Layer met1
violation type: Metal Spacing
	srcs: net:net1866
	bbox = (586.8450, 107.1550) - (586.8900, 107.3400) on Layer met1
violation type: Metal Spacing
	srcs: net:net1897 net:VDD
	bbox = (544.9500, 391.4100) - (545.0300, 391.4950) on Layer met2
violation type: Metal Spacing
	srcs: net:clknet_leaf_219_clk net:net1559
	bbox = (550.2600, 393.2800) - (550.4600, 393.3900) on Layer met2
violation type: Metal Spacing
	srcs: net:clknet_leaf_219_clk net:net1559
	bbox = (550.3200, 393.2800) - (550.3700, 393.3900) on Layer met2
violation type: Metal Spacing
	srcs: net:clknet_leaf_219_clk net:net1559
	bbox = (550.3200, 393.2800) - (550.4600, 393.3900) on Layer met2
violation type: Metal Spacing
	srcs: net:state_out\[1394\]
	bbox = (555.1400, 363.9900) - (555.2850, 364.3050) on Layer met3
