OpenROAD f552262465b0bfef8f097e258f94bc501d01e19d 
Features included (+) or not (-): +GPU +GUI +Python
This program is licensed under the BSD-3 license. See the LICENSE file for details.
Components of this program may be licensed under more restrictive licenses which must be honored.
[INFO ORD-0030] Using 12 thread(s).
read_liberty /opt/eda/orfs-6101364b/flow/platforms/sky130hd/lib/sky130_fd_sc_hd__tt_025C_1v80.lib
read_db /root/cac_runs/ntt_dp_30ns/results/sky130hd/cac_ntt_dp_30ns/base/2_floorplan.odb
read_sdc /root/cac_runs/ntt_dp_30ns/results/sky130hd/cac_ntt_dp_30ns/base/2_floorplan.sdc
source /opt/eda/orfs-6101364b/flow/platforms/sky130hd/setRC.tcl
[INFO GPL-0022] Initialize gpl and calculate uniform density.
Placement density is 0.6339999771118164, computed from PLACE_DENSITY_LB_ADDON  0.20 and lower bound 0.5299999713897705
global_placement -skip_io -density 0.6339999771118164 -pad_left 0 -pad_right 0
[INFO GPL-0001] ---- Initialize GPL Main Data Structures
[INFO GPL-0002] DBU: 1000
[INFO GPL-0003] SiteSize: (  0.460  2.720 ) um
[INFO GPL-0004] CoreBBox: (  1.380  2.720 ) ( 756.700 756.160 ) um
[INFO GPL-0016] Core area:                  569088.301 um^2
[INFO GPL-0036] Movable instances area:     257027.760 um^2
[INFO GPL-0037] Total instances area:       266453.050 um^2
[INFO GPL-0035] Pin density area adjust:     36066.330 um^2
[INFO GPL-0032] ---- Initialize Region: Top-level
[INFO GPL-0006] Number of instances:             38293
[INFO GPL-0007] Movable instances:               30760
[INFO GPL-0008] Fixed instances:                  7533
[INFO GPL-0009] Dummy instances:                     0
[INFO GPL-0010] Number of nets:                  31475
[INFO GPL-0011] Number of pins:                 111226
[INFO GPL-0012] Die BBox:       (  0.000  0.000 ) ( 757.760 757.760 ) um
[INFO GPL-0013] Placement BBox: (  1.380  2.720 ) ( 756.700 756.160 ) um
[INFO GPL-0014] Region name: top-level.
[INFO GPL-0015] Region area:                569088.301 um^2
[INFO GPL-0017] Fixed instances area:         9425.290 um^2
[INFO GPL-0018] Movable instances area:     293094.090 um^2
[INFO GPL-0019] Utilization:                    52.370 %
[INFO GPL-0020] Standard cells area:        293094.090 um^2
[INFO GPL-0021] Large instances area:            0.000 um^2
[INFO GPL-0005] ---- Execute Conjugate Gradient Initial Placement.
[INFO GPL-0051] Source of initial instance position counters:
	Odb location = 0	Core center = 30760	Region center = 0
[INFO GPL-0033] ---- Initialize Nesterov Region: Top-level
[INFO GPL-0023] Placement target density:       0.6340
[INFO GPL-0024] Movable insts average area:      9.528 um^2
[INFO GPL-0025] Ideal bin area:                 15.029 um^2
[INFO GPL-0026] Ideal bin count:                 37865
[INFO GPL-0027] Total bin area:             569088.301 um^2
[INFO GPL-0028] Bin count (X, Y):         128 ,    128
[INFO GPL-0029] Bin size (W * H):       5.901 *  5.886 um
[INFO GPL-0030] Number of bins:                  16384
[INFO GPL-0084] ---- Execute Nesterov Global Placement.
[INFO GPL-0031] HPWL: Half-Perimeter Wirelength
Iteration | Overflow |     HPWL (um) |  HPWL(%) |   Penalty | Group
---------------------------------------------------------------
        0 |   0.9996 |  6.481927e+04 |   +0.00% |  1.00e-15 |      
       10 |   0.9993 |  3.442825e+04 |  -46.89% |  1.63e-15 |      
       20 |   0.9993 |  3.258240e+04 |   -5.36% |  2.66e-15 |      
       30 |   0.9993 |  3.314414e+04 |   +1.72% |  4.33e-15 |      
       40 |   0.9993 |  3.285218e+04 |   -0.88% |  7.06e-15 |      
       50 |   0.9993 |  3.281596e+04 |   -0.11% |  1.15e-14 |      
       60 |   0.9993 |  3.278247e+04 |   -0.10% |  1.87e-14 |      
       70 |   0.9993 |  3.266149e+04 |   -0.37% |  3.05e-14 |      
       80 |   0.9992 |  3.262751e+04 |   -0.10% |  4.97e-14 |      
       90 |   0.9991 |  3.282329e+04 |   +0.60% |  8.09e-14 |      
      100 |   0.9990 |  3.382990e+04 |   +3.07% |  1.32e-13 |      
      110 |   0.9986 |  3.663493e+04 |   +8.29% |  2.15e-13 |      
      120 |   0.9982 |  4.268708e+04 |  +16.52% |  3.49e-13 |      
      130 |   0.9971 |  5.763356e+04 |  +35.01% |  5.68e-13 |      
      140 |   0.9950 |  1.015786e+05 |  +76.25% |  9.21e-13 |      
      150 |   0.9915 |  1.622867e+05 |  +59.76% |  1.49e-12 |      
      160 |   0.9885 |  1.967309e+05 |  +21.22% |  2.42e-12 |      
      170 |   0.9853 |  2.386322e+05 |  +21.30% |  3.92e-12 |      
      180 |   0.9792 |  3.016054e+05 |  +26.39% |  6.35e-12 |      
      190 |   0.9701 |  3.728641e+05 |  +23.63% |  1.03e-11 |      
      200 |   0.9577 |  4.553317e+05 |  +22.12% |  1.66e-11 |      
      210 |   0.9400 |  5.503332e+05 |  +20.86% |  2.67e-11 |      
      220 |   0.9188 |  6.507858e+05 |  +18.25% |  4.30e-11 |      
      230 |   0.8943 |  7.645224e+05 |  +17.48% |  6.92e-11 |      
      240 |   0.8644 |  8.855205e+05 |  +15.83% |  1.11e-10 |      
      250 |   0.8296 |  1.002011e+06 |  +13.15% |  1.79e-10 |      
      260 |   0.7892 |  1.126951e+06 |  +12.47% |  2.88e-10 |      
      270 |   0.7455 |  1.246970e+06 |  +10.65% |  4.62e-10 |      
      280 |   0.6949 |  1.367404e+06 |   +9.66% |  7.43e-10 |      
      290 |   0.6353 |  1.490500e+06 |   +9.00% |  1.19e-09 |      
      300 |   0.5672 |  1.633576e+06 |   +9.60% |  1.92e-09 |      
      310 |   0.5145 |  1.785803e+06 |   +9.32% |  3.07e-09 |      
      320 |   0.4674 |  1.853430e+06 |   +3.79% |  4.96e-09 |      
      330 |   0.4155 |  1.881066e+06 |   +1.49% |  8.05e-09 |      
      340 |   0.3676 |  1.928876e+06 |   +2.54% |  1.30e-08 |      
      350 |   0.3273 |  1.942307e+06 |   +0.70% |  2.04e-08 |      
      360 |   0.2932 |  1.948641e+06 |   +0.33% |  3.00e-08 |      
      370 |   0.2604 |  1.956415e+06 |   +0.40% |  4.42e-08 |      
      380 |   0.2291 |  1.959670e+06 |   +0.17% |  6.50e-08 |      
      390 |   0.2004 |  1.961380e+06 |   +0.09% |  9.58e-08 |      
      400 |   0.1733 |  1.963565e+06 |   +0.11% |  1.41e-07 |      
      410 |   0.1509 |  1.964875e+06 |   +0.07% |  2.08e-07 |      
      420 |   0.1295 |  1.965530e+06 |   +0.03% |  3.06e-07 |      
      430 |   0.1097 |  1.966508e+06 |   +0.05% |  4.51e-07 |      
      436 |   0.0996 |  1.966941e+06 |          |  5.91e-07 |      
---------------------------------------------------------------
[INFO GPL-1001] Global placement finished at iteration 436
[INFO GPL-1002] Placed Cell Area            293094.0896
[INFO GPL-1003] Available Free Area         559663.0112
[INFO GPL-1004] Minimum Feasible Density        0.5300 (cell_area / free_area)
[INFO GPL-1006]   Suggested Target Densities:
[INFO GPL-1007]     - For 90% usage of free space: 0.5819
[INFO GPL-1008]     - For 80% usage of free space: 0.6546
[INFO GPL-1014] Final placement area: 293094.09 (+0.00%)
Took 7 seconds: global_placement -skip_io -density 0.6339999771118164 -pad_left 0 -pad_right 0
Design area 266453 um^2 47% utilization.
write_db /root/cac_runs/ntt_dp_30ns/results/sky130hd/cac_ntt_dp_30ns/base/3_1_place_gp_skip_io.odb
Elapsed time: 0:08.09[h:]min:sec. CPU time: user 86.46 sys 0.16 (1071%). Peak memory: 234780KB.
Log                       Ext     Elapsed/s Peak Memory/MB sha1sum result [0:20)
3_1_place_gp_skip_io      .odb            8            229 01f718cd8698bd0e02ac
