OpenROAD f552262465b0bfef8f097e258f94bc501d01e19d 
Features included (+) or not (-): +GPU +GUI +Python
This program is licensed under the BSD-3 license. See the LICENSE file for details.
Components of this program may be licensed under more restrictive licenses which must be honored.
[INFO ORD-0030] Using 12 thread(s).
read_liberty /opt/eda/orfs-6101364b/flow/platforms/sky130hd/lib/sky130_fd_sc_hd__tt_025C_1v80.lib
read_db /root/cac_runs/ntt_dp_30ns/results/sky130hd/cac_ntt_dp_30ns/base/3_2_place_iop.odb
read_sdc /root/cac_runs/ntt_dp_30ns/results/sky130hd/cac_ntt_dp_30ns/base/2_floorplan.sdc
source /opt/eda/orfs-6101364b/flow/platforms/sky130hd/setRC.tcl
[INFO RSZ-0026] Removed 3461 buffers.
Perform port buffering...
[INFO RSZ-0027] Inserted 36 sky130_fd_sc_hd__clkdlybuf4s50_1 input buffers.
[INFO RSZ-0028] Inserted 18 sky130_fd_sc_hd__clkdlybuf4s50_1 output buffers.
[INFO GPL-0022] Initialize gpl and calculate uniform density.
Placement density is 0.6179999923706054, computed from PLACE_DENSITY_LB_ADDON  0.20 and lower bound 0.5099999904632568
global_placement -density 0.6179999923706054 -pad_left 0 -pad_right 0 -routability_driven -timing_driven -force_center_initial_place -min_phi_coef 0.95 -max_phi_coef 1.05
[INFO GPL-0001] ---- Initialize GPL Main Data Structures
[INFO GPL-0002] DBU: 1000
[INFO GPL-0003] SiteSize: (  0.460  2.720 ) um
[INFO GPL-0004] CoreBBox: (  1.380  2.720 ) ( 756.700 756.160 ) um
[INFO GPL-0016] Core area:                  569088.301 um^2
[INFO GPL-0036] Movable instances area:     244527.021 um^2
[INFO GPL-0037] Total instances area:       253952.310 um^2
[INFO GPL-0035] Pin density area adjust:     36127.348 um^2
[INFO GPL-0032] ---- Initialize Region: Top-level
[INFO GPL-0006] Number of instances:             34886
[INFO GPL-0007] Movable instances:               27353
[INFO GPL-0008] Fixed instances:                  7533
[INFO GPL-0009] Dummy instances:                     0
[INFO GPL-0010] Number of nets:                  28068
[INFO GPL-0011] Number of pins:                 104467
[INFO GPL-0012] Die BBox:       (  0.000  0.000 ) ( 757.760 757.760 ) um
[INFO GPL-0013] Placement BBox: (  1.380  2.720 ) ( 756.700 756.160 ) um
[INFO GPL-0014] Region name: top-level.
[INFO GPL-0015] Region area:                569088.301 um^2
[INFO GPL-0017] Fixed instances area:         9425.290 um^2
[INFO GPL-0018] Movable instances area:     280654.369 um^2
[INFO GPL-0019] Utilization:                    50.147 %
[INFO GPL-0020] Standard cells area:        280654.369 um^2
[INFO GPL-0021] Large instances area:            0.000 um^2
[INFO GPL-0005] ---- Execute Conjugate Gradient Initial Placement.
[INFO GPL-0051] Source of initial instance position counters:
	Odb location = 0	Core center = 27353	Region center = 0
[InitialPlace]  Iter: 1 conjugate gradient residual: 0.00184790 HPWL: 1066426975
[InitialPlace]  Iter: 2 conjugate gradient residual: 0.00139813 HPWL: 264496245
[InitialPlace]  Iter: 3 conjugate gradient residual: 0.00188483 HPWL: 265204974
[InitialPlace]  Iter: 4 conjugate gradient residual: 0.00115504 HPWL: 264391494
[InitialPlace]  Iter: 5 conjugate gradient residual: 0.00122580 HPWL: 264076283
[InitialPlace]  Iter: 6 conjugate gradient residual: 0.00177947 HPWL: 263559654
[InitialPlace]  Iter: 7 conjugate gradient residual: 0.00122122 HPWL: 262366808
[InitialPlace]  Iter: 8 conjugate gradient residual: 0.00050311 HPWL: 261508551
[InitialPlace]  Iter: 9 conjugate gradient residual: 0.00049450 HPWL: 260847659
[InitialPlace]  Iter: 10 conjugate gradient residual: 0.00039757 HPWL: 259890329
[InitialPlace]  Iter: 11 conjugate gradient residual: 0.00048776 HPWL: 259334572
[InitialPlace]  Iter: 12 conjugate gradient residual: 0.00039506 HPWL: 258603476
[InitialPlace]  Iter: 13 conjugate gradient residual: 0.00052717 HPWL: 258395999
[InitialPlace]  Iter: 14 conjugate gradient residual: 0.00057866 HPWL: 257714521
[InitialPlace]  Iter: 15 conjugate gradient residual: 0.00042820 HPWL: 257845719
[InitialPlace]  Iter: 16 conjugate gradient residual: 0.00022113 HPWL: 257171335
[InitialPlace]  Iter: 17 conjugate gradient residual: 0.00036227 HPWL: 256941588
[InitialPlace]  Iter: 18 conjugate gradient residual: 0.00015974 HPWL: 256305931
[InitialPlace]  Iter: 19 conjugate gradient residual: 0.00041314 HPWL: 256262107
[InitialPlace]  Iter: 20 conjugate gradient residual: 0.00013478 HPWL: 255295181
[INFO GPL-0033] ---- Initialize Nesterov Region: Top-level
[INFO GPL-0023] Placement target density:       0.6180
[INFO GPL-0024] Movable insts average area:     10.260 um^2
[INFO GPL-0025] Ideal bin area:                 16.603 um^2
[INFO GPL-0026] Ideal bin count:                 34276
[INFO GPL-0027] Total bin area:             569088.301 um^2
[INFO GPL-0028] Bin count (X, Y):         128 ,    128
[INFO GPL-0029] Bin size (W * H):       5.901 *  5.886 um
[INFO GPL-0030] Number of bins:                  16384
[INFO GPL-0084] ---- Execute Nesterov Global Placement.
[INFO GPL-0031] HPWL: Half-Perimeter Wirelength
Iteration | Overflow |     HPWL (um) |  HPWL(%) |   Penalty | Group
---------------------------------------------------------------
        0 |   0.9956 |  3.785822e+04 |   +0.00% |  6.76e-17 |      
       10 |   0.9909 |  4.551096e+04 |  +20.21% |  1.10e-16 |      
       20 |   0.9893 |  4.741632e+04 |   +4.19% |  1.79e-16 |      
       30 |   0.9885 |  4.864981e+04 |   +2.60% |  2.92e-16 |      
       40 |   0.9878 |  4.963986e+04 |   +2.04% |  4.75e-16 |      
       50 |   0.9875 |  5.041692e+04 |   +1.57% |  7.74e-16 |      
       60 |   0.9873 |  5.086135e+04 |   +0.88% |  1.26e-15 |      
       70 |   0.9872 |  5.093002e+04 |   +0.14% |  2.05e-15 |      
       80 |   0.9874 |  5.071579e+04 |   -0.42% |  3.34e-15 |      
       90 |   0.9874 |  5.031247e+04 |   -0.80% |  5.45e-15 |      
      100 |   0.9876 |  4.991997e+04 |   -0.78% |  8.87e-15 |      
      110 |   0.9878 |  4.968025e+04 |   -0.48% |  1.44e-14 |      
      120 |   0.9877 |  4.967421e+04 |   -0.01% |  2.35e-14 |      
      130 |   0.9877 |  4.996300e+04 |   +0.58% |  3.83e-14 |      
      140 |   0.9876 |  5.065807e+04 |   +1.39% |  6.24e-14 |      
      150 |   0.9876 |  5.196531e+04 |   +2.58% |  1.02e-13 |      
      160 |   0.9874 |  5.458752e+04 |   +5.05% |  1.66e-13 |      
      170 |   0.9867 |  6.061055e+04 |  +11.03% |  2.70e-13 |      
      180 |   0.9854 |  7.344826e+04 |  +21.18% |  4.39e-13 |      
      190 |   0.9829 |  9.063924e+04 |  +23.41% |  7.13e-13 |      
      200 |   0.9784 |  1.075122e+05 |  +18.62% |  1.16e-12 |      
      210 |   0.9720 |  1.220545e+05 |  +13.53% |  1.89e-12 |      
      220 |   0.9640 |  1.386016e+05 |  +13.56% |  3.07e-12 |      
      230 |   0.9533 |  1.643895e+05 |  +18.61% |  4.98e-12 |      
      240 |   0.9365 |  2.001156e+05 |  +21.73% |  8.08e-12 |      
      250 |   0.9155 |  2.364484e+05 |  +18.16% |  1.31e-11 |      
      260 |   0.8938 |  2.726208e+05 |  +15.30% |  2.13e-11 |      
      270 |   0.8672 |  3.115013e+05 |  +14.26% |  3.45e-11 |      
      280 |   0.8346 |  3.578883e+05 |  +14.89% |  5.59e-11 |      
      290 |   0.7959 |  4.033136e+05 |  +12.69% |  9.06e-11 |      
      300 |   0.7627 |  4.379549e+05 |   +8.59% |  1.47e-10 |      
      310 |   0.7263 |  4.833696e+05 |  +10.37% |  2.38e-10 |      
      320 |   0.6876 |  5.246156e+05 |   +8.53% |  3.87e-10 |      
      330 |   0.6545 |  5.324501e+05 |   +1.49% |  6.28e-10 |      
[INFO GPL-0100] Timing-driven iteration 1/2, virtual: false.
[INFO GPL-0101]    Iter: 337, overflow: 0.632, keep resizer changes at: 1, HPWL: 523469080
Iteration |   Area    | Resized | Buffers | Nets repaired | Remaining
---------------------------------------------------------------------
        0 |     +0.0% |       0 |       0 |             0 |     28068
    final |     +7.0% |     665 |     906 |           658 |         0
---------------------------------------------------------------------
[INFO RSZ-0034] Found 665 slew violations.
[INFO RSZ-0036] Found 77 capacitance violations.
[INFO RSZ-0039] Resized 665 instances.
[INFO RSZ-0038] Inserted 906 buffers in 658 nets.
   Iter   |    Area   | Removed | Inserted |   Pins
          |           | Buffers | Buffers  | Remaining
-------------------------------------------------------
        0 |     +0.0% |       0 |        0 |     28031
     2800 |     +0.0% |       0 |        1 |     25231
     5600 |     +0.0% |       1 |        2 |     22431
     8400 |     -0.3% |     114 |        7 |     19631
    11200 |     -1.0% |     309 |       23 |     16831
    14000 |     -1.0% |     324 |       63 |     14031
    16800 |     -1.1% |     342 |       79 |     11231
    19600 |     -1.5% |     440 |      132 |      8431
    22400 |     -1.5% |     448 |      148 |      5631
    25200 |     -4.5% |     905 |      471 |      2831
    28000 |     -4.5% |     905 |      471 |        31
    final |     -4.5% |     906 |      472 |         0
-------------------------------------------------------
[INFO GPL-0106] Timing-driven: worst slack 3.64411e-09
[INFO GPL-0107] Timing-driven: repair_design delta area: 4391.814 um^2 (+1.56%)
[INFO GPL-0108] Timing-driven: repair_design, gpl delta gcells: 472 (+1.73%)
[INFO GPL-0109] Timing-driven: repair_design, gcells created: 1378, deleted: 906
[INFO GPL-0110] Timing-driven: new target density: 0.6258473
Iteration | Overflow |     HPWL (um) |  HPWL(%) |   Penalty | Group
---------------------------------------------------------------
      340 |   0.6116 |  6.554826e+05 |  +23.11% |  1.01e-09 |      
[INFO GPL-0038] Routability snapshot saved at iter = 346
      345 |   0.5994 |  6.666862e+05 |          |           |      
      350 |   0.5911 |  6.773516e+05 |   +3.34% |  1.64e-09 |      
      360 |   0.5585 |  6.981006e+05 |   +3.06% |  2.66e-09 |      
      370 |   0.5035 |  6.996384e+05 |   +0.22% |  4.34e-09 |      
      380 |   0.4435 |  6.964787e+05 |   -0.45% |  7.06e-09 |      
      390 |   0.3952 |  7.015736e+05 |   +0.73% |  1.15e-08 |      
      400 |   0.3473 |  7.102531e+05 |   +1.24% |  1.87e-08 |      
      410 |   0.3001 |  7.159285e+05 |   +0.80% |  2.78e-08 |      
[INFO GPL-0040] Routability iteration: 1
[WARNING GRT-0281] Net clk has a large fanout of 4278 terminals.
[INFO GPL-0041] Total routing overflow: 43.8697
[INFO GPL-0042] Number of overflowed tiles: 294 (2.47%)
[INFO GPL-0043] Average top 0.5% routing congestion: 1.4510
[INFO GPL-0044] Average top 1.0% routing congestion: 1.3023
[INFO GPL-0045] Average top 2.0% routing congestion: 1.1817
[INFO GPL-0046] Average top 5.0% routing congestion: 1.0548
[INFO GPL-0047] Routability iteration weighted routing congestion: 1.3767
[INFO GPL-0048] Routing congestion (1.3767) lower than previous minimum (1e+30). Updating minimum.
[INFO GPL-0086] Inflated area:               11152.297 um^2 (+3.91%)
[INFO GPL-0052] Placement target density:       0.6258
[INFO GPL-0076] Removing fillers, count: Before: 6452, After: 5349 (-17.10%)
[INFO GPL-0077] Filler area (um^2)     : Before: 65217.376, After: 54067.852 (-17.10%)
[INFO GPL-0078] Removed fillers count: 1103, area removed: 11149.157 um^2. Remaining area to be compensated by modifying density: 3.140 um^2
[INFO GPL-0058] White space area:           559663.011 um^2 (+0.00%)
[INFO GPL-0059] Movable instances area:     350263.575 um^2 (+0.00%)
[INFO GPL-0060] Total filler area:           54067.852 um^2 (-17.10%)
[INFO GPL-0061] Total non-inflated area:    350266.333 um^2 (+0.00%)
[INFO GPL-0062] Total inflated area:        361418.630 um^2 (+0.00%)
[INFO GPL-0063] New Target Density:             0.6258
[INFO GPL-0087] Routability end iteration: increase inflation and revert back to snapshot.
Iteration | Overflow |     HPWL (um) |  HPWL(%) |   Penalty | Group
---------------------------------------------------------------
      420 |   0.5874 |  7.015150e+05 |   -2.01% |  1.84e-09 |      
      430 |   0.5479 |  7.154514e+05 |   +1.99% |  2.70e-09 |      
      440 |   0.5089 |  7.054372e+05 |   -1.40% |  3.98e-09 |      
      450 |   0.4693 |  7.033911e+05 |   -0.29% |  5.86e-09 |      
      460 |   0.4243 |  7.154730e+05 |   +1.72% |  8.62e-09 |      
      470 |   0.3819 |  7.190331e+05 |   +0.50% |  1.27e-08 |      
      480 |   0.3410 |  7.253386e+05 |   +0.88% |  1.87e-08 |      
      490 |   0.3077 |  7.261376e+05 |   +0.11% |  2.75e-08 |      
[INFO GPL-0040] Routability iteration: 2
[INFO GPL-0041] Total routing overflow: 11.0561
[INFO GPL-0042] Number of overflowed tiles: 170 (1.43%)
[INFO GPL-0043] Average top 0.5% routing congestion: 1.1269
[INFO GPL-0044] Average top 1.0% routing congestion: 1.0878
[INFO GPL-0045] Average top 2.0% routing congestion: 1.0432
[INFO GPL-0046] Average top 5.0% routing congestion: 0.9815
[INFO GPL-0047] Routability iteration weighted routing congestion: 1.1073
[INFO GPL-0048] Routing congestion (1.1073) lower than previous minimum (1.377). Updating minimum.
[INFO GPL-0086] Inflated area:                1519.775 um^2 (+0.51%)
[INFO GPL-0052] Placement target density:       0.6258
[INFO GPL-0076] Removing fillers, count: Before: 5349, After: 5199 (-2.80%)
[INFO GPL-0077] Filler area (um^2)     : Before: 54067.852, After: 52551.648 (-2.80%)
[INFO GPL-0078] Removed fillers count: 150, area removed: 1516.205 um^2. Remaining area to be compensated by modifying density: 3.570 um^2
[INFO GPL-0058] White space area:           559663.011 um^2 (+0.00%)
[INFO GPL-0059] Movable instances area:     350263.575 um^2 (+0.00%)
[INFO GPL-0060] Total filler area:           52551.648 um^2 (-2.80%)
[INFO GPL-0061] Total non-inflated area:    350269.903 um^2 (+0.00%)
[INFO GPL-0062] Total inflated area:        351789.678 um^2 (+0.00%)
[INFO GPL-0063] New Target Density:             0.6258
[INFO GPL-0087] Routability end iteration: increase inflation and revert back to snapshot.
Iteration | Overflow |     HPWL (um) |  HPWL(%) |   Penalty | Group
---------------------------------------------------------------
      500 |   0.5943 |  6.949450e+05 |   -4.30% |  1.70e-09 |      
      510 |   0.5560 |  7.190256e+05 |   +3.47% |  2.50e-09 |      
      520 |   0.5162 |  7.103546e+05 |   -1.21% |  3.68e-09 |      
      530 |   0.4770 |  7.057196e+05 |   -0.65% |  5.42e-09 |      
      540 |   0.4325 |  7.183416e+05 |   +1.79% |  7.98e-09 |      
      550 |   0.3909 |  7.221809e+05 |   +0.53% |  1.17e-08 |      
      560 |   0.3475 |  7.269613e+05 |   +0.66% |  1.73e-08 |      
      570 |   0.3140 |  7.314937e+05 |   +0.62% |  2.55e-08 |      
[INFO GPL-0040] Routability iteration: 3
[INFO GPL-0041] Total routing overflow: 9.3917
[INFO GPL-0042] Number of overflowed tiles: 154 (1.30%)
[INFO GPL-0043] Average top 0.5% routing congestion: 1.1066
[INFO GPL-0044] Average top 1.0% routing congestion: 1.0756
[INFO GPL-0045] Average top 2.0% routing congestion: 1.0345
[INFO GPL-0046] Average top 5.0% routing congestion: 0.9756
[INFO GPL-0047] Routability iteration weighted routing congestion: 1.0911
[INFO GPL-0048] Routing congestion (1.0911) lower than previous minimum (1.107). Updating minimum.
[INFO GPL-0086] Inflated area:                1414.690 um^2 (+0.48%)
[INFO GPL-0052] Placement target density:       0.6258
[INFO GPL-0076] Removing fillers, count: Before: 5199, After: 5060 (-2.67%)
[INFO GPL-0077] Filler area (um^2)     : Before: 52551.648, After: 51146.632 (-2.67%)
[INFO GPL-0078] Removed fillers count: 139, area removed: 1405.016 um^2. Remaining area to be compensated by modifying density: 9.674 um^2
[INFO GPL-0058] White space area:           559663.011 um^2 (+0.00%)
[INFO GPL-0059] Movable instances area:     350263.575 um^2 (+0.00%)
[INFO GPL-0060] Total filler area:           51146.632 um^2 (-2.67%)
[INFO GPL-0061] Total non-inflated area:    350279.577 um^2 (+0.00%)
[INFO GPL-0062] Total inflated area:        351694.266 um^2 (+0.00%)
[INFO GPL-0063] New Target Density:             0.6258
[INFO GPL-0087] Routability end iteration: increase inflation and revert back to snapshot.
Iteration | Overflow |     HPWL (um) |  HPWL(%) |   Penalty | Group
---------------------------------------------------------------
      580 |   0.6064 |  6.783926e+05 |   -7.26% |  1.52e-09 |      
      590 |   0.5681 |  7.200634e+05 |   +6.14% |  2.22e-09 |      
      600 |   0.5285 |  7.160080e+05 |   -0.56% |  3.27e-09 |      
      610 |   0.4893 |  7.082444e+05 |   -1.08% |  4.82e-09 |      
      620 |   0.4465 |  7.176616e+05 |   +1.33% |  7.10e-09 |      
      630 |   0.4041 |  7.242358e+05 |   +0.92% |  1.05e-08 |      
      640 |   0.3585 |  7.286991e+05 |   +0.62% |  1.54e-08 |      
      650 |   0.3251 |  7.366310e+05 |   +1.09% |  2.27e-08 |      
[INFO GPL-0040] Routability iteration: 4
[INFO GPL-0041] Total routing overflow: 8.2894
[INFO GPL-0042] Number of overflowed tiles: 156 (1.31%)
[INFO GPL-0043] Average top 0.5% routing congestion: 1.1026
[INFO GPL-0044] Average top 1.0% routing congestion: 1.0676
[INFO GPL-0045] Average top 2.0% routing congestion: 1.0294
[INFO GPL-0046] Average top 5.0% routing congestion: 0.9718
[INFO GPL-0047] Routability iteration weighted routing congestion: 1.0851
[INFO GPL-0048] Routing congestion (1.0851) lower than previous minimum (1.091). Updating minimum.
[INFO GPL-0086] Inflated area:                1152.774 um^2 (+0.39%)
[INFO GPL-0052] Placement target density:       0.6258
[INFO GPL-0076] Removing fillers, count: Before: 5060, After: 4946 (-2.25%)
[INFO GPL-0077] Filler area (um^2)     : Before: 51146.632, After: 49994.316 (-2.25%)
[INFO GPL-0078] Removed fillers count: 114, area removed: 1152.315 um^2. Remaining area to be compensated by modifying density: 0.459 um^2
[INFO GPL-0058] White space area:           559663.011 um^2 (+0.00%)
[INFO GPL-0059] Movable instances area:     350263.575 um^2 (+0.00%)
[INFO GPL-0060] Total filler area:           49994.316 um^2 (-2.25%)
[INFO GPL-0061] Total non-inflated area:    350280.035 um^2 (+0.00%)
[INFO GPL-0062] Total inflated area:        351432.810 um^2 (+0.00%)
[INFO GPL-0063] New Target Density:             0.6258
[INFO GPL-0087] Routability end iteration: increase inflation and revert back to snapshot.
Iteration | Overflow |     HPWL (um) |  HPWL(%) |   Penalty | Group
---------------------------------------------------------------
      660 |   0.6148 |  6.696505e+05 |   -9.09% |  1.35e-09 |      
      670 |   0.5786 |  7.165613e+05 |   +7.01% |  1.98e-09 |      
      680 |   0.5391 |  7.208932e+05 |   +0.60% |  2.92e-09 |      
      690 |   0.5003 |  7.119624e+05 |   -1.24% |  4.29e-09 |      
      700 |   0.4607 |  7.156634e+05 |   +0.52% |  6.32e-09 |      
      710 |   0.4149 |  7.264152e+05 |   +1.50% |  9.31e-09 |      
      720 |   0.3712 |  7.299779e+05 |   +0.49% |  1.37e-08 |      
      730 |   0.3345 |  7.368915e+05 |   +0.95% |  2.02e-08 |      
      740 |   0.3033 |  7.338973e+05 |   -0.41% |  2.97e-08 |      
[INFO GPL-0040] Routability iteration: 5
[INFO GPL-0041] Total routing overflow: 7.7321
[INFO GPL-0042] Number of overflowed tiles: 152 (1.28%)
[INFO GPL-0043] Average top 0.5% routing congestion: 1.0984
[INFO GPL-0044] Average top 1.0% routing congestion: 1.0631
[INFO GPL-0045] Average top 2.0% routing congestion: 1.0268
[INFO GPL-0046] Average top 5.0% routing congestion: 0.9710
[INFO GPL-0047] Routability iteration weighted routing congestion: 1.0808
[INFO GPL-0048] Routing congestion (1.0808) lower than previous minimum (1.085). Updating minimum.
[INFO GPL-0086] Inflated area:                1070.592 um^2 (+0.36%)
[INFO GPL-0052] Placement target density:       0.6258
[INFO GPL-0076] Removing fillers, count: Before: 4946, After: 4841 (-2.12%)
[INFO GPL-0077] Filler area (um^2)     : Before: 49994.316, After: 48932.973 (-2.12%)
[INFO GPL-0078] Removed fillers count: 105, area removed: 1061.343 um^2. Remaining area to be compensated by modifying density: 9.249 um^2
[INFO GPL-0058] White space area:           559663.011 um^2 (+0.00%)
[INFO GPL-0059] Movable instances area:     350263.575 um^2 (+0.00%)
[INFO GPL-0060] Total filler area:           48932.973 um^2 (-2.12%)
[INFO GPL-0061] Total non-inflated area:    350289.285 um^2 (+0.00%)
[INFO GPL-0062] Total inflated area:        351359.877 um^2 (+0.00%)
[INFO GPL-0063] New Target Density:             0.6258
[INFO GPL-0087] Routability end iteration: increase inflation and revert back to snapshot.
Iteration | Overflow |     HPWL (um) |  HPWL(%) |   Penalty | Group
---------------------------------------------------------------
      750 |   0.5907 |  7.055178e+05 |   -3.87% |  1.77e-09 |      
      760 |   0.5514 |  7.247774e+05 |   +2.73% |  2.59e-09 |      
      770 |   0.5127 |  7.161832e+05 |   -1.19% |  3.82e-09 |      
      780 |   0.4736 |  7.147295e+05 |   -0.20% |  5.63e-09 |      
      790 |   0.4267 |  7.287967e+05 |   +1.97% |  8.28e-09 |      
      800 |   0.3857 |  7.317960e+05 |   +0.41% |  1.22e-08 |      
      810 |   0.3447 |  7.364773e+05 |   +0.64% |  1.80e-08 |      
      820 |   0.3125 |  7.394233e+05 |   +0.40% |  2.65e-08 |      
[INFO GPL-0040] Routability iteration: 6
[INFO GPL-0041] Total routing overflow: 6.5576
[INFO GPL-0042] Number of overflowed tiles: 130 (1.09%)
[INFO GPL-0043] Average top 0.5% routing congestion: 1.0876
[INFO GPL-0044] Average top 1.0% routing congestion: 1.0548
[INFO GPL-0045] Average top 2.0% routing congestion: 1.0206
[INFO GPL-0046] Average top 5.0% routing congestion: 0.9677
[INFO GPL-0047] Routability iteration weighted routing congestion: 1.0712
[INFO GPL-0048] Routing congestion (1.0712) lower than previous minimum (1.081). Updating minimum.
[INFO GPL-0086] Inflated area:                 885.757 um^2 (+0.29%)
[INFO GPL-0052] Placement target density:       0.6258
[INFO GPL-0076] Removing fillers, count: Before: 4841, After: 4754 (-1.80%)
[INFO GPL-0077] Filler area (um^2)     : Before: 48932.973, After: 48053.575 (-1.80%)
[INFO GPL-0078] Removed fillers count: 87, area removed: 879.399 um^2. Remaining area to be compensated by modifying density: 6.358 um^2
[INFO GPL-0058] White space area:           559663.011 um^2 (+0.00%)
[INFO GPL-0059] Movable instances area:     350263.575 um^2 (+0.00%)
[INFO GPL-0060] Total filler area:           48053.575 um^2 (-1.80%)
[INFO GPL-0061] Total non-inflated area:    350295.643 um^2 (+0.00%)
[INFO GPL-0062] Total inflated area:        351181.399 um^2 (+0.00%)
[INFO GPL-0063] New Target Density:             0.6258
[INFO GPL-0087] Routability end iteration: increase inflation and revert back to snapshot.
Iteration | Overflow |     HPWL (um) |  HPWL(%) |   Penalty | Group
---------------------------------------------------------------
      830 |   0.6031 |  6.896639e+05 |   -6.73% |  1.57e-09 |      
      840 |   0.5622 |  7.262544e+05 |   +5.31% |  2.31e-09 |      
      850 |   0.5236 |  7.209273e+05 |   -0.73% |  3.40e-09 |      
      860 |   0.4856 |  7.150920e+05 |   -0.81% |  5.01e-09 |      
      870 |   0.4415 |  7.278856e+05 |   +1.79% |  7.38e-09 |      
      880 |   0.3988 |  7.326891e+05 |   +0.66% |  1.09e-08 |      
      890 |   0.3559 |  7.354868e+05 |   +0.38% |  1.60e-08 |      
      900 |   0.3199 |  7.431709e+05 |   +1.04% |  2.35e-08 |      
[INFO GPL-0040] Routability iteration: 7
[INFO GPL-0041] Total routing overflow: 6.0212
[INFO GPL-0042] Number of overflowed tiles: 128 (1.08%)
[INFO GPL-0043] Average top 0.5% routing congestion: 1.0826
[INFO GPL-0044] Average top 1.0% routing congestion: 1.0504
[INFO GPL-0045] Average top 2.0% routing congestion: 1.0162
[INFO GPL-0046] Average top 5.0% routing congestion: 0.9640
[INFO GPL-0047] Routability iteration weighted routing congestion: 1.0665
[INFO GPL-0048] Routing congestion (1.0665) lower than previous minimum (1.071). Updating minimum.
[INFO GPL-0086] Inflated area:                 800.649 um^2 (+0.26%)
[INFO GPL-0052] Placement target density:       0.6258
[INFO GPL-0076] Removing fillers, count: Before: 4754, After: 4675 (-1.66%)
[INFO GPL-0077] Filler area (um^2)     : Before: 48053.575, After: 47255.040 (-1.66%)
[INFO GPL-0078] Removed fillers count: 79, area removed: 798.534 um^2. Remaining area to be compensated by modifying density: 2.114 um^2
[INFO GPL-0058] White space area:           559663.011 um^2 (+0.00%)
[INFO GPL-0059] Movable instances area:     350263.575 um^2 (+0.00%)
[INFO GPL-0060] Total filler area:           47255.040 um^2 (-1.66%)
[INFO GPL-0061] Total non-inflated area:    350297.757 um^2 (+0.00%)
[INFO GPL-0062] Total inflated area:        351098.406 um^2 (+0.00%)
[INFO GPL-0063] New Target Density:             0.6258
[INFO GPL-0087] Routability end iteration: increase inflation and revert back to snapshot.
Iteration | Overflow |     HPWL (um) |  HPWL(%) |   Penalty | Group
---------------------------------------------------------------
      910 |   0.6156 |  6.701646e+05 |   -9.82% |  1.40e-09 |      
      920 |   0.5742 |  7.246540e+05 |   +8.13% |  2.06e-09 |      
      930 |   0.5352 |  7.250647e+05 |   +0.06% |  3.03e-09 |      
      940 |   0.4969 |  7.168468e+05 |   -1.13% |  4.46e-09 |      
      950 |   0.4549 |  7.248469e+05 |   +1.12% |  6.57e-09 |      
      960 |   0.4106 |  7.341017e+05 |   +1.28% |  9.67e-09 |      
      970 |   0.3670 |  7.363707e+05 |   +0.31% |  1.42e-08 |      
      980 |   0.3300 |  7.450701e+05 |   +1.18% |  2.10e-08 |      
      990 |   0.3011 |  7.394635e+05 |   -0.75% |  3.09e-08 |      
[INFO GPL-0040] Routability iteration: 8
[INFO GPL-0041] Total routing overflow: 5.4874
[INFO GPL-0042] Number of overflowed tiles: 115 (0.97%)
[INFO GPL-0043] Average top 0.5% routing congestion: 1.0765
[INFO GPL-0044] Average top 1.0% routing congestion: 1.0461
[INFO GPL-0045] Average top 2.0% routing congestion: 1.0147
[INFO GPL-0046] Average top 5.0% routing congestion: 0.9636
[INFO GPL-0047] Routability iteration weighted routing congestion: 1.0613
[INFO GPL-0048] Routing congestion (1.0613) lower than previous minimum (1.066). Updating minimum.
[INFO GPL-0086] Inflated area:                 718.983 um^2 (+0.24%)
[INFO GPL-0052] Placement target density:       0.6258
[INFO GPL-0076] Removing fillers, count: Before: 4675, After: 4604 (-1.52%)
[INFO GPL-0077] Filler area (um^2)     : Before: 47255.040, After: 46537.370 (-1.52%)
[INFO GPL-0078] Removed fillers count: 71, area removed: 717.670 um^2. Remaining area to be compensated by modifying density: 1.313 um^2
[INFO GPL-0058] White space area:           559663.011 um^2 (+0.00%)
[INFO GPL-0059] Movable instances area:     350263.575 um^2 (+0.00%)
[INFO GPL-0060] Total filler area:           46537.370 um^2 (-1.52%)
[INFO GPL-0061] Total non-inflated area:    350299.070 um^2 (+0.00%)
[INFO GPL-0062] Total inflated area:        351018.053 um^2 (+0.00%)
[INFO GPL-0063] New Target Density:             0.6258
[INFO GPL-0087] Routability end iteration: increase inflation and revert back to snapshot.
Iteration | Overflow |     HPWL (um) |  HPWL(%) |   Penalty | Group
---------------------------------------------------------------
     1000 |   0.5851 |  7.148525e+05 |   -3.33% |  1.83e-09 |      
     1010 |   0.5455 |  7.282270e+05 |   +1.87% |  2.70e-09 |      
     1020 |   0.5077 |  7.203223e+05 |   -1.09% |  3.97e-09 |      
     1030 |   0.4697 |  7.220627e+05 |   +0.24% |  5.85e-09 |      
     1040 |   0.4224 |  7.359533e+05 |   +1.92% |  8.61e-09 |      
     1050 |   0.3800 |  7.375131e+05 |   +0.21% |  1.27e-08 |      
     1060 |   0.3427 |  7.433696e+05 |   +0.79% |  1.87e-08 |      
     1070 |   0.3078 |  7.438856e+05 |   +0.07% |  2.75e-08 |      
[INFO GPL-0040] Routability iteration: 9
[INFO GPL-0041] Total routing overflow: 5.7714
[INFO GPL-0042] Number of overflowed tiles: 123 (1.04%)
[INFO GPL-0043] Average top 0.5% routing congestion: 1.0769
[INFO GPL-0044] Average top 1.0% routing congestion: 1.0485
[INFO GPL-0045] Average top 2.0% routing congestion: 1.0146
[INFO GPL-0046] Average top 5.0% routing congestion: 0.9625
[INFO GPL-0047] Routability iteration weighted routing congestion: 1.0627
[INFO GPL-0049] Routing congestion (1.0627) higher than minimum (1.0613). Consecutive non-improvement count: 1.
[INFO GPL-0086] Inflated area:                 737.623 um^2 (+0.24%)
[INFO GPL-0052] Placement target density:       0.6258
[INFO GPL-0076] Removing fillers, count: Before: 4604, After: 4532 (-1.56%)
[INFO GPL-0077] Filler area (um^2)     : Before: 46537.370, After: 45809.592 (-1.56%)
[INFO GPL-0078] Removed fillers count: 72, area removed: 727.778 um^2. Remaining area to be compensated by modifying density: 9.845 um^2
[INFO GPL-0058] White space area:           559663.011 um^2 (+0.00%)
[INFO GPL-0059] Movable instances area:     350263.575 um^2 (+0.00%)
[INFO GPL-0060] Total filler area:           45809.592 um^2 (-1.56%)
[INFO GPL-0061] Total non-inflated area:    350308.915 um^2 (+0.00%)
[INFO GPL-0062] Total inflated area:        351046.538 um^2 (+0.00%)
[INFO GPL-0063] New Target Density:             0.6258
[INFO GPL-0087] Routability end iteration: increase inflation and revert back to snapshot.
Iteration | Overflow |     HPWL (um) |  HPWL(%) |   Penalty | Group
---------------------------------------------------------------
     1080 |   0.5994 |  6.972393e+05 |   -6.27% |  1.64e-09 |      
     1090 |   0.5587 |  7.306046e+05 |   +4.79% |  2.40e-09 |      
     1100 |   0.5201 |  7.244990e+05 |   -0.84% |  3.54e-09 |      
     1110 |   0.4813 |  7.208773e+05 |   -0.50% |  5.21e-09 |      
     1120 |   0.4347 |  7.361695e+05 |   +2.12% |  7.66e-09 |      
     1130 |   0.3945 |  7.388712e+05 |   +0.37% |  1.13e-08 |      
     1140 |   0.3529 |  7.418469e+05 |   +0.40% |  1.66e-08 |      
     1150 |   0.3165 |  7.491428e+05 |   +0.98% |  2.45e-08 |      
[INFO GPL-0040] Routability iteration: 10
[INFO GPL-0041] Total routing overflow: 5.5293
[INFO GPL-0042] Number of overflowed tiles: 110 (0.93%)
[INFO GPL-0043] Average top 0.5% routing congestion: 1.0797
[INFO GPL-0044] Average top 1.0% routing congestion: 1.0464
[INFO GPL-0045] Average top 2.0% routing congestion: 1.0117
[INFO GPL-0046] Average top 5.0% routing congestion: 0.9610
[INFO GPL-0047] Routability iteration weighted routing congestion: 1.0630
[INFO GPL-0049] Routing congestion (1.0630) higher than minimum (1.0613). Consecutive non-improvement count: 2.
[INFO GPL-0086] Inflated area:                 612.400 um^2 (+0.20%)
[INFO GPL-0052] Placement target density:       0.6258
[INFO GPL-0076] Removing fillers, count: Before: 4532, After: 4472 (-1.32%)
[INFO GPL-0077] Filler area (um^2)     : Before: 45809.592, After: 45203.110 (-1.32%)
[INFO GPL-0078] Removed fillers count: 60, area removed: 606.482 um^2. Remaining area to be compensated by modifying density: 5.918 um^2
[INFO GPL-0058] White space area:           559663.011 um^2 (+0.00%)
[INFO GPL-0059] Movable instances area:     350263.575 um^2 (+0.00%)
[INFO GPL-0060] Total filler area:           45203.110 um^2 (-1.32%)
[INFO GPL-0061] Total non-inflated area:    350314.833 um^2 (+0.00%)
[INFO GPL-0062] Total inflated area:        350927.233 um^2 (+0.00%)
[INFO GPL-0063] New Target Density:             0.6258
[INFO GPL-0087] Routability end iteration: increase inflation and revert back to snapshot.
Iteration | Overflow |     HPWL (um) |  HPWL(%) |   Penalty | Group
---------------------------------------------------------------
     1160 |   0.6175 |  6.699278e+05 |  -10.57% |  1.40e-09 |      
     1170 |   0.5730 |  7.287934e+05 |   +8.79% |  2.06e-09 |      
     1180 |   0.5341 |  7.290294e+05 |   +0.03% |  3.03e-09 |      
     1190 |   0.4969 |  7.215708e+05 |   -1.02% |  4.46e-09 |      
     1200 |   0.4550 |  7.308711e+05 |   +1.29% |  6.57e-09 |      
     1210 |   0.4100 |  7.401155e+05 |   +1.26% |  9.66e-09 |      
     1220 |   0.3683 |  7.414555e+05 |   +0.18% |  1.42e-08 |      
     1230 |   0.3318 |  7.507320e+05 |   +1.25% |  2.10e-08 |      
     1240 |   0.3019 |  7.446681e+05 |   -0.81% |  3.09e-08 |      
[INFO GPL-0040] Routability iteration: 11
[INFO GPL-0041] Total routing overflow: 6.0615
[INFO GPL-0042] Number of overflowed tiles: 121 (1.02%)
[INFO GPL-0043] Average top 0.5% routing congestion: 1.0821
[INFO GPL-0044] Average top 1.0% routing congestion: 1.0509
[INFO GPL-0045] Average top 2.0% routing congestion: 1.0151
[INFO GPL-0046] Average top 5.0% routing congestion: 0.9627
[INFO GPL-0047] Routability iteration weighted routing congestion: 1.0665
[INFO GPL-0049] Routing congestion (1.0665) higher than minimum (1.0613). Consecutive non-improvement count: 3.
[INFO GPL-0086] Inflated area:                 698.871 um^2 (+0.23%)
[INFO GPL-0052] Placement target density:       0.6258
[INFO GPL-0076] Removing fillers, count: Before: 4472, After: 4403 (-1.54%)
[INFO GPL-0077] Filler area (um^2)     : Before: 45203.110, After: 44505.656 (-1.54%)
[INFO GPL-0078] Removed fillers count: 69, area removed: 697.454 um^2. Remaining area to be compensated by modifying density: 1.417 um^2
[INFO GPL-0054] No improvement in routing congestion for 3 consecutive iterations (limit is 3).
[INFO GPL-0055] Reverting inflation values and target density from the iteration with minimum observed routing congestion.
[INFO GPL-0056] Minimum observed routing congestion: 1.0613
[INFO GPL-0057] Target density at minimum routing congestion: 0.6258
[INFO GPL-0080] Restoring 272 previously removed fillers.
[INFO GPL-0081] Number of fillers before restoration 4403 and after 4675 . Relative change: +6.18%%
[INFO GPL-0082] Total filler area before restoration 44505.66 and after 47255.04 (um^2). Relative change: +6.18%%
[INFO GPL-0089] Routability finished. Reverting to minimal observed routing congestion, could not reach target.
Iteration | Overflow |     HPWL (um) |  HPWL(%) |   Penalty | Group
---------------------------------------------------------------
     1250 |   0.5882 |  7.060994e+05 |   -5.18% |  1.77e-09 |      
     1260 |   0.5498 |  7.258652e+05 |   +2.80% |  2.59e-09 |      
     1270 |   0.5102 |  7.186083e+05 |   -1.00% |  3.82e-09 |      
     1280 |   0.4711 |  7.179162e+05 |   -0.10% |  5.63e-09 |      
     1290 |   0.4243 |  7.322440e+05 |   +2.00% |  8.28e-09 |      
     1300 |   0.3840 |  7.348965e+05 |   +0.36% |  1.22e-08 |      
     1310 |   0.3437 |  7.392392e+05 |   +0.59% |  1.80e-08 |      
     1320 |   0.3099 |  7.429895e+05 |   +0.51% |  2.64e-08 |      
     1330 |   0.2848 |  7.421157e+05 |   -0.12% |  3.90e-08 |      
     1340 |   0.2525 |  7.423795e+05 |   +0.04% |  5.74e-08 |      
     1350 |   0.2175 |  7.380529e+05 |   -0.58% |  8.45e-08 |      
     1360 |   0.1956 |  7.307737e+05 |   -0.99% |  1.24e-07 |      
[INFO GPL-0100] Timing-driven iteration 2/2, virtual: false.
[INFO GPL-0101]    Iter: 1362, overflow: 0.194, keep resizer changes at: 1, HPWL: 729903049
Iteration |   Area    | Resized | Buffers | Nets repaired | Remaining
---------------------------------------------------------------------
        0 |     +0.0% |       0 |       0 |             0 |     28540
    final |     +0.3% |      83 |      25 |            88 |         0
---------------------------------------------------------------------
[INFO RSZ-0034] Found 84 slew violations.
[INFO RSZ-0036] Found 14 capacitance violations.
[INFO RSZ-0039] Resized 83 instances.
[INFO RSZ-0038] Inserted 25 buffers in 88 nets.
   Iter   |    Area   | Removed | Inserted |   Pins
          |           | Buffers | Buffers  | Remaining
-------------------------------------------------------
        0 |     +0.0% |       0 |        0 |     28031
     2800 |     +0.0% |       2 |       13 |     25231
     5600 |     +0.0% |       3 |       15 |     22431
     8400 |     +0.3% |      17 |      114 |     19631
    11200 |     +1.0% |      41 |      384 |     16831
    14000 |     +1.1% |      87 |      465 |     14031
    16800 |     +1.2% |     103 |      532 |     11231
    19600 |     +1.2% |     157 |      592 |      8431
    22400 |     +1.2% |     173 |      612 |      5631
    25200 |     +1.6% |     496 |     1042 |      2831
    28000 |     +1.6% |     496 |     1042 |        31
    final |     +1.6% |     497 |     1043 |         0
-------------------------------------------------------
[INFO GPL-0106] Timing-driven: worst slack 2.4472129e-09
[INFO GPL-0107] Timing-driven: repair_design delta area: 4569.802 um^2 (+1.50%)
[INFO GPL-0108] Timing-driven: repair_design, gpl delta gcells: 571 (+2.05%)
[INFO GPL-0109] Timing-driven: repair_design, gcells created: 1068, deleted: 497
[INFO GPL-0110] Timing-driven: new target density: 0.63777053
Iteration | Overflow |     HPWL (um) |  HPWL(%) |   Penalty | Group
---------------------------------------------------------------
     1370 |   0.1727 |  7.809787e+05 |   +6.87% |  1.82e-07 |      
     1380 |   0.1451 |  7.644811e+05 |   -2.11% |  2.69e-07 |      
     1390 |   0.1278 |  7.585149e+05 |   -0.78% |  3.96e-07 |      
     1400 |   0.1096 |  7.565324e+05 |   -0.26% |  5.83e-07 |      
     1406 |   0.0995 |  7.552079e+05 |          |  7.65e-07 |      
---------------------------------------------------------------
[INFO GPL-1001] Global placement finished at iteration 1406
[INFO GPL-1017] Routability mode iteration count: 967
[INFO GPL-1005] Routability final weighted congestion: 1.0505
[INFO GPL-1002] Placed Cell Area            307612.5191
[INFO GPL-1003] Available Free Area         559663.0112
[INFO GPL-1004] Minimum Feasible Density        0.5100 (cell_area / free_area)
[INFO GPL-1006]   Suggested Target Densities:
[INFO GPL-1007]     - For 90% usage of free space: 0.6107
[INFO GPL-1008]     - For 80% usage of free space: 0.6870
[INFO GPL-1011] Original area (um^2): 280654.37
[INFO GPL-1012] Total routability artificial inflation: 17996.53 (+6.41%)
[INFO GPL-1013] Total timing-driven delta area: 8961.62 (+3.19%)
[INFO GPL-1014] Final placement area: 307612.52 (+9.61%)
Took 90 seconds: global_placement -density 0.6179999923706054 -pad_left 0 -pad_right 0 -routability_driven -timing_driven -force_center_initial_place -min_phi_coef 0.95 -max_phi_coef 1.05
estimate_parasitics -placement
Report metrics stage 3, global place...

==========================================================================
global place report_design_area
--------------------------------------------------------------------------
Design area 264399 um^2 46% utilization.
write_db /root/cac_runs/ntt_dp_30ns/results/sky130hd/cac_ntt_dp_30ns/base/3_3_place_gp.odb
Elapsed time: 1:32.28[h:]min:sec. CPU time: user 421.72 sys 24.64 (483%). Peak memory: 527760KB.
Log                       Ext     Elapsed/s Peak Memory/MB sha1sum result [0:20)
3_3_place_gp              .odb           92            515 5c3a287b1377f955453d
