OpenROAD f552262465b0bfef8f097e258f94bc501d01e19d 
Features included (+) or not (-): +GPU +GUI +Python
This program is licensed under the BSD-3 license. See the LICENSE file for details.
Components of this program may be licensed under more restrictive licenses which must be honored.
[INFO ORD-0030] Using 12 thread(s).
read_liberty /opt/eda/orfs-6101364b/flow/platforms/sky130hd/lib/sky130_fd_sc_hd__tt_025C_1v80.lib
read_db /root/cac_runs/ntt_dp_30ns/results/sky130hd/cac_ntt_dp_30ns/base/3_3_place_gp.odb
read_sdc /root/cac_runs/ntt_dp_30ns/results/sky130hd/cac_ntt_dp_30ns/base/2_floorplan.sdc
source /opt/eda/orfs-6101364b/flow/platforms/sky130hd/setRC.tcl
estimate_parasitics -placement
Perform buffer insertion and gate resizing...
repair_design -verbose -match_cell_footprint
Iteration |   Area    | Resized | Buffers | Nets repaired | Remaining
---------------------------------------------------------------------
        0 |     +0.0% |       0 |       0 |             0 |     29111
     1000 |     +0.0% |       0 |       0 |             0 |     28111
     2000 |     +0.0% |       0 |       0 |             0 |     27111
     3000 |     +0.0% |       0 |       0 |             0 |     26111
     4000 |     +0.0% |       0 |       0 |             0 |     25111
     5000 |     +0.0% |       0 |       0 |             0 |     24111
     6000 |     +0.0% |       0 |       0 |             0 |     23111
     7000 |     +0.0% |       0 |       0 |             0 |     22111
     8000 |     +0.0% |       0 |       0 |             0 |     21111
     9000 |     +0.0% |       0 |       0 |             0 |     20111
    10000 |     +0.0% |       0 |       0 |             0 |     19111
    11000 |     +0.0% |       1 |       0 |             1 |     18111
    12000 |     +0.0% |       1 |       0 |             1 |     17111
    13000 |     +0.0% |       1 |       0 |             1 |     16111
    14000 |     +0.0% |       1 |       0 |             1 |     15111
    15000 |     +0.0% |       1 |       0 |             1 |     14111
    16000 |     +0.0% |       1 |       0 |             1 |     13111
    17000 |     +0.0% |       1 |       0 |             1 |     12111
    18000 |     +0.0% |       1 |       0 |             1 |     11111
    19000 |     +0.0% |       1 |       0 |             1 |     10111
    20000 |     +0.0% |       1 |       0 |             1 |      9111
    21000 |     +0.0% |       1 |       0 |             1 |      8111
    22000 |     +0.0% |       1 |       0 |             1 |      7111
    23000 |     +0.0% |       1 |       0 |             1 |      6111
    24000 |     +0.0% |       1 |       0 |             1 |      5111
    25000 |     +0.0% |       1 |       0 |             1 |      4111
    26000 |     +0.0% |       1 |       0 |             1 |      3111
    27000 |     +0.0% |       1 |       0 |             1 |      2111
    28000 |     +0.0% |       1 |       0 |             1 |      1111
    29000 |     +0.0% |       1 |       0 |             1 |       111
    final |     +0.0% |       1 |       0 |             1 |         0
---------------------------------------------------------------------
[INFO RSZ-0034] Found 1 slew violations.
[INFO RSZ-0039] Resized 1 instances.
[INFO RSZ-0504] Runtime: 3.32s
Floating nets: 
Report metrics stage 3, resizer...

==========================================================================
resizer report_design_area
--------------------------------------------------------------------------
Design area 264402 um^2 46% utilization.
Instance count before 35929, after 35929
Pin count before 106498, after 106498
write_db /root/cac_runs/ntt_dp_30ns/results/sky130hd/cac_ntt_dp_30ns/base/3_4_place_resized.odb
Elapsed time: 0:15.55[h:]min:sec. CPU time: user 16.11 sys 0.53 (106%). Peak memory: 295728KB.
Log                       Ext     Elapsed/s Peak Memory/MB sha1sum result [0:20)
3_4_place_resized         .odb           15            288 32fec4ce45d10f49ed8a
