OpenROAD f552262465b0bfef8f097e258f94bc501d01e19d 
Features included (+) or not (-): +GPU +GUI +Python
This program is licensed under the BSD-3 license. See the LICENSE file for details.
Components of this program may be licensed under more restrictive licenses which must be honored.
[INFO ORD-0030] Using 12 thread(s).
read_liberty /opt/eda/orfs-6101364b/flow/platforms/sky130hd/lib/sky130_fd_sc_hd__tt_025C_1v80.lib
read_db /root/cac_runs/ntt_dp_30ns/results/sky130hd/cac_ntt_dp_30ns/base/3_4_place_resized.odb
read_sdc /root/cac_runs/ntt_dp_30ns/results/sky130hd/cac_ntt_dp_30ns/base/2_floorplan.sdc
source /opt/eda/orfs-6101364b/flow/platforms/sky130hd/setRC.tcl
detailed_placement
[INFO DPL-0006] Core area: 569088.30 um^2
[INFO DPL-0007] Movable instances area: 254977.04 um^2
[INFO DPL-0008] Fixed instances area within core: 9425.29 um^2
[INFO DPL-0009] Utilization: 46.5%
[INFO DPL-0005] Diamond search max displacement: +/- 500 sites horizontally, +/- 100 rows vertically.
[INFO DPL-1102] Legalizing using negotiation legalizer.
[INFO DPL-1103] Negotiation base search window: +/-20 sites horizontally, +/-5 rows vertically 
	Automatic search window extension enabled.
	Search window extendable up to the max displacement cap of +/-500 sites, +/-100 rows near walls.
[INFO DPL-1104] NegotiationLegalizer DRC penalty: 5.
[INFO DPL-0392] Negotiation cell height distribution (1 unique row-count(s)):
[INFO DPL-0393]   height 1 row(s): 35929 cells
          |      Total |  Illegal |  Illegal
Iteration | Violations |    Cells |    Sites
---------------------------------------------
        0 |       2017 |       457 |      1560
        1 |         29 |         9 |        20
        2 |          0 |         0 |         0
Negotiation phase 1 converged at iteration 2.
[INFO DPL-0500] Runtime: 0.48s
Placement Analysis
---------------------------------
total displacement      89000.3 u
average displacement        2.5 u
max displacement           22.9 u
original HPWL          756689.1 u
legalized HPWL         831173.4 u
delta HPWL                   10 %

improve_placement -max_displacement "5 1"
Detailed placement improvement.
[INFO DPL-0401] Setting random seed to 1.
[INFO DPL-0402] Setting maximum displacement 5 1 to 13600 2720 units.
[INFO DPL-0320] Collected 7588 fixed cells.
[INFO DPL-0318] Collected 28396 single height cells.
[INFO DPL-0321] Collected 0 wide cells.
[INFO DPL-0322] Image (1380, 2720) - (756700, 756160)
[INFO DPL-0310] Assigned 28396 cells into segments.  Movement in X-direction is 0.000000, movement in Y-direction is 0.000000.
[INFO DPL-0313] Found 0 cells in wrong regions.
[INFO DPL-0315] Found 0 row alignment problems.
[INFO DPL-0314] Found 0 site alignment problems.
[INFO DPL-0311] Found 0 overlaps between adjacent cells.
[INFO DPL-0312] Found 0 edge spacing violations and 0 padding violations.
[INFO DPL-0303] Running algorithm for independent set matching.
[INFO DPL-0300] Set matching objective is wirelength.
[INFO DPL-0301] Pass   1 of matching; objective is 8.307792e+08.
[INFO DPL-0302] End of matching; objective is 8.303689e+08, improvement is 0.05 percent.
[INFO DPL-0303] Running algorithm for global swaps.
[INFO DPL-0306] Pass   1 of global swaps; hpwl is 8.165389e+08.
[INFO DPL-0306] Pass   2 of global swaps; hpwl is 8.142360e+08.
[INFO DPL-0307] End of global swaps; objective is 8.142360e+08, improvement is 1.94 percent.
[INFO DPL-0303] Running algorithm for vertical swaps.
[INFO DPL-0308] Pass   1 of vertical swaps; hpwl is 8.107579e+08.
[INFO DPL-0309] End of vertical swaps; objective is 8.107579e+08, improvement is 0.43 percent.
[INFO DPL-0303] Running algorithm for reordering.
[INFO DPL-0304] Pass   1 of reordering; objective is 8.103317e+08.
[INFO DPL-0305] End of reordering; objective is 8.103317e+08, improvement is 0.05 percent.
[INFO DPL-0303] Running algorithm for random improvement.
[INFO DPL-0324] Random improver is using random generator.
[INFO DPL-0325] Random improver is using hpwl objective.
[INFO DPL-0326] Random improver cost string is (a).
[INFO DPL-0332] End of pass, Generator random called 567920 times.
[INFO DPL-0335] Generator random, Cumulative attempts 567920, swaps 61892, moves 176959 since last reset.
[INFO DPL-0333] End of pass, Objective hpwl, Initial cost 7.963795e+08, Scratch cost 7.869917e+08, Incremental cost 7.869917e+08, Mismatch? N
[INFO DPL-0338] End of pass, Total cost is 7.869917e+08.
[INFO DPL-0327] Pass   1 of random improver; improvement in cost is 1.18 percent.
[INFO DPL-0332] End of pass, Generator random called 567920 times.
[INFO DPL-0335] Generator random, Cumulative attempts 1135840, swaps 121634, moves 353020 since last reset.
[INFO DPL-0333] End of pass, Objective hpwl, Initial cost 7.869917e+08, Scratch cost 7.834124e+08, Incremental cost 7.834124e+08, Mismatch? N
[INFO DPL-0338] End of pass, Total cost is 7.834124e+08.
[INFO DPL-0327] Pass   2 of random improver; improvement in cost is 0.45 percent.
[INFO DPL-0328] End of random improver; improvement is 1.628262 percent.
[INFO DPL-0380] Cell flipping.
[INFO DPL-0382] Changed 0 cell orientations for row compatibility.
[INFO DPL-0383] Performed 8520 cell flips.
[INFO DPL-0384] End of flipping; objective is 7.891379e+08, improvement is 1.04 percent.
[INFO DPL-0313] Found 0 cells in wrong regions.
[INFO DPL-0315] Found 0 row alignment problems.
[INFO DPL-0314] Found 0 site alignment problems.
[INFO DPL-0311] Found 0 overlaps between adjacent cells.
[INFO DPL-0312] Found 0 edge spacing violations and 0 padding violations.
Detailed Improvement Results
------------------------------------------
Original HPWL           831173.4 u (  390225.8,   440947.5)
Final HPWL              789192.0 u (  383423.8,   405768.2)
Delta HPWL                  -5.1 % (      -1.7,       -8.0)

Took 11 seconds: improve_placement -max_displacement "5 1"
optimize_mirroring
[INFO DPL-0020] Mirrored 1210 instances
[INFO DPL-0021] HPWL before          789192.0 u
[INFO DPL-0022] HPWL after           788886.7 u
[INFO DPL-0023] HPWL delta               -0.0 %
[INFO FLW-0012] Placement violations .
estimate_parasitics -placement
Report metrics stage 3, detailed place...

==========================================================================
detailed place report_design_area
--------------------------------------------------------------------------
Design area 264402 um^2 46% utilization.
write_db /root/cac_runs/ntt_dp_30ns/results/sky130hd/cac_ntt_dp_30ns/base/3_5_place_dp.odb
write_sdc -no_timestamp /root/cac_runs/ntt_dp_30ns/results/sky130hd/cac_ntt_dp_30ns/base/3_place.sdc
Elapsed time: 0:21.79[h:]min:sec. CPU time: user 25.70 sys 6.82 (149%). Peak memory: 344560KB.
Log                       Ext     Elapsed/s Peak Memory/MB sha1sum result [0:20)
3_5_place_dp              .odb           21            336 d2106702e8bf95a6884b
