[2026-09-29 12:57:19.498] [miter_logger] [info] MiterStrategy::run starting
[2026-09-29 12:57:19.498] [miter_logger] [info] Collecting POs for design 0: kyber_ntt_engine

[2026-09-29 12:57:19.600] [miter_logger] [info] Collected 4314 PIs for design 0

[2026-09-29 12:57:19.600] [miter_logger] [info] Collected 11797 POs for design 0

[2026-09-29 12:57:19.600] [miter_logger] [info] design 0 PI summary by model/term (4314 total terminals, 14 unique rows):
| Model                     | Term    | Count |
|---------------------------|---------|-------|
| sky130_fd_sc_hd__edfxtp_1 | Q       |  3072 |
| sky130_fd_sc_hd__dfxtp_1  | Q       |  1052 |
| sky130_fd_sc_hd__dfrtp_1  | Q       |   133 |
| kyber_ntt_engine          | wdata   |    16 |
| sky130_fd_sc_hd__dfrtp_4  | Q       |    13 |
| kyber_ntt_engine          | raddr   |     8 |
| kyber_ntt_engine          | waddr   |     8 |
| sky130_fd_sc_hd__dfrtp_2  | Q       |     4 |
| sky130_fd_sc_hd__dfstp_2  | Q       |     3 |
| kyber_ntt_engine          | clk     |     1 |
| kyber_ntt_engine          | inverse |     1 |
| kyber_ntt_engine          | rst_n   |     1 |
| kyber_ntt_engine          | start   |     1 |
| kyber_ntt_engine          | we      |     1 |

[2026-09-29 12:57:19.601] [miter_logger] [info] design 0 PO summary by model/term (11797 total terminals, 20 unique rows):
| Model                     | Term    | Count |
|---------------------------|---------|-------|
| sky130_fd_sc_hd__edfxtp_1 | CLK     |  3072 |
| sky130_fd_sc_hd__edfxtp_1 | D       |  3072 |
| sky130_fd_sc_hd__edfxtp_1 | DE      |  3072 |
| sky130_fd_sc_hd__dfxtp_1  | CLK     |  1052 |
| sky130_fd_sc_hd__dfxtp_1  | D       |  1052 |
| sky130_fd_sc_hd__dfrtp_1  | CLK     |   133 |
| sky130_fd_sc_hd__dfrtp_1  | D       |   133 |
| sky130_fd_sc_hd__dfrtp_1  | RESET_B |   133 |
| kyber_ntt_engine          | rdata   |    16 |
| sky130_fd_sc_hd__dfrtp_4  | CLK     |    13 |
| sky130_fd_sc_hd__dfrtp_4  | D       |    13 |
| sky130_fd_sc_hd__dfrtp_4  | RESET_B |    13 |
| sky130_fd_sc_hd__dfrtp_2  | CLK     |     4 |
| sky130_fd_sc_hd__dfrtp_2  | D       |     4 |
| sky130_fd_sc_hd__dfrtp_2  | RESET_B |     4 |
| sky130_fd_sc_hd__dfstp_2  | CLK     |     3 |
| sky130_fd_sc_hd__dfstp_2  | D       |     3 |
| sky130_fd_sc_hd__dfstp_2  | SET_B   |     3 |
| kyber_ntt_engine          | busy    |     1 |
| kyber_ntt_engine          | done    |     1 |

[2026-09-29 12:57:19.602] [miter_logger] [info] Collecting POs for design 1: kyber_ntt_engine

[2026-09-29 12:57:19.700] [miter_logger] [info] size of common inputs: 4314
[2026-09-29 12:57:19.700] [miter_logger] [info] size of diff0 inputs: 0
[2026-09-29 12:57:19.700] [miter_logger] [info] size of diff1 inputs: 0
[2026-09-29 12:57:19.701] [miter_logger] [info] Collected 4314 PIs for design 1

[2026-09-29 12:57:19.701] [miter_logger] [info] Collected 11797 POs for design 1

[2026-09-29 12:57:19.701] [miter_logger] [info] design 1 PI summary by model/term (4314 total terminals, 14 unique rows):
| Model                     | Term    | Count |
|---------------------------|---------|-------|
| sky130_fd_sc_hd__edfxtp_1 | Q       |  3072 |
| sky130_fd_sc_hd__dfxtp_1  | Q       |  1052 |
| sky130_fd_sc_hd__dfrtp_1  | Q       |   133 |
| kyber_ntt_engine          | wdata   |    16 |
| sky130_fd_sc_hd__dfrtp_4  | Q       |    13 |
| kyber_ntt_engine          | raddr   |     8 |
| kyber_ntt_engine          | waddr   |     8 |
| sky130_fd_sc_hd__dfrtp_2  | Q       |     4 |
| sky130_fd_sc_hd__dfstp_2  | Q       |     3 |
| kyber_ntt_engine          | clk     |     1 |
| kyber_ntt_engine          | inverse |     1 |
| kyber_ntt_engine          | rst_n   |     1 |
| kyber_ntt_engine          | start   |     1 |
| kyber_ntt_engine          | we      |     1 |

[2026-09-29 12:57:19.702] [miter_logger] [info] design 1 PO summary by model/term (11797 total terminals, 20 unique rows):
| Model                     | Term    | Count |
|---------------------------|---------|-------|
| sky130_fd_sc_hd__edfxtp_1 | CLK     |  3072 |
| sky130_fd_sc_hd__edfxtp_1 | D       |  3072 |
| sky130_fd_sc_hd__edfxtp_1 | DE      |  3072 |
| sky130_fd_sc_hd__dfxtp_1  | CLK     |  1052 |
| sky130_fd_sc_hd__dfxtp_1  | D       |  1052 |
| sky130_fd_sc_hd__dfrtp_1  | CLK     |   133 |
| sky130_fd_sc_hd__dfrtp_1  | D       |   133 |
| sky130_fd_sc_hd__dfrtp_1  | RESET_B |   133 |
| kyber_ntt_engine          | rdata   |    16 |
| sky130_fd_sc_hd__dfrtp_4  | CLK     |    13 |
| sky130_fd_sc_hd__dfrtp_4  | D       |    13 |
| sky130_fd_sc_hd__dfrtp_4  | RESET_B |    13 |
| sky130_fd_sc_hd__dfrtp_2  | CLK     |     4 |
| sky130_fd_sc_hd__dfrtp_2  | D       |     4 |
| sky130_fd_sc_hd__dfrtp_2  | RESET_B |     4 |
| sky130_fd_sc_hd__dfstp_2  | CLK     |     3 |
| sky130_fd_sc_hd__dfstp_2  | D       |     3 |
| sky130_fd_sc_hd__dfstp_2  | SET_B   |     3 |
| kyber_ntt_engine          | busy    |     1 |
| kyber_ntt_engine          | done    |     1 |

[2026-09-29 12:57:19.702] [miter_logger] [info] normalizeInputs: starting
[2026-09-29 12:57:19.707] [miter_logger] [info] size of common inputs: 4314
[2026-09-29 12:57:19.707] [miter_logger] [info] size of diff0 inputs: 0
[2026-09-29 12:57:19.707] [miter_logger] [info] size of diff1 inputs: 0
[2026-09-29 12:57:19.707] [miter_logger] [info] normalizeOutputs: starting
[2026-09-29 12:57:19.720] [miter_logger] [info] size of common outputs: 11797
[2026-09-29 12:57:19.720] [miter_logger] [info] size of diff0 outputs: 0
[2026-09-29 12:57:19.720] [miter_logger] [info] size of diff1 outputs: 0
[2026-09-29 12:57:19.721] [miter_logger] [info] size of PIs in circuit 0: 4314
[2026-09-29 12:57:19.721] [miter_logger] [info] size of PIs in circuit 1: 4314
[2026-09-29 12:57:19.721] [miter_logger] [info] size of POs in circuit 0: 11797
[2026-09-29 12:57:19.721] [miter_logger] [info] size of POs in circuit 1: 11797
[2026-09-29 12:57:20.432] [miter_logger] [info] Building miter expression
[2026-09-29 12:57:20.433] [miter_logger] [info] Finished building miter expression
[2026-09-29 12:57:20.433] [miter_logger] [info] Starting solver
[2026-09-29 12:57:20.433] [miter_logger] [info] SAT solver finished: UNSAT
[2026-09-29 12:57:20.433] [miter_logger] [info] Circuits are IDENTICAL
