
===========================================================================
report_checks -unconstrained
===========================================================================
======================= nom_ss_100C_1v60 Corner ===================================

Startpoint: rst_n (input port clocked by clk)
Endpoint: _40_ (recovery check against rising-edge clock clk)
Path Group: asynchronous
Path Type: max

Fanout         Cap        Slew       Delay        Time   Description
---------------------------------------------------------------------------------------------
                                  0.000000    0.000000   clock clk (rise edge)
                                  0.000000    0.000000   clock network delay (propagated)
                                  4.000000    4.000000 ^ input external delay
     1    0.002396    0.029588    0.013659    4.013659 ^ rst_n (in)
                                                         rst_n (net)
                      0.029588    0.000000    4.013659 ^ input2/A (sky130_fd_sc_hd__buf_2)
     8    0.035121    0.278466    0.329323    4.342982 ^ input2/X (sky130_fd_sc_hd__buf_2)
                                                         net2 (net)
                      0.278466    0.000798    4.343779 ^ _40_/RESET_B (sky130_fd_sc_hd__dfrtp_1)
                                              4.343779   data arrival time

                                 20.000000   20.000000   clock clk (rise edge)
                                  0.000000   20.000000   clock source latency
     1    0.010642    0.085521    0.055632   20.055632 ^ clk (in)
                                                         clk (net)
                      0.085522    0.000000   20.055632 ^ clkbuf_0_clk/A (sky130_fd_sc_hd__clkbuf_16)
     2    0.017939    0.064864    0.225596   20.281227 ^ clkbuf_0_clk/X (sky130_fd_sc_hd__clkbuf_16)
                                                         clknet_0_clk (net)
                      0.064864    0.000503   20.281731 ^ clkbuf_1_1__f_clk/A (sky130_fd_sc_hd__clkbuf_16)
     4    0.010055    0.055001    0.205127   20.486856 ^ clkbuf_1_1__f_clk/X (sky130_fd_sc_hd__clkbuf_16)
                                                         clknet_1_1__leaf_clk (net)
                      0.055001    0.000185   20.487041 ^ _40_/CLK (sky130_fd_sc_hd__dfrtp_1)
                                 -0.250000   20.237043   clock uncertainty
                                  0.000000   20.237043   clock reconvergence pessimism
                                  0.380286   20.617329   library recovery time
                                             20.617329   data required time
---------------------------------------------------------------------------------------------
                                             20.617329   data required time
                                             -4.343779   data arrival time
---------------------------------------------------------------------------------------------
                                             16.273550   slack (MET)


Startpoint: _39_ (rising edge-triggered flip-flop clocked by clk)
Endpoint: count[4] (output port clocked by clk)
Path Group: clk
Path Type: max

Fanout         Cap        Slew       Delay        Time   Description
---------------------------------------------------------------------------------------------
                                  0.000000    0.000000   clock clk (rise edge)
                                  0.000000    0.000000   clock source latency
     1    0.010642    0.085521    0.055632    0.055632 ^ clk (in)
                                                         clk (net)
                      0.085522    0.000000    0.055632 ^ clkbuf_0_clk/A (sky130_fd_sc_hd__clkbuf_16)
     2    0.017939    0.064864    0.225595    0.281227 ^ clkbuf_0_clk/X (sky130_fd_sc_hd__clkbuf_16)
                                                         clknet_0_clk (net)
                      0.064864    0.000504    0.281731 ^ clkbuf_1_1__f_clk/A (sky130_fd_sc_hd__clkbuf_16)
     4    0.010055    0.055001    0.205126    0.486857 ^ clkbuf_1_1__f_clk/X (sky130_fd_sc_hd__clkbuf_16)
                                                         clknet_1_1__leaf_clk (net)
                      0.055001    0.000190    0.487048 ^ _39_/CLK (sky130_fd_sc_hd__dfrtp_1)
     5    0.012367    0.160390    0.817790    1.304837 v _39_/Q (sky130_fd_sc_hd__dfrtp_1)
                                                         net7 (net)
                      0.160390    0.000205    1.305043 v output7/A (sky130_fd_sc_hd__buf_2)
     1    0.034140    0.165470    0.387528    1.692571 v output7/X (sky130_fd_sc_hd__buf_2)
                                                         count[4] (net)
                      0.165470    0.000660    1.693230 v count[4] (out)
                                              1.693230   data arrival time

                                 20.000000   20.000000   clock clk (rise edge)
                                  0.000000   20.000000   clock network delay (propagated)
                                 -0.250000   19.750002   clock uncertainty
                                  0.000000   19.750002   clock reconvergence pessimism
                                 -4.000000   15.750001   output external delay
                                             15.750001   data required time
---------------------------------------------------------------------------------------------
                                             15.750001   data required time
                                             -1.693230   data arrival time
---------------------------------------------------------------------------------------------
                                             14.056770   slack (MET)




===========================================================================
report_checks --slack_max -0.01
============================================================================
======================= nom_ss_100C_1v60 Corner ===================================

No paths found.


===========================================================================
 report_check_types -max_slew -max_cap -max_fanout -violators
============================================================================
======================= nom_ss_100C_1v60 Corner ===================================



===========================================================================
report_parasitic_annotation -report_unannotated
============================================================================
Found 0 unannotated drivers.
Found 0 partially unannotated drivers.

===========================================================================
max slew violation count 0
max fanout violation count 0
max cap violation count 0
============================================================================

===========================================================================
check_setup -verbose -unconstrained_endpoints -multiple_clock -no_clock -no_input_delay -loops -generated_clocks
===========================================================================
