
===========================================================================
report_checks -path_delay max (Setup)
============================================================================
======================= nom_ss_100C_1v60 Corner ===================================

Startpoint: _39_ (rising edge-triggered flip-flop clocked by clk)
Endpoint: count[4] (output port clocked by clk)
Path Group: clk
Path Type: max

Fanout         Cap        Slew       Delay        Time   Description
---------------------------------------------------------------------------------------------
                                  0.000000    0.000000   clock clk (rise edge)
                                  0.000000    0.000000   clock source latency
     1    0.010642    0.085521    0.055632    0.055632 ^ clk (in)
                                                         clk (net)
                      0.085522    0.000000    0.055632 ^ clkbuf_0_clk/A (sky130_fd_sc_hd__clkbuf_16)
     2    0.017939    0.064864    0.225595    0.281227 ^ clkbuf_0_clk/X (sky130_fd_sc_hd__clkbuf_16)
                                                         clknet_0_clk (net)
                      0.064864    0.000504    0.281731 ^ clkbuf_1_1__f_clk/A (sky130_fd_sc_hd__clkbuf_16)
     4    0.010055    0.055001    0.205126    0.486857 ^ clkbuf_1_1__f_clk/X (sky130_fd_sc_hd__clkbuf_16)
                                                         clknet_1_1__leaf_clk (net)
                      0.055001    0.000190    0.487048 ^ _39_/CLK (sky130_fd_sc_hd__dfrtp_1)
     5    0.012367    0.160390    0.817790    1.304837 v _39_/Q (sky130_fd_sc_hd__dfrtp_1)
                                                         net7 (net)
                      0.160390    0.000205    1.305043 v output7/A (sky130_fd_sc_hd__buf_2)
     1    0.034140    0.165470    0.387528    1.692571 v output7/X (sky130_fd_sc_hd__buf_2)
                                                         count[4] (net)
                      0.165470    0.000660    1.693230 v count[4] (out)
                                              1.693230   data arrival time

                                 20.000000   20.000000   clock clk (rise edge)
                                  0.000000   20.000000   clock network delay (propagated)
                                 -0.250000   19.750002   clock uncertainty
                                  0.000000   19.750002   clock reconvergence pessimism
                                 -4.000000   15.750001   output external delay
                                             15.750001   data required time
---------------------------------------------------------------------------------------------
                                             15.750001   data required time
                                             -1.693230   data arrival time
---------------------------------------------------------------------------------------------
                                             14.056770   slack (MET)


Startpoint: _40_ (rising edge-triggered flip-flop clocked by clk)
Endpoint: count[5] (output port clocked by clk)
Path Group: clk
Path Type: max

Fanout         Cap        Slew       Delay        Time   Description
---------------------------------------------------------------------------------------------
                                  0.000000    0.000000   clock clk (rise edge)
                                  0.000000    0.000000   clock source latency
     1    0.010642    0.085521    0.055632    0.055632 ^ clk (in)
                                                         clk (net)
                      0.085522    0.000000    0.055632 ^ clkbuf_0_clk/A (sky130_fd_sc_hd__clkbuf_16)
     2    0.017939    0.064864    0.225595    0.281227 ^ clkbuf_0_clk/X (sky130_fd_sc_hd__clkbuf_16)
                                                         clknet_0_clk (net)
                      0.064864    0.000504    0.281731 ^ clkbuf_1_1__f_clk/A (sky130_fd_sc_hd__clkbuf_16)
     4    0.010055    0.055001    0.205126    0.486857 ^ clkbuf_1_1__f_clk/X (sky130_fd_sc_hd__clkbuf_16)
                                                         clknet_1_1__leaf_clk (net)
                      0.055001    0.000185    0.487042 ^ _40_/CLK (sky130_fd_sc_hd__dfrtp_1)
     4    0.009942    0.137856    0.795533    1.282575 v _40_/Q (sky130_fd_sc_hd__dfrtp_1)
                                                         net8 (net)
                      0.137856    0.000237    1.282812 v output8/A (sky130_fd_sc_hd__buf_2)
     1    0.033971    0.164758    0.376151    1.658963 v output8/X (sky130_fd_sc_hd__buf_2)
                                                         count[5] (net)
                      0.164758    0.000617    1.659580 v count[5] (out)
                                              1.659580   data arrival time

                                 20.000000   20.000000   clock clk (rise edge)
                                  0.000000   20.000000   clock network delay (propagated)
                                 -0.250000   19.750002   clock uncertainty
                                  0.000000   19.750002   clock reconvergence pessimism
                                 -4.000000   15.750001   output external delay
                                             15.750001   data required time
---------------------------------------------------------------------------------------------
                                             15.750001   data required time
                                             -1.659580   data arrival time
---------------------------------------------------------------------------------------------
                                             14.090422   slack (MET)


Startpoint: _45_ (rising edge-triggered flip-flop clocked by clk)
Endpoint: count[2] (output port clocked by clk)
Path Group: clk
Path Type: max

Fanout         Cap        Slew       Delay        Time   Description
---------------------------------------------------------------------------------------------
                                  0.000000    0.000000   clock clk (rise edge)
                                  0.000000    0.000000   clock source latency
     1    0.010642    0.085521    0.055632    0.055632 ^ clk (in)
                                                         clk (net)
                      0.085522    0.000000    0.055632 ^ clkbuf_0_clk/A (sky130_fd_sc_hd__clkbuf_16)
     2    0.017939    0.064864    0.225595    0.281227 ^ clkbuf_0_clk/X (sky130_fd_sc_hd__clkbuf_16)
                                                         clknet_0_clk (net)
                      0.064864    0.000656    0.281883 ^ clkbuf_1_0__f_clk/A (sky130_fd_sc_hd__clkbuf_16)
     4    0.011467    0.056783    0.207132    0.489014 ^ clkbuf_1_0__f_clk/X (sky130_fd_sc_hd__clkbuf_16)
                                                         clknet_1_0__leaf_clk (net)
                      0.056783    0.000234    0.489248 ^ _45_/CLK (sky130_fd_sc_hd__dfrtp_1)
     4    0.009401    0.132906    0.791408    1.280656 v _45_/Q (sky130_fd_sc_hd__dfrtp_1)
                                                         net5 (net)
                      0.132906    0.000218    1.280874 v output5/A (sky130_fd_sc_hd__buf_2)
     1    0.034061    0.165116    0.374023    1.654897 v output5/X (sky130_fd_sc_hd__buf_2)
                                                         count[2] (net)
                      0.165116    0.000656    1.655552 v count[2] (out)
                                              1.655552   data arrival time

                                 20.000000   20.000000   clock clk (rise edge)
                                  0.000000   20.000000   clock network delay (propagated)
                                 -0.250000   19.750002   clock uncertainty
                                  0.000000   19.750002   clock reconvergence pessimism
                                 -4.000000   15.750001   output external delay
                                             15.750001   data required time
---------------------------------------------------------------------------------------------
                                             15.750001   data required time
                                             -1.655552   data arrival time
---------------------------------------------------------------------------------------------
                                             14.094449   slack (MET)


Startpoint: _41_ (rising edge-triggered flip-flop clocked by clk)
Endpoint: count[6] (output port clocked by clk)
Path Group: clk
Path Type: max

Fanout         Cap        Slew       Delay        Time   Description
---------------------------------------------------------------------------------------------
                                  0.000000    0.000000   clock clk (rise edge)
                                  0.000000    0.000000   clock source latency
     1    0.010642    0.085521    0.055632    0.055632 ^ clk (in)
                                                         clk (net)
                      0.085522    0.000000    0.055632 ^ clkbuf_0_clk/A (sky130_fd_sc_hd__clkbuf_16)
     2    0.017939    0.064864    0.225595    0.281227 ^ clkbuf_0_clk/X (sky130_fd_sc_hd__clkbuf_16)
                                                         clknet_0_clk (net)
                      0.064864    0.000504    0.281731 ^ clkbuf_1_1__f_clk/A (sky130_fd_sc_hd__clkbuf_16)
     4    0.010055    0.055001    0.205126    0.486857 ^ clkbuf_1_1__f_clk/X (sky130_fd_sc_hd__clkbuf_16)
                                                         clknet_1_1__leaf_clk (net)
                      0.055001    0.000204    0.487061 ^ _41_/CLK (sky130_fd_sc_hd__dfrtp_1)
     3    0.007255    0.113821    0.770858    1.257919 v _41_/Q (sky130_fd_sc_hd__dfrtp_1)
                                                         net9 (net)
                      0.113821    0.000087    1.258006 v output9/A (sky130_fd_sc_hd__buf_2)
     1    0.034221    0.165734    0.365315    1.623321 v output9/X (sky130_fd_sc_hd__buf_2)
                                                         count[6] (net)
                      0.165734    0.000682    1.624003 v count[6] (out)
                                              1.624003   data arrival time

                                 20.000000   20.000000   clock clk (rise edge)
                                  0.000000   20.000000   clock network delay (propagated)
                                 -0.250000   19.750002   clock uncertainty
                                  0.000000   19.750002   clock reconvergence pessimism
                                 -4.000000   15.750001   output external delay
                                             15.750001   data required time
---------------------------------------------------------------------------------------------
                                             15.750001   data required time
                                             -1.624003   data arrival time
---------------------------------------------------------------------------------------------
                                             14.125998   slack (MET)


Startpoint: _38_ (rising edge-triggered flip-flop clocked by clk)
Endpoint: count[3] (output port clocked by clk)
Path Group: clk
Path Type: max

Fanout         Cap        Slew       Delay        Time   Description
---------------------------------------------------------------------------------------------
                                  0.000000    0.000000   clock clk (rise edge)
                                  0.000000    0.000000   clock source latency
     1    0.010642    0.085521    0.055632    0.055632 ^ clk (in)
                                                         clk (net)
                      0.085522    0.000000    0.055632 ^ clkbuf_0_clk/A (sky130_fd_sc_hd__clkbuf_16)
     2    0.017939    0.064864    0.225595    0.281227 ^ clkbuf_0_clk/X (sky130_fd_sc_hd__clkbuf_16)
                                                         clknet_0_clk (net)
                      0.064864    0.000656    0.281883 ^ clkbuf_1_0__f_clk/A (sky130_fd_sc_hd__clkbuf_16)
     4    0.011467    0.056783    0.207132    0.489014 ^ clkbuf_1_0__f_clk/X (sky130_fd_sc_hd__clkbuf_16)
                                                         clknet_1_0__leaf_clk (net)
                      0.056783    0.000210    0.489224 ^ _38_/CLK (sky130_fd_sc_hd__dfrtp_1)
     3    0.006723    0.109305    0.766803    1.256027 v _38_/Q (sky130_fd_sc_hd__dfrtp_1)
                                                         net6 (net)
                      0.109305    0.000169    1.256196 v output6/A (sky130_fd_sc_hd__buf_2)
     1    0.034296    0.166045    0.363331    1.619527 v output6/X (sky130_fd_sc_hd__buf_2)
                                                         count[3] (net)
                      0.166046    0.000753    1.620280 v count[3] (out)
                                              1.620280   data arrival time

                                 20.000000   20.000000   clock clk (rise edge)
                                  0.000000   20.000000   clock network delay (propagated)
                                 -0.250000   19.750002   clock uncertainty
                                  0.000000   19.750002   clock reconvergence pessimism
                                 -4.000000   15.750001   output external delay
                                             15.750001   data required time
---------------------------------------------------------------------------------------------
                                             15.750001   data required time
                                             -1.620280   data arrival time
---------------------------------------------------------------------------------------------
                                             14.129721   slack (MET)


Startpoint: _44_ (rising edge-triggered flip-flop clocked by clk)
Endpoint: count[1] (output port clocked by clk)
Path Group: clk
Path Type: max

Fanout         Cap        Slew       Delay        Time   Description
---------------------------------------------------------------------------------------------
                                  0.000000    0.000000   clock clk (rise edge)
                                  0.000000    0.000000   clock source latency
     1    0.010642    0.085521    0.055632    0.055632 ^ clk (in)
                                                         clk (net)
                      0.085522    0.000000    0.055632 ^ clkbuf_0_clk/A (sky130_fd_sc_hd__clkbuf_16)
     2    0.017939    0.064864    0.225595    0.281227 ^ clkbuf_0_clk/X (sky130_fd_sc_hd__clkbuf_16)
                                                         clknet_0_clk (net)
                      0.064864    0.000656    0.281883 ^ clkbuf_1_0__f_clk/A (sky130_fd_sc_hd__clkbuf_16)
     4    0.011467    0.056783    0.207132    0.489014 ^ clkbuf_1_0__f_clk/X (sky130_fd_sc_hd__clkbuf_16)
                                                         clknet_1_0__leaf_clk (net)
                      0.056783    0.000241    0.489256 ^ _44_/CLK (sky130_fd_sc_hd__dfrtp_1)
     3    0.006352    0.106224    0.763367    1.252622 v _44_/Q (sky130_fd_sc_hd__dfrtp_1)
                                                         net4 (net)
                      0.106224    0.000163    1.252785 v output4/A (sky130_fd_sc_hd__buf_2)
     1    0.034165    0.165507    0.361457    1.614242 v output4/X (sky130_fd_sc_hd__buf_2)
                                                         count[1] (net)
                      0.165508    0.000706    1.614948 v count[1] (out)
                                              1.614948   data arrival time

                                 20.000000   20.000000   clock clk (rise edge)
                                  0.000000   20.000000   clock network delay (propagated)
                                 -0.250000   19.750002   clock uncertainty
                                  0.000000   19.750002   clock reconvergence pessimism
                                 -4.000000   15.750001   output external delay
                                             15.750001   data required time
---------------------------------------------------------------------------------------------
                                             15.750001   data required time
                                             -1.614948   data arrival time
---------------------------------------------------------------------------------------------
                                             14.135053   slack (MET)


Startpoint: _43_ (rising edge-triggered flip-flop clocked by clk)
Endpoint: count[0] (output port clocked by clk)
Path Group: clk
Path Type: max

Fanout         Cap        Slew       Delay        Time   Description
---------------------------------------------------------------------------------------------
                                  0.000000    0.000000   clock clk (rise edge)
                                  0.000000    0.000000   clock source latency
     1    0.010642    0.085521    0.055632    0.055632 ^ clk (in)
                                                         clk (net)
                      0.085522    0.000000    0.055632 ^ clkbuf_0_clk/A (sky130_fd_sc_hd__clkbuf_16)
     2    0.017939    0.064864    0.225595    0.281227 ^ clkbuf_0_clk/X (sky130_fd_sc_hd__clkbuf_16)
                                                         clknet_0_clk (net)
                      0.064864    0.000656    0.281883 ^ clkbuf_1_0__f_clk/A (sky130_fd_sc_hd__clkbuf_16)
     4    0.011467    0.056783    0.207132    0.489014 ^ clkbuf_1_0__f_clk/X (sky130_fd_sc_hd__clkbuf_16)
                                                         clknet_1_0__leaf_clk (net)
                      0.056783    0.000246    0.489261 ^ _43_/CLK (sky130_fd_sc_hd__dfrtp_1)
     3    0.006322    0.105978    0.763093    1.252353 v _43_/Q (sky130_fd_sc_hd__dfrtp_1)
                                                         net3 (net)
                      0.105978    0.000158    1.252511 v output3/A (sky130_fd_sc_hd__buf_2)
     1    0.034246    0.165834    0.361582    1.614093 v output3/X (sky130_fd_sc_hd__buf_2)
                                                         count[0] (net)
                      0.165835    0.000728    1.614822 v count[0] (out)
                                              1.614822   data arrival time

                                 20.000000   20.000000   clock clk (rise edge)
                                  0.000000   20.000000   clock network delay (propagated)
                                 -0.250000   19.750002   clock uncertainty
                                  0.000000   19.750002   clock reconvergence pessimism
                                 -4.000000   15.750001   output external delay
                                             15.750001   data required time
---------------------------------------------------------------------------------------------
                                             15.750001   data required time
                                             -1.614822   data arrival time
---------------------------------------------------------------------------------------------
                                             14.135180   slack (MET)


Startpoint: _42_ (rising edge-triggered flip-flop clocked by clk)
Endpoint: count[7] (output port clocked by clk)
Path Group: clk
Path Type: max

Fanout         Cap        Slew       Delay        Time   Description
---------------------------------------------------------------------------------------------
                                  0.000000    0.000000   clock clk (rise edge)
                                  0.000000    0.000000   clock source latency
     1    0.010642    0.085521    0.055632    0.055632 ^ clk (in)
                                                         clk (net)
                      0.085522    0.000000    0.055632 ^ clkbuf_0_clk/A (sky130_fd_sc_hd__clkbuf_16)
     2    0.017939    0.064864    0.225595    0.281227 ^ clkbuf_0_clk/X (sky130_fd_sc_hd__clkbuf_16)
                                                         clknet_0_clk (net)
                      0.064864    0.000504    0.281731 ^ clkbuf_1_1__f_clk/A (sky130_fd_sc_hd__clkbuf_16)
     4    0.010055    0.055001    0.205126    0.486857 ^ clkbuf_1_1__f_clk/X (sky130_fd_sc_hd__clkbuf_16)
                                                         clknet_1_1__leaf_clk (net)
                      0.055001    0.000179    0.487036 ^ _42_/CLK (sky130_fd_sc_hd__dfrtp_1)
     2    0.004552    0.092124    0.745997    1.233032 v _42_/Q (sky130_fd_sc_hd__dfrtp_1)
                                                         net10 (net)
                      0.092124    0.000121    1.233153 v output10/A (sky130_fd_sc_hd__buf_2)
     1    0.034421    0.166513    0.355448    1.588601 v output10/X (sky130_fd_sc_hd__buf_2)
                                                         count[7] (net)
                      0.166514    0.000746    1.589347 v count[7] (out)
                                              1.589347   data arrival time

                                 20.000000   20.000000   clock clk (rise edge)
                                  0.000000   20.000000   clock network delay (propagated)
                                 -0.250000   19.750002   clock uncertainty
                                  0.000000   19.750002   clock reconvergence pessimism
                                 -4.000000   15.750001   output external delay
                                             15.750001   data required time
---------------------------------------------------------------------------------------------
                                             15.750001   data required time
                                             -1.589347   data arrival time
---------------------------------------------------------------------------------------------
                                             14.160653   slack (MET)


Startpoint: en (input port clocked by clk)
Endpoint: _41_ (rising edge-triggered flip-flop clocked by clk)
Path Group: clk
Path Type: max

Fanout         Cap        Slew       Delay        Time   Description
---------------------------------------------------------------------------------------------
                                  0.000000    0.000000   clock clk (rise edge)
                                  0.000000    0.000000   clock network delay (propagated)
                                  4.000000    4.000000 ^ input external delay
     1    0.002744    0.031885    0.015498    4.015498 ^ en (in)
                                                         en (net)
                      0.031885    0.000000    4.015498 ^ input1/A (sky130_fd_sc_hd__buf_1)
     3    0.010913    0.217589    0.238860    4.254357 ^ input1/X (sky130_fd_sc_hd__buf_1)
                                                         net1 (net)
                      0.217590    0.000318    4.254676 ^ _19_/C (sky130_fd_sc_hd__and3_2)
     7    0.024792    0.233597    0.564388    4.819064 ^ _19_/X (sky130_fd_sc_hd__and3_2)
                                                         _08_ (net)
                      0.233597    0.000867    4.819931 ^ _29_/B (sky130_fd_sc_hd__and4_1)
     2    0.008648    0.178985    0.500745    5.320675 ^ _29_/X (sky130_fd_sc_hd__and4_1)
                                                         _15_ (net)
                      0.178985    0.000138    5.320813 ^ _31_/A_N (sky130_fd_sc_hd__and2b_1)
     1    0.002585    0.063838    0.397203    5.718016 v _31_/X (sky130_fd_sc_hd__and2b_1)
                                                         _03_ (net)
                      0.063838    0.000072    5.718088 v _41_/D (sky130_fd_sc_hd__dfrtp_1)
                                              5.718088   data arrival time

                                 20.000000   20.000000   clock clk (rise edge)
                                  0.000000   20.000000   clock source latency
     1    0.010642    0.085521    0.055632   20.055632 ^ clk (in)
                                                         clk (net)
                      0.085522    0.000000   20.055632 ^ clkbuf_0_clk/A (sky130_fd_sc_hd__clkbuf_16)
     2    0.017939    0.064864    0.225596   20.281227 ^ clkbuf_0_clk/X (sky130_fd_sc_hd__clkbuf_16)
                                                         clknet_0_clk (net)
                      0.064864    0.000503   20.281731 ^ clkbuf_1_1__f_clk/A (sky130_fd_sc_hd__clkbuf_16)
     4    0.010055    0.055001    0.205127   20.486856 ^ clkbuf_1_1__f_clk/X (sky130_fd_sc_hd__clkbuf_16)
                                                         clknet_1_1__leaf_clk (net)
                      0.055001    0.000204   20.487062 ^ _41_/CLK (sky130_fd_sc_hd__dfrtp_1)
                                 -0.250000   20.237062   clock uncertainty
                                  0.000000   20.237062   clock reconvergence pessimism
                                 -0.277991   19.959072   library setup time
                                             19.959072   data required time
---------------------------------------------------------------------------------------------
                                             19.959072   data required time
                                             -5.718088   data arrival time
---------------------------------------------------------------------------------------------
                                             14.240984   slack (MET)


Startpoint: en (input port clocked by clk)
Endpoint: _42_ (rising edge-triggered flip-flop clocked by clk)
Path Group: clk
Path Type: max

Fanout         Cap        Slew       Delay        Time   Description
---------------------------------------------------------------------------------------------
                                  0.000000    0.000000   clock clk (rise edge)
                                  0.000000    0.000000   clock network delay (propagated)
                                  4.000000    4.000000 v input external delay
     1    0.002615    0.017759    0.008654    4.008654 v en (in)
                                                         en (net)
                      0.017759    0.000000    4.008654 v input1/A (sky130_fd_sc_hd__buf_1)
     3    0.010340    0.128506    0.200840    4.209494 v input1/X (sky130_fd_sc_hd__buf_1)
                                                         net1 (net)
                      0.128506    0.000302    4.209795 v _19_/C (sky130_fd_sc_hd__and3_2)
     7    0.023865    0.158509    0.572804    4.782599 v _19_/X (sky130_fd_sc_hd__and3_2)
                                                         _08_ (net)
                      0.158510    0.000836    4.783435 v _29_/B (sky130_fd_sc_hd__and4_1)
     2    0.008279    0.116619    0.443209    5.226644 v _29_/X (sky130_fd_sc_hd__and4_1)
                                                         _15_ (net)
                      0.116619    0.000198    5.226842 v _32_/B (sky130_fd_sc_hd__xor2_1)
     1    0.003422    0.105819    0.286665    5.513507 v _32_/X (sky130_fd_sc_hd__xor2_1)
                                                         _04_ (net)
                      0.105819    0.000106    5.513613 v _42_/D (sky130_fd_sc_hd__dfrtp_1)
                                              5.513613   data arrival time

                                 20.000000   20.000000   clock clk (rise edge)
                                  0.000000   20.000000   clock source latency
     1    0.010642    0.085521    0.055632   20.055632 ^ clk (in)
                                                         clk (net)
                      0.085522    0.000000   20.055632 ^ clkbuf_0_clk/A (sky130_fd_sc_hd__clkbuf_16)
     2    0.017939    0.064864    0.225596   20.281227 ^ clkbuf_0_clk/X (sky130_fd_sc_hd__clkbuf_16)
                                                         clknet_0_clk (net)
                      0.064864    0.000503   20.281731 ^ clkbuf_1_1__f_clk/A (sky130_fd_sc_hd__clkbuf_16)
     4    0.010055    0.055001    0.205127   20.486856 ^ clkbuf_1_1__f_clk/X (sky130_fd_sc_hd__clkbuf_16)
                                                         clknet_1_1__leaf_clk (net)
                      0.055001    0.000179   20.487036 ^ _42_/CLK (sky130_fd_sc_hd__dfrtp_1)
                                 -0.250000   20.237038   clock uncertainty
                                  0.000000   20.237038   clock reconvergence pessimism
                                 -0.295504   19.941534   library setup time
                                             19.941534   data required time
---------------------------------------------------------------------------------------------
                                             19.941534   data required time
                                             -5.513613   data arrival time
---------------------------------------------------------------------------------------------
                                             14.427920   slack (MET)


Startpoint: en (input port clocked by clk)
Endpoint: _38_ (rising edge-triggered flip-flop clocked by clk)
Path Group: clk
Path Type: max

Fanout         Cap        Slew       Delay        Time   Description
---------------------------------------------------------------------------------------------
                                  0.000000    0.000000   clock clk (rise edge)
                                  0.000000    0.000000   clock network delay (propagated)
                                  4.000000    4.000000 v input external delay
     1    0.002615    0.017759    0.008654    4.008654 v en (in)
                                                         en (net)
                      0.017759    0.000000    4.008654 v input1/A (sky130_fd_sc_hd__buf_1)
     3    0.010340    0.128506    0.200840    4.209494 v input1/X (sky130_fd_sc_hd__buf_1)
                                                         net1 (net)
                      0.128506    0.000302    4.209795 v _19_/C (sky130_fd_sc_hd__and3_2)
     7    0.023865    0.158509    0.572804    4.782599 v _19_/X (sky130_fd_sc_hd__and3_2)
                                                         _08_ (net)
                      0.158509    0.000683    4.783281 v _22_/B (sky130_fd_sc_hd__and2_1)
     2    0.006470    0.097173    0.389734    5.173016 v _22_/X (sky130_fd_sc_hd__and2_1)
                                                         _11_ (net)
                      0.097173    0.000149    5.173165 v _23_/A2 (sky130_fd_sc_hd__o21a_1)
     1    0.002952    0.066409    0.318212    5.491377 v _23_/X (sky130_fd_sc_hd__o21a_1)
                                                         _00_ (net)
                      0.066449    0.000084    5.491461 v _38_/D (sky130_fd_sc_hd__dfrtp_1)
                                              5.491461   data arrival time

                                 20.000000   20.000000   clock clk (rise edge)
                                  0.000000   20.000000   clock source latency
     1    0.010642    0.085521    0.055632   20.055632 ^ clk (in)
                                                         clk (net)
                      0.085522    0.000000   20.055632 ^ clkbuf_0_clk/A (sky130_fd_sc_hd__clkbuf_16)
     2    0.017939    0.064864    0.225596   20.281227 ^ clkbuf_0_clk/X (sky130_fd_sc_hd__clkbuf_16)
                                                         clknet_0_clk (net)
                      0.064864    0.000655   20.281883 ^ clkbuf_1_0__f_clk/A (sky130_fd_sc_hd__clkbuf_16)
     4    0.011467    0.056783    0.207132   20.489016 ^ clkbuf_1_0__f_clk/X (sky130_fd_sc_hd__clkbuf_16)
                                                         clknet_1_0__leaf_clk (net)
                      0.056783    0.000210   20.489225 ^ _38_/CLK (sky130_fd_sc_hd__dfrtp_1)
                                 -0.250000   20.239225   clock uncertainty
                                  0.000000   20.239225   clock reconvergence pessimism
                                 -0.278605   19.960621   library setup time
                                             19.960621   data required time
---------------------------------------------------------------------------------------------
                                             19.960621   data required time
                                             -5.491461   data arrival time
---------------------------------------------------------------------------------------------
                                             14.469159   slack (MET)


Startpoint: en (input port clocked by clk)
Endpoint: _40_ (rising edge-triggered flip-flop clocked by clk)
Path Group: clk
Path Type: max

Fanout         Cap        Slew       Delay        Time   Description
---------------------------------------------------------------------------------------------
                                  0.000000    0.000000   clock clk (rise edge)
                                  0.000000    0.000000   clock network delay (propagated)
                                  4.000000    4.000000 ^ input external delay
     1    0.002744    0.031885    0.015498    4.015498 ^ en (in)
                                                         en (net)
                      0.031885    0.000000    4.015498 ^ input1/A (sky130_fd_sc_hd__buf_1)
     3    0.010913    0.217589    0.238860    4.254357 ^ input1/X (sky130_fd_sc_hd__buf_1)
                                                         net1 (net)
                      0.217590    0.000318    4.254676 ^ _19_/C (sky130_fd_sc_hd__and3_2)
     7    0.024792    0.233597    0.564388    4.819064 ^ _19_/X (sky130_fd_sc_hd__and3_2)
                                                         _08_ (net)
                      0.233597    0.000640    4.819704 ^ _21_/A (sky130_fd_sc_hd__nand2_1)
     3    0.011333    0.203677    0.265449    5.085153 v _21_/Y (sky130_fd_sc_hd__nand2_1)
                                                         _10_ (net)
                      0.203677    0.000134    5.085288 v _28_/A1 (sky130_fd_sc_hd__o21a_1)
     1    0.002122    0.059251    0.379103    5.464391 v _28_/X (sky130_fd_sc_hd__o21a_1)
                                                         _02_ (net)
                      0.059251    0.000060    5.464451 v _40_/D (sky130_fd_sc_hd__dfrtp_1)
                                              5.464451   data arrival time

                                 20.000000   20.000000   clock clk (rise edge)
                                  0.000000   20.000000   clock source latency
     1    0.010642    0.085521    0.055632   20.055632 ^ clk (in)
                                                         clk (net)
                      0.085522    0.000000   20.055632 ^ clkbuf_0_clk/A (sky130_fd_sc_hd__clkbuf_16)
     2    0.017939    0.064864    0.225596   20.281227 ^ clkbuf_0_clk/X (sky130_fd_sc_hd__clkbuf_16)
                                                         clknet_0_clk (net)
                      0.064864    0.000503   20.281731 ^ clkbuf_1_1__f_clk/A (sky130_fd_sc_hd__clkbuf_16)
     4    0.010055    0.055001    0.205127   20.486856 ^ clkbuf_1_1__f_clk/X (sky130_fd_sc_hd__clkbuf_16)
                                                         clknet_1_1__leaf_clk (net)
                      0.055001    0.000185   20.487041 ^ _40_/CLK (sky130_fd_sc_hd__dfrtp_1)
                                 -0.250000   20.237043   clock uncertainty
                                  0.000000   20.237043   clock reconvergence pessimism
                                 -0.276077   19.960964   library setup time
                                             19.960964   data required time
---------------------------------------------------------------------------------------------
                                             19.960964   data required time
                                             -5.464451   data arrival time
---------------------------------------------------------------------------------------------
                                             14.496514   slack (MET)


Startpoint: en (input port clocked by clk)
Endpoint: _39_ (rising edge-triggered flip-flop clocked by clk)
Path Group: clk
Path Type: max

Fanout         Cap        Slew       Delay        Time   Description
---------------------------------------------------------------------------------------------
                                  0.000000    0.000000   clock clk (rise edge)
                                  0.000000    0.000000   clock network delay (propagated)
                                  4.000000    4.000000 ^ input external delay
     1    0.002744    0.031885    0.015498    4.015498 ^ en (in)
                                                         en (net)
                      0.031885    0.000000    4.015498 ^ input1/A (sky130_fd_sc_hd__buf_1)
     3    0.010913    0.217589    0.238860    4.254357 ^ input1/X (sky130_fd_sc_hd__buf_1)
                                                         net1 (net)
                      0.217590    0.000318    4.254676 ^ _19_/C (sky130_fd_sc_hd__and3_2)
     7    0.024792    0.233597    0.564388    4.819064 ^ _19_/X (sky130_fd_sc_hd__and3_2)
                                                         _08_ (net)
                      0.233597    0.000640    4.819704 ^ _21_/A (sky130_fd_sc_hd__nand2_1)
     3    0.011333    0.203677    0.265449    5.085153 v _21_/Y (sky130_fd_sc_hd__nand2_1)
                                                         _10_ (net)
                      0.203677    0.000299    5.085452 v _24_/B (sky130_fd_sc_hd__xnor2_1)
     1    0.002128    0.081878    0.256652    5.342104 v _24_/Y (sky130_fd_sc_hd__xnor2_1)
                                                         _01_ (net)
                      0.081878    0.000041    5.342145 v _39_/D (sky130_fd_sc_hd__dfrtp_1)
                                              5.342145   data arrival time

                                 20.000000   20.000000   clock clk (rise edge)
                                  0.000000   20.000000   clock source latency
     1    0.010642    0.085521    0.055632   20.055632 ^ clk (in)
                                                         clk (net)
                      0.085522    0.000000   20.055632 ^ clkbuf_0_clk/A (sky130_fd_sc_hd__clkbuf_16)
     2    0.017939    0.064864    0.225596   20.281227 ^ clkbuf_0_clk/X (sky130_fd_sc_hd__clkbuf_16)
                                                         clknet_0_clk (net)
                      0.064864    0.000503   20.281731 ^ clkbuf_1_1__f_clk/A (sky130_fd_sc_hd__clkbuf_16)
     4    0.010055    0.055001    0.205127   20.486856 ^ clkbuf_1_1__f_clk/X (sky130_fd_sc_hd__clkbuf_16)
                                                         clknet_1_1__leaf_clk (net)
                      0.055001    0.000190   20.487047 ^ _39_/CLK (sky130_fd_sc_hd__dfrtp_1)
                                 -0.250000   20.237049   clock uncertainty
                                  0.000000   20.237049   clock reconvergence pessimism
                                 -0.285517   19.951530   library setup time
                                             19.951530   data required time
---------------------------------------------------------------------------------------------
                                             19.951530   data required time
                                             -5.342145   data arrival time
---------------------------------------------------------------------------------------------
                                             14.609386   slack (MET)


Startpoint: en (input port clocked by clk)
Endpoint: _45_ (rising edge-triggered flip-flop clocked by clk)
Path Group: clk
Path Type: max

Fanout         Cap        Slew       Delay        Time   Description
---------------------------------------------------------------------------------------------
                                  0.000000    0.000000   clock clk (rise edge)
                                  0.000000    0.000000   clock network delay (propagated)
                                  4.000000    4.000000 ^ input external delay
     1    0.002744    0.031885    0.015498    4.015498 ^ en (in)
                                                         en (net)
                      0.031885    0.000000    4.015498 ^ input1/A (sky130_fd_sc_hd__buf_1)
     3    0.010913    0.217589    0.238860    4.254357 ^ input1/X (sky130_fd_sc_hd__buf_1)
                                                         net1 (net)
                      0.217590    0.000318    4.254676 ^ _19_/C (sky130_fd_sc_hd__and3_2)
     7    0.024792    0.233597    0.564388    4.819064 ^ _19_/X (sky130_fd_sc_hd__and3_2)
                                                         _08_ (net)
                      0.233597    0.000713    4.819777 ^ _22_/B (sky130_fd_sc_hd__and2_1)
     2    0.006886    0.134609    0.334283    5.154060 ^ _22_/X (sky130_fd_sc_hd__and2_1)
                                                         _11_ (net)
                      0.134609    0.000157    5.154217 ^ _37_/A (sky130_fd_sc_hd__nor2_1)
     1    0.003498    0.057819    0.111562    5.265779 v _37_/Y (sky130_fd_sc_hd__nor2_1)
                                                         _07_ (net)
                      0.057819    0.000108    5.265886 v _45_/D (sky130_fd_sc_hd__dfrtp_1)
                                              5.265886   data arrival time

                                 20.000000   20.000000   clock clk (rise edge)
                                  0.000000   20.000000   clock source latency
     1    0.010642    0.085521    0.055632   20.055632 ^ clk (in)
                                                         clk (net)
                      0.085522    0.000000   20.055632 ^ clkbuf_0_clk/A (sky130_fd_sc_hd__clkbuf_16)
     2    0.017939    0.064864    0.225596   20.281227 ^ clkbuf_0_clk/X (sky130_fd_sc_hd__clkbuf_16)
                                                         clknet_0_clk (net)
                      0.064864    0.000655   20.281883 ^ clkbuf_1_0__f_clk/A (sky130_fd_sc_hd__clkbuf_16)
     4    0.011467    0.056783    0.207132   20.489016 ^ clkbuf_1_0__f_clk/X (sky130_fd_sc_hd__clkbuf_16)
                                                         clknet_1_0__leaf_clk (net)
                      0.056783    0.000233   20.489248 ^ _45_/CLK (sky130_fd_sc_hd__dfrtp_1)
                                 -0.250000   20.239248   clock uncertainty
                                  0.000000   20.239248   clock reconvergence pessimism
                                 -0.275005   19.964245   library setup time
                                             19.964245   data required time
---------------------------------------------------------------------------------------------
                                             19.964245   data required time
                                             -5.265886   data arrival time
---------------------------------------------------------------------------------------------
                                             14.698358   slack (MET)


Startpoint: en (input port clocked by clk)
Endpoint: _44_ (rising edge-triggered flip-flop clocked by clk)
Path Group: clk
Path Type: max

Fanout         Cap        Slew       Delay        Time   Description
---------------------------------------------------------------------------------------------
                                  0.000000    0.000000   clock clk (rise edge)
                                  0.000000    0.000000   clock network delay (propagated)
                                  4.000000    4.000000 ^ input external delay
     1    0.002744    0.031885    0.015498    4.015498 ^ en (in)
                                                         en (net)
                      0.031885    0.000000    4.015498 ^ input1/A (sky130_fd_sc_hd__buf_1)
     3    0.010913    0.217589    0.238860    4.254357 ^ input1/X (sky130_fd_sc_hd__buf_1)
                                                         net1 (net)
                      0.217590    0.000318    4.254676 ^ _19_/C (sky130_fd_sc_hd__and3_2)
     7    0.024792    0.233597    0.564388    4.819064 ^ _19_/X (sky130_fd_sc_hd__and3_2)
                                                         _08_ (net)
                      0.233597    0.000612    4.819676 ^ _35_/A (sky130_fd_sc_hd__nor2_1)
     1    0.002303    0.065702    0.142238    4.961914 v _35_/Y (sky130_fd_sc_hd__nor2_1)
                                                         _06_ (net)
                      0.065702    0.000065    4.961979 v _44_/D (sky130_fd_sc_hd__dfrtp_1)
                                              4.961979   data arrival time

                                 20.000000   20.000000   clock clk (rise edge)
                                  0.000000   20.000000   clock source latency
     1    0.010642    0.085521    0.055632   20.055632 ^ clk (in)
                                                         clk (net)
                      0.085522    0.000000   20.055632 ^ clkbuf_0_clk/A (sky130_fd_sc_hd__clkbuf_16)
     2    0.017939    0.064864    0.225596   20.281227 ^ clkbuf_0_clk/X (sky130_fd_sc_hd__clkbuf_16)
                                                         clknet_0_clk (net)
                      0.064864    0.000655   20.281883 ^ clkbuf_1_0__f_clk/A (sky130_fd_sc_hd__clkbuf_16)
     4    0.011467    0.056783    0.207132   20.489016 ^ clkbuf_1_0__f_clk/X (sky130_fd_sc_hd__clkbuf_16)
                                                         clknet_1_0__leaf_clk (net)
                      0.056783    0.000240   20.489256 ^ _44_/CLK (sky130_fd_sc_hd__dfrtp_1)
                                 -0.250000   20.239256   clock uncertainty
                                  0.000000   20.239256   clock reconvergence pessimism
                                 -0.278294   19.960962   library setup time
                                             19.960962   data required time
---------------------------------------------------------------------------------------------
                                             19.960962   data required time
                                             -4.961979   data arrival time
---------------------------------------------------------------------------------------------
                                             14.998983   slack (MET)


Startpoint: en (input port clocked by clk)
Endpoint: _43_ (rising edge-triggered flip-flop clocked by clk)
Path Group: clk
Path Type: max

Fanout         Cap        Slew       Delay        Time   Description
---------------------------------------------------------------------------------------------
                                  0.000000    0.000000   clock clk (rise edge)
                                  0.000000    0.000000   clock network delay (propagated)
                                  4.000000    4.000000 v input external delay
     1    0.002615    0.017759    0.008654    4.008654 v en (in)
                                                         en (net)
                      0.017759    0.000000    4.008654 v input1/A (sky130_fd_sc_hd__buf_1)
     3    0.010340    0.128506    0.200840    4.209494 v input1/X (sky130_fd_sc_hd__buf_1)
                                                         net1 (net)
                      0.128506    0.000311    4.209805 v _33_/B (sky130_fd_sc_hd__xor2_1)
     1    0.002624    0.099555    0.283101    4.492906 v _33_/X (sky130_fd_sc_hd__xor2_1)
                                                         _05_ (net)
                      0.099555    0.000080    4.492986 v _43_/D (sky130_fd_sc_hd__dfrtp_1)
                                              4.492986   data arrival time

                                 20.000000   20.000000   clock clk (rise edge)
                                  0.000000   20.000000   clock source latency
     1    0.010642    0.085521    0.055632   20.055632 ^ clk (in)
                                                         clk (net)
                      0.085522    0.000000   20.055632 ^ clkbuf_0_clk/A (sky130_fd_sc_hd__clkbuf_16)
     2    0.017939    0.064864    0.225596   20.281227 ^ clkbuf_0_clk/X (sky130_fd_sc_hd__clkbuf_16)
                                                         clknet_0_clk (net)
                      0.064864    0.000655   20.281883 ^ clkbuf_1_0__f_clk/A (sky130_fd_sc_hd__clkbuf_16)
     4    0.011467    0.056783    0.207132   20.489016 ^ clkbuf_1_0__f_clk/X (sky130_fd_sc_hd__clkbuf_16)
                                                         clknet_1_0__leaf_clk (net)
                      0.056783    0.000245   20.489260 ^ _43_/CLK (sky130_fd_sc_hd__dfrtp_1)
                                 -0.250000   20.239262   clock uncertainty
                                  0.000000   20.239262   clock reconvergence pessimism
                                 -0.292416   19.946846   library setup time
                                             19.946846   data required time
---------------------------------------------------------------------------------------------
                                             19.946846   data required time
                                             -4.492986   data arrival time
---------------------------------------------------------------------------------------------
                                             15.453861   slack (MET)


Startpoint: rst_n (input port clocked by clk)
Endpoint: _40_ (recovery check against rising-edge clock clk)
Path Group: asynchronous
Path Type: max

Fanout         Cap        Slew       Delay        Time   Description
---------------------------------------------------------------------------------------------
                                  0.000000    0.000000   clock clk (rise edge)
                                  0.000000    0.000000   clock network delay (propagated)
                                  4.000000    4.000000 ^ input external delay
     1    0.002396    0.029588    0.013659    4.013659 ^ rst_n (in)
                                                         rst_n (net)
                      0.029588    0.000000    4.013659 ^ input2/A (sky130_fd_sc_hd__buf_2)
     8    0.035121    0.278466    0.329323    4.342982 ^ input2/X (sky130_fd_sc_hd__buf_2)
                                                         net2 (net)
                      0.278466    0.000798    4.343779 ^ _40_/RESET_B (sky130_fd_sc_hd__dfrtp_1)
                                              4.343779   data arrival time

                                 20.000000   20.000000   clock clk (rise edge)
                                  0.000000   20.000000   clock source latency
     1    0.010642    0.085521    0.055632   20.055632 ^ clk (in)
                                                         clk (net)
                      0.085522    0.000000   20.055632 ^ clkbuf_0_clk/A (sky130_fd_sc_hd__clkbuf_16)
     2    0.017939    0.064864    0.225596   20.281227 ^ clkbuf_0_clk/X (sky130_fd_sc_hd__clkbuf_16)
                                                         clknet_0_clk (net)
                      0.064864    0.000503   20.281731 ^ clkbuf_1_1__f_clk/A (sky130_fd_sc_hd__clkbuf_16)
     4    0.010055    0.055001    0.205127   20.486856 ^ clkbuf_1_1__f_clk/X (sky130_fd_sc_hd__clkbuf_16)
                                                         clknet_1_1__leaf_clk (net)
                      0.055001    0.000185   20.487041 ^ _40_/CLK (sky130_fd_sc_hd__dfrtp_1)
                                 -0.250000   20.237043   clock uncertainty
                                  0.000000   20.237043   clock reconvergence pessimism
                                  0.380286   20.617329   library recovery time
                                             20.617329   data required time
---------------------------------------------------------------------------------------------
                                             20.617329   data required time
                                             -4.343779   data arrival time
---------------------------------------------------------------------------------------------
                                             16.273550   slack (MET)


Startpoint: rst_n (input port clocked by clk)
Endpoint: _39_ (recovery check against rising-edge clock clk)
Path Group: asynchronous
Path Type: max

Fanout         Cap        Slew       Delay        Time   Description
---------------------------------------------------------------------------------------------
                                  0.000000    0.000000   clock clk (rise edge)
                                  0.000000    0.000000   clock network delay (propagated)
                                  4.000000    4.000000 ^ input external delay
     1    0.002396    0.029588    0.013659    4.013659 ^ rst_n (in)
                                                         rst_n (net)
                      0.029588    0.000000    4.013659 ^ input2/A (sky130_fd_sc_hd__buf_2)
     8    0.035121    0.278466    0.329323    4.342982 ^ input2/X (sky130_fd_sc_hd__buf_2)
                                                         net2 (net)
                      0.278466    0.000618    4.343599 ^ _39_/RESET_B (sky130_fd_sc_hd__dfrtp_1)
                                              4.343599   data arrival time

                                 20.000000   20.000000   clock clk (rise edge)
                                  0.000000   20.000000   clock source latency
     1    0.010642    0.085521    0.055632   20.055632 ^ clk (in)
                                                         clk (net)
                      0.085522    0.000000   20.055632 ^ clkbuf_0_clk/A (sky130_fd_sc_hd__clkbuf_16)
     2    0.017939    0.064864    0.225596   20.281227 ^ clkbuf_0_clk/X (sky130_fd_sc_hd__clkbuf_16)
                                                         clknet_0_clk (net)
                      0.064864    0.000503   20.281731 ^ clkbuf_1_1__f_clk/A (sky130_fd_sc_hd__clkbuf_16)
     4    0.010055    0.055001    0.205127   20.486856 ^ clkbuf_1_1__f_clk/X (sky130_fd_sc_hd__clkbuf_16)
                                                         clknet_1_1__leaf_clk (net)
                      0.055001    0.000190   20.487047 ^ _39_/CLK (sky130_fd_sc_hd__dfrtp_1)
                                 -0.250000   20.237049   clock uncertainty
                                  0.000000   20.237049   clock reconvergence pessimism
                                  0.380286   20.617334   library recovery time
                                             20.617334   data required time
---------------------------------------------------------------------------------------------
                                             20.617334   data required time
                                             -4.343599   data arrival time
---------------------------------------------------------------------------------------------
                                             16.273735   slack (MET)


Startpoint: rst_n (input port clocked by clk)
Endpoint: _41_ (recovery check against rising-edge clock clk)
Path Group: asynchronous
Path Type: max

Fanout         Cap        Slew       Delay        Time   Description
---------------------------------------------------------------------------------------------
                                  0.000000    0.000000   clock clk (rise edge)
                                  0.000000    0.000000   clock network delay (propagated)
                                  4.000000    4.000000 ^ input external delay
     1    0.002396    0.029588    0.013659    4.013659 ^ rst_n (in)
                                                         rst_n (net)
                      0.029588    0.000000    4.013659 ^ input2/A (sky130_fd_sc_hd__buf_2)
     8    0.035121    0.278466    0.329323    4.342982 ^ input2/X (sky130_fd_sc_hd__buf_2)
                                                         net2 (net)
                      0.278466    0.000489    4.343471 ^ _41_/RESET_B (sky130_fd_sc_hd__dfrtp_1)
                                              4.343471   data arrival time

                                 20.000000   20.000000   clock clk (rise edge)
                                  0.000000   20.000000   clock source latency
     1    0.010642    0.085521    0.055632   20.055632 ^ clk (in)
                                                         clk (net)
                      0.085522    0.000000   20.055632 ^ clkbuf_0_clk/A (sky130_fd_sc_hd__clkbuf_16)
     2    0.017939    0.064864    0.225596   20.281227 ^ clkbuf_0_clk/X (sky130_fd_sc_hd__clkbuf_16)
                                                         clknet_0_clk (net)
                      0.064864    0.000503   20.281731 ^ clkbuf_1_1__f_clk/A (sky130_fd_sc_hd__clkbuf_16)
     4    0.010055    0.055001    0.205127   20.486856 ^ clkbuf_1_1__f_clk/X (sky130_fd_sc_hd__clkbuf_16)
                                                         clknet_1_1__leaf_clk (net)
                      0.055001    0.000204   20.487062 ^ _41_/CLK (sky130_fd_sc_hd__dfrtp_1)
                                 -0.250000   20.237062   clock uncertainty
                                  0.000000   20.237062   clock reconvergence pessimism
                                  0.380286   20.617348   library recovery time
                                             20.617348   data required time
---------------------------------------------------------------------------------------------
                                             20.617348   data required time
                                             -4.343471   data arrival time
---------------------------------------------------------------------------------------------
                                             16.273876   slack (MET)


Startpoint: rst_n (input port clocked by clk)
Endpoint: _42_ (recovery check against rising-edge clock clk)
Path Group: asynchronous
Path Type: max

Fanout         Cap        Slew       Delay        Time   Description
---------------------------------------------------------------------------------------------
                                  0.000000    0.000000   clock clk (rise edge)
                                  0.000000    0.000000   clock network delay (propagated)
                                  4.000000    4.000000 ^ input external delay
     1    0.002396    0.029588    0.013659    4.013659 ^ rst_n (in)
                                                         rst_n (net)
                      0.029588    0.000000    4.013659 ^ input2/A (sky130_fd_sc_hd__buf_2)
     8    0.035121    0.278466    0.329323    4.342982 ^ input2/X (sky130_fd_sc_hd__buf_2)
                                                         net2 (net)
                      0.278466    0.000462    4.343443 ^ _42_/RESET_B (sky130_fd_sc_hd__dfrtp_1)
                                              4.343443   data arrival time

                                 20.000000   20.000000   clock clk (rise edge)
                                  0.000000   20.000000   clock source latency
     1    0.010642    0.085521    0.055632   20.055632 ^ clk (in)
                                                         clk (net)
                      0.085522    0.000000   20.055632 ^ clkbuf_0_clk/A (sky130_fd_sc_hd__clkbuf_16)
     2    0.017939    0.064864    0.225596   20.281227 ^ clkbuf_0_clk/X (sky130_fd_sc_hd__clkbuf_16)
                                                         clknet_0_clk (net)
                      0.064864    0.000503   20.281731 ^ clkbuf_1_1__f_clk/A (sky130_fd_sc_hd__clkbuf_16)
     4    0.010055    0.055001    0.205127   20.486856 ^ clkbuf_1_1__f_clk/X (sky130_fd_sc_hd__clkbuf_16)
                                                         clknet_1_1__leaf_clk (net)
                      0.055001    0.000179   20.487036 ^ _42_/CLK (sky130_fd_sc_hd__dfrtp_1)
                                 -0.250000   20.237038   clock uncertainty
                                  0.000000   20.237038   clock reconvergence pessimism
                                  0.380286   20.617323   library recovery time
                                             20.617323   data required time
---------------------------------------------------------------------------------------------
                                             20.617323   data required time
                                             -4.343443   data arrival time
---------------------------------------------------------------------------------------------
                                             16.273880   slack (MET)


Startpoint: rst_n (input port clocked by clk)
Endpoint: _43_ (recovery check against rising-edge clock clk)
Path Group: asynchronous
Path Type: max

Fanout         Cap        Slew       Delay        Time   Description
---------------------------------------------------------------------------------------------
                                  0.000000    0.000000   clock clk (rise edge)
                                  0.000000    0.000000   clock network delay (propagated)
                                  4.000000    4.000000 ^ input external delay
     1    0.002396    0.029588    0.013659    4.013659 ^ rst_n (in)
                                                         rst_n (net)
                      0.029588    0.000000    4.013659 ^ input2/A (sky130_fd_sc_hd__buf_2)
     8    0.035121    0.278466    0.329323    4.342982 ^ input2/X (sky130_fd_sc_hd__buf_2)
                                                         net2 (net)
                      0.278468    0.001320    4.344302 ^ _43_/RESET_B (sky130_fd_sc_hd__dfrtp_1)
                                              4.344302   data arrival time

                                 20.000000   20.000000   clock clk (rise edge)
                                  0.000000   20.000000   clock source latency
     1    0.010642    0.085521    0.055632   20.055632 ^ clk (in)
                                                         clk (net)
                      0.085522    0.000000   20.055632 ^ clkbuf_0_clk/A (sky130_fd_sc_hd__clkbuf_16)
     2    0.017939    0.064864    0.225596   20.281227 ^ clkbuf_0_clk/X (sky130_fd_sc_hd__clkbuf_16)
                                                         clknet_0_clk (net)
                      0.064864    0.000655   20.281883 ^ clkbuf_1_0__f_clk/A (sky130_fd_sc_hd__clkbuf_16)
     4    0.011467    0.056783    0.207132   20.489016 ^ clkbuf_1_0__f_clk/X (sky130_fd_sc_hd__clkbuf_16)
                                                         clknet_1_0__leaf_clk (net)
                      0.056783    0.000245   20.489260 ^ _43_/CLK (sky130_fd_sc_hd__dfrtp_1)
                                 -0.250000   20.239262   clock uncertainty
                                  0.000000   20.239262   clock reconvergence pessimism
                                  0.380888   20.620150   library recovery time
                                             20.620150   data required time
---------------------------------------------------------------------------------------------
                                             20.620150   data required time
                                             -4.344302   data arrival time
---------------------------------------------------------------------------------------------
                                             16.275848   slack (MET)


Startpoint: rst_n (input port clocked by clk)
Endpoint: _44_ (recovery check against rising-edge clock clk)
Path Group: asynchronous
Path Type: max

Fanout         Cap        Slew       Delay        Time   Description
---------------------------------------------------------------------------------------------
                                  0.000000    0.000000   clock clk (rise edge)
                                  0.000000    0.000000   clock network delay (propagated)
                                  4.000000    4.000000 ^ input external delay
     1    0.002396    0.029588    0.013659    4.013659 ^ rst_n (in)
                                                         rst_n (net)
                      0.029588    0.000000    4.013659 ^ input2/A (sky130_fd_sc_hd__buf_2)
     8    0.035121    0.278466    0.329323    4.342982 ^ input2/X (sky130_fd_sc_hd__buf_2)
                                                         net2 (net)
                      0.278468    0.001308    4.344289 ^ _44_/RESET_B (sky130_fd_sc_hd__dfrtp_1)
                                              4.344289   data arrival time

                                 20.000000   20.000000   clock clk (rise edge)
                                  0.000000   20.000000   clock source latency
     1    0.010642    0.085521    0.055632   20.055632 ^ clk (in)
                                                         clk (net)
                      0.085522    0.000000   20.055632 ^ clkbuf_0_clk/A (sky130_fd_sc_hd__clkbuf_16)
     2    0.017939    0.064864    0.225596   20.281227 ^ clkbuf_0_clk/X (sky130_fd_sc_hd__clkbuf_16)
                                                         clknet_0_clk (net)
                      0.064864    0.000655   20.281883 ^ clkbuf_1_0__f_clk/A (sky130_fd_sc_hd__clkbuf_16)
     4    0.011467    0.056783    0.207132   20.489016 ^ clkbuf_1_0__f_clk/X (sky130_fd_sc_hd__clkbuf_16)
                                                         clknet_1_0__leaf_clk (net)
                      0.056783    0.000240   20.489256 ^ _44_/CLK (sky130_fd_sc_hd__dfrtp_1)
                                 -0.250000   20.239256   clock uncertainty
                                  0.000000   20.239256   clock reconvergence pessimism
                                  0.380888   20.620144   library recovery time
                                             20.620144   data required time
---------------------------------------------------------------------------------------------
                                             20.620144   data required time
                                             -4.344289   data arrival time
---------------------------------------------------------------------------------------------
                                             16.275856   slack (MET)


Startpoint: rst_n (input port clocked by clk)
Endpoint: _38_ (recovery check against rising-edge clock clk)
Path Group: asynchronous
Path Type: max

Fanout         Cap        Slew       Delay        Time   Description
---------------------------------------------------------------------------------------------
                                  0.000000    0.000000   clock clk (rise edge)
                                  0.000000    0.000000   clock network delay (propagated)
                                  4.000000    4.000000 ^ input external delay
     1    0.002396    0.029588    0.013659    4.013659 ^ rst_n (in)
                                                         rst_n (net)
                      0.029588    0.000000    4.013659 ^ input2/A (sky130_fd_sc_hd__buf_2)
     8    0.035121    0.278466    0.329323    4.342982 ^ input2/X (sky130_fd_sc_hd__buf_2)
                                                         net2 (net)
                      0.278467    0.001189    4.344171 ^ _38_/RESET_B (sky130_fd_sc_hd__dfrtp_1)
                                              4.344171   data arrival time

                                 20.000000   20.000000   clock clk (rise edge)
                                  0.000000   20.000000   clock source latency
     1    0.010642    0.085521    0.055632   20.055632 ^ clk (in)
                                                         clk (net)
                      0.085522    0.000000   20.055632 ^ clkbuf_0_clk/A (sky130_fd_sc_hd__clkbuf_16)
     2    0.017939    0.064864    0.225596   20.281227 ^ clkbuf_0_clk/X (sky130_fd_sc_hd__clkbuf_16)
                                                         clknet_0_clk (net)
                      0.064864    0.000655   20.281883 ^ clkbuf_1_0__f_clk/A (sky130_fd_sc_hd__clkbuf_16)
     4    0.011467    0.056783    0.207132   20.489016 ^ clkbuf_1_0__f_clk/X (sky130_fd_sc_hd__clkbuf_16)
                                                         clknet_1_0__leaf_clk (net)
                      0.056783    0.000210   20.489225 ^ _38_/CLK (sky130_fd_sc_hd__dfrtp_1)
                                 -0.250000   20.239225   clock uncertainty
                                  0.000000   20.239225   clock reconvergence pessimism
                                  0.380888   20.620113   library recovery time
                                             20.620113   data required time
---------------------------------------------------------------------------------------------
                                             20.620113   data required time
                                             -4.344171   data arrival time
---------------------------------------------------------------------------------------------
                                             16.275944   slack (MET)


Startpoint: rst_n (input port clocked by clk)
Endpoint: _45_ (recovery check against rising-edge clock clk)
Path Group: asynchronous
Path Type: max

Fanout         Cap        Slew       Delay        Time   Description
---------------------------------------------------------------------------------------------
                                  0.000000    0.000000   clock clk (rise edge)
                                  0.000000    0.000000   clock network delay (propagated)
                                  4.000000    4.000000 ^ input external delay
     1    0.002396    0.029588    0.013659    4.013659 ^ rst_n (in)
                                                         rst_n (net)
                      0.029588    0.000000    4.013659 ^ input2/A (sky130_fd_sc_hd__buf_2)
     8    0.035121    0.278466    0.329323    4.342982 ^ input2/X (sky130_fd_sc_hd__buf_2)
                                                         net2 (net)
                      0.278467    0.001188    4.344170 ^ _45_/RESET_B (sky130_fd_sc_hd__dfrtp_1)
                                              4.344170   data arrival time

                                 20.000000   20.000000   clock clk (rise edge)
                                  0.000000   20.000000   clock source latency
     1    0.010642    0.085521    0.055632   20.055632 ^ clk (in)
                                                         clk (net)
                      0.085522    0.000000   20.055632 ^ clkbuf_0_clk/A (sky130_fd_sc_hd__clkbuf_16)
     2    0.017939    0.064864    0.225596   20.281227 ^ clkbuf_0_clk/X (sky130_fd_sc_hd__clkbuf_16)
                                                         clknet_0_clk (net)
                      0.064864    0.000655   20.281883 ^ clkbuf_1_0__f_clk/A (sky130_fd_sc_hd__clkbuf_16)
     4    0.011467    0.056783    0.207132   20.489016 ^ clkbuf_1_0__f_clk/X (sky130_fd_sc_hd__clkbuf_16)
                                                         clknet_1_0__leaf_clk (net)
                      0.056783    0.000233   20.489248 ^ _45_/CLK (sky130_fd_sc_hd__dfrtp_1)
                                 -0.250000   20.239248   clock uncertainty
                                  0.000000   20.239248   clock reconvergence pessimism
                                  0.380888   20.620138   library recovery time
                                             20.620138   data required time
---------------------------------------------------------------------------------------------
                                             20.620138   data required time
                                             -4.344170   data arrival time
---------------------------------------------------------------------------------------------
                                             16.275969   slack (MET)



