OpenROAD f552262465b0bfef8f097e258f94bc501d01e19d 
Features included (+) or not (-): +GPU +GUI +Python
This program is licensed under the BSD-3 license. See the LICENSE file for details.
Components of this program may be licensed under more restrictive licenses which must be honored.
[INFO ORD-0030] Using 12 thread(s).
read_liberty /opt/eda/orfs-6101364b/flow/platforms/sky130hd/lib/sky130_fd_sc_hd__tt_025C_1v80.lib
read_liberty /mnt/d/TKVM_ATTT_2026_test/codeachip_packed/flow/macros/sky130_sram_1rw_24x128_TT_1p8V_25C.lib
read_db /root/cac_runs/ntt_packed_12ns/results/sky130hd/cac_ntt_packed_12ns/base/5_1_grt.odb
read_sdc /root/cac_runs/ntt_packed_12ns/results/sky130hd/cac_ntt_packed_12ns/base/5_1_grt.sdc
source /opt/eda/orfs-6101364b/flow/platforms/sky130hd/setRC.tcl
detailed_route -output_drc /root/cac_runs/ntt_packed_12ns/reports/sky130hd/cac_ntt_packed_12ns/base/5_route_drc.rpt -output_maze /root/cac_runs/ntt_packed_12ns/results/sky130hd/cac_ntt_packed_12ns/base/maze.log -droute_end_iter 64 -verbose 1 -drc_report_iter_step 5
[INFO DRT-0149] Reading tech and libs.
[WARNING DRT-0349] LEF58_ENCLOSURE with no CUTCLASS is not supported. Skipping for layer mcon
[WARNING DRT-0349] LEF58_ENCLOSURE with no CUTCLASS is not supported. Skipping for layer mcon
[WARNING DRT-0349] LEF58_ENCLOSURE with no CUTCLASS is not supported. Skipping for layer via
[WARNING DRT-0349] LEF58_ENCLOSURE with no CUTCLASS is not supported. Skipping for layer via
[WARNING DRT-0349] LEF58_ENCLOSURE with no CUTCLASS is not supported. Skipping for layer via2
[WARNING DRT-0349] LEF58_ENCLOSURE with no CUTCLASS is not supported. Skipping for layer via2
[WARNING DRT-0349] LEF58_ENCLOSURE with no CUTCLASS is not supported. Skipping for layer via3
[WARNING DRT-0349] LEF58_ENCLOSURE with no CUTCLASS is not supported. Skipping for layer via3
[WARNING DRT-0349] LEF58_ENCLOSURE with no CUTCLASS is not supported. Skipping for layer via4
[WARNING DRT-0349] LEF58_ENCLOSURE with no CUTCLASS is not supported. Skipping for layer via4

Units:                1000
Number of layers:     13
Number of macros:     442
Number of vias:       30
Number of viarulegen: 25

[INFO DRT-0150] Reading design.

Design:                   kyber_ntt_engine_packed
Die area:                 ( 0 0 ) ( 760000 470000 )
Number of track patterns: 12
Number of DEF vias:       0
Number of components:     10954
Number of terminals:      57
Number of snets:          2
Number of nets:           8939

[WARNING DRT-0418] Term u_sram.u_macro/din0[0] has no pins on routing grid
[WARNING DRT-0418] Term u_sram.u_macro/din0[3] has no pins on routing grid
[WARNING DRT-0418] Term u_sram.u_macro/din0[6] has no pins on routing grid
[WARNING DRT-0418] Term u_sram.u_macro/din0[8] has no pins on routing grid
[WARNING DRT-0418] Term u_sram.u_macro/din0[9] has no pins on routing grid
[WARNING DRT-0418] Term u_sram.u_macro/din0[11] has no pins on routing grid
[WARNING DRT-0418] Term u_sram.u_macro/din0[12] has no pins on routing grid
[WARNING DRT-0418] Term u_sram.u_macro/din0[14] has no pins on routing grid
[WARNING DRT-0418] Term u_sram.u_macro/din0[15] has no pins on routing grid
[WARNING DRT-0418] Term u_sram.u_macro/din0[17] has no pins on routing grid
[WARNING DRT-0418] Term u_sram.u_macro/din0[18] has no pins on routing grid
[WARNING DRT-0418] Term u_sram.u_macro/din0[20] has no pins on routing grid
[WARNING DRT-0418] Term u_sram.u_macro/din0[21] has no pins on routing grid
[WARNING DRT-0418] Term u_sram.u_macro/din0[23] has no pins on routing grid
[WARNING DRT-0418] Term u_sram.u_macro/addr0[0] has no pins on routing grid
[WARNING DRT-0418] Term u_sram.u_macro/addr0[1] has no pins on routing grid
[WARNING DRT-0418] Term u_sram.u_macro/addr0[5] has no pins on routing grid
[WARNING DRT-0418] Term u_sram.u_macro/addr0[6] has no pins on routing grid
[WARNING DRT-0418] Term u_sram.u_macro/addr0[7] has no pins on routing grid
[WARNING DRT-0418] Term u_sram.u_macro/web0 has no pins on routing grid
[WARNING DRT-0418] Term u_sram.u_macro/wmask0[0] has no pins on routing grid
[WARNING DRT-0418] Term u_sram.u_macro/wmask0[1] has no pins on routing grid
[WARNING DRT-0418] Term u_sram.u_macro/dout0[2] has no pins on routing grid
[WARNING DRT-0418] Term u_sram.u_macro/dout0[3] has no pins on routing grid
[WARNING DRT-0418] Term u_sram.u_macro/dout0[4] has no pins on routing grid
[WARNING DRT-0418] Term u_sram.u_macro/dout0[7] has no pins on routing grid
[WARNING DRT-0418] Term u_sram.u_macro/dout0[11] has no pins on routing grid
[WARNING DRT-0418] Term u_sram.u_macro/dout0[12] has no pins on routing grid
[WARNING DRT-0418] Term u_sram.u_macro/dout0[14] has no pins on routing grid
[WARNING DRT-0418] Term u_sram.u_macro/dout0[15] has no pins on routing grid
[WARNING DRT-0418] Term u_sram.u_macro/dout0[16] has no pins on routing grid
[WARNING DRT-0418] Term u_sram.u_macro/dout0[18] has no pins on routing grid
[WARNING DRT-0418] Term u_sram.u_macro/dout0[19] has no pins on routing grid
[INFO DRT-0167] List of default vias:
  Layer via
    default via: M1M2_PR
  Layer via2
    default via: M2M3_PR
  Layer via3
    default via: M3M4_PR
  Layer via4
    default via: M4M5_PR
[INFO DRT-0162] Library cell analysis.
[INFO DRT-0163] Instance analysis.
[INFO DRT-0164] Number of unique instances = 300.
[INFO DRT-0168] Init region query.
[INFO DRT-0024]   Complete FR_MASTERSLICE.
[INFO DRT-0024]   Complete Fr_VIA.
[INFO DRT-0024]   Complete li1.
[INFO DRT-0024]   Complete mcon.
[INFO DRT-0024]   Complete met1.
[INFO DRT-0024]   Complete via.
[INFO DRT-0024]   Complete met2.
[INFO DRT-0024]   Complete via2.
[INFO DRT-0024]   Complete met3.
[INFO DRT-0024]   Complete via3.
[INFO DRT-0024]   Complete met4.
[INFO DRT-0024]   Complete via4.
[INFO DRT-0024]   Complete met5.
[INFO DRT-0033] FR_MASTERSLICE shape region query size = 0.
[INFO DRT-0033] FR_VIA shape region query size = 0.
[INFO DRT-0033] li1 shape region query size = 243123.
[INFO DRT-0033] mcon shape region query size = 134286.
[INFO DRT-0033] met1 shape region query size = 39919.
[INFO DRT-0033] via shape region query size = 13050.
[INFO DRT-0033] met2 shape region query size = 7857.
[INFO DRT-0033] via2 shape region query size = 10440.
[INFO DRT-0033] met3 shape region query size = 7885.
[INFO DRT-0033] via3 shape region query size = 10440.
[INFO DRT-0033] met4 shape region query size = 3375.
[INFO DRT-0033] via4 shape region query size = 537.
[INFO DRT-0033] met5 shape region query size = 603.
[INFO DRT-0165] Start pin access.
[INFO DRT-0076]   Complete 1000 pins.
[INFO DRT-0076]   Complete 2000 pins.
[INFO DRT-0078]   Complete 2509 pins.
[INFO DRT-0079]   Complete 100 unique inst patterns.
[INFO DRT-0079]   Complete 200 unique inst patterns.
[INFO DRT-0081]   Complete 299 unique inst patterns.
[INFO DRT-0084]   Complete 5680 groups.
#scanned instances     = 10954
#unique  instances     = 300
#stdCellGenAp          = 10853
#stdCellValidPlanarAp  = 133
#stdCellValidViaAp     = 7246
#stdCellPinNoAp        = 8
#stdCellPinCnt         = 30964
#instTermValidViaApCnt = 0
#macroGenAp            = 123
#macroValidPlanarAp    = 102
#macroValidViaAp       = 0
#macroNoAp             = 0
[INFO DRT-0166] Complete pin access.
[INFO DRT-0267] cpu time = 00:06:23, elapsed time = 00:00:59, memory = 316.80 (MB), peak = 316.50 (MB)

[INFO DRT-0157] Number of guides:     74169

[INFO DRT-0169] Post process guides.
[INFO DRT-0176] GCELLGRID X 0 DO 110 STEP 6900 ;
[INFO DRT-0177] GCELLGRID Y 0 DO 68 STEP 6900 ;
[INFO DRT-0028]   Complete FR_MASTERSLICE.
[INFO DRT-0028]   Complete Fr_VIA.
[INFO DRT-0028]   Complete li1.
[INFO DRT-0028]   Complete mcon.
[INFO DRT-0028]   Complete met1.
[INFO DRT-0028]   Complete via.
[INFO DRT-0028]   Complete met2.
[INFO DRT-0028]   Complete via2.
[INFO DRT-0028]   Complete met3.
[INFO DRT-0028]   Complete via3.
[INFO DRT-0028]   Complete met4.
[INFO DRT-0028]   Complete via4.
[INFO DRT-0028]   Complete met5.
[INFO DRT-0178] Init guide query.
[INFO DRT-0035]   Complete FR_MASTERSLICE (guide).
[INFO DRT-0035]   Complete Fr_VIA (guide).
[INFO DRT-0035]   Complete li1 (guide).
[INFO DRT-0035]   Complete mcon (guide).
[INFO DRT-0035]   Complete met1 (guide).
[INFO DRT-0035]   Complete via (guide).
[INFO DRT-0035]   Complete met2 (guide).
[INFO DRT-0035]   Complete via2 (guide).
[INFO DRT-0035]   Complete met3 (guide).
[INFO DRT-0035]   Complete via3 (guide).
[INFO DRT-0035]   Complete met4 (guide).
[INFO DRT-0035]   Complete via4 (guide).
[INFO DRT-0035]   Complete met5 (guide).
[INFO DRT-0036] FR_MASTERSLICE guide region query size = 0.
[INFO DRT-0036] FR_VIA guide region query size = 0.
[INFO DRT-0036] li1 guide region query size = 24852.
[INFO DRT-0036] mcon guide region query size = 0.
[INFO DRT-0036] met1 guide region query size = 22008.
[INFO DRT-0036] via guide region query size = 0.
[INFO DRT-0036] met2 guide region query size = 10792.
[INFO DRT-0036] via2 guide region query size = 0.
[INFO DRT-0036] met3 guide region query size = 1655.
[INFO DRT-0036] via3 guide region query size = 0.
[INFO DRT-0036] met4 guide region query size = 509.
[INFO DRT-0036] via4 guide region query size = 0.
[INFO DRT-0036] met5 guide region query size = 68.
[INFO DRT-0179] Init gr pin query.
[INFO DRT-0267] cpu time = 00:00:00, elapsed time = 00:00:00, memory = 341.09 (MB), peak = 340.10 (MB)
[INFO DRT-0245] skipped writing guide updates to database.
[INFO DRT-0181] Start track assignment.
[INFO DRT-0184] Done with 36153 vertical wires in 3 frboxes and 23731 horizontal wires in 2 frboxes.
[INFO DRT-0186] Done with 4458 vertical wires in 3 frboxes and 10872 horizontal wires in 2 frboxes.
[INFO DRT-0182] Complete track assignment.
[INFO DRT-0267] cpu time = 00:00:06, elapsed time = 00:00:03, memory = 478.51 (MB), peak = 477.48 (MB)
[INFO DRT-0187] Start routing data preparation.
[INFO DRT-0267] cpu time = 00:00:00, elapsed time = 00:00:00, memory = 478.51 (MB), peak = 477.48 (MB)
[INFO DRT-0194] Start detail routing.
[INFO DRT-0195] Start 0th optimization iteration.
    Completing 10% with 0 violations.
    elapsed time = 00:00:06, memory = 926.37 (MB).
    Completing 20% with 0 violations.
    elapsed time = 00:00:33, memory = 1140.51 (MB).
    Completing 30% with 3875 violations.
    elapsed time = 00:00:48, memory = 999.36 (MB).
    Completing 40% with 3875 violations.
    elapsed time = 00:00:59, memory = 1153.62 (MB).
    Completing 50% with 3875 violations.
    elapsed time = 00:01:18, memory = 1026.98 (MB).
    Completing 60% with 7292 violations.
    elapsed time = 00:01:26, memory = 1259.23 (MB).
    Completing 70% with 7292 violations.
    elapsed time = 00:01:56, memory = 1357.23 (MB).
    Completing 80% with 10837 violations.
    elapsed time = 00:02:11, memory = 1226.01 (MB).
    Completing 90% with 10837 violations.
    elapsed time = 00:02:32, memory = 1385.21 (MB).
    Completing 100% with 14500 violations.
    elapsed time = 00:03:44, memory = 1078.20 (MB).
[INFO DRT-0199]   Number of violations = 15671.
Viol/Layer         li1   mcon   met1    via   met2   met3   via3   met4   via4   met5
Cut Spacing          0     25      0      1      0      0      0      0      0      0
Metal Spacing        0      0   1593      0    611    286      0     17      0     19
Min Hole             0      0      3      0      0      0      0      0      0      0
Recheck              9      0    702      0    269    121      0     41      0     29
Short                0      0  10603     14    943    344      1     19      2     19
[INFO DRT-0267] cpu time = 00:18:50, elapsed time = 00:03:45, memory = 1400.89 (MB), peak = 1415.91 (MB)
Total wire length = 461900 um.
Total wire length on LAYER li1 = 0 um.
Total wire length on LAYER met1 = 204971 um.
Total wire length on LAYER met2 = 138787 um.
Total wire length on LAYER met3 = 95331 um.
Total wire length on LAYER met4 = 17978 um.
Total wire length on LAYER met5 = 4831 um.
Total number of vias = 73125.
Up-via summary (total 73125):

------------------------
 FR_MASTERSLICE        0
            li1    30153
           met1    37209
           met2     4769
           met3      866
           met4      128
------------------------
               73125


[INFO DRT-0195] Start 1st optimization iteration.
    Completing 10% with 15671 violations.
    elapsed time = 00:00:03, memory = 1619.49 (MB).
    Completing 20% with 15671 violations.
    elapsed time = 00:00:23, memory = 1686.78 (MB).
    Completing 30% with 14757 violations.
    elapsed time = 00:00:53, memory = 1438.72 (MB).
    Completing 40% with 14757 violations.
    elapsed time = 00:00:58, memory = 1569.98 (MB).
    Completing 50% with 14757 violations.
    elapsed time = 00:01:24, memory = 1424.07 (MB).
    Completing 60% with 13883 violations.
    elapsed time = 00:01:26, memory = 1651.95 (MB).
    Completing 70% with 13883 violations.
    elapsed time = 00:02:02, memory = 1680.42 (MB).
    Completing 80% with 12498 violations.
    elapsed time = 00:02:13, memory = 1583.52 (MB).
    Completing 90% with 12498 violations.
    elapsed time = 00:02:18, memory = 1731.93 (MB).
    Completing 100% with 11192 violations.
    elapsed time = 00:03:16, memory = 1426.93 (MB).
[INFO DRT-0199]   Number of violations = 11192.
Viol/Layer        mcon   met1    via   met2   met3   met4   met5
Cut Spacing         29      0      0      0      0      0      0
Metal Spacing        0   1359      0    301    173      2      0
Short                0   8583      4    618    119      3      1
[INFO DRT-0267] cpu time = 00:17:34, elapsed time = 00:03:17, memory = 1418.53 (MB), peak = 1828.11 (MB)
Total wire length = 458175 um.
Total wire length on LAYER li1 = 0 um.
Total wire length on LAYER met1 = 201991 um.
Total wire length on LAYER met2 = 137551 um.
Total wire length on LAYER met3 = 96032 um.
Total wire length on LAYER met4 = 17841 um.
Total wire length on LAYER met5 = 4757 um.
Total number of vias = 72415.
Up-via summary (total 72415):

------------------------
 FR_MASTERSLICE        0
            li1    30165
           met1    36381
           met2     4920
           met3      831
           met4      118
------------------------
               72415


[INFO DRT-0195] Start 2nd optimization iteration.
    Completing 10% with 11192 violations.
    elapsed time = 00:00:03, memory = 1610.84 (MB).
    Completing 20% with 11192 violations.
    elapsed time = 00:00:25, memory = 1787.26 (MB).
    Completing 30% with 11196 violations.
    elapsed time = 00:00:42, memory = 1447.57 (MB).
    Completing 40% with 11196 violations.
    elapsed time = 00:01:00, memory = 1630.89 (MB).
    Completing 50% with 11196 violations.
    elapsed time = 00:01:21, memory = 1448.22 (MB).
    Completing 60% with 11168 violations.
    elapsed time = 00:01:26, memory = 1668.68 (MB).
    Completing 70% with 11168 violations.
    elapsed time = 00:01:45, memory = 1716.36 (MB).
    Completing 80% with 10933 violations.
    elapsed time = 00:01:59, memory = 1604.87 (MB).
    Completing 90% with 10933 violations.
    elapsed time = 00:02:11, memory = 1689.49 (MB).
    Completing 100% with 10784 violations.
    elapsed time = 00:02:53, memory = 1452.68 (MB).
[INFO DRT-0199]   Number of violations = 10784.
Viol/Layer        mcon   met1    via   met2   met3   met4
Cut Spacing         15      0      1      0      0      0
Metal Spacing        0   1395      0    251    165      3
Short                0   8279      0    626     47      2
[INFO DRT-0267] cpu time = 00:16:05, elapsed time = 00:02:53, memory = 1455.61 (MB), peak = 1860.26 (MB)
Total wire length = 457485 um.
Total wire length on LAYER li1 = 0 um.
Total wire length on LAYER met1 = 201571 um.
Total wire length on LAYER met2 = 137038 um.
Total wire length on LAYER met3 = 96252 um.
Total wire length on LAYER met4 = 17874 um.
Total wire length on LAYER met5 = 4748 um.
Total number of vias = 72159.
Up-via summary (total 72159):

------------------------
 FR_MASTERSLICE        0
            li1    30149
           met1    36184
           met2     4866
           met3      844
           met4      116
------------------------
               72159


[INFO DRT-0195] Start 3rd optimization iteration.
    Completing 10% with 10784 violations.
    elapsed time = 00:00:02, memory = 1667.79 (MB).
    Completing 20% with 10784 violations.
    elapsed time = 00:00:30, memory = 1861.60 (MB).
    Completing 30% with 8873 violations.
    elapsed time = 00:02:38, memory = 1468.64 (MB).
    Completing 40% with 8873 violations.
    elapsed time = 00:02:49, memory = 1671.46 (MB).
    Completing 50% with 8873 violations.
    elapsed time = 00:03:18, memory = 1468.97 (MB).
    Completing 60% with 7019 violations.
    elapsed time = 00:03:21, memory = 1722.90 (MB).
    Completing 70% with 7019 violations.
    elapsed time = 00:03:43, memory = 1805.12 (MB).
    Completing 80% with 5082 violations.
    elapsed time = 00:04:38, memory = 1468.97 (MB).
    Completing 90% with 5082 violations.
    elapsed time = 00:04:49, memory = 1725.71 (MB).
    Completing 100% with 3500 violations.
    elapsed time = 00:05:29, memory = 1468.97 (MB).
[INFO DRT-0199]   Number of violations = 3500.
Viol/Layer        mcon   met1    via   met2   met3
Cut Spacing         12      0      5      0      0
Metal Spacing        0    758      0    197     14
Short                0   2165      0    336     13
[INFO DRT-0267] cpu time = 00:24:56, elapsed time = 00:05:30, memory = 1468.97 (MB), peak = 1987.63 (MB)
Total wire length = 458641 um.
Total wire length on LAYER li1 = 0 um.
Total wire length on LAYER met1 = 188411 um.
Total wire length on LAYER met2 = 137801 um.
Total wire length on LAYER met3 = 107816 um.
Total wire length on LAYER met4 = 19606 um.
Total wire length on LAYER met5 = 5006 um.
Total number of vias = 76512.
Up-via summary (total 76512):

------------------------
 FR_MASTERSLICE        0
            li1    30145
           met1    37786
           met2     7359
           met3     1098
           met4      124
------------------------
               76512


[INFO DRT-0195] Start 4th optimization iteration.
    Completing 10% with 3500 violations.
    elapsed time = 00:00:00, memory = 1468.97 (MB).
    Completing 20% with 3500 violations.
    elapsed time = 00:00:02, memory = 1784.78 (MB).
    Completing 30% with 3069 violations.
    elapsed time = 00:00:22, memory = 1468.97 (MB).
    Completing 40% with 3069 violations.
    elapsed time = 00:00:24, memory = 1581.14 (MB).
    Completing 50% with 3069 violations.
    elapsed time = 00:00:42, memory = 1469.30 (MB).
    Completing 60% with 2538 violations.
    elapsed time = 00:00:43, memory = 1772.11 (MB).
    Completing 70% with 2538 violations.
    elapsed time = 00:00:48, memory = 1818.06 (MB).
    Completing 80% with 1867 violations.
    elapsed time = 00:01:12, memory = 1471.59 (MB).
    Completing 90% with 1867 violations.
    elapsed time = 00:01:19, memory = 1668.00 (MB).
    Completing 100% with 1023 violations.
    elapsed time = 00:01:40, memory = 1472.42 (MB).
[INFO DRT-0199]   Number of violations = 1023.
Viol/Layer        mcon   met1    via   met2
Cut Spacing          2      0      1      0
Metal Spacing        0    288      0     51
Short                0    599      0     82
[INFO DRT-0267] cpu time = 00:08:42, elapsed time = 00:01:41, memory = 1472.42 (MB), peak = 1987.63 (MB)
Total wire length = 458903 um.
Total wire length on LAYER li1 = 0 um.
Total wire length on LAYER met1 = 186642 um.
Total wire length on LAYER met2 = 137493 um.
Total wire length on LAYER met3 = 109399 um.
Total wire length on LAYER met4 = 20386 um.
Total wire length on LAYER met5 = 4982 um.
Total number of vias = 76938.
Up-via summary (total 76938):

------------------------
 FR_MASTERSLICE        0
            li1    30136
           met1    37893
           met2     7598
           met3     1191
           met4      120
------------------------
               76938


[INFO DRT-0195] Start 5th optimization iteration.
    Completing 10% with 1023 violations.
    elapsed time = 00:00:00, memory = 1472.42 (MB).
    Completing 20% with 1023 violations.
    elapsed time = 00:00:00, memory = 1472.42 (MB).
    Completing 30% with 959 violations.
    elapsed time = 00:00:13, memory = 1472.42 (MB).
    Completing 40% with 959 violations.
    elapsed time = 00:00:13, memory = 1472.42 (MB).
    Completing 50% with 959 violations.
    elapsed time = 00:00:19, memory = 1472.42 (MB).
    Completing 60% with 792 violations.
    elapsed time = 00:00:19, memory = 1472.42 (MB).
    Completing 70% with 792 violations.
    elapsed time = 00:00:21, memory = 1741.14 (MB).
    Completing 80% with 532 violations.
    elapsed time = 00:00:36, memory = 1472.42 (MB).
    Completing 90% with 532 violations.
    elapsed time = 00:00:36, memory = 1472.42 (MB).
    Completing 100% with 338 violations.
    elapsed time = 00:01:10, memory = 1485.27 (MB).
[INFO DRT-0199]   Number of violations = 338.
Viol/Layer        mcon   met1   met2   met3
Cut Spacing          1      0      0      0
Metal Spacing        0     98     19      7
Short                0    184     29      0
[INFO DRT-0267] cpu time = 00:04:06, elapsed time = 00:01:10, memory = 1485.52 (MB), peak = 1987.63 (MB)
Total wire length = 458890 um.
Total wire length on LAYER li1 = 0 um.
Total wire length on LAYER met1 = 186353 um.
Total wire length on LAYER met2 = 137024 um.
Total wire length on LAYER met3 = 109709 um.
Total wire length on LAYER met4 = 20825 um.
Total wire length on LAYER met5 = 4977 um.
Total number of vias = 76987.
Up-via summary (total 76987):

------------------------
 FR_MASTERSLICE        0
            li1    30133
           met1    37895
           met2     7628
           met3     1211
           met4      120
------------------------
               76987


[INFO DRT-0195] Start 6th optimization iteration.
    Completing 10% with 338 violations.
    elapsed time = 00:00:00, memory = 1485.52 (MB).
    Completing 20% with 338 violations.
    elapsed time = 00:00:00, memory = 1485.52 (MB).
    Completing 30% with 256 violations.
    elapsed time = 00:00:09, memory = 1485.52 (MB).
    Completing 40% with 256 violations.
    elapsed time = 00:00:09, memory = 1485.52 (MB).
    Completing 50% with 256 violations.
    elapsed time = 00:00:09, memory = 1485.52 (MB).
    Completing 60% with 239 violations.
    elapsed time = 00:00:11, memory = 1485.52 (MB).
    Completing 70% with 239 violations.
    elapsed time = 00:00:11, memory = 1485.52 (MB).
    Completing 80% with 225 violations.
    elapsed time = 00:00:36, memory = 1485.52 (MB).
    Completing 90% with 225 violations.
    elapsed time = 00:00:36, memory = 1485.52 (MB).
    Completing 100% with 149 violations.
    elapsed time = 00:00:56, memory = 1485.52 (MB).
[INFO DRT-0199]   Number of violations = 149.
Viol/Layer        met1   met2   met3
Metal Spacing       48      7      3
Short               79     12      0
[INFO DRT-0267] cpu time = 00:02:24, elapsed time = 00:00:57, memory = 1485.52 (MB), peak = 1987.63 (MB)
Total wire length = 458912 um.
Total wire length on LAYER li1 = 0 um.
Total wire length on LAYER met1 = 186159 um.
Total wire length on LAYER met2 = 136978 um.
Total wire length on LAYER met3 = 109859 um.
Total wire length on LAYER met4 = 20932 um.
Total wire length on LAYER met5 = 4983 um.
Total number of vias = 77040.
Up-via summary (total 77040):

------------------------
 FR_MASTERSLICE        0
            li1    30134
           met1    37909
           met2     7655
           met3     1222
           met4      120
------------------------
               77040


[INFO DRT-0195] Start 7th optimization iteration.
    Completing 10% with 149 violations.
    elapsed time = 00:00:00, memory = 1485.52 (MB).
    Completing 20% with 149 violations.
    elapsed time = 00:00:00, memory = 1485.52 (MB).
    Completing 30% with 149 violations.
    elapsed time = 00:00:17, memory = 1498.41 (MB).
    Completing 40% with 149 violations.
    elapsed time = 00:00:17, memory = 1498.41 (MB).
    Completing 50% with 149 violations.
    elapsed time = 00:00:17, memory = 1498.41 (MB).
    Completing 60% with 146 violations.
    elapsed time = 00:00:18, memory = 1498.41 (MB).
    Completing 70% with 146 violations.
    elapsed time = 00:00:18, memory = 1498.41 (MB).
    Completing 80% with 111 violations.
    elapsed time = 00:00:37, memory = 1498.41 (MB).
    Completing 90% with 111 violations.
    elapsed time = 00:00:37, memory = 1498.41 (MB).
    Completing 100% with 36 violations.
    elapsed time = 00:00:46, memory = 1498.41 (MB).
[INFO DRT-0199]   Number of violations = 36.
Viol/Layer        met1   met2
Metal Spacing       16      3
Short               17      0
[INFO DRT-0267] cpu time = 00:01:25, elapsed time = 00:00:46, memory = 1498.41 (MB), peak = 1987.63 (MB)
Total wire length = 458872 um.
Total wire length on LAYER li1 = 0 um.
Total wire length on LAYER met1 = 186074 um.
Total wire length on LAYER met2 = 136915 um.
Total wire length on LAYER met3 = 109900 um.
Total wire length on LAYER met4 = 20998 um.
Total wire length on LAYER met5 = 4983 um.
Total number of vias = 77060.
Up-via summary (total 77060):

------------------------
 FR_MASTERSLICE        0
            li1    30133
           met1    37922
           met2     7659
           met3     1226
           met4      120
------------------------
               77060


[INFO DRT-0195] Start 8th guides tiles iteration.
    Completing 10% with 36 violations.
    elapsed time = 00:00:00, memory = 1498.41 (MB).
    Completing 20% with 36 violations.
    elapsed time = 00:00:00, memory = 1498.41 (MB).
    Completing 30% with 36 violations.
    elapsed time = 00:00:00, memory = 1498.41 (MB).
    Completing 40% with 36 violations.
    elapsed time = 00:00:01, memory = 1498.41 (MB).
    Completing 50% with 28 violations.
    elapsed time = 00:00:06, memory = 1498.41 (MB).
    Completing 60% with 28 violations.
    elapsed time = 00:00:06, memory = 1498.41 (MB).
    Completing 70% with 28 violations.
    elapsed time = 00:00:06, memory = 1498.41 (MB).
    Completing 80% with 28 violations.
    elapsed time = 00:00:07, memory = 1498.41 (MB).
    Completing 90% with 16 violations.
    elapsed time = 00:00:07, memory = 1498.41 (MB).
    Completing 100% with 14 violations.
    elapsed time = 00:00:07, memory = 1498.41 (MB).
[INFO DRT-0199]   Number of violations = 14.
Viol/Layer        met1   met2
Metal Spacing        7      3
Short                4      0
[INFO DRT-0267] cpu time = 00:00:14, elapsed time = 00:00:07, memory = 1498.41 (MB), peak = 1987.63 (MB)
Total wire length = 458869 um.
Total wire length on LAYER li1 = 0 um.
Total wire length on LAYER met1 = 186071 um.
Total wire length on LAYER met2 = 136910 um.
Total wire length on LAYER met3 = 109905 um.
Total wire length on LAYER met4 = 20998 um.
Total wire length on LAYER met5 = 4983 um.
Total number of vias = 77057.
Up-via summary (total 77057):

------------------------
 FR_MASTERSLICE        0
            li1    30134
           met1    37916
           met2     7661
           met3     1226
           met4      120
------------------------
               77057


[INFO DRT-0195] Start 9th guides tiles iteration.
    Completing 20% with 14 violations.
    elapsed time = 00:00:00, memory = 1498.41 (MB).
    Completing 40% with 14 violations.
    elapsed time = 00:00:01, memory = 1498.41 (MB).
    Completing 60% with 14 violations.
    elapsed time = 00:00:01, memory = 1498.41 (MB).
    Completing 80% with 14 violations.
    elapsed time = 00:00:01, memory = 1498.41 (MB).
    Completing 100% with 14 violations.
    elapsed time = 00:00:02, memory = 1498.41 (MB).
[INFO DRT-0199]   Number of violations = 14.
Viol/Layer        met1   met2
Metal Spacing        7      3
Short                4      0
[INFO DRT-0267] cpu time = 00:00:05, elapsed time = 00:00:02, memory = 1498.41 (MB), peak = 1987.63 (MB)
Total wire length = 458869 um.
Total wire length on LAYER li1 = 0 um.
Total wire length on LAYER met1 = 186071 um.
Total wire length on LAYER met2 = 136910 um.
Total wire length on LAYER met3 = 109905 um.
Total wire length on LAYER met4 = 20998 um.
Total wire length on LAYER met5 = 4983 um.
Total number of vias = 77057.
Up-via summary (total 77057):

------------------------
 FR_MASTERSLICE        0
            li1    30134
           met1    37916
           met2     7661
           met3     1226
           met4      120
------------------------
               77057


[INFO DRT-0195] Start 10th guides tiles iteration.
    Completing 20% with 14 violations.
    elapsed time = 00:00:00, memory = 1498.41 (MB).
    Completing 40% with 14 violations.
    elapsed time = 00:00:00, memory = 1498.41 (MB).
    Completing 60% with 14 violations.
    elapsed time = 00:00:00, memory = 1498.41 (MB).
    Completing 80% with 5 violations.
    elapsed time = 00:00:00, memory = 1498.41 (MB).
    Completing 100% with 5 violations.
    elapsed time = 00:00:00, memory = 1498.41 (MB).
[INFO DRT-0199]   Number of violations = 5.
Viol/Layer        met1   met2
Metal Spacing        1      0
Short                1      3
[INFO DRT-0267] cpu time = 00:00:02, elapsed time = 00:00:00, memory = 1498.41 (MB), peak = 1987.63 (MB)
Total wire length = 458883 um.
Total wire length on LAYER li1 = 0 um.
Total wire length on LAYER met1 = 186059 um.
Total wire length on LAYER met2 = 136910 um.
Total wire length on LAYER met3 = 109914 um.
Total wire length on LAYER met4 = 21015 um.
Total wire length on LAYER met5 = 4983 um.
Total number of vias = 77074.
Up-via summary (total 77074):

------------------------
 FR_MASTERSLICE        0
            li1    30134
           met1    37923
           met2     7665
           met3     1232
           met4      120
------------------------
               77074


[INFO DRT-0195] Start 11th guides tiles iteration.
    Completing 30% with 5 violations.
    elapsed time = 00:00:00, memory = 1498.41 (MB).
    Completing 60% with 5 violations.
    elapsed time = 00:00:00, memory = 1498.41 (MB).
    Completing 100% with 2 violations.
    elapsed time = 00:00:00, memory = 1498.41 (MB).
[INFO DRT-0199]   Number of violations = 2.
Viol/Layer        met1
Metal Spacing        1
Short                1
[INFO DRT-0267] cpu time = 00:00:01, elapsed time = 00:00:00, memory = 1498.41 (MB), peak = 1987.63 (MB)
Total wire length = 458881 um.
Total wire length on LAYER li1 = 0 um.
Total wire length on LAYER met1 = 186059 um.
Total wire length on LAYER met2 = 136908 um.
Total wire length on LAYER met3 = 109914 um.
Total wire length on LAYER met4 = 21015 um.
Total wire length on LAYER met5 = 4983 um.
Total number of vias = 77075.
Up-via summary (total 77075):

------------------------
 FR_MASTERSLICE        0
            li1    30134
           met1    37923
           met2     7666
           met3     1232
           met4      120
------------------------
               77075


[INFO DRT-0195] Start 12th guides tiles iteration.
    Completing 100% with 2 violations.
    elapsed time = 00:00:00, memory = 1498.41 (MB).
[INFO DRT-0199]   Number of violations = 2.
Viol/Layer        met1
Metal Spacing        1
Short                1
[INFO DRT-0267] cpu time = 00:00:00, elapsed time = 00:00:00, memory = 1498.41 (MB), peak = 1987.63 (MB)
Total wire length = 458881 um.
Total wire length on LAYER li1 = 0 um.
Total wire length on LAYER met1 = 186059 um.
Total wire length on LAYER met2 = 136908 um.
Total wire length on LAYER met3 = 109914 um.
Total wire length on LAYER met4 = 21015 um.
Total wire length on LAYER met5 = 4983 um.
Total number of vias = 77075.
Up-via summary (total 77075):

------------------------
 FR_MASTERSLICE        0
            li1    30134
           met1    37923
           met2     7666
           met3     1232
           met4      120
------------------------
               77075


[INFO DRT-0195] Start 13th stubborn tiles iteration.
    Completing 10% with 2 violations.
    elapsed time = 00:00:12, memory = 1873.23 (MB).
    Completing 20% with 2 violations.
    elapsed time = 00:00:17, memory = 1863.16 (MB).
    Completing 30% with 2 violations.
    elapsed time = 00:00:22, memory = 1954.92 (MB).
    Completing 40% with 2 violations.
    elapsed time = 00:00:28, memory = 2172.62 (MB).
    Completing 50% with 2 violations.
    elapsed time = 00:00:31, memory = 2210.62 (MB).
    Completing 60% with 2 violations.
    elapsed time = 00:00:41, memory = 2315.72 (MB).
    Completing 70% with 2 violations.
    elapsed time = 00:00:46, memory = 2273.35 (MB).
    Completing 80% with 2 violations.
    elapsed time = 00:00:53, memory = 2258.61 (MB).
    Completing 90% with 2 violations.
    elapsed time = 00:01:08, memory = 2089.52 (MB).
    Completing 100% with 0 violations.
    elapsed time = 00:01:28, memory = 1915.54 (MB).
[INFO DRT-0199]   Number of violations = 0.
[INFO DRT-0267] cpu time = 00:09:36, elapsed time = 00:01:28, memory = 1915.54 (MB), peak = 2355.98 (MB)
Total wire length = 458881 um.
Total wire length on LAYER li1 = 0 um.
Total wire length on LAYER met1 = 186060 um.
Total wire length on LAYER met2 = 136936 um.
Total wire length on LAYER met3 = 109901 um.
Total wire length on LAYER met4 = 21000 um.
Total wire length on LAYER met5 = 4983 um.
Total number of vias = 77076.
Up-via summary (total 77076):

------------------------
 FR_MASTERSLICE        0
            li1    30134
           met1    37925
           met2     7667
           met3     1230
           met4      120
------------------------
               77076


[INFO DRT-0198] Complete detail routing.
Total wire length = 458881 um.
Total wire length on LAYER li1 = 0 um.
Total wire length on LAYER met1 = 186060 um.
Total wire length on LAYER met2 = 136936 um.
Total wire length on LAYER met3 = 109901 um.
Total wire length on LAYER met4 = 21000 um.
Total wire length on LAYER met5 = 4983 um.
Total number of vias = 77076.
Up-via summary (total 77076):

------------------------
 FR_MASTERSLICE        0
            li1    30134
           met1    37925
           met2     7667
           met3     1230
           met4      120
------------------------
               77076


[INFO DRT-0267] cpu time = 01:44:06, elapsed time = 00:21:43, memory = 1915.61 (MB), peak = 2355.98 (MB)

[INFO DRT-0180] Post processing.
[INFO DRT-0501] Runtime: 1303.88s
Took 1367 seconds: detailed_route -output_drc /root/cac_runs/ntt_packed_12ns/reports/sky130hd/cac_ntt_packed_12ns/base/5_route_drc.rpt -output_maze /root/cac_runs/ntt_packed_12ns/results/sky130hd/cac_ntt_packed_12ns/base/maze.log -droute_end_iter 64 -verbose 1 -drc_report_iter_step 5
[INFO GRT-0012] Found 26 antenna violations.
[INFO DPL-0006] Core area: 331968.38 um^2
[INFO DPL-0007] Movable instances area: 17.52 um^2
[INFO DPL-0008] Fixed instances area within core: 210770.39 um^2
[INFO DPL-0009] Utilization: 63.5%
[INFO DPL-0005] Diamond search max displacement: +/- 500 sites horizontally, +/- 100 rows vertically.
[INFO DPL-1102] Legalizing using negotiation legalizer.
[INFO DPL-1103] Negotiation base search window: +/-20 sites horizontally, +/-5 rows vertically 
	Automatic search window extension enabled.
	Search window extendable up to the max displacement cap of +/-500 sites, +/-100 rows near walls.
[INFO DPL-1104] NegotiationLegalizer DRC penalty: 5.
[INFO DPL-0392] Negotiation cell height distribution (2 unique row-count(s)):
[INFO DPL-0393]   height 1 row(s): 11011 cells
[INFO DPL-0393]   height 76 row(s): 1 cells
          |      Total |  Illegal |  Illegal
Iteration | Violations |    Cells |    Sites
---------------------------------------------
        0 |          0 |         0 |         0
Negotiation phase 1 converged at iteration 0.
[INFO DPL-0500] Runtime: 0.06s
[INFO GRT-0015] Inserted 58 diodes.
[INFO DRT-0024]   Complete FR_MASTERSLICE.
[INFO DRT-0024]   Complete Fr_VIA.
[INFO DRT-0024]   Complete li1.
[INFO DRT-0024]   Complete mcon.
[INFO DRT-0024]   Complete met1.
[INFO DRT-0024]   Complete via.
[INFO DRT-0024]   Complete met2.
[INFO DRT-0024]   Complete via2.
[INFO DRT-0024]   Complete met3.
[INFO DRT-0024]   Complete via3.
[INFO DRT-0024]   Complete met4.
[INFO DRT-0024]   Complete via4.
[INFO DRT-0024]   Complete met5.
[INFO DRT-0165] Start pin access.
[INFO DRT-0076]   Complete 1000 pins.
[INFO DRT-0076]   Complete 2000 pins.
[INFO DRT-0078]   Complete 2509 pins.
[INFO DRT-0079]   Complete 100 unique inst patterns.
[INFO DRT-0079]   Complete 200 unique inst patterns.
[INFO DRT-0081]   Complete 299 unique inst patterns.
[INFO DRT-0084]   Complete 5684 groups.
#scanned instances     = 11012
#unique  instances     = 300
#stdCellGenAp          = 10853
#stdCellValidPlanarAp  = 133
#stdCellValidViaAp     = 7246
#stdCellPinNoAp        = 8
#stdCellPinCnt         = 30964
#instTermValidViaApCnt = 0
#macroGenAp            = 123
#macroValidPlanarAp    = 102
#macroValidViaAp       = 0
#macroNoAp             = 0
[INFO DRT-0166] Complete pin access.
[INFO DRT-0267] cpu time = 00:06:13, elapsed time = 00:00:53, memory = 1467.20 (MB), peak = 2355.98 (MB)

[INFO DRT-0157] Number of guides:     73976

[INFO DRT-0169] Post process guides.
[INFO DRT-0176] GCELLGRID X 0 DO 110 STEP 6900 ;
[INFO DRT-0177] GCELLGRID Y 0 DO 68 STEP 6900 ;
[INFO DRT-0028]   Complete FR_MASTERSLICE.
[INFO DRT-0028]   Complete Fr_VIA.
[INFO DRT-0028]   Complete li1.
[INFO DRT-0028]   Complete mcon.
[INFO DRT-0028]   Complete met1.
[INFO DRT-0028]   Complete via.
[INFO DRT-0028]   Complete met2.
[INFO DRT-0028]   Complete via2.
[INFO DRT-0028]   Complete met3.
[INFO DRT-0028]   Complete via3.
[INFO DRT-0028]   Complete met4.
[INFO DRT-0028]   Complete via4.
[INFO DRT-0028]   Complete met5.
[INFO DRT-0178] Init guide query.
[INFO DRT-0035]   Complete FR_MASTERSLICE (guide).
[INFO DRT-0035]   Complete Fr_VIA (guide).
[INFO DRT-0035]   Complete li1 (guide).
[INFO DRT-0035]   Complete mcon (guide).
[INFO DRT-0035]   Complete met1 (guide).
[INFO DRT-0035]   Complete via (guide).
[INFO DRT-0035]   Complete met2 (guide).
[INFO DRT-0035]   Complete via2 (guide).
[INFO DRT-0035]   Complete met3 (guide).
[INFO DRT-0035]   Complete via3 (guide).
[INFO DRT-0035]   Complete met4 (guide).
[INFO DRT-0035]   Complete via4 (guide).
[INFO DRT-0035]   Complete met5 (guide).
[INFO DRT-0036] FR_MASTERSLICE guide region query size = 0.
[INFO DRT-0036] FR_VIA guide region query size = 0.
[INFO DRT-0036] li1 guide region query size = 24866.
[INFO DRT-0036] mcon guide region query size = 0.
[INFO DRT-0036] met1 guide region query size = 22015.
[INFO DRT-0036] via guide region query size = 0.
[INFO DRT-0036] met2 guide region query size = 10742.
[INFO DRT-0036] via2 guide region query size = 0.
[INFO DRT-0036] met3 guide region query size = 1587.
[INFO DRT-0036] via3 guide region query size = 0.
[INFO DRT-0036] met4 guide region query size = 474.
[INFO DRT-0036] via4 guide region query size = 0.
[INFO DRT-0036] met5 guide region query size = 55.
[INFO DRT-0179] Init gr pin query.
[INFO DRT-0267] cpu time = 00:00:00, elapsed time = 00:00:00, memory = 1467.20 (MB), peak = 2355.98 (MB)
[INFO DRT-0245] skipped writing guide updates to database.
[INFO DRT-0181] Start track assignment.
[INFO DRT-0184] Done with 36082 vertical wires in 3 frboxes and 23657 horizontal wires in 2 frboxes.
[INFO DRT-0186] Done with 4434 vertical wires in 3 frboxes and 11062 horizontal wires in 2 frboxes.
[INFO DRT-0182] Complete track assignment.
[INFO DRT-0267] cpu time = 00:00:05, elapsed time = 00:00:02, memory = 1467.20 (MB), peak = 2355.98 (MB)
[INFO DRT-0187] Start routing data preparation.
[INFO DRT-0267] cpu time = 00:00:00, elapsed time = 00:00:00, memory = 1467.20 (MB), peak = 2355.98 (MB)
[INFO DRT-0194] Start detail routing.
[INFO DRT-0195] Start 0th optimization iteration.
    Completing 10% with 0 violations.
    elapsed time = 00:00:01, memory = 1621.46 (MB).
    Completing 20% with 0 violations.
    elapsed time = 00:00:03, memory = 1745.57 (MB).
    Completing 30% with 1152 violations.
    elapsed time = 00:00:13, memory = 1533.89 (MB).
    Completing 40% with 1152 violations.
    elapsed time = 00:00:15, memory = 1541.09 (MB).
    Completing 50% with 1152 violations.
    elapsed time = 00:00:22, memory = 1467.23 (MB).
    Completing 60% with 1730 violations.
    elapsed time = 00:00:23, memory = 1652.39 (MB).
    Completing 70% with 1730 violations.
    elapsed time = 00:00:30, memory = 1671.84 (MB).
    Completing 80% with 2753 violations.
    elapsed time = 00:00:36, memory = 1547.08 (MB).
    Completing 90% with 2753 violations.
    elapsed time = 00:00:38, memory = 1690.22 (MB).
    Completing 100% with 3242 violations.
    elapsed time = 00:00:44, memory = 1467.35 (MB).
[INFO DRT-0199]   Number of violations = 3472.
Viol/Layer        mcon   met1   met2   met3
Cut Spacing          2      0      0      0
Metal Spacing        0    279    138      5
Min Hole             0      0      1      0
Recheck              0    148     70     12
Short                0   2317    466     34
[INFO DRT-0267] cpu time = 00:04:21, elapsed time = 00:00:45, memory = 1567.70 (MB), peak = 2355.98 (MB)
Total wire length = 459723 um.
Total wire length on LAYER li1 = 0 um.
Total wire length on LAYER met1 = 192089 um.
Total wire length on LAYER met2 = 138113 um.
Total wire length on LAYER met3 = 104803 um.
Total wire length on LAYER met4 = 20221 um.
Total wire length on LAYER met5 = 4496 um.
Total number of vias = 77294.
Up-via summary (total 77294):

------------------------
 FR_MASTERSLICE        0
            li1    30206
           met1    38363
           met2     7457
           met3     1158
           met4      110
------------------------
               77294


[INFO DRT-0195] Start 1st optimization iteration.
    Completing 10% with 3472 violations.
    elapsed time = 00:00:00, memory = 1784.77 (MB).
    Completing 20% with 3472 violations.
    elapsed time = 00:00:04, memory = 1815.02 (MB).
    Completing 30% with 3121 violations.
    elapsed time = 00:00:10, memory = 1600.06 (MB).
    Completing 40% with 3121 violations.
    elapsed time = 00:00:10, memory = 1719.70 (MB).
    Completing 50% with 3121 violations.
    elapsed time = 00:00:17, memory = 1567.70 (MB).
    Completing 60% with 2732 violations.
    elapsed time = 00:00:18, memory = 1827.49 (MB).
    Completing 70% with 2732 violations.
    elapsed time = 00:00:21, memory = 1803.75 (MB).
    Completing 80% with 2224 violations.
    elapsed time = 00:00:24, memory = 1686.15 (MB).
    Completing 90% with 2224 violations.
    elapsed time = 00:00:25, memory = 1758.06 (MB).
    Completing 100% with 1626 violations.
    elapsed time = 00:00:34, memory = 1567.70 (MB).
[INFO DRT-0199]   Number of violations = 1626.
Viol/Layer        mcon   met1    via   met2   met3
Cut Spacing          1      0      1      0      0
Metal Spacing        0    120      0     50      3
Short                0   1282      0    158     11
[INFO DRT-0267] cpu time = 00:03:03, elapsed time = 00:00:34, memory = 1567.82 (MB), peak = 2355.98 (MB)
Total wire length = 459263 um.
Total wire length on LAYER li1 = 0 um.
Total wire length on LAYER met1 = 191391 um.
Total wire length on LAYER met2 = 137827 um.
Total wire length on LAYER met3 = 105283 um.
Total wire length on LAYER met4 = 20265 um.
Total wire length on LAYER met5 = 4496 um.
Total number of vias = 77285.
Up-via summary (total 77285):

------------------------
 FR_MASTERSLICE        0
            li1    30205
           met1    38313
           met2     7499
           met3     1158
           met4      110
------------------------
               77285


[INFO DRT-0195] Start 2nd optimization iteration.
    Completing 10% with 1626 violations.
    elapsed time = 00:00:00, memory = 1725.25 (MB).
    Completing 20% with 1626 violations.
    elapsed time = 00:00:03, memory = 1844.71 (MB).
    Completing 30% with 1606 violations.
    elapsed time = 00:00:10, memory = 1567.82 (MB).
    Completing 40% with 1606 violations.
    elapsed time = 00:00:11, memory = 1752.81 (MB).
    Completing 50% with 1606 violations.
    elapsed time = 00:00:14, memory = 1567.82 (MB).
    Completing 60% with 1609 violations.
    elapsed time = 00:00:15, memory = 1765.87 (MB).
    Completing 70% with 1609 violations.
    elapsed time = 00:00:19, memory = 1820.14 (MB).
    Completing 80% with 1623 violations.
    elapsed time = 00:00:23, memory = 1567.82 (MB).
    Completing 90% with 1623 violations.
    elapsed time = 00:00:24, memory = 1717.69 (MB).
    Completing 100% with 1604 violations.
    elapsed time = 00:00:28, memory = 1567.82 (MB).
[INFO DRT-0199]   Number of violations = 1604.
Viol/Layer        mcon   met1    via   met2   met3
Cut Spacing          2      0      0      0      0
Metal Spacing        0    158      0     34      0
Short                0   1260      1    145      4
[INFO DRT-0267] cpu time = 00:02:43, elapsed time = 00:00:28, memory = 1567.82 (MB), peak = 2355.98 (MB)
Total wire length = 459180 um.
Total wire length on LAYER li1 = 0 um.
Total wire length on LAYER met1 = 191201 um.
Total wire length on LAYER met2 = 137817 um.
Total wire length on LAYER met3 = 105384 um.
Total wire length on LAYER met4 = 20281 um.
Total wire length on LAYER met5 = 4496 um.
Total number of vias = 77255.
Up-via summary (total 77255):

------------------------
 FR_MASTERSLICE        0
            li1    30207
           met1    38281
           met2     7499
           met3     1158
           met4      110
------------------------
               77255


[INFO DRT-0195] Start 3rd optimization iteration.
    Completing 10% with 1604 violations.
    elapsed time = 00:00:00, memory = 1725.01 (MB).
    Completing 20% with 1604 violations.
    elapsed time = 00:00:03, memory = 1801.63 (MB).
    Completing 30% with 1272 violations.
    elapsed time = 00:00:33, memory = 1567.82 (MB).
    Completing 40% with 1272 violations.
    elapsed time = 00:00:35, memory = 1716.43 (MB).
    Completing 50% with 1272 violations.
    elapsed time = 00:00:48, memory = 1567.82 (MB).
    Completing 60% with 1108 violations.
    elapsed time = 00:00:49, memory = 1741.87 (MB).
    Completing 70% with 1108 violations.
    elapsed time = 00:00:55, memory = 1840.59 (MB).
    Completing 80% with 611 violations.
    elapsed time = 00:01:04, memory = 1567.82 (MB).
    Completing 90% with 611 violations.
    elapsed time = 00:01:05, memory = 1726.22 (MB).
    Completing 100% with 407 violations.
    elapsed time = 00:01:24, memory = 1567.82 (MB).
[INFO DRT-0199]   Number of violations = 407.
Viol/Layer        mcon   met1   met2
Cut Spacing          2      0      0
Metal Spacing        0     58     28
Short                0    270     49
[INFO DRT-0267] cpu time = 00:06:13, elapsed time = 00:01:24, memory = 1570.69 (MB), peak = 2355.98 (MB)
Total wire length = 459305 um.
Total wire length on LAYER li1 = 0 um.
Total wire length on LAYER met1 = 188039 um.
Total wire length on LAYER met2 = 137701 um.
Total wire length on LAYER met3 = 108251 um.
Total wire length on LAYER met4 = 20775 um.
Total wire length on LAYER met5 = 4537 um.
Total number of vias = 77874.
Up-via summary (total 77874):

------------------------
 FR_MASTERSLICE        0
            li1    30209
           met1    38492
           met2     7848
           met3     1213
           met4      112
------------------------
               77874


[INFO DRT-0195] Start 4th optimization iteration.
    Completing 10% with 407 violations.
    elapsed time = 00:00:00, memory = 1570.69 (MB).
    Completing 20% with 407 violations.
    elapsed time = 00:00:00, memory = 1847.66 (MB).
    Completing 30% with 276 violations.
    elapsed time = 00:00:06, memory = 1570.69 (MB).
    Completing 40% with 276 violations.
    elapsed time = 00:00:06, memory = 1570.69 (MB).
    Completing 50% with 276 violations.
    elapsed time = 00:00:08, memory = 1570.69 (MB).
    Completing 60% with 225 violations.
    elapsed time = 00:00:08, memory = 1570.69 (MB).
    Completing 70% with 225 violations.
    elapsed time = 00:00:08, memory = 1570.69 (MB).
    Completing 80% with 113 violations.
    elapsed time = 00:00:33, memory = 1570.69 (MB).
    Completing 90% with 113 violations.
    elapsed time = 00:00:33, memory = 1570.69 (MB).
    Completing 100% with 64 violations.
    elapsed time = 00:00:49, memory = 1570.69 (MB).
[INFO DRT-0199]   Number of violations = 64.
Viol/Layer        met1   met2
Metal Spacing        7      5
Short               36     16
[INFO DRT-0267] cpu time = 00:01:42, elapsed time = 00:00:50, memory = 1570.69 (MB), peak = 2355.98 (MB)
Total wire length = 459438 um.
Total wire length on LAYER li1 = 0 um.
Total wire length on LAYER met1 = 187637 um.
Total wire length on LAYER met2 = 137460 um.
Total wire length on LAYER met3 = 108652 um.
Total wire length on LAYER met4 = 21139 um.
Total wire length on LAYER met5 = 4549 um.
Total number of vias = 77961.
Up-via summary (total 77961):

------------------------
 FR_MASTERSLICE        0
            li1    30206
           met1    38501
           met2     7889
           met3     1253
           met4      112
------------------------
               77961


[INFO DRT-0195] Start 5th guides tiles iteration.
    Completing 10% with 64 violations.
    elapsed time = 00:00:01, memory = 1627.85 (MB).
    Completing 20% with 64 violations.
    elapsed time = 00:00:03, memory = 1627.85 (MB).
    Completing 30% with 64 violations.
    elapsed time = 00:00:03, memory = 1570.69 (MB).
    Completing 40% with 64 violations.
    elapsed time = 00:00:03, memory = 1570.69 (MB).
    Completing 50% with 64 violations.
    elapsed time = 00:00:18, memory = 1570.69 (MB).
    Completing 60% with 58 violations.
    elapsed time = 00:00:18, memory = 1570.69 (MB).
    Completing 70% with 58 violations.
    elapsed time = 00:00:19, memory = 1570.69 (MB).
    Completing 80% with 58 violations.
    elapsed time = 00:00:19, memory = 1570.69 (MB).
    Completing 90% with 58 violations.
    elapsed time = 00:00:29, memory = 1570.69 (MB).
    Completing 100% with 40 violations.
    elapsed time = 00:01:06, memory = 1570.69 (MB).
[INFO DRT-0199]   Number of violations = 40.
Viol/Layer        met1   met2
Metal Spacing        6     10
Short               18      6
[INFO DRT-0267] cpu time = 00:01:12, elapsed time = 00:01:07, memory = 1570.69 (MB), peak = 2355.98 (MB)
Total wire length = 459450 um.
Total wire length on LAYER li1 = 0 um.
Total wire length on LAYER met1 = 187587 um.
Total wire length on LAYER met2 = 137439 um.
Total wire length on LAYER met3 = 108701 um.
Total wire length on LAYER met4 = 21172 um.
Total wire length on LAYER met5 = 4549 um.
Total number of vias = 77982.
Up-via summary (total 77982):

------------------------
 FR_MASTERSLICE        0
            li1    30206
           met1    38516
           met2     7887
           met3     1261
           met4      112
------------------------
               77982


[INFO DRT-0195] Start 6th guides tiles iteration.
    Completing 20% with 40 violations.
    elapsed time = 00:00:00, memory = 1570.69 (MB).
    Completing 50% with 40 violations.
    elapsed time = 00:00:03, memory = 1570.69 (MB).
    Completing 70% with 40 violations.
    elapsed time = 00:00:10, memory = 1570.69 (MB).
    Completing 100% with 38 violations.
    elapsed time = 00:00:15, memory = 1570.69 (MB).
[INFO DRT-0199]   Number of violations = 38.
Viol/Layer        met1   met2
Metal Spacing        5     10
Short               17      6
[INFO DRT-0267] cpu time = 00:00:20, elapsed time = 00:00:15, memory = 1570.69 (MB), peak = 2355.98 (MB)
Total wire length = 459451 um.
Total wire length on LAYER li1 = 0 um.
Total wire length on LAYER met1 = 187588 um.
Total wire length on LAYER met2 = 137439 um.
Total wire length on LAYER met3 = 108701 um.
Total wire length on LAYER met4 = 21172 um.
Total wire length on LAYER met5 = 4549 um.
Total number of vias = 77984.
Up-via summary (total 77984):

------------------------
 FR_MASTERSLICE        0
            li1    30206
           met1    38518
           met2     7887
           met3     1261
           met4      112
------------------------
               77984


[INFO DRT-0195] Start 7th guides tiles iteration.
    Completing 30% with 38 violations.
    elapsed time = 00:00:01, memory = 1570.69 (MB).
    Completing 60% with 38 violations.
    elapsed time = 00:00:10, memory = 1570.69 (MB).
    Completing 100% with 38 violations.
    elapsed time = 00:00:20, memory = 1570.69 (MB).
[INFO DRT-0199]   Number of violations = 38.
Viol/Layer        met1   met2
Metal Spacing        5     10
Short               17      6
[INFO DRT-0267] cpu time = 00:00:19, elapsed time = 00:00:20, memory = 1570.69 (MB), peak = 2355.98 (MB)
Total wire length = 459451 um.
Total wire length on LAYER li1 = 0 um.
Total wire length on LAYER met1 = 187588 um.
Total wire length on LAYER met2 = 137439 um.
Total wire length on LAYER met3 = 108701 um.
Total wire length on LAYER met4 = 21172 um.
Total wire length on LAYER met5 = 4549 um.
Total number of vias = 77984.
Up-via summary (total 77984):

------------------------
 FR_MASTERSLICE        0
            li1    30206
           met1    38518
           met2     7887
           met3     1261
           met4      112
------------------------
               77984


[INFO DRT-0195] Start 8th stubborn tiles iteration.
    Completing 10% with 38 violations.
    elapsed time = 00:00:16, memory = 1928.05 (MB).
    Completing 20% with 38 violations.
    elapsed time = 00:00:38, memory = 2040.95 (MB).
    Completing 30% with 38 violations.
    elapsed time = 00:01:00, memory = 2215.74 (MB).
    Completing 40% with 38 violations.
    elapsed time = 00:01:23, memory = 2375.88 (MB).
    Completing 50% with 38 violations.
    elapsed time = 00:02:19, memory = 2515.41 (MB).
    Completing 60% with 38 violations.
    elapsed time = 00:02:39, memory = 2490.38 (MB).
    Completing 70% with 38 violations.
    elapsed time = 00:03:08, memory = 2732.71 (MB).
    Completing 80% with 38 violations.
    elapsed time = 00:03:42, memory = 3114.82 (MB).
    Completing 90% with 38 violations.
    elapsed time = 00:04:25, memory = 3180.55 (MB).
    Completing 100% with 0 violations.
    elapsed time = 00:05:06, memory = 2968.68 (MB).
[INFO DRT-0199]   Number of violations = 0.
[INFO DRT-0267] cpu time = 00:30:33, elapsed time = 00:05:06, memory = 2939.62 (MB), peak = 3184.01 (MB)
Total wire length = 459434 um.
Total wire length on LAYER li1 = 0 um.
Total wire length on LAYER met1 = 187602 um.
Total wire length on LAYER met2 = 137428 um.
Total wire length on LAYER met3 = 108704 um.
Total wire length on LAYER met4 = 21148 um.
Total wire length on LAYER met5 = 4549 um.
Total number of vias = 77972.
Up-via summary (total 77972):

------------------------
 FR_MASTERSLICE        0
            li1    30207
           met1    38515
           met2     7879
           met3     1259
           met4      112
------------------------
               77972


[INFO DRT-0198] Complete detail routing.
Total wire length = 459434 um.
Total wire length on LAYER li1 = 0 um.
Total wire length on LAYER met1 = 187602 um.
Total wire length on LAYER met2 = 137428 um.
Total wire length on LAYER met3 = 108704 um.
Total wire length on LAYER met4 = 21148 um.
Total wire length on LAYER met5 = 4549 um.
Total number of vias = 77972.
Up-via summary (total 77972):

------------------------
 FR_MASTERSLICE        0
            li1    30207
           met1    38515
           met2     7879
           met3     1259
           met4      112
------------------------
               77972


[INFO DRT-0267] cpu time = 00:50:31, elapsed time = 00:10:53, memory = 2939.62 (MB), peak = 3184.01 (MB)

[INFO DRT-0180] Post processing.
[INFO DRT-0501] Runtime: 673.04s
[INFO ANT-0002] Found 2 net violations.
[INFO ANT-0001] Found 2 pin violations.
[INFO GRT-0012] Found 2 antenna violations.
[INFO DPL-0006] Core area: 331968.38 um^2
[INFO DPL-0007] Movable instances area: 0.00 um^2
[INFO DPL-0008] Fixed instances area within core: 210792.91 um^2
[INFO DPL-0009] Utilization: 63.5%
[INFO DPL-0005] Diamond search max displacement: +/- 500 sites horizontally, +/- 100 rows vertically.
[INFO DPL-1102] Legalizing using negotiation legalizer.
[INFO DPL-1103] Negotiation base search window: +/-20 sites horizontally, +/-5 rows vertically 
	Automatic search window extension enabled.
	Search window extendable up to the max displacement cap of +/-500 sites, +/-100 rows near walls.
[INFO DPL-1104] NegotiationLegalizer DRC penalty: 5.
[INFO DPL-0392] Negotiation cell height distribution (2 unique row-count(s)):
[INFO DPL-0393]   height 1 row(s): 11013 cells
[INFO DPL-0393]   height 76 row(s): 1 cells
[INFO DPL-0500] Runtime: 0.07s
[INFO GRT-0015] Inserted 2 diodes.
[INFO DRT-0024]   Complete FR_MASTERSLICE.
[INFO DRT-0024]   Complete Fr_VIA.
[INFO DRT-0024]   Complete li1.
[INFO DRT-0024]   Complete mcon.
[INFO DRT-0024]   Complete met1.
[INFO DRT-0024]   Complete via.
[INFO DRT-0024]   Complete met2.
[INFO DRT-0024]   Complete via2.
[INFO DRT-0024]   Complete met3.
[INFO DRT-0024]   Complete via3.
[INFO DRT-0024]   Complete met4.
[INFO DRT-0024]   Complete via4.
[INFO DRT-0024]   Complete met5.
[INFO DRT-0165] Start pin access.
[INFO DRT-0076]   Complete 1000 pins.
[INFO DRT-0076]   Complete 2000 pins.
[INFO DRT-0078]   Complete 2509 pins.
[INFO DRT-0079]   Complete 100 unique inst patterns.
[INFO DRT-0079]   Complete 200 unique inst patterns.
[INFO DRT-0081]   Complete 299 unique inst patterns.
[INFO DRT-0084]   Complete 5683 groups.
#scanned instances     = 11014
#unique  instances     = 300
#stdCellGenAp          = 10853
#stdCellValidPlanarAp  = 133
#stdCellValidViaAp     = 7246
#stdCellPinNoAp        = 8
#stdCellPinCnt         = 30964
#instTermValidViaApCnt = 0
#macroGenAp            = 123
#macroValidPlanarAp    = 102
#macroValidViaAp       = 0
#macroNoAp             = 0
[INFO DRT-0166] Complete pin access.
[INFO DRT-0267] cpu time = 00:06:12, elapsed time = 00:00:47, memory = 2939.68 (MB), peak = 3184.01 (MB)

[INFO DRT-0157] Number of guides:     73940

[INFO DRT-0169] Post process guides.
[INFO DRT-0176] GCELLGRID X 0 DO 110 STEP 6900 ;
[INFO DRT-0177] GCELLGRID Y 0 DO 68 STEP 6900 ;
[INFO DRT-0028]   Complete FR_MASTERSLICE.
[INFO DRT-0028]   Complete Fr_VIA.
[INFO DRT-0028]   Complete li1.
[INFO DRT-0028]   Complete mcon.
[INFO DRT-0028]   Complete met1.
[INFO DRT-0028]   Complete via.
[INFO DRT-0028]   Complete met2.
[INFO DRT-0028]   Complete via2.
[INFO DRT-0028]   Complete met3.
[INFO DRT-0028]   Complete via3.
[INFO DRT-0028]   Complete met4.
[INFO DRT-0028]   Complete via4.
[INFO DRT-0028]   Complete met5.
[INFO DRT-0178] Init guide query.
[INFO DRT-0035]   Complete FR_MASTERSLICE (guide).
[INFO DRT-0035]   Complete Fr_VIA (guide).
[INFO DRT-0035]   Complete li1 (guide).
[INFO DRT-0035]   Complete mcon (guide).
[INFO DRT-0035]   Complete met1 (guide).
[INFO DRT-0035]   Complete via (guide).
[INFO DRT-0035]   Complete met2 (guide).
[INFO DRT-0035]   Complete via2 (guide).
[INFO DRT-0035]   Complete met3 (guide).
[INFO DRT-0035]   Complete via3 (guide).
[INFO DRT-0035]   Complete met4 (guide).
[INFO DRT-0035]   Complete via4 (guide).
[INFO DRT-0035]   Complete met5 (guide).
[INFO DRT-0036] FR_MASTERSLICE guide region query size = 0.
[INFO DRT-0036] FR_VIA guide region query size = 0.
[INFO DRT-0036] li1 guide region query size = 24866.
[INFO DRT-0036] mcon guide region query size = 0.
[INFO DRT-0036] met1 guide region query size = 22016.
[INFO DRT-0036] via guide region query size = 0.
[INFO DRT-0036] met2 guide region query size = 10733.
[INFO DRT-0036] via2 guide region query size = 0.
[INFO DRT-0036] met3 guide region query size = 1577.
[INFO DRT-0036] via3 guide region query size = 0.
[INFO DRT-0036] met4 guide region query size = 471.
[INFO DRT-0036] via4 guide region query size = 0.
[INFO DRT-0036] met5 guide region query size = 55.
[INFO DRT-0179] Init gr pin query.
[INFO DRT-0267] cpu time = 00:00:00, elapsed time = 00:00:00, memory = 2939.68 (MB), peak = 3184.01 (MB)
[INFO DRT-0245] skipped writing guide updates to database.
[INFO DRT-0181] Start track assignment.
[INFO DRT-0184] Done with 36070 vertical wires in 3 frboxes and 23648 horizontal wires in 2 frboxes.
[INFO DRT-0186] Done with 4445 vertical wires in 3 frboxes and 11086 horizontal wires in 2 frboxes.
[INFO DRT-0182] Complete track assignment.
[INFO DRT-0267] cpu time = 00:00:06, elapsed time = 00:00:02, memory = 2939.69 (MB), peak = 3184.01 (MB)
[INFO DRT-0187] Start routing data preparation.
[INFO DRT-0267] cpu time = 00:00:00, elapsed time = 00:00:00, memory = 2939.69 (MB), peak = 3184.01 (MB)
[INFO DRT-0194] Start detail routing.
[INFO DRT-0195] Start 0th optimization iteration.
    Completing 10% with 0 violations.
    elapsed time = 00:00:00, memory = 2981.69 (MB).
    Completing 20% with 0 violations.
    elapsed time = 00:00:01, memory = 3064.49 (MB).
    Completing 30% with 110 violations.
    elapsed time = 00:00:03, memory = 2941.70 (MB).
    Completing 40% with 110 violations.
    elapsed time = 00:00:05, memory = 2985.18 (MB).
    Completing 50% with 110 violations.
    elapsed time = 00:00:08, memory = 2948.04 (MB).
    Completing 60% with 269 violations.
    elapsed time = 00:00:11, memory = 3029.05 (MB).
    Completing 70% with 269 violations.
    elapsed time = 00:00:14, memory = 3079.88 (MB).
    Completing 80% with 399 violations.
    elapsed time = 00:00:17, memory = 3013.03 (MB).
    Completing 90% with 399 violations.
    elapsed time = 00:00:19, memory = 3022.16 (MB).
    Completing 100% with 598 violations.
    elapsed time = 00:00:23, memory = 2951.70 (MB).
[INFO DRT-0199]   Number of violations = 655.
Viol/Layer        met1   met2   met3
Metal Spacing       55     25      2
Min Hole             2      1      0
Recheck             26     21     10
Short              382    108     23
[INFO DRT-0267] cpu time = 00:01:52, elapsed time = 00:00:24, memory = 2951.70 (MB), peak = 3184.01 (MB)
Total wire length = 459397 um.
Total wire length on LAYER li1 = 0 um.
Total wire length on LAYER met1 = 188298 um.
Total wire length on LAYER met2 = 137611 um.
Total wire length on LAYER met3 = 107954 um.
Total wire length on LAYER met4 = 20983 um.
Total wire length on LAYER met5 = 4549 um.
Total number of vias = 77939.
Up-via summary (total 77939):

------------------------
 FR_MASTERSLICE        0
            li1    30210
           met1    38566
           met2     7808
           met3     1243
           met4      112
------------------------
               77939


[INFO DRT-0195] Start 1st optimization iteration.
    Completing 10% with 655 violations.
    elapsed time = 00:00:00, memory = 2991.62 (MB).
    Completing 20% with 655 violations.
    elapsed time = 00:00:03, memory = 3085.02 (MB).
    Completing 30% with 541 violations.
    elapsed time = 00:00:07, memory = 2977.50 (MB).
    Completing 40% with 541 violations.
    elapsed time = 00:00:07, memory = 3027.73 (MB).
    Completing 50% with 541 violations.
    elapsed time = 00:00:11, memory = 2951.70 (MB).
    Completing 60% with 488 violations.
    elapsed time = 00:00:12, memory = 3026.32 (MB).
    Completing 70% with 488 violations.
    elapsed time = 00:00:15, memory = 3084.58 (MB).
    Completing 80% with 390 violations.
    elapsed time = 00:00:16, memory = 2951.71 (MB).
    Completing 90% with 390 violations.
    elapsed time = 00:00:17, memory = 3037.78 (MB).
    Completing 100% with 262 violations.
    elapsed time = 00:00:22, memory = 2951.71 (MB).
[INFO DRT-0199]   Number of violations = 262.
Viol/Layer        met1   met2   met3
Metal Spacing       33     19      0
Short              176     33      1
[INFO DRT-0267] cpu time = 00:01:39, elapsed time = 00:00:22, memory = 2951.71 (MB), peak = 3184.01 (MB)
Total wire length = 459308 um.
Total wire length on LAYER li1 = 0 um.
Total wire length on LAYER met1 = 188200 um.
Total wire length on LAYER met2 = 137580 um.
Total wire length on LAYER met3 = 107999 um.
Total wire length on LAYER met4 = 20978 um.
Total wire length on LAYER met5 = 4549 um.
Total number of vias = 77921.
Up-via summary (total 77921):

------------------------
 FR_MASTERSLICE        0
            li1    30211
           met1    38535
           met2     7821
           met3     1242
           met4      112
------------------------
               77921


[INFO DRT-0195] Start 2nd optimization iteration.
    Completing 10% with 262 violations.
    elapsed time = 00:00:00, memory = 2951.71 (MB).
    Completing 20% with 262 violations.
    elapsed time = 00:00:00, memory = 2951.71 (MB).
    Completing 30% with 275 violations.
    elapsed time = 00:00:02, memory = 2951.71 (MB).
    Completing 40% with 275 violations.
    elapsed time = 00:00:02, memory = 2951.71 (MB).
    Completing 50% with 275 violations.
    elapsed time = 00:00:03, memory = 2951.71 (MB).
    Completing 60% with 281 violations.
    elapsed time = 00:00:03, memory = 2951.71 (MB).
    Completing 70% with 281 violations.
    elapsed time = 00:00:04, memory = 3031.34 (MB).
    Completing 80% with 223 violations.
    elapsed time = 00:00:05, memory = 2951.71 (MB).
    Completing 90% with 223 violations.
    elapsed time = 00:00:05, memory = 2951.71 (MB).
    Completing 100% with 215 violations.
    elapsed time = 00:00:09, memory = 2951.71 (MB).
[INFO DRT-0199]   Number of violations = 215.
Viol/Layer        met1   met2   met3
Metal Spacing       28      7      0
Short              148     31      1
[INFO DRT-0267] cpu time = 00:00:42, elapsed time = 00:00:09, memory = 2951.71 (MB), peak = 3184.01 (MB)
Total wire length = 459305 um.
Total wire length on LAYER li1 = 0 um.
Total wire length on LAYER met1 = 188191 um.
Total wire length on LAYER met2 = 137585 um.
Total wire length on LAYER met3 = 108001 um.
Total wire length on LAYER met4 = 20978 um.
Total wire length on LAYER met5 = 4549 um.
Total number of vias = 77933.
Up-via summary (total 77933):

------------------------
 FR_MASTERSLICE        0
            li1    30210
           met1    38550
           met2     7819
           met3     1242
           met4      112
------------------------
               77933


[INFO DRT-0195] Start 3rd optimization iteration.
    Completing 10% with 215 violations.
    elapsed time = 00:00:00, memory = 2951.71 (MB).
    Completing 20% with 215 violations.
    elapsed time = 00:00:00, memory = 2951.71 (MB).
    Completing 30% with 180 violations.
    elapsed time = 00:00:07, memory = 2951.72 (MB).
    Completing 40% with 180 violations.
    elapsed time = 00:00:07, memory = 2951.72 (MB).
    Completing 50% with 180 violations.
    elapsed time = 00:00:11, memory = 2951.72 (MB).
    Completing 60% with 138 violations.
    elapsed time = 00:00:11, memory = 2951.72 (MB).
    Completing 70% with 138 violations.
    elapsed time = 00:00:11, memory = 2951.72 (MB).
    Completing 80% with 105 violations.
    elapsed time = 00:00:18, memory = 2951.73 (MB).
    Completing 90% with 105 violations.
    elapsed time = 00:00:18, memory = 2951.73 (MB).
    Completing 100% with 61 violations.
    elapsed time = 00:00:41, memory = 2951.73 (MB).
[INFO DRT-0199]   Number of violations = 61.
Viol/Layer        met1   met2
Metal Spacing       12      4
Short               33     12
[INFO DRT-0267] cpu time = 00:01:40, elapsed time = 00:00:41, memory = 2951.73 (MB), peak = 3184.01 (MB)
Total wire length = 459420 um.
Total wire length on LAYER li1 = 0 um.
Total wire length on LAYER met1 = 187853 um.
Total wire length on LAYER met2 = 137593 um.
Total wire length on LAYER met3 = 108338 um.
Total wire length on LAYER met4 = 21084 um.
Total wire length on LAYER met5 = 4549 um.
Total number of vias = 78013.
Up-via summary (total 78013):

------------------------
 FR_MASTERSLICE        0
            li1    30207
           met1    38579
           met2     7861
           met3     1254
           met4      112
------------------------
               78013


[INFO DRT-0195] Start 4th guides tiles iteration.
    Completing 10% with 61 violations.
    elapsed time = 00:00:01, memory = 2951.73 (MB).
    Completing 20% with 61 violations.
    elapsed time = 00:00:01, memory = 2951.73 (MB).
    Completing 30% with 61 violations.
    elapsed time = 00:00:02, memory = 2951.73 (MB).
    Completing 40% with 61 violations.
    elapsed time = 00:00:02, memory = 2951.73 (MB).
    Completing 50% with 61 violations.
    elapsed time = 00:00:03, memory = 2951.73 (MB).
    Completing 60% with 36 violations.
    elapsed time = 00:00:03, memory = 2951.73 (MB).
    Completing 70% with 36 violations.
    elapsed time = 00:00:03, memory = 3000.07 (MB).
    Completing 80% with 36 violations.
    elapsed time = 00:00:03, memory = 3017.68 (MB).
    Completing 90% with 36 violations.
    elapsed time = 00:00:06, memory = 2951.73 (MB).
    Completing 100% with 9 violations.
    elapsed time = 00:00:06, memory = 2951.73 (MB).
[INFO DRT-0199]   Number of violations = 9.
Viol/Layer        met1   met2
Short                8      1
[INFO DRT-0267] cpu time = 00:00:16, elapsed time = 00:00:06, memory = 2951.73 (MB), peak = 3184.01 (MB)
Total wire length = 459357 um.
Total wire length on LAYER li1 = 0 um.
Total wire length on LAYER met1 = 187558 um.
Total wire length on LAYER met2 = 137532 um.
Total wire length on LAYER met3 = 108345 um.
Total wire length on LAYER met4 = 21090 um.
Total wire length on LAYER met5 = 4830 um.
Total number of vias = 77976.
Up-via summary (total 77976):

------------------------
 FR_MASTERSLICE        0
            li1    30207
           met1    38545
           met2     7853
           met3     1257
           met4      114
------------------------
               77976


[INFO DRT-0195] Start 5th guides tiles iteration.
    Completing 30% with 9 violations.
    elapsed time = 00:00:00, memory = 2951.73 (MB).
    Completing 60% with 9 violations.
    elapsed time = 00:00:01, memory = 2951.73 (MB).
    Completing 100% with 9 violations.
    elapsed time = 00:00:02, memory = 2951.73 (MB).
[INFO DRT-0199]   Number of violations = 9.
Viol/Layer        met1   met2
Short                8      1
[INFO DRT-0267] cpu time = 00:00:02, elapsed time = 00:00:02, memory = 2951.73 (MB), peak = 3184.01 (MB)
Total wire length = 459357 um.
Total wire length on LAYER li1 = 0 um.
Total wire length on LAYER met1 = 187558 um.
Total wire length on LAYER met2 = 137532 um.
Total wire length on LAYER met3 = 108345 um.
Total wire length on LAYER met4 = 21090 um.
Total wire length on LAYER met5 = 4830 um.
Total number of vias = 77976.
Up-via summary (total 77976):

------------------------
 FR_MASTERSLICE        0
            li1    30207
           met1    38545
           met2     7853
           met3     1257
           met4      114
------------------------
               77976


[INFO DRT-0195] Start 6th stubborn tiles iteration.
    Completing 10% with 9 violations.
    elapsed time = 00:00:02, memory = 3110.95 (MB).
    Completing 20% with 9 violations.
    elapsed time = 00:00:04, memory = 3119.79 (MB).
    Completing 30% with 9 violations.
    elapsed time = 00:00:14, memory = 3072.14 (MB).
    Completing 40% with 9 violations.
    elapsed time = 00:00:18, memory = 3082.44 (MB).
    Completing 50% with 9 violations.
    elapsed time = 00:00:22, memory = 3177.81 (MB).
    Completing 60% with 9 violations.
    elapsed time = 00:00:25, memory = 3219.79 (MB).
    Completing 70% with 6 violations.
    elapsed time = 00:00:30, memory = 3082.04 (MB).
    Completing 80% with 6 violations.
    elapsed time = 00:00:33, memory = 3082.21 (MB).
    Completing 90% with 6 violations.
    elapsed time = 00:00:35, memory = 3295.30 (MB).
    Completing 100% with 0 violations.
    elapsed time = 00:00:37, memory = 3082.39 (MB).
[INFO DRT-0199]   Number of violations = 0.
[INFO DRT-0267] cpu time = 00:06:03, elapsed time = 00:00:37, memory = 3082.39 (MB), peak = 3336.86 (MB)
Total wire length = 459350 um.
Total wire length on LAYER li1 = 0 um.
Total wire length on LAYER met1 = 187519 um.
Total wire length on LAYER met2 = 137532 um.
Total wire length on LAYER met3 = 108376 um.
Total wire length on LAYER met4 = 21090 um.
Total wire length on LAYER met5 = 4830 um.
Total number of vias = 77972.
Up-via summary (total 77972):

------------------------
 FR_MASTERSLICE        0
            li1    30207
           met1    38539
           met2     7855
           met3     1257
           met4      114
------------------------
               77972


[INFO DRT-0198] Complete detail routing.
Total wire length = 459350 um.
Total wire length on LAYER li1 = 0 um.
Total wire length on LAYER met1 = 187519 um.
Total wire length on LAYER met2 = 137532 um.
Total wire length on LAYER met3 = 108376 um.
Total wire length on LAYER met4 = 21090 um.
Total wire length on LAYER met5 = 4830 um.
Total number of vias = 77972.
Up-via summary (total 77972):

------------------------
 FR_MASTERSLICE        0
            li1    30207
           met1    38539
           met2     7855
           met3     1257
           met4      114
------------------------
               77972


[INFO DRT-0267] cpu time = 00:12:17, elapsed time = 00:02:23, memory = 3082.39 (MB), peak = 3336.86 (MB)

[INFO DRT-0180] Post processing.
[INFO DRT-0501] Runtime: 185.87s
[INFO ANT-0002] Found 1 net violations.
[INFO ANT-0001] Found 1 pin violations.
[INFO GRT-0012] Found 1 antenna violations.
[INFO DPL-0006] Core area: 331968.38 um^2
[INFO DPL-0007] Movable instances area: 0.00 um^2
[INFO DPL-0008] Fixed instances area within core: 210795.41 um^2
[INFO DPL-0009] Utilization: 63.5%
[INFO DPL-0005] Diamond search max displacement: +/- 500 sites horizontally, +/- 100 rows vertically.
[INFO DPL-1102] Legalizing using negotiation legalizer.
[INFO DPL-1103] Negotiation base search window: +/-20 sites horizontally, +/-5 rows vertically 
	Automatic search window extension enabled.
	Search window extendable up to the max displacement cap of +/-500 sites, +/-100 rows near walls.
[INFO DPL-1104] NegotiationLegalizer DRC penalty: 5.
[INFO DPL-0392] Negotiation cell height distribution (2 unique row-count(s)):
[INFO DPL-0393]   height 1 row(s): 11014 cells
[INFO DPL-0393]   height 76 row(s): 1 cells
[INFO DPL-0500] Runtime: 0.06s
[INFO GRT-0015] Inserted 1 diodes.
[INFO DRT-0024]   Complete FR_MASTERSLICE.
[INFO DRT-0024]   Complete Fr_VIA.
[INFO DRT-0024]   Complete li1.
[INFO DRT-0024]   Complete mcon.
[INFO DRT-0024]   Complete met1.
[INFO DRT-0024]   Complete via.
[INFO DRT-0024]   Complete met2.
[INFO DRT-0024]   Complete via2.
[INFO DRT-0024]   Complete met3.
[INFO DRT-0024]   Complete via3.
[INFO DRT-0024]   Complete met4.
[INFO DRT-0024]   Complete via4.
[INFO DRT-0024]   Complete met5.
[INFO DRT-0165] Start pin access.
[INFO DRT-0076]   Complete 1000 pins.
[INFO DRT-0076]   Complete 2000 pins.
[INFO DRT-0078]   Complete 2509 pins.
[INFO DRT-0079]   Complete 100 unique inst patterns.
[INFO DRT-0079]   Complete 200 unique inst patterns.
[INFO DRT-0081]   Complete 299 unique inst patterns.
[INFO DRT-0084]   Complete 5683 groups.
#scanned instances     = 11015
#unique  instances     = 300
#stdCellGenAp          = 10853
#stdCellValidPlanarAp  = 133
#stdCellValidViaAp     = 7246
#stdCellPinNoAp        = 8
#stdCellPinCnt         = 30964
#instTermValidViaApCnt = 0
#macroGenAp            = 123
#macroValidPlanarAp    = 102
#macroValidViaAp       = 0
#macroNoAp             = 0
[INFO DRT-0166] Complete pin access.
[INFO DRT-0267] cpu time = 00:06:34, elapsed time = 00:01:07, memory = 3082.37 (MB), peak = 3336.86 (MB)

[INFO DRT-0157] Number of guides:     73941

[INFO DRT-0169] Post process guides.
[INFO DRT-0176] GCELLGRID X 0 DO 110 STEP 6900 ;
[INFO DRT-0177] GCELLGRID Y 0 DO 68 STEP 6900 ;
[INFO DRT-0028]   Complete FR_MASTERSLICE.
[INFO DRT-0028]   Complete Fr_VIA.
[INFO DRT-0028]   Complete li1.
[INFO DRT-0028]   Complete mcon.
[INFO DRT-0028]   Complete met1.
[INFO DRT-0028]   Complete via.
[INFO DRT-0028]   Complete met2.
[INFO DRT-0028]   Complete via2.
[INFO DRT-0028]   Complete met3.
[INFO DRT-0028]   Complete via3.
[INFO DRT-0028]   Complete met4.
[INFO DRT-0028]   Complete via4.
[INFO DRT-0028]   Complete met5.
[INFO DRT-0178] Init guide query.
[INFO DRT-0035]   Complete FR_MASTERSLICE (guide).
[INFO DRT-0035]   Complete Fr_VIA (guide).
[INFO DRT-0035]   Complete li1 (guide).
[INFO DRT-0035]   Complete mcon (guide).
[INFO DRT-0035]   Complete met1 (guide).
[INFO DRT-0035]   Complete via (guide).
[INFO DRT-0035]   Complete met2 (guide).
[INFO DRT-0035]   Complete via2 (guide).
[INFO DRT-0035]   Complete met3 (guide).
[INFO DRT-0035]   Complete via3 (guide).
[INFO DRT-0035]   Complete met4 (guide).
[INFO DRT-0035]   Complete via4 (guide).
[INFO DRT-0035]   Complete met5 (guide).
[INFO DRT-0036] FR_MASTERSLICE guide region query size = 0.
[INFO DRT-0036] FR_VIA guide region query size = 0.
[INFO DRT-0036] li1 guide region query size = 24867.
[INFO DRT-0036] mcon guide region query size = 0.
[INFO DRT-0036] met1 guide region query size = 22017.
[INFO DRT-0036] via guide region query size = 0.
[INFO DRT-0036] met2 guide region query size = 10733.
[INFO DRT-0036] via2 guide region query size = 0.
[INFO DRT-0036] met3 guide region query size = 1577.
[INFO DRT-0036] via3 guide region query size = 0.
[INFO DRT-0036] met4 guide region query size = 471.
[INFO DRT-0036] via4 guide region query size = 0.
[INFO DRT-0036] met5 guide region query size = 55.
[INFO DRT-0179] Init gr pin query.
[INFO DRT-0267] cpu time = 00:00:00, elapsed time = 00:00:00, memory = 3082.37 (MB), peak = 3336.86 (MB)
[INFO DRT-0245] skipped writing guide updates to database.
[INFO DRT-0181] Start track assignment.
[INFO DRT-0184] Done with 36071 vertical wires in 3 frboxes and 23649 horizontal wires in 2 frboxes.
[INFO DRT-0186] Done with 4462 vertical wires in 3 frboxes and 11069 horizontal wires in 2 frboxes.
[INFO DRT-0182] Complete track assignment.
[INFO DRT-0267] cpu time = 00:00:07, elapsed time = 00:00:04, memory = 3082.37 (MB), peak = 3336.86 (MB)
[INFO DRT-0187] Start routing data preparation.
[INFO DRT-0267] cpu time = 00:00:00, elapsed time = 00:00:00, memory = 3082.38 (MB), peak = 3336.86 (MB)
[INFO DRT-0194] Start detail routing.
[INFO DRT-0195] Start 0th optimization iteration.
    Completing 10% with 0 violations.
    elapsed time = 00:00:01, memory = 3176.80 (MB).
    Completing 20% with 0 violations.
    elapsed time = 00:00:03, memory = 3222.34 (MB).
    Completing 30% with 27 violations.
    elapsed time = 00:00:06, memory = 3166.96 (MB).
    Completing 40% with 27 violations.
    elapsed time = 00:00:08, memory = 3166.66 (MB).
    Completing 50% with 27 violations.
    elapsed time = 00:00:10, memory = 3098.27 (MB).
    Completing 60% with 43 violations.
    elapsed time = 00:00:11, memory = 3206.36 (MB).
    Completing 70% with 43 violations.
    elapsed time = 00:00:13, memory = 3259.80 (MB).
    Completing 80% with 91 violations.
    elapsed time = 00:00:15, memory = 3147.27 (MB).
    Completing 90% with 91 violations.
    elapsed time = 00:00:17, memory = 3233.55 (MB).
    Completing 100% with 124 violations.
    elapsed time = 00:00:20, memory = 3098.27 (MB).
[INFO DRT-0199]   Number of violations = 134.
Viol/Layer        met1    via   met2
Metal Spacing        6      0     11
Min Hole             0      0      1
Recheck              7      0      3
Short               66      1     39
[INFO DRT-0267] cpu time = 00:01:33, elapsed time = 00:00:20, memory = 3098.27 (MB), peak = 3336.86 (MB)
Total wire length = 459408 um.
Total wire length on LAYER li1 = 0 um.
Total wire length on LAYER met1 = 187815 um.
Total wire length on LAYER met2 = 137580 um.
Total wire length on LAYER met3 = 108319 um.
Total wire length on LAYER met4 = 21086 um.
Total wire length on LAYER met5 = 4605 um.
Total number of vias = 77978.
Up-via summary (total 77978):

------------------------
 FR_MASTERSLICE        0
            li1    30209
           met1    38550
           met2     7852
           met3     1255
           met4      112
------------------------
               77978


[INFO DRT-0195] Start 1st optimization iteration.
    Completing 10% with 134 violations.
    elapsed time = 00:00:00, memory = 3167.49 (MB).
    Completing 20% with 134 violations.
    elapsed time = 00:00:03, memory = 3142.50 (MB).
    Completing 30% with 119 violations.
    elapsed time = 00:00:08, memory = 3130.83 (MB).
    Completing 40% with 119 violations.
    elapsed time = 00:00:09, memory = 3175.24 (MB).
    Completing 50% with 119 violations.
    elapsed time = 00:00:10, memory = 3098.27 (MB).
    Completing 60% with 96 violations.
    elapsed time = 00:00:12, memory = 3205.27 (MB).
    Completing 70% with 96 violations.
    elapsed time = 00:00:14, memory = 3263.37 (MB).
    Completing 80% with 72 violations.
    elapsed time = 00:00:16, memory = 3098.27 (MB).
    Completing 90% with 72 violations.
    elapsed time = 00:00:18, memory = 3135.60 (MB).
    Completing 100% with 44 violations.
    elapsed time = 00:00:20, memory = 3101.09 (MB).
[INFO DRT-0199]   Number of violations = 44.
Viol/Layer        met1   met2
Metal Spacing        3      3
Short               22     16
[INFO DRT-0267] cpu time = 00:01:27, elapsed time = 00:00:20, memory = 3101.09 (MB), peak = 3336.86 (MB)
Total wire length = 459377 um.
Total wire length on LAYER li1 = 0 um.
Total wire length on LAYER met1 = 187830 um.
Total wire length on LAYER met2 = 137554 um.
Total wire length on LAYER met3 = 108300 um.
Total wire length on LAYER met4 = 21086 um.
Total wire length on LAYER met5 = 4605 um.
Total number of vias = 77960.
Up-via summary (total 77960):

------------------------
 FR_MASTERSLICE        0
            li1    30210
           met1    38534
           met2     7849
           met3     1255
           met4      112
------------------------
               77960


[INFO DRT-0195] Start 2nd optimization iteration.
    Completing 10% with 44 violations.
    elapsed time = 00:00:00, memory = 3101.09 (MB).
    Completing 20% with 44 violations.
    elapsed time = 00:00:00, memory = 3101.09 (MB).
    Completing 30% with 43 violations.
    elapsed time = 00:00:00, memory = 3101.09 (MB).
    Completing 40% with 43 violations.
    elapsed time = 00:00:00, memory = 3101.09 (MB).
    Completing 50% with 43 violations.
    elapsed time = 00:00:01, memory = 3101.09 (MB).
    Completing 60% with 41 violations.
    elapsed time = 00:00:01, memory = 3101.09 (MB).
    Completing 70% with 41 violations.
    elapsed time = 00:00:01, memory = 3101.09 (MB).
    Completing 80% with 29 violations.
    elapsed time = 00:00:02, memory = 3101.09 (MB).
    Completing 90% with 29 violations.
    elapsed time = 00:00:02, memory = 3101.09 (MB).
    Completing 100% with 22 violations.
    elapsed time = 00:00:02, memory = 3101.09 (MB).
[INFO DRT-0199]   Number of violations = 22.
Viol/Layer        met1   met2
Metal Spacing        4      2
Short               12      4
[INFO DRT-0267] cpu time = 00:00:05, elapsed time = 00:00:03, memory = 3101.09 (MB), peak = 3336.86 (MB)
Total wire length = 459376 um.
Total wire length on LAYER li1 = 0 um.
Total wire length on LAYER met1 = 187828 um.
Total wire length on LAYER met2 = 137552 um.
Total wire length on LAYER met3 = 108302 um.
Total wire length on LAYER met4 = 21086 um.
Total wire length on LAYER met5 = 4605 um.
Total number of vias = 77962.
Up-via summary (total 77962):

------------------------
 FR_MASTERSLICE        0
            li1    30210
           met1    38534
           met2     7851
           met3     1255
           met4      112
------------------------
               77962


[INFO DRT-0195] Start 3rd guides tiles iteration.
    Completing 20% with 22 violations.
    elapsed time = 00:00:01, memory = 3101.09 (MB).
    Completing 50% with 22 violations.
    elapsed time = 00:00:05, memory = 3101.09 (MB).
    Completing 70% with 6 violations.
    elapsed time = 00:00:05, memory = 3101.09 (MB).
    Completing 100% with 0 violations.
    elapsed time = 00:00:08, memory = 3101.09 (MB).
[INFO DRT-0199]   Number of violations = 0.
[INFO DRT-0267] cpu time = 00:00:10, elapsed time = 00:00:09, memory = 3101.09 (MB), peak = 3336.86 (MB)
Total wire length = 459350 um.
Total wire length on LAYER li1 = 0 um.
Total wire length on LAYER met1 = 187579 um.
Total wire length on LAYER met2 = 137518 um.
Total wire length on LAYER met3 = 108371 um.
Total wire length on LAYER met4 = 21090 um.
Total wire length on LAYER met5 = 4789 um.
Total number of vias = 77954.
Up-via summary (total 77954):

------------------------
 FR_MASTERSLICE        0
            li1    30210
           met1    38524
           met2     7849
           met3     1257
           met4      114
------------------------
               77954


[INFO DRT-0198] Complete detail routing.
Total wire length = 459350 um.
Total wire length on LAYER li1 = 0 um.
Total wire length on LAYER met1 = 187579 um.
Total wire length on LAYER met2 = 137518 um.
Total wire length on LAYER met3 = 108371 um.
Total wire length on LAYER met4 = 21090 um.
Total wire length on LAYER met5 = 4789 um.
Total number of vias = 77954.
Up-via summary (total 77954):

------------------------
 FR_MASTERSLICE        0
            li1    30210
           met1    38524
           met2     7849
           met3     1257
           met4      114
------------------------
               77954


[INFO DRT-0267] cpu time = 00:03:17, elapsed time = 00:00:53, memory = 3101.09 (MB), peak = 3336.86 (MB)

[INFO DRT-0180] Post processing.
[INFO DRT-0501] Runtime: 121.46s
[INFO ANT-0002] Found 0 net violations.
[INFO ANT-0001] Found 0 pin violations.
[INFO ANT-0002] Found 0 net violations.
[INFO ANT-0001] Found 0 pin violations.
Design area 210795 um^2 63% utilization.
write_db /root/cac_runs/ntt_packed_12ns/results/sky130hd/cac_ntt_packed_12ns/base/5_2_route.odb
Elapsed time: 38:26.88[h:]min:sec. CPU time: user 11890.43 sys 24.46 (516%). Peak memory: 3416948KB.
Log                       Ext     Elapsed/s Peak Memory/MB sha1sum result [0:20)
5_2_route                 .odb         2306           3336 7b3037d00ec67b0edfbe
