OpenROAD f552262465b0bfef8f097e258f94bc501d01e19d 
Features included (+) or not (-): +GPU +GUI +Python
This program is licensed under the BSD-3 license. See the LICENSE file for details.
Components of this program may be licensed under more restrictive licenses which must be honored.
[INFO ORD-0030] Using 12 thread(s).
read_liberty /opt/eda/orfs-6101364b/flow/platforms/sky130hd/lib/sky130_fd_sc_hd__tt_025C_1v80.lib
read_liberty /mnt/d/TKVM_ATTT_2026_test/codeachip_packed/flow/macros/sky130_sram_1rw_24x128_TT_1p8V_25C.lib
read_db /root/cac_runs/ntt_packed_12ns/results/sky130hd/cac_ntt_packed_12ns/base/6_1_fill.odb
read_sdc /root/cac_runs/ntt_packed_12ns/results/sky130hd/cac_ntt_packed_12ns/base/6_1_fill.sdc
source /opt/eda/orfs-6101364b/flow/platforms/sky130hd/setRC.tcl
write_db /root/cac_runs/ntt_packed_12ns/results/sky130hd/cac_ntt_packed_12ns/base/6_final.odb
write_sdc -no_timestamp /root/cac_runs/ntt_packed_12ns/results/sky130hd/cac_ntt_packed_12ns/base/6_final.sdc
Deleted 0 routing obstructions
Warning: master sky130_ef_sc_hd__decap_12 has signal pins but no liberty cell
[INFO RCX-0431] Defined process_corner X with ext_model_index 0
[INFO RCX-0029] Defined extraction corner X
[WARNING RCX-0514] The ext_model_file option is deprecated. Use set_extraction_rules_file command instead.
[INFO RCX-0435] Reading extraction model file /opt/eda/orfs-6101364b/flow/platforms/sky130hd/rcx_patterns.rules ...
[INFO RCX-0436] RC segment generation kyber_ntt_engine_packed (max_merge_res 50.0) ...
[INFO RCX-0040] Final 39936 rc segments
[INFO RCX-0439] Coupling Cap extraction kyber_ntt_engine_packed ...
[INFO RCX-0440] Coupling threshhold is 0.1000 fF, coupling capacitance less than 0.1000 fF will be grounded.
[INFO RCX-0442] 53% of 94634 wires extracted
[INFO RCX-0442] 100% of 94634 wires extracted
[INFO RCX-0045] Extract 8939 nets, 48769 rsegs, 48769 caps, 114897 ccs
[INFO RCX-0443] 8939 nets finished
[INFO PSM-0040] All shapes on net VDD are connected.
########## IR report #################
Net              : VDD
Corner           : default
Total power      : 5.59e+06 W
Supply voltage   : 1.80e+00 V
Worstcase voltage: -2.34e+05 V
Average voltage  : -4.86e+01 V
Average IR drop  : 5.04e+01 V
Worstcase IR drop: 2.34e+05 V
Percentage drop  : 12986215.00 %
######################################
[INFO PSM-0040] All shapes on net VSS are connected.
########## IR report #################
Net              : VSS
Corner           : default
Total power      : 5.59e+06 W
Supply voltage   : 0.00e+00 V
Worstcase voltage: 2.39e+05 V
Average voltage  : 5.16e+01 V
Average IR drop  : 5.16e+01 V
Worstcase IR drop: 2.39e+05 V
Percentage drop  : 13289132.00 %
######################################
Cell type report:                       Count        Area
  Macro                                     1   132114.95
  Fill cell                             19516   114608.67
  Tap cell                               2620     3278.14
  Antenna cell                            169      422.91
  Clock buffer                             92     1964.38
  Timing Repair Buffer                   1008     8546.95
  Inverter                                273     1043.50
  Clock inverter                           28      355.34
  Sequential cell                         551    14216.13
  Multi-Input combinational cell         6273    48853.10
  Total                                 30531   325404.08
Report metrics stage 6, finish...

==========================================================================
finish report_design_area
--------------------------------------------------------------------------
Design area 210795 um^2 63% utilization.
Elapsed time: 0:17.91[h:]min:sec. CPU time: user 20.82 sys 2.20 (128%). Peak memory: 494176KB.
Log                       Ext     Elapsed/s Peak Memory/MB sha1sum result [0:20)
6_report                                 17            482                  N/A
