OpenROAD f552262465b0bfef8f097e258f94bc501d01e19d 
Features included (+) or not (-): +GPU +GUI +Python
This program is licensed under the BSD-3 license. See the LICENSE file for details.
Components of this program may be licensed under more restrictive licenses which must be honored.
[INFO ORD-0030] Using 12 thread(s).
read_liberty /opt/eda/orfs-6101364b/flow/platforms/sky130hd/lib/sky130_fd_sc_hd__tt_025C_1v80.lib
read_db /root/cac_runs/ntt_sp_30ns/results/sky130hd/cac_ntt_sp_30ns/base/3_1_place_gp_skip_io.odb
read_sdc /root/cac_runs/ntt_sp_30ns/results/sky130hd/cac_ntt_sp_30ns/base/2_floorplan.sdc
source /opt/eda/orfs-6101364b/flow/platforms/sky130hd/setRC.tcl
place_pins -hor_layers met3 -ver_layers met2
Found 0 macro blocks.
Using 2 tracks default min distance between IO pins.
[INFO PPL-0001] Number of available slots 2340
[INFO PPL-0002] Number of I/O             55
[INFO PPL-0003] Number of I/O w/sink      55
[INFO PPL-0004] Number of I/O w/o sink    0
[INFO PPL-0005] Slots per section         200
[INFO PPL-0008] Successfully assigned pins to sections.
[INFO PPL-0012] I/O nets HPWL: 9656.93 um.
Design area 192961 um^2 47% utilization.
write_db /root/cac_runs/ntt_sp_30ns/results/sky130hd/cac_ntt_sp_30ns/base/3_2_place_iop.odb
Elapsed time: 0:01.84[h:]min:sec. CPU time: user 1.62 sys 0.30 (104%). Peak memory: 151688KB.
Log                       Ext     Elapsed/s Peak Memory/MB sha1sum result [0:20)
3_2_place_iop             .odb            1            148 84b1713fcb66862c2d32
