OpenROAD f552262465b0bfef8f097e258f94bc501d01e19d 
Features included (+) or not (-): +GPU +GUI +Python
This program is licensed under the BSD-3 license. See the LICENSE file for details.
Components of this program may be licensed under more restrictive licenses which must be honored.
[INFO ORD-0030] Using 12 thread(s).
read_liberty /opt/eda/orfs-6101364b/flow/platforms/sky130hd/lib/sky130_fd_sc_hd__tt_025C_1v80.lib
Took 5 seconds: read_liberty /opt/eda/orfs-6101364b/flow/platforms/sky130hd/lib/sky130_fd_sc_hd__tt_025C_1v80.lib
read_db /root/cac_runs/ntt_sp_30ns/results/sky130hd/cac_ntt_sp_30ns/base/3_3_place_gp.odb
read_sdc /root/cac_runs/ntt_sp_30ns/results/sky130hd/cac_ntt_sp_30ns/base/2_floorplan.sdc
source /opt/eda/orfs-6101364b/flow/platforms/sky130hd/setRC.tcl
estimate_parasitics -placement
Took 16 seconds: estimate_parasitics -placement
Perform buffer insertion and gate resizing...
repair_design -verbose -match_cell_footprint
Iteration |   Area    | Resized | Buffers | Nets repaired | Remaining
---------------------------------------------------------------------
        0 |     +0.0% |       0 |       0 |             0 |     11427
     1000 |     +0.0% |       0 |       0 |             0 |     10427
     2000 |     +0.0% |       0 |       0 |             0 |      9427
     3000 |     +0.0% |       1 |       0 |             1 |      8427
     4000 |     +0.0% |       1 |       0 |             1 |      7427
     5000 |     +0.0% |       1 |       0 |             1 |      6427
     6000 |     +0.0% |       1 |       0 |             1 |      5427
     7000 |     +0.0% |       1 |       0 |             1 |      4427
     8000 |     +0.0% |       1 |       0 |             1 |      3427
     9000 |     +0.0% |       1 |       0 |             1 |      2427
    10000 |     +0.0% |       1 |       0 |             1 |      1427
    11000 |     +0.0% |       1 |       0 |             1 |       427
    final |     +0.0% |       1 |       0 |             1 |         0
---------------------------------------------------------------------
[INFO RSZ-0034] Found 1 slew violations.
[INFO RSZ-0039] Resized 1 instances.
[INFO RSZ-0504] Runtime: 15.94s
Took 16 seconds: repair_design -verbose -match_cell_footprint
Floating nets: 
Report metrics stage 3, resizer...

==========================================================================
resizer report_design_area
--------------------------------------------------------------------------
Design area 195603 um^2 48% utilization.
Instance count before 16170, after 16170
Pin count before 43402, after 43402
write_db /root/cac_runs/ntt_sp_30ns/results/sky130hd/cac_ntt_sp_30ns/base/3_4_place_resized.odb
Elapsed time: 1:05.74[h:]min:sec. CPU time: user 13.32 sys 0.46 (20%). Peak memory: 298248KB.
Log                       Ext     Elapsed/s Peak Memory/MB sha1sum result [0:20)
3_4_place_resized         .odb           65            291 b1ae94a6302767303132
