OpenROAD f552262465b0bfef8f097e258f94bc501d01e19d 
Features included (+) or not (-): +GPU +GUI +Python
This program is licensed under the BSD-3 license. See the LICENSE file for details.
Components of this program may be licensed under more restrictive licenses which must be honored.
[INFO ORD-0030] Using 12 thread(s).
read_liberty /opt/eda/orfs-6101364b/flow/platforms/sky130hd/lib/sky130_fd_sc_hd__tt_025C_1v80.lib
read_db /root/cac_runs/ntt_sp_30ns/results/sky130hd/cac_ntt_sp_30ns/base/5_1_grt.odb
read_sdc /root/cac_runs/ntt_sp_30ns/results/sky130hd/cac_ntt_sp_30ns/base/5_1_grt.sdc
source /opt/eda/orfs-6101364b/flow/platforms/sky130hd/setRC.tcl
detailed_route -output_drc /root/cac_runs/ntt_sp_30ns/reports/sky130hd/cac_ntt_sp_30ns/base/5_route_drc.rpt -output_maze /root/cac_runs/ntt_sp_30ns/results/sky130hd/cac_ntt_sp_30ns/base/maze.log -droute_end_iter 64 -verbose 1 -drc_report_iter_step 5
[INFO DRT-0149] Reading tech and libs.
[WARNING DRT-0349] LEF58_ENCLOSURE with no CUTCLASS is not supported. Skipping for layer mcon
[WARNING DRT-0349] LEF58_ENCLOSURE with no CUTCLASS is not supported. Skipping for layer mcon
[WARNING DRT-0349] LEF58_ENCLOSURE with no CUTCLASS is not supported. Skipping for layer via
[WARNING DRT-0349] LEF58_ENCLOSURE with no CUTCLASS is not supported. Skipping for layer via
[WARNING DRT-0349] LEF58_ENCLOSURE with no CUTCLASS is not supported. Skipping for layer via2
[WARNING DRT-0349] LEF58_ENCLOSURE with no CUTCLASS is not supported. Skipping for layer via2
[WARNING DRT-0349] LEF58_ENCLOSURE with no CUTCLASS is not supported. Skipping for layer via3
[WARNING DRT-0349] LEF58_ENCLOSURE with no CUTCLASS is not supported. Skipping for layer via3
[WARNING DRT-0349] LEF58_ENCLOSURE with no CUTCLASS is not supported. Skipping for layer via4
[WARNING DRT-0349] LEF58_ENCLOSURE with no CUTCLASS is not supported. Skipping for layer via4

Units:                1000
Number of layers:     13
Number of macros:     441
Number of vias:       29
Number of viarulegen: 25

[INFO DRT-0150] Reading design.
[WARNING DRT-0120] Large net net1147 has 145 pins which may impact routing performance. Consider optimization.
[WARNING DRT-0120] Large net net1145 has 154 pins which may impact routing performance. Consider optimization.
[WARNING DRT-0120] Large net net1135 has 152 pins which may impact routing performance. Consider optimization.
[WARNING DRT-0120] Large net net1133 has 138 pins which may impact routing performance. Consider optimization.
[WARNING DRT-0120] Large net net1126 has 164 pins which may impact routing performance. Consider optimization.
[WARNING DRT-0120] Large net net1122 has 154 pins which may impact routing performance. Consider optimization.
[WARNING DRT-0120] Large net net1113 has 163 pins which may impact routing performance. Consider optimization.
[WARNING DRT-0120] Large net net1024 has 163 pins which may impact routing performance. Consider optimization.

Design:                   kyber_ntt_engine
Die area:                 ( 0 0 ) ( 645155 645155 )
Number of track patterns: 12
Number of DEF vias:       0
Number of components:     16970
Number of terminals:      57
Number of snets:          2
Number of nets:           11859

[INFO DRT-0167] List of default vias:
  Layer via
    default via: M1M2_PR
  Layer via2
    default via: M2M3_PR
  Layer via3
    default via: M3M4_PR
  Layer via4
    default via: M4M5_PR
[INFO DRT-0162] Library cell analysis.
[INFO DRT-0163] Instance analysis.
[INFO DRT-0164] Number of unique instances = 216.
[INFO DRT-0168] Init region query.
[INFO DRT-0024]   Complete FR_MASTERSLICE.
[INFO DRT-0024]   Complete Fr_VIA.
[INFO DRT-0024]   Complete li1.
[INFO DRT-0024]   Complete mcon.
[INFO DRT-0024]   Complete met1.
[INFO DRT-0024]   Complete via.
[INFO DRT-0024]   Complete met2.
[INFO DRT-0024]   Complete via2.
[INFO DRT-0024]   Complete met3.
[INFO DRT-0024]   Complete via3.
[INFO DRT-0024]   Complete met4.
[INFO DRT-0024]   Complete via4.
[INFO DRT-0024]   Complete met5.
[INFO DRT-0033] FR_MASTERSLICE shape region query size = 0.
[INFO DRT-0033] FR_VIA shape region query size = 0.
[INFO DRT-0033] li1 shape region query size = 579015.
[INFO DRT-0033] mcon shape region query size = 388666.
[INFO DRT-0033] met1 shape region query size = 120970.
[INFO DRT-0033] via shape region query size = 27730.
[INFO DRT-0033] met2 shape region query size = 16669.
[INFO DRT-0033] via2 shape region query size = 22184.
[INFO DRT-0033] met3 shape region query size = 16662.
[INFO DRT-0033] via3 shape region query size = 22184.
[INFO DRT-0033] met4 shape region query size = 6698.
[INFO DRT-0033] via4 shape region query size = 1105.
[INFO DRT-0033] met5 shape region query size = 1199.
[INFO DRT-0165] Start pin access.
[INFO DRT-0076]   Complete 1000 pins.
[INFO DRT-0078]   Complete 1746 pins.
[INFO DRT-0079]   Complete 100 unique inst patterns.
[INFO DRT-0079]   Complete 200 unique inst patterns.
[INFO DRT-0081]   Complete 216 unique inst patterns.
[INFO DRT-0084]   Complete 8617 groups.
#scanned instances     = 16970
#unique  instances     = 216
#stdCellGenAp          = 7524
#stdCellValidPlanarAp  = 118
#stdCellValidViaAp     = 5194
#stdCellPinNoAp        = 6
#stdCellPinCnt         = 44622
#instTermValidViaApCnt = 0
#macroGenAp            = 0
#macroValidPlanarAp    = 0
#macroValidViaAp       = 0
#macroNoAp             = 0
[INFO DRT-0166] Complete pin access.
[INFO DRT-0267] cpu time = 00:05:26, elapsed time = 00:00:31, memory = 395.43 (MB), peak = 402.96 (MB)
[INFO DRT-0156] guideIn read 100000 guides.

[INFO DRT-0157] Number of guides:     112020

[INFO DRT-0169] Post process guides.
[INFO DRT-0176] GCELLGRID X 0 DO 93 STEP 6900 ;
[INFO DRT-0177] GCELLGRID Y 0 DO 93 STEP 6900 ;
[INFO DRT-0026]   Complete 100000 origin guides.
[INFO DRT-0028]   Complete FR_MASTERSLICE.
[INFO DRT-0028]   Complete Fr_VIA.
[INFO DRT-0028]   Complete li1.
[INFO DRT-0028]   Complete mcon.
[INFO DRT-0028]   Complete met1.
[INFO DRT-0028]   Complete via.
[INFO DRT-0028]   Complete met2.
[INFO DRT-0028]   Complete via2.
[INFO DRT-0028]   Complete met3.
[INFO DRT-0028]   Complete via3.
[INFO DRT-0028]   Complete met4.
[INFO DRT-0028]   Complete via4.
[INFO DRT-0028]   Complete met5.
[INFO DRT-0178] Init guide query.
[INFO DRT-0035]   Complete FR_MASTERSLICE (guide).
[INFO DRT-0035]   Complete Fr_VIA (guide).
[INFO DRT-0035]   Complete li1 (guide).
[INFO DRT-0035]   Complete mcon (guide).
[INFO DRT-0035]   Complete met1 (guide).
[INFO DRT-0035]   Complete via (guide).
[INFO DRT-0035]   Complete met2 (guide).
[INFO DRT-0035]   Complete via2 (guide).
[INFO DRT-0035]   Complete met3 (guide).
[INFO DRT-0035]   Complete via3 (guide).
[INFO DRT-0035]   Complete met4 (guide).
[INFO DRT-0035]   Complete via4 (guide).
[INFO DRT-0035]   Complete met5 (guide).
[INFO DRT-0036] FR_MASTERSLICE guide region query size = 0.
[INFO DRT-0036] FR_VIA guide region query size = 0.
[INFO DRT-0036] li1 guide region query size = 36895.
[INFO DRT-0036] mcon guide region query size = 0.
[INFO DRT-0036] met1 guide region query size = 35228.
[INFO DRT-0036] via guide region query size = 0.
[INFO DRT-0036] met2 guide region query size = 18628.
[INFO DRT-0036] via2 guide region query size = 0.
[INFO DRT-0036] met3 guide region query size = 1009.
[INFO DRT-0036] via3 guide region query size = 0.
[INFO DRT-0036] met4 guide region query size = 542.
[INFO DRT-0036] via4 guide region query size = 0.
[INFO DRT-0036] met5 guide region query size = 6.
[INFO DRT-0179] Init gr pin query.
[INFO DRT-0267] cpu time = 00:00:00, elapsed time = 00:00:00, memory = 431.11 (MB), peak = 430.07 (MB)
[INFO DRT-0245] skipped writing guide updates to database.
[INFO DRT-0181] Start track assignment.
[INFO DRT-0184] Done with 56065 vertical wires in 2 frboxes and 36243 horizontal wires in 2 frboxes.
[INFO DRT-0186] Done with 5871 vertical wires in 2 frboxes and 12705 horizontal wires in 2 frboxes.
[INFO DRT-0182] Complete track assignment.
[INFO DRT-0267] cpu time = 00:00:06, elapsed time = 00:00:02, memory = 759.03 (MB), peak = 757.70 (MB)
[INFO DRT-0187] Start routing data preparation.
[INFO DRT-0267] cpu time = 00:00:00, elapsed time = 00:00:00, memory = 759.03 (MB), peak = 757.70 (MB)
[INFO DRT-0194] Start detail routing.
[INFO DRT-0195] Start 0th optimization iteration.
    Completing 10% with 0 violations.
    elapsed time = 00:00:08, memory = 1195.67 (MB).
    Completing 20% with 0 violations.
    elapsed time = 00:00:15, memory = 1453.51 (MB).
    Completing 30% with 2643 violations.
    elapsed time = 00:00:26, memory = 1536.49 (MB).
    Completing 40% with 2643 violations.
    elapsed time = 00:00:36, memory = 1612.16 (MB).
    Completing 50% with 2643 violations.
    elapsed time = 00:00:40, memory = 1530.40 (MB).
    Completing 60% with 5292 violations.
    elapsed time = 00:00:53, memory = 1629.90 (MB).
    Completing 70% with 5292 violations.
    elapsed time = 00:00:58, memory = 1668.14 (MB).
    Completing 80% with 7755 violations.
    elapsed time = 00:01:12, memory = 1646.13 (MB).
    Completing 90% with 7755 violations.
    elapsed time = 00:01:21, memory = 1713.04 (MB).
    Completing 100% with 10027 violations.
    elapsed time = 00:01:28, memory = 1682.95 (MB).
[INFO DRT-0199]   Number of violations = 11563.
Viol/Layer         li1   mcon   met1    via   met2   met3   met4
Cut Spacing          0     19      0      4      0      0      0
Metal Spacing        0      0   2961      0    495     17      4
Min Hole             0      0     17      0      0      0      0
Recheck             15      0   1067      0    413     22     19
Short                0      1   5808     19    674      6      2
[INFO DRT-0267] cpu time = 00:14:21, elapsed time = 00:01:29, memory = 1890.04 (MB), peak = 1917.42 (MB)
Total wire length = 536271 um.
Total wire length on LAYER li1 = 0 um.
Total wire length on LAYER met1 = 239821 um.
Total wire length on LAYER met2 = 258368 um.
Total wire length on LAYER met3 = 18643 um.
Total wire length on LAYER met4 = 19368 um.
Total wire length on LAYER met5 = 68 um.
Total number of vias = 103530.
Up-via summary (total 103530):

-------------------------
 FR_MASTERSLICE         0
            li1     43212
           met1     57458
           met2      2074
           met3       776
           met4        10
-------------------------
               103530


[INFO DRT-0195] Start 1st optimization iteration.
    Completing 10% with 11563 violations.
    elapsed time = 00:00:08, memory = 1937.49 (MB).
    Completing 20% with 11563 violations.
    elapsed time = 00:00:16, memory = 2073.78 (MB).
    Completing 30% with 9947 violations.
    elapsed time = 00:00:32, memory = 1941.54 (MB).
    Completing 40% with 9947 violations.
    elapsed time = 00:00:44, memory = 2003.05 (MB).
    Completing 50% with 9947 violations.
    elapsed time = 00:00:49, memory = 1988.43 (MB).
    Completing 60% with 8694 violations.
    elapsed time = 00:01:02, memory = 2042.52 (MB).
    Completing 70% with 8694 violations.
    elapsed time = 00:01:08, memory = 2096.24 (MB).
    Completing 80% with 7398 violations.
    elapsed time = 00:01:19, memory = 2067.30 (MB).
    Completing 90% with 7398 violations.
    elapsed time = 00:01:27, memory = 2084.57 (MB).
    Completing 100% with 5945 violations.
    elapsed time = 00:01:32, memory = 2084.57 (MB).
[INFO DRT-0199]   Number of violations = 5945.
Viol/Layer        mcon   met1    via   met2   met3
Cut Spacing          6      0      0      0      0
Metal Spacing        0   1921      0    157      3
Min Hole             0      1      0      0      0
Short                0   3578      1    278      0
[INFO DRT-0267] cpu time = 00:14:31, elapsed time = 00:01:32, memory = 2087.57 (MB), peak = 2095.78 (MB)
Total wire length = 530740 um.
Total wire length on LAYER li1 = 0 um.
Total wire length on LAYER met1 = 236592 um.
Total wire length on LAYER met2 = 255961 um.
Total wire length on LAYER met3 = 18968 um.
Total wire length on LAYER met4 = 19166 um.
Total wire length on LAYER met5 = 51 um.
Total number of vias = 101855.
Up-via summary (total 101855):

-------------------------
 FR_MASTERSLICE         0
            li1     43212
           met1     55866
           met2      2035
           met3       734
           met4         8
-------------------------
               101855


[INFO DRT-0195] Start 2nd optimization iteration.
    Completing 10% with 5945 violations.
    elapsed time = 00:00:08, memory = 2087.57 (MB).
    Completing 20% with 5945 violations.
    elapsed time = 00:00:16, memory = 2089.42 (MB).
    Completing 30% with 5952 violations.
    elapsed time = 00:00:26, memory = 2089.42 (MB).
    Completing 40% with 5952 violations.
    elapsed time = 00:00:35, memory = 2091.65 (MB).
    Completing 50% with 5952 violations.
    elapsed time = 00:00:40, memory = 2094.49 (MB).
    Completing 60% with 5995 violations.
    elapsed time = 00:00:52, memory = 2094.49 (MB).
    Completing 70% with 5995 violations.
    elapsed time = 00:00:56, memory = 2127.54 (MB).
    Completing 80% with 5759 violations.
    elapsed time = 00:01:09, memory = 2095.29 (MB).
    Completing 90% with 5759 violations.
    elapsed time = 00:01:17, memory = 2095.30 (MB).
    Completing 100% with 5693 violations.
    elapsed time = 00:01:28, memory = 2102.61 (MB).
[INFO DRT-0199]   Number of violations = 5693.
Viol/Layer        mcon   met1    via   met2   met3
Cut Spacing          1      0      0      0      0
Metal Spacing        0   1833      0    141      4
Short                0   3463      1    250      0
[INFO DRT-0267] cpu time = 00:13:37, elapsed time = 00:01:28, memory = 2105.61 (MB), peak = 2125.98 (MB)
Total wire length = 529859 um.
Total wire length on LAYER li1 = 0 um.
Total wire length on LAYER met1 = 235935 um.
Total wire length on LAYER met2 = 255744 um.
Total wire length on LAYER met3 = 19015 um.
Total wire length on LAYER met4 = 19112 um.
Total wire length on LAYER met5 = 51 um.
Total number of vias = 101505.
Up-via summary (total 101505):

-------------------------
 FR_MASTERSLICE         0
            li1     43203
           met1     55551
           met2      2021
           met3       722
           met4         8
-------------------------
               101505


[INFO DRT-0195] Start 3rd optimization iteration.
    Completing 10% with 5693 violations.
    elapsed time = 00:00:07, memory = 2110.97 (MB).
    Completing 20% with 5693 violations.
    elapsed time = 00:00:12, memory = 2199.14 (MB).
    Completing 30% with 4341 violations.
    elapsed time = 00:00:27, memory = 2120.39 (MB).
    Completing 40% with 4341 violations.
    elapsed time = 00:00:37, memory = 2167.88 (MB).
    Completing 50% with 4341 violations.
    elapsed time = 00:00:43, memory = 2137.04 (MB).
    Completing 60% with 3101 violations.
    elapsed time = 00:00:52, memory = 2146.43 (MB).
    Completing 70% with 3101 violations.
    elapsed time = 00:00:54, memory = 2179.56 (MB).
    Completing 80% with 1853 violations.
    elapsed time = 00:01:08, memory = 2174.62 (MB).
    Completing 90% with 1853 violations.
    elapsed time = 00:01:15, memory = 2205.00 (MB).
    Completing 100% with 608 violations.
    elapsed time = 00:01:32, memory = 2168.39 (MB).
[INFO DRT-0199]   Number of violations = 614.
Viol/Layer        mcon   met1    via   met2   met3
Cut Spacing          1      0      2      0      0
Metal Spacing        0    205      0     51      2
Min Hole             0      1      0      0      0
NS Metal             0      0      0      1      0
Recheck              0      6      0      0      0
Short                0    315      0     30      0
[INFO DRT-0267] cpu time = 00:11:58, elapsed time = 00:01:33, memory = 2171.39 (MB), peak = 2223.68 (MB)
Total wire length = 528272 um.
Total wire length on LAYER li1 = 0 um.
Total wire length on LAYER met1 = 215312 um.
Total wire length on LAYER met2 = 255216 um.
Total wire length on LAYER met3 = 38087 um.
Total wire length on LAYER met4 = 19604 um.
Total wire length on LAYER met5 = 51 um.
Total number of vias = 103424.
Up-via summary (total 103424):

-------------------------
 FR_MASTERSLICE         0
            li1     43189
           met1     55154
           met2      4309
           met3       764
           met4         8
-------------------------
               103424


[INFO DRT-0195] Start 4th optimization iteration.
    Completing 10% with 614 violations.
    elapsed time = 00:00:00, memory = 2171.39 (MB).
    Completing 20% with 614 violations.
    elapsed time = 00:00:01, memory = 2205.21 (MB).
    Completing 30% with 435 violations.
    elapsed time = 00:00:02, memory = 2171.39 (MB).
    Completing 40% with 435 violations.
    elapsed time = 00:00:03, memory = 2205.49 (MB).
    Completing 50% with 435 violations.
    elapsed time = 00:00:04, memory = 2174.36 (MB).
    Completing 60% with 333 violations.
    elapsed time = 00:00:05, memory = 2174.36 (MB).
    Completing 70% with 333 violations.
    elapsed time = 00:00:06, memory = 2174.36 (MB).
    Completing 80% with 150 violations.
    elapsed time = 00:00:07, memory = 2174.36 (MB).
    Completing 90% with 150 violations.
    elapsed time = 00:00:08, memory = 2174.36 (MB).
    Completing 100% with 9 violations.
    elapsed time = 00:00:11, memory = 2113.94 (MB).
[INFO DRT-0199]   Number of violations = 9.
Viol/Layer        met1
Metal Spacing        2
Short                7
[INFO DRT-0267] cpu time = 00:01:14, elapsed time = 00:00:11, memory = 2113.94 (MB), peak = 2223.68 (MB)
Total wire length = 528203 um.
Total wire length on LAYER li1 = 0 um.
Total wire length on LAYER met1 = 214824 um.
Total wire length on LAYER met2 = 255297 um.
Total wire length on LAYER met3 = 38446 um.
Total wire length on LAYER met4 = 19582 um.
Total wire length on LAYER met5 = 51 um.
Total number of vias = 103407.
Up-via summary (total 103407):

-------------------------
 FR_MASTERSLICE         0
            li1     43189
           met1     55107
           met2      4341
           met3       762
           met4         8
-------------------------
               103407


[INFO DRT-0195] Start 5th guides tiles iteration.
    Completing 20% with 9 violations.
    elapsed time = 00:00:00, memory = 2113.94 (MB).
    Completing 40% with 9 violations.
    elapsed time = 00:00:00, memory = 2113.94 (MB).
    Completing 60% with 9 violations.
    elapsed time = 00:00:00, memory = 2113.94 (MB).
    Completing 80% with 6 violations.
    elapsed time = 00:00:00, memory = 2113.94 (MB).
    Completing 100% with 0 violations.
    elapsed time = 00:00:01, memory = 2113.94 (MB).
[INFO DRT-0199]   Number of violations = 0.
[INFO DRT-0267] cpu time = 00:00:01, elapsed time = 00:00:01, memory = 2114.07 (MB), peak = 2223.68 (MB)
Total wire length = 528207 um.
Total wire length on LAYER li1 = 0 um.
Total wire length on LAYER met1 = 214834 um.
Total wire length on LAYER met2 = 255298 um.
Total wire length on LAYER met3 = 38440 um.
Total wire length on LAYER met4 = 19582 um.
Total wire length on LAYER met5 = 51 um.
Total number of vias = 103402.
Up-via summary (total 103402):

-------------------------
 FR_MASTERSLICE         0
            li1     43189
           met1     55106
           met2      4337
           met3       762
           met4         8
-------------------------
               103402


[INFO DRT-0198] Complete detail routing.
Total wire length = 528207 um.
Total wire length on LAYER li1 = 0 um.
Total wire length on LAYER met1 = 214834 um.
Total wire length on LAYER met2 = 255298 um.
Total wire length on LAYER met3 = 38440 um.
Total wire length on LAYER met4 = 19582 um.
Total wire length on LAYER met5 = 51 um.
Total number of vias = 103402.
Up-via summary (total 103402):

-------------------------
 FR_MASTERSLICE         0
            li1     43189
           met1     55106
           met2      4337
           met3       762
           met4         8
-------------------------
               103402


[INFO DRT-0267] cpu time = 00:55:45, elapsed time = 00:06:17, memory = 2114.07 (MB), peak = 2223.68 (MB)

[INFO DRT-0180] Post processing.
[INFO DRT-0501] Runtime: 404.54s
Took 412 seconds: detailed_route -output_drc /root/cac_runs/ntt_sp_30ns/reports/sky130hd/cac_ntt_sp_30ns/base/5_route_drc.rpt -output_maze /root/cac_runs/ntt_sp_30ns/results/sky130hd/cac_ntt_sp_30ns/base/maze.log -droute_end_iter 64 -verbose 1 -drc_report_iter_step 5
[INFO GRT-0012] Found 6 antenna violations.
[INFO DPL-0006] Core area: 410762.70 um^2
[INFO DPL-0007] Movable instances area: 0.00 um^2
[INFO DPL-0008] Fixed instances area within core: 209279.47 um^2
[INFO DPL-0009] Utilization: 50.9%
[INFO DPL-0005] Diamond search max displacement: +/- 500 sites horizontally, +/- 100 rows vertically.
[INFO DPL-1102] Legalizing using negotiation legalizer.
[INFO DPL-1103] Negotiation base search window: +/-20 sites horizontally, +/-5 rows vertically 
	Automatic search window extension enabled.
	Search window extendable up to the max displacement cap of +/-500 sites, +/-100 rows near walls.
[INFO DPL-1104] NegotiationLegalizer DRC penalty: 5.
[INFO DPL-0392] Negotiation cell height distribution (1 unique row-count(s)):
[INFO DPL-0393]   height 1 row(s): 16976 cells
[INFO DPL-0500] Runtime: 0.05s
[INFO GRT-0015] Inserted 6 diodes.
[WARNING DRT-0120] Large net net1147 has 145 pins which may impact routing performance. Consider optimization.
[WARNING DRT-0120] Large net net1145 has 154 pins which may impact routing performance. Consider optimization.
[WARNING DRT-0120] Large net net1135 has 152 pins which may impact routing performance. Consider optimization.
[WARNING DRT-0120] Large net net1133 has 138 pins which may impact routing performance. Consider optimization.
[WARNING DRT-0120] Large net net1126 has 164 pins which may impact routing performance. Consider optimization.
[WARNING DRT-0120] Large net net1122 has 154 pins which may impact routing performance. Consider optimization.
[WARNING DRT-0120] Large net net1113 has 163 pins which may impact routing performance. Consider optimization.
[WARNING DRT-0120] Large net net1024 has 163 pins which may impact routing performance. Consider optimization.
[INFO DRT-0024]   Complete FR_MASTERSLICE.
[INFO DRT-0024]   Complete Fr_VIA.
[INFO DRT-0024]   Complete li1.
[INFO DRT-0024]   Complete mcon.
[INFO DRT-0024]   Complete met1.
[INFO DRT-0024]   Complete via.
[INFO DRT-0024]   Complete met2.
[INFO DRT-0024]   Complete via2.
[INFO DRT-0024]   Complete met3.
[INFO DRT-0024]   Complete via3.
[INFO DRT-0024]   Complete met4.
[INFO DRT-0024]   Complete via4.
[INFO DRT-0024]   Complete met5.
[INFO DRT-0165] Start pin access.
[INFO DRT-0076]   Complete 1000 pins.
[INFO DRT-0078]   Complete 1746 pins.
[INFO DRT-0079]   Complete 100 unique inst patterns.
[INFO DRT-0079]   Complete 200 unique inst patterns.
[INFO DRT-0081]   Complete 216 unique inst patterns.
[INFO DRT-0084]   Complete 8618 groups.
#scanned instances     = 16976
#unique  instances     = 216
#stdCellGenAp          = 7524
#stdCellValidPlanarAp  = 118
#stdCellValidViaAp     = 5194
#stdCellPinNoAp        = 6
#stdCellPinCnt         = 44622
#instTermValidViaApCnt = 0
#macroGenAp            = 0
#macroValidPlanarAp    = 0
#macroValidViaAp       = 0
#macroNoAp             = 0
[INFO DRT-0166] Complete pin access.
[INFO DRT-0267] cpu time = 00:05:53, elapsed time = 00:00:33, memory = 1792.16 (MB), peak = 2223.68 (MB)
[INFO DRT-0156] guideIn read 100000 guides.

[INFO DRT-0157] Number of guides:     111967

[INFO DRT-0169] Post process guides.
[INFO DRT-0176] GCELLGRID X 0 DO 93 STEP 6900 ;
[INFO DRT-0177] GCELLGRID Y 0 DO 93 STEP 6900 ;
[INFO DRT-0026]   Complete 100000 origin guides.
[INFO DRT-0028]   Complete FR_MASTERSLICE.
[INFO DRT-0028]   Complete Fr_VIA.
[INFO DRT-0028]   Complete li1.
[INFO DRT-0028]   Complete mcon.
[INFO DRT-0028]   Complete met1.
[INFO DRT-0028]   Complete via.
[INFO DRT-0028]   Complete met2.
[INFO DRT-0028]   Complete via2.
[INFO DRT-0028]   Complete met3.
[INFO DRT-0028]   Complete via3.
[INFO DRT-0028]   Complete met4.
[INFO DRT-0028]   Complete via4.
[INFO DRT-0028]   Complete met5.
[INFO DRT-0178] Init guide query.
[INFO DRT-0035]   Complete FR_MASTERSLICE (guide).
[INFO DRT-0035]   Complete Fr_VIA (guide).
[INFO DRT-0035]   Complete li1 (guide).
[INFO DRT-0035]   Complete mcon (guide).
[INFO DRT-0035]   Complete met1 (guide).
[INFO DRT-0035]   Complete via (guide).
[INFO DRT-0035]   Complete met2 (guide).
[INFO DRT-0035]   Complete via2 (guide).
[INFO DRT-0035]   Complete met3 (guide).
[INFO DRT-0035]   Complete via3 (guide).
[INFO DRT-0035]   Complete met4 (guide).
[INFO DRT-0035]   Complete via4 (guide).
[INFO DRT-0035]   Complete met5 (guide).
[INFO DRT-0036] FR_MASTERSLICE guide region query size = 0.
[INFO DRT-0036] FR_VIA guide region query size = 0.
[INFO DRT-0036] li1 guide region query size = 36899.
[INFO DRT-0036] mcon guide region query size = 0.
[INFO DRT-0036] met1 guide region query size = 35230.
[INFO DRT-0036] via guide region query size = 0.
[INFO DRT-0036] met2 guide region query size = 18620.
[INFO DRT-0036] via2 guide region query size = 0.
[INFO DRT-0036] met3 guide region query size = 992.
[INFO DRT-0036] via3 guide region query size = 0.
[INFO DRT-0036] met4 guide region query size = 530.
[INFO DRT-0036] via4 guide region query size = 0.
[INFO DRT-0036] met5 guide region query size = 3.
[INFO DRT-0179] Init gr pin query.
[INFO DRT-0267] cpu time = 00:00:00, elapsed time = 00:00:00, memory = 1792.16 (MB), peak = 2223.68 (MB)
[INFO DRT-0245] skipped writing guide updates to database.
[INFO DRT-0181] Start track assignment.
[INFO DRT-0184] Done with 56049 vertical wires in 2 frboxes and 36225 horizontal wires in 2 frboxes.
[INFO DRT-0186] Done with 5829 vertical wires in 2 frboxes and 12764 horizontal wires in 2 frboxes.
[INFO DRT-0182] Complete track assignment.
[INFO DRT-0267] cpu time = 00:00:06, elapsed time = 00:00:02, memory = 1792.16 (MB), peak = 2223.68 (MB)
[INFO DRT-0187] Start routing data preparation.
[INFO DRT-0267] cpu time = 00:00:00, elapsed time = 00:00:00, memory = 1792.16 (MB), peak = 2223.68 (MB)
[INFO DRT-0194] Start detail routing.
[INFO DRT-0195] Start 0th optimization iteration.
    Completing 10% with 0 violations.
    elapsed time = 00:00:01, memory = 1868.57 (MB).
    Completing 20% with 0 violations.
    elapsed time = 00:00:03, memory = 1905.25 (MB).
    Completing 30% with 195 violations.
    elapsed time = 00:00:04, memory = 1895.97 (MB).
    Completing 40% with 195 violations.
    elapsed time = 00:00:06, memory = 1897.86 (MB).
    Completing 50% with 195 violations.
    elapsed time = 00:00:07, memory = 1900.95 (MB).
    Completing 60% with 375 violations.
    elapsed time = 00:00:09, memory = 1975.20 (MB).
    Completing 70% with 375 violations.
    elapsed time = 00:00:10, memory = 1980.57 (MB).
    Completing 80% with 478 violations.
    elapsed time = 00:00:11, memory = 1980.57 (MB).
    Completing 90% with 478 violations.
    elapsed time = 00:00:13, memory = 1982.03 (MB).
    Completing 100% with 571 violations.
    elapsed time = 00:00:14, memory = 1983.51 (MB).
[INFO DRT-0199]   Number of violations = 613.
Viol/Layer        met1    via   met2   met3
Metal Spacing       58      0     58      0
Recheck             22      0     19      1
Short              270      1    183      1
[INFO DRT-0267] cpu time = 00:02:39, elapsed time = 00:00:14, memory = 2114.73 (MB), peak = 2223.68 (MB)
Total wire length = 528474 um.
Total wire length on LAYER li1 = 0 um.
Total wire length on LAYER met1 = 215845 um.
Total wire length on LAYER met2 = 255994 um.
Total wire length on LAYER met3 = 37589 um.
Total wire length on LAYER met4 = 19007 um.
Total wire length on LAYER met5 = 37 um.
Total number of vias = 103382.
Up-via summary (total 103382):

-------------------------
 FR_MASTERSLICE         0
            li1     43197
           met1     55167
           met2      4266
           met3       746
           met4         6
-------------------------
               103382


[INFO DRT-0195] Start 1st optimization iteration.
    Completing 10% with 613 violations.
    elapsed time = 00:00:01, memory = 2141.46 (MB).
    Completing 20% with 613 violations.
    elapsed time = 00:00:02, memory = 2224.96 (MB).
    Completing 30% with 545 violations.
    elapsed time = 00:00:04, memory = 2119.71 (MB).
    Completing 40% with 545 violations.
    elapsed time = 00:00:06, memory = 2119.71 (MB).
    Completing 50% with 545 violations.
    elapsed time = 00:00:07, memory = 2119.74 (MB).
    Completing 60% with 492 violations.
    elapsed time = 00:00:09, memory = 2153.39 (MB).
    Completing 70% with 492 violations.
    elapsed time = 00:00:11, memory = 2119.74 (MB).
    Completing 80% with 423 violations.
    elapsed time = 00:00:12, memory = 2119.74 (MB).
    Completing 90% with 423 violations.
    elapsed time = 00:00:14, memory = 2119.74 (MB).
    Completing 100% with 388 violations.
    elapsed time = 00:00:15, memory = 2119.74 (MB).
[INFO DRT-0199]   Number of violations = 388.
Viol/Layer        met1   met2
Metal Spacing       71     41
Short              198     78
[INFO DRT-0267] cpu time = 00:02:28, elapsed time = 00:00:15, memory = 2122.74 (MB), peak = 2223.93 (MB)
Total wire length = 528382 um.
Total wire length on LAYER li1 = 0 um.
Total wire length on LAYER met1 = 215831 um.
Total wire length on LAYER met2 = 255929 um.
Total wire length on LAYER met3 = 37578 um.
Total wire length on LAYER met4 = 19004 um.
Total wire length on LAYER met5 = 37 um.
Total number of vias = 103372.
Up-via summary (total 103372):

-------------------------
 FR_MASTERSLICE         0
            li1     43196
           met1     55159
           met2      4264
           met3       747
           met4         6
-------------------------
               103372


[INFO DRT-0195] Start 2nd optimization iteration.
    Completing 10% with 388 violations.
    elapsed time = 00:00:00, memory = 2122.74 (MB).
    Completing 20% with 388 violations.
    elapsed time = 00:00:00, memory = 2171.62 (MB).
    Completing 30% with 390 violations.
    elapsed time = 00:00:01, memory = 2138.45 (MB).
    Completing 40% with 390 violations.
    elapsed time = 00:00:01, memory = 2138.45 (MB).
    Completing 50% with 390 violations.
    elapsed time = 00:00:03, memory = 2148.55 (MB).
    Completing 60% with 364 violations.
    elapsed time = 00:00:03, memory = 2148.55 (MB).
    Completing 70% with 364 violations.
    elapsed time = 00:00:03, memory = 2148.55 (MB).
    Completing 80% with 369 violations.
    elapsed time = 00:00:04, memory = 2148.55 (MB).
    Completing 90% with 369 violations.
    elapsed time = 00:00:04, memory = 2148.55 (MB).
    Completing 100% with 368 violations.
    elapsed time = 00:00:06, memory = 2101.94 (MB).
[INFO DRT-0199]   Number of violations = 368.
Viol/Layer        met1   met2
Metal Spacing       78     23
Short              195     72
[INFO DRT-0267] cpu time = 00:00:41, elapsed time = 00:00:06, memory = 2101.94 (MB), peak = 2223.93 (MB)
Total wire length = 528358 um.
Total wire length on LAYER li1 = 0 um.
Total wire length on LAYER met1 = 215811 um.
Total wire length on LAYER met2 = 255917 um.
Total wire length on LAYER met3 = 37584 um.
Total wire length on LAYER met4 = 19007 um.
Total wire length on LAYER met5 = 37 um.
Total number of vias = 103391.
Up-via summary (total 103391):

-------------------------
 FR_MASTERSLICE         0
            li1     43196
           met1     55180
           met2      4264
           met3       745
           met4         6
-------------------------
               103391


[INFO DRT-0195] Start 3rd optimization iteration.
    Completing 10% with 368 violations.
    elapsed time = 00:00:00, memory = 2101.94 (MB).
    Completing 20% with 368 violations.
    elapsed time = 00:00:00, memory = 2101.94 (MB).
    Completing 30% with 285 violations.
    elapsed time = 00:00:03, memory = 2101.95 (MB).
    Completing 40% with 285 violations.
    elapsed time = 00:00:03, memory = 2101.95 (MB).
    Completing 50% with 285 violations.
    elapsed time = 00:00:05, memory = 2101.95 (MB).
    Completing 60% with 166 violations.
    elapsed time = 00:00:05, memory = 2101.95 (MB).
    Completing 70% with 166 violations.
    elapsed time = 00:00:05, memory = 2101.95 (MB).
    Completing 80% with 104 violations.
    elapsed time = 00:00:06, memory = 2101.95 (MB).
    Completing 90% with 104 violations.
    elapsed time = 00:00:06, memory = 2101.95 (MB).
    Completing 100% with 4 violations.
    elapsed time = 00:00:08, memory = 2101.95 (MB).
[INFO DRT-0199]   Number of violations = 4.
Viol/Layer        met1
Short                4
[INFO DRT-0267] cpu time = 00:00:42, elapsed time = 00:00:08, memory = 2101.95 (MB), peak = 2223.93 (MB)
Total wire length = 528380 um.
Total wire length on LAYER li1 = 0 um.
Total wire length on LAYER met1 = 215088 um.
Total wire length on LAYER met2 = 255617 um.
Total wire length on LAYER met3 = 38365 um.
Total wire length on LAYER met4 = 19271 um.
Total wire length on LAYER met5 = 37 um.
Total number of vias = 103532.
Up-via summary (total 103532):

-------------------------
 FR_MASTERSLICE         0
            li1     43194
           met1     55210
           met2      4363
           met3       759
           met4         6
-------------------------
               103532


[INFO DRT-0195] Start 4th guides tiles iteration.
    Completing 50% with 4 violations.
    elapsed time = 00:00:00, memory = 2101.95 (MB).
    Completing 100% with 0 violations.
    elapsed time = 00:00:00, memory = 2101.95 (MB).
[INFO DRT-0199]   Number of violations = 0.
[INFO DRT-0267] cpu time = 00:00:01, elapsed time = 00:00:00, memory = 2101.95 (MB), peak = 2223.93 (MB)
Total wire length = 528358 um.
Total wire length on LAYER li1 = 0 um.
Total wire length on LAYER met1 = 215068 um.
Total wire length on LAYER met2 = 255595 um.
Total wire length on LAYER met3 = 38374 um.
Total wire length on LAYER met4 = 19281 um.
Total wire length on LAYER met5 = 37 um.
Total number of vias = 103538.
Up-via summary (total 103538):

-------------------------
 FR_MASTERSLICE         0
            li1     43195
           met1     55211
           met2      4365
           met3       761
           met4         6
-------------------------
               103538


[INFO DRT-0198] Complete detail routing.
Total wire length = 528358 um.
Total wire length on LAYER li1 = 0 um.
Total wire length on LAYER met1 = 215068 um.
Total wire length on LAYER met2 = 255595 um.
Total wire length on LAYER met3 = 38374 um.
Total wire length on LAYER met4 = 19281 um.
Total wire length on LAYER met5 = 37 um.
Total number of vias = 103538.
Up-via summary (total 103538):

-------------------------
 FR_MASTERSLICE         0
            li1     43195
           met1     55211
           met2      4365
           met3       761
           met4         6
-------------------------
               103538


[INFO DRT-0267] cpu time = 00:06:34, elapsed time = 00:00:45, memory = 2101.95 (MB), peak = 2223.93 (MB)

[INFO DRT-0180] Post processing.
[INFO DRT-0501] Runtime: 81.74s
[INFO ANT-0002] Found 1 net violations.
[INFO ANT-0001] Found 1 pin violations.
[INFO GRT-0012] Found 1 antenna violations.
[INFO DPL-0006] Core area: 410762.70 um^2
[INFO DPL-0007] Movable instances area: 0.00 um^2
[INFO DPL-0008] Fixed instances area within core: 209281.97 um^2
[INFO DPL-0009] Utilization: 50.9%
[INFO DPL-0005] Diamond search max displacement: +/- 500 sites horizontally, +/- 100 rows vertically.
[INFO DPL-1102] Legalizing using negotiation legalizer.
[INFO DPL-1103] Negotiation base search window: +/-20 sites horizontally, +/-5 rows vertically 
	Automatic search window extension enabled.
	Search window extendable up to the max displacement cap of +/-500 sites, +/-100 rows near walls.
[INFO DPL-1104] NegotiationLegalizer DRC penalty: 5.
[INFO DPL-0392] Negotiation cell height distribution (1 unique row-count(s)):
[INFO DPL-0393]   height 1 row(s): 16977 cells
[INFO DPL-0500] Runtime: 0.06s
[INFO GRT-0015] Inserted 1 diodes.
[WARNING DRT-0120] Large net net1147 has 145 pins which may impact routing performance. Consider optimization.
[WARNING DRT-0120] Large net net1145 has 154 pins which may impact routing performance. Consider optimization.
[WARNING DRT-0120] Large net net1135 has 152 pins which may impact routing performance. Consider optimization.
[WARNING DRT-0120] Large net net1133 has 138 pins which may impact routing performance. Consider optimization.
[WARNING DRT-0120] Large net net1126 has 164 pins which may impact routing performance. Consider optimization.
[WARNING DRT-0120] Large net net1122 has 154 pins which may impact routing performance. Consider optimization.
[WARNING DRT-0120] Large net net1113 has 163 pins which may impact routing performance. Consider optimization.
[WARNING DRT-0120] Large net net1024 has 163 pins which may impact routing performance. Consider optimization.
[INFO DRT-0024]   Complete FR_MASTERSLICE.
[INFO DRT-0024]   Complete Fr_VIA.
[INFO DRT-0024]   Complete li1.
[INFO DRT-0024]   Complete mcon.
[INFO DRT-0024]   Complete met1.
[INFO DRT-0024]   Complete via.
[INFO DRT-0024]   Complete met2.
[INFO DRT-0024]   Complete via2.
[INFO DRT-0024]   Complete met3.
[INFO DRT-0024]   Complete via3.
[INFO DRT-0024]   Complete met4.
[INFO DRT-0024]   Complete via4.
[INFO DRT-0024]   Complete met5.
[INFO DRT-0165] Start pin access.
[INFO DRT-0076]   Complete 1000 pins.
[INFO DRT-0078]   Complete 1746 pins.
[INFO DRT-0079]   Complete 100 unique inst patterns.
[INFO DRT-0079]   Complete 200 unique inst patterns.
[INFO DRT-0081]   Complete 216 unique inst patterns.
[INFO DRT-0084]   Complete 8618 groups.
#scanned instances     = 16977
#unique  instances     = 216
#stdCellGenAp          = 7524
#stdCellValidPlanarAp  = 118
#stdCellValidViaAp     = 5194
#stdCellPinNoAp        = 6
#stdCellPinCnt         = 44622
#instTermValidViaApCnt = 0
#macroGenAp            = 0
#macroValidPlanarAp    = 0
#macroValidViaAp       = 0
#macroNoAp             = 0
[INFO DRT-0166] Complete pin access.
[INFO DRT-0267] cpu time = 00:06:09, elapsed time = 00:00:35, memory = 1991.43 (MB), peak = 2223.93 (MB)
[INFO DRT-0156] guideIn read 100000 guides.

[INFO DRT-0157] Number of guides:     111976

[INFO DRT-0169] Post process guides.
[INFO DRT-0176] GCELLGRID X 0 DO 93 STEP 6900 ;
[INFO DRT-0177] GCELLGRID Y 0 DO 93 STEP 6900 ;
[INFO DRT-0026]   Complete 100000 origin guides.
[INFO DRT-0028]   Complete FR_MASTERSLICE.
[INFO DRT-0028]   Complete Fr_VIA.
[INFO DRT-0028]   Complete li1.
[INFO DRT-0028]   Complete mcon.
[INFO DRT-0028]   Complete met1.
[INFO DRT-0028]   Complete via.
[INFO DRT-0028]   Complete met2.
[INFO DRT-0028]   Complete via2.
[INFO DRT-0028]   Complete met3.
[INFO DRT-0028]   Complete via3.
[INFO DRT-0028]   Complete met4.
[INFO DRT-0028]   Complete via4.
[INFO DRT-0028]   Complete met5.
[INFO DRT-0178] Init guide query.
[INFO DRT-0035]   Complete FR_MASTERSLICE (guide).
[INFO DRT-0035]   Complete Fr_VIA (guide).
[INFO DRT-0035]   Complete li1 (guide).
[INFO DRT-0035]   Complete mcon (guide).
[INFO DRT-0035]   Complete met1 (guide).
[INFO DRT-0035]   Complete via (guide).
[INFO DRT-0035]   Complete met2 (guide).
[INFO DRT-0035]   Complete via2 (guide).
[INFO DRT-0035]   Complete met3 (guide).
[INFO DRT-0035]   Complete via3 (guide).
[INFO DRT-0035]   Complete met4 (guide).
[INFO DRT-0035]   Complete via4 (guide).
[INFO DRT-0035]   Complete met5 (guide).
[INFO DRT-0036] FR_MASTERSLICE guide region query size = 0.
[INFO DRT-0036] FR_VIA guide region query size = 0.
[INFO DRT-0036] li1 guide region query size = 36900.
[INFO DRT-0036] mcon guide region query size = 0.
[INFO DRT-0036] met1 guide region query size = 35232.
[INFO DRT-0036] via guide region query size = 0.
[INFO DRT-0036] met2 guide region query size = 18622.
[INFO DRT-0036] via2 guide region query size = 0.
[INFO DRT-0036] met3 guide region query size = 992.
[INFO DRT-0036] via3 guide region query size = 0.
[INFO DRT-0036] met4 guide region query size = 530.
[INFO DRT-0036] via4 guide region query size = 0.
[INFO DRT-0036] met5 guide region query size = 3.
[INFO DRT-0179] Init gr pin query.
[INFO DRT-0267] cpu time = 00:00:01, elapsed time = 00:00:00, memory = 1991.43 (MB), peak = 2223.93 (MB)
[INFO DRT-0245] skipped writing guide updates to database.
[INFO DRT-0181] Start track assignment.
[INFO DRT-0184] Done with 56052 vertical wires in 2 frboxes and 36227 horizontal wires in 2 frboxes.
[INFO DRT-0186] Done with 5797 vertical wires in 2 frboxes and 12749 horizontal wires in 2 frboxes.
[INFO DRT-0182] Complete track assignment.
[INFO DRT-0267] cpu time = 00:00:06, elapsed time = 00:00:03, memory = 2064.68 (MB), peak = 2223.93 (MB)
[INFO DRT-0187] Start routing data preparation.
[INFO DRT-0267] cpu time = 00:00:00, elapsed time = 00:00:00, memory = 2064.68 (MB), peak = 2223.93 (MB)
[INFO DRT-0194] Start detail routing.
[INFO DRT-0195] Start 0th optimization iteration.
    Completing 10% with 0 violations.
    elapsed time = 00:00:01, memory = 2086.98 (MB).
    Completing 20% with 0 violations.
    elapsed time = 00:00:02, memory = 2123.39 (MB).
    Completing 30% with 12 violations.
    elapsed time = 00:00:04, memory = 2088.08 (MB).
    Completing 40% with 12 violations.
    elapsed time = 00:00:05, memory = 2121.23 (MB).
    Completing 50% with 12 violations.
    elapsed time = 00:00:06, memory = 2088.72 (MB).
    Completing 60% with 19 violations.
    elapsed time = 00:00:08, memory = 2089.37 (MB).
    Completing 70% with 19 violations.
    elapsed time = 00:00:09, memory = 2160.70 (MB).
    Completing 80% with 28 violations.
    elapsed time = 00:00:10, memory = 2117.09 (MB).
    Completing 90% with 28 violations.
    elapsed time = 00:00:12, memory = 2128.14 (MB).
    Completing 100% with 28 violations.
    elapsed time = 00:00:12, memory = 2121.26 (MB).
[INFO DRT-0199]   Number of violations = 34.
Viol/Layer        met1   met2   met3
Metal Spacing        2      2      0
Recheck              1      4      1
Short               15      8      1
[INFO DRT-0267] cpu time = 00:02:19, elapsed time = 00:00:12, memory = 2121.41 (MB), peak = 2223.93 (MB)
Total wire length = 528434 um.
Total wire length on LAYER li1 = 0 um.
Total wire length on LAYER met1 = 215016 um.
Total wire length on LAYER met2 = 255755 um.
Total wire length on LAYER met3 = 38343 um.
Total wire length on LAYER met4 = 19281 um.
Total wire length on LAYER met5 = 37 um.
Total number of vias = 103545.
Up-via summary (total 103545):

-------------------------
 FR_MASTERSLICE         0
            li1     43196
           met1     55219
           met2      4362
           met3       762
           met4         6
-------------------------
               103545


[INFO DRT-0195] Start 1st optimization iteration.
    Completing 10% with 34 violations.
    elapsed time = 00:00:01, memory = 2121.41 (MB).
    Completing 20% with 34 violations.
    elapsed time = 00:00:02, memory = 2167.02 (MB).
    Completing 30% with 29 violations.
    elapsed time = 00:00:04, memory = 2129.82 (MB).
    Completing 40% with 29 violations.
    elapsed time = 00:00:05, memory = 2162.00 (MB).
    Completing 50% with 29 violations.
    elapsed time = 00:00:06, memory = 2129.82 (MB).
    Completing 60% with 24 violations.
    elapsed time = 00:00:08, memory = 2131.62 (MB).
    Completing 70% with 24 violations.
    elapsed time = 00:00:09, memory = 2163.92 (MB).
    Completing 80% with 8 violations.
    elapsed time = 00:00:10, memory = 2132.23 (MB).
    Completing 90% with 8 violations.
    elapsed time = 00:00:12, memory = 2132.23 (MB).
    Completing 100% with 0 violations.
    elapsed time = 00:00:12, memory = 2132.23 (MB).
[INFO DRT-0199]   Number of violations = 0.
[INFO DRT-0267] cpu time = 00:02:15, elapsed time = 00:00:12, memory = 2132.23 (MB), peak = 2223.93 (MB)
Total wire length = 528416 um.
Total wire length on LAYER li1 = 0 um.
Total wire length on LAYER met1 = 214990 um.
Total wire length on LAYER met2 = 255755 um.
Total wire length on LAYER met3 = 38353 um.
Total wire length on LAYER met4 = 19278 um.
Total wire length on LAYER met5 = 37 um.
Total number of vias = 103548.
Up-via summary (total 103548):

-------------------------
 FR_MASTERSLICE         0
            li1     43197
           met1     55218
           met2      4365
           met3       762
           met4         6
-------------------------
               103548


[INFO DRT-0198] Complete detail routing.
Total wire length = 528416 um.
Total wire length on LAYER li1 = 0 um.
Total wire length on LAYER met1 = 214990 um.
Total wire length on LAYER met2 = 255755 um.
Total wire length on LAYER met3 = 38353 um.
Total wire length on LAYER met4 = 19278 um.
Total wire length on LAYER met5 = 37 um.
Total number of vias = 103548.
Up-via summary (total 103548):

-------------------------
 FR_MASTERSLICE         0
            li1     43197
           met1     55218
           met2      4365
           met3       762
           met4         6
-------------------------
               103548


[INFO DRT-0267] cpu time = 00:04:34, elapsed time = 00:00:25, memory = 2132.23 (MB), peak = 2223.93 (MB)

[INFO DRT-0180] Post processing.
[INFO DRT-0501] Runtime: 64.74s
[INFO ANT-0002] Found 0 net violations.
[INFO ANT-0001] Found 0 pin violations.
[INFO ANT-0002] Found 0 net violations.
[INFO ANT-0001] Found 0 pin violations.
Design area 209282 um^2 51% utilization.
write_db /root/cac_runs/ntt_sp_30ns/results/sky130hd/cac_ntt_sp_30ns/base/5_2_route.odb
Elapsed time: 9:30.13[h:]min:sec. CPU time: user 5277.33 sys 4.18 (926%). Peak memory: 2277304KB.
Log                       Ext     Elapsed/s Peak Memory/MB sha1sum result [0:20)
5_2_route                 .odb          570           2223 7ce3e7009356f1a75b9a
