Verilator 5.020 2024-01-01 rev (Debian 5.020-1)

Copyright 2003-2024 by Wilson Snyder.  Verilator is free software; you can
redistribute it and/or modify the Verilator internals under the terms of
either the GNU Lesser General Public License Version 3 or the Perl Artistic
License Version 2.0.

See https://verilator.org for documentation

Summary of configuration:
  Compiled in defaults if not in environment:
    SYSTEMC            = 
    SYSTEMC_ARCH       = 
    SYSTEMC_INCLUDE    = 
    SYSTEMC_LIBDIR     = 
    VERILATOR_ROOT     = /usr/share/verilator
    SystemC system-wide = 1

Environment:
    MAKE               = 
    PERL               = 
    SYSTEMC            = 
    SYSTEMC_ARCH       = 
    SYSTEMC_INCLUDE    = 
    SYSTEMC_LIBDIR     = 
    VERILATOR_BIN      = 
    VERILATOR_ROOT     = 

Supported features (compiled-in or forced by environment):
    COROUTINES         = 1
    SYSTEMC            = 1
