
==========================================================================
floorplan final report_tns
--------------------------------------------------------------------------
tns max 0.00

==========================================================================
floorplan final report_wns
--------------------------------------------------------------------------
wns max 0.00

==========================================================================
floorplan final report_worst_slack
--------------------------------------------------------------------------
worst slack max 3.73

==========================================================================
floorplan final report_clock_min_period
--------------------------------------------------------------------------
clk period_min = 6.27 fmax = 159.50

==========================================================================
floorplan final report_checks -path_delay min
--------------------------------------------------------------------------
Startpoint: load_q[1000]$_DFFE_PN0P_
            (rising edge-triggered flip-flop clocked by clk)
Endpoint: load_q[1000]$_DFFE_PN0P_
          (rising edge-triggered flip-flop clocked by clk)
Path Group: clk
Path Type: min

Fanout     Cap    Slew   Delay    Time   Description
-----------------------------------------------------------------------------
                  0.00    0.00    0.00   clock clk (rise edge)
                          0.00    0.00   clock network delay (ideal)
                  0.00    0.00    0.00 ^ load_q[1000]$_DFFE_PN0P_/CLK (sky130_fd_sc_hd__dfrtp_1)
     2    0.00    0.06    0.31    0.31 ^ load_q[1000]$_DFFE_PN0P_/Q (sky130_fd_sc_hd__dfrtp_1)
                                         load_q[1000] (net)
                  0.06    0.00    0.31 ^ _16277_/A (sky130_fd_sc_hd__nand2_1)
     1    0.00    0.03    0.04    0.35 v _16277_/Y (sky130_fd_sc_hd__nand2_1)
                                         _13454_ (net)
                  0.03    0.00    0.35 v _16278_/B1 (sky130_fd_sc_hd__o21ai_0)
     1    0.00    0.06    0.05    0.41 ^ _16278_/Y (sky130_fd_sc_hd__o21ai_0)
                                         _00609_ (net)
                  0.06    0.00    0.41 ^ load_q[1000]$_DFFE_PN0P_/D (sky130_fd_sc_hd__dfrtp_1)
                                  0.41   data arrival time

                  0.00    0.00    0.00   clock clk (rise edge)
                          0.00    0.00   clock network delay (ideal)
                          0.25    0.25   clock uncertainty
                          0.00    0.25   clock reconvergence pessimism
                                  0.25 ^ load_q[1000]$_DFFE_PN0P_/CLK (sky130_fd_sc_hd__dfrtp_1)
                         -0.04    0.21   library hold time
                                  0.21   data required time
-----------------------------------------------------------------------------
                                  0.21   data required time
                                 -0.41   data arrival time
-----------------------------------------------------------------------------
                                  0.20   slack (MET)



==========================================================================
floorplan final report_checks -path_delay max
--------------------------------------------------------------------------
Startpoint: lane_idx[0] (input port clocked by clk)
Endpoint: lane_rdata[63] (output port clocked by clk)
Path Group: clk
Path Type: max

Fanout     Cap    Slew   Delay    Time   Description
-----------------------------------------------------------------------------
                  0.00    0.00    0.00   clock clk (rise edge)
                          0.00    0.00   clock network delay (ideal)
                          2.00    2.00 ^ input external delay
     3    0.01    0.00    0.00    2.00 ^ lane_idx[0] (in)
                                         lane_idx[0] (net)
                  0.00    0.00    2.00 ^ _14653_/A (sky130_fd_sc_hd__buf_2)
    10    0.03    0.13    0.15    2.15 ^ _14653_/X (sky130_fd_sc_hd__buf_2)
                                         _12429_ (net)
                  0.13    0.00    2.15 ^ _28463_/A (sky130_fd_sc_hd__buf_2)
    10    0.02    0.11    0.19    2.34 ^ _28463_/X (sky130_fd_sc_hd__buf_2)
                                         _11612_ (net)
                  0.11    0.00    2.34 ^ _28464_/A (sky130_fd_sc_hd__buf_1)
    10    0.06    0.66    0.52    2.86 ^ _28464_/X (sky130_fd_sc_hd__buf_1)
                                         _11613_ (net)
                  0.66    0.00    2.86 ^ _29334_/S0 (sky130_fd_sc_hd__mux4_1)
     1    0.00    0.08    0.62    3.48 v _29334_/X (sky130_fd_sc_hd__mux4_1)
                                         _12418_ (net)
                  0.08    0.00    3.48 v _29335_/A1 (sky130_fd_sc_hd__mux2i_1)
     1    0.00    0.12    0.13    3.61 ^ _29335_/Y (sky130_fd_sc_hd__mux2i_1)
                                         _12419_ (net)
                  0.12    0.00    3.61 ^ _29336_/B1 (sky130_fd_sc_hd__o22ai_1)
     1    0.00    0.07    0.09    3.70 v _29336_/Y (sky130_fd_sc_hd__o22ai_1)
                                         _12420_ (net)
                  0.07    0.00    3.70 v _29337_/C1 (sky130_fd_sc_hd__a211o_1)
     1    0.02    0.12    0.32    4.02 v _29337_/X (sky130_fd_sc_hd__a211o_1)
                                         lane_rdata[63] (net)
                  0.12    0.00    4.02 v lane_rdata[63] (out)
                                  4.02   data arrival time

                  0.00   10.00   10.00   clock clk (rise edge)
                          0.00   10.00   clock network delay (ideal)
                         -0.25    9.75   clock uncertainty
                          0.00    9.75   clock reconvergence pessimism
                         -2.00    7.75   output external delay
                                  7.75   data required time
-----------------------------------------------------------------------------
                                  7.75   data required time
                                 -4.02   data arrival time
-----------------------------------------------------------------------------
                                  3.73   slack (MET)



==========================================================================
floorplan final report_checks -unconstrained
--------------------------------------------------------------------------
Startpoint: lane_idx[0] (input port clocked by clk)
Endpoint: lane_rdata[63] (output port clocked by clk)
Path Group: clk
Path Type: max

Fanout     Cap    Slew   Delay    Time   Description
-----------------------------------------------------------------------------
                  0.00    0.00    0.00   clock clk (rise edge)
                          0.00    0.00   clock network delay (ideal)
                          2.00    2.00 ^ input external delay
     3    0.01    0.00    0.00    2.00 ^ lane_idx[0] (in)
                                         lane_idx[0] (net)
                  0.00    0.00    2.00 ^ _14653_/A (sky130_fd_sc_hd__buf_2)
    10    0.03    0.13    0.15    2.15 ^ _14653_/X (sky130_fd_sc_hd__buf_2)
                                         _12429_ (net)
                  0.13    0.00    2.15 ^ _28463_/A (sky130_fd_sc_hd__buf_2)
    10    0.02    0.11    0.19    2.34 ^ _28463_/X (sky130_fd_sc_hd__buf_2)
                                         _11612_ (net)
                  0.11    0.00    2.34 ^ _28464_/A (sky130_fd_sc_hd__buf_1)
    10    0.06    0.66    0.52    2.86 ^ _28464_/X (sky130_fd_sc_hd__buf_1)
                                         _11613_ (net)
                  0.66    0.00    2.86 ^ _29334_/S0 (sky130_fd_sc_hd__mux4_1)
     1    0.00    0.08    0.62    3.48 v _29334_/X (sky130_fd_sc_hd__mux4_1)
                                         _12418_ (net)
                  0.08    0.00    3.48 v _29335_/A1 (sky130_fd_sc_hd__mux2i_1)
     1    0.00    0.12    0.13    3.61 ^ _29335_/Y (sky130_fd_sc_hd__mux2i_1)
                                         _12419_ (net)
                  0.12    0.00    3.61 ^ _29336_/B1 (sky130_fd_sc_hd__o22ai_1)
     1    0.00    0.07    0.09    3.70 v _29336_/Y (sky130_fd_sc_hd__o22ai_1)
                                         _12420_ (net)
                  0.07    0.00    3.70 v _29337_/C1 (sky130_fd_sc_hd__a211o_1)
     1    0.02    0.12    0.32    4.02 v _29337_/X (sky130_fd_sc_hd__a211o_1)
                                         lane_rdata[63] (net)
                  0.12    0.00    4.02 v lane_rdata[63] (out)
                                  4.02   data arrival time

                  0.00   10.00   10.00   clock clk (rise edge)
                          0.00   10.00   clock network delay (ideal)
                         -0.25    9.75   clock uncertainty
                          0.00    9.75   clock reconvergence pessimism
                         -2.00    7.75   output external delay
                                  7.75   data required time
-----------------------------------------------------------------------------
                                  7.75   data required time
                                 -4.02   data arrival time
-----------------------------------------------------------------------------
                                  3.73   slack (MET)



==========================================================================
floorplan final report_power
--------------------------------------------------------------------------
Group                  Internal  Switching    Leakage      Total
                          Power      Power      Power      Power (Watts)
----------------------------------------------------------------
Sequential             1.70e-02   2.60e-03   4.43e-08   1.96e-02  10.4%
Combinational          1.04e-01   6.45e-02   5.67e-08   1.69e-01  89.6%
Clock                  0.00e+00   0.00e+00   0.00e+00   0.00e+00   0.0%
Macro                  0.00e+00   0.00e+00   0.00e+00   0.00e+00   0.0%
Pad                    0.00e+00   0.00e+00   0.00e+00   0.00e+00   0.0%
----------------------------------------------------------------
Total                  1.21e-01   6.71e-02   1.01e-07   1.89e-01 100.0%
                          64.4%      35.6%       0.0%
