
==========================================================================
detailed place report_tns
--------------------------------------------------------------------------
tns max 0.00

==========================================================================
detailed place report_wns
--------------------------------------------------------------------------
wns max 0.00

==========================================================================
detailed place report_worst_slack
--------------------------------------------------------------------------
worst slack max 2.28

==========================================================================
detailed place report_clock_min_period
--------------------------------------------------------------------------
clk period_min = 7.72 fmax = 129.61

==========================================================================
detailed place report_checks -path_delay min
--------------------------------------------------------------------------
Startpoint: load_q[489]$_DFFE_PN0P_
            (rising edge-triggered flip-flop clocked by clk)
Endpoint: load_q[489]$_DFFE_PN0P_
          (rising edge-triggered flip-flop clocked by clk)
Path Group: clk
Path Type: min

Fanout     Cap    Slew   Delay    Time   Description
-----------------------------------------------------------------------------
                  0.00    0.00    0.00   clock clk (rise edge)
                          0.00    0.00   clock network delay (ideal)
                  0.00    0.00    0.00 ^ load_q[489]$_DFFE_PN0P_/CLK (sky130_fd_sc_hd__dfrtp_1)
     2    0.01    0.07    0.32    0.32 ^ load_q[489]$_DFFE_PN0P_/Q (sky130_fd_sc_hd__dfrtp_1)
                                         load_q[489] (net)
                  0.07    0.00    0.32 ^ _17845_/A (sky130_fd_sc_hd__nand2_1)
     1    0.00    0.03    0.05    0.37 v _17845_/Y (sky130_fd_sc_hd__nand2_1)
                                         _14511_ (net)
                  0.03    0.00    0.37 v _17846_/B1 (sky130_fd_sc_hd__o21ai_0)
     1    0.00    0.06    0.06    0.43 ^ _17846_/Y (sky130_fd_sc_hd__o21ai_0)
                                         _01120_ (net)
                  0.06    0.00    0.43 ^ load_q[489]$_DFFE_PN0P_/D (sky130_fd_sc_hd__dfrtp_1)
                                  0.43   data arrival time

                  0.00    0.00    0.00   clock clk (rise edge)
                          0.00    0.00   clock network delay (ideal)
                          0.25    0.25   clock uncertainty
                          0.00    0.25   clock reconvergence pessimism
                                  0.25 ^ load_q[489]$_DFFE_PN0P_/CLK (sky130_fd_sc_hd__dfrtp_1)
                         -0.04    0.21   library hold time
                                  0.21   data required time
-----------------------------------------------------------------------------
                                  0.21   data required time
                                 -0.43   data arrival time
-----------------------------------------------------------------------------
                                  0.22   slack (MET)



==========================================================================
detailed place report_checks -path_delay max
--------------------------------------------------------------------------
Startpoint: lane_idx[0] (input port clocked by clk)
Endpoint: lane_rdata[22] (output port clocked by clk)
Path Group: clk
Path Type: max

Fanout     Cap    Slew   Delay    Time   Description
-----------------------------------------------------------------------------
                  0.00    0.00    0.00   clock clk (rise edge)
                          0.00    0.00   clock network delay (ideal)
                          2.00    2.00 ^ input external delay
     1    0.01    0.00    0.00    2.00 ^ lane_idx[0] (in)
                                         lane_idx[0] (net)
                  0.00    0.00    2.00 ^ input1/A (sky130_fd_sc_hd__buf_8)
    43    0.39    0.62    0.44    2.44 ^ input1/X (sky130_fd_sc_hd__buf_8)
                                         net1 (net)
                  0.63    0.07    2.51 ^ place1329/A (sky130_fd_sc_hd__buf_4)
    26    0.23    0.62    0.62    3.13 ^ place1329/X (sky130_fd_sc_hd__buf_4)
                                         net1329 (net)
                  0.62    0.04    3.17 ^ place1328/A (sky130_fd_sc_hd__buf_4)
    24    0.17    0.47    0.53    3.71 ^ place1328/X (sky130_fd_sc_hd__buf_4)
                                         net1328 (net)
                  0.47    0.02    3.72 ^ _29015_/S0 (sky130_fd_sc_hd__mux4_2)
     1    0.00    0.08    0.56    4.28 v _29015_/X (sky130_fd_sc_hd__mux4_2)
                                         _12125_ (net)
                  0.08    0.00    4.28 v _29017_/A0 (sky130_fd_sc_hd__mux2i_1)
     1    0.01    0.25    0.23    4.51 ^ _29017_/Y (sky130_fd_sc_hd__mux2i_1)
                                         _12127_ (net)
                  0.25    0.00    4.52 ^ _29018_/B (sky130_fd_sc_hd__nor2_1)
     1    0.00    0.09    0.07    4.58 v _29018_/Y (sky130_fd_sc_hd__nor2_1)
                                         _12128_ (net)
                  0.09    0.00    4.58 v _29027_/B1 (sky130_fd_sc_hd__a211o_1)
     1    0.01    0.09    0.33    4.91 v _29027_/X (sky130_fd_sc_hd__a211o_1)
                                         net90 (net)
                  0.09    0.00    4.91 v output90/A (sky130_fd_sc_hd__clkdlybuf4s50_1)
     1    0.02    0.18    0.55    5.46 v output90/X (sky130_fd_sc_hd__clkdlybuf4s50_1)
                                         lane_rdata[22] (net)
                  0.18    0.00    5.47 v lane_rdata[22] (out)
                                  5.47   data arrival time

                  0.00   10.00   10.00   clock clk (rise edge)
                          0.00   10.00   clock network delay (ideal)
                         -0.25    9.75   clock uncertainty
                          0.00    9.75   clock reconvergence pessimism
                         -2.00    7.75   output external delay
                                  7.75   data required time
-----------------------------------------------------------------------------
                                  7.75   data required time
                                 -5.47   data arrival time
-----------------------------------------------------------------------------
                                  2.28   slack (MET)



==========================================================================
detailed place report_checks -unconstrained
--------------------------------------------------------------------------
Startpoint: lane_idx[0] (input port clocked by clk)
Endpoint: lane_rdata[22] (output port clocked by clk)
Path Group: clk
Path Type: max

Fanout     Cap    Slew   Delay    Time   Description
-----------------------------------------------------------------------------
                  0.00    0.00    0.00   clock clk (rise edge)
                          0.00    0.00   clock network delay (ideal)
                          2.00    2.00 ^ input external delay
     1    0.01    0.00    0.00    2.00 ^ lane_idx[0] (in)
                                         lane_idx[0] (net)
                  0.00    0.00    2.00 ^ input1/A (sky130_fd_sc_hd__buf_8)
    43    0.39    0.62    0.44    2.44 ^ input1/X (sky130_fd_sc_hd__buf_8)
                                         net1 (net)
                  0.63    0.07    2.51 ^ place1329/A (sky130_fd_sc_hd__buf_4)
    26    0.23    0.62    0.62    3.13 ^ place1329/X (sky130_fd_sc_hd__buf_4)
                                         net1329 (net)
                  0.62    0.04    3.17 ^ place1328/A (sky130_fd_sc_hd__buf_4)
    24    0.17    0.47    0.53    3.71 ^ place1328/X (sky130_fd_sc_hd__buf_4)
                                         net1328 (net)
                  0.47    0.02    3.72 ^ _29015_/S0 (sky130_fd_sc_hd__mux4_2)
     1    0.00    0.08    0.56    4.28 v _29015_/X (sky130_fd_sc_hd__mux4_2)
                                         _12125_ (net)
                  0.08    0.00    4.28 v _29017_/A0 (sky130_fd_sc_hd__mux2i_1)
     1    0.01    0.25    0.23    4.51 ^ _29017_/Y (sky130_fd_sc_hd__mux2i_1)
                                         _12127_ (net)
                  0.25    0.00    4.52 ^ _29018_/B (sky130_fd_sc_hd__nor2_1)
     1    0.00    0.09    0.07    4.58 v _29018_/Y (sky130_fd_sc_hd__nor2_1)
                                         _12128_ (net)
                  0.09    0.00    4.58 v _29027_/B1 (sky130_fd_sc_hd__a211o_1)
     1    0.01    0.09    0.33    4.91 v _29027_/X (sky130_fd_sc_hd__a211o_1)
                                         net90 (net)
                  0.09    0.00    4.91 v output90/A (sky130_fd_sc_hd__clkdlybuf4s50_1)
     1    0.02    0.18    0.55    5.46 v output90/X (sky130_fd_sc_hd__clkdlybuf4s50_1)
                                         lane_rdata[22] (net)
                  0.18    0.00    5.47 v lane_rdata[22] (out)
                                  5.47   data arrival time

                  0.00   10.00   10.00   clock clk (rise edge)
                          0.00   10.00   clock network delay (ideal)
                         -0.25    9.75   clock uncertainty
                          0.00    9.75   clock reconvergence pessimism
                         -2.00    7.75   output external delay
                                  7.75   data required time
-----------------------------------------------------------------------------
                                  7.75   data required time
                                 -5.47   data arrival time
-----------------------------------------------------------------------------
                                  2.28   slack (MET)



==========================================================================
detailed place report_check_types -max_slew -max_cap -max_fanout -violators
--------------------------------------------------------------------------

==========================================================================
detailed place max_slew_check_slack
--------------------------------------------------------------------------
0.2044636756181717

==========================================================================
detailed place max_slew_check_limit
--------------------------------------------------------------------------
1.5

==========================================================================
detailed place max_slew_check_slack_limit
--------------------------------------------------------------------------
0.1363

==========================================================================
detailed place max_fanout_check_slack
--------------------------------------------------------------------------
1.0000000150474662e+30

==========================================================================
detailed place max_fanout_check_limit
--------------------------------------------------------------------------
1.0000000150474662e+30

==========================================================================
detailed place max_capacitance_check_slack
--------------------------------------------------------------------------
0.019163280725479126

==========================================================================
detailed place max_capacitance_check_limit
--------------------------------------------------------------------------
0.03663099929690361

==========================================================================
detailed place max_capacitance_check_slack_limit
--------------------------------------------------------------------------
0.5231

==========================================================================
detailed place max_slew_violation_count
--------------------------------------------------------------------------
max slew violation count 0

==========================================================================
detailed place max_fanout_violation_count
--------------------------------------------------------------------------
max fanout violation count 0

==========================================================================
detailed place max_cap_violation_count
--------------------------------------------------------------------------
max cap violation count 0

==========================================================================
detailed place setup_violation_count
--------------------------------------------------------------------------
setup violation count 0

==========================================================================
detailed place hold_violation_count
--------------------------------------------------------------------------
hold violation count 0

==========================================================================
detailed place report_checks -path_delay max reg to reg
--------------------------------------------------------------------------
Startpoint: u_core.state_out[13]$_DFFE_PN0P_
            (rising edge-triggered flip-flop clocked by clk)
Endpoint: u_core.state_out[57]$_DFFE_PN0P_
          (rising edge-triggered flip-flop clocked by clk)
Path Group: clk
Path Type: max

  Delay    Time   Description
---------------------------------------------------------
   0.00    0.00   clock clk (rise edge)
   0.00    0.00   clock network delay (ideal)
   0.00    0.00 ^ u_core.state_out[13]$_DFFE_PN0P_/CLK (sky130_fd_sc_hd__dfrtp_1)
   0.42    0.42 ^ u_core.state_out[13]$_DFFE_PN0P_/Q (sky130_fd_sc_hd__dfrtp_1)
   0.52    0.94 v _19959_/X (sky130_fd_sc_hd__xnor3_1)
   0.56    1.50 ^ _19960_/Y (sky130_fd_sc_hd__xnor2_4)
   1.04    2.55 ^ _26695_/X (sky130_fd_sc_hd__xnor3_1)
   0.20    2.75 v _28122_/Y (sky130_fd_sc_hd__nand2b_1)
   0.63    3.38 ^ _28123_/Y (sky130_fd_sc_hd__xnor2_1)
   0.13    3.51 v _28125_/Y (sky130_fd_sc_hd__o21ai_1)
   0.00    3.51 v u_core.state_out[57]$_DFFE_PN0P_/D (sky130_fd_sc_hd__dfrtp_1)
           3.51   data arrival time

  10.00   10.00   clock clk (rise edge)
   0.00   10.00   clock network delay (ideal)
  -0.25    9.75   clock uncertainty
   0.00    9.75   clock reconvergence pessimism
           9.75 ^ u_core.state_out[57]$_DFFE_PN0P_/CLK (sky130_fd_sc_hd__dfrtp_1)
  -0.16    9.59   library setup time
           9.59   data required time
---------------------------------------------------------
           9.59   data required time
          -3.51   data arrival time
---------------------------------------------------------
           6.08   slack (MET)



==========================================================================
detailed place report_checks -path_delay min reg to reg
--------------------------------------------------------------------------
Startpoint: load_q[489]$_DFFE_PN0P_
            (rising edge-triggered flip-flop clocked by clk)
Endpoint: load_q[489]$_DFFE_PN0P_
          (rising edge-triggered flip-flop clocked by clk)
Path Group: clk
Path Type: min

  Delay    Time   Description
---------------------------------------------------------
   0.00    0.00   clock clk (rise edge)
   0.00    0.00   clock network delay (ideal)
   0.00    0.00 ^ load_q[489]$_DFFE_PN0P_/CLK (sky130_fd_sc_hd__dfrtp_1)
   0.32    0.32 ^ load_q[489]$_DFFE_PN0P_/Q (sky130_fd_sc_hd__dfrtp_1)
   0.05    0.37 v _17845_/Y (sky130_fd_sc_hd__nand2_1)
   0.06    0.43 ^ _17846_/Y (sky130_fd_sc_hd__o21ai_0)
   0.00    0.43 ^ load_q[489]$_DFFE_PN0P_/D (sky130_fd_sc_hd__dfrtp_1)
           0.43   data arrival time

   0.00    0.00   clock clk (rise edge)
   0.00    0.00   clock network delay (ideal)
   0.25    0.25   clock uncertainty
   0.00    0.25   clock reconvergence pessimism
           0.25 ^ load_q[489]$_DFFE_PN0P_/CLK (sky130_fd_sc_hd__dfrtp_1)
  -0.04    0.21   library hold time
           0.21   data required time
---------------------------------------------------------
           0.21   data required time
          -0.43   data arrival time
---------------------------------------------------------
           0.22   slack (MET)



==========================================================================
detailed place critical path target clock latency max path
--------------------------------------------------------------------------
0.0000

==========================================================================
detailed place critical path target clock latency min path
--------------------------------------------------------------------------
0.0000

==========================================================================
detailed place critical path source clock latency min path
--------------------------------------------------------------------------
0.0000

==========================================================================
detailed place critical path delay
--------------------------------------------------------------------------
5.4654

==========================================================================
detailed place critical path slack
--------------------------------------------------------------------------
2.2846

==========================================================================
detailed place slack div critical path delay
--------------------------------------------------------------------------
41.801149

==========================================================================
detailed place report_power
--------------------------------------------------------------------------
Group                  Internal  Switching    Leakage      Total
                          Power      Power      Power      Power (Watts)
----------------------------------------------------------------
Sequential             1.70e-02   6.01e-03   4.43e-08   2.30e-02   5.9%
Combinational          1.12e-01   2.56e-01   5.88e-08   3.68e-01  94.1%
Clock                  0.00e+00   0.00e+00   0.00e+00   0.00e+00   0.0%
Macro                  0.00e+00   0.00e+00   0.00e+00   0.00e+00   0.0%
Pad                    0.00e+00   0.00e+00   0.00e+00   0.00e+00   0.0%
----------------------------------------------------------------
Total                  1.29e-01   2.62e-01   1.03e-07   3.91e-01 100.0%
                          33.0%      67.0%       0.0%
