
==========================================================================
floorplan final report_tns
--------------------------------------------------------------------------
tns max -1050.37

==========================================================================
floorplan final report_wns
--------------------------------------------------------------------------
wns max -5.04

==========================================================================
floorplan final report_worst_slack
--------------------------------------------------------------------------
worst slack max -5.04

==========================================================================
floorplan final report_clock_min_period
--------------------------------------------------------------------------
clk period_min = 20.04 fmax = 49.91

==========================================================================
floorplan final report_checks -path_delay min
--------------------------------------------------------------------------
Startpoint: st[12]$_DFF_PN0_ (rising edge-triggered flip-flop clocked by clk)
Endpoint: done$_DFF_PN0_ (rising edge-triggered flip-flop clocked by clk)
Path Group: clk
Path Type: min

Fanout     Cap    Slew   Delay    Time   Description
-----------------------------------------------------------------------------
                  0.00    0.00    0.00   clock clk (rise edge)
                          0.00    0.00   clock network delay (ideal)
                  0.00    0.00    0.00 ^ st[12]$_DFF_PN0_/CLK (sky130_fd_sc_hd__dfrtp_1)
     2    0.00    0.05    0.30    0.30 ^ st[12]$_DFF_PN0_/Q (sky130_fd_sc_hd__dfrtp_1)
                                         st[12] (net)
                  0.05    0.00    0.30 ^ done$_DFF_PN0_/D (sky130_fd_sc_hd__dfrtp_1)
                                  0.30   data arrival time

                  0.00    0.00    0.00   clock clk (rise edge)
                          0.00    0.00   clock network delay (ideal)
                          0.25    0.25   clock uncertainty
                          0.00    0.25   clock reconvergence pessimism
                                  0.25 ^ done$_DFF_PN0_/CLK (sky130_fd_sc_hd__dfrtp_1)
                         -0.04    0.21   library hold time
                                  0.21   data required time
-----------------------------------------------------------------------------
                                  0.21   data required time
                                 -0.30   data arrival time
-----------------------------------------------------------------------------
                                  0.10   slack (MET)



==========================================================================
floorplan final report_checks -path_delay max
--------------------------------------------------------------------------
Startpoint: coeff_a_q[1]$_DFFE_PN0P_
            (rising edge-triggered flip-flop clocked by clk)
Endpoint: mul_reduced_q[4]$_DFFE_PN0P_
          (rising edge-triggered flip-flop clocked by clk)
Path Group: clk
Path Type: max

Fanout     Cap    Slew   Delay    Time   Description
-----------------------------------------------------------------------------
                  0.00    0.00    0.00   clock clk (rise edge)
                          0.00    0.00   clock network delay (ideal)
                  0.00    0.00    0.00 ^ coeff_a_q[1]$_DFFE_PN0P_/CLK (sky130_fd_sc_hd__dfrtp_2)
     6    0.03    0.10    0.44    0.44 v coeff_a_q[1]$_DFFE_PN0P_/Q (sky130_fd_sc_hd__dfrtp_2)
                                         coeff_a_q[1] (net)
                  0.10    0.00    0.44 v _13427_/A (sky130_fd_sc_hd__ha_4)
     2    0.01    0.04    0.28    0.73 ^ _13427_/SUM (sky130_fd_sc_hd__ha_4)
                                         _00477_ (net)
                  0.04    0.00    0.73 ^ _07505_/A (sky130_fd_sc_hd__inv_2)
     1    0.01    0.02    0.04    0.76 v _07505_/Y (sky130_fd_sc_hd__inv_2)
                                         _00430_ (net)
                  0.02    0.00    0.76 v _13611_/B (sky130_fd_sc_hd__ha_4)
     2    0.01    0.04    0.15    0.91 v _13611_/COUT (sky130_fd_sc_hd__ha_4)
                                         _00193_ (net)
                  0.04    0.00    0.91 v _13164_/A (sky130_fd_sc_hd__fa_2)
     2    0.01    0.08    0.39    1.31 v _13164_/COUT (sky130_fd_sc_hd__fa_2)
                                         _00195_ (net)
                  0.08    0.00    1.31 v _07673_/A1 (sky130_fd_sc_hd__a21oi_2)
     1    0.00    0.08    0.12    1.42 ^ _07673_/Y (sky130_fd_sc_hd__a21oi_2)
                                         _02567_ (net)
                  0.08    0.00    1.42 ^ _07674_/A (sky130_fd_sc_hd__nor2_1)
     1    0.00    0.03    0.05    1.47 v _07674_/Y (sky130_fd_sc_hd__nor2_1)
                                         _02568_ (net)
                  0.03    0.00    1.47 v _07675_/A (sky130_fd_sc_hd__nor2_1)
     2    0.01    0.15    0.14    1.61 ^ _07675_/Y (sky130_fd_sc_hd__nor2_1)
                                         _02569_ (net)
                  0.15    0.00    1.61 ^ _07686_/B (sky130_fd_sc_hd__xnor2_1)
     2    0.01    0.07    0.11    1.72 v _07686_/Y (sky130_fd_sc_hd__xnor2_1)
                                         _02580_ (net)
                  0.07    0.00    1.72 v _07689_/C (sky130_fd_sc_hd__nor3_1)
     2    0.00    0.15    0.14    1.86 ^ _07689_/Y (sky130_fd_sc_hd__nor3_1)
                                         _02583_ (net)
                  0.15    0.00    1.86 ^ _07690_/B_N (sky130_fd_sc_hd__nor2b_2)
     2    0.00    0.08    0.17    2.03 ^ _07690_/Y (sky130_fd_sc_hd__nor2b_2)
                                         _02584_ (net)
                  0.08    0.00    2.03 ^ _07691_/B_N (sky130_fd_sc_hd__nor2b_4)
     4    0.01    0.09    0.16    2.19 ^ _07691_/Y (sky130_fd_sc_hd__nor2b_4)
                                         _02585_ (net)
                  0.09    0.00    2.19 ^ _07692_/B (sky130_fd_sc_hd__nand2_1)
     1    0.00    0.07    0.06    2.25 v _07692_/Y (sky130_fd_sc_hd__nand2_1)
                                         _02586_ (net)
                  0.07    0.00    2.25 v _07693_/B1 (sky130_fd_sc_hd__a21oi_1)
     1    0.00    0.10    0.11    2.36 ^ _07693_/Y (sky130_fd_sc_hd__a21oi_1)
                                         _02587_ (net)
                  0.10    0.00    2.36 ^ _07694_/B (sky130_fd_sc_hd__nor2_1)
     1    0.00    0.06    0.05    2.41 v _07694_/Y (sky130_fd_sc_hd__nor2_1)
                                         _02588_ (net)
                  0.06    0.00    2.41 v _07700_/A2 (sky130_fd_sc_hd__o211a_1)
     3    0.01    0.05    0.22    2.63 v _07700_/X (sky130_fd_sc_hd__o211a_1)
                                         _02594_ (net)
                  0.05    0.00    2.63 v _07701_/A (sky130_fd_sc_hd__or2_4)
     2    0.01    0.05    0.25    2.88 v _07701_/X (sky130_fd_sc_hd__or2_4)
                                         _02595_ (net)
                  0.05    0.00    2.88 v _07702_/A (sky130_fd_sc_hd__clkbuf_8)
    10    0.02    0.05    0.15    3.03 v _07702_/X (sky130_fd_sc_hd__clkbuf_8)
                                         _02596_ (net)
                  0.05    0.00    3.03 v _07877_/A (sky130_fd_sc_hd__nor2_1)
     1    0.00    0.07    0.09    3.12 ^ _07877_/Y (sky130_fd_sc_hd__nor2_1)
                                         _02677_ (net)
                  0.07    0.00    3.12 ^ _07878_/B1 (sky130_fd_sc_hd__a21oi_1)
     1    0.00    0.05    0.05    3.17 v _07878_/Y (sky130_fd_sc_hd__a21oi_1)
                                         _02678_ (net)
                  0.05    0.00    3.17 v _07880_/A1 (sky130_fd_sc_hd__a211oi_2)
     5    0.01    0.29    0.28    3.45 ^ _07880_/Y (sky130_fd_sc_hd__a211oi_2)
                                         _02680_ (net)
                  0.29    0.00    3.45 ^ _07881_/B1 (sky130_fd_sc_hd__a21o_1)
     8    0.02    0.20    0.23    3.69 ^ _07881_/X (sky130_fd_sc_hd__a21o_1)
                                         _02681_ (net)
                  0.20    0.00    3.69 ^ _07952_/A (sky130_fd_sc_hd__nor2_2)
     1    0.00    0.05    0.07    3.75 v _07952_/Y (sky130_fd_sc_hd__nor2_2)
                                         _00206_ (net)
                  0.05    0.00    3.75 v _13201_/CIN (sky130_fd_sc_hd__fa_1)
     1    0.00    0.08    0.43    4.18 v _13201_/SUM (sky130_fd_sc_hd__fa_1)
                                         _06884_ (net)
                  0.08    0.00    4.18 v _13291_/B (sky130_fd_sc_hd__ha_2)
     1    0.00    0.04    0.18    4.37 v _13291_/COUT (sky130_fd_sc_hd__ha_2)
                                         _06831_ (net)
                  0.04    0.00    4.37 v _13165_/CIN (sky130_fd_sc_hd__fa_1)
     1    0.00    0.07    0.49    4.85 ^ _13165_/SUM (sky130_fd_sc_hd__fa_1)
                                         _06600_ (net)
                  0.07    0.00    4.85 ^ _13066_/CIN (sky130_fd_sc_hd__fa_1)
     1    0.01    0.09    0.43    5.28 v _13066_/SUM (sky130_fd_sc_hd__fa_1)
                                         _06602_ (net)
                  0.09    0.00    5.28 v _13094_/B (sky130_fd_sc_hd__fa_1)
     1    0.00    0.08    0.46    5.74 v _13094_/SUM (sky130_fd_sc_hd__fa_1)
                                         _06675_ (net)
                  0.08    0.00    5.74 v _13502_/B (sky130_fd_sc_hd__ha_1)
     1    0.00    0.06    0.29    6.03 v _13502_/SUM (sky130_fd_sc_hd__ha_1)
                                         _00595_ (net)
                  0.06    0.00    6.03 v _07111_/A (sky130_fd_sc_hd__inv_2)
     3    0.01    0.05    0.07    6.10 ^ _07111_/Y (sky130_fd_sc_hd__inv_2)
                                         _02077_ (net)
                  0.05    0.00    6.10 ^ _07465_/B (sky130_fd_sc_hd__nor2_1)
     1    0.00    0.03    0.04    6.13 v _07465_/Y (sky130_fd_sc_hd__nor2_1)
                                         _02398_ (net)
                  0.03    0.00    6.13 v _07466_/A (sky130_fd_sc_hd__nor2_1)
     2    0.01    0.15    0.15    6.28 ^ _07466_/Y (sky130_fd_sc_hd__nor2_1)
                                         _02399_ (net)
                  0.15    0.00    6.28 ^ _07467_/A2 (sky130_fd_sc_hd__o21bai_1)
     1    0.00    0.06    0.09    6.37 v _07467_/Y (sky130_fd_sc_hd__o21bai_1)
                                         _02400_ (net)
                  0.06    0.00    6.37 v _07468_/A1 (sky130_fd_sc_hd__a21oi_2)
     2    0.01    0.13    0.15    6.51 ^ _07468_/Y (sky130_fd_sc_hd__a21oi_2)
                                         _02401_ (net)
                  0.13    0.00    6.51 ^ _07469_/A2 (sky130_fd_sc_hd__o21bai_1)
     1    0.00    0.06    0.08    6.60 v _07469_/Y (sky130_fd_sc_hd__o21bai_1)
                                         _02402_ (net)
                  0.06    0.00    6.60 v _07470_/A1 (sky130_fd_sc_hd__a21oi_2)
     2    0.01    0.13    0.15    6.75 ^ _07470_/Y (sky130_fd_sc_hd__a21oi_2)
                                         _02403_ (net)
                  0.13    0.00    6.75 ^ _07471_/A2 (sky130_fd_sc_hd__o21bai_1)
     1    0.00    0.06    0.08    6.83 v _07471_/Y (sky130_fd_sc_hd__o21bai_1)
                                         _02404_ (net)
                  0.06    0.00    6.83 v _07472_/A1 (sky130_fd_sc_hd__a21oi_2)
     2    0.01    0.13    0.15    6.98 ^ _07472_/Y (sky130_fd_sc_hd__a21oi_2)
                                         _02405_ (net)
                  0.13    0.00    6.98 ^ _07473_/A2 (sky130_fd_sc_hd__o21bai_1)
     1    0.00    0.06    0.08    7.06 v _07473_/Y (sky130_fd_sc_hd__o21bai_1)
                                         _02406_ (net)
                  0.06    0.00    7.06 v _07474_/A1 (sky130_fd_sc_hd__a21oi_2)
     2    0.01    0.13    0.15    7.21 ^ _07474_/Y (sky130_fd_sc_hd__a21oi_2)
                                         _02407_ (net)
                  0.13    0.00    7.21 ^ _07475_/A1 (sky130_fd_sc_hd__o21bai_1)
     1    0.00    0.05    0.08    7.29 v _07475_/Y (sky130_fd_sc_hd__o21bai_1)
                                         _02408_ (net)
                  0.05    0.00    7.29 v _07476_/A1 (sky130_fd_sc_hd__a21oi_1)
     2    0.01    0.19    0.18    7.47 ^ _07476_/Y (sky130_fd_sc_hd__a21oi_1)
                                         _02409_ (net)
                  0.19    0.00    7.47 ^ _07477_/A (sky130_fd_sc_hd__nor2b_1)
     1    0.00    0.05    0.07    7.54 v _07477_/Y (sky130_fd_sc_hd__nor2b_1)
                                         _02410_ (net)
                  0.05    0.00    7.54 v _07478_/A2 (sky130_fd_sc_hd__o21a_1)
     2    0.01    0.05    0.18    7.72 v _07478_/X (sky130_fd_sc_hd__o21a_1)
                                         _02411_ (net)
                  0.05    0.00    7.72 v _07782_/A3 (sky130_fd_sc_hd__o41a_1)
     2    0.02    0.15    0.47    8.18 v _07782_/X (sky130_fd_sc_hd__o41a_1)
                                         _02612_ (net)
                  0.15    0.00    8.18 v _07783_/A (sky130_fd_sc_hd__xor2_4)
     7    0.03    0.29    0.33    8.51 ^ _07783_/X (sky130_fd_sc_hd__xor2_4)
                                         mul_product[22] (net)
                  0.29    0.00    8.51 ^ _12954_/B (sky130_fd_sc_hd__fa_1)
     2    0.01    0.10    0.49    9.01 v _12954_/SUM (sky130_fd_sc_hd__fa_1)
                                         _06235_ (net)
                  0.10    0.00    9.01 v _13071_/CIN (sky130_fd_sc_hd__fa_1)
     1    0.00    0.07    0.51    9.52 ^ _13071_/SUM (sky130_fd_sc_hd__fa_1)
                                         _06364_ (net)
                  0.07    0.00    9.52 ^ _12997_/CIN (sky130_fd_sc_hd__fa_1)
     1    0.00    0.09    0.42    9.93 v _12997_/SUM (sky130_fd_sc_hd__fa_1)
                                         _06366_ (net)
                  0.09    0.00    9.93 v _13186_/CIN (sky130_fd_sc_hd__fa_1)
     1    0.01    0.08    0.51   10.45 ^ _13186_/SUM (sky130_fd_sc_hd__fa_1)
                                         _06421_ (net)
                  0.08    0.00   10.45 ^ _13012_/B (sky130_fd_sc_hd__fa_1)
     1    0.00    0.08    0.42   10.86 v _13012_/SUM (sky130_fd_sc_hd__fa_1)
                                         _06424_ (net)
                  0.08    0.00   10.86 v _13572_/B (sky130_fd_sc_hd__ha_1)
     1    0.00    0.04    0.28   11.14 ^ _13572_/SUM (sky130_fd_sc_hd__ha_1)
                                         _00681_ (net)
                  0.04    0.00   11.14 ^ _07181_/B1 (sky130_fd_sc_hd__o21a_1)
     2    0.01    0.08    0.14   11.28 ^ _07181_/X (sky130_fd_sc_hd__o21a_1)
                                         _02132_ (net)
                  0.08    0.00   11.28 ^ _07182_/C (sky130_fd_sc_hd__and3_4)
     2    0.01    0.06    0.20   11.47 ^ _07182_/X (sky130_fd_sc_hd__and3_4)
                                         _02133_ (net)
                  0.06    0.00   11.47 ^ _07187_/A1 (sky130_fd_sc_hd__a211oi_2)
     1    0.00    0.07    0.06   11.53 v _07187_/Y (sky130_fd_sc_hd__a211oi_2)
                                         _02138_ (net)
                  0.07    0.00   11.53 v _07190_/C (sky130_fd_sc_hd__nor3_2)
     3    0.01    0.20    0.16   11.70 ^ _07190_/Y (sky130_fd_sc_hd__nor3_2)
                                         _02141_ (net)
                  0.20    0.00   11.70 ^ _07194_/A1 (sky130_fd_sc_hd__a41oi_2)
     3    0.01    0.15    0.17   11.87 v _07194_/Y (sky130_fd_sc_hd__a41oi_2)
                                         _02145_ (net)
                  0.15    0.00   11.87 v _07199_/A2 (sky130_fd_sc_hd__a2111oi_4)
     3    0.01    0.28    0.40   12.27 ^ _07199_/Y (sky130_fd_sc_hd__a2111oi_4)
                                         _02150_ (net)
                  0.28    0.00   12.27 ^ _07200_/A1 (sky130_fd_sc_hd__o21a_1)
     3    0.01    0.08    0.20   12.47 ^ _07200_/X (sky130_fd_sc_hd__o21a_1)
                                         _02151_ (net)
                  0.08    0.00   12.47 ^ _07201_/A1 (sky130_fd_sc_hd__o21a_1)
     1    0.00    0.06    0.14   12.61 ^ _07201_/X (sky130_fd_sc_hd__o21a_1)
                                         _02152_ (net)
                  0.06    0.00   12.61 ^ _07202_/A (sky130_fd_sc_hd__nor2_2)
     1    0.01    0.03    0.05   12.66 v _07202_/Y (sky130_fd_sc_hd__nor2_2)
                                         _02153_ (net)
                  0.03    0.00   12.66 v _07203_/A (sky130_fd_sc_hd__xnor2_2)
     4    0.02    0.27    0.26   12.91 ^ _07203_/Y (sky130_fd_sc_hd__xnor2_2)
                                         u_mul_reduce.prod[36] (net)
                  0.27    0.00   12.91 ^ _13323_/A (sky130_fd_sc_hd__ha_2)
     1    0.01    0.06    0.34   13.26 v _13323_/SUM (sky130_fd_sc_hd__ha_2)
                                         _06984_ (net)
                  0.06    0.00   13.26 v _13600_/A (sky130_fd_sc_hd__ha_4)
     1    0.00    0.04    0.24   13.49 v _13600_/SUM (sky130_fd_sc_hd__ha_4)
                                         _06206_ (net)
                  0.04    0.00   13.49 v _12943_/CIN (sky130_fd_sc_hd__fa_1)
     1    0.00    0.05    0.47   13.96 ^ _12943_/SUM (sky130_fd_sc_hd__fa_1)
                                         _00017_ (net)
                  0.05    0.00   13.96 ^ _07774_/A (sky130_fd_sc_hd__inv_1)
     1    0.00    0.03    0.04   14.00 v _07774_/Y (sky130_fd_sc_hd__inv_1)
                                         _00151_ (net)
                  0.03    0.00   14.00 v _13121_/CIN (sky130_fd_sc_hd__fa_1)
     1    0.01    0.11    0.47   14.47 v _13121_/SUM (sky130_fd_sc_hd__fa_1)
                                         _06724_ (net)
                  0.11    0.00   14.47 v _13285_/B (sky130_fd_sc_hd__ha_4)
     7    0.03    0.11    0.35   14.82 ^ _13285_/SUM (sky130_fd_sc_hd__ha_4)
                                         _00315_ (net)
                  0.11    0.00   14.82 ^ _07418_/A (sky130_fd_sc_hd__inv_2)
     3    0.01    0.04    0.05   14.87 v _07418_/Y (sky130_fd_sc_hd__inv_2)
                                         _02360_ (net)
                  0.04    0.00   14.87 v _07419_/A (sky130_fd_sc_hd__and3_4)
     1    0.01    0.04    0.15   15.01 v _07419_/X (sky130_fd_sc_hd__and3_4)
                                         _02361_ (net)
                  0.04    0.00   15.01 v _07421_/B1 (sky130_fd_sc_hd__a2111oi_4)
     3    0.01    0.36    0.40   15.41 ^ _07421_/Y (sky130_fd_sc_hd__a2111oi_4)
                                         _02363_ (net)
                  0.36    0.00   15.41 ^ _07425_/B (sky130_fd_sc_hd__nand3b_4)
     6    0.01    0.10    0.13   15.54 v _07425_/Y (sky130_fd_sc_hd__nand3b_4)
                                         _02367_ (net)
                  0.10    0.00   15.54 v _07440_/D1 (sky130_fd_sc_hd__a2111o_1)
     6    0.01    0.11    0.37   15.91 v _07440_/X (sky130_fd_sc_hd__a2111o_1)
                                         _02382_ (net)
                  0.11    0.00   15.91 v _07441_/D (sky130_fd_sc_hd__or4_1)
     1    0.00    0.10    0.43   16.34 v _07441_/X (sky130_fd_sc_hd__or4_1)
                                         _02383_ (net)
                  0.10    0.00   16.34 v _07442_/A (sky130_fd_sc_hd__buf_6)
     6    0.02    0.03    0.15   16.49 v _07442_/X (sky130_fd_sc_hd__buf_6)
                                         _02384_ (net)
                  0.03    0.00   16.49 v _07443_/A (sky130_fd_sc_hd__nor3_4)
     6    0.02    0.24    0.25   16.73 ^ _07443_/Y (sky130_fd_sc_hd__nor3_4)
                                         _02385_ (net)
                  0.24    0.00   16.73 ^ _07444_/A (sky130_fd_sc_hd__buf_6)
    10    0.04    0.09    0.18   16.92 ^ _07444_/X (sky130_fd_sc_hd__buf_6)
                                         _02386_ (net)
                  0.09    0.00   16.92 ^ _07445_/A (sky130_fd_sc_hd__xnor2_4)
     3    0.01    0.15    0.13   17.05 ^ _07445_/Y (sky130_fd_sc_hd__xnor2_4)
                                         u_mul_reduce.r1[0] (net)
                  0.15    0.00   17.05 ^ _07742_/A (sky130_fd_sc_hd__inv_1)
     1    0.00    0.04    0.06   17.11 v _07742_/Y (sky130_fd_sc_hd__inv_1)
                                         _00287_ (net)
                  0.04    0.00   17.11 v _13253_/A (sky130_fd_sc_hd__ha_2)
     3    0.01    0.05    0.19   17.30 v _13253_/COUT (sky130_fd_sc_hd__ha_2)
                                         _00289_ (net)
                  0.05    0.00   17.30 v _11821_/A (sky130_fd_sc_hd__inv_2)
     2    0.02    0.08    0.09   17.39 ^ _11821_/Y (sky130_fd_sc_hd__inv_2)
                                         _01304_ (net)
                  0.08    0.00   17.39 ^ _11858_/B (sky130_fd_sc_hd__xnor2_2)
     2    0.01    0.15    0.12   17.51 ^ _11858_/Y (sky130_fd_sc_hd__xnor2_2)
                                         _01341_ (net)
                  0.15    0.00   17.51 ^ _11859_/B (sky130_fd_sc_hd__xor2_1)
     1    0.00    0.11    0.15   17.66 ^ _11859_/X (sky130_fd_sc_hd__xor2_1)
                                         _01342_ (net)
                  0.11    0.00   17.66 ^ _11860_/A (sky130_fd_sc_hd__nand3_1)
     1    0.00    0.08    0.07   17.73 v _11860_/Y (sky130_fd_sc_hd__nand3_1)
                                         _01343_ (net)
                  0.08    0.00   17.73 v _11862_/A2 (sky130_fd_sc_hd__a21boi_1)
     2    0.00    0.15    0.18   17.90 ^ _11862_/Y (sky130_fd_sc_hd__a21boi_1)
                                         _01345_ (net)
                  0.15    0.00   17.90 ^ _11863_/B (sky130_fd_sc_hd__nand2_1)
     1    0.00    0.06    0.07   17.97 v _11863_/Y (sky130_fd_sc_hd__nand2_1)
                                         _01346_ (net)
                  0.06    0.00   17.97 v _11864_/B (sky130_fd_sc_hd__nor3_1)
     1    0.00    0.14    0.16   18.13 ^ _11864_/Y (sky130_fd_sc_hd__nor3_1)
                                         _01347_ (net)
                  0.14    0.00   18.13 ^ _11867_/A1 (sky130_fd_sc_hd__a21oi_1)
     4    0.01    0.08    0.11   18.24 v _11867_/Y (sky130_fd_sc_hd__a21oi_1)
                                         _01350_ (net)
                  0.08    0.00   18.24 v _11868_/A (sky130_fd_sc_hd__or4_4)
     1    0.01    0.09    0.55   18.79 v _11868_/X (sky130_fd_sc_hd__or4_4)
                                         _01351_ (net)
                  0.09    0.00   18.79 v _11964_/A2 (sky130_fd_sc_hd__a2111oi_4)
     3    0.01    0.29    0.39   19.18 ^ _11964_/Y (sky130_fd_sc_hd__a2111oi_4)
                                         _01447_ (net)
                  0.29    0.00   19.18 ^ _11965_/A (sky130_fd_sc_hd__buf_6)
    10    0.03    0.08    0.18   19.36 ^ _11965_/X (sky130_fd_sc_hd__buf_6)
                                         _01448_ (net)
                  0.08    0.00   19.36 ^ _12020_/D (sky130_fd_sc_hd__nor4_2)
     1    0.00    0.07    0.04   19.40 v _12020_/Y (sky130_fd_sc_hd__nor4_2)
                                         _01497_ (net)
                  0.07    0.00   19.40 v _12021_/B1 (sky130_fd_sc_hd__a211o_1)
     1    0.00    0.04    0.26   19.66 v _12021_/X (sky130_fd_sc_hd__a211o_1)
                                         _00798_ (net)
                  0.04    0.00   19.66 v mul_reduced_q[4]$_DFFE_PN0P_/D (sky130_fd_sc_hd__dfrtp_1)
                                 19.66   data arrival time

                  0.00   15.00   15.00   clock clk (rise edge)
                          0.00   15.00   clock network delay (ideal)
                         -0.25   14.75   clock uncertainty
                          0.00   14.75   clock reconvergence pessimism
                                 14.75 ^ mul_reduced_q[4]$_DFFE_PN0P_/CLK (sky130_fd_sc_hd__dfrtp_1)
                         -0.12   14.63   library setup time
                                 14.63   data required time
-----------------------------------------------------------------------------
                                 14.63   data required time
                                -19.66   data arrival time
-----------------------------------------------------------------------------
                                 -5.04   slack (VIOLATED)



==========================================================================
floorplan final report_checks -unconstrained
--------------------------------------------------------------------------
Startpoint: coeff_a_q[1]$_DFFE_PN0P_
            (rising edge-triggered flip-flop clocked by clk)
Endpoint: mul_reduced_q[4]$_DFFE_PN0P_
          (rising edge-triggered flip-flop clocked by clk)
Path Group: clk
Path Type: max

Fanout     Cap    Slew   Delay    Time   Description
-----------------------------------------------------------------------------
                  0.00    0.00    0.00   clock clk (rise edge)
                          0.00    0.00   clock network delay (ideal)
                  0.00    0.00    0.00 ^ coeff_a_q[1]$_DFFE_PN0P_/CLK (sky130_fd_sc_hd__dfrtp_2)
     6    0.03    0.10    0.44    0.44 v coeff_a_q[1]$_DFFE_PN0P_/Q (sky130_fd_sc_hd__dfrtp_2)
                                         coeff_a_q[1] (net)
                  0.10    0.00    0.44 v _13427_/A (sky130_fd_sc_hd__ha_4)
     2    0.01    0.04    0.28    0.73 ^ _13427_/SUM (sky130_fd_sc_hd__ha_4)
                                         _00477_ (net)
                  0.04    0.00    0.73 ^ _07505_/A (sky130_fd_sc_hd__inv_2)
     1    0.01    0.02    0.04    0.76 v _07505_/Y (sky130_fd_sc_hd__inv_2)
                                         _00430_ (net)
                  0.02    0.00    0.76 v _13611_/B (sky130_fd_sc_hd__ha_4)
     2    0.01    0.04    0.15    0.91 v _13611_/COUT (sky130_fd_sc_hd__ha_4)
                                         _00193_ (net)
                  0.04    0.00    0.91 v _13164_/A (sky130_fd_sc_hd__fa_2)
     2    0.01    0.08    0.39    1.31 v _13164_/COUT (sky130_fd_sc_hd__fa_2)
                                         _00195_ (net)
                  0.08    0.00    1.31 v _07673_/A1 (sky130_fd_sc_hd__a21oi_2)
     1    0.00    0.08    0.12    1.42 ^ _07673_/Y (sky130_fd_sc_hd__a21oi_2)
                                         _02567_ (net)
                  0.08    0.00    1.42 ^ _07674_/A (sky130_fd_sc_hd__nor2_1)
     1    0.00    0.03    0.05    1.47 v _07674_/Y (sky130_fd_sc_hd__nor2_1)
                                         _02568_ (net)
                  0.03    0.00    1.47 v _07675_/A (sky130_fd_sc_hd__nor2_1)
     2    0.01    0.15    0.14    1.61 ^ _07675_/Y (sky130_fd_sc_hd__nor2_1)
                                         _02569_ (net)
                  0.15    0.00    1.61 ^ _07686_/B (sky130_fd_sc_hd__xnor2_1)
     2    0.01    0.07    0.11    1.72 v _07686_/Y (sky130_fd_sc_hd__xnor2_1)
                                         _02580_ (net)
                  0.07    0.00    1.72 v _07689_/C (sky130_fd_sc_hd__nor3_1)
     2    0.00    0.15    0.14    1.86 ^ _07689_/Y (sky130_fd_sc_hd__nor3_1)
                                         _02583_ (net)
                  0.15    0.00    1.86 ^ _07690_/B_N (sky130_fd_sc_hd__nor2b_2)
     2    0.00    0.08    0.17    2.03 ^ _07690_/Y (sky130_fd_sc_hd__nor2b_2)
                                         _02584_ (net)
                  0.08    0.00    2.03 ^ _07691_/B_N (sky130_fd_sc_hd__nor2b_4)
     4    0.01    0.09    0.16    2.19 ^ _07691_/Y (sky130_fd_sc_hd__nor2b_4)
                                         _02585_ (net)
                  0.09    0.00    2.19 ^ _07692_/B (sky130_fd_sc_hd__nand2_1)
     1    0.00    0.07    0.06    2.25 v _07692_/Y (sky130_fd_sc_hd__nand2_1)
                                         _02586_ (net)
                  0.07    0.00    2.25 v _07693_/B1 (sky130_fd_sc_hd__a21oi_1)
     1    0.00    0.10    0.11    2.36 ^ _07693_/Y (sky130_fd_sc_hd__a21oi_1)
                                         _02587_ (net)
                  0.10    0.00    2.36 ^ _07694_/B (sky130_fd_sc_hd__nor2_1)
     1    0.00    0.06    0.05    2.41 v _07694_/Y (sky130_fd_sc_hd__nor2_1)
                                         _02588_ (net)
                  0.06    0.00    2.41 v _07700_/A2 (sky130_fd_sc_hd__o211a_1)
     3    0.01    0.05    0.22    2.63 v _07700_/X (sky130_fd_sc_hd__o211a_1)
                                         _02594_ (net)
                  0.05    0.00    2.63 v _07701_/A (sky130_fd_sc_hd__or2_4)
     2    0.01    0.05    0.25    2.88 v _07701_/X (sky130_fd_sc_hd__or2_4)
                                         _02595_ (net)
                  0.05    0.00    2.88 v _07702_/A (sky130_fd_sc_hd__clkbuf_8)
    10    0.02    0.05    0.15    3.03 v _07702_/X (sky130_fd_sc_hd__clkbuf_8)
                                         _02596_ (net)
                  0.05    0.00    3.03 v _07877_/A (sky130_fd_sc_hd__nor2_1)
     1    0.00    0.07    0.09    3.12 ^ _07877_/Y (sky130_fd_sc_hd__nor2_1)
                                         _02677_ (net)
                  0.07    0.00    3.12 ^ _07878_/B1 (sky130_fd_sc_hd__a21oi_1)
     1    0.00    0.05    0.05    3.17 v _07878_/Y (sky130_fd_sc_hd__a21oi_1)
                                         _02678_ (net)
                  0.05    0.00    3.17 v _07880_/A1 (sky130_fd_sc_hd__a211oi_2)
     5    0.01    0.29    0.28    3.45 ^ _07880_/Y (sky130_fd_sc_hd__a211oi_2)
                                         _02680_ (net)
                  0.29    0.00    3.45 ^ _07881_/B1 (sky130_fd_sc_hd__a21o_1)
     8    0.02    0.20    0.23    3.69 ^ _07881_/X (sky130_fd_sc_hd__a21o_1)
                                         _02681_ (net)
                  0.20    0.00    3.69 ^ _07952_/A (sky130_fd_sc_hd__nor2_2)
     1    0.00    0.05    0.07    3.75 v _07952_/Y (sky130_fd_sc_hd__nor2_2)
                                         _00206_ (net)
                  0.05    0.00    3.75 v _13201_/CIN (sky130_fd_sc_hd__fa_1)
     1    0.00    0.08    0.43    4.18 v _13201_/SUM (sky130_fd_sc_hd__fa_1)
                                         _06884_ (net)
                  0.08    0.00    4.18 v _13291_/B (sky130_fd_sc_hd__ha_2)
     1    0.00    0.04    0.18    4.37 v _13291_/COUT (sky130_fd_sc_hd__ha_2)
                                         _06831_ (net)
                  0.04    0.00    4.37 v _13165_/CIN (sky130_fd_sc_hd__fa_1)
     1    0.00    0.07    0.49    4.85 ^ _13165_/SUM (sky130_fd_sc_hd__fa_1)
                                         _06600_ (net)
                  0.07    0.00    4.85 ^ _13066_/CIN (sky130_fd_sc_hd__fa_1)
     1    0.01    0.09    0.43    5.28 v _13066_/SUM (sky130_fd_sc_hd__fa_1)
                                         _06602_ (net)
                  0.09    0.00    5.28 v _13094_/B (sky130_fd_sc_hd__fa_1)
     1    0.00    0.08    0.46    5.74 v _13094_/SUM (sky130_fd_sc_hd__fa_1)
                                         _06675_ (net)
                  0.08    0.00    5.74 v _13502_/B (sky130_fd_sc_hd__ha_1)
     1    0.00    0.06    0.29    6.03 v _13502_/SUM (sky130_fd_sc_hd__ha_1)
                                         _00595_ (net)
                  0.06    0.00    6.03 v _07111_/A (sky130_fd_sc_hd__inv_2)
     3    0.01    0.05    0.07    6.10 ^ _07111_/Y (sky130_fd_sc_hd__inv_2)
                                         _02077_ (net)
                  0.05    0.00    6.10 ^ _07465_/B (sky130_fd_sc_hd__nor2_1)
     1    0.00    0.03    0.04    6.13 v _07465_/Y (sky130_fd_sc_hd__nor2_1)
                                         _02398_ (net)
                  0.03    0.00    6.13 v _07466_/A (sky130_fd_sc_hd__nor2_1)
     2    0.01    0.15    0.15    6.28 ^ _07466_/Y (sky130_fd_sc_hd__nor2_1)
                                         _02399_ (net)
                  0.15    0.00    6.28 ^ _07467_/A2 (sky130_fd_sc_hd__o21bai_1)
     1    0.00    0.06    0.09    6.37 v _07467_/Y (sky130_fd_sc_hd__o21bai_1)
                                         _02400_ (net)
                  0.06    0.00    6.37 v _07468_/A1 (sky130_fd_sc_hd__a21oi_2)
     2    0.01    0.13    0.15    6.51 ^ _07468_/Y (sky130_fd_sc_hd__a21oi_2)
                                         _02401_ (net)
                  0.13    0.00    6.51 ^ _07469_/A2 (sky130_fd_sc_hd__o21bai_1)
     1    0.00    0.06    0.08    6.60 v _07469_/Y (sky130_fd_sc_hd__o21bai_1)
                                         _02402_ (net)
                  0.06    0.00    6.60 v _07470_/A1 (sky130_fd_sc_hd__a21oi_2)
     2    0.01    0.13    0.15    6.75 ^ _07470_/Y (sky130_fd_sc_hd__a21oi_2)
                                         _02403_ (net)
                  0.13    0.00    6.75 ^ _07471_/A2 (sky130_fd_sc_hd__o21bai_1)
     1    0.00    0.06    0.08    6.83 v _07471_/Y (sky130_fd_sc_hd__o21bai_1)
                                         _02404_ (net)
                  0.06    0.00    6.83 v _07472_/A1 (sky130_fd_sc_hd__a21oi_2)
     2    0.01    0.13    0.15    6.98 ^ _07472_/Y (sky130_fd_sc_hd__a21oi_2)
                                         _02405_ (net)
                  0.13    0.00    6.98 ^ _07473_/A2 (sky130_fd_sc_hd__o21bai_1)
     1    0.00    0.06    0.08    7.06 v _07473_/Y (sky130_fd_sc_hd__o21bai_1)
                                         _02406_ (net)
                  0.06    0.00    7.06 v _07474_/A1 (sky130_fd_sc_hd__a21oi_2)
     2    0.01    0.13    0.15    7.21 ^ _07474_/Y (sky130_fd_sc_hd__a21oi_2)
                                         _02407_ (net)
                  0.13    0.00    7.21 ^ _07475_/A1 (sky130_fd_sc_hd__o21bai_1)
     1    0.00    0.05    0.08    7.29 v _07475_/Y (sky130_fd_sc_hd__o21bai_1)
                                         _02408_ (net)
                  0.05    0.00    7.29 v _07476_/A1 (sky130_fd_sc_hd__a21oi_1)
     2    0.01    0.19    0.18    7.47 ^ _07476_/Y (sky130_fd_sc_hd__a21oi_1)
                                         _02409_ (net)
                  0.19    0.00    7.47 ^ _07477_/A (sky130_fd_sc_hd__nor2b_1)
     1    0.00    0.05    0.07    7.54 v _07477_/Y (sky130_fd_sc_hd__nor2b_1)
                                         _02410_ (net)
                  0.05    0.00    7.54 v _07478_/A2 (sky130_fd_sc_hd__o21a_1)
     2    0.01    0.05    0.18    7.72 v _07478_/X (sky130_fd_sc_hd__o21a_1)
                                         _02411_ (net)
                  0.05    0.00    7.72 v _07782_/A3 (sky130_fd_sc_hd__o41a_1)
     2    0.02    0.15    0.47    8.18 v _07782_/X (sky130_fd_sc_hd__o41a_1)
                                         _02612_ (net)
                  0.15    0.00    8.18 v _07783_/A (sky130_fd_sc_hd__xor2_4)
     7    0.03    0.29    0.33    8.51 ^ _07783_/X (sky130_fd_sc_hd__xor2_4)
                                         mul_product[22] (net)
                  0.29    0.00    8.51 ^ _12954_/B (sky130_fd_sc_hd__fa_1)
     2    0.01    0.10    0.49    9.01 v _12954_/SUM (sky130_fd_sc_hd__fa_1)
                                         _06235_ (net)
                  0.10    0.00    9.01 v _13071_/CIN (sky130_fd_sc_hd__fa_1)
     1    0.00    0.07    0.51    9.52 ^ _13071_/SUM (sky130_fd_sc_hd__fa_1)
                                         _06364_ (net)
                  0.07    0.00    9.52 ^ _12997_/CIN (sky130_fd_sc_hd__fa_1)
     1    0.00    0.09    0.42    9.93 v _12997_/SUM (sky130_fd_sc_hd__fa_1)
                                         _06366_ (net)
                  0.09    0.00    9.93 v _13186_/CIN (sky130_fd_sc_hd__fa_1)
     1    0.01    0.08    0.51   10.45 ^ _13186_/SUM (sky130_fd_sc_hd__fa_1)
                                         _06421_ (net)
                  0.08    0.00   10.45 ^ _13012_/B (sky130_fd_sc_hd__fa_1)
     1    0.00    0.08    0.42   10.86 v _13012_/SUM (sky130_fd_sc_hd__fa_1)
                                         _06424_ (net)
                  0.08    0.00   10.86 v _13572_/B (sky130_fd_sc_hd__ha_1)
     1    0.00    0.04    0.28   11.14 ^ _13572_/SUM (sky130_fd_sc_hd__ha_1)
                                         _00681_ (net)
                  0.04    0.00   11.14 ^ _07181_/B1 (sky130_fd_sc_hd__o21a_1)
     2    0.01    0.08    0.14   11.28 ^ _07181_/X (sky130_fd_sc_hd__o21a_1)
                                         _02132_ (net)
                  0.08    0.00   11.28 ^ _07182_/C (sky130_fd_sc_hd__and3_4)
     2    0.01    0.06    0.20   11.47 ^ _07182_/X (sky130_fd_sc_hd__and3_4)
                                         _02133_ (net)
                  0.06    0.00   11.47 ^ _07187_/A1 (sky130_fd_sc_hd__a211oi_2)
     1    0.00    0.07    0.06   11.53 v _07187_/Y (sky130_fd_sc_hd__a211oi_2)
                                         _02138_ (net)
                  0.07    0.00   11.53 v _07190_/C (sky130_fd_sc_hd__nor3_2)
     3    0.01    0.20    0.16   11.70 ^ _07190_/Y (sky130_fd_sc_hd__nor3_2)
                                         _02141_ (net)
                  0.20    0.00   11.70 ^ _07194_/A1 (sky130_fd_sc_hd__a41oi_2)
     3    0.01    0.15    0.17   11.87 v _07194_/Y (sky130_fd_sc_hd__a41oi_2)
                                         _02145_ (net)
                  0.15    0.00   11.87 v _07199_/A2 (sky130_fd_sc_hd__a2111oi_4)
     3    0.01    0.28    0.40   12.27 ^ _07199_/Y (sky130_fd_sc_hd__a2111oi_4)
                                         _02150_ (net)
                  0.28    0.00   12.27 ^ _07200_/A1 (sky130_fd_sc_hd__o21a_1)
     3    0.01    0.08    0.20   12.47 ^ _07200_/X (sky130_fd_sc_hd__o21a_1)
                                         _02151_ (net)
                  0.08    0.00   12.47 ^ _07201_/A1 (sky130_fd_sc_hd__o21a_1)
     1    0.00    0.06    0.14   12.61 ^ _07201_/X (sky130_fd_sc_hd__o21a_1)
                                         _02152_ (net)
                  0.06    0.00   12.61 ^ _07202_/A (sky130_fd_sc_hd__nor2_2)
     1    0.01    0.03    0.05   12.66 v _07202_/Y (sky130_fd_sc_hd__nor2_2)
                                         _02153_ (net)
                  0.03    0.00   12.66 v _07203_/A (sky130_fd_sc_hd__xnor2_2)
     4    0.02    0.27    0.26   12.91 ^ _07203_/Y (sky130_fd_sc_hd__xnor2_2)
                                         u_mul_reduce.prod[36] (net)
                  0.27    0.00   12.91 ^ _13323_/A (sky130_fd_sc_hd__ha_2)
     1    0.01    0.06    0.34   13.26 v _13323_/SUM (sky130_fd_sc_hd__ha_2)
                                         _06984_ (net)
                  0.06    0.00   13.26 v _13600_/A (sky130_fd_sc_hd__ha_4)
     1    0.00    0.04    0.24   13.49 v _13600_/SUM (sky130_fd_sc_hd__ha_4)
                                         _06206_ (net)
                  0.04    0.00   13.49 v _12943_/CIN (sky130_fd_sc_hd__fa_1)
     1    0.00    0.05    0.47   13.96 ^ _12943_/SUM (sky130_fd_sc_hd__fa_1)
                                         _00017_ (net)
                  0.05    0.00   13.96 ^ _07774_/A (sky130_fd_sc_hd__inv_1)
     1    0.00    0.03    0.04   14.00 v _07774_/Y (sky130_fd_sc_hd__inv_1)
                                         _00151_ (net)
                  0.03    0.00   14.00 v _13121_/CIN (sky130_fd_sc_hd__fa_1)
     1    0.01    0.11    0.47   14.47 v _13121_/SUM (sky130_fd_sc_hd__fa_1)
                                         _06724_ (net)
                  0.11    0.00   14.47 v _13285_/B (sky130_fd_sc_hd__ha_4)
     7    0.03    0.11    0.35   14.82 ^ _13285_/SUM (sky130_fd_sc_hd__ha_4)
                                         _00315_ (net)
                  0.11    0.00   14.82 ^ _07418_/A (sky130_fd_sc_hd__inv_2)
     3    0.01    0.04    0.05   14.87 v _07418_/Y (sky130_fd_sc_hd__inv_2)
                                         _02360_ (net)
                  0.04    0.00   14.87 v _07419_/A (sky130_fd_sc_hd__and3_4)
     1    0.01    0.04    0.15   15.01 v _07419_/X (sky130_fd_sc_hd__and3_4)
                                         _02361_ (net)
                  0.04    0.00   15.01 v _07421_/B1 (sky130_fd_sc_hd__a2111oi_4)
     3    0.01    0.36    0.40   15.41 ^ _07421_/Y (sky130_fd_sc_hd__a2111oi_4)
                                         _02363_ (net)
                  0.36    0.00   15.41 ^ _07425_/B (sky130_fd_sc_hd__nand3b_4)
     6    0.01    0.10    0.13   15.54 v _07425_/Y (sky130_fd_sc_hd__nand3b_4)
                                         _02367_ (net)
                  0.10    0.00   15.54 v _07440_/D1 (sky130_fd_sc_hd__a2111o_1)
     6    0.01    0.11    0.37   15.91 v _07440_/X (sky130_fd_sc_hd__a2111o_1)
                                         _02382_ (net)
                  0.11    0.00   15.91 v _07441_/D (sky130_fd_sc_hd__or4_1)
     1    0.00    0.10    0.43   16.34 v _07441_/X (sky130_fd_sc_hd__or4_1)
                                         _02383_ (net)
                  0.10    0.00   16.34 v _07442_/A (sky130_fd_sc_hd__buf_6)
     6    0.02    0.03    0.15   16.49 v _07442_/X (sky130_fd_sc_hd__buf_6)
                                         _02384_ (net)
                  0.03    0.00   16.49 v _07443_/A (sky130_fd_sc_hd__nor3_4)
     6    0.02    0.24    0.25   16.73 ^ _07443_/Y (sky130_fd_sc_hd__nor3_4)
                                         _02385_ (net)
                  0.24    0.00   16.73 ^ _07444_/A (sky130_fd_sc_hd__buf_6)
    10    0.04    0.09    0.18   16.92 ^ _07444_/X (sky130_fd_sc_hd__buf_6)
                                         _02386_ (net)
                  0.09    0.00   16.92 ^ _07445_/A (sky130_fd_sc_hd__xnor2_4)
     3    0.01    0.15    0.13   17.05 ^ _07445_/Y (sky130_fd_sc_hd__xnor2_4)
                                         u_mul_reduce.r1[0] (net)
                  0.15    0.00   17.05 ^ _07742_/A (sky130_fd_sc_hd__inv_1)
     1    0.00    0.04    0.06   17.11 v _07742_/Y (sky130_fd_sc_hd__inv_1)
                                         _00287_ (net)
                  0.04    0.00   17.11 v _13253_/A (sky130_fd_sc_hd__ha_2)
     3    0.01    0.05    0.19   17.30 v _13253_/COUT (sky130_fd_sc_hd__ha_2)
                                         _00289_ (net)
                  0.05    0.00   17.30 v _11821_/A (sky130_fd_sc_hd__inv_2)
     2    0.02    0.08    0.09   17.39 ^ _11821_/Y (sky130_fd_sc_hd__inv_2)
                                         _01304_ (net)
                  0.08    0.00   17.39 ^ _11858_/B (sky130_fd_sc_hd__xnor2_2)
     2    0.01    0.15    0.12   17.51 ^ _11858_/Y (sky130_fd_sc_hd__xnor2_2)
                                         _01341_ (net)
                  0.15    0.00   17.51 ^ _11859_/B (sky130_fd_sc_hd__xor2_1)
     1    0.00    0.11    0.15   17.66 ^ _11859_/X (sky130_fd_sc_hd__xor2_1)
                                         _01342_ (net)
                  0.11    0.00   17.66 ^ _11860_/A (sky130_fd_sc_hd__nand3_1)
     1    0.00    0.08    0.07   17.73 v _11860_/Y (sky130_fd_sc_hd__nand3_1)
                                         _01343_ (net)
                  0.08    0.00   17.73 v _11862_/A2 (sky130_fd_sc_hd__a21boi_1)
     2    0.00    0.15    0.18   17.90 ^ _11862_/Y (sky130_fd_sc_hd__a21boi_1)
                                         _01345_ (net)
                  0.15    0.00   17.90 ^ _11863_/B (sky130_fd_sc_hd__nand2_1)
     1    0.00    0.06    0.07   17.97 v _11863_/Y (sky130_fd_sc_hd__nand2_1)
                                         _01346_ (net)
                  0.06    0.00   17.97 v _11864_/B (sky130_fd_sc_hd__nor3_1)
     1    0.00    0.14    0.16   18.13 ^ _11864_/Y (sky130_fd_sc_hd__nor3_1)
                                         _01347_ (net)
                  0.14    0.00   18.13 ^ _11867_/A1 (sky130_fd_sc_hd__a21oi_1)
     4    0.01    0.08    0.11   18.24 v _11867_/Y (sky130_fd_sc_hd__a21oi_1)
                                         _01350_ (net)
                  0.08    0.00   18.24 v _11868_/A (sky130_fd_sc_hd__or4_4)
     1    0.01    0.09    0.55   18.79 v _11868_/X (sky130_fd_sc_hd__or4_4)
                                         _01351_ (net)
                  0.09    0.00   18.79 v _11964_/A2 (sky130_fd_sc_hd__a2111oi_4)
     3    0.01    0.29    0.39   19.18 ^ _11964_/Y (sky130_fd_sc_hd__a2111oi_4)
                                         _01447_ (net)
                  0.29    0.00   19.18 ^ _11965_/A (sky130_fd_sc_hd__buf_6)
    10    0.03    0.08    0.18   19.36 ^ _11965_/X (sky130_fd_sc_hd__buf_6)
                                         _01448_ (net)
                  0.08    0.00   19.36 ^ _12020_/D (sky130_fd_sc_hd__nor4_2)
     1    0.00    0.07    0.04   19.40 v _12020_/Y (sky130_fd_sc_hd__nor4_2)
                                         _01497_ (net)
                  0.07    0.00   19.40 v _12021_/B1 (sky130_fd_sc_hd__a211o_1)
     1    0.00    0.04    0.26   19.66 v _12021_/X (sky130_fd_sc_hd__a211o_1)
                                         _00798_ (net)
                  0.04    0.00   19.66 v mul_reduced_q[4]$_DFFE_PN0P_/D (sky130_fd_sc_hd__dfrtp_1)
                                 19.66   data arrival time

                  0.00   15.00   15.00   clock clk (rise edge)
                          0.00   15.00   clock network delay (ideal)
                         -0.25   14.75   clock uncertainty
                          0.00   14.75   clock reconvergence pessimism
                                 14.75 ^ mul_reduced_q[4]$_DFFE_PN0P_/CLK (sky130_fd_sc_hd__dfrtp_1)
                         -0.12   14.63   library setup time
                                 14.63   data required time
-----------------------------------------------------------------------------
                                 14.63   data required time
                                -19.66   data arrival time
-----------------------------------------------------------------------------
                                 -5.04   slack (VIOLATED)



==========================================================================
floorplan final report_power
--------------------------------------------------------------------------
Group                  Internal  Switching    Leakage      Total
                          Power      Power      Power      Power (Watts)
----------------------------------------------------------------
Sequential             1.34e-02   0.00e+00   3.89e-08   1.34e-02  99.3%
Combinational          3.59e-06   8.63e-05   2.20e-08   8.99e-05   0.7%
Clock                  0.00e+00   0.00e+00   0.00e+00   0.00e+00   0.0%
Macro                  0.00e+00   0.00e+00   0.00e+00   0.00e+00   0.0%
Pad                    0.00e+00   0.00e+00   0.00e+00   0.00e+00   0.0%
----------------------------------------------------------------
Total                  1.34e-02   8.63e-05   6.10e-08   1.35e-02 100.0%
                          99.4%       0.6%       0.0%
