
==========================================================================
global route report_tns
--------------------------------------------------------------------------
tns max -75.37

==========================================================================
global route report_wns
--------------------------------------------------------------------------
wns max -6.33

==========================================================================
global route report_worst_slack
--------------------------------------------------------------------------
worst slack max -6.33

==========================================================================
global route report_clock_min_period
--------------------------------------------------------------------------
clk period_min = 21.33 fmax = 46.88

==========================================================================
global route report_clock_skew
--------------------------------------------------------------------------
Clock clk
   1.06 source latency u_coeff_ram.u_model.mem[17][4]$_DFFE_PP_/CLK ^
  -0.94 target latency u_coeff_ram.u_model.rdata[4]$_DFFE_PN_/CLK ^
   0.25 clock uncertainty
   0.00 CRPR
--------------
   0.37 setup skew


==========================================================================
global route report_checks -path_delay min
--------------------------------------------------------------------------
Startpoint: st[12]$_DFF_PN0_ (rising edge-triggered flip-flop clocked by clk)
Endpoint: done$_DFF_PN0_ (rising edge-triggered flip-flop clocked by clk)
Path Group: clk
Path Type: min

Fanout     Cap    Slew   Delay    Time   Description
-----------------------------------------------------------------------------
                          0.00    0.00   clock clk (rise edge)
                          0.00    0.00   clock source latency
     4    0.13    0.00    0.00    0.00 ^ clk (in)
                                         clk (net)
                  0.01    0.01    0.01 ^ clkbuf_0_clk/A (sky130_fd_sc_hd__clkbuf_16)
     4    0.16    0.17    0.21    0.22 ^ clkbuf_0_clk/X (sky130_fd_sc_hd__clkbuf_16)
                                         clknet_0_clk (net)
                  0.17    0.01    0.23 ^ clkbuf_2_3_0_clk/A (sky130_fd_sc_hd__clkbuf_16)
     8    0.18    0.19    0.28    0.51 ^ clkbuf_2_3_0_clk/X (sky130_fd_sc_hd__clkbuf_16)
                                         clknet_2_3_0_clk (net)
                  0.19    0.01    0.52 ^ clkbuf_5_31__f_clk/A (sky130_fd_sc_hd__clkbuf_16)
     8    0.15    0.16    0.27    0.78 ^ clkbuf_5_31__f_clk/X (sky130_fd_sc_hd__clkbuf_16)
                                         clknet_5_31__leaf_clk (net)
                  0.16    0.00    0.79 ^ clkbuf_leaf_241_clk/A (sky130_fd_sc_hd__clkbuf_16)
     8    0.04    0.06    0.18    0.97 ^ clkbuf_leaf_241_clk/X (sky130_fd_sc_hd__clkbuf_16)
                                         clknet_leaf_241_clk (net)
                  0.06    0.00    0.97 ^ st[12]$_DFF_PN0_/CLK (sky130_fd_sc_hd__dfrtp_1)
     2    0.01    0.09    0.36    1.33 ^ st[12]$_DFF_PN0_/Q (sky130_fd_sc_hd__dfrtp_1)
                                         st[12] (net)
                  0.09    0.00    1.33 ^ done$_DFF_PN0_/D (sky130_fd_sc_hd__dfrtp_1)
                                  1.33   data arrival time

                          0.00    0.00   clock clk (rise edge)
                          0.00    0.00   clock source latency
     4    0.13    0.00    0.00    0.00 ^ clk (in)
                                         clk (net)
                  0.01    0.01    0.01 ^ clkbuf_0_clk/A (sky130_fd_sc_hd__clkbuf_16)
     4    0.16    0.17    0.21    0.22 ^ clkbuf_0_clk/X (sky130_fd_sc_hd__clkbuf_16)
                                         clknet_0_clk (net)
                  0.17    0.01    0.23 ^ clkbuf_2_3_0_clk/A (sky130_fd_sc_hd__clkbuf_16)
     8    0.18    0.19    0.28    0.51 ^ clkbuf_2_3_0_clk/X (sky130_fd_sc_hd__clkbuf_16)
                                         clknet_2_3_0_clk (net)
                  0.19    0.01    0.52 ^ clkbuf_5_31__f_clk/A (sky130_fd_sc_hd__clkbuf_16)
     8    0.15    0.16    0.27    0.78 ^ clkbuf_5_31__f_clk/X (sky130_fd_sc_hd__clkbuf_16)
                                         clknet_5_31__leaf_clk (net)
                  0.16    0.00    0.79 ^ clkbuf_leaf_241_clk/A (sky130_fd_sc_hd__clkbuf_16)
     8    0.04    0.06    0.18    0.97 ^ clkbuf_leaf_241_clk/X (sky130_fd_sc_hd__clkbuf_16)
                                         clknet_leaf_241_clk (net)
                  0.06    0.00    0.97 ^ done$_DFF_PN0_/CLK (sky130_fd_sc_hd__dfrtp_1)
                          0.25    1.22   clock uncertainty
                          0.00    1.22   clock reconvergence pessimism
                         -0.04    1.18   library hold time
                                  1.18   data required time
-----------------------------------------------------------------------------
                                  1.18   data required time
                                 -1.33   data arrival time
-----------------------------------------------------------------------------
                                  0.15   slack (MET)



==========================================================================
global route report_checks -path_delay max
--------------------------------------------------------------------------
Startpoint: coeff_a_q[2]$_DFFE_PN0P_
            (rising edge-triggered flip-flop clocked by clk)
Endpoint: mul_reduced_q[5]$_DFFE_PN0P_
          (rising edge-triggered flip-flop clocked by clk)
Path Group: clk
Path Type: max

Fanout     Cap    Slew   Delay    Time   Description
-----------------------------------------------------------------------------
                          0.00    0.00   clock clk (rise edge)
                          0.00    0.00   clock source latency
     4    0.13    0.00    0.00    0.00 ^ clk (in)
                                         clk (net)
                  0.01    0.01    0.01 ^ clkbuf_0_clk/A (sky130_fd_sc_hd__clkbuf_16)
     4    0.16    0.17    0.21    0.22 ^ clkbuf_0_clk/X (sky130_fd_sc_hd__clkbuf_16)
                                         clknet_0_clk (net)
                  0.17    0.00    0.23 ^ clkbuf_2_2_0_clk/A (sky130_fd_sc_hd__clkbuf_16)
     8    0.16    0.17    0.27    0.49 ^ clkbuf_2_2_0_clk/X (sky130_fd_sc_hd__clkbuf_16)
                                         clknet_2_2_0_clk (net)
                  0.17    0.00    0.50 ^ clkbuf_5_23__f_clk/A (sky130_fd_sc_hd__clkbuf_16)
     8    0.17    0.18    0.27    0.77 ^ clkbuf_5_23__f_clk/X (sky130_fd_sc_hd__clkbuf_16)
                                         clknet_5_23__leaf_clk (net)
                  0.18    0.00    0.77 ^ clkbuf_leaf_254_clk/A (sky130_fd_sc_hd__clkbuf_16)
    11    0.04    0.06    0.19    0.96 ^ clkbuf_leaf_254_clk/X (sky130_fd_sc_hd__clkbuf_16)
                                         clknet_leaf_254_clk (net)
                  0.06    0.00    0.96 ^ coeff_a_q[2]$_DFFE_PN0P_/CLK (sky130_fd_sc_hd__dfrtp_1)
     2    0.01    0.10    0.37    1.33 ^ coeff_a_q[2]$_DFFE_PN0P_/Q (sky130_fd_sc_hd__dfrtp_1)
                                         coeff_a_q[2] (net)
                  0.10    0.00    1.33 ^ _07767_/A (sky130_fd_sc_hd__inv_1)
     2    0.01    0.05    0.07    1.41 v _07767_/Y (sky130_fd_sc_hd__inv_1)
                                         _00339_ (net)
                  0.05    0.00    1.41 v _13305_/B (sky130_fd_sc_hd__ha_1)
     2    0.01    0.10    0.33    1.73 v _13305_/SUM (sky130_fd_sc_hd__ha_1)
                                         _06830_ (net)
                  0.10    0.00    1.73 v _13570_/B (sky130_fd_sc_hd__ha_1)
     1    0.00    0.05    0.29    2.02 v _13570_/SUM (sky130_fd_sc_hd__ha_1)
                                         _00663_ (net)
                  0.05    0.00    2.02 v _07660_/A2 (sky130_fd_sc_hd__a21o_1)
     1    0.00    0.04    0.18    2.20 v _07660_/X (sky130_fd_sc_hd__a21o_1)
                                         _02554_ (net)
                  0.04    0.00    2.20 v _07661_/A2 (sky130_fd_sc_hd__a21oi_1)
     2    0.01    0.24    0.24    2.44 ^ _07661_/Y (sky130_fd_sc_hd__a21oi_1)
                                         _02555_ (net)
                  0.24    0.00    2.44 ^ _07662_/A2 (sky130_fd_sc_hd__o21bai_1)
     1    0.00    0.06    0.09    2.53 v _07662_/Y (sky130_fd_sc_hd__o21bai_1)
                                         _02556_ (net)
                  0.06    0.00    2.53 v _07663_/A2 (sky130_fd_sc_hd__a21oi_1)
     2    0.01    0.24    0.24    2.77 ^ _07663_/Y (sky130_fd_sc_hd__a21oi_1)
                                         _02557_ (net)
                  0.24    0.00    2.77 ^ _07664_/A2 (sky130_fd_sc_hd__o21bai_1)
     1    0.00    0.06    0.10    2.88 v _07664_/Y (sky130_fd_sc_hd__o21bai_1)
                                         _02558_ (net)
                  0.06    0.00    2.88 v _07665_/A2 (sky130_fd_sc_hd__a21oi_1)
     2    0.01    0.22    0.23    3.11 ^ _07665_/Y (sky130_fd_sc_hd__a21oi_1)
                                         _02559_ (net)
                  0.22    0.00    3.11 ^ _07666_/A2 (sky130_fd_sc_hd__o21bai_1)
     1    0.01    0.08    0.12    3.23 v _07666_/Y (sky130_fd_sc_hd__o21bai_1)
                                         _02560_ (net)
                  0.08    0.00    3.23 v _07667_/A2 (sky130_fd_sc_hd__a21oi_2)
     2    0.01    0.16    0.20    3.43 ^ _07667_/Y (sky130_fd_sc_hd__a21oi_2)
                                         _02561_ (net)
                  0.16    0.00    3.43 ^ _07668_/A2 (sky130_fd_sc_hd__o21bai_1)
     1    0.00    0.06    0.09    3.52 v _07668_/Y (sky130_fd_sc_hd__o21bai_1)
                                         _02562_ (net)
                  0.06    0.00    3.52 v _07669_/A2 (sky130_fd_sc_hd__a21oi_1)
     1    0.01    0.19    0.21    3.73 ^ _07669_/Y (sky130_fd_sc_hd__a21oi_1)
                                         _02563_ (net)
                  0.19    0.00    3.74 ^ _07670_/B (sky130_fd_sc_hd__xnor2_1)
     3    0.01    0.31    0.21    3.95 ^ _07670_/Y (sky130_fd_sc_hd__xnor2_1)
                                         _02564_ (net)
                  0.31    0.00    3.95 ^ _07701_/B (sky130_fd_sc_hd__or2_4)
     2    0.01    0.06    0.20    4.15 ^ _07701_/X (sky130_fd_sc_hd__or2_4)
                                         _02595_ (net)
                  0.06    0.00    4.15 ^ place1816/A (sky130_fd_sc_hd__buf_8)
     7    0.04    0.08    0.13    4.28 ^ place1816/X (sky130_fd_sc_hd__buf_8)
                                         net1816 (net)
                  0.08    0.00    4.28 ^ _07859_/B (sky130_fd_sc_hd__nand3b_1)
     1    0.00    0.09    0.09    4.37 v _07859_/Y (sky130_fd_sc_hd__nand3b_1)
                                         _02662_ (net)
                  0.09    0.00    4.37 v _07860_/A (sky130_fd_sc_hd__xor2_1)
     1    0.01    0.06    0.19    4.56 v _07860_/X (sky130_fd_sc_hd__xor2_1)
                                         _02663_ (net)
                  0.06    0.00    4.56 v _07862_/A2 (sky130_fd_sc_hd__a211oi_2)
     1    0.00    0.17    0.23    4.79 ^ _07862_/Y (sky130_fd_sc_hd__a211oi_2)
                                         _02665_ (net)
                  0.17    0.00    4.79 ^ rebuffer2397/A (sky130_fd_sc_hd__buf_4)
     2    0.02    0.07    0.17    4.97 ^ rebuffer2397/X (sky130_fd_sc_hd__buf_4)
                                         net2397 (net)
                  0.07    0.00    4.97 ^ place1802/A (sky130_fd_sc_hd__buf_4)
     4    0.02    0.06    0.13    5.10 ^ place1802/X (sky130_fd_sc_hd__buf_4)
                                         net1802 (net)
                  0.06    0.00    5.10 ^ _07935_/B (sky130_fd_sc_hd__and2_4)
     1    0.01    0.04    0.14    5.24 ^ _07935_/X (sky130_fd_sc_hd__and2_4)
                                         _00171_ (net)
                  0.04    0.00    5.24 ^ _13137_/CIN (sky130_fd_sc_hd__fa_1)
     1    0.01    0.10    0.43    5.67 v _13137_/SUM (sky130_fd_sc_hd__fa_1)
                                         _06560_ (net)
                  0.10    0.00    5.67 v _13055_/B (sky130_fd_sc_hd__fa_1)
     1    0.01    0.13    0.58    6.25 ^ _13055_/SUM (sky130_fd_sc_hd__fa_1)
                                         _06562_ (net)
                  0.13    0.00    6.26 ^ _13233_/B (sky130_fd_sc_hd__ha_4)
     1    0.01    0.04    0.22    6.47 v _13233_/SUM (sky130_fd_sc_hd__ha_4)
                                         _06275_ (net)
                  0.04    0.00    6.47 v _12966_/A (sky130_fd_sc_hd__fa_1)
     1    0.01    0.11    0.52    7.00 v _12966_/SUM (sky130_fd_sc_hd__fa_1)
                                         _06278_ (net)
                  0.11    0.00    7.00 v _13091_/A (sky130_fd_sc_hd__fa_1)
     1    0.01    0.11    0.60    7.59 ^ _13091_/SUM (sky130_fd_sc_hd__fa_1)
                                         _06669_ (net)
                  0.11    0.00    7.59 ^ _13320_/B (sky130_fd_sc_hd__ha_4)
     2    0.02    0.05    0.22    7.82 v _13320_/SUM (sky130_fd_sc_hd__ha_4)
                                         _00360_ (net)
                  0.05    0.00    7.82 v _07115_/A1 (sky130_fd_sc_hd__a21oi_4)
     2    0.01    0.11    0.13    7.94 ^ _07115_/Y (sky130_fd_sc_hd__a21oi_4)
                                         _02081_ (net)
                  0.11    0.00    7.94 ^ _07116_/A1 (sky130_fd_sc_hd__o21bai_1)
     1    0.01    0.07    0.11    8.05 v _07116_/Y (sky130_fd_sc_hd__o21bai_1)
                                         _02082_ (net)
                  0.07    0.00    8.05 v _07117_/A1 (sky130_fd_sc_hd__a21oi_1)
     2    0.01    0.18    0.19    8.23 ^ _07117_/Y (sky130_fd_sc_hd__a21oi_1)
                                         _02083_ (net)
                  0.18    0.00    8.24 ^ _07118_/A1 (sky130_fd_sc_hd__o21bai_1)
     1    0.01    0.08    0.12    8.36 v _07118_/Y (sky130_fd_sc_hd__o21bai_1)
                                         _02084_ (net)
                  0.08    0.00    8.36 v _07119_/A1 (sky130_fd_sc_hd__a21oi_2)
     2    0.01    0.14    0.17    8.53 ^ _07119_/Y (sky130_fd_sc_hd__a21oi_2)
                                         _02085_ (net)
                  0.14    0.00    8.53 ^ _07120_/A1 (sky130_fd_sc_hd__o21bai_1)
     1    0.01    0.08    0.12    8.65 v _07120_/Y (sky130_fd_sc_hd__o21bai_1)
                                         _02086_ (net)
                  0.08    0.00    8.65 v _07121_/A1 (sky130_fd_sc_hd__a21oi_2)
     2    0.01    0.13    0.16    8.81 ^ _07121_/Y (sky130_fd_sc_hd__a21oi_2)
                                         _02087_ (net)
                  0.13    0.00    8.81 ^ _07122_/A1 (sky130_fd_sc_hd__o21bai_1)
     1    0.01    0.07    0.11    8.92 v _07122_/Y (sky130_fd_sc_hd__o21bai_1)
                                         _02088_ (net)
                  0.07    0.00    8.92 v _07123_/A1 (sky130_fd_sc_hd__a21oi_2)
     2    0.01    0.15    0.17    9.09 ^ _07123_/Y (sky130_fd_sc_hd__a21oi_2)
                                         _02089_ (net)
                  0.15    0.00    9.09 ^ rebuffer2472/A (sky130_fd_sc_hd__buf_4)
     1    0.01    0.03    0.14    9.23 ^ rebuffer2472/X (sky130_fd_sc_hd__buf_4)
                                         net2472 (net)
                  0.03    0.00    9.23 ^ _07126_/A1 (sky130_fd_sc_hd__o21ai_1)
     2    0.01    0.07    0.08    9.31 v _07126_/Y (sky130_fd_sc_hd__o21ai_1)
                                         _02092_ (net)
                  0.07    0.00    9.31 v place1665/A (sky130_fd_sc_hd__buf_4)
     1    0.01    0.03    0.15    9.46 v place1665/X (sky130_fd_sc_hd__buf_4)
                                         net1665 (net)
                  0.03    0.00    9.46 v _07130_/A4 (sky130_fd_sc_hd__o41ai_4)
     1    0.01    0.27    0.23    9.69 ^ _07130_/Y (sky130_fd_sc_hd__o41ai_4)
                                         _02096_ (net)
                  0.27    0.00    9.69 ^ place1659/A (sky130_fd_sc_hd__buf_4)
     2    0.02    0.07    0.20    9.89 ^ place1659/X (sky130_fd_sc_hd__buf_4)
                                         net1659 (net)
                  0.07    0.00    9.89 ^ _07131_/B (sky130_fd_sc_hd__xnor2_4)
     2    0.01    0.16    0.12   10.02 ^ _07131_/Y (sky130_fd_sc_hd__xnor2_4)
                                         _00031_ (net)
                  0.16    0.00   10.02 ^ _07132_/A (sky130_fd_sc_hd__inv_2)
     2    0.01    0.05    0.07   10.09 v _07132_/Y (sky130_fd_sc_hd__inv_2)
                                         mul_product[21] (net)
                  0.05    0.00   10.09 v _13037_/B (sky130_fd_sc_hd__fa_1)
     2    0.01    0.14    0.57   10.66 ^ _13037_/SUM (sky130_fd_sc_hd__fa_1)
                                         _06495_ (net)
                  0.14    0.00   10.66 ^ _13198_/CIN (sky130_fd_sc_hd__fa_1)
     1    0.01    0.12    0.48   11.14 v _13198_/SUM (sky130_fd_sc_hd__fa_1)
                                         _06842_ (net)
                  0.12    0.00   11.14 v _13172_/CIN (sky130_fd_sc_hd__fa_1)
     1    0.01    0.08    0.53   11.67 ^ _13172_/SUM (sky130_fd_sc_hd__fa_1)
                                         _06843_ (net)
                  0.08    0.00   11.67 ^ _13185_/CIN (sky130_fd_sc_hd__fa_1)
     1    0.00    0.09    0.43   12.10 v _13185_/SUM (sky130_fd_sc_hd__fa_1)
                                         _06353_ (net)
                  0.09    0.00   12.10 v _12994_/CIN (sky130_fd_sc_hd__fa_1)
     1    0.01    0.13    0.52   12.61 v _12994_/SUM (sky130_fd_sc_hd__fa_1)
                                         _06356_ (net)
                  0.13    0.00   12.62 v _13531_/B (sky130_fd_sc_hd__ha_4)
     2    0.01    0.04    0.20   12.82 v _13531_/COUT (sky130_fd_sc_hd__ha_4)
                                         _00632_ (net)
                  0.04    0.00   12.82 v _07163_/B1 (sky130_fd_sc_hd__a2111oi_4)
     2    0.01    0.31    0.36   13.18 ^ _07163_/Y (sky130_fd_sc_hd__a2111oi_4)
                                         _02114_ (net)
                  0.31    0.00   13.18 ^ _07178_/B1 (sky130_fd_sc_hd__o31a_1)
     1    0.01    0.08    0.22   13.40 ^ _07178_/X (sky130_fd_sc_hd__o31a_1)
                                         _02129_ (net)
                  0.08    0.00   13.40 ^ _07179_/B1 (sky130_fd_sc_hd__a31oi_2)
     2    0.01    0.09    0.06   13.46 v _07179_/Y (sky130_fd_sc_hd__a31oi_2)
                                         _02130_ (net)
                  0.09    0.00   13.46 v place1595/A (sky130_fd_sc_hd__buf_4)
     2    0.02    0.04    0.17   13.63 v place1595/X (sky130_fd_sc_hd__buf_4)
                                         net1595 (net)
                  0.04    0.00   13.63 v _07485_/A1 (sky130_fd_sc_hd__a21oi_4)
     2    0.02    0.17    0.18   13.81 ^ _07485_/Y (sky130_fd_sc_hd__a21oi_4)
                                         _02414_ (net)
                  0.17    0.00   13.81 ^ _07502_/B (sky130_fd_sc_hd__xnor2_2)
     2    0.01    0.09    0.12   13.93 v _07502_/Y (sky130_fd_sc_hd__xnor2_2)
                                         u_mul_reduce.prod[24] (net)
                  0.09    0.00   13.93 v _13029_/CIN (sky130_fd_sc_hd__fa_1)
     2    0.01    0.10    0.53   14.46 ^ _13029_/SUM (sky130_fd_sc_hd__fa_1)
                                         _00064_ (net)
                  0.10    0.00   14.46 ^ _07497_/A (sky130_fd_sc_hd__inv_1)
     2    0.01    0.07    0.09   14.55 v _07497_/Y (sky130_fd_sc_hd__inv_1)
                                         _00163_ (net)
                  0.07    0.00   14.55 v _13131_/B (sky130_fd_sc_hd__fa_1)
     2    0.01    0.11    0.55   15.10 ^ _13131_/SUM (sky130_fd_sc_hd__fa_1)
                                         _00165_ (net)
                  0.11    0.00   15.10 ^ _07134_/A (sky130_fd_sc_hd__inv_1)
     1    0.00    0.04    0.05   15.15 v _07134_/Y (sky130_fd_sc_hd__inv_1)
                                         _00726_ (net)
                  0.04    0.00   15.15 v _13612_/B (sky130_fd_sc_hd__ha_1)
     2    0.01    0.07    0.29   15.44 ^ _13612_/SUM (sky130_fd_sc_hd__ha_1)
                                         _00369_ (net)
                  0.07    0.00   15.44 ^ _12090_/A (sky130_fd_sc_hd__inv_1)
     2    0.01    0.05    0.07   15.51 v _12090_/Y (sky130_fd_sc_hd__inv_1)
                                         _00361_ (net)
                  0.05    0.00   15.51 v _13329_/B (sky130_fd_sc_hd__ha_1)
     1    0.00    0.05    0.18   15.70 v _13329_/COUT (sky130_fd_sc_hd__ha_1)
                                         _00371_ (net)
                  0.05    0.00   15.70 v _07732_/B (sky130_fd_sc_hd__or2_2)
     2    0.01    0.08    0.31   16.01 v _07732_/X (sky130_fd_sc_hd__or2_2)
                                         _00071_ (net)
                  0.08    0.00   16.01 v _13519_/B (sky130_fd_sc_hd__ha_1)
     1    0.01    0.06    0.30   16.30 v _13519_/SUM (sky130_fd_sc_hd__ha_1)
                                         _00413_ (net)
                  0.06    0.00   16.30 v _07227_/B1 (sky130_fd_sc_hd__o211a_1)
     2    0.01    0.07    0.16   16.46 v _07227_/X (sky130_fd_sc_hd__o211a_1)
                                         _02171_ (net)
                  0.07    0.00   16.46 v _07260_/A3 (sky130_fd_sc_hd__o31a_1)
     2    0.02    0.11    0.31   16.77 v _07260_/X (sky130_fd_sc_hd__o31a_1)
                                         _02204_ (net)
                  0.11    0.00   16.78 v _07339_/A2 (sky130_fd_sc_hd__o2111ai_4)
     2    0.02    0.26    0.27   17.05 ^ _07339_/Y (sky130_fd_sc_hd__o2111ai_4)
                                         _02281_ (net)
                  0.26    0.00   17.05 ^ _07407_/A1 (sky130_fd_sc_hd__a31oi_4)
     2    0.01    0.10    0.13   17.19 v _07407_/Y (sky130_fd_sc_hd__a31oi_4)
                                         _02349_ (net)
                  0.10    0.00   17.19 v _07409_/A (sky130_fd_sc_hd__or3_4)
     3    0.01    0.08    0.42   17.61 v _07409_/X (sky130_fd_sc_hd__or3_4)
                                         _02351_ (net)
                  0.08    0.00   17.61 v _07440_/A2 (sky130_fd_sc_hd__a2111o_1)
     3    0.01    0.10    0.47   18.08 v _07440_/X (sky130_fd_sc_hd__a2111o_1)
                                         _02382_ (net)
                  0.10    0.00   18.08 v _07441_/D (sky130_fd_sc_hd__or4_4)
     4    0.02    0.12    0.49   18.56 v _07441_/X (sky130_fd_sc_hd__or4_4)
                                         _02383_ (net)
                  0.12    0.00   18.56 v _07443_/A (sky130_fd_sc_hd__nor3_4)
     1    0.01    0.19    0.25   18.82 ^ _07443_/Y (sky130_fd_sc_hd__nor3_4)
                                         _02385_ (net)
                  0.19    0.00   18.82 ^ rebuffer2396/A (sky130_fd_sc_hd__buf_12)
     2    0.03    0.05    0.15   18.96 ^ rebuffer2396/X (sky130_fd_sc_hd__buf_12)
                                         net2396 (net)
                  0.05    0.00   18.96 ^ _07445_/B (sky130_fd_sc_hd__xnor2_4)
     2    0.01    0.12    0.11   19.07 ^ _07445_/Y (sky130_fd_sc_hd__xnor2_4)
                                         u_mul_reduce.r1[0] (net)
                  0.12    0.00   19.07 ^ _07742_/A (sky130_fd_sc_hd__inv_1)
     1    0.00    0.04    0.06   19.14 v _07742_/Y (sky130_fd_sc_hd__inv_1)
                                         _00287_ (net)
                  0.04    0.00   19.14 v _13253_/A (sky130_fd_sc_hd__ha_2)
     2    0.01    0.05    0.19   19.33 v _13253_/COUT (sky130_fd_sc_hd__ha_2)
                                         _00289_ (net)
                  0.05    0.00   19.33 v _11821_/A (sky130_fd_sc_hd__inv_2)
     2    0.02    0.08    0.09   19.42 ^ _11821_/Y (sky130_fd_sc_hd__inv_2)
                                         _01304_ (net)
                  0.08    0.00   19.42 ^ _11858_/A (sky130_fd_sc_hd__xnor2_2)
     2    0.01    0.18    0.14   19.56 ^ _11858_/Y (sky130_fd_sc_hd__xnor2_2)
                                         _01341_ (net)
                  0.18    0.00   19.56 ^ _11859_/B (sky130_fd_sc_hd__xor2_1)
     1    0.00    0.14    0.18   19.74 ^ _11859_/X (sky130_fd_sc_hd__xor2_1)
                                         _01342_ (net)
                  0.14    0.00   19.74 ^ _11860_/C (sky130_fd_sc_hd__nand3_1)
     1    0.01    0.09    0.12   19.86 v _11860_/Y (sky130_fd_sc_hd__nand3_1)
                                         _01343_ (net)
                  0.09    0.00   19.86 v _11862_/A2 (sky130_fd_sc_hd__a21boi_2)
     2    0.01    0.15    0.19   20.05 ^ _11862_/Y (sky130_fd_sc_hd__a21boi_2)
                                         _01345_ (net)
                  0.15    0.00   20.05 ^ _11863_/B (sky130_fd_sc_hd__nand2_1)
     1    0.01    0.11    0.09   20.14 v _11863_/Y (sky130_fd_sc_hd__nand2_1)
                                         _01346_ (net)
                  0.11    0.00   20.14 v _11864_/C (sky130_fd_sc_hd__nor3_2)
     1    0.01    0.18    0.17   20.31 ^ _11864_/Y (sky130_fd_sc_hd__nor3_2)
                                         _01347_ (net)
                  0.18    0.00   20.31 ^ _11867_/A2 (sky130_fd_sc_hd__a21oi_2)
     2    0.01    0.06    0.10   20.40 v _11867_/Y (sky130_fd_sc_hd__a21oi_2)
                                         _01350_ (net)
                  0.06    0.00   20.40 v _11868_/A (sky130_fd_sc_hd__or4_4)
     1    0.01    0.10    0.56   20.96 v _11868_/X (sky130_fd_sc_hd__or4_4)
                                         _01351_ (net)
                  0.10    0.00   20.96 v _11964_/A2 (sky130_fd_sc_hd__a2111oi_4)
     1    0.01    0.31    0.41   21.37 ^ _11964_/Y (sky130_fd_sc_hd__a2111oi_4)
                                         _01447_ (net)
                  0.31    0.00   21.37 ^ place1268/A (sky130_fd_sc_hd__buf_6)
     8    0.04    0.10    0.20   21.57 ^ place1268/X (sky130_fd_sc_hd__buf_6)
                                         net1268 (net)
                  0.10    0.00   21.57 ^ place1266/A (sky130_fd_sc_hd__buf_6)
     7    0.03    0.07    0.14   21.71 ^ place1266/X (sky130_fd_sc_hd__buf_6)
                                         net1266 (net)
                  0.07    0.00   21.71 ^ _12010_/B (sky130_fd_sc_hd__nand3_2)
     1    0.00    0.21    0.07   21.78 v _12010_/Y (sky130_fd_sc_hd__nand3_2)
                                         _01488_ (net)
                  0.21    0.00   21.78 v _12013_/B1 (sky130_fd_sc_hd__o211ai_1)
     1    0.00    0.17    0.17   21.96 ^ _12013_/Y (sky130_fd_sc_hd__o211ai_1)
                                         _00797_ (net)
                  0.17    0.00   21.96 ^ mul_reduced_q[5]$_DFFE_PN0P_/D (sky130_fd_sc_hd__dfrtp_1)
                                 21.96   data arrival time

                         15.00   15.00   clock clk (rise edge)
                          0.00   15.00   clock source latency
     4    0.13    0.00    0.00   15.00 ^ clk (in)
                                         clk (net)
                  0.01    0.01   15.01 ^ clkbuf_0_clk/A (sky130_fd_sc_hd__clkbuf_16)
     4    0.16    0.17    0.21   15.22 ^ clkbuf_0_clk/X (sky130_fd_sc_hd__clkbuf_16)
                                         clknet_0_clk (net)
                  0.17    0.00   15.23 ^ clkbuf_2_2_0_clk/A (sky130_fd_sc_hd__clkbuf_16)
     8    0.16    0.17    0.27   15.49 ^ clkbuf_2_2_0_clk/X (sky130_fd_sc_hd__clkbuf_16)
                                         clknet_2_2_0_clk (net)
                  0.17    0.00   15.50 ^ clkbuf_5_23__f_clk/A (sky130_fd_sc_hd__clkbuf_16)
     8    0.17    0.18    0.27   15.77 ^ clkbuf_5_23__f_clk/X (sky130_fd_sc_hd__clkbuf_16)
                                         clknet_5_23__leaf_clk (net)
                  0.18    0.00   15.77 ^ clkbuf_leaf_253_clk/A (sky130_fd_sc_hd__clkbuf_16)
     5    0.03    0.06    0.18   15.96 ^ clkbuf_leaf_253_clk/X (sky130_fd_sc_hd__clkbuf_16)
                                         clknet_leaf_253_clk (net)
                  0.06    0.00   15.96 ^ mul_reduced_q[5]$_DFFE_PN0P_/CLK (sky130_fd_sc_hd__dfrtp_1)
                         -0.25   15.71   clock uncertainty
                          0.00   15.71   clock reconvergence pessimism
                         -0.09   15.62   library setup time
                                 15.62   data required time
-----------------------------------------------------------------------------
                                 15.62   data required time
                                -21.96   data arrival time
-----------------------------------------------------------------------------
                                 -6.33   slack (VIOLATED)



==========================================================================
global route report_checks -unconstrained
--------------------------------------------------------------------------
Startpoint: coeff_a_q[2]$_DFFE_PN0P_
            (rising edge-triggered flip-flop clocked by clk)
Endpoint: mul_reduced_q[5]$_DFFE_PN0P_
          (rising edge-triggered flip-flop clocked by clk)
Path Group: clk
Path Type: max

Fanout     Cap    Slew   Delay    Time   Description
-----------------------------------------------------------------------------
                          0.00    0.00   clock clk (rise edge)
                          0.00    0.00   clock source latency
     4    0.13    0.00    0.00    0.00 ^ clk (in)
                                         clk (net)
                  0.01    0.01    0.01 ^ clkbuf_0_clk/A (sky130_fd_sc_hd__clkbuf_16)
     4    0.16    0.17    0.21    0.22 ^ clkbuf_0_clk/X (sky130_fd_sc_hd__clkbuf_16)
                                         clknet_0_clk (net)
                  0.17    0.00    0.23 ^ clkbuf_2_2_0_clk/A (sky130_fd_sc_hd__clkbuf_16)
     8    0.16    0.17    0.27    0.49 ^ clkbuf_2_2_0_clk/X (sky130_fd_sc_hd__clkbuf_16)
                                         clknet_2_2_0_clk (net)
                  0.17    0.00    0.50 ^ clkbuf_5_23__f_clk/A (sky130_fd_sc_hd__clkbuf_16)
     8    0.17    0.18    0.27    0.77 ^ clkbuf_5_23__f_clk/X (sky130_fd_sc_hd__clkbuf_16)
                                         clknet_5_23__leaf_clk (net)
                  0.18    0.00    0.77 ^ clkbuf_leaf_254_clk/A (sky130_fd_sc_hd__clkbuf_16)
    11    0.04    0.06    0.19    0.96 ^ clkbuf_leaf_254_clk/X (sky130_fd_sc_hd__clkbuf_16)
                                         clknet_leaf_254_clk (net)
                  0.06    0.00    0.96 ^ coeff_a_q[2]$_DFFE_PN0P_/CLK (sky130_fd_sc_hd__dfrtp_1)
     2    0.01    0.10    0.37    1.33 ^ coeff_a_q[2]$_DFFE_PN0P_/Q (sky130_fd_sc_hd__dfrtp_1)
                                         coeff_a_q[2] (net)
                  0.10    0.00    1.33 ^ _07767_/A (sky130_fd_sc_hd__inv_1)
     2    0.01    0.05    0.07    1.41 v _07767_/Y (sky130_fd_sc_hd__inv_1)
                                         _00339_ (net)
                  0.05    0.00    1.41 v _13305_/B (sky130_fd_sc_hd__ha_1)
     2    0.01    0.10    0.33    1.73 v _13305_/SUM (sky130_fd_sc_hd__ha_1)
                                         _06830_ (net)
                  0.10    0.00    1.73 v _13570_/B (sky130_fd_sc_hd__ha_1)
     1    0.00    0.05    0.29    2.02 v _13570_/SUM (sky130_fd_sc_hd__ha_1)
                                         _00663_ (net)
                  0.05    0.00    2.02 v _07660_/A2 (sky130_fd_sc_hd__a21o_1)
     1    0.00    0.04    0.18    2.20 v _07660_/X (sky130_fd_sc_hd__a21o_1)
                                         _02554_ (net)
                  0.04    0.00    2.20 v _07661_/A2 (sky130_fd_sc_hd__a21oi_1)
     2    0.01    0.24    0.24    2.44 ^ _07661_/Y (sky130_fd_sc_hd__a21oi_1)
                                         _02555_ (net)
                  0.24    0.00    2.44 ^ _07662_/A2 (sky130_fd_sc_hd__o21bai_1)
     1    0.00    0.06    0.09    2.53 v _07662_/Y (sky130_fd_sc_hd__o21bai_1)
                                         _02556_ (net)
                  0.06    0.00    2.53 v _07663_/A2 (sky130_fd_sc_hd__a21oi_1)
     2    0.01    0.24    0.24    2.77 ^ _07663_/Y (sky130_fd_sc_hd__a21oi_1)
                                         _02557_ (net)
                  0.24    0.00    2.77 ^ _07664_/A2 (sky130_fd_sc_hd__o21bai_1)
     1    0.00    0.06    0.10    2.88 v _07664_/Y (sky130_fd_sc_hd__o21bai_1)
                                         _02558_ (net)
                  0.06    0.00    2.88 v _07665_/A2 (sky130_fd_sc_hd__a21oi_1)
     2    0.01    0.22    0.23    3.11 ^ _07665_/Y (sky130_fd_sc_hd__a21oi_1)
                                         _02559_ (net)
                  0.22    0.00    3.11 ^ _07666_/A2 (sky130_fd_sc_hd__o21bai_1)
     1    0.01    0.08    0.12    3.23 v _07666_/Y (sky130_fd_sc_hd__o21bai_1)
                                         _02560_ (net)
                  0.08    0.00    3.23 v _07667_/A2 (sky130_fd_sc_hd__a21oi_2)
     2    0.01    0.16    0.20    3.43 ^ _07667_/Y (sky130_fd_sc_hd__a21oi_2)
                                         _02561_ (net)
                  0.16    0.00    3.43 ^ _07668_/A2 (sky130_fd_sc_hd__o21bai_1)
     1    0.00    0.06    0.09    3.52 v _07668_/Y (sky130_fd_sc_hd__o21bai_1)
                                         _02562_ (net)
                  0.06    0.00    3.52 v _07669_/A2 (sky130_fd_sc_hd__a21oi_1)
     1    0.01    0.19    0.21    3.73 ^ _07669_/Y (sky130_fd_sc_hd__a21oi_1)
                                         _02563_ (net)
                  0.19    0.00    3.74 ^ _07670_/B (sky130_fd_sc_hd__xnor2_1)
     3    0.01    0.31    0.21    3.95 ^ _07670_/Y (sky130_fd_sc_hd__xnor2_1)
                                         _02564_ (net)
                  0.31    0.00    3.95 ^ _07701_/B (sky130_fd_sc_hd__or2_4)
     2    0.01    0.06    0.20    4.15 ^ _07701_/X (sky130_fd_sc_hd__or2_4)
                                         _02595_ (net)
                  0.06    0.00    4.15 ^ place1816/A (sky130_fd_sc_hd__buf_8)
     7    0.04    0.08    0.13    4.28 ^ place1816/X (sky130_fd_sc_hd__buf_8)
                                         net1816 (net)
                  0.08    0.00    4.28 ^ _07859_/B (sky130_fd_sc_hd__nand3b_1)
     1    0.00    0.09    0.09    4.37 v _07859_/Y (sky130_fd_sc_hd__nand3b_1)
                                         _02662_ (net)
                  0.09    0.00    4.37 v _07860_/A (sky130_fd_sc_hd__xor2_1)
     1    0.01    0.06    0.19    4.56 v _07860_/X (sky130_fd_sc_hd__xor2_1)
                                         _02663_ (net)
                  0.06    0.00    4.56 v _07862_/A2 (sky130_fd_sc_hd__a211oi_2)
     1    0.00    0.17    0.23    4.79 ^ _07862_/Y (sky130_fd_sc_hd__a211oi_2)
                                         _02665_ (net)
                  0.17    0.00    4.79 ^ rebuffer2397/A (sky130_fd_sc_hd__buf_4)
     2    0.02    0.07    0.17    4.97 ^ rebuffer2397/X (sky130_fd_sc_hd__buf_4)
                                         net2397 (net)
                  0.07    0.00    4.97 ^ place1802/A (sky130_fd_sc_hd__buf_4)
     4    0.02    0.06    0.13    5.10 ^ place1802/X (sky130_fd_sc_hd__buf_4)
                                         net1802 (net)
                  0.06    0.00    5.10 ^ _07935_/B (sky130_fd_sc_hd__and2_4)
     1    0.01    0.04    0.14    5.24 ^ _07935_/X (sky130_fd_sc_hd__and2_4)
                                         _00171_ (net)
                  0.04    0.00    5.24 ^ _13137_/CIN (sky130_fd_sc_hd__fa_1)
     1    0.01    0.10    0.43    5.67 v _13137_/SUM (sky130_fd_sc_hd__fa_1)
                                         _06560_ (net)
                  0.10    0.00    5.67 v _13055_/B (sky130_fd_sc_hd__fa_1)
     1    0.01    0.13    0.58    6.25 ^ _13055_/SUM (sky130_fd_sc_hd__fa_1)
                                         _06562_ (net)
                  0.13    0.00    6.26 ^ _13233_/B (sky130_fd_sc_hd__ha_4)
     1    0.01    0.04    0.22    6.47 v _13233_/SUM (sky130_fd_sc_hd__ha_4)
                                         _06275_ (net)
                  0.04    0.00    6.47 v _12966_/A (sky130_fd_sc_hd__fa_1)
     1    0.01    0.11    0.52    7.00 v _12966_/SUM (sky130_fd_sc_hd__fa_1)
                                         _06278_ (net)
                  0.11    0.00    7.00 v _13091_/A (sky130_fd_sc_hd__fa_1)
     1    0.01    0.11    0.60    7.59 ^ _13091_/SUM (sky130_fd_sc_hd__fa_1)
                                         _06669_ (net)
                  0.11    0.00    7.59 ^ _13320_/B (sky130_fd_sc_hd__ha_4)
     2    0.02    0.05    0.22    7.82 v _13320_/SUM (sky130_fd_sc_hd__ha_4)
                                         _00360_ (net)
                  0.05    0.00    7.82 v _07115_/A1 (sky130_fd_sc_hd__a21oi_4)
     2    0.01    0.11    0.13    7.94 ^ _07115_/Y (sky130_fd_sc_hd__a21oi_4)
                                         _02081_ (net)
                  0.11    0.00    7.94 ^ _07116_/A1 (sky130_fd_sc_hd__o21bai_1)
     1    0.01    0.07    0.11    8.05 v _07116_/Y (sky130_fd_sc_hd__o21bai_1)
                                         _02082_ (net)
                  0.07    0.00    8.05 v _07117_/A1 (sky130_fd_sc_hd__a21oi_1)
     2    0.01    0.18    0.19    8.23 ^ _07117_/Y (sky130_fd_sc_hd__a21oi_1)
                                         _02083_ (net)
                  0.18    0.00    8.24 ^ _07118_/A1 (sky130_fd_sc_hd__o21bai_1)
     1    0.01    0.08    0.12    8.36 v _07118_/Y (sky130_fd_sc_hd__o21bai_1)
                                         _02084_ (net)
                  0.08    0.00    8.36 v _07119_/A1 (sky130_fd_sc_hd__a21oi_2)
     2    0.01    0.14    0.17    8.53 ^ _07119_/Y (sky130_fd_sc_hd__a21oi_2)
                                         _02085_ (net)
                  0.14    0.00    8.53 ^ _07120_/A1 (sky130_fd_sc_hd__o21bai_1)
     1    0.01    0.08    0.12    8.65 v _07120_/Y (sky130_fd_sc_hd__o21bai_1)
                                         _02086_ (net)
                  0.08    0.00    8.65 v _07121_/A1 (sky130_fd_sc_hd__a21oi_2)
     2    0.01    0.13    0.16    8.81 ^ _07121_/Y (sky130_fd_sc_hd__a21oi_2)
                                         _02087_ (net)
                  0.13    0.00    8.81 ^ _07122_/A1 (sky130_fd_sc_hd__o21bai_1)
     1    0.01    0.07    0.11    8.92 v _07122_/Y (sky130_fd_sc_hd__o21bai_1)
                                         _02088_ (net)
                  0.07    0.00    8.92 v _07123_/A1 (sky130_fd_sc_hd__a21oi_2)
     2    0.01    0.15    0.17    9.09 ^ _07123_/Y (sky130_fd_sc_hd__a21oi_2)
                                         _02089_ (net)
                  0.15    0.00    9.09 ^ rebuffer2472/A (sky130_fd_sc_hd__buf_4)
     1    0.01    0.03    0.14    9.23 ^ rebuffer2472/X (sky130_fd_sc_hd__buf_4)
                                         net2472 (net)
                  0.03    0.00    9.23 ^ _07126_/A1 (sky130_fd_sc_hd__o21ai_1)
     2    0.01    0.07    0.08    9.31 v _07126_/Y (sky130_fd_sc_hd__o21ai_1)
                                         _02092_ (net)
                  0.07    0.00    9.31 v place1665/A (sky130_fd_sc_hd__buf_4)
     1    0.01    0.03    0.15    9.46 v place1665/X (sky130_fd_sc_hd__buf_4)
                                         net1665 (net)
                  0.03    0.00    9.46 v _07130_/A4 (sky130_fd_sc_hd__o41ai_4)
     1    0.01    0.27    0.23    9.69 ^ _07130_/Y (sky130_fd_sc_hd__o41ai_4)
                                         _02096_ (net)
                  0.27    0.00    9.69 ^ place1659/A (sky130_fd_sc_hd__buf_4)
     2    0.02    0.07    0.20    9.89 ^ place1659/X (sky130_fd_sc_hd__buf_4)
                                         net1659 (net)
                  0.07    0.00    9.89 ^ _07131_/B (sky130_fd_sc_hd__xnor2_4)
     2    0.01    0.16    0.12   10.02 ^ _07131_/Y (sky130_fd_sc_hd__xnor2_4)
                                         _00031_ (net)
                  0.16    0.00   10.02 ^ _07132_/A (sky130_fd_sc_hd__inv_2)
     2    0.01    0.05    0.07   10.09 v _07132_/Y (sky130_fd_sc_hd__inv_2)
                                         mul_product[21] (net)
                  0.05    0.00   10.09 v _13037_/B (sky130_fd_sc_hd__fa_1)
     2    0.01    0.14    0.57   10.66 ^ _13037_/SUM (sky130_fd_sc_hd__fa_1)
                                         _06495_ (net)
                  0.14    0.00   10.66 ^ _13198_/CIN (sky130_fd_sc_hd__fa_1)
     1    0.01    0.12    0.48   11.14 v _13198_/SUM (sky130_fd_sc_hd__fa_1)
                                         _06842_ (net)
                  0.12    0.00   11.14 v _13172_/CIN (sky130_fd_sc_hd__fa_1)
     1    0.01    0.08    0.53   11.67 ^ _13172_/SUM (sky130_fd_sc_hd__fa_1)
                                         _06843_ (net)
                  0.08    0.00   11.67 ^ _13185_/CIN (sky130_fd_sc_hd__fa_1)
     1    0.00    0.09    0.43   12.10 v _13185_/SUM (sky130_fd_sc_hd__fa_1)
                                         _06353_ (net)
                  0.09    0.00   12.10 v _12994_/CIN (sky130_fd_sc_hd__fa_1)
     1    0.01    0.13    0.52   12.61 v _12994_/SUM (sky130_fd_sc_hd__fa_1)
                                         _06356_ (net)
                  0.13    0.00   12.62 v _13531_/B (sky130_fd_sc_hd__ha_4)
     2    0.01    0.04    0.20   12.82 v _13531_/COUT (sky130_fd_sc_hd__ha_4)
                                         _00632_ (net)
                  0.04    0.00   12.82 v _07163_/B1 (sky130_fd_sc_hd__a2111oi_4)
     2    0.01    0.31    0.36   13.18 ^ _07163_/Y (sky130_fd_sc_hd__a2111oi_4)
                                         _02114_ (net)
                  0.31    0.00   13.18 ^ _07178_/B1 (sky130_fd_sc_hd__o31a_1)
     1    0.01    0.08    0.22   13.40 ^ _07178_/X (sky130_fd_sc_hd__o31a_1)
                                         _02129_ (net)
                  0.08    0.00   13.40 ^ _07179_/B1 (sky130_fd_sc_hd__a31oi_2)
     2    0.01    0.09    0.06   13.46 v _07179_/Y (sky130_fd_sc_hd__a31oi_2)
                                         _02130_ (net)
                  0.09    0.00   13.46 v place1595/A (sky130_fd_sc_hd__buf_4)
     2    0.02    0.04    0.17   13.63 v place1595/X (sky130_fd_sc_hd__buf_4)
                                         net1595 (net)
                  0.04    0.00   13.63 v _07485_/A1 (sky130_fd_sc_hd__a21oi_4)
     2    0.02    0.17    0.18   13.81 ^ _07485_/Y (sky130_fd_sc_hd__a21oi_4)
                                         _02414_ (net)
                  0.17    0.00   13.81 ^ _07502_/B (sky130_fd_sc_hd__xnor2_2)
     2    0.01    0.09    0.12   13.93 v _07502_/Y (sky130_fd_sc_hd__xnor2_2)
                                         u_mul_reduce.prod[24] (net)
                  0.09    0.00   13.93 v _13029_/CIN (sky130_fd_sc_hd__fa_1)
     2    0.01    0.10    0.53   14.46 ^ _13029_/SUM (sky130_fd_sc_hd__fa_1)
                                         _00064_ (net)
                  0.10    0.00   14.46 ^ _07497_/A (sky130_fd_sc_hd__inv_1)
     2    0.01    0.07    0.09   14.55 v _07497_/Y (sky130_fd_sc_hd__inv_1)
                                         _00163_ (net)
                  0.07    0.00   14.55 v _13131_/B (sky130_fd_sc_hd__fa_1)
     2    0.01    0.11    0.55   15.10 ^ _13131_/SUM (sky130_fd_sc_hd__fa_1)
                                         _00165_ (net)
                  0.11    0.00   15.10 ^ _07134_/A (sky130_fd_sc_hd__inv_1)
     1    0.00    0.04    0.05   15.15 v _07134_/Y (sky130_fd_sc_hd__inv_1)
                                         _00726_ (net)
                  0.04    0.00   15.15 v _13612_/B (sky130_fd_sc_hd__ha_1)
     2    0.01    0.07    0.29   15.44 ^ _13612_/SUM (sky130_fd_sc_hd__ha_1)
                                         _00369_ (net)
                  0.07    0.00   15.44 ^ _12090_/A (sky130_fd_sc_hd__inv_1)
     2    0.01    0.05    0.07   15.51 v _12090_/Y (sky130_fd_sc_hd__inv_1)
                                         _00361_ (net)
                  0.05    0.00   15.51 v _13329_/B (sky130_fd_sc_hd__ha_1)
     1    0.00    0.05    0.18   15.70 v _13329_/COUT (sky130_fd_sc_hd__ha_1)
                                         _00371_ (net)
                  0.05    0.00   15.70 v _07732_/B (sky130_fd_sc_hd__or2_2)
     2    0.01    0.08    0.31   16.01 v _07732_/X (sky130_fd_sc_hd__or2_2)
                                         _00071_ (net)
                  0.08    0.00   16.01 v _13519_/B (sky130_fd_sc_hd__ha_1)
     1    0.01    0.06    0.30   16.30 v _13519_/SUM (sky130_fd_sc_hd__ha_1)
                                         _00413_ (net)
                  0.06    0.00   16.30 v _07227_/B1 (sky130_fd_sc_hd__o211a_1)
     2    0.01    0.07    0.16   16.46 v _07227_/X (sky130_fd_sc_hd__o211a_1)
                                         _02171_ (net)
                  0.07    0.00   16.46 v _07260_/A3 (sky130_fd_sc_hd__o31a_1)
     2    0.02    0.11    0.31   16.77 v _07260_/X (sky130_fd_sc_hd__o31a_1)
                                         _02204_ (net)
                  0.11    0.00   16.78 v _07339_/A2 (sky130_fd_sc_hd__o2111ai_4)
     2    0.02    0.26    0.27   17.05 ^ _07339_/Y (sky130_fd_sc_hd__o2111ai_4)
                                         _02281_ (net)
                  0.26    0.00   17.05 ^ _07407_/A1 (sky130_fd_sc_hd__a31oi_4)
     2    0.01    0.10    0.13   17.19 v _07407_/Y (sky130_fd_sc_hd__a31oi_4)
                                         _02349_ (net)
                  0.10    0.00   17.19 v _07409_/A (sky130_fd_sc_hd__or3_4)
     3    0.01    0.08    0.42   17.61 v _07409_/X (sky130_fd_sc_hd__or3_4)
                                         _02351_ (net)
                  0.08    0.00   17.61 v _07440_/A2 (sky130_fd_sc_hd__a2111o_1)
     3    0.01    0.10    0.47   18.08 v _07440_/X (sky130_fd_sc_hd__a2111o_1)
                                         _02382_ (net)
                  0.10    0.00   18.08 v _07441_/D (sky130_fd_sc_hd__or4_4)
     4    0.02    0.12    0.49   18.56 v _07441_/X (sky130_fd_sc_hd__or4_4)
                                         _02383_ (net)
                  0.12    0.00   18.56 v _07443_/A (sky130_fd_sc_hd__nor3_4)
     1    0.01    0.19    0.25   18.82 ^ _07443_/Y (sky130_fd_sc_hd__nor3_4)
                                         _02385_ (net)
                  0.19    0.00   18.82 ^ rebuffer2396/A (sky130_fd_sc_hd__buf_12)
     2    0.03    0.05    0.15   18.96 ^ rebuffer2396/X (sky130_fd_sc_hd__buf_12)
                                         net2396 (net)
                  0.05    0.00   18.96 ^ _07445_/B (sky130_fd_sc_hd__xnor2_4)
     2    0.01    0.12    0.11   19.07 ^ _07445_/Y (sky130_fd_sc_hd__xnor2_4)
                                         u_mul_reduce.r1[0] (net)
                  0.12    0.00   19.07 ^ _07742_/A (sky130_fd_sc_hd__inv_1)
     1    0.00    0.04    0.06   19.14 v _07742_/Y (sky130_fd_sc_hd__inv_1)
                                         _00287_ (net)
                  0.04    0.00   19.14 v _13253_/A (sky130_fd_sc_hd__ha_2)
     2    0.01    0.05    0.19   19.33 v _13253_/COUT (sky130_fd_sc_hd__ha_2)
                                         _00289_ (net)
                  0.05    0.00   19.33 v _11821_/A (sky130_fd_sc_hd__inv_2)
     2    0.02    0.08    0.09   19.42 ^ _11821_/Y (sky130_fd_sc_hd__inv_2)
                                         _01304_ (net)
                  0.08    0.00   19.42 ^ _11858_/A (sky130_fd_sc_hd__xnor2_2)
     2    0.01    0.18    0.14   19.56 ^ _11858_/Y (sky130_fd_sc_hd__xnor2_2)
                                         _01341_ (net)
                  0.18    0.00   19.56 ^ _11859_/B (sky130_fd_sc_hd__xor2_1)
     1    0.00    0.14    0.18   19.74 ^ _11859_/X (sky130_fd_sc_hd__xor2_1)
                                         _01342_ (net)
                  0.14    0.00   19.74 ^ _11860_/C (sky130_fd_sc_hd__nand3_1)
     1    0.01    0.09    0.12   19.86 v _11860_/Y (sky130_fd_sc_hd__nand3_1)
                                         _01343_ (net)
                  0.09    0.00   19.86 v _11862_/A2 (sky130_fd_sc_hd__a21boi_2)
     2    0.01    0.15    0.19   20.05 ^ _11862_/Y (sky130_fd_sc_hd__a21boi_2)
                                         _01345_ (net)
                  0.15    0.00   20.05 ^ _11863_/B (sky130_fd_sc_hd__nand2_1)
     1    0.01    0.11    0.09   20.14 v _11863_/Y (sky130_fd_sc_hd__nand2_1)
                                         _01346_ (net)
                  0.11    0.00   20.14 v _11864_/C (sky130_fd_sc_hd__nor3_2)
     1    0.01    0.18    0.17   20.31 ^ _11864_/Y (sky130_fd_sc_hd__nor3_2)
                                         _01347_ (net)
                  0.18    0.00   20.31 ^ _11867_/A2 (sky130_fd_sc_hd__a21oi_2)
     2    0.01    0.06    0.10   20.40 v _11867_/Y (sky130_fd_sc_hd__a21oi_2)
                                         _01350_ (net)
                  0.06    0.00   20.40 v _11868_/A (sky130_fd_sc_hd__or4_4)
     1    0.01    0.10    0.56   20.96 v _11868_/X (sky130_fd_sc_hd__or4_4)
                                         _01351_ (net)
                  0.10    0.00   20.96 v _11964_/A2 (sky130_fd_sc_hd__a2111oi_4)
     1    0.01    0.31    0.41   21.37 ^ _11964_/Y (sky130_fd_sc_hd__a2111oi_4)
                                         _01447_ (net)
                  0.31    0.00   21.37 ^ place1268/A (sky130_fd_sc_hd__buf_6)
     8    0.04    0.10    0.20   21.57 ^ place1268/X (sky130_fd_sc_hd__buf_6)
                                         net1268 (net)
                  0.10    0.00   21.57 ^ place1266/A (sky130_fd_sc_hd__buf_6)
     7    0.03    0.07    0.14   21.71 ^ place1266/X (sky130_fd_sc_hd__buf_6)
                                         net1266 (net)
                  0.07    0.00   21.71 ^ _12010_/B (sky130_fd_sc_hd__nand3_2)
     1    0.00    0.21    0.07   21.78 v _12010_/Y (sky130_fd_sc_hd__nand3_2)
                                         _01488_ (net)
                  0.21    0.00   21.78 v _12013_/B1 (sky130_fd_sc_hd__o211ai_1)
     1    0.00    0.17    0.17   21.96 ^ _12013_/Y (sky130_fd_sc_hd__o211ai_1)
                                         _00797_ (net)
                  0.17    0.00   21.96 ^ mul_reduced_q[5]$_DFFE_PN0P_/D (sky130_fd_sc_hd__dfrtp_1)
                                 21.96   data arrival time

                         15.00   15.00   clock clk (rise edge)
                          0.00   15.00   clock source latency
     4    0.13    0.00    0.00   15.00 ^ clk (in)
                                         clk (net)
                  0.01    0.01   15.01 ^ clkbuf_0_clk/A (sky130_fd_sc_hd__clkbuf_16)
     4    0.16    0.17    0.21   15.22 ^ clkbuf_0_clk/X (sky130_fd_sc_hd__clkbuf_16)
                                         clknet_0_clk (net)
                  0.17    0.00   15.23 ^ clkbuf_2_2_0_clk/A (sky130_fd_sc_hd__clkbuf_16)
     8    0.16    0.17    0.27   15.49 ^ clkbuf_2_2_0_clk/X (sky130_fd_sc_hd__clkbuf_16)
                                         clknet_2_2_0_clk (net)
                  0.17    0.00   15.50 ^ clkbuf_5_23__f_clk/A (sky130_fd_sc_hd__clkbuf_16)
     8    0.17    0.18    0.27   15.77 ^ clkbuf_5_23__f_clk/X (sky130_fd_sc_hd__clkbuf_16)
                                         clknet_5_23__leaf_clk (net)
                  0.18    0.00   15.77 ^ clkbuf_leaf_253_clk/A (sky130_fd_sc_hd__clkbuf_16)
     5    0.03    0.06    0.18   15.96 ^ clkbuf_leaf_253_clk/X (sky130_fd_sc_hd__clkbuf_16)
                                         clknet_leaf_253_clk (net)
                  0.06    0.00   15.96 ^ mul_reduced_q[5]$_DFFE_PN0P_/CLK (sky130_fd_sc_hd__dfrtp_1)
                         -0.25   15.71   clock uncertainty
                          0.00   15.71   clock reconvergence pessimism
                         -0.09   15.62   library setup time
                                 15.62   data required time
-----------------------------------------------------------------------------
                                 15.62   data required time
                                -21.96   data arrival time
-----------------------------------------------------------------------------
                                 -6.33   slack (VIOLATED)



==========================================================================
global route report_check_types -max_slew -max_cap -max_fanout -violators
--------------------------------------------------------------------------

==========================================================================
global route max_slew_check_slack
--------------------------------------------------------------------------
0.10542178899049759

==========================================================================
global route max_slew_check_limit
--------------------------------------------------------------------------
1.5

==========================================================================
global route max_slew_check_slack_limit
--------------------------------------------------------------------------
0.0703

==========================================================================
global route max_fanout_check_slack
--------------------------------------------------------------------------
1.0000000150474662e+30

==========================================================================
global route max_fanout_check_limit
--------------------------------------------------------------------------
1.0000000150474662e+30

==========================================================================
global route max_capacitance_check_slack
--------------------------------------------------------------------------
0.005461485590785742

==========================================================================
global route max_capacitance_check_limit
--------------------------------------------------------------------------
0.047616999596357346

==========================================================================
global route max_capacitance_check_slack_limit
--------------------------------------------------------------------------
0.1147

==========================================================================
global route max_slew_violation_count
--------------------------------------------------------------------------
max slew violation count 0

==========================================================================
global route max_fanout_violation_count
--------------------------------------------------------------------------
max fanout violation count 0

==========================================================================
global route max_cap_violation_count
--------------------------------------------------------------------------
max cap violation count 0

==========================================================================
global route setup_violation_count
--------------------------------------------------------------------------
setup violation count 12

==========================================================================
global route hold_violation_count
--------------------------------------------------------------------------
hold violation count 0

==========================================================================
global route report_checks -path_delay max reg to reg
--------------------------------------------------------------------------
Startpoint: coeff_a_q[2]$_DFFE_PN0P_
            (rising edge-triggered flip-flop clocked by clk)
Endpoint: mul_reduced_q[5]$_DFFE_PN0P_
          (rising edge-triggered flip-flop clocked by clk)
Path Group: clk
Path Type: max

  Delay    Time   Description
---------------------------------------------------------
   0.00    0.00   clock clk (rise edge)
   0.00    0.00   clock source latency
   0.00    0.00 ^ clk (in)
   0.22    0.22 ^ clkbuf_0_clk/X (sky130_fd_sc_hd__clkbuf_16)
   0.27    0.49 ^ clkbuf_2_2_0_clk/X (sky130_fd_sc_hd__clkbuf_16)
   0.28    0.77 ^ clkbuf_5_23__f_clk/X (sky130_fd_sc_hd__clkbuf_16)
   0.19    0.96 ^ clkbuf_leaf_254_clk/X (sky130_fd_sc_hd__clkbuf_16)
   0.00    0.96 ^ coeff_a_q[2]$_DFFE_PN0P_/CLK (sky130_fd_sc_hd__dfrtp_1)
   0.37    1.33 ^ coeff_a_q[2]$_DFFE_PN0P_/Q (sky130_fd_sc_hd__dfrtp_1)
   0.07    1.41 v _07767_/Y (sky130_fd_sc_hd__inv_1)
   0.33    1.73 v _13305_/SUM (sky130_fd_sc_hd__ha_1)
   0.29    2.02 v _13570_/SUM (sky130_fd_sc_hd__ha_1)
   0.18    2.20 v _07660_/X (sky130_fd_sc_hd__a21o_1)
   0.24    2.44 ^ _07661_/Y (sky130_fd_sc_hd__a21oi_1)
   0.09    2.53 v _07662_/Y (sky130_fd_sc_hd__o21bai_1)
   0.24    2.77 ^ _07663_/Y (sky130_fd_sc_hd__a21oi_1)
   0.10    2.88 v _07664_/Y (sky130_fd_sc_hd__o21bai_1)
   0.23    3.11 ^ _07665_/Y (sky130_fd_sc_hd__a21oi_1)
   0.12    3.23 v _07666_/Y (sky130_fd_sc_hd__o21bai_1)
   0.20    3.43 ^ _07667_/Y (sky130_fd_sc_hd__a21oi_2)
   0.09    3.52 v _07668_/Y (sky130_fd_sc_hd__o21bai_1)
   0.21    3.73 ^ _07669_/Y (sky130_fd_sc_hd__a21oi_1)
   0.21    3.95 ^ _07670_/Y (sky130_fd_sc_hd__xnor2_1)
   0.20    4.15 ^ _07701_/X (sky130_fd_sc_hd__or2_4)
   0.13    4.28 ^ place1816/X (sky130_fd_sc_hd__buf_8)
   0.09    4.37 v _07859_/Y (sky130_fd_sc_hd__nand3b_1)
   0.19    4.56 v _07860_/X (sky130_fd_sc_hd__xor2_1)
   0.23    4.79 ^ _07862_/Y (sky130_fd_sc_hd__a211oi_2)
   0.17    4.97 ^ rebuffer2397/X (sky130_fd_sc_hd__buf_4)
   0.13    5.10 ^ place1802/X (sky130_fd_sc_hd__buf_4)
   0.14    5.24 ^ _07935_/X (sky130_fd_sc_hd__and2_4)
   0.43    5.67 v _13137_/SUM (sky130_fd_sc_hd__fa_1)
   0.58    6.25 ^ _13055_/SUM (sky130_fd_sc_hd__fa_1)
   0.22    6.47 v _13233_/SUM (sky130_fd_sc_hd__ha_4)
   0.52    7.00 v _12966_/SUM (sky130_fd_sc_hd__fa_1)
   0.60    7.59 ^ _13091_/SUM (sky130_fd_sc_hd__fa_1)
   0.22    7.82 v _13320_/SUM (sky130_fd_sc_hd__ha_4)
   0.13    7.94 ^ _07115_/Y (sky130_fd_sc_hd__a21oi_4)
   0.11    8.05 v _07116_/Y (sky130_fd_sc_hd__o21bai_1)
   0.19    8.23 ^ _07117_/Y (sky130_fd_sc_hd__a21oi_1)
   0.12    8.36 v _07118_/Y (sky130_fd_sc_hd__o21bai_1)
   0.17    8.53 ^ _07119_/Y (sky130_fd_sc_hd__a21oi_2)
   0.12    8.65 v _07120_/Y (sky130_fd_sc_hd__o21bai_1)
   0.16    8.81 ^ _07121_/Y (sky130_fd_sc_hd__a21oi_2)
   0.11    8.92 v _07122_/Y (sky130_fd_sc_hd__o21bai_1)
   0.17    9.09 ^ _07123_/Y (sky130_fd_sc_hd__a21oi_2)
   0.14    9.23 ^ rebuffer2472/X (sky130_fd_sc_hd__buf_4)
   0.08    9.31 v _07126_/Y (sky130_fd_sc_hd__o21ai_1)
   0.15    9.46 v place1665/X (sky130_fd_sc_hd__buf_4)
   0.23    9.69 ^ _07130_/Y (sky130_fd_sc_hd__o41ai_4)
   0.20    9.89 ^ place1659/X (sky130_fd_sc_hd__buf_4)
   0.13   10.02 ^ _07131_/Y (sky130_fd_sc_hd__xnor2_4)
   0.07   10.09 v _07132_/Y (sky130_fd_sc_hd__inv_2)
   0.57   10.66 ^ _13037_/SUM (sky130_fd_sc_hd__fa_1)
   0.48   11.14 v _13198_/SUM (sky130_fd_sc_hd__fa_1)
   0.53   11.67 ^ _13172_/SUM (sky130_fd_sc_hd__fa_1)
   0.43   12.10 v _13185_/SUM (sky130_fd_sc_hd__fa_1)
   0.52   12.61 v _12994_/SUM (sky130_fd_sc_hd__fa_1)
   0.21   12.82 v _13531_/COUT (sky130_fd_sc_hd__ha_4)
   0.36   13.18 ^ _07163_/Y (sky130_fd_sc_hd__a2111oi_4)
   0.22   13.40 ^ _07178_/X (sky130_fd_sc_hd__o31a_1)
   0.06   13.46 v _07179_/Y (sky130_fd_sc_hd__a31oi_2)
   0.17   13.63 v place1595/X (sky130_fd_sc_hd__buf_4)
   0.18   13.81 ^ _07485_/Y (sky130_fd_sc_hd__a21oi_4)
   0.12   13.93 v _07502_/Y (sky130_fd_sc_hd__xnor2_2)
   0.53   14.46 ^ _13029_/SUM (sky130_fd_sc_hd__fa_1)
   0.09   14.55 v _07497_/Y (sky130_fd_sc_hd__inv_1)
   0.55   15.10 ^ _13131_/SUM (sky130_fd_sc_hd__fa_1)
   0.05   15.15 v _07134_/Y (sky130_fd_sc_hd__inv_1)
   0.29   15.44 ^ _13612_/SUM (sky130_fd_sc_hd__ha_1)
   0.07   15.51 v _12090_/Y (sky130_fd_sc_hd__inv_1)
   0.18   15.70 v _13329_/COUT (sky130_fd_sc_hd__ha_1)
   0.31   16.01 v _07732_/X (sky130_fd_sc_hd__or2_2)
   0.30   16.30 v _13519_/SUM (sky130_fd_sc_hd__ha_1)
   0.16   16.46 v _07227_/X (sky130_fd_sc_hd__o211a_1)
   0.31   16.77 v _07260_/X (sky130_fd_sc_hd__o31a_1)
   0.28   17.05 ^ _07339_/Y (sky130_fd_sc_hd__o2111ai_4)
   0.14   17.19 v _07407_/Y (sky130_fd_sc_hd__a31oi_4)
   0.42   17.61 v _07409_/X (sky130_fd_sc_hd__or3_4)
   0.47   18.08 v _07440_/X (sky130_fd_sc_hd__a2111o_1)
   0.49   18.56 v _07441_/X (sky130_fd_sc_hd__or4_4)
   0.25   18.82 ^ _07443_/Y (sky130_fd_sc_hd__nor3_4)
   0.15   18.96 ^ rebuffer2396/X (sky130_fd_sc_hd__buf_12)
   0.11   19.07 ^ _07445_/Y (sky130_fd_sc_hd__xnor2_4)
   0.06   19.14 v _07742_/Y (sky130_fd_sc_hd__inv_1)
   0.19   19.33 v _13253_/COUT (sky130_fd_sc_hd__ha_2)
   0.09   19.42 ^ _11821_/Y (sky130_fd_sc_hd__inv_2)
   0.14   19.56 ^ _11858_/Y (sky130_fd_sc_hd__xnor2_2)
   0.18   19.74 ^ _11859_/X (sky130_fd_sc_hd__xor2_1)
   0.12   19.86 v _11860_/Y (sky130_fd_sc_hd__nand3_1)
   0.19   20.05 ^ _11862_/Y (sky130_fd_sc_hd__a21boi_2)
   0.09   20.14 v _11863_/Y (sky130_fd_sc_hd__nand2_1)
   0.17   20.31 ^ _11864_/Y (sky130_fd_sc_hd__nor3_2)
   0.10   20.40 v _11867_/Y (sky130_fd_sc_hd__a21oi_2)
   0.56   20.96 v _11868_/X (sky130_fd_sc_hd__or4_4)
   0.41   21.37 ^ _11964_/Y (sky130_fd_sc_hd__a2111oi_4)
   0.20   21.57 ^ place1268/X (sky130_fd_sc_hd__buf_6)
   0.14   21.71 ^ place1266/X (sky130_fd_sc_hd__buf_6)
   0.07   21.78 v _12010_/Y (sky130_fd_sc_hd__nand3_2)
   0.17   21.96 ^ _12013_/Y (sky130_fd_sc_hd__o211ai_1)
   0.00   21.96 ^ mul_reduced_q[5]$_DFFE_PN0P_/D (sky130_fd_sc_hd__dfrtp_1)
          21.96   data arrival time

  15.00   15.00   clock clk (rise edge)
   0.00   15.00   clock source latency
   0.00   15.00 ^ clk (in)
   0.22   15.22 ^ clkbuf_0_clk/X (sky130_fd_sc_hd__clkbuf_16)
   0.27   15.49 ^ clkbuf_2_2_0_clk/X (sky130_fd_sc_hd__clkbuf_16)
   0.28   15.77 ^ clkbuf_5_23__f_clk/X (sky130_fd_sc_hd__clkbuf_16)
   0.19   15.96 ^ clkbuf_leaf_253_clk/X (sky130_fd_sc_hd__clkbuf_16)
   0.00   15.96 ^ mul_reduced_q[5]$_DFFE_PN0P_/CLK (sky130_fd_sc_hd__dfrtp_1)
  -0.25   15.71   clock uncertainty
   0.00   15.71   clock reconvergence pessimism
  -0.09   15.62   library setup time
          15.62   data required time
---------------------------------------------------------
          15.62   data required time
         -21.96   data arrival time
---------------------------------------------------------
          -6.33   slack (VIOLATED)



==========================================================================
global route report_checks -path_delay min reg to reg
--------------------------------------------------------------------------
Startpoint: st[12]$_DFF_PN0_ (rising edge-triggered flip-flop clocked by clk)
Endpoint: done$_DFF_PN0_ (rising edge-triggered flip-flop clocked by clk)
Path Group: clk
Path Type: min

  Delay    Time   Description
---------------------------------------------------------
   0.00    0.00   clock clk (rise edge)
   0.00    0.00   clock source latency
   0.00    0.00 ^ clk (in)
   0.22    0.22 ^ clkbuf_0_clk/X (sky130_fd_sc_hd__clkbuf_16)
   0.29    0.51 ^ clkbuf_2_3_0_clk/X (sky130_fd_sc_hd__clkbuf_16)
   0.27    0.78 ^ clkbuf_5_31__f_clk/X (sky130_fd_sc_hd__clkbuf_16)
   0.19    0.97 ^ clkbuf_leaf_241_clk/X (sky130_fd_sc_hd__clkbuf_16)
   0.00    0.97 ^ st[12]$_DFF_PN0_/CLK (sky130_fd_sc_hd__dfrtp_1)
   0.36    1.33 ^ st[12]$_DFF_PN0_/Q (sky130_fd_sc_hd__dfrtp_1)
   0.00    1.33 ^ done$_DFF_PN0_/D (sky130_fd_sc_hd__dfrtp_1)
           1.33   data arrival time

   0.00    0.00   clock clk (rise edge)
   0.00    0.00   clock source latency
   0.00    0.00 ^ clk (in)
   0.22    0.22 ^ clkbuf_0_clk/X (sky130_fd_sc_hd__clkbuf_16)
   0.29    0.51 ^ clkbuf_2_3_0_clk/X (sky130_fd_sc_hd__clkbuf_16)
   0.27    0.78 ^ clkbuf_5_31__f_clk/X (sky130_fd_sc_hd__clkbuf_16)
   0.19    0.97 ^ clkbuf_leaf_241_clk/X (sky130_fd_sc_hd__clkbuf_16)
   0.00    0.97 ^ done$_DFF_PN0_/CLK (sky130_fd_sc_hd__dfrtp_1)
   0.25    1.22   clock uncertainty
   0.00    1.22   clock reconvergence pessimism
  -0.04    1.18   library hold time
           1.18   data required time
---------------------------------------------------------
           1.18   data required time
          -1.33   data arrival time
---------------------------------------------------------
           0.15   slack (MET)



==========================================================================
global route critical path target clock latency max path
--------------------------------------------------------------------------
0.9508

==========================================================================
global route critical path target clock latency min path
--------------------------------------------------------------------------
1.0226

==========================================================================
global route critical path source clock latency min path
--------------------------------------------------------------------------
0.0000

==========================================================================
global route critical path delay
--------------------------------------------------------------------------
21.9557

==========================================================================
global route critical path slack
--------------------------------------------------------------------------
-6.3333

==========================================================================
global route slack div critical path delay
--------------------------------------------------------------------------
-28.845812

==========================================================================
global route report_power
--------------------------------------------------------------------------
Group                  Internal  Switching    Leakage      Total
                          Power      Power      Power      Power (Watts)
----------------------------------------------------------------
Sequential             1.31e-02   0.00e+00   3.89e-08   1.31e-02  52.6%
Combinational          2.39e-05   2.46e-04   2.79e-08   2.70e-04   1.1%
Clock                  6.31e-03   5.19e-03   7.00e-09   1.15e-02  46.3%
Macro                  0.00e+00   0.00e+00   0.00e+00   0.00e+00   0.0%
Pad                    0.00e+00   0.00e+00   0.00e+00   0.00e+00   0.0%
----------------------------------------------------------------
Total                  1.94e-02   5.43e-03   7.38e-08   2.48e-02 100.0%
                          78.1%      21.9%       0.0%
