
==========================================================================
finish report_tns
--------------------------------------------------------------------------
tns max -63.86

==========================================================================
finish report_wns
--------------------------------------------------------------------------
wns max -5.39

==========================================================================
finish report_worst_slack
--------------------------------------------------------------------------
worst slack max -5.39

==========================================================================
finish report_clock_min_period
--------------------------------------------------------------------------
clk period_min = 20.39 fmax = 49.06

==========================================================================
finish report_clock_skew
--------------------------------------------------------------------------
Clock clk
   1.01 source latency u_coeff_ram.u_model.mem[27][4]$_DFFE_PP_/CLK ^
  -0.92 target latency u_coeff_ram.u_model.rdata[4]$_DFFE_PN_/CLK ^
   0.25 clock uncertainty
   0.00 CRPR
--------------
   0.34 setup skew


==========================================================================
finish report_checks -path_delay min
--------------------------------------------------------------------------
Startpoint: st[12]$_DFF_PN0_ (rising edge-triggered flip-flop clocked by clk)
Endpoint: done$_DFF_PN0_ (rising edge-triggered flip-flop clocked by clk)
Path Group: clk
Path Type: min

Fanout     Cap    Slew   Delay    Time   Description
-----------------------------------------------------------------------------
                          0.00    0.00   clock clk (rise edge)
                          0.00    0.00   clock source latency
     4    0.10    0.00    0.00    0.00 ^ clk (in)
                                         clk (net)
                  0.01    0.01    0.01 ^ clkbuf_0_clk/A (sky130_fd_sc_hd__clkbuf_16)
     4    0.16    0.17    0.21    0.21 ^ clkbuf_0_clk/X (sky130_fd_sc_hd__clkbuf_16)
                                         clknet_0_clk (net)
                  0.17    0.01    0.22 ^ clkbuf_2_3_0_clk/A (sky130_fd_sc_hd__clkbuf_16)
     8    0.17    0.18    0.27    0.49 ^ clkbuf_2_3_0_clk/X (sky130_fd_sc_hd__clkbuf_16)
                                         clknet_2_3_0_clk (net)
                  0.18    0.00    0.50 ^ clkbuf_5_31__f_clk/A (sky130_fd_sc_hd__clkbuf_16)
     8    0.13    0.15    0.25    0.75 ^ clkbuf_5_31__f_clk/X (sky130_fd_sc_hd__clkbuf_16)
                                         clknet_5_31__leaf_clk (net)
                  0.15    0.00    0.76 ^ clkbuf_leaf_241_clk/A (sky130_fd_sc_hd__clkbuf_16)
     8    0.04    0.06    0.17    0.93 ^ clkbuf_leaf_241_clk/X (sky130_fd_sc_hd__clkbuf_16)
                                         clknet_leaf_241_clk (net)
                  0.06    0.00    0.93 ^ st[12]$_DFF_PN0_/CLK (sky130_fd_sc_hd__dfrtp_1)
     2    0.01    0.07    0.34    1.28 ^ st[12]$_DFF_PN0_/Q (sky130_fd_sc_hd__dfrtp_1)
                                         st[12] (net)
                  0.07    0.00    1.28 ^ done$_DFF_PN0_/D (sky130_fd_sc_hd__dfrtp_1)
                                  1.28   data arrival time

                          0.00    0.00   clock clk (rise edge)
                          0.00    0.00   clock source latency
     4    0.10    0.00    0.00    0.00 ^ clk (in)
                                         clk (net)
                  0.01    0.01    0.01 ^ clkbuf_0_clk/A (sky130_fd_sc_hd__clkbuf_16)
     4    0.16    0.17    0.21    0.21 ^ clkbuf_0_clk/X (sky130_fd_sc_hd__clkbuf_16)
                                         clknet_0_clk (net)
                  0.17    0.01    0.22 ^ clkbuf_2_3_0_clk/A (sky130_fd_sc_hd__clkbuf_16)
     8    0.17    0.18    0.27    0.49 ^ clkbuf_2_3_0_clk/X (sky130_fd_sc_hd__clkbuf_16)
                                         clknet_2_3_0_clk (net)
                  0.18    0.00    0.50 ^ clkbuf_5_31__f_clk/A (sky130_fd_sc_hd__clkbuf_16)
     8    0.13    0.15    0.25    0.75 ^ clkbuf_5_31__f_clk/X (sky130_fd_sc_hd__clkbuf_16)
                                         clknet_5_31__leaf_clk (net)
                  0.15    0.00    0.76 ^ clkbuf_leaf_241_clk/A (sky130_fd_sc_hd__clkbuf_16)
     8    0.04    0.06    0.17    0.93 ^ clkbuf_leaf_241_clk/X (sky130_fd_sc_hd__clkbuf_16)
                                         clknet_leaf_241_clk (net)
                  0.06    0.00    0.93 ^ done$_DFF_PN0_/CLK (sky130_fd_sc_hd__dfrtp_1)
                          0.25    1.18   clock uncertainty
                          0.00    1.18   clock reconvergence pessimism
                         -0.04    1.14   library hold time
                                  1.14   data required time
-----------------------------------------------------------------------------
                                  1.14   data required time
                                 -1.28   data arrival time
-----------------------------------------------------------------------------
                                  0.13   slack (MET)



==========================================================================
finish report_checks -path_delay max
--------------------------------------------------------------------------
Startpoint: coeff_a_q[1]$_DFFE_PN0P_
            (rising edge-triggered flip-flop clocked by clk)
Endpoint: mul_reduced_q[4]$_DFFE_PN0P_
          (rising edge-triggered flip-flop clocked by clk)
Path Group: clk
Path Type: max

Fanout     Cap    Slew   Delay    Time   Description
-----------------------------------------------------------------------------
                          0.00    0.00   clock clk (rise edge)
                          0.00    0.00   clock source latency
     4    0.10    0.00    0.00    0.00 ^ clk (in)
                                         clk (net)
                  0.01    0.01    0.01 ^ clkbuf_0_clk/A (sky130_fd_sc_hd__clkbuf_16)
     4    0.16    0.17    0.21    0.21 ^ clkbuf_0_clk/X (sky130_fd_sc_hd__clkbuf_16)
                                         clknet_0_clk (net)
                  0.17    0.00    0.22 ^ clkbuf_2_2_0_clk/A (sky130_fd_sc_hd__clkbuf_16)
     8    0.16    0.17    0.27    0.49 ^ clkbuf_2_2_0_clk/X (sky130_fd_sc_hd__clkbuf_16)
                                         clknet_2_2_0_clk (net)
                  0.17    0.00    0.49 ^ clkbuf_5_23__f_clk/A (sky130_fd_sc_hd__clkbuf_16)
     8    0.15    0.16    0.26    0.75 ^ clkbuf_5_23__f_clk/X (sky130_fd_sc_hd__clkbuf_16)
                                         clknet_5_23__leaf_clk (net)
                  0.16    0.00    0.75 ^ clkbuf_leaf_254_clk/A (sky130_fd_sc_hd__clkbuf_16)
    11    0.04    0.06    0.18    0.93 ^ clkbuf_leaf_254_clk/X (sky130_fd_sc_hd__clkbuf_16)
                                         clknet_leaf_254_clk (net)
                  0.06    0.00    0.94 ^ coeff_a_q[1]$_DFFE_PN0P_/CLK (sky130_fd_sc_hd__dfrtp_2)
     2    0.01    0.06    0.42    1.36 v coeff_a_q[1]$_DFFE_PN0P_/Q (sky130_fd_sc_hd__dfrtp_2)
                                         coeff_a_q[1] (net)
                  0.06    0.00    1.36 v _13427_/B (sky130_fd_sc_hd__ha_4)
     2    0.01    0.04    0.27    1.63 ^ _13427_/SUM (sky130_fd_sc_hd__ha_4)
                                         _00477_ (net)
                  0.04    0.00    1.63 ^ _07505_/A (sky130_fd_sc_hd__inv_2)
     1    0.01    0.02    0.04    1.67 v _07505_/Y (sky130_fd_sc_hd__inv_2)
                                         _00430_ (net)
                  0.02    0.00    1.67 v _13611_/B (sky130_fd_sc_hd__ha_4)
     2    0.01    0.04    0.15    1.82 v _13611_/COUT (sky130_fd_sc_hd__ha_4)
                                         _00193_ (net)
                  0.04    0.00    1.82 v _13164_/B (sky130_fd_sc_hd__fa_2)
     2    0.01    0.08    0.37    2.19 v _13164_/COUT (sky130_fd_sc_hd__fa_2)
                                         _00195_ (net)
                  0.08    0.00    2.19 v _07673_/A1 (sky130_fd_sc_hd__a21oi_2)
     1    0.00    0.09    0.13    2.32 ^ _07673_/Y (sky130_fd_sc_hd__a21oi_2)
                                         _02567_ (net)
                  0.09    0.00    2.32 ^ _07674_/B (sky130_fd_sc_hd__nor2_1)
     1    0.00    0.04    0.06    2.37 v _07674_/Y (sky130_fd_sc_hd__nor2_1)
                                         _02568_ (net)
                  0.04    0.00    2.38 v _07675_/B (sky130_fd_sc_hd__nor2_2)
     2    0.01    0.12    0.11    2.49 ^ _07675_/Y (sky130_fd_sc_hd__nor2_2)
                                         _02569_ (net)
                  0.12    0.00    2.49 ^ place2114/A (sky130_fd_sc_hd__buf_4)
     1    0.01    0.04    0.14    2.62 ^ place2114/X (sky130_fd_sc_hd__buf_4)
                                         net2114 (net)
                  0.04    0.00    2.62 ^ _07676_/A2 (sky130_fd_sc_hd__o21bai_4)
     1    0.01    0.05    0.05    2.67 v _07676_/Y (sky130_fd_sc_hd__o21bai_4)
                                         _02570_ (net)
                  0.05    0.00    2.67 v _07677_/A2 (sky130_fd_sc_hd__a21oi_2)
     2    0.01    0.11    0.15    2.82 ^ _07677_/Y (sky130_fd_sc_hd__a21oi_2)
                                         _02571_ (net)
                  0.11    0.00    2.82 ^ _07678_/A2 (sky130_fd_sc_hd__o21bai_1)
     1    0.01    0.07    0.10    2.92 v _07678_/Y (sky130_fd_sc_hd__o21bai_1)
                                         _02572_ (net)
                  0.07    0.00    2.92 v _07679_/A2 (sky130_fd_sc_hd__a21oi_2)
     2    0.01    0.13    0.17    3.09 ^ _07679_/Y (sky130_fd_sc_hd__a21oi_2)
                                         _02573_ (net)
                  0.13    0.00    3.09 ^ _07697_/A2 (sky130_fd_sc_hd__o21bai_1)
     1    0.00    0.06    0.08    3.17 v _07697_/Y (sky130_fd_sc_hd__o21bai_1)
                                         _02591_ (net)
                  0.06    0.00    3.17 v _07698_/A2 (sky130_fd_sc_hd__a21oi_1)
     1    0.01    0.15    0.17    3.35 ^ _07698_/Y (sky130_fd_sc_hd__a21oi_1)
                                         _02592_ (net)
                  0.15    0.00    3.35 ^ _07699_/A (sky130_fd_sc_hd__xnor2_1)
     2    0.01    0.21    0.17    3.52 ^ _07699_/Y (sky130_fd_sc_hd__xnor2_1)
                                         _02593_ (net)
                  0.21    0.00    3.52 ^ _07700_/C1 (sky130_fd_sc_hd__o211a_1)
     3    0.01    0.11    0.23    3.75 ^ _07700_/X (sky130_fd_sc_hd__o211a_1)
                                         _02594_ (net)
                  0.11    0.00    3.75 ^ _07701_/A (sky130_fd_sc_hd__or2_4)
     2    0.01    0.05    0.14    3.89 ^ _07701_/X (sky130_fd_sc_hd__or2_4)
                                         _02595_ (net)
                  0.05    0.00    3.89 ^ place1816/A (sky130_fd_sc_hd__buf_8)
     7    0.04    0.08    0.13    4.02 ^ place1816/X (sky130_fd_sc_hd__buf_8)
                                         net1816 (net)
                  0.08    0.00    4.02 ^ _07859_/B (sky130_fd_sc_hd__nand3b_1)
     1    0.00    0.09    0.09    4.11 v _07859_/Y (sky130_fd_sc_hd__nand3b_1)
                                         _02662_ (net)
                  0.09    0.00    4.11 v _07860_/A (sky130_fd_sc_hd__xor2_1)
     1    0.01    0.06    0.19    4.29 v _07860_/X (sky130_fd_sc_hd__xor2_1)
                                         _02663_ (net)
                  0.06    0.00    4.29 v _07862_/A2 (sky130_fd_sc_hd__a211oi_2)
     1    0.00    0.16    0.22    4.51 ^ _07862_/Y (sky130_fd_sc_hd__a211oi_2)
                                         _02665_ (net)
                  0.16    0.00    4.51 ^ rebuffer2397/A (sky130_fd_sc_hd__buf_4)
     2    0.02    0.07    0.17    4.68 ^ rebuffer2397/X (sky130_fd_sc_hd__buf_4)
                                         net2397 (net)
                  0.07    0.00    4.69 ^ place1802/A (sky130_fd_sc_hd__buf_4)
     4    0.01    0.05    0.13    4.81 ^ place1802/X (sky130_fd_sc_hd__buf_4)
                                         net1802 (net)
                  0.05    0.00    4.81 ^ _07935_/B (sky130_fd_sc_hd__and2_4)
     1    0.00    0.04    0.13    4.94 ^ _07935_/X (sky130_fd_sc_hd__and2_4)
                                         _00171_ (net)
                  0.04    0.00    4.94 ^ _13137_/CIN (sky130_fd_sc_hd__fa_1)
     1    0.01    0.10    0.42    5.37 v _13137_/SUM (sky130_fd_sc_hd__fa_1)
                                         _06560_ (net)
                  0.10    0.00    5.37 v _13055_/B (sky130_fd_sc_hd__fa_1)
     1    0.01    0.12    0.57    5.94 ^ _13055_/SUM (sky130_fd_sc_hd__fa_1)
                                         _06562_ (net)
                  0.12    0.00    5.94 ^ _13233_/B (sky130_fd_sc_hd__ha_4)
     1    0.01    0.04    0.21    6.15 v _13233_/SUM (sky130_fd_sc_hd__ha_4)
                                         _06275_ (net)
                  0.04    0.00    6.15 v _12966_/A (sky130_fd_sc_hd__fa_1)
     1    0.01    0.10    0.51    6.65 v _12966_/SUM (sky130_fd_sc_hd__fa_1)
                                         _06278_ (net)
                  0.10    0.00    6.65 v _13091_/A (sky130_fd_sc_hd__fa_1)
     1    0.01    0.10    0.59    7.24 ^ _13091_/SUM (sky130_fd_sc_hd__fa_1)
                                         _06669_ (net)
                  0.10    0.00    7.24 ^ _13320_/B (sky130_fd_sc_hd__ha_4)
     2    0.01    0.05    0.22    7.46 v _13320_/SUM (sky130_fd_sc_hd__ha_4)
                                         _00360_ (net)
                  0.05    0.00    7.46 v _07115_/A1 (sky130_fd_sc_hd__a21oi_4)
     2    0.01    0.10    0.12    7.58 ^ _07115_/Y (sky130_fd_sc_hd__a21oi_4)
                                         _02081_ (net)
                  0.10    0.00    7.58 ^ _07116_/A1 (sky130_fd_sc_hd__o21bai_1)
     1    0.00    0.06    0.09    7.67 v _07116_/Y (sky130_fd_sc_hd__o21bai_1)
                                         _02082_ (net)
                  0.06    0.00    7.67 v _07117_/A1 (sky130_fd_sc_hd__a21oi_1)
     2    0.01    0.17    0.17    7.84 ^ _07117_/Y (sky130_fd_sc_hd__a21oi_1)
                                         _02083_ (net)
                  0.17    0.00    7.85 ^ _07118_/A1 (sky130_fd_sc_hd__o21bai_1)
     1    0.01    0.08    0.12    7.97 v _07118_/Y (sky130_fd_sc_hd__o21bai_1)
                                         _02084_ (net)
                  0.08    0.00    7.97 v _07119_/A1 (sky130_fd_sc_hd__a21oi_2)
     2    0.01    0.11    0.15    8.11 ^ _07119_/Y (sky130_fd_sc_hd__a21oi_2)
                                         _02085_ (net)
                  0.11    0.00    8.11 ^ _07120_/A1 (sky130_fd_sc_hd__o21bai_1)
     1    0.01    0.07    0.10    8.22 v _07120_/Y (sky130_fd_sc_hd__o21bai_1)
                                         _02086_ (net)
                  0.07    0.00    8.22 v _07121_/A1 (sky130_fd_sc_hd__a21oi_2)
     2    0.01    0.11    0.14    8.36 ^ _07121_/Y (sky130_fd_sc_hd__a21oi_2)
                                         _02087_ (net)
                  0.11    0.00    8.36 ^ _07122_/A1 (sky130_fd_sc_hd__o21bai_1)
     1    0.01    0.06    0.10    8.46 v _07122_/Y (sky130_fd_sc_hd__o21bai_1)
                                         _02088_ (net)
                  0.06    0.00    8.46 v _07123_/A1 (sky130_fd_sc_hd__a21oi_2)
     2    0.01    0.13    0.15    8.61 ^ _07123_/Y (sky130_fd_sc_hd__a21oi_2)
                                         _02089_ (net)
                  0.13    0.00    8.61 ^ rebuffer2472/A (sky130_fd_sc_hd__buf_4)
     1    0.00    0.03    0.13    8.74 ^ rebuffer2472/X (sky130_fd_sc_hd__buf_4)
                                         net2472 (net)
                  0.03    0.00    8.74 ^ _07126_/A1 (sky130_fd_sc_hd__o21ai_1)
     2    0.01    0.06    0.07    8.81 v _07126_/Y (sky130_fd_sc_hd__o21ai_1)
                                         _02092_ (net)
                  0.06    0.00    8.81 v place1665/A (sky130_fd_sc_hd__buf_4)
     1    0.01    0.03    0.14    8.95 v place1665/X (sky130_fd_sc_hd__buf_4)
                                         net1665 (net)
                  0.03    0.00    8.95 v _07130_/A4 (sky130_fd_sc_hd__o41ai_4)
     1    0.00    0.24    0.20    9.15 ^ _07130_/Y (sky130_fd_sc_hd__o41ai_4)
                                         _02096_ (net)
                  0.24    0.00    9.15 ^ place1659/A (sky130_fd_sc_hd__buf_4)
     2    0.02    0.07    0.19    9.34 ^ place1659/X (sky130_fd_sc_hd__buf_4)
                                         net1659 (net)
                  0.07    0.00    9.34 ^ _07131_/B (sky130_fd_sc_hd__xnor2_4)
     2    0.01    0.14    0.12    9.46 ^ _07131_/Y (sky130_fd_sc_hd__xnor2_4)
                                         _00031_ (net)
                  0.14    0.00    9.46 ^ _07132_/A (sky130_fd_sc_hd__inv_2)
     2    0.01    0.05    0.06    9.53 v _07132_/Y (sky130_fd_sc_hd__inv_2)
                                         mul_product[21] (net)
                  0.05    0.00    9.53 v _13037_/B (sky130_fd_sc_hd__fa_1)
     2    0.01    0.11    0.55   10.07 ^ _13037_/SUM (sky130_fd_sc_hd__fa_1)
                                         _06495_ (net)
                  0.11    0.00   10.07 ^ _13198_/CIN (sky130_fd_sc_hd__fa_1)
     1    0.01    0.11    0.47   10.54 v _13198_/SUM (sky130_fd_sc_hd__fa_1)
                                         _06842_ (net)
                  0.11    0.00   10.54 v _13172_/CIN (sky130_fd_sc_hd__fa_1)
     1    0.01    0.08    0.52   11.06 ^ _13172_/SUM (sky130_fd_sc_hd__fa_1)
                                         _06843_ (net)
                  0.08    0.00   11.06 ^ _13185_/CIN (sky130_fd_sc_hd__fa_1)
     1    0.00    0.09    0.42   11.48 v _13185_/SUM (sky130_fd_sc_hd__fa_1)
                                         _06353_ (net)
                  0.09    0.00   11.48 v _12994_/CIN (sky130_fd_sc_hd__fa_1)
     1    0.02    0.14    0.52   12.00 v _12994_/SUM (sky130_fd_sc_hd__fa_1)
                                         _06356_ (net)
                  0.14    0.00   12.00 v _13531_/B (sky130_fd_sc_hd__ha_4)
     2    0.01    0.04    0.20   12.21 v _13531_/COUT (sky130_fd_sc_hd__ha_4)
                                         _00632_ (net)
                  0.04    0.00   12.21 v _07163_/B1 (sky130_fd_sc_hd__a2111oi_4)
     2    0.01    0.28    0.34   12.55 ^ _07163_/Y (sky130_fd_sc_hd__a2111oi_4)
                                         _02114_ (net)
                  0.28    0.00   12.55 ^ _07178_/B1 (sky130_fd_sc_hd__o31a_1)
     1    0.01    0.08    0.21   12.75 ^ _07178_/X (sky130_fd_sc_hd__o31a_1)
                                         _02129_ (net)
                  0.08    0.00   12.75 ^ _07179_/B1 (sky130_fd_sc_hd__a31oi_2)
     2    0.01    0.09    0.05   12.81 v _07179_/Y (sky130_fd_sc_hd__a31oi_2)
                                         _02130_ (net)
                  0.09    0.00   12.81 v place1595/A (sky130_fd_sc_hd__buf_4)
     2    0.02    0.04    0.17   12.98 v place1595/X (sky130_fd_sc_hd__buf_4)
                                         net1595 (net)
                  0.04    0.00   12.98 v _07450_/A1 (sky130_fd_sc_hd__a211oi_4)
     2    0.01    0.17    0.20   13.18 ^ _07450_/Y (sky130_fd_sc_hd__a211oi_4)
                                         _02389_ (net)
                  0.17    0.00   13.18 ^ _07451_/A2 (sky130_fd_sc_hd__o21bai_1)
     1    0.01    0.06    0.10   13.28 v _07451_/Y (sky130_fd_sc_hd__o21bai_1)
                                         _02390_ (net)
                  0.06    0.00   13.28 v _07452_/A (sky130_fd_sc_hd__xnor2_1)
     2    0.01    0.22    0.24   13.51 ^ _07452_/Y (sky130_fd_sc_hd__xnor2_1)
                                         _00424_ (net)
                  0.22    0.00   13.51 ^ _07453_/A (sky130_fd_sc_hd__inv_2)
     3    0.02    0.08    0.10   13.61 v _07453_/Y (sky130_fd_sc_hd__inv_2)
                                         u_mul_reduce.prod[27] (net)
                  0.08    0.00   13.62 v _13388_/A (sky130_fd_sc_hd__ha_4)
     1    0.01    0.04    0.25   13.86 v _13388_/SUM (sky130_fd_sc_hd__ha_4)
                                         _06229_ (net)
                  0.04    0.00   13.86 v _12952_/B (sky130_fd_sc_hd__fa_1)
     1    0.01    0.11    0.55   14.41 ^ _12952_/SUM (sky130_fd_sc_hd__fa_1)
                                         _06231_ (net)
                  0.11    0.00   14.41 ^ _13470_/B (sky130_fd_sc_hd__ha_4)
     1    0.01    0.04    0.21   14.62 v _13470_/SUM (sky130_fd_sc_hd__ha_4)
                                         _06279_ (net)
                  0.04    0.00   14.62 v _12967_/B (sky130_fd_sc_hd__fa_1)
     1    0.00    0.07    0.51   15.13 ^ _12967_/SUM (sky130_fd_sc_hd__fa_1)
                                         _00027_ (net)
                  0.07    0.00   15.13 ^ _08043_/A (sky130_fd_sc_hd__inv_1)
     1    0.01    0.04    0.05   15.18 v _08043_/Y (sky130_fd_sc_hd__inv_1)
                                         _00215_ (net)
                  0.04    0.00   15.18 v _13206_/CIN (sky130_fd_sc_hd__fa_1)
     1    0.01    0.11    0.48   15.66 v _13206_/SUM (sky130_fd_sc_hd__fa_1)
                                         _06890_ (net)
                  0.11    0.00   15.66 v _13525_/B (sky130_fd_sc_hd__ha_4)
     5    0.02    0.06    0.31   15.98 ^ _13525_/SUM (sky130_fd_sc_hd__ha_4)
                                         _00621_ (net)
                  0.06    0.00   15.98 ^ _07298_/A (sky130_fd_sc_hd__and2_4)
     3    0.01    0.05    0.15   16.13 ^ _07298_/X (sky130_fd_sc_hd__and2_4)
                                         _02240_ (net)
                  0.05    0.00   16.13 ^ _07299_/B (sky130_fd_sc_hd__and3_4)
     2    0.02    0.08    0.22   16.34 ^ _07299_/X (sky130_fd_sc_hd__and3_4)
                                         _02241_ (net)
                  0.08    0.00   16.34 ^ _07310_/A1 (sky130_fd_sc_hd__a21oi_4)
     3    0.02    0.07    0.07   16.42 v _07310_/Y (sky130_fd_sc_hd__a21oi_4)
                                         _02252_ (net)
                  0.07    0.00   16.42 v rebuffer2446/A (sky130_fd_sc_hd__buf_6)
     3    0.02    0.03    0.13   16.55 v rebuffer2446/X (sky130_fd_sc_hd__buf_6)
                                         net2446 (net)
                  0.03    0.00   16.55 v _07400_/A1 (sky130_fd_sc_hd__a31o_1)
     1    0.01    0.06    0.19   16.74 v _07400_/X (sky130_fd_sc_hd__a31o_1)
                                         _02342_ (net)
                  0.06    0.00   16.74 v _07405_/A1 (sky130_fd_sc_hd__a311oi_2)
     2    0.01    0.26    0.25   16.99 ^ _07405_/Y (sky130_fd_sc_hd__a311oi_2)
                                         _02347_ (net)
                  0.26    0.00   16.99 ^ _07406_/B (sky130_fd_sc_hd__nand3b_1)
     3    0.01    0.15    0.19   17.18 v _07406_/Y (sky130_fd_sc_hd__nand3b_1)
                                         _02348_ (net)
                  0.15    0.00   17.18 v _07441_/C (sky130_fd_sc_hd__or4_4)
     4    0.02    0.11    0.56   17.74 v _07441_/X (sky130_fd_sc_hd__or4_4)
                                         _02383_ (net)
                  0.11    0.00   17.74 v _07443_/A (sky130_fd_sc_hd__nor3_4)
     1    0.01    0.18    0.24   17.98 ^ _07443_/Y (sky130_fd_sc_hd__nor3_4)
                                         _02385_ (net)
                  0.18    0.00   17.98 ^ rebuffer2396/A (sky130_fd_sc_hd__buf_12)
     2    0.03    0.05    0.14   18.12 ^ rebuffer2396/X (sky130_fd_sc_hd__buf_12)
                                         net2396 (net)
                  0.05    0.00   18.12 ^ _07445_/B (sky130_fd_sc_hd__xnor2_4)
     2    0.01    0.12    0.11   18.23 ^ _07445_/Y (sky130_fd_sc_hd__xnor2_4)
                                         u_mul_reduce.r1[0] (net)
                  0.12    0.00   18.23 ^ _07742_/A (sky130_fd_sc_hd__inv_1)
     1    0.00    0.04    0.06   18.29 v _07742_/Y (sky130_fd_sc_hd__inv_1)
                                         _00287_ (net)
                  0.04    0.00   18.29 v _13253_/A (sky130_fd_sc_hd__ha_2)
     2    0.01    0.04    0.18   18.47 v _13253_/COUT (sky130_fd_sc_hd__ha_2)
                                         _00289_ (net)
                  0.04    0.00   18.47 v _11821_/A (sky130_fd_sc_hd__inv_2)
     2    0.02    0.08    0.08   18.56 ^ _11821_/Y (sky130_fd_sc_hd__inv_2)
                                         _01304_ (net)
                  0.08    0.00   18.56 ^ _11858_/A (sky130_fd_sc_hd__xnor2_2)
     2    0.01    0.17    0.13   18.69 ^ _11858_/Y (sky130_fd_sc_hd__xnor2_2)
                                         _01341_ (net)
                  0.17    0.00   18.69 ^ _11859_/B (sky130_fd_sc_hd__xor2_1)
     1    0.00    0.14    0.18   18.87 ^ _11859_/X (sky130_fd_sc_hd__xor2_1)
                                         _01342_ (net)
                  0.14    0.00   18.87 ^ _11860_/C (sky130_fd_sc_hd__nand3_1)
     1    0.01    0.08    0.11   18.98 v _11860_/Y (sky130_fd_sc_hd__nand3_1)
                                         _01343_ (net)
                  0.08    0.00   18.98 v _11862_/A2 (sky130_fd_sc_hd__a21boi_2)
     2    0.01    0.12    0.17   19.15 ^ _11862_/Y (sky130_fd_sc_hd__a21boi_2)
                                         _01345_ (net)
                  0.12    0.00   19.15 ^ _11863_/B (sky130_fd_sc_hd__nand2_1)
     1    0.01    0.12    0.08   19.24 v _11863_/Y (sky130_fd_sc_hd__nand2_1)
                                         _01346_ (net)
                  0.12    0.00   19.24 v _11864_/C (sky130_fd_sc_hd__nor3_2)
     1    0.01    0.16    0.15   19.39 ^ _11864_/Y (sky130_fd_sc_hd__nor3_2)
                                         _01347_ (net)
                  0.16    0.00   19.39 ^ _11867_/A2 (sky130_fd_sc_hd__a21oi_2)
     2    0.01    0.05    0.09   19.48 v _11867_/Y (sky130_fd_sc_hd__a21oi_2)
                                         _01350_ (net)
                  0.05    0.00   19.48 v _11868_/A (sky130_fd_sc_hd__or4_4)
     1    0.01    0.10    0.55   20.03 v _11868_/X (sky130_fd_sc_hd__or4_4)
                                         _01351_ (net)
                  0.10    0.00   20.03 v _11964_/A2 (sky130_fd_sc_hd__a2111oi_4)
     1    0.01    0.27    0.38   20.41 ^ _11964_/Y (sky130_fd_sc_hd__a2111oi_4)
                                         _01447_ (net)
                  0.27    0.00   20.41 ^ place1268/A (sky130_fd_sc_hd__buf_6)
     8    0.04    0.09    0.19   20.60 ^ place1268/X (sky130_fd_sc_hd__buf_6)
                                         net1268 (net)
                  0.09    0.00   20.61 ^ rebuffer2441/A (sky130_fd_sc_hd__buf_4)
     1    0.01    0.03    0.12   20.72 ^ rebuffer2441/X (sky130_fd_sc_hd__buf_4)
                                         net2441 (net)
                  0.03    0.00   20.72 ^ _12020_/C (sky130_fd_sc_hd__nor4_2)
     1    0.00    0.07    0.03   20.75 v _12020_/Y (sky130_fd_sc_hd__nor4_2)
                                         _01497_ (net)
                  0.07    0.00   20.75 v _12021_/C1 (sky130_fd_sc_hd__a211o_1)
     1    0.01    0.06    0.24   21.00 v _12021_/X (sky130_fd_sc_hd__a211o_1)
                                         _00798_ (net)
                  0.06    0.00   21.00 v mul_reduced_q[4]$_DFFE_PN0P_/D (sky130_fd_sc_hd__dfrtp_1)
                                 21.00   data arrival time

                         15.00   15.00   clock clk (rise edge)
                          0.00   15.00   clock source latency
     4    0.10    0.00    0.00   15.00 ^ clk (in)
                                         clk (net)
                  0.01    0.01   15.01 ^ clkbuf_0_clk/A (sky130_fd_sc_hd__clkbuf_16)
     4    0.16    0.17    0.21   15.21 ^ clkbuf_0_clk/X (sky130_fd_sc_hd__clkbuf_16)
                                         clknet_0_clk (net)
                  0.17    0.01   15.22 ^ clkbuf_2_3_0_clk/A (sky130_fd_sc_hd__clkbuf_16)
     8    0.17    0.18    0.27   15.49 ^ clkbuf_2_3_0_clk/X (sky130_fd_sc_hd__clkbuf_16)
                                         clknet_2_3_0_clk (net)
                  0.18    0.00   15.50 ^ clkbuf_5_29__f_clk/A (sky130_fd_sc_hd__clkbuf_16)
    13    0.18    0.20    0.29   15.79 ^ clkbuf_5_29__f_clk/X (sky130_fd_sc_hd__clkbuf_16)
                                         clknet_5_29__leaf_clk (net)
                  0.20    0.01   15.79 ^ clkbuf_leaf_251_clk/A (sky130_fd_sc_hd__clkbuf_16)
    11    0.04    0.06    0.19   15.98 ^ clkbuf_leaf_251_clk/X (sky130_fd_sc_hd__clkbuf_16)
                                         clknet_leaf_251_clk (net)
                  0.06    0.00   15.98 ^ mul_reduced_q[4]$_DFFE_PN0P_/CLK (sky130_fd_sc_hd__dfrtp_1)
                         -0.25   15.73   clock uncertainty
                          0.00   15.73   clock reconvergence pessimism
                         -0.12   15.61   library setup time
                                 15.61   data required time
-----------------------------------------------------------------------------
                                 15.61   data required time
                                -21.00   data arrival time
-----------------------------------------------------------------------------
                                 -5.39   slack (VIOLATED)



==========================================================================
finish report_checks -unconstrained
--------------------------------------------------------------------------
Startpoint: coeff_a_q[1]$_DFFE_PN0P_
            (rising edge-triggered flip-flop clocked by clk)
Endpoint: mul_reduced_q[4]$_DFFE_PN0P_
          (rising edge-triggered flip-flop clocked by clk)
Path Group: clk
Path Type: max

Fanout     Cap    Slew   Delay    Time   Description
-----------------------------------------------------------------------------
                          0.00    0.00   clock clk (rise edge)
                          0.00    0.00   clock source latency
     4    0.10    0.00    0.00    0.00 ^ clk (in)
                                         clk (net)
                  0.01    0.01    0.01 ^ clkbuf_0_clk/A (sky130_fd_sc_hd__clkbuf_16)
     4    0.16    0.17    0.21    0.21 ^ clkbuf_0_clk/X (sky130_fd_sc_hd__clkbuf_16)
                                         clknet_0_clk (net)
                  0.17    0.00    0.22 ^ clkbuf_2_2_0_clk/A (sky130_fd_sc_hd__clkbuf_16)
     8    0.16    0.17    0.27    0.49 ^ clkbuf_2_2_0_clk/X (sky130_fd_sc_hd__clkbuf_16)
                                         clknet_2_2_0_clk (net)
                  0.17    0.00    0.49 ^ clkbuf_5_23__f_clk/A (sky130_fd_sc_hd__clkbuf_16)
     8    0.15    0.16    0.26    0.75 ^ clkbuf_5_23__f_clk/X (sky130_fd_sc_hd__clkbuf_16)
                                         clknet_5_23__leaf_clk (net)
                  0.16    0.00    0.75 ^ clkbuf_leaf_254_clk/A (sky130_fd_sc_hd__clkbuf_16)
    11    0.04    0.06    0.18    0.93 ^ clkbuf_leaf_254_clk/X (sky130_fd_sc_hd__clkbuf_16)
                                         clknet_leaf_254_clk (net)
                  0.06    0.00    0.94 ^ coeff_a_q[1]$_DFFE_PN0P_/CLK (sky130_fd_sc_hd__dfrtp_2)
     2    0.01    0.06    0.42    1.36 v coeff_a_q[1]$_DFFE_PN0P_/Q (sky130_fd_sc_hd__dfrtp_2)
                                         coeff_a_q[1] (net)
                  0.06    0.00    1.36 v _13427_/B (sky130_fd_sc_hd__ha_4)
     2    0.01    0.04    0.27    1.63 ^ _13427_/SUM (sky130_fd_sc_hd__ha_4)
                                         _00477_ (net)
                  0.04    0.00    1.63 ^ _07505_/A (sky130_fd_sc_hd__inv_2)
     1    0.01    0.02    0.04    1.67 v _07505_/Y (sky130_fd_sc_hd__inv_2)
                                         _00430_ (net)
                  0.02    0.00    1.67 v _13611_/B (sky130_fd_sc_hd__ha_4)
     2    0.01    0.04    0.15    1.82 v _13611_/COUT (sky130_fd_sc_hd__ha_4)
                                         _00193_ (net)
                  0.04    0.00    1.82 v _13164_/B (sky130_fd_sc_hd__fa_2)
     2    0.01    0.08    0.37    2.19 v _13164_/COUT (sky130_fd_sc_hd__fa_2)
                                         _00195_ (net)
                  0.08    0.00    2.19 v _07673_/A1 (sky130_fd_sc_hd__a21oi_2)
     1    0.00    0.09    0.13    2.32 ^ _07673_/Y (sky130_fd_sc_hd__a21oi_2)
                                         _02567_ (net)
                  0.09    0.00    2.32 ^ _07674_/B (sky130_fd_sc_hd__nor2_1)
     1    0.00    0.04    0.06    2.37 v _07674_/Y (sky130_fd_sc_hd__nor2_1)
                                         _02568_ (net)
                  0.04    0.00    2.38 v _07675_/B (sky130_fd_sc_hd__nor2_2)
     2    0.01    0.12    0.11    2.49 ^ _07675_/Y (sky130_fd_sc_hd__nor2_2)
                                         _02569_ (net)
                  0.12    0.00    2.49 ^ place2114/A (sky130_fd_sc_hd__buf_4)
     1    0.01    0.04    0.14    2.62 ^ place2114/X (sky130_fd_sc_hd__buf_4)
                                         net2114 (net)
                  0.04    0.00    2.62 ^ _07676_/A2 (sky130_fd_sc_hd__o21bai_4)
     1    0.01    0.05    0.05    2.67 v _07676_/Y (sky130_fd_sc_hd__o21bai_4)
                                         _02570_ (net)
                  0.05    0.00    2.67 v _07677_/A2 (sky130_fd_sc_hd__a21oi_2)
     2    0.01    0.11    0.15    2.82 ^ _07677_/Y (sky130_fd_sc_hd__a21oi_2)
                                         _02571_ (net)
                  0.11    0.00    2.82 ^ _07678_/A2 (sky130_fd_sc_hd__o21bai_1)
     1    0.01    0.07    0.10    2.92 v _07678_/Y (sky130_fd_sc_hd__o21bai_1)
                                         _02572_ (net)
                  0.07    0.00    2.92 v _07679_/A2 (sky130_fd_sc_hd__a21oi_2)
     2    0.01    0.13    0.17    3.09 ^ _07679_/Y (sky130_fd_sc_hd__a21oi_2)
                                         _02573_ (net)
                  0.13    0.00    3.09 ^ _07697_/A2 (sky130_fd_sc_hd__o21bai_1)
     1    0.00    0.06    0.08    3.17 v _07697_/Y (sky130_fd_sc_hd__o21bai_1)
                                         _02591_ (net)
                  0.06    0.00    3.17 v _07698_/A2 (sky130_fd_sc_hd__a21oi_1)
     1    0.01    0.15    0.17    3.35 ^ _07698_/Y (sky130_fd_sc_hd__a21oi_1)
                                         _02592_ (net)
                  0.15    0.00    3.35 ^ _07699_/A (sky130_fd_sc_hd__xnor2_1)
     2    0.01    0.21    0.17    3.52 ^ _07699_/Y (sky130_fd_sc_hd__xnor2_1)
                                         _02593_ (net)
                  0.21    0.00    3.52 ^ _07700_/C1 (sky130_fd_sc_hd__o211a_1)
     3    0.01    0.11    0.23    3.75 ^ _07700_/X (sky130_fd_sc_hd__o211a_1)
                                         _02594_ (net)
                  0.11    0.00    3.75 ^ _07701_/A (sky130_fd_sc_hd__or2_4)
     2    0.01    0.05    0.14    3.89 ^ _07701_/X (sky130_fd_sc_hd__or2_4)
                                         _02595_ (net)
                  0.05    0.00    3.89 ^ place1816/A (sky130_fd_sc_hd__buf_8)
     7    0.04    0.08    0.13    4.02 ^ place1816/X (sky130_fd_sc_hd__buf_8)
                                         net1816 (net)
                  0.08    0.00    4.02 ^ _07859_/B (sky130_fd_sc_hd__nand3b_1)
     1    0.00    0.09    0.09    4.11 v _07859_/Y (sky130_fd_sc_hd__nand3b_1)
                                         _02662_ (net)
                  0.09    0.00    4.11 v _07860_/A (sky130_fd_sc_hd__xor2_1)
     1    0.01    0.06    0.19    4.29 v _07860_/X (sky130_fd_sc_hd__xor2_1)
                                         _02663_ (net)
                  0.06    0.00    4.29 v _07862_/A2 (sky130_fd_sc_hd__a211oi_2)
     1    0.00    0.16    0.22    4.51 ^ _07862_/Y (sky130_fd_sc_hd__a211oi_2)
                                         _02665_ (net)
                  0.16    0.00    4.51 ^ rebuffer2397/A (sky130_fd_sc_hd__buf_4)
     2    0.02    0.07    0.17    4.68 ^ rebuffer2397/X (sky130_fd_sc_hd__buf_4)
                                         net2397 (net)
                  0.07    0.00    4.69 ^ place1802/A (sky130_fd_sc_hd__buf_4)
     4    0.01    0.05    0.13    4.81 ^ place1802/X (sky130_fd_sc_hd__buf_4)
                                         net1802 (net)
                  0.05    0.00    4.81 ^ _07935_/B (sky130_fd_sc_hd__and2_4)
     1    0.00    0.04    0.13    4.94 ^ _07935_/X (sky130_fd_sc_hd__and2_4)
                                         _00171_ (net)
                  0.04    0.00    4.94 ^ _13137_/CIN (sky130_fd_sc_hd__fa_1)
     1    0.01    0.10    0.42    5.37 v _13137_/SUM (sky130_fd_sc_hd__fa_1)
                                         _06560_ (net)
                  0.10    0.00    5.37 v _13055_/B (sky130_fd_sc_hd__fa_1)
     1    0.01    0.12    0.57    5.94 ^ _13055_/SUM (sky130_fd_sc_hd__fa_1)
                                         _06562_ (net)
                  0.12    0.00    5.94 ^ _13233_/B (sky130_fd_sc_hd__ha_4)
     1    0.01    0.04    0.21    6.15 v _13233_/SUM (sky130_fd_sc_hd__ha_4)
                                         _06275_ (net)
                  0.04    0.00    6.15 v _12966_/A (sky130_fd_sc_hd__fa_1)
     1    0.01    0.10    0.51    6.65 v _12966_/SUM (sky130_fd_sc_hd__fa_1)
                                         _06278_ (net)
                  0.10    0.00    6.65 v _13091_/A (sky130_fd_sc_hd__fa_1)
     1    0.01    0.10    0.59    7.24 ^ _13091_/SUM (sky130_fd_sc_hd__fa_1)
                                         _06669_ (net)
                  0.10    0.00    7.24 ^ _13320_/B (sky130_fd_sc_hd__ha_4)
     2    0.01    0.05    0.22    7.46 v _13320_/SUM (sky130_fd_sc_hd__ha_4)
                                         _00360_ (net)
                  0.05    0.00    7.46 v _07115_/A1 (sky130_fd_sc_hd__a21oi_4)
     2    0.01    0.10    0.12    7.58 ^ _07115_/Y (sky130_fd_sc_hd__a21oi_4)
                                         _02081_ (net)
                  0.10    0.00    7.58 ^ _07116_/A1 (sky130_fd_sc_hd__o21bai_1)
     1    0.00    0.06    0.09    7.67 v _07116_/Y (sky130_fd_sc_hd__o21bai_1)
                                         _02082_ (net)
                  0.06    0.00    7.67 v _07117_/A1 (sky130_fd_sc_hd__a21oi_1)
     2    0.01    0.17    0.17    7.84 ^ _07117_/Y (sky130_fd_sc_hd__a21oi_1)
                                         _02083_ (net)
                  0.17    0.00    7.85 ^ _07118_/A1 (sky130_fd_sc_hd__o21bai_1)
     1    0.01    0.08    0.12    7.97 v _07118_/Y (sky130_fd_sc_hd__o21bai_1)
                                         _02084_ (net)
                  0.08    0.00    7.97 v _07119_/A1 (sky130_fd_sc_hd__a21oi_2)
     2    0.01    0.11    0.15    8.11 ^ _07119_/Y (sky130_fd_sc_hd__a21oi_2)
                                         _02085_ (net)
                  0.11    0.00    8.11 ^ _07120_/A1 (sky130_fd_sc_hd__o21bai_1)
     1    0.01    0.07    0.10    8.22 v _07120_/Y (sky130_fd_sc_hd__o21bai_1)
                                         _02086_ (net)
                  0.07    0.00    8.22 v _07121_/A1 (sky130_fd_sc_hd__a21oi_2)
     2    0.01    0.11    0.14    8.36 ^ _07121_/Y (sky130_fd_sc_hd__a21oi_2)
                                         _02087_ (net)
                  0.11    0.00    8.36 ^ _07122_/A1 (sky130_fd_sc_hd__o21bai_1)
     1    0.01    0.06    0.10    8.46 v _07122_/Y (sky130_fd_sc_hd__o21bai_1)
                                         _02088_ (net)
                  0.06    0.00    8.46 v _07123_/A1 (sky130_fd_sc_hd__a21oi_2)
     2    0.01    0.13    0.15    8.61 ^ _07123_/Y (sky130_fd_sc_hd__a21oi_2)
                                         _02089_ (net)
                  0.13    0.00    8.61 ^ rebuffer2472/A (sky130_fd_sc_hd__buf_4)
     1    0.00    0.03    0.13    8.74 ^ rebuffer2472/X (sky130_fd_sc_hd__buf_4)
                                         net2472 (net)
                  0.03    0.00    8.74 ^ _07126_/A1 (sky130_fd_sc_hd__o21ai_1)
     2    0.01    0.06    0.07    8.81 v _07126_/Y (sky130_fd_sc_hd__o21ai_1)
                                         _02092_ (net)
                  0.06    0.00    8.81 v place1665/A (sky130_fd_sc_hd__buf_4)
     1    0.01    0.03    0.14    8.95 v place1665/X (sky130_fd_sc_hd__buf_4)
                                         net1665 (net)
                  0.03    0.00    8.95 v _07130_/A4 (sky130_fd_sc_hd__o41ai_4)
     1    0.00    0.24    0.20    9.15 ^ _07130_/Y (sky130_fd_sc_hd__o41ai_4)
                                         _02096_ (net)
                  0.24    0.00    9.15 ^ place1659/A (sky130_fd_sc_hd__buf_4)
     2    0.02    0.07    0.19    9.34 ^ place1659/X (sky130_fd_sc_hd__buf_4)
                                         net1659 (net)
                  0.07    0.00    9.34 ^ _07131_/B (sky130_fd_sc_hd__xnor2_4)
     2    0.01    0.14    0.12    9.46 ^ _07131_/Y (sky130_fd_sc_hd__xnor2_4)
                                         _00031_ (net)
                  0.14    0.00    9.46 ^ _07132_/A (sky130_fd_sc_hd__inv_2)
     2    0.01    0.05    0.06    9.53 v _07132_/Y (sky130_fd_sc_hd__inv_2)
                                         mul_product[21] (net)
                  0.05    0.00    9.53 v _13037_/B (sky130_fd_sc_hd__fa_1)
     2    0.01    0.11    0.55   10.07 ^ _13037_/SUM (sky130_fd_sc_hd__fa_1)
                                         _06495_ (net)
                  0.11    0.00   10.07 ^ _13198_/CIN (sky130_fd_sc_hd__fa_1)
     1    0.01    0.11    0.47   10.54 v _13198_/SUM (sky130_fd_sc_hd__fa_1)
                                         _06842_ (net)
                  0.11    0.00   10.54 v _13172_/CIN (sky130_fd_sc_hd__fa_1)
     1    0.01    0.08    0.52   11.06 ^ _13172_/SUM (sky130_fd_sc_hd__fa_1)
                                         _06843_ (net)
                  0.08    0.00   11.06 ^ _13185_/CIN (sky130_fd_sc_hd__fa_1)
     1    0.00    0.09    0.42   11.48 v _13185_/SUM (sky130_fd_sc_hd__fa_1)
                                         _06353_ (net)
                  0.09    0.00   11.48 v _12994_/CIN (sky130_fd_sc_hd__fa_1)
     1    0.02    0.14    0.52   12.00 v _12994_/SUM (sky130_fd_sc_hd__fa_1)
                                         _06356_ (net)
                  0.14    0.00   12.00 v _13531_/B (sky130_fd_sc_hd__ha_4)
     2    0.01    0.04    0.20   12.21 v _13531_/COUT (sky130_fd_sc_hd__ha_4)
                                         _00632_ (net)
                  0.04    0.00   12.21 v _07163_/B1 (sky130_fd_sc_hd__a2111oi_4)
     2    0.01    0.28    0.34   12.55 ^ _07163_/Y (sky130_fd_sc_hd__a2111oi_4)
                                         _02114_ (net)
                  0.28    0.00   12.55 ^ _07178_/B1 (sky130_fd_sc_hd__o31a_1)
     1    0.01    0.08    0.21   12.75 ^ _07178_/X (sky130_fd_sc_hd__o31a_1)
                                         _02129_ (net)
                  0.08    0.00   12.75 ^ _07179_/B1 (sky130_fd_sc_hd__a31oi_2)
     2    0.01    0.09    0.05   12.81 v _07179_/Y (sky130_fd_sc_hd__a31oi_2)
                                         _02130_ (net)
                  0.09    0.00   12.81 v place1595/A (sky130_fd_sc_hd__buf_4)
     2    0.02    0.04    0.17   12.98 v place1595/X (sky130_fd_sc_hd__buf_4)
                                         net1595 (net)
                  0.04    0.00   12.98 v _07450_/A1 (sky130_fd_sc_hd__a211oi_4)
     2    0.01    0.17    0.20   13.18 ^ _07450_/Y (sky130_fd_sc_hd__a211oi_4)
                                         _02389_ (net)
                  0.17    0.00   13.18 ^ _07451_/A2 (sky130_fd_sc_hd__o21bai_1)
     1    0.01    0.06    0.10   13.28 v _07451_/Y (sky130_fd_sc_hd__o21bai_1)
                                         _02390_ (net)
                  0.06    0.00   13.28 v _07452_/A (sky130_fd_sc_hd__xnor2_1)
     2    0.01    0.22    0.24   13.51 ^ _07452_/Y (sky130_fd_sc_hd__xnor2_1)
                                         _00424_ (net)
                  0.22    0.00   13.51 ^ _07453_/A (sky130_fd_sc_hd__inv_2)
     3    0.02    0.08    0.10   13.61 v _07453_/Y (sky130_fd_sc_hd__inv_2)
                                         u_mul_reduce.prod[27] (net)
                  0.08    0.00   13.62 v _13388_/A (sky130_fd_sc_hd__ha_4)
     1    0.01    0.04    0.25   13.86 v _13388_/SUM (sky130_fd_sc_hd__ha_4)
                                         _06229_ (net)
                  0.04    0.00   13.86 v _12952_/B (sky130_fd_sc_hd__fa_1)
     1    0.01    0.11    0.55   14.41 ^ _12952_/SUM (sky130_fd_sc_hd__fa_1)
                                         _06231_ (net)
                  0.11    0.00   14.41 ^ _13470_/B (sky130_fd_sc_hd__ha_4)
     1    0.01    0.04    0.21   14.62 v _13470_/SUM (sky130_fd_sc_hd__ha_4)
                                         _06279_ (net)
                  0.04    0.00   14.62 v _12967_/B (sky130_fd_sc_hd__fa_1)
     1    0.00    0.07    0.51   15.13 ^ _12967_/SUM (sky130_fd_sc_hd__fa_1)
                                         _00027_ (net)
                  0.07    0.00   15.13 ^ _08043_/A (sky130_fd_sc_hd__inv_1)
     1    0.01    0.04    0.05   15.18 v _08043_/Y (sky130_fd_sc_hd__inv_1)
                                         _00215_ (net)
                  0.04    0.00   15.18 v _13206_/CIN (sky130_fd_sc_hd__fa_1)
     1    0.01    0.11    0.48   15.66 v _13206_/SUM (sky130_fd_sc_hd__fa_1)
                                         _06890_ (net)
                  0.11    0.00   15.66 v _13525_/B (sky130_fd_sc_hd__ha_4)
     5    0.02    0.06    0.31   15.98 ^ _13525_/SUM (sky130_fd_sc_hd__ha_4)
                                         _00621_ (net)
                  0.06    0.00   15.98 ^ _07298_/A (sky130_fd_sc_hd__and2_4)
     3    0.01    0.05    0.15   16.13 ^ _07298_/X (sky130_fd_sc_hd__and2_4)
                                         _02240_ (net)
                  0.05    0.00   16.13 ^ _07299_/B (sky130_fd_sc_hd__and3_4)
     2    0.02    0.08    0.22   16.34 ^ _07299_/X (sky130_fd_sc_hd__and3_4)
                                         _02241_ (net)
                  0.08    0.00   16.34 ^ _07310_/A1 (sky130_fd_sc_hd__a21oi_4)
     3    0.02    0.07    0.07   16.42 v _07310_/Y (sky130_fd_sc_hd__a21oi_4)
                                         _02252_ (net)
                  0.07    0.00   16.42 v rebuffer2446/A (sky130_fd_sc_hd__buf_6)
     3    0.02    0.03    0.13   16.55 v rebuffer2446/X (sky130_fd_sc_hd__buf_6)
                                         net2446 (net)
                  0.03    0.00   16.55 v _07400_/A1 (sky130_fd_sc_hd__a31o_1)
     1    0.01    0.06    0.19   16.74 v _07400_/X (sky130_fd_sc_hd__a31o_1)
                                         _02342_ (net)
                  0.06    0.00   16.74 v _07405_/A1 (sky130_fd_sc_hd__a311oi_2)
     2    0.01    0.26    0.25   16.99 ^ _07405_/Y (sky130_fd_sc_hd__a311oi_2)
                                         _02347_ (net)
                  0.26    0.00   16.99 ^ _07406_/B (sky130_fd_sc_hd__nand3b_1)
     3    0.01    0.15    0.19   17.18 v _07406_/Y (sky130_fd_sc_hd__nand3b_1)
                                         _02348_ (net)
                  0.15    0.00   17.18 v _07441_/C (sky130_fd_sc_hd__or4_4)
     4    0.02    0.11    0.56   17.74 v _07441_/X (sky130_fd_sc_hd__or4_4)
                                         _02383_ (net)
                  0.11    0.00   17.74 v _07443_/A (sky130_fd_sc_hd__nor3_4)
     1    0.01    0.18    0.24   17.98 ^ _07443_/Y (sky130_fd_sc_hd__nor3_4)
                                         _02385_ (net)
                  0.18    0.00   17.98 ^ rebuffer2396/A (sky130_fd_sc_hd__buf_12)
     2    0.03    0.05    0.14   18.12 ^ rebuffer2396/X (sky130_fd_sc_hd__buf_12)
                                         net2396 (net)
                  0.05    0.00   18.12 ^ _07445_/B (sky130_fd_sc_hd__xnor2_4)
     2    0.01    0.12    0.11   18.23 ^ _07445_/Y (sky130_fd_sc_hd__xnor2_4)
                                         u_mul_reduce.r1[0] (net)
                  0.12    0.00   18.23 ^ _07742_/A (sky130_fd_sc_hd__inv_1)
     1    0.00    0.04    0.06   18.29 v _07742_/Y (sky130_fd_sc_hd__inv_1)
                                         _00287_ (net)
                  0.04    0.00   18.29 v _13253_/A (sky130_fd_sc_hd__ha_2)
     2    0.01    0.04    0.18   18.47 v _13253_/COUT (sky130_fd_sc_hd__ha_2)
                                         _00289_ (net)
                  0.04    0.00   18.47 v _11821_/A (sky130_fd_sc_hd__inv_2)
     2    0.02    0.08    0.08   18.56 ^ _11821_/Y (sky130_fd_sc_hd__inv_2)
                                         _01304_ (net)
                  0.08    0.00   18.56 ^ _11858_/A (sky130_fd_sc_hd__xnor2_2)
     2    0.01    0.17    0.13   18.69 ^ _11858_/Y (sky130_fd_sc_hd__xnor2_2)
                                         _01341_ (net)
                  0.17    0.00   18.69 ^ _11859_/B (sky130_fd_sc_hd__xor2_1)
     1    0.00    0.14    0.18   18.87 ^ _11859_/X (sky130_fd_sc_hd__xor2_1)
                                         _01342_ (net)
                  0.14    0.00   18.87 ^ _11860_/C (sky130_fd_sc_hd__nand3_1)
     1    0.01    0.08    0.11   18.98 v _11860_/Y (sky130_fd_sc_hd__nand3_1)
                                         _01343_ (net)
                  0.08    0.00   18.98 v _11862_/A2 (sky130_fd_sc_hd__a21boi_2)
     2    0.01    0.12    0.17   19.15 ^ _11862_/Y (sky130_fd_sc_hd__a21boi_2)
                                         _01345_ (net)
                  0.12    0.00   19.15 ^ _11863_/B (sky130_fd_sc_hd__nand2_1)
     1    0.01    0.12    0.08   19.24 v _11863_/Y (sky130_fd_sc_hd__nand2_1)
                                         _01346_ (net)
                  0.12    0.00   19.24 v _11864_/C (sky130_fd_sc_hd__nor3_2)
     1    0.01    0.16    0.15   19.39 ^ _11864_/Y (sky130_fd_sc_hd__nor3_2)
                                         _01347_ (net)
                  0.16    0.00   19.39 ^ _11867_/A2 (sky130_fd_sc_hd__a21oi_2)
     2    0.01    0.05    0.09   19.48 v _11867_/Y (sky130_fd_sc_hd__a21oi_2)
                                         _01350_ (net)
                  0.05    0.00   19.48 v _11868_/A (sky130_fd_sc_hd__or4_4)
     1    0.01    0.10    0.55   20.03 v _11868_/X (sky130_fd_sc_hd__or4_4)
                                         _01351_ (net)
                  0.10    0.00   20.03 v _11964_/A2 (sky130_fd_sc_hd__a2111oi_4)
     1    0.01    0.27    0.38   20.41 ^ _11964_/Y (sky130_fd_sc_hd__a2111oi_4)
                                         _01447_ (net)
                  0.27    0.00   20.41 ^ place1268/A (sky130_fd_sc_hd__buf_6)
     8    0.04    0.09    0.19   20.60 ^ place1268/X (sky130_fd_sc_hd__buf_6)
                                         net1268 (net)
                  0.09    0.00   20.61 ^ rebuffer2441/A (sky130_fd_sc_hd__buf_4)
     1    0.01    0.03    0.12   20.72 ^ rebuffer2441/X (sky130_fd_sc_hd__buf_4)
                                         net2441 (net)
                  0.03    0.00   20.72 ^ _12020_/C (sky130_fd_sc_hd__nor4_2)
     1    0.00    0.07    0.03   20.75 v _12020_/Y (sky130_fd_sc_hd__nor4_2)
                                         _01497_ (net)
                  0.07    0.00   20.75 v _12021_/C1 (sky130_fd_sc_hd__a211o_1)
     1    0.01    0.06    0.24   21.00 v _12021_/X (sky130_fd_sc_hd__a211o_1)
                                         _00798_ (net)
                  0.06    0.00   21.00 v mul_reduced_q[4]$_DFFE_PN0P_/D (sky130_fd_sc_hd__dfrtp_1)
                                 21.00   data arrival time

                         15.00   15.00   clock clk (rise edge)
                          0.00   15.00   clock source latency
     4    0.10    0.00    0.00   15.00 ^ clk (in)
                                         clk (net)
                  0.01    0.01   15.01 ^ clkbuf_0_clk/A (sky130_fd_sc_hd__clkbuf_16)
     4    0.16    0.17    0.21   15.21 ^ clkbuf_0_clk/X (sky130_fd_sc_hd__clkbuf_16)
                                         clknet_0_clk (net)
                  0.17    0.01   15.22 ^ clkbuf_2_3_0_clk/A (sky130_fd_sc_hd__clkbuf_16)
     8    0.17    0.18    0.27   15.49 ^ clkbuf_2_3_0_clk/X (sky130_fd_sc_hd__clkbuf_16)
                                         clknet_2_3_0_clk (net)
                  0.18    0.00   15.50 ^ clkbuf_5_29__f_clk/A (sky130_fd_sc_hd__clkbuf_16)
    13    0.18    0.20    0.29   15.79 ^ clkbuf_5_29__f_clk/X (sky130_fd_sc_hd__clkbuf_16)
                                         clknet_5_29__leaf_clk (net)
                  0.20    0.01   15.79 ^ clkbuf_leaf_251_clk/A (sky130_fd_sc_hd__clkbuf_16)
    11    0.04    0.06    0.19   15.98 ^ clkbuf_leaf_251_clk/X (sky130_fd_sc_hd__clkbuf_16)
                                         clknet_leaf_251_clk (net)
                  0.06    0.00   15.98 ^ mul_reduced_q[4]$_DFFE_PN0P_/CLK (sky130_fd_sc_hd__dfrtp_1)
                         -0.25   15.73   clock uncertainty
                          0.00   15.73   clock reconvergence pessimism
                         -0.12   15.61   library setup time
                                 15.61   data required time
-----------------------------------------------------------------------------
                                 15.61   data required time
                                -21.00   data arrival time
-----------------------------------------------------------------------------
                                 -5.39   slack (VIOLATED)



==========================================================================
finish report_check_types -max_slew -max_cap -max_fanout -violators
--------------------------------------------------------------------------

==========================================================================
finish max_slew_check_slack
--------------------------------------------------------------------------
0.08140499889850616

==========================================================================
finish max_slew_check_limit
--------------------------------------------------------------------------
1.4910049438476562

==========================================================================
finish max_slew_check_slack_limit
--------------------------------------------------------------------------
0.0546

==========================================================================
finish max_fanout_check_slack
--------------------------------------------------------------------------
1.0000000150474662e+30

==========================================================================
finish max_fanout_check_limit
--------------------------------------------------------------------------
1.0000000150474662e+30

==========================================================================
finish max_capacitance_check_slack
--------------------------------------------------------------------------
0.001608505379408598

==========================================================================
finish max_capacitance_check_limit
--------------------------------------------------------------------------
0.047616999596357346

==========================================================================
finish max_capacitance_check_slack_limit
--------------------------------------------------------------------------
0.0338

==========================================================================
finish max_slew_violation_count
--------------------------------------------------------------------------
max slew violation count 0

==========================================================================
finish max_fanout_violation_count
--------------------------------------------------------------------------
max fanout violation count 0

==========================================================================
finish max_cap_violation_count
--------------------------------------------------------------------------
max cap violation count 0

==========================================================================
finish setup_violation_count
--------------------------------------------------------------------------
setup violation count 12

==========================================================================
finish hold_violation_count
--------------------------------------------------------------------------
hold violation count 0

==========================================================================
finish report_checks -path_delay max reg to reg
--------------------------------------------------------------------------
Startpoint: coeff_a_q[1]$_DFFE_PN0P_
            (rising edge-triggered flip-flop clocked by clk)
Endpoint: mul_reduced_q[4]$_DFFE_PN0P_
          (rising edge-triggered flip-flop clocked by clk)
Path Group: clk
Path Type: max

  Delay    Time   Description
---------------------------------------------------------
   0.00    0.00   clock clk (rise edge)
   0.00    0.00   clock source latency
   0.00    0.00 ^ clk (in)
   0.21    0.21 ^ clkbuf_0_clk/X (sky130_fd_sc_hd__clkbuf_16)
   0.27    0.49 ^ clkbuf_2_2_0_clk/X (sky130_fd_sc_hd__clkbuf_16)
   0.27    0.75 ^ clkbuf_5_23__f_clk/X (sky130_fd_sc_hd__clkbuf_16)
   0.18    0.93 ^ clkbuf_leaf_254_clk/X (sky130_fd_sc_hd__clkbuf_16)
   0.00    0.94 ^ coeff_a_q[1]$_DFFE_PN0P_/CLK (sky130_fd_sc_hd__dfrtp_2)
   0.42    1.36 v coeff_a_q[1]$_DFFE_PN0P_/Q (sky130_fd_sc_hd__dfrtp_2)
   0.27    1.63 ^ _13427_/SUM (sky130_fd_sc_hd__ha_4)
   0.04    1.67 v _07505_/Y (sky130_fd_sc_hd__inv_2)
   0.15    1.82 v _13611_/COUT (sky130_fd_sc_hd__ha_4)
   0.37    2.19 v _13164_/COUT (sky130_fd_sc_hd__fa_2)
   0.13    2.32 ^ _07673_/Y (sky130_fd_sc_hd__a21oi_2)
   0.06    2.37 v _07674_/Y (sky130_fd_sc_hd__nor2_1)
   0.11    2.49 ^ _07675_/Y (sky130_fd_sc_hd__nor2_2)
   0.14    2.62 ^ place2114/X (sky130_fd_sc_hd__buf_4)
   0.05    2.67 v _07676_/Y (sky130_fd_sc_hd__o21bai_4)
   0.15    2.82 ^ _07677_/Y (sky130_fd_sc_hd__a21oi_2)
   0.10    2.92 v _07678_/Y (sky130_fd_sc_hd__o21bai_1)
   0.17    3.09 ^ _07679_/Y (sky130_fd_sc_hd__a21oi_2)
   0.08    3.17 v _07697_/Y (sky130_fd_sc_hd__o21bai_1)
   0.17    3.35 ^ _07698_/Y (sky130_fd_sc_hd__a21oi_1)
   0.17    3.52 ^ _07699_/Y (sky130_fd_sc_hd__xnor2_1)
   0.23    3.75 ^ _07700_/X (sky130_fd_sc_hd__o211a_1)
   0.14    3.89 ^ _07701_/X (sky130_fd_sc_hd__or2_4)
   0.13    4.02 ^ place1816/X (sky130_fd_sc_hd__buf_8)
   0.09    4.11 v _07859_/Y (sky130_fd_sc_hd__nand3b_1)
   0.19    4.29 v _07860_/X (sky130_fd_sc_hd__xor2_1)
   0.22    4.51 ^ _07862_/Y (sky130_fd_sc_hd__a211oi_2)
   0.17    4.68 ^ rebuffer2397/X (sky130_fd_sc_hd__buf_4)
   0.13    4.81 ^ place1802/X (sky130_fd_sc_hd__buf_4)
   0.13    4.94 ^ _07935_/X (sky130_fd_sc_hd__and2_4)
   0.42    5.37 v _13137_/SUM (sky130_fd_sc_hd__fa_1)
   0.57    5.94 ^ _13055_/SUM (sky130_fd_sc_hd__fa_1)
   0.21    6.15 v _13233_/SUM (sky130_fd_sc_hd__ha_4)
   0.51    6.65 v _12966_/SUM (sky130_fd_sc_hd__fa_1)
   0.59    7.24 ^ _13091_/SUM (sky130_fd_sc_hd__fa_1)
   0.22    7.46 v _13320_/SUM (sky130_fd_sc_hd__ha_4)
   0.12    7.58 ^ _07115_/Y (sky130_fd_sc_hd__a21oi_4)
   0.09    7.67 v _07116_/Y (sky130_fd_sc_hd__o21bai_1)
   0.17    7.84 ^ _07117_/Y (sky130_fd_sc_hd__a21oi_1)
   0.12    7.97 v _07118_/Y (sky130_fd_sc_hd__o21bai_1)
   0.15    8.11 ^ _07119_/Y (sky130_fd_sc_hd__a21oi_2)
   0.10    8.22 v _07120_/Y (sky130_fd_sc_hd__o21bai_1)
   0.14    8.36 ^ _07121_/Y (sky130_fd_sc_hd__a21oi_2)
   0.10    8.46 v _07122_/Y (sky130_fd_sc_hd__o21bai_1)
   0.15    8.61 ^ _07123_/Y (sky130_fd_sc_hd__a21oi_2)
   0.13    8.74 ^ rebuffer2472/X (sky130_fd_sc_hd__buf_4)
   0.07    8.81 v _07126_/Y (sky130_fd_sc_hd__o21ai_1)
   0.14    8.95 v place1665/X (sky130_fd_sc_hd__buf_4)
   0.20    9.15 ^ _07130_/Y (sky130_fd_sc_hd__o41ai_4)
   0.19    9.34 ^ place1659/X (sky130_fd_sc_hd__buf_4)
   0.12    9.46 ^ _07131_/Y (sky130_fd_sc_hd__xnor2_4)
   0.06    9.53 v _07132_/Y (sky130_fd_sc_hd__inv_2)
   0.55   10.07 ^ _13037_/SUM (sky130_fd_sc_hd__fa_1)
   0.47   10.54 v _13198_/SUM (sky130_fd_sc_hd__fa_1)
   0.52   11.06 ^ _13172_/SUM (sky130_fd_sc_hd__fa_1)
   0.42   11.48 v _13185_/SUM (sky130_fd_sc_hd__fa_1)
   0.52   12.00 v _12994_/SUM (sky130_fd_sc_hd__fa_1)
   0.20   12.21 v _13531_/COUT (sky130_fd_sc_hd__ha_4)
   0.34   12.55 ^ _07163_/Y (sky130_fd_sc_hd__a2111oi_4)
   0.21   12.75 ^ _07178_/X (sky130_fd_sc_hd__o31a_1)
   0.05   12.81 v _07179_/Y (sky130_fd_sc_hd__a31oi_2)
   0.17   12.98 v place1595/X (sky130_fd_sc_hd__buf_4)
   0.20   13.18 ^ _07450_/Y (sky130_fd_sc_hd__a211oi_4)
   0.10   13.28 v _07451_/Y (sky130_fd_sc_hd__o21bai_1)
   0.24   13.51 ^ _07452_/Y (sky130_fd_sc_hd__xnor2_1)
   0.10   13.61 v _07453_/Y (sky130_fd_sc_hd__inv_2)
   0.25   13.86 v _13388_/SUM (sky130_fd_sc_hd__ha_4)
   0.55   14.41 ^ _12952_/SUM (sky130_fd_sc_hd__fa_1)
   0.21   14.62 v _13470_/SUM (sky130_fd_sc_hd__ha_4)
   0.51   15.13 ^ _12967_/SUM (sky130_fd_sc_hd__fa_1)
   0.05   15.18 v _08043_/Y (sky130_fd_sc_hd__inv_1)
   0.48   15.66 v _13206_/SUM (sky130_fd_sc_hd__fa_1)
   0.31   15.98 ^ _13525_/SUM (sky130_fd_sc_hd__ha_4)
   0.15   16.13 ^ _07298_/X (sky130_fd_sc_hd__and2_4)
   0.22   16.34 ^ _07299_/X (sky130_fd_sc_hd__and3_4)
   0.08   16.42 v _07310_/Y (sky130_fd_sc_hd__a21oi_4)
   0.13   16.55 v rebuffer2446/X (sky130_fd_sc_hd__buf_6)
   0.19   16.74 v _07400_/X (sky130_fd_sc_hd__a31o_1)
   0.25   16.99 ^ _07405_/Y (sky130_fd_sc_hd__a311oi_2)
   0.19   17.18 v _07406_/Y (sky130_fd_sc_hd__nand3b_1)
   0.56   17.74 v _07441_/X (sky130_fd_sc_hd__or4_4)
   0.24   17.98 ^ _07443_/Y (sky130_fd_sc_hd__nor3_4)
   0.14   18.12 ^ rebuffer2396/X (sky130_fd_sc_hd__buf_12)
   0.11   18.23 ^ _07445_/Y (sky130_fd_sc_hd__xnor2_4)
   0.06   18.29 v _07742_/Y (sky130_fd_sc_hd__inv_1)
   0.18   18.47 v _13253_/COUT (sky130_fd_sc_hd__ha_2)
   0.08   18.56 ^ _11821_/Y (sky130_fd_sc_hd__inv_2)
   0.13   18.69 ^ _11858_/Y (sky130_fd_sc_hd__xnor2_2)
   0.18   18.87 ^ _11859_/X (sky130_fd_sc_hd__xor2_1)
   0.11   18.98 v _11860_/Y (sky130_fd_sc_hd__nand3_1)
   0.17   19.15 ^ _11862_/Y (sky130_fd_sc_hd__a21boi_2)
   0.08   19.24 v _11863_/Y (sky130_fd_sc_hd__nand2_1)
   0.15   19.39 ^ _11864_/Y (sky130_fd_sc_hd__nor3_2)
   0.09   19.48 v _11867_/Y (sky130_fd_sc_hd__a21oi_2)
   0.55   20.03 v _11868_/X (sky130_fd_sc_hd__or4_4)
   0.38   20.41 ^ _11964_/Y (sky130_fd_sc_hd__a2111oi_4)
   0.19   20.60 ^ place1268/X (sky130_fd_sc_hd__buf_6)
   0.12   20.72 ^ rebuffer2441/X (sky130_fd_sc_hd__buf_4)
   0.03   20.75 v _12020_/Y (sky130_fd_sc_hd__nor4_2)
   0.24   21.00 v _12021_/X (sky130_fd_sc_hd__a211o_1)
   0.00   21.00 v mul_reduced_q[4]$_DFFE_PN0P_/D (sky130_fd_sc_hd__dfrtp_1)
          21.00   data arrival time

  15.00   15.00   clock clk (rise edge)
   0.00   15.00   clock source latency
   0.00   15.00 ^ clk (in)
   0.21   15.21 ^ clkbuf_0_clk/X (sky130_fd_sc_hd__clkbuf_16)
   0.28   15.49 ^ clkbuf_2_3_0_clk/X (sky130_fd_sc_hd__clkbuf_16)
   0.29   15.79 ^ clkbuf_5_29__f_clk/X (sky130_fd_sc_hd__clkbuf_16)
   0.19   15.98 ^ clkbuf_leaf_251_clk/X (sky130_fd_sc_hd__clkbuf_16)
   0.00   15.98 ^ mul_reduced_q[4]$_DFFE_PN0P_/CLK (sky130_fd_sc_hd__dfrtp_1)
  -0.25   15.73   clock uncertainty
   0.00   15.73   clock reconvergence pessimism
  -0.12   15.61   library setup time
          15.61   data required time
---------------------------------------------------------
          15.61   data required time
         -21.00   data arrival time
---------------------------------------------------------
          -5.39   slack (VIOLATED)



==========================================================================
finish report_checks -path_delay min reg to reg
--------------------------------------------------------------------------
Startpoint: st[12]$_DFF_PN0_ (rising edge-triggered flip-flop clocked by clk)
Endpoint: done$_DFF_PN0_ (rising edge-triggered flip-flop clocked by clk)
Path Group: clk
Path Type: min

  Delay    Time   Description
---------------------------------------------------------
   0.00    0.00   clock clk (rise edge)
   0.00    0.00   clock source latency
   0.00    0.00 ^ clk (in)
   0.21    0.21 ^ clkbuf_0_clk/X (sky130_fd_sc_hd__clkbuf_16)
   0.28    0.49 ^ clkbuf_2_3_0_clk/X (sky130_fd_sc_hd__clkbuf_16)
   0.26    0.75 ^ clkbuf_5_31__f_clk/X (sky130_fd_sc_hd__clkbuf_16)
   0.18    0.93 ^ clkbuf_leaf_241_clk/X (sky130_fd_sc_hd__clkbuf_16)
   0.00    0.93 ^ st[12]$_DFF_PN0_/CLK (sky130_fd_sc_hd__dfrtp_1)
   0.34    1.28 ^ st[12]$_DFF_PN0_/Q (sky130_fd_sc_hd__dfrtp_1)
   0.00    1.28 ^ done$_DFF_PN0_/D (sky130_fd_sc_hd__dfrtp_1)
           1.28   data arrival time

   0.00    0.00   clock clk (rise edge)
   0.00    0.00   clock source latency
   0.00    0.00 ^ clk (in)
   0.21    0.21 ^ clkbuf_0_clk/X (sky130_fd_sc_hd__clkbuf_16)
   0.28    0.49 ^ clkbuf_2_3_0_clk/X (sky130_fd_sc_hd__clkbuf_16)
   0.26    0.75 ^ clkbuf_5_31__f_clk/X (sky130_fd_sc_hd__clkbuf_16)
   0.18    0.93 ^ clkbuf_leaf_241_clk/X (sky130_fd_sc_hd__clkbuf_16)
   0.00    0.93 ^ done$_DFF_PN0_/CLK (sky130_fd_sc_hd__dfrtp_1)
   0.25    1.18   clock uncertainty
   0.00    1.18   clock reconvergence pessimism
  -0.04    1.14   library hold time
           1.14   data required time
---------------------------------------------------------
           1.14   data required time
          -1.28   data arrival time
---------------------------------------------------------
           0.13   slack (MET)



==========================================================================
finish critical path target clock latency max path
--------------------------------------------------------------------------
0.9305

==========================================================================
finish critical path target clock latency min path
--------------------------------------------------------------------------
0.9832

==========================================================================
finish critical path source clock latency min path
--------------------------------------------------------------------------
0.0000

==========================================================================
finish critical path delay
--------------------------------------------------------------------------
20.9989

==========================================================================
finish critical path slack
--------------------------------------------------------------------------
-5.3851

==========================================================================
finish slack div critical path delay
--------------------------------------------------------------------------
-25.644677

==========================================================================
finish report_power
--------------------------------------------------------------------------
Group                  Internal  Switching    Leakage      Total
                          Power      Power      Power      Power (Watts)
----------------------------------------------------------------
Sequential             1.31e-02   0.00e+00   3.89e-08   1.31e-02  53.9%
Combinational          2.39e-05   2.35e-04   2.79e-08   2.59e-04   1.1%
Clock                  6.30e-03   4.63e-03   7.00e-09   1.09e-02  45.1%
Macro                  0.00e+00   0.00e+00   0.00e+00   0.00e+00   0.0%
Pad                    0.00e+00   0.00e+00   0.00e+00   0.00e+00   0.0%
----------------------------------------------------------------
Total                  1.94e-02   4.87e-03   7.38e-08   2.42e-02 100.0%
                          79.9%      20.1%       0.0%
