OpenROAD f552262465b0bfef8f097e258f94bc501d01e19d 
Features included (+) or not (-): +GPU +GUI +Python
This program is licensed under the BSD-3 license. See the LICENSE file for details.
Components of this program may be licensed under more restrictive licenses which must be honored.
[INFO ORD-0030] Using 12 thread(s).
read_liberty /opt/eda/orfs-6101364b/flow/platforms/sky130hd/lib/sky130_fd_sc_hd__tt_025C_1v80.lib
read_db /root/cac_runs/ntt_opt_b1_w12_20ns/results/sky130hd/cac_ntt_opt_b1_w12_20ns/base/1_synth.odb
read_sdc /root/cac_runs/ntt_opt_b1_w12_20ns/results/sky130hd/cac_ntt_opt_b1_w12_20ns/base/1_synth.sdc
source /opt/eda/orfs-6101364b/flow/platforms/sky130hd/setRC.tcl
Master sky130_ef_sc_hd__decap_12 is loaded but not used in the design

==========================================================================
Floorplan check_setup
--------------------------------------------------------------------------
Warning: There is 1 input port missing set_input_delay.
number instances in verilog is 12142
[INFO IFP-0107] Defining die area using utilization: 45.00% and aspect ratio: 1.
[WARNING IFP-0028] Core area lower left (1.000, 1.000) snapped to (1.380, 2.720).
[INFO IFP-0001] Added 212 rows of 1258 site unithd.
[INFO IFP-0100] Die BBox:  (  0.000  0.000 ) ( 581.410 581.410 ) um
[INFO IFP-0101] Core BBox: (  1.380  2.720 ) ( 580.060 579.360 ) um
[INFO IFP-0102] Core area:                       333690.035 um^2
[INFO IFP-0103] Total instances area:            151072.390 um^2
[INFO IFP-0104] Effective utilization:                0.453
[INFO IFP-0105] Number of instances:                  12142
source /opt/eda/orfs-6101364b/flow/platforms/sky130hd/make_tracks.tcl
source /opt/eda/orfs-6101364b/flow/platforms/sky130hd/fastroute.tcl
Repair tie lo fanout...
[INFO RSZ-0042] Inserted 4 tie sky130_fd_sc_hd__conb_1 instances.
Repair tie hi fanout...
repair_timing -setup_margin 0 -hold_margin 0 -repair_tns 100 -match_cell_footprint -setup -skip_last_gasp -sequence unbuffer,sizeup,swap,vt_swap -verbose
[WARNING EST-0027] no estimated parasitics. Using wire load models.
[INFO RSZ-0100] Repair move sequence: UnbufferMove SizeUpMove SwapPinsMove 
[INFO RSZ-0098] No setup violations found
[INFO RSZ-0505] Runtime: 0.11s
Default units for flow
 time 1ns
 capacitance 1pF
 resistance 1kohm
 voltage 1v
 current 1mA
 power 1nW
 distance 1um
   Layer   | Unit Resistance | Unit Capacitance 
           |       (kohm/um) |          (pF/um)
------------------------------------------------
       li1 |        7.18e-02 |         1.50e-04
      met1 |        1.21e-03 |         1.72e-04
      met2 |        1.22e-03 |         1.36e-04
      met3 |        1.66e-04 |         2.15e-04
      met4 |        1.68e-04 |         1.48e-04
      met5 |        1.84e-05 |         1.54e-04
------------------------------------------------

   Layer   | Via Resistance 
           |         (kohm) 
----------------------------
      mcon |       9.25e-03 
       via |       4.50e-03 
      via2 |       3.37e-03 
      via3 |       3.77e-04 
      via4 |       5.80e-06 
----------------------------
Report metrics stage 2, floorplan final...

==========================================================================
floorplan final report_design_area
--------------------------------------------------------------------------
Design area 151084 um^2 45% utilization.
write_db /root/cac_runs/ntt_opt_b1_w12_20ns/results/sky130hd/cac_ntt_opt_b1_w12_20ns/base/2_1_floorplan.odb
write_sdc -no_timestamp /root/cac_runs/ntt_opt_b1_w12_20ns/results/sky130hd/cac_ntt_opt_b1_w12_20ns/base/2_1_floorplan.sdc
Elapsed time: 0:02.49[h:]min:sec. CPU time: user 2.42 sys 0.76 (127%). Peak memory: 191576KB.
Log                       Ext     Elapsed/s Peak Memory/MB sha1sum result [0:20)
2_1_floorplan             .odb            2            187 16cc855fe7cf78d8383f
2_1_floorplan             .sdc                             d7a06048dc418e098907
