OpenROAD f552262465b0bfef8f097e258f94bc501d01e19d 
Features included (+) or not (-): +GPU +GUI +Python
This program is licensed under the BSD-3 license. See the LICENSE file for details.
Components of this program may be licensed under more restrictive licenses which must be honored.
[INFO ORD-0030] Using 12 thread(s).
read_liberty /opt/eda/orfs-6101364b/flow/platforms/sky130hd/lib/sky130_fd_sc_hd__tt_025C_1v80.lib
read_db /root/cac_runs/ntt_opt_b1_w12_20ns/results/sky130hd/cac_ntt_opt_b1_w12_20ns/base/2_floorplan.odb
read_sdc /root/cac_runs/ntt_opt_b1_w12_20ns/results/sky130hd/cac_ntt_opt_b1_w12_20ns/base/2_floorplan.sdc
source /opt/eda/orfs-6101364b/flow/platforms/sky130hd/setRC.tcl
[INFO GPL-0022] Initialize gpl and calculate uniform density.
Placement density is 0.6020000076293945, computed from PLACE_DENSITY_LB_ADDON  0.20 and lower bound 0.49000000953674316
global_placement -skip_io -density 0.6020000076293945 -pad_left 0 -pad_right 0
[INFO GPL-0001] ---- Initialize GPL Main Data Structures
[INFO GPL-0002] DBU: 1000
[INFO GPL-0003] SiteSize: (  0.460  2.720 ) um
[INFO GPL-0004] CoreBBox: (  1.380  2.720 ) ( 580.060 579.360 ) um
[INFO GPL-0016] Core area:                  333690.035 um^2
[INFO GPL-0036] Movable instances area:     151083.651 um^2
[INFO GPL-0037] Total instances area:       156572.666 um^2
[INFO GPL-0035] Pin density area adjust:      6858.257 um^2
[INFO GPL-0032] ---- Initialize Region: Top-level
[INFO GPL-0006] Number of instances:             16532
[INFO GPL-0007] Movable instances:               12145
[INFO GPL-0008] Fixed instances:                  4387
[INFO GPL-0009] Dummy instances:                     0
[INFO GPL-0010] Number of nets:                  12847
[INFO GPL-0011] Number of pins:                  44768
[INFO GPL-0012] Die BBox:       (  0.000  0.000 ) ( 581.410 581.410 ) um
[INFO GPL-0013] Placement BBox: (  1.380  2.720 ) ( 580.060 579.360 ) um
[INFO GPL-0014] Region name: top-level.
[INFO GPL-0015] Region area:                333690.035 um^2
[INFO GPL-0017] Fixed instances area:         5489.014 um^2
[INFO GPL-0018] Movable instances area:     157941.908 um^2
[INFO GPL-0019] Utilization:                    48.124 %
[INFO GPL-0020] Standard cells area:        157941.908 um^2
[INFO GPL-0021] Large instances area:            0.000 um^2
[INFO GPL-0005] ---- Execute Conjugate Gradient Initial Placement.
[INFO GPL-0051] Source of initial instance position counters:
	Odb location = 0	Core center = 12145	Region center = 0
[INFO GPL-0033] ---- Initialize Nesterov Region: Top-level
[INFO GPL-0023] Placement target density:       0.6020
[INFO GPL-0024] Movable insts average area:     13.005 um^2
[INFO GPL-0025] Ideal bin area:                 21.602 um^2
[INFO GPL-0026] Ideal bin count:                 15446
[INFO GPL-0027] Total bin area:             333690.035 um^2
[INFO GPL-0028] Bin count (X, Y):          64 ,     64
[INFO GPL-0029] Bin size (W * H):       9.042 *  9.010 um
[INFO GPL-0030] Number of bins:                   4096
[INFO GPL-0084] ---- Execute Nesterov Global Placement.
[INFO GPL-0031] HPWL: Half-Perimeter Wirelength
Iteration | Overflow |     HPWL (um) |  HPWL(%) |   Penalty | Group
---------------------------------------------------------------
        0 |   0.9987 |  2.938560e+04 |   +0.00% |  3.63e-15 |      
       10 |   0.9975 |  1.145475e+04 |  -61.02% |  5.91e-15 |      
       20 |   0.9975 |  1.146336e+04 |   +0.08% |  9.62e-15 |      
       30 |   0.9975 |  1.145224e+04 |   -0.10% |  1.57e-14 |      
       40 |   0.9975 |  1.143416e+04 |   -0.16% |  2.55e-14 |      
       50 |   0.9975 |  1.143994e+04 |   +0.05% |  4.16e-14 |      
       60 |   0.9975 |  1.146368e+04 |   +0.21% |  6.78e-14 |      
       70 |   0.9975 |  1.156431e+04 |   +0.88% |  1.10e-13 |      
       80 |   0.9975 |  1.190458e+04 |   +2.94% |  1.80e-13 |      
       90 |   0.9968 |  1.275702e+04 |   +7.16% |  2.93e-13 |      
      100 |   0.9968 |  1.416055e+04 |  +11.00% |  4.77e-13 |      
      110 |   0.9952 |  1.666694e+04 |  +17.70% |  7.77e-13 |      
      120 |   0.9933 |  2.233547e+04 |  +34.01% |  1.26e-12 |      
      130 |   0.9882 |  3.556728e+04 |  +59.24% |  2.06e-12 |      
      140 |   0.9799 |  6.997367e+04 |  +96.74% |  3.34e-12 |      
      150 |   0.9719 |  8.817983e+04 |  +26.02% |  5.42e-12 |      
      160 |   0.9639 |  1.056854e+05 |  +19.85% |  8.82e-12 |      
      170 |   0.9476 |  1.330774e+05 |  +25.92% |  1.43e-11 |      
      180 |   0.9294 |  1.587315e+05 |  +19.28% |  2.33e-11 |      
      190 |   0.9066 |  1.902247e+05 |  +19.84% |  3.78e-11 |      
      200 |   0.8773 |  2.227348e+05 |  +17.09% |  6.13e-11 |      
      210 |   0.8474 |  2.554755e+05 |  +14.70% |  9.95e-11 |      
      220 |   0.8112 |  2.901083e+05 |  +13.56% |  1.61e-10 |      
      230 |   0.7705 |  3.247208e+05 |  +11.93% |  2.62e-10 |      
      240 |   0.7274 |  3.606567e+05 |  +11.07% |  4.25e-10 |      
      250 |   0.6808 |  3.941091e+05 |   +9.28% |  6.90e-10 |      
      260 |   0.6297 |  4.274816e+05 |   +8.47% |  1.12e-09 |      
      270 |   0.5675 |  4.569431e+05 |   +6.89% |  1.82e-09 |      
      280 |   0.4852 |  4.789259e+05 |   +4.81% |  2.95e-09 |      
      290 |   0.4079 |  5.031591e+05 |   +5.06% |  4.80e-09 |      
      300 |   0.3545 |  5.193793e+05 |   +3.22% |  7.80e-09 |      
      310 |   0.3222 |  5.187774e+05 |   -0.12% |  1.17e-08 |      
      320 |   0.2795 |  5.245117e+05 |   +1.11% |  1.73e-08 |      
      330 |   0.2539 |  5.279942e+05 |   +0.66% |  2.54e-08 |      
      340 |   0.2216 |  5.293030e+05 |   +0.25% |  3.75e-08 |      
      350 |   0.1977 |  5.318257e+05 |   +0.48% |  5.52e-08 |      
      360 |   0.1686 |  5.329656e+05 |   +0.21% |  8.13e-08 |      
      370 |   0.1423 |  5.338779e+05 |   +0.17% |  1.20e-07 |      
      380 |   0.1213 |  5.350272e+05 |   +0.22% |  1.76e-07 |      
      390 |   0.1014 |  5.355268e+05 |   +0.09% |  2.60e-07 |      
      391 |   0.0995 |  5.355354e+05 |          |  2.81e-07 |      
---------------------------------------------------------------
[INFO GPL-1001] Global placement finished at iteration 391
[INFO GPL-1002] Placed Cell Area            157941.9083
[INFO GPL-1003] Available Free Area         328201.0208
[INFO GPL-1004] Minimum Feasible Density        0.4900 (cell_area / free_area)
[INFO GPL-1006]   Suggested Target Densities:
[INFO GPL-1007]     - For 90% usage of free space: 0.5347
[INFO GPL-1008]     - For 80% usage of free space: 0.6015
[INFO GPL-1009]     - For 50% usage of free space: 0.9625
[INFO GPL-1014] Final placement area: 157941.91 (+0.00%)
Took 17 seconds: global_placement -skip_io -density 0.6020000076293945 -pad_left 0 -pad_right 0
Design area 156573 um^2 47% utilization.
write_db /root/cac_runs/ntt_opt_b1_w12_20ns/results/sky130hd/cac_ntt_opt_b1_w12_20ns/base/3_1_place_gp_skip_io.odb
Elapsed time: 0:17.35[h:]min:sec. CPU time: user 115.45 sys 0.11 (666%). Peak memory: 167584KB.
Log                       Ext     Elapsed/s Peak Memory/MB sha1sum result [0:20)
3_1_place_gp_skip_io      .odb           17            163 5fc1e68f54a94769d05c
