OpenROAD f552262465b0bfef8f097e258f94bc501d01e19d 
Features included (+) or not (-): +GPU +GUI +Python
This program is licensed under the BSD-3 license. See the LICENSE file for details.
Components of this program may be licensed under more restrictive licenses which must be honored.
[INFO ORD-0030] Using 12 thread(s).
read_liberty /opt/eda/orfs-6101364b/flow/platforms/sky130hd/lib/sky130_fd_sc_hd__tt_025C_1v80.lib
read_db /root/cac_runs/ntt_opt_b1_w12_20ns/results/sky130hd/cac_ntt_opt_b1_w12_20ns/base/5_1_grt.odb
read_sdc /root/cac_runs/ntt_opt_b1_w12_20ns/results/sky130hd/cac_ntt_opt_b1_w12_20ns/base/5_1_grt.sdc
source /opt/eda/orfs-6101364b/flow/platforms/sky130hd/setRC.tcl
detailed_route -output_drc /root/cac_runs/ntt_opt_b1_w12_20ns/reports/sky130hd/cac_ntt_opt_b1_w12_20ns/base/5_route_drc.rpt -output_maze /root/cac_runs/ntt_opt_b1_w12_20ns/results/sky130hd/cac_ntt_opt_b1_w12_20ns/base/maze.log -droute_end_iter 64 -verbose 1 -drc_report_iter_step 5
[INFO DRT-0149] Reading tech and libs.
[WARNING DRT-0349] LEF58_ENCLOSURE with no CUTCLASS is not supported. Skipping for layer mcon
[WARNING DRT-0349] LEF58_ENCLOSURE with no CUTCLASS is not supported. Skipping for layer mcon
[WARNING DRT-0349] LEF58_ENCLOSURE with no CUTCLASS is not supported. Skipping for layer via
[WARNING DRT-0349] LEF58_ENCLOSURE with no CUTCLASS is not supported. Skipping for layer via
[WARNING DRT-0349] LEF58_ENCLOSURE with no CUTCLASS is not supported. Skipping for layer via2
[WARNING DRT-0349] LEF58_ENCLOSURE with no CUTCLASS is not supported. Skipping for layer via2
[WARNING DRT-0349] LEF58_ENCLOSURE with no CUTCLASS is not supported. Skipping for layer via3
[WARNING DRT-0349] LEF58_ENCLOSURE with no CUTCLASS is not supported. Skipping for layer via3
[WARNING DRT-0349] LEF58_ENCLOSURE with no CUTCLASS is not supported. Skipping for layer via4
[WARNING DRT-0349] LEF58_ENCLOSURE with no CUTCLASS is not supported. Skipping for layer via4

Units:                1000
Number of layers:     13
Number of macros:     441
Number of vias:       29
Number of viarulegen: 25

[INFO DRT-0150] Reading design.
[WARNING DRT-0120] Large net net742 has 113 pins which may impact routing performance. Consider optimization.
[WARNING DRT-0120] Large net net718 has 210 pins which may impact routing performance. Consider optimization.
[WARNING DRT-0120] Large net net772 has 118 pins which may impact routing performance. Consider optimization.
[WARNING DRT-0120] Large net net687 has 161 pins which may impact routing performance. Consider optimization.
[WARNING DRT-0120] Large net net675 has 151 pins which may impact routing performance. Consider optimization.
[WARNING DRT-0120] Large net net780 has 112 pins which may impact routing performance. Consider optimization.
[WARNING DRT-0120] Large net net779 has 117 pins which may impact routing performance. Consider optimization.
[WARNING DRT-0120] Large net net762 has 136 pins which may impact routing performance. Consider optimization.
[WARNING DRT-0120] Large net net758 has 104 pins which may impact routing performance. Consider optimization.
[WARNING DRT-0120] Large net net805 has 108 pins which may impact routing performance. Consider optimization.
[WARNING DRT-0120] Large net net778 has 101 pins which may impact routing performance. Consider optimization.
[WARNING DRT-0120] Large net net740 has 134 pins which may impact routing performance. Consider optimization.

Design:                   kyber_ntt_engine_opt
Die area:                 ( 0 0 ) ( 581410 581410 )
Number of track patterns: 12
Number of DEF vias:       0
Number of components:     16837
Number of terminals:      57
Number of snets:          2
Number of nets:           12870

[INFO DRT-0167] List of default vias:
  Layer via
    default via: M1M2_PR
  Layer via2
    default via: M2M3_PR
  Layer via3
    default via: M3M4_PR
  Layer via4
    default via: M4M5_PR
[INFO DRT-0162] Library cell analysis.
[INFO DRT-0163] Instance analysis.
[INFO DRT-0164] Number of unique instances = 249.
[INFO DRT-0168] Init region query.
[INFO DRT-0024]   Complete FR_MASTERSLICE.
[INFO DRT-0024]   Complete Fr_VIA.
[INFO DRT-0024]   Complete li1.
[INFO DRT-0024]   Complete mcon.
[INFO DRT-0024]   Complete met1.
[INFO DRT-0024]   Complete via.
[INFO DRT-0024]   Complete met2.
[INFO DRT-0024]   Complete via2.
[INFO DRT-0024]   Complete met3.
[INFO DRT-0024]   Complete via3.
[INFO DRT-0024]   Complete met4.
[INFO DRT-0024]   Complete via4.
[INFO DRT-0024]   Complete met5.
[INFO DRT-0033] FR_MASTERSLICE shape region query size = 0.
[INFO DRT-0033] FR_VIA shape region query size = 0.
[INFO DRT-0033] li1 shape region query size = 485987.
[INFO DRT-0033] mcon shape region query size = 302664.
[INFO DRT-0033] met1 shape region query size = 88858.
[INFO DRT-0033] via shape region query size = 22365.
[INFO DRT-0033] met2 shape region query size = 13425.
[INFO DRT-0033] via2 shape region query size = 17892.
[INFO DRT-0033] met3 shape region query size = 13468.
[INFO DRT-0033] via3 shape region query size = 17892.
[INFO DRT-0033] met4 shape region query size = 5397.
[INFO DRT-0033] via4 shape region query size = 882.
[INFO DRT-0033] met5 shape region query size = 966.
[INFO DRT-0165] Start pin access.
[INFO DRT-0076]   Complete 1000 pins.
[INFO DRT-0076]   Complete 2000 pins.
[INFO DRT-0078]   Complete 2047 pins.
[INFO DRT-0079]   Complete 100 unique inst patterns.
[INFO DRT-0079]   Complete 200 unique inst patterns.
[INFO DRT-0081]   Complete 249 unique inst patterns.
[INFO DRT-0084]   Complete 8399 groups.
#scanned instances     = 16837
#unique  instances     = 249
#stdCellGenAp          = 8677
#stdCellValidPlanarAp  = 92
#stdCellValidViaAp     = 6078
#stdCellPinNoAp        = 6
#stdCellPinCnt         = 45089
#instTermValidViaApCnt = 0
#macroGenAp            = 0
#macroValidPlanarAp    = 0
#macroValidViaAp       = 0
#macroNoAp             = 0
[INFO DRT-0166] Complete pin access.
[INFO DRT-0267] cpu time = 00:08:31, elapsed time = 00:01:25, memory = 376.64 (MB), peak = 382.87 (MB)
[INFO DRT-0156] guideIn read 100000 guides.

[INFO DRT-0157] Number of guides:     106796

[INFO DRT-0169] Post process guides.
[INFO DRT-0176] GCELLGRID X 0 DO 84 STEP 6900 ;
[INFO DRT-0177] GCELLGRID Y 0 DO 84 STEP 6900 ;
[INFO DRT-0026]   Complete 100000 origin guides.
[INFO DRT-0028]   Complete FR_MASTERSLICE.
[INFO DRT-0028]   Complete Fr_VIA.
[INFO DRT-0028]   Complete li1.
[INFO DRT-0028]   Complete mcon.
[INFO DRT-0028]   Complete met1.
[INFO DRT-0028]   Complete via.
[INFO DRT-0028]   Complete met2.
[INFO DRT-0028]   Complete via2.
[INFO DRT-0028]   Complete met3.
[INFO DRT-0028]   Complete via3.
[INFO DRT-0028]   Complete met4.
[INFO DRT-0028]   Complete via4.
[INFO DRT-0028]   Complete met5.
[INFO DRT-0178] Init guide query.
[INFO DRT-0035]   Complete FR_MASTERSLICE (guide).
[INFO DRT-0035]   Complete Fr_VIA (guide).
[INFO DRT-0035]   Complete li1 (guide).
[INFO DRT-0035]   Complete mcon (guide).
[INFO DRT-0035]   Complete met1 (guide).
[INFO DRT-0035]   Complete via (guide).
[INFO DRT-0035]   Complete met2 (guide).
[INFO DRT-0035]   Complete via2 (guide).
[INFO DRT-0035]   Complete met3 (guide).
[INFO DRT-0035]   Complete via3 (guide).
[INFO DRT-0035]   Complete met4 (guide).
[INFO DRT-0035]   Complete via4 (guide).
[INFO DRT-0035]   Complete met5 (guide).
[INFO DRT-0036] FR_MASTERSLICE guide region query size = 0.
[INFO DRT-0036] FR_VIA guide region query size = 0.
[INFO DRT-0036] li1 guide region query size = 36725.
[INFO DRT-0036] mcon guide region query size = 0.
[INFO DRT-0036] met1 guide region query size = 32123.
[INFO DRT-0036] via guide region query size = 0.
[INFO DRT-0036] met2 guide region query size = 16667.
[INFO DRT-0036] via2 guide region query size = 0.
[INFO DRT-0036] met3 guide region query size = 1034.
[INFO DRT-0036] via3 guide region query size = 0.
[INFO DRT-0036] met4 guide region query size = 539.
[INFO DRT-0036] via4 guide region query size = 0.
[INFO DRT-0036] met5 guide region query size = 13.
[INFO DRT-0179] Init gr pin query.
[INFO DRT-0267] cpu time = 00:00:01, elapsed time = 00:00:00, memory = 411.70 (MB), peak = 410.64 (MB)
[INFO DRT-0245] skipped writing guide updates to database.
[INFO DRT-0181] Start track assignment.
[INFO DRT-0184] Done with 53931 vertical wires in 2 frboxes and 33170 horizontal wires in 2 frboxes.
[INFO DRT-0186] Done with 5890 vertical wires in 2 frboxes and 12217 horizontal wires in 2 frboxes.
[INFO DRT-0182] Complete track assignment.
[INFO DRT-0267] cpu time = 00:00:08, elapsed time = 00:00:04, memory = 696.90 (MB), peak = 695.39 (MB)
[INFO DRT-0187] Start routing data preparation.
[INFO DRT-0267] cpu time = 00:00:00, elapsed time = 00:00:00, memory = 696.90 (MB), peak = 695.39 (MB)
[INFO DRT-0194] Start detail routing.
[INFO DRT-0195] Start 0th optimization iteration.
    Completing 10% with 0 violations.
    elapsed time = 00:00:22, memory = 1215.65 (MB).
    Completing 20% with 0 violations.
    elapsed time = 00:00:44, memory = 1300.98 (MB).
    Completing 30% with 2762 violations.
    elapsed time = 00:00:51, memory = 1403.27 (MB).
    Completing 40% with 2762 violations.
    elapsed time = 00:01:23, memory = 1540.54 (MB).
    Completing 50% with 2762 violations.
    elapsed time = 00:01:42, memory = 1397.03 (MB).
    Completing 60% with 5874 violations.
    elapsed time = 00:02:08, memory = 1645.24 (MB).
    Completing 70% with 5874 violations.
    elapsed time = 00:02:31, memory = 1615.19 (MB).
    Completing 80% with 8663 violations.
    elapsed time = 00:03:05, memory = 1693.08 (MB).
    Completing 90% with 8663 violations.
    elapsed time = 00:03:31, memory = 1715.48 (MB).
    Completing 100% with 11660 violations.
    elapsed time = 00:03:53, memory = 1647.21 (MB).
[INFO DRT-0199]   Number of violations = 13418.
Viol/Layer         li1   mcon   met1    via   met2   met3   met4
Cut Spacing          0     21      0      0      0      0      0
Metal Spacing        0      0   2742      0    513     16      3
Min Hole             0      0      4      0      0      0      0
Recheck             15      0   1191      0    502     12     38
Short                0      3   7582     11    759      3      3
[INFO DRT-0267] cpu time = 00:21:25, elapsed time = 00:03:55, memory = 1829.33 (MB), peak = 1828.09 (MB)
Total wire length = 475678 um.
Total wire length on LAYER li1 = 0 um.
Total wire length on LAYER met1 = 219799 um.
Total wire length on LAYER met2 = 213020 um.
Total wire length on LAYER met3 = 23626 um.
Total wire length on LAYER met4 = 19058 um.
Total wire length on LAYER met5 = 173 um.
Total number of vias = 101433.
Up-via summary (total 101433):

-------------------------
 FR_MASTERSLICE         0
            li1     44725
           met1     53538
           met2      2329
           met3       817
           met4        24
-------------------------
               101433


[INFO DRT-0195] Start 1st optimization iteration.
    Completing 10% with 13418 violations.
    elapsed time = 00:00:18, memory = 2007.62 (MB).
    Completing 20% with 13418 violations.
    elapsed time = 00:00:30, memory = 1949.17 (MB).
    Completing 30% with 12354 violations.
    elapsed time = 00:00:48, memory = 1842.71 (MB).
    Completing 40% with 12354 violations.
    elapsed time = 00:01:16, memory = 1999.11 (MB).
    Completing 50% with 12354 violations.
    elapsed time = 00:01:26, memory = 1934.77 (MB).
    Completing 60% with 11123 violations.
    elapsed time = 00:01:50, memory = 1941.44 (MB).
    Completing 70% with 11123 violations.
    elapsed time = 00:02:06, memory = 2056.29 (MB).
    Completing 80% with 9646 violations.
    elapsed time = 00:02:39, memory = 1957.85 (MB).
    Completing 90% with 9646 violations.
    elapsed time = 00:03:03, memory = 2074.13 (MB).
    Completing 100% with 7881 violations.
    elapsed time = 00:03:30, memory = 1936.38 (MB).
[INFO DRT-0199]   Number of violations = 7881.
Viol/Layer        mcon   met1    via   met2   met3
Cut Spacing         10      0      1      0      0
Metal Spacing        0   2062      0    192      2
Short                0   5248      0    366      0
[INFO DRT-0267] cpu time = 00:19:09, elapsed time = 00:03:30, memory = 1878.81 (MB), peak = 2074.37 (MB)
Total wire length = 470807 um.
Total wire length on LAYER li1 = 0 um.
Total wire length on LAYER met1 = 216503 um.
Total wire length on LAYER met2 = 211433 um.
Total wire length on LAYER met3 = 23856 um.
Total wire length on LAYER met4 = 18828 um.
Total wire length on LAYER met5 = 185 um.
Total number of vias = 100096.
Up-via summary (total 100096):

-------------------------
 FR_MASTERSLICE         0
            li1     44703
           met1     52338
           met2      2251
           met3       780
           met4        24
-------------------------
               100096


[INFO DRT-0195] Start 2nd optimization iteration.
    Completing 10% with 7881 violations.
    elapsed time = 00:00:18, memory = 1928.30 (MB).
    Completing 20% with 7881 violations.
    elapsed time = 00:00:41, memory = 2016.96 (MB).
    Completing 30% with 7921 violations.
    elapsed time = 00:00:49, memory = 1957.05 (MB).
    Completing 40% with 7921 violations.
    elapsed time = 00:01:06, memory = 2011.96 (MB).
    Completing 50% with 7921 violations.
    elapsed time = 00:01:23, memory = 1940.90 (MB).
    Completing 60% with 7758 violations.
    elapsed time = 00:01:47, memory = 2050.86 (MB).
    Completing 70% with 7758 violations.
    elapsed time = 00:02:03, memory = 2023.57 (MB).
    Completing 80% with 7544 violations.
    elapsed time = 00:02:37, memory = 1987.56 (MB).
    Completing 90% with 7544 violations.
    elapsed time = 00:02:57, memory = 2177.78 (MB).
    Completing 100% with 7498 violations.
    elapsed time = 00:03:22, memory = 2003.74 (MB).
[INFO DRT-0199]   Number of violations = 7498.
Viol/Layer        mcon   met1   met2   met3
Cut Spacing         10      0      0      0
Metal Spacing        0   1971    194      2
Short                0   5034    287      0
[INFO DRT-0267] cpu time = 00:18:49, elapsed time = 00:03:23, memory = 2005.11 (MB), peak = 2176.85 (MB)
Total wire length = 470155 um.
Total wire length on LAYER li1 = 0 um.
Total wire length on LAYER met1 = 216067 um.
Total wire length on LAYER met2 = 210991 um.
Total wire length on LAYER met3 = 24153 um.
Total wire length on LAYER met4 = 18767 um.
Total wire length on LAYER met5 = 176 um.
Total number of vias = 99696.
Up-via summary (total 99696):

------------------------
 FR_MASTERSLICE        0
            li1    44708
           met1    51944
           met2     2252
           met3      768
           met4       24
------------------------
               99696


[INFO DRT-0195] Start 3rd optimization iteration.
    Completing 10% with 7498 violations.
    elapsed time = 00:00:12, memory = 2139.34 (MB).
    Completing 20% with 7498 violations.
    elapsed time = 00:00:25, memory = 2195.44 (MB).
    Completing 30% with 5777 violations.
    elapsed time = 00:00:42, memory = 2121.14 (MB).
    Completing 40% with 5777 violations.
    elapsed time = 00:01:12, memory = 2252.91 (MB).
    Completing 50% with 5777 violations.
    elapsed time = 00:01:36, memory = 2063.22 (MB).
    Completing 60% with 4341 violations.
    elapsed time = 00:01:50, memory = 2240.03 (MB).
    Completing 70% with 4341 violations.
    elapsed time = 00:01:59, memory = 2235.61 (MB).
    Completing 80% with 2917 violations.
    elapsed time = 00:02:35, memory = 2154.24 (MB).
    Completing 90% with 2917 violations.
    elapsed time = 00:02:57, memory = 2225.75 (MB).
    Completing 100% with 1534 violations.
    elapsed time = 00:03:15, memory = 2155.19 (MB).
[INFO DRT-0199]   Number of violations = 1534.
Viol/Layer        mcon   met1    via   met2   met3
Cut Spacing          2      0      1      0      0
Metal Spacing        0    518      0     80      6
Short                0    899      0     28      0
[INFO DRT-0267] cpu time = 00:18:48, elapsed time = 00:03:15, memory = 2155.19 (MB), peak = 2341.55 (MB)
Total wire length = 468919 um.
Total wire length on LAYER li1 = 0 um.
Total wire length on LAYER met1 = 192281 um.
Total wire length on LAYER met2 = 210758 um.
Total wire length on LAYER met3 = 46425 um.
Total wire length on LAYER met4 = 19282 um.
Total wire length on LAYER met5 = 171 um.
Total number of vias = 102429.
Up-via summary (total 102429):

-------------------------
 FR_MASTERSLICE         0
            li1     44711
           met1     51716
           met2      5137
           met3       845
           met4        20
-------------------------
               102429


[INFO DRT-0195] Start 4th optimization iteration.
    Completing 10% with 1534 violations.
    elapsed time = 00:00:00, memory = 2220.91 (MB).
    Completing 20% with 1534 violations.
    elapsed time = 00:00:02, memory = 2229.11 (MB).
    Completing 30% with 1185 violations.
    elapsed time = 00:00:04, memory = 2155.20 (MB).
    Completing 40% with 1185 violations.
    elapsed time = 00:00:06, memory = 2226.35 (MB).
    Completing 50% with 1185 violations.
    elapsed time = 00:00:08, memory = 2155.20 (MB).
    Completing 60% with 908 violations.
    elapsed time = 00:00:13, memory = 2226.19 (MB).
    Completing 70% with 908 violations.
    elapsed time = 00:00:15, memory = 2189.62 (MB).
    Completing 80% with 644 violations.
    elapsed time = 00:00:21, memory = 2155.89 (MB).
    Completing 90% with 644 violations.
    elapsed time = 00:00:24, memory = 2225.54 (MB).
    Completing 100% with 36 violations.
    elapsed time = 00:00:28, memory = 2155.96 (MB).
[INFO DRT-0199]   Number of violations = 36.
Viol/Layer        met1
Metal Spacing       19
Short               17
[INFO DRT-0267] cpu time = 00:02:46, elapsed time = 00:00:29, memory = 2155.96 (MB), peak = 2341.55 (MB)
Total wire length = 468690 um.
Total wire length on LAYER li1 = 0 um.
Total wire length on LAYER met1 = 191026 um.
Total wire length on LAYER met2 = 210710 um.
Total wire length on LAYER met3 = 47473 um.
Total wire length on LAYER met4 = 19308 um.
Total wire length on LAYER met5 = 171 um.
Total number of vias = 102427.
Up-via summary (total 102427):

-------------------------
 FR_MASTERSLICE         0
            li1     44713
           met1     51651
           met2      5200
           met3       843
           met4        20
-------------------------
               102427


[INFO DRT-0195] Start 5th guides tiles iteration.
    Completing 10% with 36 violations.
    elapsed time = 00:00:00, memory = 2155.96 (MB).
    Completing 30% with 36 violations.
    elapsed time = 00:00:02, memory = 2155.96 (MB).
    Completing 50% with 36 violations.
    elapsed time = 00:00:02, memory = 2155.96 (MB).
    Completing 60% with 0 violations.
    elapsed time = 00:00:02, memory = 2155.96 (MB).
    Completing 80% with 0 violations.
    elapsed time = 00:00:02, memory = 2155.96 (MB).
    Completing 100% with 0 violations.
    elapsed time = 00:00:02, memory = 2155.96 (MB).
[INFO DRT-0199]   Number of violations = 0.
[INFO DRT-0267] cpu time = 00:00:02, elapsed time = 00:00:02, memory = 2156.02 (MB), peak = 2341.55 (MB)
Total wire length = 468691 um.
Total wire length on LAYER li1 = 0 um.
Total wire length on LAYER met1 = 190977 um.
Total wire length on LAYER met2 = 210721 um.
Total wire length on LAYER met3 = 47512 um.
Total wire length on LAYER met4 = 19308 um.
Total wire length on LAYER met5 = 171 um.
Total number of vias = 102431.
Up-via summary (total 102431):

-------------------------
 FR_MASTERSLICE         0
            li1     44714
           met1     51655
           met2      5199
           met3       843
           met4        20
-------------------------
               102431


[INFO DRT-0198] Complete detail routing.
Total wire length = 468691 um.
Total wire length on LAYER li1 = 0 um.
Total wire length on LAYER met1 = 190977 um.
Total wire length on LAYER met2 = 210721 um.
Total wire length on LAYER met3 = 47512 um.
Total wire length on LAYER met4 = 19308 um.
Total wire length on LAYER met5 = 171 um.
Total number of vias = 102431.
Up-via summary (total 102431):

-------------------------
 FR_MASTERSLICE         0
            li1     44714
           met1     51655
           met2      5199
           met3       843
           met4        20
-------------------------
               102431


[INFO DRT-0267] cpu time = 01:21:01, elapsed time = 00:14:37, memory = 2156.02 (MB), peak = 2341.55 (MB)

[INFO DRT-0180] Post processing.
[INFO DRT-0501] Runtime: 934.92s
Took 969 seconds: detailed_route -output_drc /root/cac_runs/ntt_opt_b1_w12_20ns/reports/sky130hd/cac_ntt_opt_b1_w12_20ns/base/5_route_drc.rpt -output_maze /root/cac_runs/ntt_opt_b1_w12_20ns/results/sky130hd/cac_ntt_opt_b1_w12_20ns/base/maze.log -droute_end_iter 64 -verbose 1 -drc_report_iter_step 5
[INFO GRT-0012] Found 8 antenna violations.
[INFO DPL-0006] Core area: 333690.04 um^2
[INFO DPL-0007] Movable instances area: 0.00 um^2
[INFO DPL-0008] Fixed instances area within core: 167677.07 um^2
[INFO DPL-0009] Utilization: 50.2%
[INFO DPL-0005] Diamond search max displacement: +/- 500 sites horizontally, +/- 100 rows vertically.
[INFO DPL-1102] Legalizing using negotiation legalizer.
[INFO DPL-1103] Negotiation base search window: +/-20 sites horizontally, +/-5 rows vertically 
	Automatic search window extension enabled.
	Search window extendable up to the max displacement cap of +/-500 sites, +/-100 rows near walls.
[INFO DPL-1104] NegotiationLegalizer DRC penalty: 5.
[INFO DPL-0392] Negotiation cell height distribution (1 unique row-count(s)):
[INFO DPL-0393]   height 1 row(s): 16846 cells
[INFO DPL-0500] Runtime: 0.22s
[INFO GRT-0015] Inserted 9 diodes.
[WARNING DRT-0120] Large net net742 has 113 pins which may impact routing performance. Consider optimization.
[WARNING DRT-0120] Large net net718 has 210 pins which may impact routing performance. Consider optimization.
[WARNING DRT-0120] Large net net772 has 118 pins which may impact routing performance. Consider optimization.
[WARNING DRT-0120] Large net net687 has 161 pins which may impact routing performance. Consider optimization.
[WARNING DRT-0120] Large net net675 has 151 pins which may impact routing performance. Consider optimization.
[WARNING DRT-0120] Large net net780 has 112 pins which may impact routing performance. Consider optimization.
[WARNING DRT-0120] Large net net779 has 117 pins which may impact routing performance. Consider optimization.
[WARNING DRT-0120] Large net net762 has 136 pins which may impact routing performance. Consider optimization.
[WARNING DRT-0120] Large net net758 has 104 pins which may impact routing performance. Consider optimization.
[WARNING DRT-0120] Large net net805 has 108 pins which may impact routing performance. Consider optimization.
[WARNING DRT-0120] Large net net778 has 101 pins which may impact routing performance. Consider optimization.
[WARNING DRT-0120] Large net net740 has 134 pins which may impact routing performance. Consider optimization.
[INFO DRT-0024]   Complete FR_MASTERSLICE.
[INFO DRT-0024]   Complete Fr_VIA.
[INFO DRT-0024]   Complete li1.
[INFO DRT-0024]   Complete mcon.
[INFO DRT-0024]   Complete met1.
[INFO DRT-0024]   Complete via.
[INFO DRT-0024]   Complete met2.
[INFO DRT-0024]   Complete via2.
[INFO DRT-0024]   Complete met3.
[INFO DRT-0024]   Complete via3.
[INFO DRT-0024]   Complete met4.
[INFO DRT-0024]   Complete via4.
[INFO DRT-0024]   Complete met5.
[INFO DRT-0165] Start pin access.
[INFO DRT-0076]   Complete 1000 pins.
[INFO DRT-0076]   Complete 2000 pins.
[INFO DRT-0078]   Complete 2047 pins.
[INFO DRT-0079]   Complete 100 unique inst patterns.
[INFO DRT-0079]   Complete 200 unique inst patterns.
[INFO DRT-0081]   Complete 249 unique inst patterns.
[INFO DRT-0084]   Complete 8399 groups.
#scanned instances     = 16846
#unique  instances     = 249
#stdCellGenAp          = 8677
#stdCellValidPlanarAp  = 92
#stdCellValidViaAp     = 6078
#stdCellPinNoAp        = 6
#stdCellPinCnt         = 45089
#instTermValidViaApCnt = 0
#macroGenAp            = 0
#macroValidPlanarAp    = 0
#macroValidViaAp       = 0
#macroNoAp             = 0
[INFO DRT-0166] Complete pin access.
[INFO DRT-0267] cpu time = 00:08:49, elapsed time = 00:01:28, memory = 1703.56 (MB), peak = 2341.55 (MB)
[INFO DRT-0156] guideIn read 100000 guides.

[INFO DRT-0157] Number of guides:     106678

[INFO DRT-0169] Post process guides.
[INFO DRT-0176] GCELLGRID X 0 DO 84 STEP 6900 ;
[INFO DRT-0177] GCELLGRID Y 0 DO 84 STEP 6900 ;
[INFO DRT-0026]   Complete 100000 origin guides.
[INFO DRT-0028]   Complete FR_MASTERSLICE.
[INFO DRT-0028]   Complete Fr_VIA.
[INFO DRT-0028]   Complete li1.
[INFO DRT-0028]   Complete mcon.
[INFO DRT-0028]   Complete met1.
[INFO DRT-0028]   Complete via.
[INFO DRT-0028]   Complete met2.
[INFO DRT-0028]   Complete via2.
[INFO DRT-0028]   Complete met3.
[INFO DRT-0028]   Complete via3.
[INFO DRT-0028]   Complete met4.
[INFO DRT-0028]   Complete via4.
[INFO DRT-0028]   Complete met5.
[INFO DRT-0178] Init guide query.
[INFO DRT-0035]   Complete FR_MASTERSLICE (guide).
[INFO DRT-0035]   Complete Fr_VIA (guide).
[INFO DRT-0035]   Complete li1 (guide).
[INFO DRT-0035]   Complete mcon (guide).
[INFO DRT-0035]   Complete met1 (guide).
[INFO DRT-0035]   Complete via (guide).
[INFO DRT-0035]   Complete met2 (guide).
[INFO DRT-0035]   Complete via2 (guide).
[INFO DRT-0035]   Complete met3 (guide).
[INFO DRT-0035]   Complete via3 (guide).
[INFO DRT-0035]   Complete met4 (guide).
[INFO DRT-0035]   Complete via4 (guide).
[INFO DRT-0035]   Complete met5 (guide).
[INFO DRT-0036] FR_MASTERSLICE guide region query size = 0.
[INFO DRT-0036] FR_VIA guide region query size = 0.
[INFO DRT-0036] li1 guide region query size = 36726.
[INFO DRT-0036] mcon guide region query size = 0.
[INFO DRT-0036] met1 guide region query size = 32115.
[INFO DRT-0036] via guide region query size = 0.
[INFO DRT-0036] met2 guide region query size = 16649.
[INFO DRT-0036] via2 guide region query size = 0.
[INFO DRT-0036] met3 guide region query size = 1005.
[INFO DRT-0036] via3 guide region query size = 0.
[INFO DRT-0036] met4 guide region query size = 521.
[INFO DRT-0036] via4 guide region query size = 0.
[INFO DRT-0036] met5 guide region query size = 9.
[INFO DRT-0179] Init gr pin query.
[INFO DRT-0267] cpu time = 00:00:01, elapsed time = 00:00:00, memory = 1703.56 (MB), peak = 2341.55 (MB)
[INFO DRT-0245] skipped writing guide updates to database.
[INFO DRT-0181] Start track assignment.
[INFO DRT-0184] Done with 53896 vertical wires in 2 frboxes and 33129 horizontal wires in 2 frboxes.
[INFO DRT-0186] Done with 5924 vertical wires in 2 frboxes and 12356 horizontal wires in 2 frboxes.
[INFO DRT-0182] Complete track assignment.
[INFO DRT-0267] cpu time = 00:00:09, elapsed time = 00:00:06, memory = 1703.56 (MB), peak = 2341.55 (MB)
[INFO DRT-0187] Start routing data preparation.
[INFO DRT-0267] cpu time = 00:00:00, elapsed time = 00:00:00, memory = 1703.56 (MB), peak = 2341.55 (MB)
[INFO DRT-0194] Start detail routing.
[INFO DRT-0195] Start 0th optimization iteration.
    Completing 10% with 0 violations.
    elapsed time = 00:00:04, memory = 1909.64 (MB).
    Completing 20% with 0 violations.
    elapsed time = 00:00:07, memory = 1883.51 (MB).
    Completing 30% with 360 violations.
    elapsed time = 00:00:12, memory = 1879.83 (MB).
    Completing 40% with 360 violations.
    elapsed time = 00:00:17, memory = 1997.43 (MB).
    Completing 50% with 360 violations.
    elapsed time = 00:00:20, memory = 1814.19 (MB).
    Completing 60% with 807 violations.
    elapsed time = 00:00:24, memory = 1987.52 (MB).
    Completing 70% with 807 violations.
    elapsed time = 00:00:25, memory = 1885.04 (MB).
    Completing 80% with 1089 violations.
    elapsed time = 00:00:30, memory = 1954.64 (MB).
    Completing 90% with 1089 violations.
    elapsed time = 00:00:33, memory = 1951.27 (MB).
    Completing 100% with 1408 violations.
    elapsed time = 00:00:39, memory = 1874.68 (MB).
[INFO DRT-0199]   Number of violations = 1538.
Viol/Layer         li1   mcon   met1    via   met2   met3
Cut Spacing          0      3      0      0      0      0
Metal Spacing        0      0    196      0     84      0
Recheck              1      0     80      0     48      1
Short                0      0    803      4    318      0
[INFO DRT-0267] cpu time = 00:03:51, elapsed time = 00:00:40, memory = 1943.79 (MB), peak = 2341.55 (MB)
Total wire length = 469269 um.
Total wire length on LAYER li1 = 0 um.
Total wire length on LAYER met1 = 194238 um.
Total wire length on LAYER met2 = 211500 um.
Total wire length on LAYER met3 = 44602 um.
Total wire length on LAYER met4 = 18789 um.
Total wire length on LAYER met5 = 138 um.
Total number of vias = 102424.
Up-via summary (total 102424):

-------------------------
 FR_MASTERSLICE         0
            li1     44734
           met1     51848
           met2      5003
           met3       821
           met4        18
-------------------------
               102424


[INFO DRT-0195] Start 1st optimization iteration.
    Completing 10% with 1538 violations.
    elapsed time = 00:00:01, memory = 2154.80 (MB).
    Completing 20% with 1538 violations.
    elapsed time = 00:00:03, memory = 2156.88 (MB).
    Completing 30% with 1379 violations.
    elapsed time = 00:00:04, memory = 1951.00 (MB).
    Completing 40% with 1379 violations.
    elapsed time = 00:00:07, memory = 2097.65 (MB).
    Completing 50% with 1379 violations.
    elapsed time = 00:00:09, memory = 2068.66 (MB).
    Completing 60% with 1246 violations.
    elapsed time = 00:00:12, memory = 2127.05 (MB).
    Completing 70% with 1246 violations.
    elapsed time = 00:00:14, memory = 2237.00 (MB).
    Completing 80% with 1003 violations.
    elapsed time = 00:00:16, memory = 2058.34 (MB).
    Completing 90% with 1003 violations.
    elapsed time = 00:00:19, memory = 2127.13 (MB).
    Completing 100% with 701 violations.
    elapsed time = 00:00:24, memory = 2088.22 (MB).
[INFO DRT-0199]   Number of violations = 701.
Viol/Layer        met1    via   met2
Metal Spacing      118      0     28
Short              431      1    123
[INFO DRT-0267] cpu time = 00:02:56, elapsed time = 00:00:24, memory = 2088.34 (MB), peak = 2341.55 (MB)
Total wire length = 468877 um.
Total wire length on LAYER li1 = 0 um.
Total wire length on LAYER met1 = 193805 um.
Total wire length on LAYER met2 = 211340 um.
Total wire length on LAYER met3 = 44812 um.
Total wire length on LAYER met4 = 18781 um.
Total wire length on LAYER met5 = 138 um.
Total number of vias = 102353.
Up-via summary (total 102353):

-------------------------
 FR_MASTERSLICE         0
            li1     44733
           met1     51751
           met2      5030
           met3       821
           met4        18
-------------------------
               102353


[INFO DRT-0195] Start 2nd optimization iteration.
    Completing 10% with 701 violations.
    elapsed time = 00:00:00, memory = 2088.34 (MB).
    Completing 20% with 701 violations.
    elapsed time = 00:00:02, memory = 2199.13 (MB).
    Completing 30% with 662 violations.
    elapsed time = 00:00:04, memory = 2088.34 (MB).
    Completing 40% with 662 violations.
    elapsed time = 00:00:06, memory = 2210.98 (MB).
    Completing 50% with 662 violations.
    elapsed time = 00:00:08, memory = 2088.34 (MB).
    Completing 60% with 686 violations.
    elapsed time = 00:00:08, memory = 2088.34 (MB).
    Completing 70% with 686 violations.
    elapsed time = 00:00:11, memory = 2154.69 (MB).
    Completing 80% with 644 violations.
    elapsed time = 00:00:13, memory = 2088.34 (MB).
    Completing 90% with 644 violations.
    elapsed time = 00:00:15, memory = 2155.16 (MB).
    Completing 100% with 639 violations.
    elapsed time = 00:00:19, memory = 2092.64 (MB).
[INFO DRT-0199]   Number of violations = 639.
Viol/Layer        met1   met2
Metal Spacing      102     19
Short              407    111
[INFO DRT-0267] cpu time = 00:01:58, elapsed time = 00:00:20, memory = 2039.62 (MB), peak = 2341.55 (MB)
Total wire length = 468897 um.
Total wire length on LAYER li1 = 0 um.
Total wire length on LAYER met1 = 193826 um.
Total wire length on LAYER met2 = 211358 um.
Total wire length on LAYER met3 = 44796 um.
Total wire length on LAYER met4 = 18778 um.
Total wire length on LAYER met5 = 138 um.
Total number of vias = 102344.
Up-via summary (total 102344):

-------------------------
 FR_MASTERSLICE         0
            li1     44734
           met1     51735
           met2      5036
           met3       821
           met4        18
-------------------------
               102344


[INFO DRT-0195] Start 3rd optimization iteration.
    Completing 10% with 639 violations.
    elapsed time = 00:00:00, memory = 2039.62 (MB).
    Completing 20% with 639 violations.
    elapsed time = 00:00:02, memory = 2114.57 (MB).
    Completing 30% with 520 violations.
    elapsed time = 00:00:15, memory = 2046.30 (MB).
    Completing 40% with 520 violations.
    elapsed time = 00:00:16, memory = 2195.72 (MB).
    Completing 50% with 520 violations.
    elapsed time = 00:00:26, memory = 2046.30 (MB).
    Completing 60% with 332 violations.
    elapsed time = 00:00:26, memory = 2046.30 (MB).
    Completing 70% with 332 violations.
    elapsed time = 00:00:28, memory = 2024.38 (MB).
    Completing 80% with 262 violations.
    elapsed time = 00:00:32, memory = 1988.77 (MB).
    Completing 90% with 262 violations.
    elapsed time = 00:00:34, memory = 2162.70 (MB).
    Completing 100% with 104 violations.
    elapsed time = 00:00:45, memory = 1956.98 (MB).
[INFO DRT-0199]   Number of violations = 104.
Viol/Layer        met1    via   met2
Cut Spacing          0      3      0
Metal Spacing       13      0      9
Short               59      0     20
[INFO DRT-0267] cpu time = 00:02:50, elapsed time = 00:00:46, memory = 1956.98 (MB), peak = 2341.55 (MB)
Total wire length = 468823 um.
Total wire length on LAYER li1 = 0 um.
Total wire length on LAYER met1 = 191888 um.
Total wire length on LAYER met2 = 211116 um.
Total wire length on LAYER met3 = 46599 um.
Total wire length on LAYER met4 = 19081 um.
Total wire length on LAYER met5 = 138 um.
Total number of vias = 102503.
Up-via summary (total 102503):

-------------------------
 FR_MASTERSLICE         0
            li1     44730
           met1     51717
           met2      5197
           met3       841
           met4        18
-------------------------
               102503


[INFO DRT-0195] Start 4th optimization iteration.
    Completing 10% with 104 violations.
    elapsed time = 00:00:00, memory = 1956.98 (MB).
    Completing 20% with 104 violations.
    elapsed time = 00:00:00, memory = 1956.98 (MB).
    Completing 30% with 85 violations.
    elapsed time = 00:00:00, memory = 1956.98 (MB).
    Completing 40% with 85 violations.
    elapsed time = 00:00:00, memory = 1956.98 (MB).
    Completing 50% with 85 violations.
    elapsed time = 00:00:00, memory = 1956.98 (MB).
    Completing 60% with 38 violations.
    elapsed time = 00:00:02, memory = 1956.98 (MB).
    Completing 70% with 38 violations.
    elapsed time = 00:00:02, memory = 1956.98 (MB).
    Completing 80% with 19 violations.
    elapsed time = 00:00:03, memory = 1956.98 (MB).
    Completing 90% with 19 violations.
    elapsed time = 00:00:03, memory = 1956.98 (MB).
    Completing 100% with 0 violations.
    elapsed time = 00:00:04, memory = 1956.98 (MB).
[INFO DRT-0199]   Number of violations = 0.
[INFO DRT-0267] cpu time = 00:00:12, elapsed time = 00:00:04, memory = 1956.98 (MB), peak = 2341.55 (MB)
Total wire length = 468804 um.
Total wire length on LAYER li1 = 0 um.
Total wire length on LAYER met1 = 191699 um.
Total wire length on LAYER met2 = 211046 um.
Total wire length on LAYER met3 = 46798 um.
Total wire length on LAYER met4 = 19122 um.
Total wire length on LAYER met5 = 138 um.
Total number of vias = 102507.
Up-via summary (total 102507):

-------------------------
 FR_MASTERSLICE         0
            li1     44730
           met1     51702
           met2      5214
           met3       843
           met4        18
-------------------------
               102507


[INFO DRT-0198] Complete detail routing.
Total wire length = 468804 um.
Total wire length on LAYER li1 = 0 um.
Total wire length on LAYER met1 = 191699 um.
Total wire length on LAYER met2 = 211046 um.
Total wire length on LAYER met3 = 46798 um.
Total wire length on LAYER met4 = 19122 um.
Total wire length on LAYER met5 = 138 um.
Total number of vias = 102507.
Up-via summary (total 102507):

-------------------------
 FR_MASTERSLICE         0
            li1     44730
           met1     51702
           met2      5214
           met3       843
           met4        18
-------------------------
               102507


[INFO DRT-0267] cpu time = 00:11:50, elapsed time = 00:02:15, memory = 1956.98 (MB), peak = 2341.55 (MB)

[INFO DRT-0180] Post processing.
[INFO DRT-0501] Runtime: 223.30s
[INFO ANT-0002] Found 1 net violations.
[INFO ANT-0001] Found 1 pin violations.
[INFO GRT-0012] Found 1 antenna violations.
[INFO DPL-0006] Core area: 333690.04 um^2
[INFO DPL-0007] Movable instances area: 0.00 um^2
[INFO DPL-0008] Fixed instances area within core: 167679.57 um^2
[INFO DPL-0009] Utilization: 50.3%
[INFO DPL-0005] Diamond search max displacement: +/- 500 sites horizontally, +/- 100 rows vertically.
[INFO DPL-1102] Legalizing using negotiation legalizer.
[INFO DPL-1103] Negotiation base search window: +/-20 sites horizontally, +/-5 rows vertically 
	Automatic search window extension enabled.
	Search window extendable up to the max displacement cap of +/-500 sites, +/-100 rows near walls.
[INFO DPL-1104] NegotiationLegalizer DRC penalty: 5.
[INFO DPL-0392] Negotiation cell height distribution (1 unique row-count(s)):
[INFO DPL-0393]   height 1 row(s): 16847 cells
[INFO DPL-0500] Runtime: 0.08s
[INFO GRT-0015] Inserted 1 diodes.
[WARNING DRT-0120] Large net net742 has 113 pins which may impact routing performance. Consider optimization.
[WARNING DRT-0120] Large net net718 has 210 pins which may impact routing performance. Consider optimization.
[WARNING DRT-0120] Large net net772 has 118 pins which may impact routing performance. Consider optimization.
[WARNING DRT-0120] Large net net687 has 161 pins which may impact routing performance. Consider optimization.
[WARNING DRT-0120] Large net net675 has 151 pins which may impact routing performance. Consider optimization.
[WARNING DRT-0120] Large net net780 has 112 pins which may impact routing performance. Consider optimization.
[WARNING DRT-0120] Large net net779 has 117 pins which may impact routing performance. Consider optimization.
[WARNING DRT-0120] Large net net762 has 136 pins which may impact routing performance. Consider optimization.
[WARNING DRT-0120] Large net net758 has 104 pins which may impact routing performance. Consider optimization.
[WARNING DRT-0120] Large net net805 has 108 pins which may impact routing performance. Consider optimization.
[WARNING DRT-0120] Large net net778 has 101 pins which may impact routing performance. Consider optimization.
[WARNING DRT-0120] Large net net740 has 134 pins which may impact routing performance. Consider optimization.
[INFO DRT-0024]   Complete FR_MASTERSLICE.
[INFO DRT-0024]   Complete Fr_VIA.
[INFO DRT-0024]   Complete li1.
[INFO DRT-0024]   Complete mcon.
[INFO DRT-0024]   Complete met1.
[INFO DRT-0024]   Complete via.
[INFO DRT-0024]   Complete met2.
[INFO DRT-0024]   Complete via2.
[INFO DRT-0024]   Complete met3.
[INFO DRT-0024]   Complete via3.
[INFO DRT-0024]   Complete met4.
[INFO DRT-0024]   Complete via4.
[INFO DRT-0024]   Complete met5.
[INFO DRT-0165] Start pin access.
[INFO DRT-0076]   Complete 1000 pins.
[INFO DRT-0076]   Complete 2000 pins.
[INFO DRT-0078]   Complete 2047 pins.
[INFO DRT-0079]   Complete 100 unique inst patterns.
[INFO DRT-0079]   Complete 200 unique inst patterns.
[INFO DRT-0081]   Complete 249 unique inst patterns.
[INFO DRT-0084]   Complete 8400 groups.
#scanned instances     = 16847
#unique  instances     = 249
#stdCellGenAp          = 8677
#stdCellValidPlanarAp  = 92
#stdCellValidViaAp     = 6078
#stdCellPinNoAp        = 6
#stdCellPinCnt         = 45089
#instTermValidViaApCnt = 0
#macroGenAp            = 0
#macroValidPlanarAp    = 0
#macroValidViaAp       = 0
#macroNoAp             = 0
[INFO DRT-0166] Complete pin access.
[INFO DRT-0267] cpu time = 00:08:23, elapsed time = 00:00:49, memory = 1957.07 (MB), peak = 2341.55 (MB)
[INFO DRT-0156] guideIn read 100000 guides.

[INFO DRT-0157] Number of guides:     106683

[INFO DRT-0169] Post process guides.
[INFO DRT-0176] GCELLGRID X 0 DO 84 STEP 6900 ;
[INFO DRT-0177] GCELLGRID Y 0 DO 84 STEP 6900 ;
[INFO DRT-0026]   Complete 100000 origin guides.
[INFO DRT-0028]   Complete FR_MASTERSLICE.
[INFO DRT-0028]   Complete Fr_VIA.
[INFO DRT-0028]   Complete li1.
[INFO DRT-0028]   Complete mcon.
[INFO DRT-0028]   Complete met1.
[INFO DRT-0028]   Complete via.
[INFO DRT-0028]   Complete met2.
[INFO DRT-0028]   Complete via2.
[INFO DRT-0028]   Complete met3.
[INFO DRT-0028]   Complete via3.
[INFO DRT-0028]   Complete met4.
[INFO DRT-0028]   Complete via4.
[INFO DRT-0028]   Complete met5.
[INFO DRT-0178] Init guide query.
[INFO DRT-0035]   Complete FR_MASTERSLICE (guide).
[INFO DRT-0035]   Complete Fr_VIA (guide).
[INFO DRT-0035]   Complete li1 (guide).
[INFO DRT-0035]   Complete mcon (guide).
[INFO DRT-0035]   Complete met1 (guide).
[INFO DRT-0035]   Complete via (guide).
[INFO DRT-0035]   Complete met2 (guide).
[INFO DRT-0035]   Complete via2 (guide).
[INFO DRT-0035]   Complete met3 (guide).
[INFO DRT-0035]   Complete via3 (guide).
[INFO DRT-0035]   Complete met4 (guide).
[INFO DRT-0035]   Complete via4 (guide).
[INFO DRT-0035]   Complete met5 (guide).
[INFO DRT-0036] FR_MASTERSLICE guide region query size = 0.
[INFO DRT-0036] FR_VIA guide region query size = 0.
[INFO DRT-0036] li1 guide region query size = 36727.
[INFO DRT-0036] mcon guide region query size = 0.
[INFO DRT-0036] met1 guide region query size = 32116.
[INFO DRT-0036] via guide region query size = 0.
[INFO DRT-0036] met2 guide region query size = 16650.
[INFO DRT-0036] via2 guide region query size = 0.
[INFO DRT-0036] met3 guide region query size = 1005.
[INFO DRT-0036] via3 guide region query size = 0.
[INFO DRT-0036] met4 guide region query size = 521.
[INFO DRT-0036] via4 guide region query size = 0.
[INFO DRT-0036] met5 guide region query size = 9.
[INFO DRT-0179] Init gr pin query.
[INFO DRT-0267] cpu time = 00:00:01, elapsed time = 00:00:00, memory = 1957.07 (MB), peak = 2341.55 (MB)
[INFO DRT-0245] skipped writing guide updates to database.
[INFO DRT-0181] Start track assignment.
[INFO DRT-0184] Done with 53898 vertical wires in 2 frboxes and 33130 horizontal wires in 2 frboxes.
[INFO DRT-0186] Done with 5901 vertical wires in 2 frboxes and 12268 horizontal wires in 2 frboxes.
[INFO DRT-0182] Complete track assignment.
[INFO DRT-0267] cpu time = 00:00:06, elapsed time = 00:00:04, memory = 1957.07 (MB), peak = 2341.55 (MB)
[INFO DRT-0187] Start routing data preparation.
[INFO DRT-0267] cpu time = 00:00:00, elapsed time = 00:00:00, memory = 1957.07 (MB), peak = 2341.55 (MB)
[INFO DRT-0194] Start detail routing.
[INFO DRT-0195] Start 0th optimization iteration.
    Completing 10% with 0 violations.
    elapsed time = 00:00:01, memory = 2097.57 (MB).
    Completing 20% with 0 violations.
    elapsed time = 00:00:02, memory = 2034.94 (MB).
    Completing 30% with 9 violations.
    elapsed time = 00:00:03, memory = 1992.95 (MB).
    Completing 40% with 9 violations.
    elapsed time = 00:00:05, memory = 2177.95 (MB).
    Completing 50% with 9 violations.
    elapsed time = 00:00:07, memory = 1957.43 (MB).
    Completing 60% with 34 violations.
    elapsed time = 00:00:09, memory = 2033.83 (MB).
    Completing 70% with 34 violations.
    elapsed time = 00:00:10, memory = 2000.12 (MB).
    Completing 80% with 38 violations.
    elapsed time = 00:00:11, memory = 2063.49 (MB).
    Completing 90% with 38 violations.
    elapsed time = 00:00:12, memory = 2132.70 (MB).
    Completing 100% with 46 violations.
    elapsed time = 00:00:14, memory = 1960.20 (MB).
[INFO DRT-0199]   Number of violations = 49.
Viol/Layer        met1   met2
Metal Spacing        0      5
Recheck              3      0
Short               35      6
[INFO DRT-0267] cpu time = 00:02:11, elapsed time = 00:00:14, memory = 1960.50 (MB), peak = 2341.55 (MB)
Total wire length = 468894 um.
Total wire length on LAYER li1 = 0 um.
Total wire length on LAYER met1 = 191863 um.
Total wire length on LAYER met2 = 211078 um.
Total wire length on LAYER met3 = 46732 um.
Total wire length on LAYER met4 = 19081 um.
Total wire length on LAYER met5 = 138 um.
Total number of vias = 102516.
Up-via summary (total 102516):

-------------------------
 FR_MASTERSLICE         0
            li1     44731
           met1     51721
           met2      5205
           met3       841
           met4        18
-------------------------
               102516


[INFO DRT-0195] Start 1st optimization iteration.
    Completing 10% with 49 violations.
    elapsed time = 00:00:00, memory = 2131.55 (MB).
    Completing 20% with 49 violations.
    elapsed time = 00:00:02, memory = 2132.05 (MB).
    Completing 30% with 42 violations.
    elapsed time = 00:00:02, memory = 1985.70 (MB).
    Completing 40% with 42 violations.
    elapsed time = 00:00:04, memory = 2132.38 (MB).
    Completing 50% with 42 violations.
    elapsed time = 00:00:05, memory = 2054.19 (MB).
    Completing 60% with 34 violations.
    elapsed time = 00:00:07, memory = 2150.25 (MB).
    Completing 70% with 34 violations.
    elapsed time = 00:00:08, memory = 2075.01 (MB).
    Completing 80% with 31 violations.
    elapsed time = 00:00:09, memory = 2020.96 (MB).
    Completing 90% with 31 violations.
    elapsed time = 00:00:11, memory = 2099.36 (MB).
    Completing 100% with 25 violations.
    elapsed time = 00:00:13, memory = 2005.36 (MB).
[INFO DRT-0199]   Number of violations = 25.
Viol/Layer        met1   met2
Metal Spacing        4      0
Short               20      1
[INFO DRT-0267] cpu time = 00:02:04, elapsed time = 00:00:13, memory = 2005.36 (MB), peak = 2341.55 (MB)
Total wire length = 468878 um.
Total wire length on LAYER li1 = 0 um.
Total wire length on LAYER met1 = 191845 um.
Total wire length on LAYER met2 = 211068 um.
Total wire length on LAYER met3 = 46745 um.
Total wire length on LAYER met4 = 19081 um.
Total wire length on LAYER met5 = 138 um.
Total number of vias = 102511.
Up-via summary (total 102511):

-------------------------
 FR_MASTERSLICE         0
            li1     44731
           met1     51712
           met2      5209
           met3       841
           met4        18
-------------------------
               102511


[INFO DRT-0195] Start 2nd optimization iteration.
    Completing 10% with 25 violations.
    elapsed time = 00:00:00, memory = 2005.36 (MB).
    Completing 20% with 25 violations.
    elapsed time = 00:00:00, memory = 2005.36 (MB).
    Completing 30% with 25 violations.
    elapsed time = 00:00:00, memory = 2005.36 (MB).
    Completing 40% with 25 violations.
    elapsed time = 00:00:00, memory = 2005.36 (MB).
    Completing 50% with 25 violations.
    elapsed time = 00:00:01, memory = 2005.36 (MB).
    Completing 60% with 17 violations.
    elapsed time = 00:00:01, memory = 2005.36 (MB).
    Completing 70% with 17 violations.
    elapsed time = 00:00:01, memory = 2005.36 (MB).
    Completing 80% with 17 violations.
    elapsed time = 00:00:01, memory = 2005.36 (MB).
    Completing 90% with 17 violations.
    elapsed time = 00:00:01, memory = 2005.36 (MB).
    Completing 100% with 10 violations.
    elapsed time = 00:00:02, memory = 2036.30 (MB).
[INFO DRT-0199]   Number of violations = 10.
Viol/Layer        met1   met2
Metal Spacing        4      0
Short                5      1
[INFO DRT-0267] cpu time = 00:00:04, elapsed time = 00:00:02, memory = 2036.30 (MB), peak = 2341.55 (MB)
Total wire length = 468878 um.
Total wire length on LAYER li1 = 0 um.
Total wire length on LAYER met1 = 191816 um.
Total wire length on LAYER met2 = 211068 um.
Total wire length on LAYER met3 = 46773 um.
Total wire length on LAYER met4 = 19081 um.
Total wire length on LAYER met5 = 138 um.
Total number of vias = 102514.
Up-via summary (total 102514):

-------------------------
 FR_MASTERSLICE         0
            li1     44731
           met1     51710
           met2      5214
           met3       841
           met4        18
-------------------------
               102514


[INFO DRT-0195] Start 3rd guides tiles iteration.
    Completing 20% with 10 violations.
    elapsed time = 00:00:00, memory = 2036.30 (MB).
    Completing 50% with 10 violations.
    elapsed time = 00:00:01, memory = 2036.30 (MB).
    Completing 70% with 0 violations.
    elapsed time = 00:00:01, memory = 2036.30 (MB).
    Completing 100% with 0 violations.
    elapsed time = 00:00:01, memory = 2036.30 (MB).
[INFO DRT-0199]   Number of violations = 0.
[INFO DRT-0267] cpu time = 00:00:01, elapsed time = 00:00:01, memory = 2036.30 (MB), peak = 2341.55 (MB)
Total wire length = 468876 um.
Total wire length on LAYER li1 = 0 um.
Total wire length on LAYER met1 = 191755 um.
Total wire length on LAYER met2 = 211067 um.
Total wire length on LAYER met3 = 46833 um.
Total wire length on LAYER met4 = 19081 um.
Total wire length on LAYER met5 = 138 um.
Total number of vias = 102513.
Up-via summary (total 102513):

-------------------------
 FR_MASTERSLICE         0
            li1     44731
           met1     51706
           met2      5217
           met3       841
           met4        18
-------------------------
               102513


[INFO DRT-0198] Complete detail routing.
Total wire length = 468876 um.
Total wire length on LAYER li1 = 0 um.
Total wire length on LAYER met1 = 191755 um.
Total wire length on LAYER met2 = 211067 um.
Total wire length on LAYER met3 = 46833 um.
Total wire length on LAYER met4 = 19081 um.
Total wire length on LAYER met5 = 138 um.
Total number of vias = 102513.
Up-via summary (total 102513):

-------------------------
 FR_MASTERSLICE         0
            li1     44731
           met1     51706
           met2      5217
           met3       841
           met4        18
-------------------------
               102513


[INFO DRT-0267] cpu time = 00:04:22, elapsed time = 00:00:32, memory = 2036.30 (MB), peak = 2341.55 (MB)

[INFO DRT-0180] Post processing.
[INFO DRT-0501] Runtime: 83.16s
[INFO ANT-0002] Found 0 net violations.
[INFO ANT-0001] Found 0 pin violations.
[INFO ANT-0002] Found 0 net violations.
[INFO ANT-0001] Found 0 pin violations.
Design area 167680 um^2 50% utilization.
write_db /root/cac_runs/ntt_opt_b1_w12_20ns/results/sky130hd/cac_ntt_opt_b1_w12_20ns/base/5_2_route.odb
Elapsed time: 21:04.26[h:]min:sec. CPU time: user 7596.03 sys 11.29 (601%). Peak memory: 2397744KB.
Log                       Ext     Elapsed/s Peak Memory/MB sha1sum result [0:20)
5_2_route                 .odb         1264           2341 19bd65c204fe21d4e216
