  INFO fips_ntt_digest=fc3b59fc kyber_cycles=6789 polyvec_digest=a8981500 mlkem_cycles=29211
  PASS A25 KeyGen cycle oracle cycles=47523 permutations=36 extra_permutation_cycles=144
ACVP_KEYGEN case=0 ok=1 status=ff ekpke_t_bytes_diff=0 rho_bytes_diff=0 dkpke_bytes_diff=0 z_bytes_diff=0 cycles=47523
ACVP_KEYGEN case=1 ok=1 status=ff ekpke_t_bytes_diff=0 rho_bytes_diff=0 dkpke_bytes_diff=0 z_bytes_diff=0 cycles=47523
ACVP_KEYGEN case=2 ok=1 status=ff ekpke_t_bytes_diff=0 rho_bytes_diff=0 dkpke_bytes_diff=0 z_bytes_diff=0 cycles=47523
ACVP_KEYGEN case=3 ok=1 status=ff ekpke_t_bytes_diff=0 rho_bytes_diff=0 dkpke_bytes_diff=0 z_bytes_diff=0 cycles=47523
ACVP_KEYGEN case=4 ok=1 status=ff ekpke_t_bytes_diff=0 rho_bytes_diff=0 dkpke_bytes_diff=0 z_bytes_diff=0 cycles=47523
ACVP_KEYGEN case=5 ok=1 status=ff ekpke_t_bytes_diff=0 rho_bytes_diff=0 dkpke_bytes_diff=0 z_bytes_diff=0 cycles=47523
ACVP_KEYGEN case=6 ok=1 status=ff ekpke_t_bytes_diff=0 rho_bytes_diff=0 dkpke_bytes_diff=0 z_bytes_diff=0 cycles=47523
ACVP_KEYGEN case=7 ok=1 status=ff ekpke_t_bytes_diff=0 rho_bytes_diff=0 dkpke_bytes_diff=0 z_bytes_diff=0 cycles=47523
ACVP_KEYGEN case=8 ok=1 status=ff ekpke_t_bytes_diff=0 rho_bytes_diff=0 dkpke_bytes_diff=0 z_bytes_diff=0 cycles=47523
ACVP_KEYGEN case=9 ok=1 status=ff ekpke_t_bytes_diff=0 rho_bytes_diff=0 dkpke_bytes_diff=0 z_bytes_diff=0 cycles=47523
ACVP_KEYGEN case=10 ok=1 status=ff ekpke_t_bytes_diff=0 rho_bytes_diff=0 dkpke_bytes_diff=0 z_bytes_diff=0 cycles=47523
ACVP_KEYGEN case=11 ok=1 status=ff ekpke_t_bytes_diff=0 rho_bytes_diff=0 dkpke_bytes_diff=0 z_bytes_diff=0 cycles=47523
ACVP_KEYGEN case=12 ok=1 status=ff ekpke_t_bytes_diff=0 rho_bytes_diff=0 dkpke_bytes_diff=0 z_bytes_diff=0 cycles=47523
ACVP_KEYGEN case=13 ok=1 status=ff ekpke_t_bytes_diff=0 rho_bytes_diff=0 dkpke_bytes_diff=0 z_bytes_diff=0 cycles=47523
ACVP_KEYGEN case=14 ok=1 status=ff ekpke_t_bytes_diff=0 rho_bytes_diff=0 dkpke_bytes_diff=0 z_bytes_diff=0 cycles=47523
ACVP_KEYGEN case=15 ok=1 status=ff ekpke_t_bytes_diff=0 rho_bytes_diff=0 dkpke_bytes_diff=0 z_bytes_diff=0 cycles=47523
ACVP_KEYGEN case=16 ok=1 status=ff ekpke_t_bytes_diff=0 rho_bytes_diff=0 dkpke_bytes_diff=0 z_bytes_diff=0 cycles=47523
ACVP_KEYGEN case=17 ok=1 status=ff ekpke_t_bytes_diff=0 rho_bytes_diff=0 dkpke_bytes_diff=0 z_bytes_diff=0 cycles=47523
ACVP_KEYGEN case=18 ok=1 status=ff ekpke_t_bytes_diff=0 rho_bytes_diff=0 dkpke_bytes_diff=0 z_bytes_diff=0 cycles=47523
ACVP_KEYGEN case=19 ok=1 status=ff ekpke_t_bytes_diff=0 rho_bytes_diff=0 dkpke_bytes_diff=0 z_bytes_diff=0 cycles=47523
ACVP_KEYGEN case=20 ok=1 status=ff ekpke_t_bytes_diff=0 rho_bytes_diff=0 dkpke_bytes_diff=0 z_bytes_diff=0 cycles=47523
ACVP_KEYGEN case=21 ok=1 status=ff ekpke_t_bytes_diff=0 rho_bytes_diff=0 dkpke_bytes_diff=0 z_bytes_diff=0 cycles=47523
ACVP_KEYGEN case=22 ok=1 status=ff ekpke_t_bytes_diff=0 rho_bytes_diff=0 dkpke_bytes_diff=0 z_bytes_diff=0 cycles=47523
ACVP_KEYGEN case=23 ok=1 status=ff ekpke_t_bytes_diff=0 rho_bytes_diff=0 dkpke_bytes_diff=0 z_bytes_diff=0 cycles=47523
ACVP_KEYGEN case=24 ok=1 status=ff ekpke_t_bytes_diff=0 rho_bytes_diff=0 dkpke_bytes_diff=0 z_bytes_diff=0 cycles=47523
ACVP_KEYGEN_RESULT pass=25 of 25
ACVP_KEYGEN_CONTROL k=3 ekpke_t_bytes_diff=766
/tmp/tmp29duf4og/tb_acvp_keygen.sv:1155: $finish called at 20255405000 (1ps)
