
==========================================================================
global place report_tns
--------------------------------------------------------------------------
tns max -0.84

==========================================================================
global place report_wns
--------------------------------------------------------------------------
wns max -0.16

==========================================================================
global place report_worst_slack
--------------------------------------------------------------------------
worst slack max -0.16

==========================================================================
global place report_clock_min_period
--------------------------------------------------------------------------
clk period_min = 12.16 fmax = 82.24

==========================================================================
global place report_checks -path_delay min
--------------------------------------------------------------------------
Startpoint: s1_bank$_DFFE_PP_ (rising edge-triggered flip-flop clocked by clk)
Endpoint: s2_bank$_DFFE_PP_ (rising edge-triggered flip-flop clocked by clk)
Path Group: clk
Path Type: min

Fanout     Cap    Slew   Delay    Time   Description
-----------------------------------------------------------------------------
                  0.00    0.00    0.00   clock clk (rise edge)
                          0.00    0.00   clock network delay (ideal)
                  0.00    0.00    0.00 ^ s1_bank$_DFFE_PP_/CLK (sky130_fd_sc_hd__edfxtp_1)
     1    0.00    0.04    0.29    0.29 ^ s1_bank$_DFFE_PP_/Q (sky130_fd_sc_hd__edfxtp_1)
                                         s1_bank (net)
                  0.04    0.00    0.29 ^ s2_bank$_DFFE_PP_/D (sky130_fd_sc_hd__edfxtp_1)
                                  0.29   data arrival time

                  0.00    0.00    0.00   clock clk (rise edge)
                          0.00    0.00   clock network delay (ideal)
                          0.25    0.25   clock uncertainty
                          0.00    0.25   clock reconvergence pessimism
                                  0.25 ^ s2_bank$_DFFE_PP_/CLK (sky130_fd_sc_hd__edfxtp_1)
                         -0.11    0.14   library hold time
                                  0.14   data required time
-----------------------------------------------------------------------------
                                  0.14   data required time
                                 -0.29   data arrival time
-----------------------------------------------------------------------------
                                  0.15   slack (MET)



==========================================================================
global place report_checks -path_delay max
--------------------------------------------------------------------------
Startpoint: s1_prod[18]$_DFFE_PP_
            (rising edge-triggered flip-flop clocked by clk)
Endpoint: s2_r[6]$_DFFE_PP_ (rising edge-triggered flip-flop clocked by clk)
Path Group: clk
Path Type: max

Fanout     Cap    Slew   Delay    Time   Description
-----------------------------------------------------------------------------
                  0.00    0.00    0.00   clock clk (rise edge)
                          0.00    0.00   clock network delay (ideal)
                  0.00    0.00    0.00 ^ s1_prod[18]$_DFFE_PP_/CLK (sky130_fd_sc_hd__edfxtp_1)
     5    0.06    0.31    0.60    0.60 v s1_prod[18]$_DFFE_PP_/Q (sky130_fd_sc_hd__edfxtp_1)
                                         s1_prod[18] (net)
                  0.31    0.01    0.61 v _14261_/A (sky130_fd_sc_hd__fa_1)
     2    0.01    0.15    0.70    1.31 ^ _14261_/SUM (sky130_fd_sc_hd__fa_1)
                                         _06834_ (net)
                  0.15    0.00    1.31 ^ _14346_/B (sky130_fd_sc_hd__fa_1)
     1    0.01    0.11    0.48    1.79 v _14346_/SUM (sky130_fd_sc_hd__fa_1)
                                         _07117_ (net)
                  0.11    0.00    1.79 v _14367_/A (sky130_fd_sc_hd__fa_1)
     1    0.01    0.10    0.52    2.31 v _14367_/SUM (sky130_fd_sc_hd__fa_1)
                                         _07175_ (net)
                  0.10    0.00    2.31 v _14529_/A (sky130_fd_sc_hd__fa_1)
     1    0.01    0.09    0.57    2.88 ^ _14529_/SUM (sky130_fd_sc_hd__fa_1)
                                         _07288_ (net)
                  0.09    0.00    2.88 ^ _14403_/B (sky130_fd_sc_hd__fa_1)
     1    0.00    0.08    0.43    3.31 v _14403_/SUM (sky130_fd_sc_hd__fa_1)
                                         _07291_ (net)
                  0.08    0.00    3.31 v _14686_/A (sky130_fd_sc_hd__ha_1)
     2    0.01    0.07    0.32    3.63 v _14686_/SUM (sky130_fd_sc_hd__ha_1)
                                         _00511_ (net)
                  0.07    0.00    3.63 v _07783_/A1 (sky130_fd_sc_hd__a21o_1)
     1    0.00    0.03    0.16    3.79 v _07783_/X (sky130_fd_sc_hd__a21o_1)
                                         _01311_ (net)
                  0.03    0.00    3.79 v _07784_/A2 (sky130_fd_sc_hd__a21o_1)
     1    0.00    0.03    0.16    3.95 v _07784_/X (sky130_fd_sc_hd__a21o_1)
                                         _01312_ (net)
                  0.03    0.00    3.95 v _07785_/A2 (sky130_fd_sc_hd__a21oi_1)
     1    0.01    0.18    0.19    4.14 ^ _07785_/Y (sky130_fd_sc_hd__a21oi_1)
                                         _01313_ (net)
                  0.18    0.00    4.14 ^ _07791_/B1 (sky130_fd_sc_hd__o211ai_1)
     3    0.02    0.19    0.22    4.35 v _07791_/Y (sky130_fd_sc_hd__o211ai_1)
                                         _01319_ (net)
                  0.19    0.00    4.36 v _07805_/A2 (sky130_fd_sc_hd__o31ai_1)
     3    0.01    0.50    0.52    4.87 ^ _07805_/Y (sky130_fd_sc_hd__o31ai_1)
                                         _01333_ (net)
                  0.50    0.00    4.87 ^ _07811_/A1 (sky130_fd_sc_hd__o2111ai_1)
     1    0.00    0.11    0.19    5.06 v _07811_/Y (sky130_fd_sc_hd__o2111ai_1)
                                         _01339_ (net)
                  0.11    0.00    5.06 v _07813_/B1 (sky130_fd_sc_hd__o211a_1)
     3    0.01    0.09    0.20    5.27 v _07813_/X (sky130_fd_sc_hd__o211a_1)
                                         _01341_ (net)
                  0.09    0.00    5.27 v _07818_/A1 (sky130_fd_sc_hd__a211oi_1)
     2    0.01    0.49    0.44    5.71 ^ _07818_/Y (sky130_fd_sc_hd__a211oi_1)
                                         _01346_ (net)
                  0.49    0.00    5.71 ^ _07819_/A2 (sky130_fd_sc_hd__o21bai_1)
     2    0.01    0.13    0.17    5.89 v _07819_/Y (sky130_fd_sc_hd__o21bai_1)
                                         _01347_ (net)
                  0.13    0.00    5.89 v _07820_/A2 (sky130_fd_sc_hd__a21o_1)
     2    0.01    0.06    0.24    6.13 v _07820_/X (sky130_fd_sc_hd__a21o_1)
                                         _01348_ (net)
                  0.06    0.00    6.13 v _07821_/B (sky130_fd_sc_hd__xor2_1)
     2    0.01    0.19    0.19    6.32 ^ _07821_/X (sky130_fd_sc_hd__xor2_1)
                                         u_red.prod[36] (net)
                  0.19    0.00    6.32 ^ _14839_/B (sky130_fd_sc_hd__ha_1)
     1    0.01    0.10    0.31    6.62 v _14839_/SUM (sky130_fd_sc_hd__ha_1)
                                         _07726_ (net)
                  0.10    0.00    6.62 v _14893_/A (sky130_fd_sc_hd__ha_1)
     1    0.02    0.11    0.38    7.00 v _14893_/SUM (sky130_fd_sc_hd__ha_1)
                                         _07050_ (net)
                  0.11    0.00    7.01 v _14328_/A (sky130_fd_sc_hd__fa_1)
     1    0.00    0.06    0.55    7.56 ^ _14328_/SUM (sky130_fd_sc_hd__fa_1)
                                         _00091_ (net)
                  0.06    0.00    7.56 ^ _10481_/A (sky130_fd_sc_hd__inv_1)
     1    0.01    0.04    0.05    7.61 v _10481_/Y (sky130_fd_sc_hd__inv_1)
                                         _00216_ (net)
                  0.04    0.00    7.61 v _14468_/B (sky130_fd_sc_hd__fa_1)
     1    0.00    0.08    0.46    8.07 v _14468_/SUM (sky130_fd_sc_hd__fa_1)
                                         _07419_ (net)
                  0.08    0.00    8.07 v _14699_/A (sky130_fd_sc_hd__ha_1)
     3    0.01    0.11    0.34    8.40 ^ _14699_/SUM (sky130_fd_sc_hd__ha_1)
                                         _00534_ (net)
                  0.11    0.00    8.40 ^ _09649_/C1 (sky130_fd_sc_hd__o211ai_1)
     2    0.00    0.09    0.11    8.51 v _09649_/Y (sky130_fd_sc_hd__o211ai_1)
                                         _02870_ (net)
                  0.09    0.00    8.51 v _09651_/A1 (sky130_fd_sc_hd__a21boi_0)
     2    0.01    0.26    0.26    8.77 ^ _09651_/Y (sky130_fd_sc_hd__a21boi_0)
                                         _02872_ (net)
                  0.26    0.00    8.77 ^ _09653_/A1 (sky130_fd_sc_hd__a21oi_1)
     2    0.01    0.10    0.14    8.91 v _09653_/Y (sky130_fd_sc_hd__a21oi_1)
                                         _02874_ (net)
                  0.10    0.00    8.91 v _09655_/A4 (sky130_fd_sc_hd__o41ai_1)
     3    0.02    0.84    0.70    9.61 ^ _09655_/Y (sky130_fd_sc_hd__o41ai_1)
                                         _02876_ (net)
                  0.84    0.00    9.61 ^ _09720_/B2 (sky130_fd_sc_hd__o22ai_1)
     4    0.01    0.25    0.29    9.90 v _09720_/Y (sky130_fd_sc_hd__o22ai_1)
                                         _02941_ (net)
                  0.25    0.00    9.90 v _09742_/A1 (sky130_fd_sc_hd__o211a_1)
     1    0.00    0.04    0.29   10.19 v _09742_/X (sky130_fd_sc_hd__o211a_1)
                                         _02963_ (net)
                  0.04    0.00   10.19 v _09747_/B1 (sky130_fd_sc_hd__a311oi_1)
     1    0.01    0.36    0.35   10.54 ^ _09747_/Y (sky130_fd_sc_hd__a311oi_1)
                                         _02968_ (net)
                  0.36    0.00   10.54 ^ place1497/A (sky130_fd_sc_hd__buf_4)
     1    0.01    0.04    0.18   10.72 ^ place1497/X (sky130_fd_sc_hd__buf_4)
                                         net1496 (net)
                  0.04    0.00   10.72 ^ _09757_/C (sky130_fd_sc_hd__nor4_2)
     1    0.01    0.06    0.04   10.77 v _09757_/Y (sky130_fd_sc_hd__nor4_2)
                                         _02978_ (net)
                  0.06    0.00   10.77 v place1475/A (sky130_fd_sc_hd__buf_4)
     9    0.06    0.08    0.20   10.96 v place1475/X (sky130_fd_sc_hd__buf_4)
                                         net1474 (net)
                  0.09    0.01   10.97 v _09770_/A (sky130_fd_sc_hd__nor2b_1)
     2    0.01    0.20    0.21   11.18 ^ _09770_/Y (sky130_fd_sc_hd__nor2b_1)
                                         _02987_ (net)
                  0.20    0.00   11.18 ^ _09771_/C (sky130_fd_sc_hd__nand3_1)
     1    0.00    0.11    0.12   11.30 v _09771_/Y (sky130_fd_sc_hd__nand3_1)
                                         _02988_ (net)
                  0.11    0.00   11.30 v _09772_/B (sky130_fd_sc_hd__xnor2_1)
     1    0.01    0.11    0.18   11.48 v _09772_/Y (sky130_fd_sc_hd__xnor2_1)
                                         s1_r[6] (net)
                  0.11    0.00   11.48 v place1462/A (sky130_fd_sc_hd__buf_12)
     1    0.04    0.04    0.17   11.65 v place1462/X (sky130_fd_sc_hd__buf_12)
                                         net1461 (net)
                  0.04    0.01   11.65 v s2_r[6]$_DFFE_PP_/D (sky130_fd_sc_hd__edfxtp_1)
                                 11.65   data arrival time

                  0.00   12.00   12.00   clock clk (rise edge)
                          0.00   12.00   clock network delay (ideal)
                         -0.25   11.75   clock uncertainty
                          0.00   11.75   clock reconvergence pessimism
                                 11.75 ^ s2_r[6]$_DFFE_PP_/CLK (sky130_fd_sc_hd__edfxtp_1)
                         -0.26   11.49   library setup time
                                 11.49   data required time
-----------------------------------------------------------------------------
                                 11.49   data required time
                                -11.65   data arrival time
-----------------------------------------------------------------------------
                                 -0.16   slack (VIOLATED)



==========================================================================
global place report_checks -unconstrained
--------------------------------------------------------------------------
Startpoint: s1_prod[18]$_DFFE_PP_
            (rising edge-triggered flip-flop clocked by clk)
Endpoint: s2_r[6]$_DFFE_PP_ (rising edge-triggered flip-flop clocked by clk)
Path Group: clk
Path Type: max

Fanout     Cap    Slew   Delay    Time   Description
-----------------------------------------------------------------------------
                  0.00    0.00    0.00   clock clk (rise edge)
                          0.00    0.00   clock network delay (ideal)
                  0.00    0.00    0.00 ^ s1_prod[18]$_DFFE_PP_/CLK (sky130_fd_sc_hd__edfxtp_1)
     5    0.06    0.31    0.60    0.60 v s1_prod[18]$_DFFE_PP_/Q (sky130_fd_sc_hd__edfxtp_1)
                                         s1_prod[18] (net)
                  0.31    0.01    0.61 v _14261_/A (sky130_fd_sc_hd__fa_1)
     2    0.01    0.15    0.70    1.31 ^ _14261_/SUM (sky130_fd_sc_hd__fa_1)
                                         _06834_ (net)
                  0.15    0.00    1.31 ^ _14346_/B (sky130_fd_sc_hd__fa_1)
     1    0.01    0.11    0.48    1.79 v _14346_/SUM (sky130_fd_sc_hd__fa_1)
                                         _07117_ (net)
                  0.11    0.00    1.79 v _14367_/A (sky130_fd_sc_hd__fa_1)
     1    0.01    0.10    0.52    2.31 v _14367_/SUM (sky130_fd_sc_hd__fa_1)
                                         _07175_ (net)
                  0.10    0.00    2.31 v _14529_/A (sky130_fd_sc_hd__fa_1)
     1    0.01    0.09    0.57    2.88 ^ _14529_/SUM (sky130_fd_sc_hd__fa_1)
                                         _07288_ (net)
                  0.09    0.00    2.88 ^ _14403_/B (sky130_fd_sc_hd__fa_1)
     1    0.00    0.08    0.43    3.31 v _14403_/SUM (sky130_fd_sc_hd__fa_1)
                                         _07291_ (net)
                  0.08    0.00    3.31 v _14686_/A (sky130_fd_sc_hd__ha_1)
     2    0.01    0.07    0.32    3.63 v _14686_/SUM (sky130_fd_sc_hd__ha_1)
                                         _00511_ (net)
                  0.07    0.00    3.63 v _07783_/A1 (sky130_fd_sc_hd__a21o_1)
     1    0.00    0.03    0.16    3.79 v _07783_/X (sky130_fd_sc_hd__a21o_1)
                                         _01311_ (net)
                  0.03    0.00    3.79 v _07784_/A2 (sky130_fd_sc_hd__a21o_1)
     1    0.00    0.03    0.16    3.95 v _07784_/X (sky130_fd_sc_hd__a21o_1)
                                         _01312_ (net)
                  0.03    0.00    3.95 v _07785_/A2 (sky130_fd_sc_hd__a21oi_1)
     1    0.01    0.18    0.19    4.14 ^ _07785_/Y (sky130_fd_sc_hd__a21oi_1)
                                         _01313_ (net)
                  0.18    0.00    4.14 ^ _07791_/B1 (sky130_fd_sc_hd__o211ai_1)
     3    0.02    0.19    0.22    4.35 v _07791_/Y (sky130_fd_sc_hd__o211ai_1)
                                         _01319_ (net)
                  0.19    0.00    4.36 v _07805_/A2 (sky130_fd_sc_hd__o31ai_1)
     3    0.01    0.50    0.52    4.87 ^ _07805_/Y (sky130_fd_sc_hd__o31ai_1)
                                         _01333_ (net)
                  0.50    0.00    4.87 ^ _07811_/A1 (sky130_fd_sc_hd__o2111ai_1)
     1    0.00    0.11    0.19    5.06 v _07811_/Y (sky130_fd_sc_hd__o2111ai_1)
                                         _01339_ (net)
                  0.11    0.00    5.06 v _07813_/B1 (sky130_fd_sc_hd__o211a_1)
     3    0.01    0.09    0.20    5.27 v _07813_/X (sky130_fd_sc_hd__o211a_1)
                                         _01341_ (net)
                  0.09    0.00    5.27 v _07818_/A1 (sky130_fd_sc_hd__a211oi_1)
     2    0.01    0.49    0.44    5.71 ^ _07818_/Y (sky130_fd_sc_hd__a211oi_1)
                                         _01346_ (net)
                  0.49    0.00    5.71 ^ _07819_/A2 (sky130_fd_sc_hd__o21bai_1)
     2    0.01    0.13    0.17    5.89 v _07819_/Y (sky130_fd_sc_hd__o21bai_1)
                                         _01347_ (net)
                  0.13    0.00    5.89 v _07820_/A2 (sky130_fd_sc_hd__a21o_1)
     2    0.01    0.06    0.24    6.13 v _07820_/X (sky130_fd_sc_hd__a21o_1)
                                         _01348_ (net)
                  0.06    0.00    6.13 v _07821_/B (sky130_fd_sc_hd__xor2_1)
     2    0.01    0.19    0.19    6.32 ^ _07821_/X (sky130_fd_sc_hd__xor2_1)
                                         u_red.prod[36] (net)
                  0.19    0.00    6.32 ^ _14839_/B (sky130_fd_sc_hd__ha_1)
     1    0.01    0.10    0.31    6.62 v _14839_/SUM (sky130_fd_sc_hd__ha_1)
                                         _07726_ (net)
                  0.10    0.00    6.62 v _14893_/A (sky130_fd_sc_hd__ha_1)
     1    0.02    0.11    0.38    7.00 v _14893_/SUM (sky130_fd_sc_hd__ha_1)
                                         _07050_ (net)
                  0.11    0.00    7.01 v _14328_/A (sky130_fd_sc_hd__fa_1)
     1    0.00    0.06    0.55    7.56 ^ _14328_/SUM (sky130_fd_sc_hd__fa_1)
                                         _00091_ (net)
                  0.06    0.00    7.56 ^ _10481_/A (sky130_fd_sc_hd__inv_1)
     1    0.01    0.04    0.05    7.61 v _10481_/Y (sky130_fd_sc_hd__inv_1)
                                         _00216_ (net)
                  0.04    0.00    7.61 v _14468_/B (sky130_fd_sc_hd__fa_1)
     1    0.00    0.08    0.46    8.07 v _14468_/SUM (sky130_fd_sc_hd__fa_1)
                                         _07419_ (net)
                  0.08    0.00    8.07 v _14699_/A (sky130_fd_sc_hd__ha_1)
     3    0.01    0.11    0.34    8.40 ^ _14699_/SUM (sky130_fd_sc_hd__ha_1)
                                         _00534_ (net)
                  0.11    0.00    8.40 ^ _09649_/C1 (sky130_fd_sc_hd__o211ai_1)
     2    0.00    0.09    0.11    8.51 v _09649_/Y (sky130_fd_sc_hd__o211ai_1)
                                         _02870_ (net)
                  0.09    0.00    8.51 v _09651_/A1 (sky130_fd_sc_hd__a21boi_0)
     2    0.01    0.26    0.26    8.77 ^ _09651_/Y (sky130_fd_sc_hd__a21boi_0)
                                         _02872_ (net)
                  0.26    0.00    8.77 ^ _09653_/A1 (sky130_fd_sc_hd__a21oi_1)
     2    0.01    0.10    0.14    8.91 v _09653_/Y (sky130_fd_sc_hd__a21oi_1)
                                         _02874_ (net)
                  0.10    0.00    8.91 v _09655_/A4 (sky130_fd_sc_hd__o41ai_1)
     3    0.02    0.84    0.70    9.61 ^ _09655_/Y (sky130_fd_sc_hd__o41ai_1)
                                         _02876_ (net)
                  0.84    0.00    9.61 ^ _09720_/B2 (sky130_fd_sc_hd__o22ai_1)
     4    0.01    0.25    0.29    9.90 v _09720_/Y (sky130_fd_sc_hd__o22ai_1)
                                         _02941_ (net)
                  0.25    0.00    9.90 v _09742_/A1 (sky130_fd_sc_hd__o211a_1)
     1    0.00    0.04    0.29   10.19 v _09742_/X (sky130_fd_sc_hd__o211a_1)
                                         _02963_ (net)
                  0.04    0.00   10.19 v _09747_/B1 (sky130_fd_sc_hd__a311oi_1)
     1    0.01    0.36    0.35   10.54 ^ _09747_/Y (sky130_fd_sc_hd__a311oi_1)
                                         _02968_ (net)
                  0.36    0.00   10.54 ^ place1497/A (sky130_fd_sc_hd__buf_4)
     1    0.01    0.04    0.18   10.72 ^ place1497/X (sky130_fd_sc_hd__buf_4)
                                         net1496 (net)
                  0.04    0.00   10.72 ^ _09757_/C (sky130_fd_sc_hd__nor4_2)
     1    0.01    0.06    0.04   10.77 v _09757_/Y (sky130_fd_sc_hd__nor4_2)
                                         _02978_ (net)
                  0.06    0.00   10.77 v place1475/A (sky130_fd_sc_hd__buf_4)
     9    0.06    0.08    0.20   10.96 v place1475/X (sky130_fd_sc_hd__buf_4)
                                         net1474 (net)
                  0.09    0.01   10.97 v _09770_/A (sky130_fd_sc_hd__nor2b_1)
     2    0.01    0.20    0.21   11.18 ^ _09770_/Y (sky130_fd_sc_hd__nor2b_1)
                                         _02987_ (net)
                  0.20    0.00   11.18 ^ _09771_/C (sky130_fd_sc_hd__nand3_1)
     1    0.00    0.11    0.12   11.30 v _09771_/Y (sky130_fd_sc_hd__nand3_1)
                                         _02988_ (net)
                  0.11    0.00   11.30 v _09772_/B (sky130_fd_sc_hd__xnor2_1)
     1    0.01    0.11    0.18   11.48 v _09772_/Y (sky130_fd_sc_hd__xnor2_1)
                                         s1_r[6] (net)
                  0.11    0.00   11.48 v place1462/A (sky130_fd_sc_hd__buf_12)
     1    0.04    0.04    0.17   11.65 v place1462/X (sky130_fd_sc_hd__buf_12)
                                         net1461 (net)
                  0.04    0.01   11.65 v s2_r[6]$_DFFE_PP_/D (sky130_fd_sc_hd__edfxtp_1)
                                 11.65   data arrival time

                  0.00   12.00   12.00   clock clk (rise edge)
                          0.00   12.00   clock network delay (ideal)
                         -0.25   11.75   clock uncertainty
                          0.00   11.75   clock reconvergence pessimism
                                 11.75 ^ s2_r[6]$_DFFE_PP_/CLK (sky130_fd_sc_hd__edfxtp_1)
                         -0.26   11.49   library setup time
                                 11.49   data required time
-----------------------------------------------------------------------------
                                 11.49   data required time
                                -11.65   data arrival time
-----------------------------------------------------------------------------
                                 -0.16   slack (VIOLATED)



==========================================================================
global place report_power
--------------------------------------------------------------------------
Group                  Internal  Switching    Leakage      Total
                          Power      Power      Power      Power (Watts)
----------------------------------------------------------------
Sequential             4.36e-03   1.07e-03   6.63e-09   5.43e-03   0.0%
Combinational          6.96e-02   8.97e-02   2.38e-08   1.59e-01   0.0%
Clock                  0.00e+00   0.00e+00   0.00e+00   0.00e+00   0.0%
Macro                  5.59e+06   0.00e+00   3.52e-06   5.59e+06 100.0%
Pad                    0.00e+00   0.00e+00   0.00e+00   0.00e+00   0.0%
----------------------------------------------------------------
Total                  5.59e+06   9.07e-02   3.55e-06   5.59e+06 100.0%
                         100.0%       0.0%       0.0%
