
==========================================================================
cts final report_tns
--------------------------------------------------------------------------
tns max 0.00

==========================================================================
cts final report_wns
--------------------------------------------------------------------------
wns max 0.00

==========================================================================
cts final report_worst_slack
--------------------------------------------------------------------------
worst slack max 0.00

==========================================================================
cts final report_clock_min_period
--------------------------------------------------------------------------
clk period_min = 12.00 fmax = 83.34

==========================================================================
cts final report_clock_skew
--------------------------------------------------------------------------
Clock clk
   0.94 source latency bank[292]$_DFFE_PN0P_/CLK ^
  -0.84 target latency u_sram.u_macro/clk0 ^
   0.25 clock uncertainty
   0.00 CRPR
--------------
   0.35 setup skew


==========================================================================
cts final report_checks -path_delay min
--------------------------------------------------------------------------
Startpoint: s1_sb[1]$_DFFE_PP_ (rising edge-triggered flip-flop clocked by clk)
Endpoint: s2_sb[1]$_DFFE_PP_ (rising edge-triggered flip-flop clocked by clk)
Path Group: clk
Path Type: min

Fanout     Cap    Slew   Delay    Time   Description
-----------------------------------------------------------------------------
                          0.00    0.00   clock clk (rise edge)
                          0.00    0.00   clock source latency
     2    0.13    0.00    0.00    0.00 ^ clk (in)
                                         clk (net)
                  0.01    0.00    0.00 ^ clkbuf_regs_0_clk/A (sky130_fd_sc_hd__clkbuf_16)
     1    0.02    0.04    0.11    0.11 ^ clkbuf_regs_0_clk/X (sky130_fd_sc_hd__clkbuf_16)
                                         clk_regs (net)
                  0.04    0.00    0.11 ^ clkbuf_0_clk_regs/A (sky130_fd_sc_hd__clkbuf_16)
     4    0.15    0.16    0.22    0.33 ^ clkbuf_0_clk_regs/X (sky130_fd_sc_hd__clkbuf_16)
                                         clknet_0_clk_regs (net)
                  0.16    0.00    0.34 ^ clkbuf_2_1__f_clk_regs/A (sky130_fd_sc_hd__clkbuf_16)
    15    0.28    0.29    0.35    0.68 ^ clkbuf_2_1__f_clk_regs/X (sky130_fd_sc_hd__clkbuf_16)
                                         clknet_2_1__leaf_clk_regs (net)
                  0.29    0.01    0.69 ^ clkbuf_leaf_12_clk_regs/A (sky130_fd_sc_hd__clkbuf_16)
     8    0.03    0.06    0.22    0.91 ^ clkbuf_leaf_12_clk_regs/X (sky130_fd_sc_hd__clkbuf_16)
                                         clknet_leaf_12_clk_regs (net)
                  0.06    0.00    0.91 ^ s1_sb[1]$_DFFE_PP_/CLK (sky130_fd_sc_hd__edfxtp_1)
     1    0.00    0.05    0.32    1.22 ^ s1_sb[1]$_DFFE_PP_/Q (sky130_fd_sc_hd__edfxtp_1)
                                         s1_sb[1] (net)
                  0.05    0.00    1.22 ^ s2_sb[1]$_DFFE_PP_/D (sky130_fd_sc_hd__edfxtp_1)
                                  1.22   data arrival time

                          0.00    0.00   clock clk (rise edge)
                          0.00    0.00   clock source latency
     2    0.13    0.00    0.00    0.00 ^ clk (in)
                                         clk (net)
                  0.01    0.00    0.00 ^ clkbuf_regs_0_clk/A (sky130_fd_sc_hd__clkbuf_16)
     1    0.02    0.04    0.11    0.11 ^ clkbuf_regs_0_clk/X (sky130_fd_sc_hd__clkbuf_16)
                                         clk_regs (net)
                  0.04    0.00    0.11 ^ clkbuf_0_clk_regs/A (sky130_fd_sc_hd__clkbuf_16)
     4    0.15    0.16    0.22    0.33 ^ clkbuf_0_clk_regs/X (sky130_fd_sc_hd__clkbuf_16)
                                         clknet_0_clk_regs (net)
                  0.16    0.00    0.34 ^ clkbuf_2_1__f_clk_regs/A (sky130_fd_sc_hd__clkbuf_16)
    15    0.28    0.29    0.35    0.68 ^ clkbuf_2_1__f_clk_regs/X (sky130_fd_sc_hd__clkbuf_16)
                                         clknet_2_1__leaf_clk_regs (net)
                  0.29    0.01    0.69 ^ clkbuf_leaf_15_clk_regs/A (sky130_fd_sc_hd__clkbuf_16)
    13    0.04    0.06    0.22    0.91 ^ clkbuf_leaf_15_clk_regs/X (sky130_fd_sc_hd__clkbuf_16)
                                         clknet_leaf_15_clk_regs (net)
                  0.06    0.00    0.91 ^ s2_sb[1]$_DFFE_PP_/CLK (sky130_fd_sc_hd__edfxtp_1)
                          0.25    1.16   clock uncertainty
                          0.00    1.16   clock reconvergence pessimism
                         -0.10    1.06   library hold time
                                  1.06   data required time
-----------------------------------------------------------------------------
                                  1.06   data required time
                                 -1.22   data arrival time
-----------------------------------------------------------------------------
                                  0.17   slack (MET)



==========================================================================
cts final report_checks -path_delay max
--------------------------------------------------------------------------
Startpoint: s1_prod[18]$_DFFE_PP_
            (rising edge-triggered flip-flop clocked by clk)
Endpoint: s2_r[6]$_DFFE_PP_ (rising edge-triggered flip-flop clocked by clk)
Path Group: clk
Path Type: max

Fanout     Cap    Slew   Delay    Time   Description
-----------------------------------------------------------------------------
                          0.00    0.00   clock clk (rise edge)
                          0.00    0.00   clock source latency
     2    0.13    0.00    0.00    0.00 ^ clk (in)
                                         clk (net)
                  0.01    0.00    0.00 ^ clkbuf_regs_0_clk/A (sky130_fd_sc_hd__clkbuf_16)
     1    0.02    0.04    0.11    0.11 ^ clkbuf_regs_0_clk/X (sky130_fd_sc_hd__clkbuf_16)
                                         clk_regs (net)
                  0.04    0.00    0.11 ^ clkbuf_0_clk_regs/A (sky130_fd_sc_hd__clkbuf_16)
     4    0.15    0.16    0.22    0.33 ^ clkbuf_0_clk_regs/X (sky130_fd_sc_hd__clkbuf_16)
                                         clknet_0_clk_regs (net)
                  0.16    0.00    0.34 ^ clkbuf_2_0__f_clk_regs/A (sky130_fd_sc_hd__clkbuf_16)
    13    0.26    0.27    0.33    0.67 ^ clkbuf_2_0__f_clk_regs/X (sky130_fd_sc_hd__clkbuf_16)
                                         clknet_2_0__leaf_clk_regs (net)
                  0.27    0.01    0.68 ^ clkbuf_leaf_0_clk_regs/A (sky130_fd_sc_hd__clkbuf_16)
    16    0.04    0.07    0.22    0.90 ^ clkbuf_leaf_0_clk_regs/X (sky130_fd_sc_hd__clkbuf_16)
                                         clknet_leaf_0_clk_regs (net)
                  0.07    0.00    0.90 ^ s1_prod[18]$_DFFE_PP_/CLK (sky130_fd_sc_hd__edfxtp_1)
     5    0.06    0.31    0.63    1.52 v s1_prod[18]$_DFFE_PP_/Q (sky130_fd_sc_hd__edfxtp_1)
                                         s1_prod[18] (net)
                  0.31    0.01    1.53 v _14261_/A (sky130_fd_sc_hd__fa_1)
     2    0.01    0.16    0.70    2.24 ^ _14261_/SUM (sky130_fd_sc_hd__fa_1)
                                         _06834_ (net)
                  0.16    0.00    2.24 ^ _14346_/B (sky130_fd_sc_hd__fa_1)
     1    0.01    0.11    0.48    2.71 v _14346_/SUM (sky130_fd_sc_hd__fa_1)
                                         _07117_ (net)
                  0.11    0.00    2.71 v _14367_/A (sky130_fd_sc_hd__fa_1)
     1    0.01    0.10    0.52    3.24 v _14367_/SUM (sky130_fd_sc_hd__fa_1)
                                         _07175_ (net)
                  0.10    0.00    3.24 v _14529_/A (sky130_fd_sc_hd__fa_1)
     1    0.01    0.09    0.58    3.81 ^ _14529_/SUM (sky130_fd_sc_hd__fa_1)
                                         _07288_ (net)
                  0.09    0.00    3.81 ^ _14403_/B (sky130_fd_sc_hd__fa_1)
     1    0.00    0.08    0.43    4.24 v _14403_/SUM (sky130_fd_sc_hd__fa_1)
                                         _07291_ (net)
                  0.08    0.00    4.24 v _14686_/A (sky130_fd_sc_hd__ha_1)
     2    0.01    0.07    0.32    4.56 v _14686_/SUM (sky130_fd_sc_hd__ha_1)
                                         _00511_ (net)
                  0.07    0.00    4.56 v _07783_/A1 (sky130_fd_sc_hd__a21o_1)
     1    0.00    0.03    0.16    4.72 v _07783_/X (sky130_fd_sc_hd__a21o_1)
                                         _01311_ (net)
                  0.03    0.00    4.72 v _07784_/A2 (sky130_fd_sc_hd__a21o_1)
     1    0.00    0.03    0.16    4.88 v _07784_/X (sky130_fd_sc_hd__a21o_1)
                                         _01312_ (net)
                  0.03    0.00    4.88 v _07785_/A2 (sky130_fd_sc_hd__a21oi_1)
     1    0.01    0.17    0.18    5.06 ^ _07785_/Y (sky130_fd_sc_hd__a21oi_1)
                                         _01313_ (net)
                  0.17    0.00    5.06 ^ _07791_/B1 (sky130_fd_sc_hd__o211ai_1)
     3    0.02    0.20    0.22    5.28 v _07791_/Y (sky130_fd_sc_hd__o211ai_1)
                                         _01319_ (net)
                  0.20    0.00    5.28 v _07805_/A2 (sky130_fd_sc_hd__o31ai_1)
     3    0.01    0.49    0.51    5.79 ^ _07805_/Y (sky130_fd_sc_hd__o31ai_1)
                                         _01333_ (net)
                  0.49    0.00    5.79 ^ _07811_/A1 (sky130_fd_sc_hd__o2111ai_1)
     1    0.00    0.11    0.18    5.98 v _07811_/Y (sky130_fd_sc_hd__o2111ai_1)
                                         _01339_ (net)
                  0.11    0.00    5.98 v _07813_/B1 (sky130_fd_sc_hd__o211a_1)
     3    0.02    0.09    0.20    6.18 v _07813_/X (sky130_fd_sc_hd__o211a_1)
                                         _01341_ (net)
                  0.09    0.00    6.18 v _07818_/A1 (sky130_fd_sc_hd__a211oi_1)
     2    0.01    0.49    0.45    6.63 ^ _07818_/Y (sky130_fd_sc_hd__a211oi_1)
                                         _01346_ (net)
                  0.49    0.00    6.63 ^ _07819_/A2 (sky130_fd_sc_hd__o21bai_1)
     2    0.01    0.13    0.18    6.81 v _07819_/Y (sky130_fd_sc_hd__o21bai_1)
                                         _01347_ (net)
                  0.13    0.00    6.81 v _07820_/A2 (sky130_fd_sc_hd__a21o_1)
     2    0.01    0.07    0.24    7.05 v _07820_/X (sky130_fd_sc_hd__a21o_1)
                                         _01348_ (net)
                  0.07    0.00    7.05 v _07821_/B (sky130_fd_sc_hd__xor2_1)
     2    0.01    0.22    0.21    7.27 ^ _07821_/X (sky130_fd_sc_hd__xor2_1)
                                         u_red.prod[36] (net)
                  0.22    0.00    7.27 ^ _14839_/B (sky130_fd_sc_hd__ha_1)
     1    0.01    0.09    0.31    7.57 v _14839_/SUM (sky130_fd_sc_hd__ha_1)
                                         _07726_ (net)
                  0.09    0.00    7.57 v _14893_/A (sky130_fd_sc_hd__ha_1)
     1    0.02    0.12    0.38    7.95 v _14893_/SUM (sky130_fd_sc_hd__ha_1)
                                         _07050_ (net)
                  0.12    0.00    7.96 v _14328_/A (sky130_fd_sc_hd__fa_1)
     1    0.00    0.06    0.56    8.51 ^ _14328_/SUM (sky130_fd_sc_hd__fa_1)
                                         _00091_ (net)
                  0.06    0.00    8.51 ^ _10481_/A (sky130_fd_sc_hd__inv_1)
     1    0.01    0.04    0.05    8.57 v _10481_/Y (sky130_fd_sc_hd__inv_1)
                                         _00216_ (net)
                  0.04    0.00    8.57 v _14468_/B (sky130_fd_sc_hd__fa_1)
     1    0.00    0.08    0.45    9.02 v _14468_/SUM (sky130_fd_sc_hd__fa_1)
                                         _07419_ (net)
                  0.08    0.00    9.02 v _14699_/A (sky130_fd_sc_hd__ha_1)
     2    0.01    0.06    0.23    9.25 v _14699_/COUT (sky130_fd_sc_hd__ha_1)
                                         _00533_ (net)
                  0.06    0.00    9.25 v _09646_/B (sky130_fd_sc_hd__or3_1)
     3    0.01    0.08    0.37    9.62 v _09646_/X (sky130_fd_sc_hd__or3_1)
                                         _02867_ (net)
                  0.08    0.00    9.62 v _09647_/B (sky130_fd_sc_hd__or2_2)
     3    0.01    0.07    0.31    9.93 v _09647_/X (sky130_fd_sc_hd__or2_2)
                                         _02868_ (net)
                  0.07    0.00    9.93 v _09648_/B1 (sky130_fd_sc_hd__a211oi_1)
     1    0.00    0.21    0.24   10.17 ^ _09648_/Y (sky130_fd_sc_hd__a211oi_1)
                                         _02869_ (net)
                  0.21    0.00   10.17 ^ place1501/A (sky130_fd_sc_hd__buf_4)
     3    0.01    0.05    0.17   10.33 ^ place1501/X (sky130_fd_sc_hd__buf_4)
                                         net1500 (net)
                  0.05    0.00   10.33 ^ _09655_/A3 (sky130_fd_sc_hd__o41ai_2)
     3    0.02    0.13    0.11   10.44 v _09655_/Y (sky130_fd_sc_hd__o41ai_2)
                                         _02876_ (net)
                  0.13    0.00   10.44 v _09720_/B2 (sky130_fd_sc_hd__o22ai_1)
     4    0.02    0.36    0.31   10.76 ^ _09720_/Y (sky130_fd_sc_hd__o22ai_1)
                                         _02941_ (net)
                  0.36    0.00   10.76 ^ _09738_/A1 (sky130_fd_sc_hd__o21ai_0)
     1    0.00    0.09    0.15   10.91 v _09738_/Y (sky130_fd_sc_hd__o21ai_0)
                                         _02959_ (net)
                  0.09    0.00   10.91 v _09747_/A2 (sky130_fd_sc_hd__a311oi_1)
     1    0.01    0.34    0.38   11.29 ^ _09747_/Y (sky130_fd_sc_hd__a311oi_1)
                                         _02968_ (net)
                  0.34    0.00   11.29 ^ place1497/A (sky130_fd_sc_hd__buf_4)
     1    0.01    0.04    0.18   11.47 ^ place1497/X (sky130_fd_sc_hd__buf_4)
                                         net1496 (net)
                  0.04    0.00   11.47 ^ _09757_/C (sky130_fd_sc_hd__nor4_2)
     1    0.01    0.06    0.04   11.51 v _09757_/Y (sky130_fd_sc_hd__nor4_2)
                                         _02978_ (net)
                  0.06    0.00   11.51 v place1475/A (sky130_fd_sc_hd__buf_4)
     9    0.06    0.08    0.20   11.71 v place1475/X (sky130_fd_sc_hd__buf_4)
                                         net1474 (net)
                  0.08    0.01   11.72 v _09770_/A (sky130_fd_sc_hd__nor2b_1)
     2    0.01    0.20    0.21   11.92 ^ _09770_/Y (sky130_fd_sc_hd__nor2b_1)
                                         _02987_ (net)
                  0.20    0.00   11.92 ^ _09771_/C (sky130_fd_sc_hd__nand3_1)
     1    0.00    0.11    0.12   12.04 v _09771_/Y (sky130_fd_sc_hd__nand3_1)
                                         _02988_ (net)
                  0.11    0.00   12.04 v _09772_/B (sky130_fd_sc_hd__xnor2_1)
     1    0.01    0.12    0.19   12.23 v _09772_/Y (sky130_fd_sc_hd__xnor2_1)
                                         s1_r[6] (net)
                  0.12    0.00   12.23 v place1462/A (sky130_fd_sc_hd__buf_12)
     1    0.04    0.04    0.17   12.40 v place1462/X (sky130_fd_sc_hd__buf_12)
                                         net1461 (net)
                  0.04    0.01   12.41 v s2_r[6]$_DFFE_PP_/D (sky130_fd_sc_hd__edfxtp_1)
                                 12.41   data arrival time

                         12.00   12.00   clock clk (rise edge)
                          0.00   12.00   clock source latency
     2    0.13    0.00    0.00   12.00 ^ clk (in)
                                         clk (net)
                  0.01    0.00   12.00 ^ clkbuf_regs_0_clk/A (sky130_fd_sc_hd__clkbuf_16)
     1    0.02    0.04    0.11   12.11 ^ clkbuf_regs_0_clk/X (sky130_fd_sc_hd__clkbuf_16)
                                         clk_regs (net)
                  0.04    0.00   12.11 ^ clkbuf_0_clk_regs/A (sky130_fd_sc_hd__clkbuf_16)
     4    0.15    0.16    0.22   12.33 ^ clkbuf_0_clk_regs/X (sky130_fd_sc_hd__clkbuf_16)
                                         clknet_0_clk_regs (net)
                  0.16    0.00   12.34 ^ clkbuf_2_0__f_clk_regs/A (sky130_fd_sc_hd__clkbuf_16)
    13    0.26    0.27    0.33   12.67 ^ clkbuf_2_0__f_clk_regs/X (sky130_fd_sc_hd__clkbuf_16)
                                         clknet_2_0__leaf_clk_regs (net)
                  0.27    0.01   12.68 ^ clkbuf_leaf_54_clk_regs/A (sky130_fd_sc_hd__clkbuf_16)
    15    0.05    0.07    0.22   12.90 ^ clkbuf_leaf_54_clk_regs/X (sky130_fd_sc_hd__clkbuf_16)
                                         clknet_leaf_54_clk_regs (net)
                  0.07    0.00   12.90 ^ s2_r[6]$_DFFE_PP_/CLK (sky130_fd_sc_hd__edfxtp_1)
                         -0.25   12.65   clock uncertainty
                          0.00   12.65   clock reconvergence pessimism
                         -0.24   12.41   library setup time
                                 12.41   data required time
-----------------------------------------------------------------------------
                                 12.41   data required time
                                -12.41   data arrival time
-----------------------------------------------------------------------------
                                  0.00   slack (MET)



==========================================================================
cts final report_checks -unconstrained
--------------------------------------------------------------------------
Startpoint: s1_prod[18]$_DFFE_PP_
            (rising edge-triggered flip-flop clocked by clk)
Endpoint: s2_r[6]$_DFFE_PP_ (rising edge-triggered flip-flop clocked by clk)
Path Group: clk
Path Type: max

Fanout     Cap    Slew   Delay    Time   Description
-----------------------------------------------------------------------------
                          0.00    0.00   clock clk (rise edge)
                          0.00    0.00   clock source latency
     2    0.13    0.00    0.00    0.00 ^ clk (in)
                                         clk (net)
                  0.01    0.00    0.00 ^ clkbuf_regs_0_clk/A (sky130_fd_sc_hd__clkbuf_16)
     1    0.02    0.04    0.11    0.11 ^ clkbuf_regs_0_clk/X (sky130_fd_sc_hd__clkbuf_16)
                                         clk_regs (net)
                  0.04    0.00    0.11 ^ clkbuf_0_clk_regs/A (sky130_fd_sc_hd__clkbuf_16)
     4    0.15    0.16    0.22    0.33 ^ clkbuf_0_clk_regs/X (sky130_fd_sc_hd__clkbuf_16)
                                         clknet_0_clk_regs (net)
                  0.16    0.00    0.34 ^ clkbuf_2_0__f_clk_regs/A (sky130_fd_sc_hd__clkbuf_16)
    13    0.26    0.27    0.33    0.67 ^ clkbuf_2_0__f_clk_regs/X (sky130_fd_sc_hd__clkbuf_16)
                                         clknet_2_0__leaf_clk_regs (net)
                  0.27    0.01    0.68 ^ clkbuf_leaf_0_clk_regs/A (sky130_fd_sc_hd__clkbuf_16)
    16    0.04    0.07    0.22    0.90 ^ clkbuf_leaf_0_clk_regs/X (sky130_fd_sc_hd__clkbuf_16)
                                         clknet_leaf_0_clk_regs (net)
                  0.07    0.00    0.90 ^ s1_prod[18]$_DFFE_PP_/CLK (sky130_fd_sc_hd__edfxtp_1)
     5    0.06    0.31    0.63    1.52 v s1_prod[18]$_DFFE_PP_/Q (sky130_fd_sc_hd__edfxtp_1)
                                         s1_prod[18] (net)
                  0.31    0.01    1.53 v _14261_/A (sky130_fd_sc_hd__fa_1)
     2    0.01    0.16    0.70    2.24 ^ _14261_/SUM (sky130_fd_sc_hd__fa_1)
                                         _06834_ (net)
                  0.16    0.00    2.24 ^ _14346_/B (sky130_fd_sc_hd__fa_1)
     1    0.01    0.11    0.48    2.71 v _14346_/SUM (sky130_fd_sc_hd__fa_1)
                                         _07117_ (net)
                  0.11    0.00    2.71 v _14367_/A (sky130_fd_sc_hd__fa_1)
     1    0.01    0.10    0.52    3.24 v _14367_/SUM (sky130_fd_sc_hd__fa_1)
                                         _07175_ (net)
                  0.10    0.00    3.24 v _14529_/A (sky130_fd_sc_hd__fa_1)
     1    0.01    0.09    0.58    3.81 ^ _14529_/SUM (sky130_fd_sc_hd__fa_1)
                                         _07288_ (net)
                  0.09    0.00    3.81 ^ _14403_/B (sky130_fd_sc_hd__fa_1)
     1    0.00    0.08    0.43    4.24 v _14403_/SUM (sky130_fd_sc_hd__fa_1)
                                         _07291_ (net)
                  0.08    0.00    4.24 v _14686_/A (sky130_fd_sc_hd__ha_1)
     2    0.01    0.07    0.32    4.56 v _14686_/SUM (sky130_fd_sc_hd__ha_1)
                                         _00511_ (net)
                  0.07    0.00    4.56 v _07783_/A1 (sky130_fd_sc_hd__a21o_1)
     1    0.00    0.03    0.16    4.72 v _07783_/X (sky130_fd_sc_hd__a21o_1)
                                         _01311_ (net)
                  0.03    0.00    4.72 v _07784_/A2 (sky130_fd_sc_hd__a21o_1)
     1    0.00    0.03    0.16    4.88 v _07784_/X (sky130_fd_sc_hd__a21o_1)
                                         _01312_ (net)
                  0.03    0.00    4.88 v _07785_/A2 (sky130_fd_sc_hd__a21oi_1)
     1    0.01    0.17    0.18    5.06 ^ _07785_/Y (sky130_fd_sc_hd__a21oi_1)
                                         _01313_ (net)
                  0.17    0.00    5.06 ^ _07791_/B1 (sky130_fd_sc_hd__o211ai_1)
     3    0.02    0.20    0.22    5.28 v _07791_/Y (sky130_fd_sc_hd__o211ai_1)
                                         _01319_ (net)
                  0.20    0.00    5.28 v _07805_/A2 (sky130_fd_sc_hd__o31ai_1)
     3    0.01    0.49    0.51    5.79 ^ _07805_/Y (sky130_fd_sc_hd__o31ai_1)
                                         _01333_ (net)
                  0.49    0.00    5.79 ^ _07811_/A1 (sky130_fd_sc_hd__o2111ai_1)
     1    0.00    0.11    0.18    5.98 v _07811_/Y (sky130_fd_sc_hd__o2111ai_1)
                                         _01339_ (net)
                  0.11    0.00    5.98 v _07813_/B1 (sky130_fd_sc_hd__o211a_1)
     3    0.02    0.09    0.20    6.18 v _07813_/X (sky130_fd_sc_hd__o211a_1)
                                         _01341_ (net)
                  0.09    0.00    6.18 v _07818_/A1 (sky130_fd_sc_hd__a211oi_1)
     2    0.01    0.49    0.45    6.63 ^ _07818_/Y (sky130_fd_sc_hd__a211oi_1)
                                         _01346_ (net)
                  0.49    0.00    6.63 ^ _07819_/A2 (sky130_fd_sc_hd__o21bai_1)
     2    0.01    0.13    0.18    6.81 v _07819_/Y (sky130_fd_sc_hd__o21bai_1)
                                         _01347_ (net)
                  0.13    0.00    6.81 v _07820_/A2 (sky130_fd_sc_hd__a21o_1)
     2    0.01    0.07    0.24    7.05 v _07820_/X (sky130_fd_sc_hd__a21o_1)
                                         _01348_ (net)
                  0.07    0.00    7.05 v _07821_/B (sky130_fd_sc_hd__xor2_1)
     2    0.01    0.22    0.21    7.27 ^ _07821_/X (sky130_fd_sc_hd__xor2_1)
                                         u_red.prod[36] (net)
                  0.22    0.00    7.27 ^ _14839_/B (sky130_fd_sc_hd__ha_1)
     1    0.01    0.09    0.31    7.57 v _14839_/SUM (sky130_fd_sc_hd__ha_1)
                                         _07726_ (net)
                  0.09    0.00    7.57 v _14893_/A (sky130_fd_sc_hd__ha_1)
     1    0.02    0.12    0.38    7.95 v _14893_/SUM (sky130_fd_sc_hd__ha_1)
                                         _07050_ (net)
                  0.12    0.00    7.96 v _14328_/A (sky130_fd_sc_hd__fa_1)
     1    0.00    0.06    0.56    8.51 ^ _14328_/SUM (sky130_fd_sc_hd__fa_1)
                                         _00091_ (net)
                  0.06    0.00    8.51 ^ _10481_/A (sky130_fd_sc_hd__inv_1)
     1    0.01    0.04    0.05    8.57 v _10481_/Y (sky130_fd_sc_hd__inv_1)
                                         _00216_ (net)
                  0.04    0.00    8.57 v _14468_/B (sky130_fd_sc_hd__fa_1)
     1    0.00    0.08    0.45    9.02 v _14468_/SUM (sky130_fd_sc_hd__fa_1)
                                         _07419_ (net)
                  0.08    0.00    9.02 v _14699_/A (sky130_fd_sc_hd__ha_1)
     2    0.01    0.06    0.23    9.25 v _14699_/COUT (sky130_fd_sc_hd__ha_1)
                                         _00533_ (net)
                  0.06    0.00    9.25 v _09646_/B (sky130_fd_sc_hd__or3_1)
     3    0.01    0.08    0.37    9.62 v _09646_/X (sky130_fd_sc_hd__or3_1)
                                         _02867_ (net)
                  0.08    0.00    9.62 v _09647_/B (sky130_fd_sc_hd__or2_2)
     3    0.01    0.07    0.31    9.93 v _09647_/X (sky130_fd_sc_hd__or2_2)
                                         _02868_ (net)
                  0.07    0.00    9.93 v _09648_/B1 (sky130_fd_sc_hd__a211oi_1)
     1    0.00    0.21    0.24   10.17 ^ _09648_/Y (sky130_fd_sc_hd__a211oi_1)
                                         _02869_ (net)
                  0.21    0.00   10.17 ^ place1501/A (sky130_fd_sc_hd__buf_4)
     3    0.01    0.05    0.17   10.33 ^ place1501/X (sky130_fd_sc_hd__buf_4)
                                         net1500 (net)
                  0.05    0.00   10.33 ^ _09655_/A3 (sky130_fd_sc_hd__o41ai_2)
     3    0.02    0.13    0.11   10.44 v _09655_/Y (sky130_fd_sc_hd__o41ai_2)
                                         _02876_ (net)
                  0.13    0.00   10.44 v _09720_/B2 (sky130_fd_sc_hd__o22ai_1)
     4    0.02    0.36    0.31   10.76 ^ _09720_/Y (sky130_fd_sc_hd__o22ai_1)
                                         _02941_ (net)
                  0.36    0.00   10.76 ^ _09738_/A1 (sky130_fd_sc_hd__o21ai_0)
     1    0.00    0.09    0.15   10.91 v _09738_/Y (sky130_fd_sc_hd__o21ai_0)
                                         _02959_ (net)
                  0.09    0.00   10.91 v _09747_/A2 (sky130_fd_sc_hd__a311oi_1)
     1    0.01    0.34    0.38   11.29 ^ _09747_/Y (sky130_fd_sc_hd__a311oi_1)
                                         _02968_ (net)
                  0.34    0.00   11.29 ^ place1497/A (sky130_fd_sc_hd__buf_4)
     1    0.01    0.04    0.18   11.47 ^ place1497/X (sky130_fd_sc_hd__buf_4)
                                         net1496 (net)
                  0.04    0.00   11.47 ^ _09757_/C (sky130_fd_sc_hd__nor4_2)
     1    0.01    0.06    0.04   11.51 v _09757_/Y (sky130_fd_sc_hd__nor4_2)
                                         _02978_ (net)
                  0.06    0.00   11.51 v place1475/A (sky130_fd_sc_hd__buf_4)
     9    0.06    0.08    0.20   11.71 v place1475/X (sky130_fd_sc_hd__buf_4)
                                         net1474 (net)
                  0.08    0.01   11.72 v _09770_/A (sky130_fd_sc_hd__nor2b_1)
     2    0.01    0.20    0.21   11.92 ^ _09770_/Y (sky130_fd_sc_hd__nor2b_1)
                                         _02987_ (net)
                  0.20    0.00   11.92 ^ _09771_/C (sky130_fd_sc_hd__nand3_1)
     1    0.00    0.11    0.12   12.04 v _09771_/Y (sky130_fd_sc_hd__nand3_1)
                                         _02988_ (net)
                  0.11    0.00   12.04 v _09772_/B (sky130_fd_sc_hd__xnor2_1)
     1    0.01    0.12    0.19   12.23 v _09772_/Y (sky130_fd_sc_hd__xnor2_1)
                                         s1_r[6] (net)
                  0.12    0.00   12.23 v place1462/A (sky130_fd_sc_hd__buf_12)
     1    0.04    0.04    0.17   12.40 v place1462/X (sky130_fd_sc_hd__buf_12)
                                         net1461 (net)
                  0.04    0.01   12.41 v s2_r[6]$_DFFE_PP_/D (sky130_fd_sc_hd__edfxtp_1)
                                 12.41   data arrival time

                         12.00   12.00   clock clk (rise edge)
                          0.00   12.00   clock source latency
     2    0.13    0.00    0.00   12.00 ^ clk (in)
                                         clk (net)
                  0.01    0.00   12.00 ^ clkbuf_regs_0_clk/A (sky130_fd_sc_hd__clkbuf_16)
     1    0.02    0.04    0.11   12.11 ^ clkbuf_regs_0_clk/X (sky130_fd_sc_hd__clkbuf_16)
                                         clk_regs (net)
                  0.04    0.00   12.11 ^ clkbuf_0_clk_regs/A (sky130_fd_sc_hd__clkbuf_16)
     4    0.15    0.16    0.22   12.33 ^ clkbuf_0_clk_regs/X (sky130_fd_sc_hd__clkbuf_16)
                                         clknet_0_clk_regs (net)
                  0.16    0.00   12.34 ^ clkbuf_2_0__f_clk_regs/A (sky130_fd_sc_hd__clkbuf_16)
    13    0.26    0.27    0.33   12.67 ^ clkbuf_2_0__f_clk_regs/X (sky130_fd_sc_hd__clkbuf_16)
                                         clknet_2_0__leaf_clk_regs (net)
                  0.27    0.01   12.68 ^ clkbuf_leaf_54_clk_regs/A (sky130_fd_sc_hd__clkbuf_16)
    15    0.05    0.07    0.22   12.90 ^ clkbuf_leaf_54_clk_regs/X (sky130_fd_sc_hd__clkbuf_16)
                                         clknet_leaf_54_clk_regs (net)
                  0.07    0.00   12.90 ^ s2_r[6]$_DFFE_PP_/CLK (sky130_fd_sc_hd__edfxtp_1)
                         -0.25   12.65   clock uncertainty
                          0.00   12.65   clock reconvergence pessimism
                         -0.24   12.41   library setup time
                                 12.41   data required time
-----------------------------------------------------------------------------
                                 12.41   data required time
                                -12.41   data arrival time
-----------------------------------------------------------------------------
                                  0.00   slack (MET)



==========================================================================
cts final report_check_types -max_slew -max_cap -max_fanout -violators
--------------------------------------------------------------------------
max slew

Pin                                    Limit    Slew   Slack
------------------------------------------------------------
u_sram.u_macro/addr0[4]                 0.04    0.16   -0.12 (VIOLATED)
u_sram.u_macro/addr0[2]                 0.04    0.15   -0.11 (VIOLATED)
u_sram.u_macro/addr0[3]                 0.04    0.15   -0.11 (VIOLATED)
u_sram.u_macro/addr0[1]                 0.04    0.13   -0.09 (VIOLATED)
u_sram.u_macro/addr0[5]                 0.04    0.13   -0.09 (VIOLATED)
u_sram.u_macro/addr0[6]                 0.04    0.13   -0.09 (VIOLATED)
u_sram.u_macro/addr0[0]                 0.04    0.13   -0.09 (VIOLATED)


==========================================================================
cts final max_slew_check_slack
--------------------------------------------------------------------------
-0.11610408127307892

==========================================================================
cts final max_slew_check_limit
--------------------------------------------------------------------------
0.03999999910593033

==========================================================================
cts final max_slew_check_slack_limit
--------------------------------------------------------------------------
-2.9026

==========================================================================
cts final max_fanout_check_slack
--------------------------------------------------------------------------
3.0

==========================================================================
cts final max_fanout_check_limit
--------------------------------------------------------------------------
4.0

==========================================================================
cts final max_fanout_check_slack_limit
--------------------------------------------------------------------------
0.7500

==========================================================================
cts final max_capacitance_check_slack
--------------------------------------------------------------------------
0.013220101594924927

==========================================================================
cts final max_capacitance_check_limit
--------------------------------------------------------------------------
0.021067000925540924

==========================================================================
cts final max_capacitance_check_slack_limit
--------------------------------------------------------------------------
0.6275

==========================================================================
cts final max_slew_violation_count
--------------------------------------------------------------------------
max slew violation count 7

==========================================================================
cts final max_fanout_violation_count
--------------------------------------------------------------------------
max fanout violation count 0

==========================================================================
cts final max_cap_violation_count
--------------------------------------------------------------------------
max cap violation count 0

==========================================================================
cts final setup_violation_count
--------------------------------------------------------------------------
setup violation count 0

==========================================================================
cts final hold_violation_count
--------------------------------------------------------------------------
hold violation count 0

==========================================================================
cts final report_checks -path_delay max reg to reg
--------------------------------------------------------------------------
Startpoint: s1_prod[18]$_DFFE_PP_
            (rising edge-triggered flip-flop clocked by clk)
Endpoint: s2_r[6]$_DFFE_PP_ (rising edge-triggered flip-flop clocked by clk)
Path Group: clk
Path Type: max

  Delay    Time   Description
---------------------------------------------------------
   0.00    0.00   clock clk (rise edge)
   0.00    0.00   clock source latency
   0.00    0.00 ^ clk (in)
   0.11    0.11 ^ clkbuf_regs_0_clk/X (sky130_fd_sc_hd__clkbuf_16)
   0.22    0.33 ^ clkbuf_0_clk_regs/X (sky130_fd_sc_hd__clkbuf_16)
   0.34    0.67 ^ clkbuf_2_0__f_clk_regs/X (sky130_fd_sc_hd__clkbuf_16)
   0.23    0.90 ^ clkbuf_leaf_0_clk_regs/X (sky130_fd_sc_hd__clkbuf_16)
   0.00    0.90 ^ s1_prod[18]$_DFFE_PP_/CLK (sky130_fd_sc_hd__edfxtp_1)
   0.63    1.52 v s1_prod[18]$_DFFE_PP_/Q (sky130_fd_sc_hd__edfxtp_1)
   0.71    2.24 ^ _14261_/SUM (sky130_fd_sc_hd__fa_1)
   0.48    2.71 v _14346_/SUM (sky130_fd_sc_hd__fa_1)
   0.52    3.24 v _14367_/SUM (sky130_fd_sc_hd__fa_1)
   0.58    3.81 ^ _14529_/SUM (sky130_fd_sc_hd__fa_1)
   0.43    4.24 v _14403_/SUM (sky130_fd_sc_hd__fa_1)
   0.32    4.56 v _14686_/SUM (sky130_fd_sc_hd__ha_1)
   0.16    4.72 v _07783_/X (sky130_fd_sc_hd__a21o_1)
   0.16    4.88 v _07784_/X (sky130_fd_sc_hd__a21o_1)
   0.18    5.06 ^ _07785_/Y (sky130_fd_sc_hd__a21oi_1)
   0.22    5.28 v _07791_/Y (sky130_fd_sc_hd__o211ai_1)
   0.51    5.79 ^ _07805_/Y (sky130_fd_sc_hd__o31ai_1)
   0.19    5.98 v _07811_/Y (sky130_fd_sc_hd__o2111ai_1)
   0.20    6.18 v _07813_/X (sky130_fd_sc_hd__o211a_1)
   0.45    6.63 ^ _07818_/Y (sky130_fd_sc_hd__a211oi_1)
   0.18    6.81 v _07819_/Y (sky130_fd_sc_hd__o21bai_1)
   0.24    7.05 v _07820_/X (sky130_fd_sc_hd__a21o_1)
   0.22    7.27 ^ _07821_/X (sky130_fd_sc_hd__xor2_1)
   0.31    7.57 v _14839_/SUM (sky130_fd_sc_hd__ha_1)
   0.38    7.95 v _14893_/SUM (sky130_fd_sc_hd__ha_1)
   0.56    8.51 ^ _14328_/SUM (sky130_fd_sc_hd__fa_1)
   0.05    8.57 v _10481_/Y (sky130_fd_sc_hd__inv_1)
   0.45    9.02 v _14468_/SUM (sky130_fd_sc_hd__fa_1)
   0.23    9.25 v _14699_/COUT (sky130_fd_sc_hd__ha_1)
   0.37    9.62 v _09646_/X (sky130_fd_sc_hd__or3_1)
   0.31    9.93 v _09647_/X (sky130_fd_sc_hd__or2_2)
   0.24   10.17 ^ _09648_/Y (sky130_fd_sc_hd__a211oi_1)
   0.17   10.33 ^ place1501/X (sky130_fd_sc_hd__buf_4)
   0.11   10.44 v _09655_/Y (sky130_fd_sc_hd__o41ai_2)
   0.31   10.76 ^ _09720_/Y (sky130_fd_sc_hd__o22ai_1)
   0.15   10.91 v _09738_/Y (sky130_fd_sc_hd__o21ai_0)
   0.38   11.29 ^ _09747_/Y (sky130_fd_sc_hd__a311oi_1)
   0.18   11.47 ^ place1497/X (sky130_fd_sc_hd__buf_4)
   0.04   11.51 v _09757_/Y (sky130_fd_sc_hd__nor4_2)
   0.20   11.71 v place1475/X (sky130_fd_sc_hd__buf_4)
   0.22   11.92 ^ _09770_/Y (sky130_fd_sc_hd__nor2b_1)
   0.12   12.04 v _09771_/Y (sky130_fd_sc_hd__nand3_1)
   0.19   12.23 v _09772_/Y (sky130_fd_sc_hd__xnor2_1)
   0.17   12.40 v place1462/X (sky130_fd_sc_hd__buf_12)
   0.01   12.41 v s2_r[6]$_DFFE_PP_/D (sky130_fd_sc_hd__edfxtp_1)
          12.41   data arrival time

  12.00   12.00   clock clk (rise edge)
   0.00   12.00   clock source latency
   0.00   12.00 ^ clk (in)
   0.11   12.11 ^ clkbuf_regs_0_clk/X (sky130_fd_sc_hd__clkbuf_16)
   0.22   12.33 ^ clkbuf_0_clk_regs/X (sky130_fd_sc_hd__clkbuf_16)
   0.34   12.67 ^ clkbuf_2_0__f_clk_regs/X (sky130_fd_sc_hd__clkbuf_16)
   0.23   12.90 ^ clkbuf_leaf_54_clk_regs/X (sky130_fd_sc_hd__clkbuf_16)
   0.00   12.90 ^ s2_r[6]$_DFFE_PP_/CLK (sky130_fd_sc_hd__edfxtp_1)
  -0.25   12.65   clock uncertainty
   0.00   12.65   clock reconvergence pessimism
  -0.24   12.41   library setup time
          12.41   data required time
---------------------------------------------------------
          12.41   data required time
         -12.41   data arrival time
---------------------------------------------------------
           0.00   slack (MET)



==========================================================================
cts final report_checks -path_delay min reg to reg
--------------------------------------------------------------------------
Startpoint: s1_sb[1]$_DFFE_PP_ (rising edge-triggered flip-flop clocked by clk)
Endpoint: s2_sb[1]$_DFFE_PP_ (rising edge-triggered flip-flop clocked by clk)
Path Group: clk
Path Type: min

  Delay    Time   Description
---------------------------------------------------------
   0.00    0.00   clock clk (rise edge)
   0.00    0.00   clock source latency
   0.00    0.00 ^ clk (in)
   0.11    0.11 ^ clkbuf_regs_0_clk/X (sky130_fd_sc_hd__clkbuf_16)
   0.22    0.33 ^ clkbuf_0_clk_regs/X (sky130_fd_sc_hd__clkbuf_16)
   0.35    0.68 ^ clkbuf_2_1__f_clk_regs/X (sky130_fd_sc_hd__clkbuf_16)
   0.22    0.91 ^ clkbuf_leaf_12_clk_regs/X (sky130_fd_sc_hd__clkbuf_16)
   0.00    0.91 ^ s1_sb[1]$_DFFE_PP_/CLK (sky130_fd_sc_hd__edfxtp_1)
   0.32    1.22 ^ s1_sb[1]$_DFFE_PP_/Q (sky130_fd_sc_hd__edfxtp_1)
   0.00    1.22 ^ s2_sb[1]$_DFFE_PP_/D (sky130_fd_sc_hd__edfxtp_1)
           1.22   data arrival time

   0.00    0.00   clock clk (rise edge)
   0.00    0.00   clock source latency
   0.00    0.00 ^ clk (in)
   0.11    0.11 ^ clkbuf_regs_0_clk/X (sky130_fd_sc_hd__clkbuf_16)
   0.22    0.33 ^ clkbuf_0_clk_regs/X (sky130_fd_sc_hd__clkbuf_16)
   0.35    0.68 ^ clkbuf_2_1__f_clk_regs/X (sky130_fd_sc_hd__clkbuf_16)
   0.23    0.91 ^ clkbuf_leaf_15_clk_regs/X (sky130_fd_sc_hd__clkbuf_16)
   0.00    0.91 ^ s2_sb[1]$_DFFE_PP_/CLK (sky130_fd_sc_hd__edfxtp_1)
   0.25    1.16   clock uncertainty
   0.00    1.16   clock reconvergence pessimism
  -0.10    1.06   library hold time
           1.06   data required time
---------------------------------------------------------
           1.06   data required time
          -1.22   data arrival time
---------------------------------------------------------
           0.17   slack (MET)



==========================================================================
cts final critical path target clock latency max path
--------------------------------------------------------------------------
0.8408

==========================================================================
cts final critical path target clock latency min path
--------------------------------------------------------------------------
0.9091

==========================================================================
cts final critical path source clock latency min path
--------------------------------------------------------------------------
0.0000

==========================================================================
cts final critical path delay
--------------------------------------------------------------------------
12.4070

==========================================================================
cts final critical path slack
--------------------------------------------------------------------------
0.0009

==========================================================================
cts final slack div critical path delay
--------------------------------------------------------------------------
0.007254

==========================================================================
cts final report_power
--------------------------------------------------------------------------
Group                  Internal  Switching    Leakage      Total
                          Power      Power      Power      Power (Watts)
----------------------------------------------------------------
Sequential             4.33e-03   1.05e-03   6.63e-09   5.38e-03   0.0%
Combinational          6.98e-02   9.05e-02   2.47e-08   1.60e-01   0.0%
Clock                  1.26e-03   1.06e-03   1.13e-09   2.32e-03   0.0%
Macro                  5.59e+06   0.00e+00   3.52e-06   5.59e+06 100.0%
Pad                    0.00e+00   0.00e+00   0.00e+00   0.00e+00   0.0%
----------------------------------------------------------------
Total                  5.59e+06   9.26e-02   3.55e-06   5.59e+06 100.0%
                         100.0%       0.0%       0.0%
