violation type: Short
	srcs: net:_04670_ net:net1845
	bbox = (483.5300, 371.7200) - (483.6700, 371.8600) on Layer met1
violation type: Short
	srcs: net:_04670_ net:net1845
	bbox = (507.5400, 371.7200) - (507.6800, 371.8600) on Layer met1
violation type: Short
	srcs: net:net1751 net:net1845
	bbox = (530.4500, 371.7200) - (530.7700, 371.8600) on Layer met1
violation type: Short
	srcs: net:net1751 net:net1845
	bbox = (530.4500, 371.7200) - (531.6000, 371.8600) on Layer met1
violation type: Short
	srcs: net:net1751 net:net1845
	bbox = (531.4600, 371.7200) - (531.6000, 371.8600) on Layer met1
violation type: Short
	srcs: net:VSS net:net1845
	bbox = (536.9800, 370.0200) - (537.1200, 370.1600) on Layer met1
violation type: Short
	srcs: net:VSS net:net1845
	bbox = (536.9800, 370.0200) - (537.5800, 370.1600) on Layer met1
violation type: Short
	srcs: net:VSS net:net1845
	bbox = (537.4400, 369.6800) - (537.5800, 370.1600) on Layer met1
violation type: Short
	srcs: net:_04552_ net:s2_v
	bbox = (379.6600, 364.9200) - (379.8000, 365.0600) on Layer met2
