
==========================================================================
finish report_tns
--------------------------------------------------------------------------
tns max -0.37

==========================================================================
finish report_wns
--------------------------------------------------------------------------
wns max -0.15

==========================================================================
finish report_worst_slack
--------------------------------------------------------------------------
worst slack max -0.15

==========================================================================
finish report_clock_min_period
--------------------------------------------------------------------------
clk period_min = 11.80 fmax = 84.78

==========================================================================
finish report_clock_skew
--------------------------------------------------------------------------
Clock clk
   0.93 source latency bank[292]$_DFFE_PN0P_/CLK ^
  -0.84 target latency u_sram.u_macro/clk0 ^
   0.25 clock uncertainty
   0.00 CRPR
--------------
   0.34 setup skew


==========================================================================
finish report_checks -path_delay min
--------------------------------------------------------------------------
Startpoint: s1_sb[1]$_DFFE_PP_ (rising edge-triggered flip-flop clocked by clk)
Endpoint: s2_sb[1]$_DFFE_PP_ (rising edge-triggered flip-flop clocked by clk)
Path Group: clk
Path Type: min

Fanout     Cap    Slew   Delay    Time   Description
-----------------------------------------------------------------------------
                          0.00    0.00   clock clk (rise edge)
                          0.00    0.00   clock source latency
     2    0.11    0.00    0.00    0.00 ^ clk (in)
                                         clk (net)
                  0.01    0.00    0.00 ^ clkbuf_regs_0_clk/A (sky130_fd_sc_hd__clkbuf_16)
     1    0.01    0.04    0.11    0.11 ^ clkbuf_regs_0_clk/X (sky130_fd_sc_hd__clkbuf_16)
                                         clk_regs (net)
                  0.04    0.00    0.11 ^ clkbuf_0_clk_regs/A (sky130_fd_sc_hd__clkbuf_16)
     4    0.13    0.15    0.21    0.32 ^ clkbuf_0_clk_regs/X (sky130_fd_sc_hd__clkbuf_16)
                                         clknet_0_clk_regs (net)
                  0.15    0.00    0.32 ^ clkbuf_2_1__f_clk_regs/A (sky130_fd_sc_hd__clkbuf_16)
    15    0.27    0.28    0.34    0.66 ^ clkbuf_2_1__f_clk_regs/X (sky130_fd_sc_hd__clkbuf_16)
                                         clknet_2_1__leaf_clk_regs (net)
                  0.28    0.01    0.67 ^ clkbuf_leaf_12_clk_regs/A (sky130_fd_sc_hd__clkbuf_16)
     8    0.03    0.06    0.21    0.88 ^ clkbuf_leaf_12_clk_regs/X (sky130_fd_sc_hd__clkbuf_16)
                                         clknet_leaf_12_clk_regs (net)
                  0.06    0.00    0.88 ^ s1_sb[1]$_DFFE_PP_/CLK (sky130_fd_sc_hd__edfxtp_1)
     1    0.00    0.05    0.32    1.20 ^ s1_sb[1]$_DFFE_PP_/Q (sky130_fd_sc_hd__edfxtp_1)
                                         s1_sb[1] (net)
                  0.05    0.00    1.20 ^ s2_sb[1]$_DFFE_PP_/D (sky130_fd_sc_hd__edfxtp_1)
                                  1.20   data arrival time

                          0.00    0.00   clock clk (rise edge)
                          0.00    0.00   clock source latency
     2    0.11    0.00    0.00    0.00 ^ clk (in)
                                         clk (net)
                  0.01    0.00    0.00 ^ clkbuf_regs_0_clk/A (sky130_fd_sc_hd__clkbuf_16)
     1    0.01    0.04    0.11    0.11 ^ clkbuf_regs_0_clk/X (sky130_fd_sc_hd__clkbuf_16)
                                         clk_regs (net)
                  0.04    0.00    0.11 ^ clkbuf_0_clk_regs/A (sky130_fd_sc_hd__clkbuf_16)
     4    0.13    0.15    0.21    0.32 ^ clkbuf_0_clk_regs/X (sky130_fd_sc_hd__clkbuf_16)
                                         clknet_0_clk_regs (net)
                  0.15    0.00    0.32 ^ clkbuf_2_1__f_clk_regs/A (sky130_fd_sc_hd__clkbuf_16)
    15    0.27    0.28    0.34    0.66 ^ clkbuf_2_1__f_clk_regs/X (sky130_fd_sc_hd__clkbuf_16)
                                         clknet_2_1__leaf_clk_regs (net)
                  0.28    0.01    0.67 ^ clkbuf_leaf_15_clk_regs/A (sky130_fd_sc_hd__clkbuf_16)
    13    0.04    0.06    0.22    0.89 ^ clkbuf_leaf_15_clk_regs/X (sky130_fd_sc_hd__clkbuf_16)
                                         clknet_leaf_15_clk_regs (net)
                  0.06    0.00    0.89 ^ s2_sb[1]$_DFFE_PP_/CLK (sky130_fd_sc_hd__edfxtp_1)
                          0.25    1.14   clock uncertainty
                          0.00    1.14   clock reconvergence pessimism
                         -0.10    1.03   library hold time
                                  1.03   data required time
-----------------------------------------------------------------------------
                                  1.03   data required time
                                 -1.20   data arrival time
-----------------------------------------------------------------------------
                                  0.16   slack (MET)



==========================================================================
finish report_checks -path_delay max
--------------------------------------------------------------------------
Startpoint: u_sram.u_macro (falling edge-triggered flip-flop clocked by clk)
Endpoint: rdata[5] (output port clocked by clk)
Path Group: clk
Path Type: max

Fanout     Cap    Slew   Delay    Time   Description
-----------------------------------------------------------------------------
                          6.00    6.00   clock clk (fall edge)
                          0.00    6.00   clock source latency
     2    0.11    0.00    0.00    6.00 v clk (in)
                                         clk (net)
                  0.00    0.00    6.00 v delaybuf_0_clk/A (sky130_fd_sc_hd__clkbuf_16)
     1    0.02    0.03    0.12    6.13 v delaybuf_0_clk/X (sky130_fd_sc_hd__clkbuf_16)
                                         delaynet_0_clk (net)
                  0.03    0.00    6.13 v delaybuf_1_clk/A (sky130_fd_sc_hd__clkbuf_16)
     1    0.02    0.03    0.14    6.27 v delaybuf_1_clk/X (sky130_fd_sc_hd__clkbuf_16)
                                         delaynet_1_clk (net)
                  0.03    0.00    6.27 v delaybuf_2_clk/A (sky130_fd_sc_hd__clkbuf_16)
     1    0.01    0.03    0.14    6.40 v delaybuf_2_clk/X (sky130_fd_sc_hd__clkbuf_16)
                                         delaynet_2_clk (net)
                  0.03    0.00    6.40 v delaybuf_3_clk/A (sky130_fd_sc_hd__clkbuf_16)
     1    0.03    0.04    0.15    6.55 v delaybuf_3_clk/X (sky130_fd_sc_hd__clkbuf_16)
                                         delaynet_3_clk (net)
                  0.04    0.00    6.55 v delaybuf_4_clk/A (sky130_fd_sc_hd__clkbuf_16)
     1    0.02    0.04    0.15    6.70 v delaybuf_4_clk/X (sky130_fd_sc_hd__clkbuf_16)
                                         delaynet_4_clk (net)
                  0.04    0.00    6.70 v clkbuf_0_clk/A (sky130_fd_sc_hd__clkbuf_16)
     1    0.01    0.03    0.13    6.83 v clkbuf_0_clk/X (sky130_fd_sc_hd__clkbuf_16)
                                         clknet_0_clk (net)
                  0.03    0.00    6.83 v clkbuf_1_0__f_clk/A (sky130_fd_sc_hd__clkbuf_16)
     1    0.01    0.03    0.13    6.96 v clkbuf_1_0__f_clk/X (sky130_fd_sc_hd__clkbuf_16)
                                         clknet_1_0__leaf_clk (net)
                  0.04    0.00    6.96 v u_sram.u_macro/clk0 (sky130_sram_1rw_24x128)
     1    0.00    0.00    0.38    7.34 ^ u_sram.u_macro/dout0[17] (sky130_sram_1rw_24x128)
                                         u_sram.dout0[17] (net)
                  0.00    0.00    7.34 ^ wire2284/A (sky130_fd_sc_hd__buf_1)
     1    0.00    0.04    0.07    7.41 ^ wire2284/X (sky130_fd_sc_hd__buf_1)
                                         net2283 (net)
                  0.04    0.00    7.41 ^ wire2283/A (sky130_fd_sc_hd__clkbuf_4)
     1    0.12    0.37    0.33    7.74 ^ wire2283/X (sky130_fd_sc_hd__clkbuf_4)
                                         net2282 (net)
                  0.38    0.05    7.80 ^ wire2282/A (sky130_fd_sc_hd__buf_2)
     1    0.01    0.05    0.20    7.99 ^ wire2282/X (sky130_fd_sc_hd__buf_2)
                                         net2281 (net)
                  0.05    0.00    7.99 ^ wire2281/A (sky130_fd_sc_hd__buf_2)
     2    0.02    0.10    0.15    8.14 ^ wire2281/X (sky130_fd_sc_hd__buf_2)
                                         net2280 (net)
                  0.10    0.00    8.15 ^ wire2279/A (sky130_fd_sc_hd__buf_1)
     1    0.02    0.28    0.26    8.41 ^ wire2279/X (sky130_fd_sc_hd__buf_1)
                                         net2278 (net)
                  0.28    0.00    8.41 ^ wire2278/A (sky130_fd_sc_hd__buf_2)
     1    0.03    0.16    0.26    8.67 ^ wire2278/X (sky130_fd_sc_hd__buf_2)
                                         net2277 (net)
                  0.16    0.00    8.68 ^ _10009_/A1 (sky130_fd_sc_hd__mux2_2)
     7    0.07    0.37    0.42    9.09 ^ _10009_/X (sky130_fd_sc_hd__mux2_2)
                                         net51 (net)
                  0.37    0.02    9.11 ^ output52/A (sky130_fd_sc_hd__dlygate4sd2_1)
     1    0.02    0.22    0.39    9.50 ^ output52/X (sky130_fd_sc_hd__dlygate4sd2_1)
                                         rdata[5] (net)
                  0.22    0.00    9.50 ^ rdata[5] (out)
                                  9.50   data arrival time

                         12.00   12.00   clock clk (rise edge)
                          0.00   12.00   clock network delay (propagated)
                         -0.25   11.75   clock uncertainty
                          0.00   11.75   clock reconvergence pessimism
                         -2.40    9.35   output external delay
                                  9.35   data required time
-----------------------------------------------------------------------------
                                  9.35   data required time
                                 -9.50   data arrival time
-----------------------------------------------------------------------------
                                 -0.15   slack (VIOLATED)



==========================================================================
finish report_checks -unconstrained
--------------------------------------------------------------------------
Startpoint: u_sram.u_macro (falling edge-triggered flip-flop clocked by clk)
Endpoint: rdata[5] (output port clocked by clk)
Path Group: clk
Path Type: max

Fanout     Cap    Slew   Delay    Time   Description
-----------------------------------------------------------------------------
                          6.00    6.00   clock clk (fall edge)
                          0.00    6.00   clock source latency
     2    0.11    0.00    0.00    6.00 v clk (in)
                                         clk (net)
                  0.00    0.00    6.00 v delaybuf_0_clk/A (sky130_fd_sc_hd__clkbuf_16)
     1    0.02    0.03    0.12    6.13 v delaybuf_0_clk/X (sky130_fd_sc_hd__clkbuf_16)
                                         delaynet_0_clk (net)
                  0.03    0.00    6.13 v delaybuf_1_clk/A (sky130_fd_sc_hd__clkbuf_16)
     1    0.02    0.03    0.14    6.27 v delaybuf_1_clk/X (sky130_fd_sc_hd__clkbuf_16)
                                         delaynet_1_clk (net)
                  0.03    0.00    6.27 v delaybuf_2_clk/A (sky130_fd_sc_hd__clkbuf_16)
     1    0.01    0.03    0.14    6.40 v delaybuf_2_clk/X (sky130_fd_sc_hd__clkbuf_16)
                                         delaynet_2_clk (net)
                  0.03    0.00    6.40 v delaybuf_3_clk/A (sky130_fd_sc_hd__clkbuf_16)
     1    0.03    0.04    0.15    6.55 v delaybuf_3_clk/X (sky130_fd_sc_hd__clkbuf_16)
                                         delaynet_3_clk (net)
                  0.04    0.00    6.55 v delaybuf_4_clk/A (sky130_fd_sc_hd__clkbuf_16)
     1    0.02    0.04    0.15    6.70 v delaybuf_4_clk/X (sky130_fd_sc_hd__clkbuf_16)
                                         delaynet_4_clk (net)
                  0.04    0.00    6.70 v clkbuf_0_clk/A (sky130_fd_sc_hd__clkbuf_16)
     1    0.01    0.03    0.13    6.83 v clkbuf_0_clk/X (sky130_fd_sc_hd__clkbuf_16)
                                         clknet_0_clk (net)
                  0.03    0.00    6.83 v clkbuf_1_0__f_clk/A (sky130_fd_sc_hd__clkbuf_16)
     1    0.01    0.03    0.13    6.96 v clkbuf_1_0__f_clk/X (sky130_fd_sc_hd__clkbuf_16)
                                         clknet_1_0__leaf_clk (net)
                  0.04    0.00    6.96 v u_sram.u_macro/clk0 (sky130_sram_1rw_24x128)
     1    0.00    0.00    0.38    7.34 ^ u_sram.u_macro/dout0[17] (sky130_sram_1rw_24x128)
                                         u_sram.dout0[17] (net)
                  0.00    0.00    7.34 ^ wire2284/A (sky130_fd_sc_hd__buf_1)
     1    0.00    0.04    0.07    7.41 ^ wire2284/X (sky130_fd_sc_hd__buf_1)
                                         net2283 (net)
                  0.04    0.00    7.41 ^ wire2283/A (sky130_fd_sc_hd__clkbuf_4)
     1    0.12    0.37    0.33    7.74 ^ wire2283/X (sky130_fd_sc_hd__clkbuf_4)
                                         net2282 (net)
                  0.38    0.05    7.80 ^ wire2282/A (sky130_fd_sc_hd__buf_2)
     1    0.01    0.05    0.20    7.99 ^ wire2282/X (sky130_fd_sc_hd__buf_2)
                                         net2281 (net)
                  0.05    0.00    7.99 ^ wire2281/A (sky130_fd_sc_hd__buf_2)
     2    0.02    0.10    0.15    8.14 ^ wire2281/X (sky130_fd_sc_hd__buf_2)
                                         net2280 (net)
                  0.10    0.00    8.15 ^ wire2279/A (sky130_fd_sc_hd__buf_1)
     1    0.02    0.28    0.26    8.41 ^ wire2279/X (sky130_fd_sc_hd__buf_1)
                                         net2278 (net)
                  0.28    0.00    8.41 ^ wire2278/A (sky130_fd_sc_hd__buf_2)
     1    0.03    0.16    0.26    8.67 ^ wire2278/X (sky130_fd_sc_hd__buf_2)
                                         net2277 (net)
                  0.16    0.00    8.68 ^ _10009_/A1 (sky130_fd_sc_hd__mux2_2)
     7    0.07    0.37    0.42    9.09 ^ _10009_/X (sky130_fd_sc_hd__mux2_2)
                                         net51 (net)
                  0.37    0.02    9.11 ^ output52/A (sky130_fd_sc_hd__dlygate4sd2_1)
     1    0.02    0.22    0.39    9.50 ^ output52/X (sky130_fd_sc_hd__dlygate4sd2_1)
                                         rdata[5] (net)
                  0.22    0.00    9.50 ^ rdata[5] (out)
                                  9.50   data arrival time

                         12.00   12.00   clock clk (rise edge)
                          0.00   12.00   clock network delay (propagated)
                         -0.25   11.75   clock uncertainty
                          0.00   11.75   clock reconvergence pessimism
                         -2.40    9.35   output external delay
                                  9.35   data required time
-----------------------------------------------------------------------------
                                  9.35   data required time
                                 -9.50   data arrival time
-----------------------------------------------------------------------------
                                 -0.15   slack (VIOLATED)



==========================================================================
finish report_check_types -max_slew -max_cap -max_fanout -violators
--------------------------------------------------------------------------
max slew

Pin                                    Limit    Slew   Slack
------------------------------------------------------------
u_sram.u_macro/addr0[1]                 0.04    0.04   -0.00 (VIOLATED)
u_sram.u_macro/addr0[0]                 0.04    0.04   -0.00 (VIOLATED)


==========================================================================
finish max_slew_check_slack
--------------------------------------------------------------------------
-0.0023594703525304794

==========================================================================
finish max_slew_check_limit
--------------------------------------------------------------------------
0.03999999910593033

==========================================================================
finish max_slew_check_slack_limit
--------------------------------------------------------------------------
-0.0590

==========================================================================
finish max_fanout_check_slack
--------------------------------------------------------------------------
3.0

==========================================================================
finish max_fanout_check_limit
--------------------------------------------------------------------------
4.0

==========================================================================
finish max_fanout_check_slack_limit
--------------------------------------------------------------------------
0.7500

==========================================================================
finish max_capacitance_check_slack
--------------------------------------------------------------------------
0.011907706968486309

==========================================================================
finish max_capacitance_check_limit
--------------------------------------------------------------------------
0.021067000925540924

==========================================================================
finish max_capacitance_check_slack_limit
--------------------------------------------------------------------------
0.5652

==========================================================================
finish max_slew_violation_count
--------------------------------------------------------------------------
max slew violation count 2

==========================================================================
finish max_fanout_violation_count
--------------------------------------------------------------------------
max fanout violation count 0

==========================================================================
finish max_cap_violation_count
--------------------------------------------------------------------------
max cap violation count 0

==========================================================================
finish setup_violation_count
--------------------------------------------------------------------------
setup violation count 5

==========================================================================
finish hold_violation_count
--------------------------------------------------------------------------
hold violation count 0

==========================================================================
finish report_checks -path_delay max reg to reg
--------------------------------------------------------------------------
Startpoint: s1_prod[8]$_DFFE_PP_
            (rising edge-triggered flip-flop clocked by clk)
Endpoint: s2_r[7]$_DFFE_PP_ (rising edge-triggered flip-flop clocked by clk)
Path Group: clk
Path Type: max

  Delay    Time   Description
---------------------------------------------------------
   0.00    0.00   clock clk (rise edge)
   0.00    0.00   clock source latency
   0.00    0.00 ^ clk (in)
   0.11    0.11 ^ clkbuf_regs_0_clk/X (sky130_fd_sc_hd__clkbuf_16)
   0.21    0.32 ^ clkbuf_0_clk_regs/X (sky130_fd_sc_hd__clkbuf_16)
   0.33    0.65 ^ clkbuf_2_0__f_clk_regs/X (sky130_fd_sc_hd__clkbuf_16)
   0.24    0.89 ^ clkbuf_leaf_1_clk_regs/X (sky130_fd_sc_hd__clkbuf_16)
   0.00    0.90 ^ s1_prod[8]$_DFFE_PP_/CLK (sky130_fd_sc_hd__edfxtp_1)
   0.43    1.33 v s1_prod[8]$_DFFE_PP_/Q (sky130_fd_sc_hd__edfxtp_1)
   0.17    1.50 v rebuffer2374/X (sky130_fd_sc_hd__buf_12)
   0.15    1.65 v rebuffer2372/X (sky130_fd_sc_hd__buf_4)
   0.59    2.24 ^ _14325_/SUM (sky130_fd_sc_hd__fa_1)
   0.46    2.71 v _14276_/SUM (sky130_fd_sc_hd__fa_1)
   0.52    3.23 v _14357_/SUM (sky130_fd_sc_hd__fa_1)
   0.59    3.82 ^ _14291_/SUM (sky130_fd_sc_hd__fa_1)
   0.46    4.28 v _14488_/SUM (sky130_fd_sc_hd__fa_1)
   0.25    4.53 v _14835_/COUT (sky130_fd_sc_hd__ha_1)
   0.38    4.91 ^ _07792_/Y (sky130_fd_sc_hd__nor4_1)
   0.09    5.00 v _07803_/Y (sky130_fd_sc_hd__a21oi_2)
   0.18    5.17 v rebuffer2397/X (sky130_fd_sc_hd__buf_4)
   0.34    5.52 ^ _07805_/Y (sky130_fd_sc_hd__o31ai_2)
   0.17    5.68 v _07811_/Y (sky130_fd_sc_hd__o2111ai_1)
   0.23    5.92 v _07813_/X (sky130_fd_sc_hd__o211a_1)
   0.32    6.24 ^ _07818_/Y (sky130_fd_sc_hd__a211oi_4)
   0.15    6.39 v _07819_/Y (sky130_fd_sc_hd__o21bai_1)
   0.25    6.64 v _07820_/X (sky130_fd_sc_hd__a21o_1)
   0.17    6.80 v _07821_/X (sky130_fd_sc_hd__xor2_2)
   0.36    7.16 v _14839_/SUM (sky130_fd_sc_hd__ha_1)
   0.30    7.46 v _14893_/SUM (sky130_fd_sc_hd__ha_4)
   0.54    8.00 ^ _14328_/SUM (sky130_fd_sc_hd__fa_1)
   0.05    8.05 v _10481_/Y (sky130_fd_sc_hd__inv_1)
   0.46    8.51 v _14468_/SUM (sky130_fd_sc_hd__fa_1)
   0.24    8.74 v _14699_/COUT (sky130_fd_sc_hd__ha_1)
   0.37    9.12 v _09646_/X (sky130_fd_sc_hd__or3_1)
   0.33    9.45 v _09652_/X (sky130_fd_sc_hd__or3_1)
   0.27    9.72 ^ _09653_/Y (sky130_fd_sc_hd__a21oi_1)
   0.17    9.89 ^ place1502/X (sky130_fd_sc_hd__buf_4)
   0.10    9.98 v _09675_/Y (sky130_fd_sc_hd__o221ai_1)
   0.10   10.08 ^ _09676_/Y (sky130_fd_sc_hd__o31ai_1)
   0.18   10.27 v _09707_/Y (sky130_fd_sc_hd__nand4_1)
   0.57   10.84 v _09714_/X (sky130_fd_sc_hd__or4b_1)
   0.25   11.08 ^ _09757_/Y (sky130_fd_sc_hd__nor4_4)
   0.18   11.26 ^ rebuffer2391/X (sky130_fd_sc_hd__buf_6)
   0.20   11.46 ^ place1475/X (sky130_fd_sc_hd__buf_4)
   0.11   11.57 v _09766_/Y (sky130_fd_sc_hd__nor2_1)
   0.09   11.66 ^ _09767_/Y (sky130_fd_sc_hd__nand2_1)
   0.17   11.83 ^ _09768_/X (sky130_fd_sc_hd__xor2_1)
   0.33   12.15 ^ place1463/X (sky130_fd_sc_hd__clkbuf_8)
   0.06   12.22 ^ s2_r[7]$_DFFE_PP_/D (sky130_fd_sc_hd__edfxtp_1)
          12.22   data arrival time

  12.00   12.00   clock clk (rise edge)
   0.00   12.00   clock source latency
   0.00   12.00 ^ clk (in)
   0.11   12.11 ^ clkbuf_regs_0_clk/X (sky130_fd_sc_hd__clkbuf_16)
   0.21   12.32 ^ clkbuf_0_clk_regs/X (sky130_fd_sc_hd__clkbuf_16)
   0.33   12.65 ^ clkbuf_2_0__f_clk_regs/X (sky130_fd_sc_hd__clkbuf_16)
   0.23   12.88 ^ clkbuf_leaf_54_clk_regs/X (sky130_fd_sc_hd__clkbuf_16)
   0.00   12.88 ^ s2_r[7]$_DFFE_PP_/CLK (sky130_fd_sc_hd__edfxtp_1)
  -0.25   12.63   clock uncertainty
   0.00   12.63   clock reconvergence pessimism
  -0.21   12.42   library setup time
          12.42   data required time
---------------------------------------------------------
          12.42   data required time
         -12.22   data arrival time
---------------------------------------------------------
           0.20   slack (MET)



==========================================================================
finish report_checks -path_delay min reg to reg
--------------------------------------------------------------------------
Startpoint: s1_sb[1]$_DFFE_PP_ (rising edge-triggered flip-flop clocked by clk)
Endpoint: s2_sb[1]$_DFFE_PP_ (rising edge-triggered flip-flop clocked by clk)
Path Group: clk
Path Type: min

  Delay    Time   Description
---------------------------------------------------------
   0.00    0.00   clock clk (rise edge)
   0.00    0.00   clock source latency
   0.00    0.00 ^ clk (in)
   0.11    0.11 ^ clkbuf_regs_0_clk/X (sky130_fd_sc_hd__clkbuf_16)
   0.21    0.32 ^ clkbuf_0_clk_regs/X (sky130_fd_sc_hd__clkbuf_16)
   0.34    0.66 ^ clkbuf_2_1__f_clk_regs/X (sky130_fd_sc_hd__clkbuf_16)
   0.22    0.88 ^ clkbuf_leaf_12_clk_regs/X (sky130_fd_sc_hd__clkbuf_16)
   0.00    0.88 ^ s1_sb[1]$_DFFE_PP_/CLK (sky130_fd_sc_hd__edfxtp_1)
   0.32    1.20 ^ s1_sb[1]$_DFFE_PP_/Q (sky130_fd_sc_hd__edfxtp_1)
   0.00    1.20 ^ s2_sb[1]$_DFFE_PP_/D (sky130_fd_sc_hd__edfxtp_1)
           1.20   data arrival time

   0.00    0.00   clock clk (rise edge)
   0.00    0.00   clock source latency
   0.00    0.00 ^ clk (in)
   0.11    0.11 ^ clkbuf_regs_0_clk/X (sky130_fd_sc_hd__clkbuf_16)
   0.21    0.32 ^ clkbuf_0_clk_regs/X (sky130_fd_sc_hd__clkbuf_16)
   0.34    0.66 ^ clkbuf_2_1__f_clk_regs/X (sky130_fd_sc_hd__clkbuf_16)
   0.23    0.89 ^ clkbuf_leaf_15_clk_regs/X (sky130_fd_sc_hd__clkbuf_16)
   0.00    0.89 ^ s2_sb[1]$_DFFE_PP_/CLK (sky130_fd_sc_hd__edfxtp_1)
   0.25    1.14   clock uncertainty
   0.00    1.14   clock reconvergence pessimism
  -0.10    1.03   library hold time
           1.03   data required time
---------------------------------------------------------
           1.03   data required time
          -1.20   data arrival time
---------------------------------------------------------
           0.16   slack (MET)



==========================================================================
finish critical path target clock latency max path
--------------------------------------------------------------------------
0.8363

==========================================================================
finish critical path target clock latency min path
--------------------------------------------------------------------------
0.8875

==========================================================================
finish critical path source clock latency min path
--------------------------------------------------------------------------
0.0000

==========================================================================
finish critical path delay
--------------------------------------------------------------------------
9.5038

==========================================================================
finish critical path slack
--------------------------------------------------------------------------
-0.1538

==========================================================================
finish slack div critical path delay
--------------------------------------------------------------------------
-1.618300

==========================================================================
finish report_power
--------------------------------------------------------------------------
Group                  Internal  Switching    Leakage      Total
                          Power      Power      Power      Power (Watts)
----------------------------------------------------------------
Sequential             3.97e-03   1.09e-03   6.63e-09   5.06e-03   0.0%
Combinational          7.06e-02   1.06e-01   2.55e-08   1.77e-01   0.0%
Clock                  1.26e-03   1.10e-03   1.13e-09   2.36e-03   0.0%
Macro                  5.59e+06   0.00e+00   3.52e-06   5.59e+06 100.0%
Pad                    0.00e+00   0.00e+00   0.00e+00   0.00e+00   0.0%
----------------------------------------------------------------
Total                  5.59e+06   1.09e-01   3.55e-06   5.59e+06 100.0%
                         100.0%       0.0%       0.0%
