OpenROAD f552262465b0bfef8f097e258f94bc501d01e19d 
Features included (+) or not (-): +GPU +GUI +Python
This program is licensed under the BSD-3 license. See the LICENSE file for details.
Components of this program may be licensed under more restrictive licenses which must be honored.
[INFO ORD-0030] Using 12 thread(s).
read_liberty /opt/eda/orfs-6101364b/flow/platforms/sky130hd/lib/sky130_fd_sc_hd__tt_025C_1v80.lib
read_liberty /mnt/d/TKVM_ATTT_2026_test/codeachip/flow/macros/sky130_sram_1rw_16x256_wpr8_TT_1p8V_25C.lib
read_db /root/cac_runs/ntt_macro_20ns_pinfix4/results/sky130hd/cac_ntt_macro_20ns/base/2_1_floorplan.odb
read_sdc /root/cac_runs/ntt_macro_20ns_pinfix4/results/sky130hd/cac_ntt_macro_20ns/base/2_1_floorplan.sdc
source /opt/eda/orfs-6101364b/flow/platforms/sky130hd/setRC.tcl
source /mnt/d/TKVM_ATTT_2026_test/codeachip/flow/macro_place_ntt.tcl
[WARNING MPL-0002] Could not align all pins of the macro u_coeff_ram.u_macro to the track-grid. 2 out of 43 pins were aligned.
[WARNING MPL-0002] Could not align all pins of the macro u_coeff_ram.u_macro to the track-grid. 1 out of 5 pins were aligned.
[INFO MPL-0035] Macro u_coeff_ram.u_macro placed. Bounding box (11.975um, 43.730um), (485.150um, 260.750um). Orientation R180
[INFO GPL-0022] Initialize gpl and calculate uniform density.
Placement density is 0.34600000143051146, computed from PLACE_DENSITY_LB_ADDON  0.20 and lower bound 0.17000000178813934
rtl_macro_placer -max_num_level 2 -halo_width 10 -halo_height 10 -min_ar 0.33 -area_weight 0.1 -wirelength_weight 100.0 -outline_weight 100.0 -boundary_weight 50.0 -notch_weight 50.0 -report_directory /root/cac_runs/ntt_macro_20ns_pinfix4/objects/sky130hd/cac_ntt_macro_20ns/base/rtlmp -fence_lx 0.0 -fence_ly 0.0 -fence_ux 0.0 -fence_uy 0.0 -target_util 0.34600000143051146
[WARNING MPL-0074] -halo_width/-halo_height are deprecated, use the set_macro_base_halo command instead.
[INFO MPL-0062] Found fixed macro u_coeff_ram.u_macro.
[INFO MPL-0017] No unfixed macros.
[INFO MPL-0013] Skipping macro placement.
[INFO MPL-0500] Runtime: 0.01s
Design area 131370 um^2 46% utilization.
write_db /root/cac_runs/ntt_macro_20ns_pinfix4/results/sky130hd/cac_ntt_macro_20ns/base/2_2_floorplan_macro.odb
Elapsed time: 0:01.49[h:]min:sec. CPU time: user 2.41 sys 0.04 (164%). Peak memory: 138304KB.
Log                       Ext     Elapsed/s Peak Memory/MB sha1sum result [0:20)
2_2_floorplan_macro       .odb            1            135 52fa1f45a04a6794c509
