OpenROAD f552262465b0bfef8f097e258f94bc501d01e19d 
Features included (+) or not (-): +GPU +GUI +Python
This program is licensed under the BSD-3 license. See the LICENSE file for details.
Components of this program may be licensed under more restrictive licenses which must be honored.
[INFO ORD-0030] Using 12 thread(s).
read_liberty /opt/eda/orfs-6101364b/flow/platforms/sky130hd/lib/sky130_fd_sc_hd__tt_025C_1v80.lib
read_liberty /mnt/d/TKVM_ATTT_2026_test/codeachip/flow/macros/sky130_sram_1rw_16x256_wpr8_TT_1p8V_25C.lib
read_db /root/cac_runs/ntt_macro_20ns_pinfix4/results/sky130hd/cac_ntt_macro_20ns/base/3_2_place_iop.odb
read_sdc /root/cac_runs/ntt_macro_20ns_pinfix4/results/sky130hd/cac_ntt_macro_20ns/base/2_floorplan.sdc
source /opt/eda/orfs-6101364b/flow/platforms/sky130hd/setRC.tcl
[INFO RSZ-0026] Removed 150 buffers.
Perform port buffering...
[INFO RSZ-0027] Inserted 36 sky130_fd_sc_hd__clkdlybuf4s50_1 input buffers.
[INFO RSZ-0028] Inserted 18 sky130_fd_sc_hd__clkdlybuf4s50_1 output buffers.
[INFO GPL-0022] Initialize gpl and calculate uniform density.
Placement density is 0.35400000572204593, computed from PLACE_DENSITY_LB_ADDON  0.20 and lower bound 0.18000000715255737
global_placement -density 0.35400000572204593 -pad_left 0 -pad_right 0 -routability_driven -timing_driven -force_center_initial_place -min_phi_coef 0.95 -max_phi_coef 1.05
[INFO GPL-0001] ---- Initialize GPL Main Data Structures
[INFO GPL-0002] DBU: 1000
[INFO GPL-0003] SiteSize: (  0.460  2.720 ) um
[INFO GPL-0004] CoreBBox: (  1.380  2.720 ) ( 540.040 538.560 ) um
[INFO GPL-0016] Core area:                  288635.574 um^2
[INFO GPL-0036] Movable instances area:      28603.683 um^2
[INFO GPL-0037] Total instances area:       134659.149 um^2
[INFO GPL-0035] Pin density area adjust:      1903.077 um^2
[INFO GPL-0032] ---- Initialize Region: Top-level
[INFO GPL-0006] Number of instances:              5790
[INFO GPL-0007] Movable instances:                3184
[INFO GPL-0008] Fixed instances:                  2444
[INFO GPL-0009] Dummy instances:                   162
[INFO GPL-0010] Number of nets:                   3923
[INFO GPL-0011] Number of pins:                  11983
[INFO GPL-0012] Die BBox:       (  0.000  0.000 ) ( 541.485 541.485 ) um
[INFO GPL-0013] Placement BBox: (  1.380  2.720 ) ( 540.040 538.560 ) um
[INFO GPL-0014] Region name: top-level.
[INFO GPL-0015] Region area:                288635.574 um^2
[INFO GPL-0017] Fixed instances area:       109656.419 um^2
[INFO GPL-0018] Movable instances area:      30506.760 um^2
[INFO GPL-0019] Utilization:                    17.045 %
[INFO GPL-0020] Standard cells area:         30506.760 um^2
[INFO GPL-0021] Large instances area:            0.000 um^2
[INFO GPL-0005] ---- Execute Conjugate Gradient Initial Placement.
[INFO GPL-0051] Source of initial instance position counters:
	Odb location = 0	Core center = 3184	Region center = 0
[InitialPlace]  Iter: 1 conjugate gradient residual: 0.00163928 HPWL: 142657563
[InitialPlace]  Iter: 2 conjugate gradient residual: 0.00016071 HPWL: 79445563
[InitialPlace]  Iter: 3 conjugate gradient residual: 0.00007975 HPWL: 78722276
[InitialPlace]  Iter: 4 conjugate gradient residual: 0.00013493 HPWL: 78219858
[InitialPlace]  Iter: 5 conjugate gradient residual: 0.00005568 HPWL: 77813618
[InitialPlace]  Iter: 6 conjugate gradient residual: 0.00004976 HPWL: 77575929
[InitialPlace]  Iter: 7 conjugate gradient residual: 0.00002859 HPWL: 77348547
[InitialPlace]  Iter: 8 conjugate gradient residual: 0.00001052 HPWL: 77177358
[InitialPlace]  Iter: 9 conjugate gradient residual: 0.00000177 HPWL: 76937811
[INFO GPL-0033] ---- Initialize Nesterov Region: Top-level
[INFO GPL-0023] Placement target density:       0.3540
[INFO GPL-0024] Movable insts average area:      9.581 um^2
[INFO GPL-0025] Ideal bin area:                 27.066 um^2
[INFO GPL-0026] Ideal bin count:                 10664
[INFO GPL-0027] Total bin area:             288635.574 um^2
[INFO GPL-0028] Bin count (X, Y):          64 ,     64
[INFO GPL-0029] Bin size (W * H):       8.417 *  8.373 um
[INFO GPL-0030] Number of bins:                   4096
[INFO GPL-0084] ---- Execute Nesterov Global Placement.
[INFO GPL-0031] HPWL: Half-Perimeter Wirelength
Iteration | Overflow |     HPWL (um) |  HPWL(%) |   Penalty | Group
---------------------------------------------------------------
        0 |   0.9614 |  2.272139e+04 |   +0.00% |  2.33e-15 |      
       10 |   0.9245 |  3.084784e+04 |  +35.77% |  3.79e-15 |      
       20 |   0.9178 |  3.202944e+04 |   +3.83% |  6.17e-15 |      
       30 |   0.9163 |  3.228481e+04 |   +0.80% |  1.00e-14 |      
       40 |   0.9160 |  3.276082e+04 |   +1.47% |  1.64e-14 |      
       50 |   0.9139 |  3.300796e+04 |   +0.75% |  2.67e-14 |      
       60 |   0.9134 |  3.299286e+04 |   -0.05% |  4.34e-14 |      
       70 |   0.9129 |  3.279349e+04 |   -0.60% |  7.07e-14 |      
       80 |   0.9134 |  3.248701e+04 |   -0.93% |  1.15e-13 |      
       90 |   0.9127 |  3.221710e+04 |   -0.83% |  1.88e-13 |      
      100 |   0.9108 |  3.208921e+04 |   -0.40% |  3.06e-13 |      
      110 |   0.9090 |  3.209630e+04 |   +0.02% |  4.98e-13 |      
      120 |   0.9081 |  3.222015e+04 |   +0.39% |  8.11e-13 |      
      130 |   0.9086 |  3.248448e+04 |   +0.82% |  1.32e-12 |      
      140 |   0.9055 |  3.295227e+04 |   +1.44% |  2.15e-12 |      
      150 |   0.9022 |  3.372087e+04 |   +2.33% |  3.51e-12 |      
      160 |   0.8959 |  3.492240e+04 |   +3.56% |  5.71e-12 |      
      170 |   0.8852 |  3.670567e+04 |   +5.11% |  9.30e-12 |      
      180 |   0.8651 |  3.916314e+04 |   +6.70% |  1.51e-11 |      
      190 |   0.8473 |  4.188699e+04 |   +6.96% |  2.47e-11 |      
      200 |   0.8273 |  4.444193e+04 |   +6.10% |  4.01e-11 |      
      210 |   0.8015 |  4.665166e+04 |   +4.97% |  6.54e-11 |      
      220 |   0.7789 |  4.920268e+04 |   +5.47% |  1.06e-10 |      
      230 |   0.7508 |  5.239826e+04 |   +6.49% |  1.73e-10 |      
      240 |   0.7177 |  5.551461e+04 |   +5.95% |  2.82e-10 |      
      250 |   0.6825 |  5.777107e+04 |   +4.06% |  4.60e-10 |      
      260 |   0.6480 |  5.979463e+04 |   +3.50% |  7.49e-10 |      
[INFO GPL-0100] Timing-driven iteration 1/2, virtual: false.
[INFO GPL-0101]    Iter: 264, overflow: 0.633, keep resizer changes at: 1, HPWL: 60803674
Iteration |   Area    | Resized | Buffers | Nets repaired | Remaining
---------------------------------------------------------------------
        0 |     +0.0% |       0 |       0 |             0 |      3929
    final |     +0.2% |       7 |      48 |            40 |         0
---------------------------------------------------------------------
[INFO RSZ-0034] Found 28 slew violations.
[INFO RSZ-0036] Found 12 capacitance violations.
[INFO RSZ-0039] Resized 7 instances.
[INFO RSZ-0038] Inserted 48 buffers in 40 nets.
   Iter   |    Area   | Removed | Inserted |   Pins
          |           | Buffers | Buffers  | Remaining
-------------------------------------------------------
        0 |     +0.0% |       0 |        0 |      3880
      380 |     +0.7% |       0 |      118 |      3500
      760 |     +1.2% |       0 |      224 |      3120
     1140 |     +1.6% |       0 |      279 |      2740
     1520 |     +2.1% |       0 |      369 |      2360
     1900 |     +2.2% |       0 |      387 |      1980
     2280 |     +2.4% |       0 |      427 |      1600
[WARNING RSZ-2009] Skipping buffering because no valid buffering solution satisfying the design rules can be found for net connected to pin _6093_/Y.
[WARNING RSZ-2005] cannot find a viable buffering solution on pin _6093_/Y after 1 rounds of buffering (no solution meets design rules)
[WARNING RSZ-2009] Skipping buffering because no valid buffering solution satisfying the design rules can be found for net connected to pin _5207_/Y.
[WARNING RSZ-2005] cannot find a viable buffering solution on pin _5207_/Y after 1 rounds of buffering (no solution meets design rules)
[WARNING RSZ-2009] Skipping buffering because no valid buffering solution satisfying the design rules can be found for net connected to pin _5218_/Y.
[WARNING RSZ-2005] cannot find a viable buffering solution on pin _5218_/Y after 1 rounds of buffering (no solution meets design rules)
[WARNING RSZ-2009] Skipping buffering because no valid buffering solution satisfying the design rules can be found for net connected to pin _5225_/Y.
[WARNING RSZ-2005] cannot find a viable buffering solution on pin _5225_/Y after 1 rounds of buffering (no solution meets design rules)
[WARNING RSZ-2009] Skipping buffering because no valid buffering solution satisfying the design rules can be found for net connected to pin _5232_/Y.
[WARNING RSZ-2005] cannot find a viable buffering solution on pin _5232_/Y after 1 rounds of buffering (no solution meets design rules)
     2660 |     +2.5% |       0 |      447 |      1220
     3040 |     +2.6% |      15 |      470 |       840
     3420 |     +2.6% |      16 |      479 |       460
     3800 |     +2.6% |      42 |      493 |        80
    final |     +2.7% |      43 |      518 |         0
-------------------------------------------------------
[INFO GPL-0106] Timing-driven: worst slack -5.9759e-10
[INFO GPL-0107] Timing-driven: repair_design delta area: 3970.933 um^2 (+13.02%)
[INFO GPL-0108] Timing-driven: repair_design, gpl delta gcells: 523 (+16.43%)
[INFO GPL-0109] Timing-driven: repair_design, gcells created: 566, deleted: 43
[INFO GPL-0110] Timing-driven: new target density: 0.37618658
Iteration | Overflow |     HPWL (um) |  HPWL(%) |   Penalty | Group
---------------------------------------------------------------
      270 |   0.6147 |  6.513414e+04 |   +8.93% |  1.22e-09 |      
[INFO GPL-0038] Routability snapshot saved at iter = 274
      273 |   0.5975 |  6.600922e+04 |          |           |      
      280 |   0.5634 |  6.860564e+04 |   +5.33% |  1.98e-09 |      
      290 |   0.5202 |  7.182594e+04 |   +4.69% |  3.23e-09 |      
      300 |   0.4823 |  7.395363e+04 |   +2.96% |  5.26e-09 |      
      310 |   0.4442 |  7.625400e+04 |   +3.11% |  8.57e-09 |      
      320 |   0.3950 |  7.850152e+04 |   +2.95% |  1.40e-08 |      
      330 |   0.3505 |  8.086884e+04 |   +3.02% |  2.27e-08 |      
      340 |   0.3136 |  8.286933e+04 |   +2.47% |  3.42e-08 |      
[INFO GPL-0040] Routability iteration: 1
[INFO GPL-0041] Total routing overflow: 7.5623
[INFO GPL-0042] Number of overflowed tiles: 514 (8.45%)
[INFO GPL-0043] Average top 0.5% routing congestion: 1.0565
[INFO GPL-0044] Average top 1.0% routing congestion: 1.0465
[INFO GPL-0045] Average top 2.0% routing congestion: 1.0362
[INFO GPL-0046] Average top 5.0% routing congestion: 1.0240
[INFO GPL-0047] Routability iteration weighted routing congestion: 1.0515
[INFO GPL-0048] Routing congestion (1.0515) lower than previous minimum (1e+30). Updating minimum.
[INFO GPL-0086] Inflated area:                  63.810 um^2 (+0.19%)
[INFO GPL-0052] Placement target density:       0.3762
[INFO GPL-0076] Removing fillers, count: Before: 3486, After: 3480 (-0.17%)
[INFO GPL-0077] Filler area (um^2)     : Before: 32851.864, After: 32791.915 (-0.18%)
[INFO GPL-0078] Removed fillers count: 6, area removed: 56.538 um^2. Remaining area to be compensated by modifying density: 7.273 um^2
[INFO GPL-0058] White space area:           178979.155 um^2 (+0.00%)
[INFO GPL-0059] Movable instances area:      67329.556 um^2 (+0.00%)
[INFO GPL-0060] Total filler area:           32791.915 um^2 (-0.18%)
[INFO GPL-0061] Total non-inflated area:     67333.418 um^2 (+0.01%)
[INFO GPL-0062] Total inflated area:         67397.229 um^2 (+0.01%)
[INFO GPL-0063] New Target Density:             0.3762
[INFO GPL-0087] Routability end iteration: increase inflation and revert back to snapshot.
Iteration | Overflow |     HPWL (um) |  HPWL(%) |   Penalty | Group
---------------------------------------------------------------
      350 |   0.5686 |  6.819147e+04 |  -17.71% |  1.80e-09 |      
      360 |   0.5341 |  7.092048e+04 |   +4.00% |  2.65e-09 |      
      370 |   0.5071 |  7.241583e+04 |   +2.11% |  3.90e-09 |      
      380 |   0.4825 |  7.402809e+04 |   +2.23% |  5.74e-09 |      
      390 |   0.4417 |  7.593049e+04 |   +2.57% |  8.46e-09 |      
      400 |   0.4056 |  7.763338e+04 |   +2.24% |  1.25e-08 |      
      410 |   0.3705 |  7.994193e+04 |   +2.97% |  1.84e-08 |      
      420 |   0.3354 |  8.174610e+04 |   +2.26% |  2.70e-08 |      
      430 |   0.2975 |  8.301940e+04 |   +1.56% |  3.98e-08 |      
[INFO GPL-0040] Routability iteration: 2
[INFO GPL-0041] Total routing overflow: 7.3685
[INFO GPL-0042] Number of overflowed tiles: 493 (8.10%)
[INFO GPL-0043] Average top 0.5% routing congestion: 1.0557
[INFO GPL-0044] Average top 1.0% routing congestion: 1.0458
[INFO GPL-0045] Average top 2.0% routing congestion: 1.0372
[INFO GPL-0046] Average top 5.0% routing congestion: 1.0235
[INFO GPL-0047] Routability iteration weighted routing congestion: 1.0507
[INFO GPL-0049] Routing congestion (1.0507) higher than minimum (1.0515). Consecutive non-improvement count: 1.
[INFO GPL-0086] Inflated area:                  32.288 um^2 (+0.09%)
[INFO GPL-0052] Placement target density:       0.3762
[INFO GPL-0076] Removing fillers, count: Before: 3480, After: 3477 (-0.09%)
[INFO GPL-0077] Filler area (um^2)     : Before: 32791.915, After: 32763.646 (-0.09%)
[INFO GPL-0078] Removed fillers count: 3, area removed: 28.269 um^2. Remaining area to be compensated by modifying density: 4.019 um^2
[INFO GPL-0058] White space area:           178979.155 um^2 (+0.00%)
[INFO GPL-0059] Movable instances area:      67329.556 um^2 (+0.00%)
[INFO GPL-0060] Total filler area:           32763.646 um^2 (-0.09%)
[INFO GPL-0061] Total non-inflated area:     67337.437 um^2 (+0.01%)
[INFO GPL-0062] Total inflated area:         67369.725 um^2 (+0.01%)
[INFO GPL-0063] New Target Density:             0.3762
[INFO GPL-0087] Routability end iteration: increase inflation and revert back to snapshot.
Iteration | Overflow |     HPWL (um) |  HPWL(%) |   Penalty | Group
---------------------------------------------------------------
      440 |   0.5556 |  6.952404e+04 |  -16.26% |  2.10e-09 |      
      450 |   0.5245 |  7.160528e+04 |   +2.99% |  3.09e-09 |      
      460 |   0.4980 |  7.305736e+04 |   +2.03% |  4.55e-09 |      
      470 |   0.4663 |  7.488771e+04 |   +2.51% |  6.71e-09 |      
      480 |   0.4257 |  7.659909e+04 |   +2.29% |  9.88e-09 |      
      490 |   0.3927 |  7.861624e+04 |   +2.63% |  1.45e-08 |      
      500 |   0.3581 |  8.078982e+04 |   +2.76% |  2.14e-08 |      
      510 |   0.3197 |  8.233695e+04 |   +1.92% |  3.16e-08 |      
[INFO GPL-0040] Routability iteration: 3
[INFO GPL-0041] Total routing overflow: 7.3347
[INFO GPL-0042] Number of overflowed tiles: 496 (8.15%)
[INFO GPL-0043] Average top 0.5% routing congestion: 1.0557
[INFO GPL-0044] Average top 1.0% routing congestion: 1.0457
[INFO GPL-0045] Average top 2.0% routing congestion: 1.0373
[INFO GPL-0046] Average top 5.0% routing congestion: 1.0233
[INFO GPL-0047] Routability iteration weighted routing congestion: 1.0507
[INFO GPL-0049] Routing congestion (1.0507) higher than minimum (1.0515). Consecutive non-improvement count: 2.
[INFO GPL-0086] Inflated area:                  29.561 um^2 (+0.09%)
[INFO GPL-0052] Placement target density:       0.3762
[INFO GPL-0076] Removing fillers, count: Before: 3477, After: 3474 (-0.09%)
[INFO GPL-0077] Filler area (um^2)     : Before: 32763.646, After: 32735.377 (-0.09%)
[INFO GPL-0078] Removed fillers count: 3, area removed: 28.269 um^2. Remaining area to be compensated by modifying density: 1.292 um^2
[INFO GPL-0058] White space area:           178979.155 um^2 (+0.00%)
[INFO GPL-0059] Movable instances area:      67329.556 um^2 (+0.00%)
[INFO GPL-0060] Total filler area:           32735.377 um^2 (-0.09%)
[INFO GPL-0061] Total non-inflated area:     67338.729 um^2 (+0.00%)
[INFO GPL-0062] Total inflated area:         67368.290 um^2 (+0.00%)
[INFO GPL-0063] New Target Density:             0.3762
[INFO GPL-0087] Routability end iteration: increase inflation and revert back to snapshot.
Iteration | Overflow |     HPWL (um) |  HPWL(%) |   Penalty | Group
---------------------------------------------------------------
      520 |   0.5788 |  6.753798e+04 |  -17.97% |  1.66e-09 |      
      530 |   0.5408 |  7.061440e+04 |   +4.56% |  2.45e-09 |      
      540 |   0.5130 |  7.221316e+04 |   +2.26% |  3.61e-09 |      
      550 |   0.4895 |  7.373947e+04 |   +2.11% |  5.32e-09 |      
      560 |   0.4499 |  7.567956e+04 |   +2.63% |  7.83e-09 |      
      570 |   0.4131 |  7.730208e+04 |   +2.14% |  1.15e-08 |      
      580 |   0.3779 |  7.961119e+04 |   +2.99% |  1.70e-08 |      
      590 |   0.3441 |  8.153096e+04 |   +2.41% |  2.50e-08 |      
      600 |   0.3056 |  8.286217e+04 |   +1.63% |  3.69e-08 |      
[INFO GPL-0040] Routability iteration: 4
[INFO GPL-0041] Total routing overflow: 7.3030
[INFO GPL-0042] Number of overflowed tiles: 495 (8.14%)
[INFO GPL-0043] Average top 0.5% routing congestion: 1.0551
[INFO GPL-0044] Average top 1.0% routing congestion: 1.0453
[INFO GPL-0045] Average top 2.0% routing congestion: 1.0374
[INFO GPL-0046] Average top 5.0% routing congestion: 1.0232
[INFO GPL-0047] Routability iteration weighted routing congestion: 1.0502
[INFO GPL-0048] Routing congestion (1.0502) lower than previous minimum (1.052). Updating minimum.
[INFO GPL-0086] Inflated area:                  32.121 um^2 (+0.09%)
[INFO GPL-0052] Placement target density:       0.3762
[INFO GPL-0076] Removing fillers, count: Before: 3474, After: 3471 (-0.09%)
[INFO GPL-0077] Filler area (um^2)     : Before: 32735.377, After: 32707.108 (-0.09%)
[INFO GPL-0078] Removed fillers count: 3, area removed: 28.269 um^2. Remaining area to be compensated by modifying density: 3.852 um^2
[INFO GPL-0058] White space area:           178979.155 um^2 (+0.00%)
[INFO GPL-0059] Movable instances area:      67329.556 um^2 (+0.00%)
[INFO GPL-0060] Total filler area:           32707.108 um^2 (-0.09%)
[INFO GPL-0061] Total non-inflated area:     67342.581 um^2 (+0.01%)
[INFO GPL-0062] Total inflated area:         67374.702 um^2 (+0.01%)
[INFO GPL-0063] New Target Density:             0.3762
[INFO GPL-0087] Routability end iteration: increase inflation and revert back to snapshot.
Iteration | Overflow |     HPWL (um) |  HPWL(%) |   Penalty | Group
---------------------------------------------------------------
      610 |   0.5621 |  6.898672e+04 |  -16.75% |  1.94e-09 |      
      620 |   0.5296 |  7.141352e+04 |   +3.52% |  2.86e-09 |      
      630 |   0.5019 |  7.284407e+04 |   +2.00% |  4.21e-09 |      
      640 |   0.4753 |  7.455195e+04 |   +2.34% |  6.21e-09 |      
      650 |   0.4334 |  7.637432e+04 |   +2.44% |  9.14e-09 |      
      660 |   0.3996 |  7.824392e+04 |   +2.45% |  1.35e-08 |      
      670 |   0.3642 |  8.051496e+04 |   +2.90% |  1.98e-08 |      
      680 |   0.3274 |  8.220977e+04 |   +2.10% |  2.92e-08 |      
[INFO GPL-0040] Routability iteration: 5
[INFO GPL-0041] Total routing overflow: 7.2290
[INFO GPL-0042] Number of overflowed tiles: 495 (8.14%)
[INFO GPL-0043] Average top 0.5% routing congestion: 1.0546
[INFO GPL-0044] Average top 1.0% routing congestion: 1.0448
[INFO GPL-0045] Average top 2.0% routing congestion: 1.0374
[INFO GPL-0046] Average top 5.0% routing congestion: 1.0230
[INFO GPL-0047] Routability iteration weighted routing congestion: 1.0497
[INFO GPL-0049] Routing congestion (1.0497) higher than minimum (1.0502). Consecutive non-improvement count: 1.
[INFO GPL-0086] Inflated area:                  27.307 um^2 (+0.08%)
[INFO GPL-0052] Placement target density:       0.3762
[INFO GPL-0076] Removing fillers, count: Before: 3471, After: 3469 (-0.06%)
[INFO GPL-0077] Filler area (um^2)     : Before: 32707.108, After: 32688.262 (-0.06%)
[INFO GPL-0078] Removed fillers count: 2, area removed: 18.846 um^2. Remaining area to be compensated by modifying density: 8.461 um^2
[INFO GPL-0058] White space area:           178979.155 um^2 (+0.00%)
[INFO GPL-0059] Movable instances area:      67329.556 um^2 (+0.00%)
[INFO GPL-0060] Total filler area:           32688.262 um^2 (-0.06%)
[INFO GPL-0061] Total non-inflated area:     67351.042 um^2 (+0.01%)
[INFO GPL-0062] Total inflated area:         67378.350 um^2 (+0.01%)
[INFO GPL-0063] New Target Density:             0.3762
[INFO GPL-0087] Routability end iteration: increase inflation and revert back to snapshot.
Iteration | Overflow |     HPWL (um) |  HPWL(%) |   Penalty | Group
---------------------------------------------------------------
      690 |   0.5889 |  6.680050e+04 |  -18.74% |  1.54e-09 |      
      700 |   0.5477 |  7.019410e+04 |   +5.08% |  2.27e-09 |      
      710 |   0.5185 |  7.201689e+04 |   +2.60% |  3.34e-09 |      
      720 |   0.4946 |  7.347494e+04 |   +2.02% |  4.92e-09 |      
      730 |   0.4583 |  7.539042e+04 |   +2.61% |  7.25e-09 |      
      740 |   0.4197 |  7.703572e+04 |   +2.18% |  1.07e-08 |      
      750 |   0.3860 |  7.924687e+04 |   +2.87% |  1.57e-08 |      
      760 |   0.3512 |  8.128625e+04 |   +2.57% |  2.32e-08 |      
      770 |   0.3128 |  8.272715e+04 |   +1.77% |  3.41e-08 |      
[INFO GPL-0040] Routability iteration: 6
[INFO GPL-0041] Total routing overflow: 7.1494
[INFO GPL-0042] Number of overflowed tiles: 495 (8.14%)
[INFO GPL-0043] Average top 0.5% routing congestion: 1.0540
[INFO GPL-0044] Average top 1.0% routing congestion: 1.0442
[INFO GPL-0045] Average top 2.0% routing congestion: 1.0371
[INFO GPL-0046] Average top 5.0% routing congestion: 1.0227
[INFO GPL-0047] Routability iteration weighted routing congestion: 1.0491
[INFO GPL-0048] Routing congestion (1.0491) lower than previous minimum (1.05). Updating minimum.
[INFO GPL-0086] Inflated area:                  27.391 um^2 (+0.08%)
[INFO GPL-0052] Placement target density:       0.3762
[INFO GPL-0076] Removing fillers, count: Before: 3469, After: 3467 (-0.06%)
[INFO GPL-0077] Filler area (um^2)     : Before: 32688.262, After: 32669.416 (-0.06%)
[INFO GPL-0078] Removed fillers count: 2, area removed: 18.846 um^2. Remaining area to be compensated by modifying density: 8.545 um^2
[INFO GPL-0058] White space area:           178979.155 um^2 (+0.00%)
[INFO GPL-0059] Movable instances area:      67329.556 um^2 (+0.00%)
[INFO GPL-0060] Total filler area:           32669.416 um^2 (-0.06%)
[INFO GPL-0061] Total non-inflated area:     67359.587 um^2 (+0.01%)
[INFO GPL-0062] Total inflated area:         67386.978 um^2 (+0.01%)
[INFO GPL-0063] New Target Density:             0.3762
[INFO GPL-0087] Routability end iteration: increase inflation and revert back to snapshot.
Iteration | Overflow |     HPWL (um) |  HPWL(%) |   Penalty | Group
---------------------------------------------------------------
      780 |   0.5699 |  6.826615e+04 |  -17.48% |  1.80e-09 |      
      790 |   0.5341 |  7.114754e+04 |   +4.22% |  2.65e-09 |      
      800 |   0.5070 |  7.262707e+04 |   +2.08% |  3.90e-09 |      
      810 |   0.4829 |  7.421890e+04 |   +2.19% |  5.74e-09 |      
      820 |   0.4423 |  7.613290e+04 |   +2.58% |  8.46e-09 |      
      830 |   0.4065 |  7.786173e+04 |   +2.27% |  1.25e-08 |      
      840 |   0.3710 |  8.019926e+04 |   +3.00% |  1.84e-08 |      
      850 |   0.3359 |  8.200865e+04 |   +2.26% |  2.70e-08 |      
      860 |   0.2980 |  8.326197e+04 |   +1.53% |  3.98e-08 |      
[INFO GPL-0040] Routability iteration: 7
[INFO GPL-0041] Total routing overflow: 7.0507
[INFO GPL-0042] Number of overflowed tiles: 495 (8.14%)
[INFO GPL-0043] Average top 0.5% routing congestion: 1.0532
[INFO GPL-0044] Average top 1.0% routing congestion: 1.0435
[INFO GPL-0045] Average top 2.0% routing congestion: 1.0367
[INFO GPL-0046] Average top 5.0% routing congestion: 1.0224
[INFO GPL-0047] Routability iteration weighted routing congestion: 1.0484
[INFO GPL-0049] Routing congestion (1.0484) higher than minimum (1.0491). Consecutive non-improvement count: 1.
[INFO GPL-0086] Inflated area:                  21.013 um^2 (+0.06%)
[INFO GPL-0052] Placement target density:       0.3762
[INFO GPL-0076] Removing fillers, count: Before: 3467, After: 3465 (-0.06%)
[INFO GPL-0077] Filler area (um^2)     : Before: 32669.416, After: 32650.570 (-0.06%)
[INFO GPL-0078] Removed fillers count: 2, area removed: 18.846 um^2. Remaining area to be compensated by modifying density: 2.167 um^2
[INFO GPL-0058] White space area:           178979.155 um^2 (+0.00%)
[INFO GPL-0059] Movable instances area:      67329.556 um^2 (+0.00%)
[INFO GPL-0060] Total filler area:           32650.570 um^2 (-0.06%)
[INFO GPL-0061] Total non-inflated area:     67361.755 um^2 (+0.00%)
[INFO GPL-0062] Total inflated area:         67382.768 um^2 (+0.00%)
[INFO GPL-0063] New Target Density:             0.3762
[INFO GPL-0087] Routability end iteration: increase inflation and revert back to snapshot.
Iteration | Overflow |     HPWL (um) |  HPWL(%) |   Penalty | Group
---------------------------------------------------------------
      870 |   0.5563 |  6.966357e+04 |  -16.33% |  2.10e-09 |      
      880 |   0.5243 |  7.181132e+04 |   +3.08% |  3.09e-09 |      
      890 |   0.4988 |  7.322329e+04 |   +1.97% |  4.55e-09 |      
      900 |   0.4668 |  7.505896e+04 |   +2.51% |  6.71e-09 |      
      910 |   0.4260 |  7.678482e+04 |   +2.30% |  9.88e-09 |      
      920 |   0.3933 |  7.883449e+04 |   +2.67% |  1.45e-08 |      
      930 |   0.3585 |  8.100284e+04 |   +2.75% |  2.14e-08 |      
      940 |   0.3199 |  8.257853e+04 |   +1.95% |  3.16e-08 |      
[INFO GPL-0040] Routability iteration: 8
[INFO GPL-0041] Total routing overflow: 6.9970
[INFO GPL-0042] Number of overflowed tiles: 494 (8.12%)
[INFO GPL-0043] Average top 0.5% routing congestion: 1.0529
[INFO GPL-0044] Average top 1.0% routing congestion: 1.0433
[INFO GPL-0045] Average top 2.0% routing congestion: 1.0366
[INFO GPL-0046] Average top 5.0% routing congestion: 1.0222
[INFO GPL-0047] Routability iteration weighted routing congestion: 1.0481
[INFO GPL-0048] Routing congestion (1.0481) lower than previous minimum (1.049). Updating minimum.
[INFO GPL-0086] Inflated area:                  21.399 um^2 (+0.06%)
[INFO GPL-0052] Placement target density:       0.3762
[INFO GPL-0076] Removing fillers, count: Before: 3465, After: 3463 (-0.06%)
[INFO GPL-0077] Filler area (um^2)     : Before: 32650.570, After: 32631.724 (-0.06%)
[INFO GPL-0078] Removed fillers count: 2, area removed: 18.846 um^2. Remaining area to be compensated by modifying density: 2.553 um^2
[INFO GPL-0058] White space area:           178979.155 um^2 (+0.00%)
[INFO GPL-0059] Movable instances area:      67329.556 um^2 (+0.00%)
[INFO GPL-0060] Total filler area:           32631.724 um^2 (-0.06%)
[INFO GPL-0061] Total non-inflated area:     67364.308 um^2 (+0.00%)
[INFO GPL-0062] Total inflated area:         67385.706 um^2 (+0.00%)
[INFO GPL-0063] New Target Density:             0.3762
[INFO GPL-0087] Routability end iteration: increase inflation and revert back to snapshot.
Iteration | Overflow |     HPWL (um) |  HPWL(%) |   Penalty | Group
---------------------------------------------------------------
      950 |   0.5802 |  6.755845e+04 |  -18.19% |  1.66e-09 |      
      960 |   0.5409 |  7.079222e+04 |   +4.79% |  2.45e-09 |      
      970 |   0.5130 |  7.238885e+04 |   +2.26% |  3.61e-09 |      
      980 |   0.4900 |  7.388793e+04 |   +2.07% |  5.32e-09 |      
      990 |   0.4507 |  7.583325e+04 |   +2.63% |  7.83e-09 |      
     1000 |   0.4138 |  7.748223e+04 |   +2.17% |  1.15e-08 |      
     1010 |   0.3784 |  7.981809e+04 |   +3.01% |  1.70e-08 |      
     1020 |   0.3449 |  8.173417e+04 |   +2.40% |  2.50e-08 |      
     1030 |   0.3060 |  8.303386e+04 |   +1.59% |  3.68e-08 |      
[INFO GPL-0040] Routability iteration: 9
[INFO GPL-0041] Total routing overflow: 6.9013
[INFO GPL-0042] Number of overflowed tiles: 494 (8.12%)
[INFO GPL-0043] Average top 0.5% routing congestion: 1.0507
[INFO GPL-0044] Average top 1.0% routing congestion: 1.0428
[INFO GPL-0045] Average top 2.0% routing congestion: 1.0369
[INFO GPL-0046] Average top 5.0% routing congestion: 1.0220
[INFO GPL-0047] Routability iteration weighted routing congestion: 1.0467
[INFO GPL-0048] Routing congestion (1.0467) lower than previous minimum (1.048). Updating minimum.
[INFO GPL-0086] Inflated area:                  23.384 um^2 (+0.07%)
[INFO GPL-0052] Placement target density:       0.3762
[INFO GPL-0076] Removing fillers, count: Before: 3463, After: 3461 (-0.06%)
[INFO GPL-0077] Filler area (um^2)     : Before: 32631.724, After: 32612.878 (-0.06%)
[INFO GPL-0078] Removed fillers count: 2, area removed: 18.846 um^2. Remaining area to be compensated by modifying density: 4.538 um^2
[INFO GPL-0058] White space area:           178979.155 um^2 (+0.00%)
[INFO GPL-0059] Movable instances area:      67329.556 um^2 (+0.00%)
[INFO GPL-0060] Total filler area:           32612.878 um^2 (-0.06%)
[INFO GPL-0061] Total non-inflated area:     67368.846 um^2 (+0.01%)
[INFO GPL-0062] Total inflated area:         67392.230 um^2 (+0.01%)
[INFO GPL-0063] New Target Density:             0.3762
[INFO GPL-0087] Routability end iteration: increase inflation and revert back to snapshot.
Iteration | Overflow |     HPWL (um) |  HPWL(%) |   Penalty | Group
---------------------------------------------------------------
     1040 |   0.5629 |  6.907705e+04 |  -16.81% |  1.94e-09 |      
     1050 |   0.5298 |  7.158814e+04 |   +3.64% |  2.86e-09 |      
     1060 |   0.5027 |  7.298262e+04 |   +1.95% |  4.21e-09 |      
     1070 |   0.4757 |  7.470124e+04 |   +2.35% |  6.21e-09 |      
     1080 |   0.4340 |  7.652743e+04 |   +2.44% |  9.14e-09 |      
     1090 |   0.4002 |  7.840795e+04 |   +2.46% |  1.35e-08 |      
     1100 |   0.3651 |  8.069978e+04 |   +2.92% |  1.98e-08 |      
     1110 |   0.3274 |  8.239408e+04 |   +2.10% |  2.92e-08 |      
[INFO GPL-0040] Routability iteration: 10
[INFO GPL-0041] Total routing overflow: 6.9177
[INFO GPL-0042] Number of overflowed tiles: 495 (8.14%)
[INFO GPL-0043] Average top 0.5% routing congestion: 1.0499
[INFO GPL-0044] Average top 1.0% routing congestion: 1.0427
[INFO GPL-0045] Average top 2.0% routing congestion: 1.0369
[INFO GPL-0046] Average top 5.0% routing congestion: 1.0220
[INFO GPL-0047] Routability iteration weighted routing congestion: 1.0463
[INFO GPL-0049] Routing congestion (1.0463) higher than minimum (1.0467). Consecutive non-improvement count: 1.
[INFO GPL-0086] Inflated area:                  24.413 um^2 (+0.07%)
[INFO GPL-0052] Placement target density:       0.3762
[INFO GPL-0076] Removing fillers, count: Before: 3461, After: 3459 (-0.06%)
[INFO GPL-0077] Filler area (um^2)     : Before: 32612.878, After: 32594.032 (-0.06%)
[INFO GPL-0078] Removed fillers count: 2, area removed: 18.846 um^2. Remaining area to be compensated by modifying density: 5.567 um^2
[INFO GPL-0058] White space area:           178979.155 um^2 (+0.00%)
[INFO GPL-0059] Movable instances area:      67329.556 um^2 (+0.00%)
[INFO GPL-0060] Total filler area:           32594.032 um^2 (-0.06%)
[INFO GPL-0061] Total non-inflated area:     67374.413 um^2 (+0.01%)
[INFO GPL-0062] Total inflated area:         67398.827 um^2 (+0.01%)
[INFO GPL-0063] New Target Density:             0.3762
[INFO GPL-0087] Routability end iteration: increase inflation and revert back to snapshot.
Iteration | Overflow |     HPWL (um) |  HPWL(%) |   Penalty | Group
---------------------------------------------------------------
     1120 |   0.5903 |  6.679991e+04 |  -18.93% |  1.54e-09 |      
     1130 |   0.5483 |  7.033750e+04 |   +5.30% |  2.27e-09 |      
     1140 |   0.5189 |  7.218179e+04 |   +2.62% |  3.34e-09 |      
     1150 |   0.4955 |  7.360802e+04 |   +1.98% |  4.92e-09 |      
     1160 |   0.4591 |  7.553473e+04 |   +2.62% |  7.25e-09 |      
     1170 |   0.4201 |  7.719643e+04 |   +2.20% |  1.07e-08 |      
     1180 |   0.3866 |  7.941684e+04 |   +2.88% |  1.57e-08 |      
     1190 |   0.3522 |  8.148238e+04 |   +2.60% |  2.32e-08 |      
     1200 |   0.3128 |  8.286715e+04 |   +1.70% |  3.41e-08 |      
[INFO GPL-0040] Routability iteration: 11
[INFO GPL-0041] Total routing overflow: 6.8698
[INFO GPL-0042] Number of overflowed tiles: 495 (8.14%)
[INFO GPL-0043] Average top 0.5% routing congestion: 1.0497
[INFO GPL-0044] Average top 1.0% routing congestion: 1.0427
[INFO GPL-0045] Average top 2.0% routing congestion: 1.0370
[INFO GPL-0046] Average top 5.0% routing congestion: 1.0219
[INFO GPL-0047] Routability iteration weighted routing congestion: 1.0462
[INFO GPL-0049] Routing congestion (1.0462) higher than minimum (1.0467). Consecutive non-improvement count: 2.
[INFO GPL-0086] Inflated area:                  22.212 um^2 (+0.06%)
[INFO GPL-0052] Placement target density:       0.3762
[INFO GPL-0076] Removing fillers, count: Before: 3459, After: 3457 (-0.06%)
[INFO GPL-0077] Filler area (um^2)     : Before: 32594.032, After: 32575.187 (-0.06%)
[INFO GPL-0078] Removed fillers count: 2, area removed: 18.846 um^2. Remaining area to be compensated by modifying density: 3.366 um^2
[INFO GPL-0058] White space area:           178979.155 um^2 (+0.00%)
[INFO GPL-0059] Movable instances area:      67329.556 um^2 (+0.00%)
[INFO GPL-0060] Total filler area:           32575.187 um^2 (-0.06%)
[INFO GPL-0061] Total non-inflated area:     67377.779 um^2 (+0.00%)
[INFO GPL-0062] Total inflated area:         67399.991 um^2 (+0.00%)
[INFO GPL-0063] New Target Density:             0.3762
[INFO GPL-0087] Routability end iteration: increase inflation and revert back to snapshot.
Iteration | Overflow |     HPWL (um) |  HPWL(%) |   Penalty | Group
---------------------------------------------------------------
     1210 |   0.5709 |  6.831726e+04 |  -17.56% |  1.80e-09 |      
     1220 |   0.5342 |  7.131564e+04 |   +4.39% |  2.65e-09 |      
     1230 |   0.5076 |  7.276348e+04 |   +2.03% |  3.90e-09 |      
     1240 |   0.4829 |  7.436153e+04 |   +2.20% |  5.74e-09 |      
     1250 |   0.4429 |  7.628427e+04 |   +2.59% |  8.46e-09 |      
     1260 |   0.4075 |  7.801403e+04 |   +2.27% |  1.25e-08 |      
     1270 |   0.3718 |  8.037818e+04 |   +3.03% |  1.84e-08 |      
     1280 |   0.3361 |  8.219432e+04 |   +2.26% |  2.70e-08 |      
     1290 |   0.2988 |  8.336500e+04 |   +1.42% |  3.98e-08 |      
[INFO GPL-0040] Routability iteration: 12
[INFO GPL-0041] Total routing overflow: 6.8358
[INFO GPL-0042] Number of overflowed tiles: 496 (8.15%)
[INFO GPL-0043] Average top 0.5% routing congestion: 1.0491
[INFO GPL-0044] Average top 1.0% routing congestion: 1.0424
[INFO GPL-0045] Average top 2.0% routing congestion: 1.0369
[INFO GPL-0046] Average top 5.0% routing congestion: 1.0217
[INFO GPL-0047] Routability iteration weighted routing congestion: 1.0457
[INFO GPL-0049] Routing congestion (1.0457) higher than minimum (1.0467). Consecutive non-improvement count: 3.
[INFO GPL-0086] Inflated area:                  16.771 um^2 (+0.05%)
[INFO GPL-0052] Placement target density:       0.3762
[INFO GPL-0076] Removing fillers, count: Before: 3457, After: 3456 (-0.03%)
[INFO GPL-0077] Filler area (um^2)     : Before: 32575.187, After: 32565.764 (-0.03%)
[INFO GPL-0078] Removed fillers count: 1, area removed: 9.423 um^2. Remaining area to be compensated by modifying density: 7.348 um^2
[INFO GPL-0054] No improvement in routing congestion for 3 consecutive iterations (limit is 3).
[INFO GPL-0055] Reverting inflation values and target density from the iteration with minimum observed routing congestion.
[INFO GPL-0056] Minimum observed routing congestion: 1.0467
[INFO GPL-0057] Target density at minimum routing congestion: 0.3762
[INFO GPL-0080] Restoring 7 previously removed fillers.
[INFO GPL-0081] Number of fillers before restoration 3456 and after 3463 . Relative change: +0.20%%
[INFO GPL-0082] Total filler area before restoration 32565.76 and after 32631.72 (um^2). Relative change: +0.20%%
[INFO GPL-0089] Routability finished. Reverting to minimal observed routing congestion, could not reach target.
Iteration | Overflow |     HPWL (um) |  HPWL(%) |   Penalty | Group
---------------------------------------------------------------
     1300 |   0.5557 |  6.963770e+04 |  -16.47% |  2.10e-09 |      
     1310 |   0.5241 |  7.178200e+04 |   +3.08% |  3.09e-09 |      
     1320 |   0.4984 |  7.320859e+04 |   +1.99% |  4.55e-09 |      
     1330 |   0.4664 |  7.504937e+04 |   +2.51% |  6.71e-09 |      
     1340 |   0.4256 |  7.677187e+04 |   +2.30% |  9.88e-09 |      
     1350 |   0.3930 |  7.882812e+04 |   +2.68% |  1.45e-08 |      
     1360 |   0.3582 |  8.100141e+04 |   +2.76% |  2.14e-08 |      
     1370 |   0.3195 |  8.257976e+04 |   +1.95% |  3.16e-08 |      
     1380 |   0.2813 |  8.381956e+04 |   +1.50% |  4.65e-08 |      
     1390 |   0.2462 |  8.514970e+04 |   +1.59% |  6.85e-08 |      
     1400 |   0.2127 |  8.639988e+04 |   +1.47% |  1.01e-07 |      
[INFO GPL-0100] Timing-driven iteration 2/2, virtual: false.
[INFO GPL-0101]    Iter: 1407, overflow: 0.193, keep resizer changes at: 1, HPWL: 86900999
Iteration |   Area    | Resized | Buffers | Nets repaired | Remaining
---------------------------------------------------------------------
        0 |     +0.0% |       0 |       0 |             0 |      4452
    final |     +0.1% |       0 |      23 |            20 |         0
---------------------------------------------------------------------
[INFO RSZ-0034] Found 8 slew violations.
[INFO RSZ-0036] Found 12 capacitance violations.
[INFO RSZ-0038] Inserted 23 buffers in 20 nets.
   Iter   |    Area   | Removed | Inserted |   Pins
          |           | Buffers | Buffers  | Remaining
-------------------------------------------------------
        0 |     +0.0% |       0 |        0 |      3880
      380 |     +0.2% |     118 |      154 |      3500
      760 |     +0.3% |     224 |      276 |      3120
     1140 |     +0.3% |     279 |      335 |      2740
     1520 |     +0.4% |     369 |      436 |      2360
     1900 |     +0.4% |     387 |      451 |      1980
     2280 |     +0.4% |     427 |      492 |      1600
[WARNING RSZ-2009] Skipping buffering because no valid buffering solution satisfying the design rules can be found for net connected to pin _6093_/Y.
[WARNING RSZ-2005] cannot find a viable buffering solution on pin _6093_/Y after 1 rounds of buffering (no solution meets design rules)
[WARNING RSZ-2009] Skipping buffering because no valid buffering solution satisfying the design rules can be found for net connected to pin _5207_/Y.
[WARNING RSZ-2005] cannot find a viable buffering solution on pin _5207_/Y after 1 rounds of buffering (no solution meets design rules)
[WARNING RSZ-2009] Skipping buffering because no valid buffering solution satisfying the design rules can be found for net connected to pin _5218_/Y.
[WARNING RSZ-2005] cannot find a viable buffering solution on pin _5218_/Y after 1 rounds of buffering (no solution meets design rules)
[WARNING RSZ-2009] Skipping buffering because no valid buffering solution satisfying the design rules can be found for net connected to pin _5225_/Y.
[WARNING RSZ-2005] cannot find a viable buffering solution on pin _5225_/Y after 1 rounds of buffering (no solution meets design rules)
[WARNING RSZ-2009] Skipping buffering because no valid buffering solution satisfying the design rules can be found for net connected to pin _5232_/Y.
[WARNING RSZ-2005] cannot find a viable buffering solution on pin _5232_/Y after 1 rounds of buffering (no solution meets design rules)
     2660 |     +0.4% |     447 |      519 |      1220
     3040 |     +0.4% |     470 |      539 |       840
     3420 |     +0.4% |     479 |      548 |       460
     3800 |     +0.4% |     511 |      579 |        80
    final |     +0.4% |     536 |      603 |         0
-------------------------------------------------------
[INFO GPL-0106] Timing-driven: worst slack -1.0312853e-09
[INFO GPL-0107] Timing-driven: repair_design delta area: 670.410 um^2 (+1.93%)
[INFO GPL-0108] Timing-driven: repair_design, gpl delta gcells: 90 (+2.43%)
[INFO GPL-0109] Timing-driven: repair_design, gcells created: 626, deleted: 536
[INFO GPL-0110] Timing-driven: new target density: 0.38051763
Iteration | Overflow |     HPWL (um) |  HPWL(%) |   Penalty | Group
---------------------------------------------------------------
     1410 |   0.1811 |  9.010707e+04 |   +4.29% |  1.49e-07 |      
     1420 |   0.1561 |  9.073962e+04 |   +0.70% |  2.19e-07 |      
     1430 |   0.1339 |  9.051053e+04 |   -0.25% |  3.22e-07 |      
     1440 |   0.1138 |  9.054103e+04 |   +0.03% |  4.75e-07 |      
     1449 |   0.0990 |  9.079959e+04 |          |  6.99e-07 |      
---------------------------------------------------------------
[INFO GPL-1001] Global placement finished at iteration 1449
[INFO GPL-1017] Routability mode iteration count: 1090
[INFO GPL-1005] Routability final weighted congestion: 1.0446
[INFO GPL-1002] Placed Cell Area            35402.9934
[INFO GPL-1003] Available Free Area         178979.1552
[INFO GPL-1004] Minimum Feasible Density        0.1800 (cell_area / free_area)
[INFO GPL-1006]   Suggested Target Densities:
[INFO GPL-1007]     - For 90% usage of free space: 0.2198
[INFO GPL-1008]     - For 80% usage of free space: 0.2473
[INFO GPL-1009]     - For 50% usage of free space: 0.3956
[INFO GPL-1011] Original area (um^2): 30506.76
[INFO GPL-1012] Total routability artificial inflation: 254.89 (+0.84%)
[INFO GPL-1013] Total timing-driven delta area: 4641.34 (+15.21%)
[INFO GPL-1014] Final placement area: 35402.99 (+16.05%)
Took 322 seconds: global_placement -density 0.35400000572204593 -pad_left 0 -pad_right 0 -routability_driven -timing_driven -force_center_initial_place -min_phi_coef 0.95 -max_phi_coef 1.05
estimate_parasitics -placement
Report metrics stage 3, global place...

==========================================================================
global place report_design_area
--------------------------------------------------------------------------
Design area 138987 um^2 48% utilization.
write_db /root/cac_runs/ntt_macro_20ns_pinfix4/results/sky130hd/cac_ntt_macro_20ns/base/3_3_place_gp.odb
Elapsed time: 5:00.99[h:]min:sec. CPU time: user 1525.38 sys 1.41 (507%). Peak memory: 289612KB.
Log                       Ext     Elapsed/s Peak Memory/MB sha1sum result [0:20)
3_3_place_gp              .odb          300            282 7b22458d1776d2baf5bc
