OpenROAD f552262465b0bfef8f097e258f94bc501d01e19d 
Features included (+) or not (-): +GPU +GUI +Python
This program is licensed under the BSD-3 license. See the LICENSE file for details.
Components of this program may be licensed under more restrictive licenses which must be honored.
[INFO ORD-0030] Using 12 thread(s).
read_liberty /opt/eda/orfs-6101364b/flow/platforms/sky130hd/lib/sky130_fd_sc_hd__tt_025C_1v80.lib
read_liberty /mnt/d/TKVM_ATTT_2026_test/codeachip/flow/macros/sky130_sram_1rw_16x256_wpr8_TT_1p8V_25C.lib
read_db /root/cac_runs/ntt_macro_20ns/results/sky130hd/cac_ntt_macro_20ns/base/3_place.odb
read_sdc /root/cac_runs/ntt_macro_20ns/results/sky130hd/cac_ntt_macro_20ns/base/3_place.sdc
source /opt/eda/orfs-6101364b/flow/platforms/sky130hd/setRC.tcl
clock_tree_synthesis -sink_clustering_enable -repair_clock_nets
[INFO CTS-0050] Root buffer is sky130_fd_sc_hd__clkbuf_16.
[INFO CTS-0051] Sink buffer is sky130_fd_sc_hd__clkbuf_16.
[INFO CTS-0052] The following clock buffers will be used for CTS:
                    sky130_fd_sc_hd__clkbuf_16
[INFO CTS-0049] Characterization buffer is sky130_fd_sc_hd__clkbuf_16.
[INFO CTS-0007] Net "clk" found for clock "clk".
[INFO CTS-0011]  Clock net "clk" for macros has 1 sinks.
[INFO CTS-0011]  Clock net "clk_regs" for registers has 155 sinks.
[INFO CTS-0008] TritonCTS found 2 clock nets.
[INFO CTS-0097] Characterization used 1 buffer(s) types.
[INFO CTS-0201] 1 blockages from hard placement blockages and placed macros will be used.
[INFO CTS-0027] Generating H-Tree topology for net clk.
[INFO CTS-0028]  Total number of sinks: 1.
[INFO CTS-0029]  Macro  sinks will be clustered in groups of up to 4 and with maximum cluster diameter of 946.4 um.
[INFO CTS-0030]  Number of static layers: 0.
[INFO CTS-0020]  Wire segment unit: 13600  dbu (13 um).
[INFO CTS-0023]  Original sink region: [(484960, 177685), (484960, 177685)].
[INFO CTS-0024]  Normalized sink region: [(35.6588, 13.0651), (35.6588, 13.0651)].
[INFO CTS-0025]     Width:  0.0000.
[INFO CTS-0026]     Height: 0.0000.
 Level 1
    Direction: Vertical
    Sinks per sub-region: 1
    Sub-region size: 0.0000 X 0.0000
[INFO CTS-0034]     Segment length (rounded): 1.
[INFO CTS-0038]  Stop criterion found. Sink region hpwl is smaller than max wirelength (1911.535 um) and max number of sinks is 15.
[INFO CTS-0035]  Number of sinks covered: 1.
[INFO CTS-0201] 1 blockages from hard placement blockages and placed macros will be used.
[INFO CTS-0027] Generating H-Tree topology for net clk_regs.
[INFO CTS-0028]  Total number of sinks: 155.
[INFO CTS-0090]  Sinks will be clustered based on buffer max cap.
[INFO CTS-0030]  Number of static layers: 0.
[INFO CTS-0020]  Wire segment unit: 13600  dbu (13 um).
[INFO CTS-0023]  Original sink region: [(178285, 240780), (538395, 376780)].
[INFO CTS-0024]  Normalized sink region: [(13.1092, 17.7044), (39.5879, 27.7044)].
[INFO CTS-0025]     Width:  26.4787.
[INFO CTS-0026]     Height: 10.0000.
 Level 1
    Direction: Horizontal
    Sinks per sub-region: 78
    Sub-region size: 13.2393 X 10.0000
[INFO CTS-0034]     Segment length (rounded): 6.
 Level 2
    Direction: Vertical
    Sinks per sub-region: 39
    Sub-region size: 13.2393 X 5.0000
[INFO CTS-0034]     Segment length (rounded): 2.
 Level 3
    Direction: Horizontal
    Sinks per sub-region: 20
    Sub-region size: 6.6197 X 5.0000
[INFO CTS-0034]     Segment length (rounded): 4.
 Level 4
    Direction: Vertical
    Sinks per sub-region: 10
    Sub-region size: 6.6197 X 2.5000
[INFO CTS-0034]     Segment length (rounded): 1.
[INFO CTS-0038]  Stop criterion found. Sink region hpwl is smaller than max wirelength (1911.535 um) and max number of sinks is 15.
[INFO CTS-0035]  Number of sinks covered: 155.
[INFO CTS-0018]     Created 2 clock buffers.
[INFO CTS-0012]     Minimum number of buffers in the clock path: 2.
[INFO CTS-0013]     Maximum number of buffers in the clock path: 2.
[INFO CTS-0015]     Created 2 clock nets.
[INFO CTS-0016]     Fanout distribution for the current clock = 1:1..
[INFO CTS-0017]     Max level of the clock tree: 1.
[INFO CTS-0018]     Created 17 clock buffers.
[INFO CTS-0012]     Minimum number of buffers in the clock path: 2.
[INFO CTS-0013]     Maximum number of buffers in the clock path: 2.
[INFO CTS-0015]     Created 17 clock nets.
[INFO CTS-0016]     Fanout distribution for the current clock = 6:3, 7:2, 8:1, 9:1, 10:3, 11:2, 12:2, 14:1, 16:1..
[INFO CTS-0017]     Max level of the clock tree: 4.
[INFO CTS-0124] Clock net "clk"
[INFO CTS-0125]  Sinks 1
[INFO CTS-0098] Clock net "clk_regs"
[INFO CTS-0099]  Sinks 170
[INFO CTS-0100]  Leaf buffers 0
[INFO CTS-0101]  Average sink wire length 160.15 um
[INFO CTS-0102]  Path depth 2 - 2
[INFO CTS-0207]  Dummy loads inserted 15
[INFO CTS-0033] Balancing latency for clock clk
[INFO CTS-0036]  inserted 3 delay buffers
[INFO CTS-0037] Total number of delay buffers: 3
[INFO CTS-0500] Runtime: 1.07s
estimate_parasitics -placement
detailed_placement
[INFO DPL-0006] Core area: 288635.57 um^2
[INFO DPL-0007] Movable instances area: 34096.45 um^2
[INFO DPL-0008] Fixed instances area within core: 105631.26 um^2
[INFO DPL-0009] Utilization: 48.4%
[INFO DPL-0005] Diamond search max displacement: +/- 500 sites horizontally, +/- 100 rows vertically.
[INFO DPL-1102] Legalizing using negotiation legalizer.
[INFO DPL-1103] Negotiation base search window: +/-20 sites horizontally, +/-5 rows vertically 
	Automatic search window extension enabled.
	Search window extendable up to the max displacement cap of +/-500 sites, +/-100 rows near walls.
[INFO DPL-1104] NegotiationLegalizer DRC penalty: 5.
[INFO DPL-0392] Negotiation cell height distribution (2 unique row-count(s)):
[INFO DPL-0393]   height 1 row(s): 6206 cells
[INFO DPL-0393]   height 80 row(s): 1 cells
          |      Total |  Illegal |  Illegal
Iteration | Violations |    Cells |    Sites
---------------------------------------------
        0 |          0 |         0 |         0
Negotiation phase 1 converged at iteration 0.
[INFO DPL-0500] Runtime: 0.03s
Placement Analysis
---------------------------------
total displacement       4145.2 u
average displacement        0.7 u
max displacement           20.9 u
original HPWL           91372.6 u
legalized HPWL          93797.5 u
delta HPWL                    3 %

estimate_parasitics -placement
Warning: master sky130_ef_sc_hd__decap_12 has signal pins but no liberty cell
repair_timing -setup_margin 0 -hold_margin 0 -repair_tns 100 -match_cell_footprint -verbose
[INFO RSZ-0100] Repair move sequence: UnbufferMove SizeUpMove SwapPinsMove BufferMove CloneMove SplitLoadMove 
[INFO RSZ-0094] Found 12 endpoints with setup violations.
[INFO RSZ-0099] Repairing 12 out of 12 (100.00%) violating endpoints...
   Iter   | Removed | Resized | Inserted | Cloned |  Pin  |   Area   |    WNS   |   StTNS    |   EnTNS    |  Viol  |  Worst  
          | Buffers |  Gates  | Buffers  |  Gates | Swaps |          |          |            |            | Endpts | St/EnPt 
------------------------------------------------------------------------------------------------------------------------------
       0* |       0 |       0 |        0 |      0 |     0 |    +0.0% |   -1.516 |      -22.8 |      -16.8 |     12 | mul_reduced_q\[6\]$_DFFE_PN0P_/D
      10* |       0 |       5 |        2 |      0 |     2 |    +0.0% |   -1.262 |      -16.4 |      -13.7 |     12 | mul_reduced_q\[6\]$_DFFE_PN0P_/D
      20* |       0 |      12 |        3 |      0 |     4 |    +0.1% |   -1.185 |      -14.3 |      -12.8 |     12 | mul_reduced_q\[6\]$_DFFE_PN0P_/D
      30* |       0 |      16 |        5 |      0 |     8 |    +0.1% |   -1.074 |      -12.3 |      -11.5 |     12 | mul_reduced_q\[6\]$_DFFE_PN0P_/D
      40* |       0 |      22 |        5 |      0 |    12 |    +0.1% |   -0.975 |      -10.5 |      -10.2 |     12 | mul_reduced_q\[6\]$_DFFE_PN0P_/D
      50* |       0 |      23 |        7 |      0 |    19 |    +0.1% |   -1.045 |      -11.9 |      -11.0 |     12 | mul_reduced_q\[6\]$_DFFE_PN0P_/D
      60* |       0 |      26 |        8 |      0 |    25 |    +0.1% |   -1.042 |      -11.5 |      -11.0 |     12 | mul_reduced_q\[6\]$_DFFE_PN0P_/D
      70* |       0 |      28 |       10 |      0 |    31 |    +0.2% |   -1.033 |      -11.7 |      -10.9 |     12 | mul_reduced_q\[6\]$_DFFE_PN0P_/D
      80* |       0 |      30 |       13 |      0 |    37 |    +0.2% |   -0.974 |      -10.8 |      -10.2 |     12 | mul_reduced_q\[6\]$_DFFE_PN0P_/D
      90* |       0 |      32 |       15 |      0 |    43 |    +0.2% |   -0.974 |      -10.9 |      -10.2 |     12 | mul_reduced_q\[6\]$_DFFE_PN0P_/D
     100* |       3 |      33 |       19 |      0 |    45 |    +0.2% |   -0.940 |      -10.5 |       -9.8 |     12 | mul_reduced_q\[6\]$_DFFE_PN0P_/D
     110* |       8 |      33 |       24 |      0 |    45 |    +0.2% |   -0.940 |      -10.5 |       -9.8 |     12 | mul_reduced_q\[6\]$_DFFE_PN0P_/D
     120* |      13 |      33 |       29 |      0 |    45 |    +0.2% |   -0.940 |      -10.5 |       -9.8 |     12 | mul_reduced_q\[6\]$_DFFE_PN0P_/D
     130* |      18 |      33 |       34 |      0 |    45 |    +0.2% |   -0.940 |      -10.5 |       -9.8 |     12 | mul_reduced_q\[6\]$_DFFE_PN0P_/D
     140* |      23 |      33 |       39 |      0 |    45 |    +0.2% |   -0.940 |      -10.5 |       -9.8 |     12 | mul_reduced_q\[6\]$_DFFE_PN0P_/D
     144* |       0 |      33 |       16 |      0 |    45 |    +0.2% |   -0.940 |      -10.5 |       -9.8 |     12 | mul_reduced_q\[6\]$_DFFE_PN0P_/D
     150* |       2 |      34 |       18 |      0 |    45 |    +0.2% |   -0.961 |      -10.9 |       -9.6 |     12 | mul_reduced_q\[6\]$_DFFE_PN0P_/D
     160* |       7 |      34 |       23 |      0 |    45 |    +0.2% |   -0.961 |      -10.9 |       -9.6 |     12 | mul_reduced_q\[6\]$_DFFE_PN0P_/D
     170* |      12 |      34 |       28 |      0 |    45 |    +0.2% |   -0.961 |      -10.9 |       -9.6 |     12 | mul_reduced_q\[6\]$_DFFE_PN0P_/D
     180* |      17 |      34 |       33 |      0 |    45 |    +0.2% |   -0.961 |      -10.9 |       -9.6 |     12 | mul_reduced_q\[6\]$_DFFE_PN0P_/D
     190* |      22 |      34 |       38 |      0 |    45 |    +0.2% |   -0.961 |      -10.9 |       -9.6 |     12 | mul_reduced_q\[6\]$_DFFE_PN0P_/D
     195* |       0 |      33 |       16 |      0 |    45 |    +0.2% |   -0.940 |      -10.5 |       -9.8 |     12 | mul_reduced_q\[6\]$_DFFE_PN0P_/D
     200* |       2 |      34 |       17 |      0 |    45 |    +0.2% |   -0.978 |      -11.2 |       -9.8 |     12 | mul_reduced_q\[6\]$_DFFE_PN0P_/D
     210* |       7 |      34 |       22 |      0 |    45 |    +0.2% |   -0.978 |      -11.2 |       -9.8 |     12 | mul_reduced_q\[6\]$_DFFE_PN0P_/D
     220* |      12 |      34 |       27 |      0 |    45 |    +0.2% |   -0.978 |      -11.2 |       -9.8 |     12 | mul_reduced_q\[6\]$_DFFE_PN0P_/D
     230* |      17 |      34 |       32 |      0 |    45 |    +0.2% |   -0.978 |      -11.2 |       -9.8 |     12 | mul_reduced_q\[6\]$_DFFE_PN0P_/D
     240* |      22 |      34 |       37 |      0 |    45 |    +0.2% |   -0.978 |      -11.2 |       -9.8 |     12 | mul_reduced_q\[6\]$_DFFE_PN0P_/D
     246* |       0 |      33 |       16 |      0 |    45 |    +0.2% |   -0.940 |      -10.5 |       -9.8 |     12 | mul_reduced_q\[6\]$_DFFE_PN0P_/D
     250* |       1 |      34 |       17 |      0 |    45 |    +0.2% |   -0.961 |      -10.9 |       -9.6 |     12 | mul_reduced_q\[6\]$_DFFE_PN0P_/D
     260* |       6 |      34 |       22 |      0 |    45 |    +0.2% |   -0.961 |      -10.9 |       -9.6 |     12 | mul_reduced_q\[6\]$_DFFE_PN0P_/D
     270* |      11 |      34 |       27 |      0 |    45 |    +0.2% |   -0.961 |      -10.9 |       -9.6 |     12 | mul_reduced_q\[6\]$_DFFE_PN0P_/D
     280* |      16 |      34 |       32 |      0 |    45 |    +0.2% |   -0.961 |      -10.9 |       -9.6 |     12 | mul_reduced_q\[6\]$_DFFE_PN0P_/D
     290* |      21 |      34 |       37 |      0 |    45 |    +0.2% |   -0.961 |      -10.9 |       -9.6 |     12 | mul_reduced_q\[6\]$_DFFE_PN0P_/D
     297* |       0 |      33 |       16 |      0 |    45 |    +0.2% |   -0.940 |      -10.5 |       -9.8 |     12 | mul_reduced_q\[6\]$_DFFE_PN0P_/D
     300* |       1 |      34 |       16 |      0 |    45 |    +0.2% |   -0.978 |      -11.2 |       -9.8 |     12 | mul_reduced_q\[6\]$_DFFE_PN0P_/D
     310* |       6 |      34 |       21 |      0 |    45 |    +0.2% |   -0.978 |      -11.2 |       -9.8 |     12 | mul_reduced_q\[6\]$_DFFE_PN0P_/D
     320* |      11 |      34 |       26 |      0 |    45 |    +0.2% |   -0.978 |      -11.2 |       -9.8 |     12 | mul_reduced_q\[6\]$_DFFE_PN0P_/D
     330* |      16 |      34 |       31 |      0 |    45 |    +0.2% |   -0.978 |      -11.2 |       -9.8 |     12 | mul_reduced_q\[6\]$_DFFE_PN0P_/D
     340* |      21 |      34 |       36 |      0 |    45 |    +0.2% |   -0.978 |      -11.2 |       -9.8 |     12 | mul_reduced_q\[6\]$_DFFE_PN0P_/D
     348* |       0 |      33 |       16 |      0 |    45 |    +0.2% |   -0.940 |      -10.5 |       -9.8 |     12 | mul_reduced_q\[6\]$_DFFE_PN0P_/D
     350* |       0 |      34 |       16 |      0 |    45 |    +0.2% |   -0.954 |      -10.7 |       -9.9 |     12 | mul_reduced_q\[6\]$_DFFE_PN0P_/D
     360* |       5 |      35 |       20 |      0 |    45 |    +0.2% |   -0.991 |      -11.5 |       -9.9 |     12 | mul_reduced_q\[6\]$_DFFE_PN0P_/D
     370* |      10 |      35 |       25 |      0 |    45 |    +0.2% |   -0.991 |      -11.5 |       -9.9 |     12 | mul_reduced_q\[6\]$_DFFE_PN0P_/D
     380* |      15 |      35 |       30 |      0 |    45 |    +0.2% |   -0.991 |      -11.5 |       -9.9 |     12 | mul_reduced_q\[6\]$_DFFE_PN0P_/D
     390* |      20 |      35 |       35 |      0 |    45 |    +0.2% |   -0.991 |      -11.5 |       -9.9 |     12 | mul_reduced_q\[6\]$_DFFE_PN0P_/D
     399* |       0 |      33 |       16 |      0 |    45 |    +0.2% |   -0.940 |      -10.5 |       -9.8 |     12 | mul_reduced_q\[6\]$_DFFE_PN0P_/D
     400* |       0 |      33 |       16 |      0 |    45 |    +0.2% |   -0.940 |      -10.5 |       -9.8 |     12 | mul_reduced_q\[6\]$_DFFE_PN0P_/D
     410* |       5 |      34 |       20 |      0 |    45 |    +0.2% |   -0.978 |      -11.2 |       -9.8 |     12 | mul_reduced_q\[6\]$_DFFE_PN0P_/D
     420* |      10 |      34 |       25 |      0 |    45 |    +0.2% |   -0.978 |      -11.2 |       -9.8 |     12 | mul_reduced_q\[6\]$_DFFE_PN0P_/D
     430* |      15 |      34 |       30 |      0 |    45 |    +0.2% |   -0.978 |      -11.2 |       -9.8 |     12 | mul_reduced_q\[6\]$_DFFE_PN0P_/D
     440* |      20 |      34 |       35 |      0 |    45 |    +0.2% |   -0.978 |      -11.2 |       -9.8 |     12 | mul_reduced_q\[6\]$_DFFE_PN0P_/D
     450* |      25 |      34 |       40 |      0 |    45 |    +0.2% |   -0.978 |      -11.2 |       -9.8 |     12 | mul_reduced_q\[6\]$_DFFE_PN0P_/D
     450* |       0 |      33 |       16 |      0 |    45 |    +0.2% |   -0.940 |      -10.5 |       -9.8 |     12 | mul_reduced_q\[6\]$_DFFE_PN0P_/D
     460* |       4 |      35 |       19 |      0 |    45 |    +0.2% |   -0.991 |      -11.5 |       -9.9 |     12 | mul_reduced_q\[6\]$_DFFE_PN0P_/D
     470* |       9 |      35 |       24 |      0 |    45 |    +0.2% |   -0.991 |      -11.5 |       -9.9 |     12 | mul_reduced_q\[6\]$_DFFE_PN0P_/D
     480* |      14 |      35 |       29 |      0 |    45 |    +0.2% |   -0.991 |      -11.5 |       -9.9 |     12 | mul_reduced_q\[6\]$_DFFE_PN0P_/D
     490* |      19 |      35 |       34 |      0 |    45 |    +0.2% |   -0.991 |      -11.5 |       -9.9 |     12 | mul_reduced_q\[6\]$_DFFE_PN0P_/D
     500* |      24 |      35 |       39 |      0 |    45 |    +0.2% |   -0.991 |      -11.5 |       -9.9 |     12 | mul_reduced_q\[6\]$_DFFE_PN0P_/D
     501* |       0 |      33 |       16 |      0 |    45 |    +0.2% |   -0.940 |      -10.5 |       -9.8 |     12 | mul_reduced_q\[6\]$_DFFE_PN0P_/D
     510* |       4 |      34 |       19 |      0 |    45 |    +0.2% |   -0.978 |      -11.2 |       -9.8 |     12 | mul_reduced_q\[6\]$_DFFE_PN0P_/D
     520* |       9 |      34 |       24 |      0 |    45 |    +0.2% |   -0.978 |      -11.2 |       -9.8 |     12 | mul_reduced_q\[6\]$_DFFE_PN0P_/D
     530* |      14 |      34 |       29 |      0 |    45 |    +0.2% |   -0.978 |      -11.2 |       -9.8 |     12 | mul_reduced_q\[6\]$_DFFE_PN0P_/D
     540* |      19 |      34 |       34 |      0 |    45 |    +0.2% |   -0.978 |      -11.2 |       -9.8 |     12 | mul_reduced_q\[6\]$_DFFE_PN0P_/D
     550* |      24 |      34 |       39 |      0 |    45 |    +0.2% |   -0.978 |      -11.2 |       -9.8 |     12 | mul_reduced_q\[6\]$_DFFE_PN0P_/D
     552* |       0 |      33 |       16 |      0 |    45 |    +0.2% |   -0.940 |      -10.5 |       -9.8 |     12 | mul_reduced_q\[6\]$_DFFE_PN0P_/D
     560* |       3 |      34 |       19 |      0 |    45 |    +0.2% |   -0.961 |      -10.9 |       -9.6 |     12 | mul_reduced_q\[6\]$_DFFE_PN0P_/D
     570* |       8 |      34 |       24 |      0 |    45 |    +0.2% |   -0.961 |      -10.9 |       -9.6 |     12 | mul_reduced_q\[6\]$_DFFE_PN0P_/D
     580* |      13 |      34 |       29 |      0 |    45 |    +0.2% |   -0.961 |      -10.9 |       -9.6 |     12 | mul_reduced_q\[6\]$_DFFE_PN0P_/D
     590* |      18 |      34 |       34 |      0 |    45 |    +0.2% |   -0.961 |      -10.9 |       -9.6 |     12 | mul_reduced_q\[6\]$_DFFE_PN0P_/D
     600* |      23 |      34 |       39 |      0 |    45 |    +0.2% |   -0.961 |      -10.9 |       -9.6 |     12 | mul_reduced_q\[6\]$_DFFE_PN0P_/D
     603* |       0 |      33 |       16 |      0 |    45 |    +0.2% |   -0.940 |      -10.5 |       -9.8 |     12 | mul_reduced_q\[6\]$_DFFE_PN0P_/D
     610* |       3 |      34 |       18 |      0 |    45 |    +0.2% |   -0.978 |      -11.2 |       -9.8 |     12 | mul_reduced_q\[6\]$_DFFE_PN0P_/D
     620* |       8 |      34 |       23 |      0 |    45 |    +0.2% |   -0.978 |      -11.2 |       -9.8 |     12 | mul_reduced_q\[6\]$_DFFE_PN0P_/D
     630* |      13 |      34 |       28 |      0 |    45 |    +0.2% |   -0.978 |      -11.2 |       -9.8 |     12 | mul_reduced_q\[6\]$_DFFE_PN0P_/D
     640* |      18 |      34 |       33 |      0 |    45 |    +0.2% |   -0.978 |      -11.2 |       -9.8 |     12 | mul_reduced_q\[6\]$_DFFE_PN0P_/D
     650* |      23 |      34 |       38 |      0 |    45 |    +0.2% |   -0.978 |      -11.2 |       -9.8 |     12 | mul_reduced_q\[6\]$_DFFE_PN0P_/D
     654* |       0 |      33 |       16 |      0 |    45 |    +0.2% |   -0.940 |      -10.5 |       -9.8 |     12 | mul_reduced_q\[6\]$_DFFE_PN0P_/D
     660* |       2 |      33 |       18 |      0 |    46 |    +0.2% |   -0.940 |      -10.5 |       -9.8 |     12 | mul_reduced_q\[6\]$_DFFE_PN0P_/D
     670* |       7 |      33 |       23 |      0 |    46 |    +0.2% |   -0.940 |      -10.5 |       -9.8 |     12 | mul_reduced_q\[6\]$_DFFE_PN0P_/D
     680* |      12 |      33 |       28 |      0 |    46 |    +0.2% |   -0.940 |      -10.5 |       -9.8 |     12 | mul_reduced_q\[6\]$_DFFE_PN0P_/D
     690* |      17 |      33 |       33 |      0 |    46 |    +0.2% |   -0.940 |      -10.5 |       -9.8 |     12 | mul_reduced_q\[6\]$_DFFE_PN0P_/D
     700* |      22 |      33 |       38 |      0 |    46 |    +0.2% |   -0.940 |      -10.5 |       -9.8 |     12 | mul_reduced_q\[6\]$_DFFE_PN0P_/D
     705* |       0 |      33 |       16 |      0 |    45 |    +0.2% |   -0.940 |      -10.5 |       -9.8 |     12 | mul_reduced_q\[6\]$_DFFE_PN0P_/D
     705* |       0 |      33 |       16 |      0 |    45 |    +0.2% |   -0.940 |      -10.5 |       -9.8 |     12 | mul_reduced_q\[6\]$_DFFE_PN0P_/D
     707+ |       0 |      34 |       16 |      0 |    45 |    +0.2% |   -0.940 |      -10.3 |       -9.8 |     12 | mul_reduced_q\[6\]$_DFFE_PN0P_/D
     708+ |       0 |      34 |       16 |      0 |    45 |    +0.2% |   -0.940 |      -10.3 |       -9.8 |     12 | mul_reduced_q\[6\]$_DFFE_PN0P_/D
     709+ |       0 |      34 |       16 |      0 |    45 |    +0.2% |   -0.940 |      -10.3 |       -9.8 |     12 | mul_reduced_q\[6\]$_DFFE_PN0P_/D
     710+ |       0 |      34 |       16 |      0 |    45 |    +0.2% |   -0.940 |      -10.3 |       -9.8 |     12 | mul_reduced_q\[6\]$_DFFE_PN0P_/D
     710+ |       0 |      34 |       16 |      0 |    45 |    +0.2% |   -0.940 |      -10.3 |       -9.8 |     12 | mul_reduced_q\[6\]$_DFFE_PN0P_/D
     711+ |       0 |      34 |       16 |      0 |    45 |    +0.2% |   -0.940 |      -10.3 |       -9.8 |     12 | mul_reduced_q\[6\]$_DFFE_PN0P_/D
     712+ |       0 |      34 |       16 |      0 |    45 |    +0.2% |   -0.940 |      -10.3 |       -9.8 |     12 | mul_reduced_q\[6\]$_DFFE_PN0P_/D
     713+ |       0 |      34 |       16 |      0 |    45 |    +0.2% |   -0.940 |      -10.3 |       -9.8 |     12 | mul_reduced_q\[6\]$_DFFE_PN0P_/D
     714+ |       0 |      34 |       16 |      0 |    45 |    +0.2% |   -0.940 |      -10.3 |       -9.8 |     12 | mul_reduced_q\[6\]$_DFFE_PN0P_/D
     715+ |       0 |      34 |       16 |      0 |    45 |    +0.2% |   -0.940 |      -10.3 |       -9.8 |     12 | mul_reduced_q\[6\]$_DFFE_PN0P_/D
     716+ |       0 |      34 |       16 |      0 |    45 |    +0.2% |   -0.940 |      -10.3 |       -9.8 |     12 | mul_reduced_q\[6\]$_DFFE_PN0P_/D
     717+ |       0 |      34 |       16 |      0 |    45 |    +0.2% |   -0.940 |      -10.3 |       -9.8 |     12 | mul_reduced_q\[6\]$_DFFE_PN0P_/D
     720+ |       0 |      34 |       16 |      0 |    47 |    +0.2% |   -0.927 |      -10.3 |       -9.7 |     12 | mul_reduced_q\[6\]$_DFFE_PN0P_/D
     721+ |       0 |      34 |       16 |      0 |    48 |    +0.2% |   -0.927 |      -10.0 |       -9.6 |     12 | mul_reduced_q\[6\]$_DFFE_PN0P_/D
    final |       0 |      34 |       16 |      0 |    48 |    +0.2% |   -0.927 |      -10.0 |       -9.6 |     12 | mul_reduced_q\[6\]$_DFFE_PN0P_/D
------------------------------------------------------------------------------------------------------------------------------
[INFO RSZ-0040] Inserted 16 buffers.
[INFO RSZ-0051] Resized 34 instances: 34 up, 0 up match, 0 down, 0 VT
[INFO RSZ-0043] Swapped pins on 48 instances.
[WARNING RSZ-0062] Unable to repair all setup violations.
[INFO RSZ-0505] Runtime: 151.89s
[INFO RSZ-0033] No hold violations found.
[INFO RSZ-0506] Runtime: 0.00s
Took 159 seconds: repair_timing -setup_margin 0 -hold_margin 0 -repair_tns 100 -match_cell_footprint -verbose
Warning: master sky130_ef_sc_hd__decap_12 has signal pins but no liberty cell
Repair timing output passed lec test
detailed_placement
[INFO DPL-0006] Core area: 288635.57 um^2
[INFO DPL-0007] Movable instances area: 34411.75 um^2
[INFO DPL-0008] Fixed instances area within core: 105631.26 um^2
[INFO DPL-0009] Utilization: 48.5%
[INFO DPL-0005] Diamond search max displacement: +/- 500 sites horizontally, +/- 100 rows vertically.
[INFO DPL-1102] Legalizing using negotiation legalizer.
[INFO DPL-1103] Negotiation base search window: +/-20 sites horizontally, +/-5 rows vertically 
	Automatic search window extension enabled.
	Search window extendable up to the max displacement cap of +/-500 sites, +/-100 rows near walls.
[INFO DPL-1104] NegotiationLegalizer DRC penalty: 5.
[INFO DPL-0392] Negotiation cell height distribution (2 unique row-count(s)):
[INFO DPL-0393]   height 1 row(s): 6222 cells
[INFO DPL-0393]   height 80 row(s): 1 cells
          |      Total |  Illegal |  Illegal
Iteration | Violations |    Cells |    Sites
---------------------------------------------
        0 |          0 |         0 |         0
Negotiation phase 1 converged at iteration 0.
[INFO DPL-0500] Runtime: 0.05s
Placement Analysis
---------------------------------
total displacement        167.4 u
average displacement        0.0 u
max displacement           11.3 u
original HPWL           93881.7 u
legalized HPWL          94105.4 u
delta HPWL                    0 %

estimate_parasitics -placement
Report metrics stage 4, cts final...

==========================================================================
cts final report_design_area
--------------------------------------------------------------------------
Design area 140043 um^2 49% utilization.
write_db /root/cac_runs/ntt_macro_20ns/results/sky130hd/cac_ntt_macro_20ns/base/4_1_cts.odb
write_sdc -no_timestamp /root/cac_runs/ntt_macro_20ns/results/sky130hd/cac_ntt_macro_20ns/base/4_cts.sdc
Elapsed time: 2:47.48[h:]min:sec. CPU time: user 90.71 sys 57.69 (88%). Peak memory: 185076KB.
Log                       Ext     Elapsed/s Peak Memory/MB sha1sum result [0:20)
4_1_cts                   .odb          167            180 f7789298db5a11d47153
