[2026-10-01 08:39:41.241] [miter_logger] [info] MiterStrategy::run starting
[2026-10-01 08:39:41.241] [miter_logger] [info] Collecting POs for design 0: kyber_ntt_engine

[2026-10-01 08:39:41.256] [miter_logger] [info] Collected 221 PIs for design 0

[2026-10-01 08:39:41.256] [miter_logger] [info] Collected 486 POs for design 0

[2026-10-01 08:39:41.256] [miter_logger] [info] design 0 PI summary by model/term (221 total terminals, 15 unique rows):
| Model                       | Term    | Count |
|-----------------------------|---------|-------|
| sky130_fd_sc_hd__dfrtp_1    | Q       |   145 |
| sky130_sram_1rw_16x256_wpr8 | dout0   |    17 |
| kyber_ntt_engine            | wdata   |    16 |
| kyber_ntt_engine            | raddr   |     8 |
| kyber_ntt_engine            | waddr   |     8 |
| sky130_fd_sc_hd__conb_1     | HI      |     6 |
| sky130_fd_sc_hd__conb_1     | LO      |     6 |
| sky130_fd_sc_hd__dfrtp_2    | Q       |     6 |
| sky130_fd_sc_hd__dfstp_2    | Q       |     3 |
| kyber_ntt_engine            | clk     |     1 |
| kyber_ntt_engine            | inverse |     1 |
| kyber_ntt_engine            | rst_n   |     1 |
| kyber_ntt_engine            | start   |     1 |
| kyber_ntt_engine            | we      |     1 |
| sky130_fd_sc_hd__dfrtp_4    | Q       |     1 |

[2026-10-01 08:39:41.256] [miter_logger] [info] design 0 PO summary by model/term (486 total terminals, 18 unique rows):
| Model                       | Term    | Count |
|-----------------------------|---------|-------|
| sky130_fd_sc_hd__dfrtp_1    | CLK     |   145 |
| sky130_fd_sc_hd__dfrtp_1    | D       |   145 |
| sky130_fd_sc_hd__dfrtp_1    | RESET_B |   145 |
| kyber_ntt_engine            | rdata   |    16 |
| sky130_fd_sc_hd__dfrtp_2    | CLK     |     6 |
| sky130_fd_sc_hd__dfrtp_2    | D       |     6 |
| sky130_fd_sc_hd__dfrtp_2    | RESET_B |     6 |
| sky130_fd_sc_hd__dfstp_2    | CLK     |     3 |
| sky130_fd_sc_hd__dfstp_2    | D       |     3 |
| sky130_fd_sc_hd__dfstp_2    | SET_B   |     3 |
| kyber_ntt_engine            | busy    |     1 |
| kyber_ntt_engine            | done    |     1 |
| sky130_fd_sc_hd__dfrtp_4    | CLK     |     1 |
| sky130_fd_sc_hd__dfrtp_4    | D       |     1 |
| sky130_fd_sc_hd__dfrtp_4    | RESET_B |     1 |
| sky130_sram_1rw_16x256_wpr8 | clk0    |     1 |
| sky130_sram_1rw_16x256_wpr8 | csb0    |     1 |
| sky130_sram_1rw_16x256_wpr8 | web0    |     1 |

[2026-10-01 08:39:41.256] [miter_logger] [info] Collecting POs for design 1: kyber_ntt_engine

[2026-10-01 08:39:41.268] [miter_logger] [info] size of common inputs: 192
[2026-10-01 08:39:41.268] [miter_logger] [info] size of diff0 inputs: 0
[2026-10-01 08:39:41.268] [miter_logger] [info] size of diff1 inputs: 0
[2026-10-01 08:39:41.268] [miter_logger] [info] Collected 221 PIs for design 1

[2026-10-01 08:39:41.268] [miter_logger] [info] Collected 486 POs for design 1

[2026-10-01 08:39:41.268] [miter_logger] [info] design 1 PI summary by model/term (221 total terminals, 15 unique rows):
| Model                       | Term    | Count |
|-----------------------------|---------|-------|
| sky130_fd_sc_hd__dfrtp_1    | Q       |   145 |
| sky130_sram_1rw_16x256_wpr8 | dout0   |    17 |
| kyber_ntt_engine            | wdata   |    16 |
| kyber_ntt_engine            | raddr   |     8 |
| kyber_ntt_engine            | waddr   |     8 |
| sky130_fd_sc_hd__conb_1     | HI      |     6 |
| sky130_fd_sc_hd__conb_1     | LO      |     6 |
| sky130_fd_sc_hd__dfrtp_2    | Q       |     6 |
| sky130_fd_sc_hd__dfstp_2    | Q       |     3 |
| kyber_ntt_engine            | clk     |     1 |
| kyber_ntt_engine            | inverse |     1 |
| kyber_ntt_engine            | rst_n   |     1 |
| kyber_ntt_engine            | start   |     1 |
| kyber_ntt_engine            | we      |     1 |
| sky130_fd_sc_hd__dfrtp_4    | Q       |     1 |

[2026-10-01 08:39:41.268] [miter_logger] [info] design 1 PO summary by model/term (486 total terminals, 18 unique rows):
| Model                       | Term    | Count |
|-----------------------------|---------|-------|
| sky130_fd_sc_hd__dfrtp_1    | CLK     |   145 |
| sky130_fd_sc_hd__dfrtp_1    | D       |   145 |
| sky130_fd_sc_hd__dfrtp_1    | RESET_B |   145 |
| kyber_ntt_engine            | rdata   |    16 |
| sky130_fd_sc_hd__dfrtp_2    | CLK     |     6 |
| sky130_fd_sc_hd__dfrtp_2    | D       |     6 |
| sky130_fd_sc_hd__dfrtp_2    | RESET_B |     6 |
| sky130_fd_sc_hd__dfstp_2    | CLK     |     3 |
| sky130_fd_sc_hd__dfstp_2    | D       |     3 |
| sky130_fd_sc_hd__dfstp_2    | SET_B   |     3 |
| kyber_ntt_engine            | busy    |     1 |
| kyber_ntt_engine            | done    |     1 |
| sky130_fd_sc_hd__dfrtp_4    | CLK     |     1 |
| sky130_fd_sc_hd__dfrtp_4    | D       |     1 |
| sky130_fd_sc_hd__dfrtp_4    | RESET_B |     1 |
| sky130_sram_1rw_16x256_wpr8 | clk0    |     1 |
| sky130_sram_1rw_16x256_wpr8 | csb0    |     1 |
| sky130_sram_1rw_16x256_wpr8 | web0    |     1 |

[2026-10-01 08:39:41.268] [miter_logger] [info] normalizeInputs: starting
[2026-10-01 08:39:41.268] [miter_logger] [info] size of common inputs: 221
[2026-10-01 08:39:41.268] [miter_logger] [info] size of diff0 inputs: 0
[2026-10-01 08:39:41.268] [miter_logger] [info] size of diff1 inputs: 0
[2026-10-01 08:39:41.268] [miter_logger] [info] normalizeOutputs: starting
[2026-10-01 08:39:41.268] [miter_logger] [info] size of common outputs: 486
[2026-10-01 08:39:41.268] [miter_logger] [info] size of diff0 outputs: 0
[2026-10-01 08:39:41.268] [miter_logger] [info] size of diff1 outputs: 0
[2026-10-01 08:39:41.268] [miter_logger] [info] size of PIs in circuit 0: 221
[2026-10-01 08:39:41.268] [miter_logger] [info] size of PIs in circuit 1: 221
[2026-10-01 08:39:41.268] [miter_logger] [info] size of POs in circuit 0: 486
[2026-10-01 08:39:41.268] [miter_logger] [info] size of POs in circuit 1: 486
[2026-10-01 08:39:41.774] [miter_logger] [info] Building miter expression
[2026-10-01 08:39:41.774] [miter_logger] [info] Finished building miter expression
[2026-10-01 08:39:41.793] [miter_logger] [info] Starting solver
[2026-10-01 08:39:52.247] [miter_logger] [info] SAT solver finished: UNSAT
[2026-10-01 08:39:52.247] [miter_logger] [info] Circuits are IDENTICAL
