OpenROAD f552262465b0bfef8f097e258f94bc501d01e19d 
Features included (+) or not (-): +GPU +GUI +Python
This program is licensed under the BSD-3 license. See the LICENSE file for details.
Components of this program may be licensed under more restrictive licenses which must be honored.
[INFO ORD-0030] Using 12 thread(s).
read_liberty /opt/eda/orfs-6101364b/flow/platforms/sky130hd/lib/sky130_fd_sc_hd__tt_025C_1v80.lib
read_liberty /mnt/d/TKVM_ATTT_2026_test/codeachip/flow/macros/sky130_sram_1rw_16x256_wpr8_TT_1p8V_25C.lib
read_db /root/cac_runs/ntt_macro_20ns_pinfix4/results/sky130hd/cac_ntt_macro_20ns/base/4_cts.odb
read_sdc /root/cac_runs/ntt_macro_20ns_pinfix4/results/sky130hd/cac_ntt_macro_20ns/base/4_cts.sdc
source /opt/eda/orfs-6101364b/flow/platforms/sky130hd/setRC.tcl
pin_access
[INFO DRT-0149] Reading tech and libs.
[WARNING DRT-0349] LEF58_ENCLOSURE with no CUTCLASS is not supported. Skipping for layer mcon
[WARNING DRT-0349] LEF58_ENCLOSURE with no CUTCLASS is not supported. Skipping for layer mcon
[WARNING DRT-0349] LEF58_ENCLOSURE with no CUTCLASS is not supported. Skipping for layer via
[WARNING DRT-0349] LEF58_ENCLOSURE with no CUTCLASS is not supported. Skipping for layer via
[WARNING DRT-0349] LEF58_ENCLOSURE with no CUTCLASS is not supported. Skipping for layer via2
[WARNING DRT-0349] LEF58_ENCLOSURE with no CUTCLASS is not supported. Skipping for layer via2
[WARNING DRT-0349] LEF58_ENCLOSURE with no CUTCLASS is not supported. Skipping for layer via3
[WARNING DRT-0349] LEF58_ENCLOSURE with no CUTCLASS is not supported. Skipping for layer via3
[WARNING DRT-0349] LEF58_ENCLOSURE with no CUTCLASS is not supported. Skipping for layer via4
[WARNING DRT-0349] LEF58_ENCLOSURE with no CUTCLASS is not supported. Skipping for layer via4

Units:                1000
Number of layers:     13
Number of macros:     442
Number of vias:       30
Number of viarulegen: 25

[INFO DRT-0150] Reading design.

Design:                   kyber_ntt_engine
Die area:                 ( 0 0 ) ( 541485 541485 )
Number of track patterns: 12
Number of DEF vias:       0
Number of components:     6347
Number of terminals:      57
Number of snets:          2
Number of nets:           4627

[WARNING DRT-0418] Term u_coeff_ram.u_macro/din0[1] has no pins on routing grid
[WARNING DRT-0418] Term u_coeff_ram.u_macro/din0[2] has no pins on routing grid
[WARNING DRT-0418] Term u_coeff_ram.u_macro/din0[4] has no pins on routing grid
[WARNING DRT-0418] Term u_coeff_ram.u_macro/din0[5] has no pins on routing grid
[WARNING DRT-0418] Term u_coeff_ram.u_macro/din0[7] has no pins on routing grid
[WARNING DRT-0418] Term u_coeff_ram.u_macro/din0[8] has no pins on routing grid
[WARNING DRT-0418] Term u_coeff_ram.u_macro/din0[10] has no pins on routing grid
[WARNING DRT-0418] Term u_coeff_ram.u_macro/din0[11] has no pins on routing grid
[WARNING DRT-0418] Term u_coeff_ram.u_macro/din0[13] has no pins on routing grid
[WARNING DRT-0418] Term u_coeff_ram.u_macro/din0[16] has no pins on routing grid
[WARNING DRT-0418] Term u_coeff_ram.u_macro/addr0[0] has no pins on routing grid
[WARNING DRT-0418] Term u_coeff_ram.u_macro/addr0[1] has no pins on routing grid
[WARNING DRT-0418] Term u_coeff_ram.u_macro/addr0[7] has no pins on routing grid
[WARNING DRT-0418] Term u_coeff_ram.u_macro/addr0[8] has no pins on routing grid
[WARNING DRT-0418] Term u_coeff_ram.u_macro/web0 has no pins on routing grid
[WARNING DRT-0418] Term u_coeff_ram.u_macro/wmask0[0] has no pins on routing grid
[WARNING DRT-0418] Term u_coeff_ram.u_macro/wmask0[1] has no pins on routing grid
[WARNING DRT-0418] Term u_coeff_ram.u_macro/dout0[3] has no pins on routing grid
[WARNING DRT-0418] Term u_coeff_ram.u_macro/dout0[4] has no pins on routing grid
[WARNING DRT-0418] Term u_coeff_ram.u_macro/dout0[7] has no pins on routing grid
[WARNING DRT-0418] Term u_coeff_ram.u_macro/dout0[10] has no pins on routing grid
[WARNING DRT-0418] Term u_coeff_ram.u_macro/dout0[11] has no pins on routing grid
[WARNING DRT-0418] Term u_coeff_ram.u_macro/dout0[12] has no pins on routing grid
[INFO DRT-0167] List of default vias:
  Layer via
    default via: M1M2_PR
  Layer via2
    default via: M2M3_PR
  Layer via3
    default via: M3M4_PR
  Layer via4
    default via: M4M5_PR
[INFO DRT-0162] Library cell analysis.
[INFO DRT-0163] Instance analysis.
[INFO DRT-0164] Number of unique instances = 223.
[INFO DRT-0168] Init region query.
[INFO DRT-0024]   Complete FR_MASTERSLICE.
[INFO DRT-0024]   Complete Fr_VIA.
[INFO DRT-0024]   Complete li1.
[INFO DRT-0024]   Complete mcon.
[INFO DRT-0024]   Complete met1.
[INFO DRT-0024]   Complete via.
[INFO DRT-0024]   Complete met2.
[INFO DRT-0024]   Complete via2.
[INFO DRT-0024]   Complete met3.
[INFO DRT-0024]   Complete via3.
[INFO DRT-0024]   Complete met4.
[INFO DRT-0024]   Complete via4.
[INFO DRT-0024]   Complete met5.
[INFO DRT-0033] FR_MASTERSLICE shape region query size = 0.
[INFO DRT-0033] FR_VIA shape region query size = 0.
[INFO DRT-0033] li1 shape region query size = 118429.
[INFO DRT-0033] mcon shape region query size = 64680.
[INFO DRT-0033] met1 shape region query size = 22843.
[INFO DRT-0033] via shape region query size = 12645.
[INFO DRT-0033] met2 shape region query size = 7604.
[INFO DRT-0033] via2 shape region query size = 10116.
[INFO DRT-0033] met3 shape region query size = 7651.
[INFO DRT-0033] via3 shape region query size = 10116.
[INFO DRT-0033] met4 shape region query size = 3210.
[INFO DRT-0033] via4 shape region query size = 510.
[INFO DRT-0033] met5 shape region query size = 588.
[INFO DRT-0165] Start pin access.
[INFO DRT-0076]   Complete 1000 pins.
[INFO DRT-0078]   Complete 1849 pins.
[INFO DRT-0079]   Complete 100 unique inst patterns.
[INFO DRT-0079]   Complete 200 unique inst patterns.
[INFO DRT-0081]   Complete 222 unique inst patterns.
[INFO DRT-0084]   Complete 2895 groups.
#scanned instances     = 6347
#unique  instances     = 223
#stdCellGenAp          = 8656
#stdCellValidPlanarAp  = 98
#stdCellValidViaAp     = 5378
#stdCellPinNoAp        = 10
#stdCellPinCnt         = 13302
#instTermValidViaApCnt = 0
#macroGenAp            = 98
#macroValidPlanarAp    = 81
#macroValidViaAp       = 0
#macroNoAp             = 0
[INFO DRT-0166] Complete pin access.
[INFO DRT-0267] cpu time = 00:03:51, elapsed time = 00:00:35, memory = 161.01 (MB), peak = 159.92 (MB)
Took 35 seconds: pin_access
global_route -congestion_report_file /root/cac_runs/ntt_macro_20ns_pinfix4/reports/sky130hd/cac_ntt_macro_20ns/base/congestion.rpt -congestion_iterations 30 -congestion_report_iter_step 5 -verbose
[INFO GRT-0020] Min routing layer: met1
[INFO GRT-0021] Max routing layer: met5
[INFO GRT-0022] Global adjustment: 0%
[INFO GRT-0023] Grid origin: (0, 0)
[INFO GRT-0088] Layer li1     Track-Pitch = 0.4600  line-2-Via Pitch: 0.3400
[INFO GRT-0088] Layer met1    Track-Pitch = 0.3400  line-2-Via Pitch: 0.3400
[INFO GRT-0088] Layer met2    Track-Pitch = 0.4600  line-2-Via Pitch: 0.3500
[INFO GRT-0088] Layer met3    Track-Pitch = 0.6800  line-2-Via Pitch: 0.6150
[INFO GRT-0088] Layer met4    Track-Pitch = 0.9200  line-2-Via Pitch: 1.0400
[INFO GRT-0088] Layer met5    Track-Pitch = 3.4000  line-2-Via Pitch: 3.1100
[INFO GRT-0003] Macros: 1
[INFO GRT-0004] Blockages: 3694
[INFO GRT-0019] Found 24 clock nets.
[INFO GRT-0001] Minimum degree: 2
[INFO GRT-0002] Maximum degree: 97

[INFO GRT-0053] Routing resources analysis:
          Routing      Original      Derated      Resource
Layer     Direction    Resources     Resources    Reduction (%)
---------------------------------------------------------------
li1        Vertical            0             0          0.00%
met1       Horizontal      62013         47835          22.86%
met2       Vertical        49289         37774          23.36%
met3       Horizontal      36957         28970          21.61%
met4       Vertical        24170         17137          29.10%
met5       Horizontal       5904          3839          34.98%
---------------------------------------------------------------

[INFO GRT-0101] Running extra iterations to remove congestion.
[INFO GRT-0102] Start extra iteration 1/30
[INFO GRT-0102] Start extra iteration 2/30
[INFO GRT-0102] Start extra iteration 3/30
[INFO GRT-0102] Start extra iteration 4/30
[INFO GRT-0102] Start extra iteration 5/30
[INFO GRT-0102] Start extra iteration 6/30
[INFO GRT-0102] Start extra iteration 7/30
[INFO GRT-0102] Start extra iteration 8/30
[INFO GRT-0102] Start extra iteration 9/30
[INFO GRT-0102] Start extra iteration 10/30
[INFO GRT-0102] Start extra iteration 11/30
[INFO GRT-0102] Start extra iteration 12/30
[INFO GRT-0102] Start extra iteration 13/30
[INFO GRT-0102] Start extra iteration 14/30
[INFO GRT-0102] Start extra iteration 15/30
[WARNING GRT-0273] Disabled NDR (to reduce congestion) for net: delaynet_2_clk
[INFO GRT-0102] Start extra iteration 1/30
[INFO GRT-0197] Via related to pin nodes: 21636
[INFO GRT-0198] Via related Steiner nodes: 337
[INFO GRT-0199] Via filling finished.
[INFO GRT-0111] Final number of vias: 27003
[INFO GRT-0112] Final usage 3D: 96884

[INFO GRT-0096] Final congestion report:
Layer         Resource        Demand        Usage (%)    Max H / Max V / Total Congestion
---------------------------------------------------------------------------------------
li1                  0             0            0.00%             0 /  0 /  0
met1             47835          8163           17.06%             0 /  0 /  0
met2             37774          6869           18.18%             0 /  0 /  0
met3             28970           463            1.60%             0 /  0 /  0
met4             17137           380            2.22%             0 /  0 /  0
met5              3839             0            0.00%             0 /  0 /  0
---------------------------------------------------------------------------------------
Total           135555         15875           11.71%             0 /  0 /  0

[INFO GRT-0018] Total wirelength: 168698 um
[INFO GRT-0014] Routed nets: 4537
[INFO GRT-0303] Global routing runtime = 00:00:02
estimate_parasitics -global_routing
Perform buffer insertion and gate resizing...
repair_design -verbose
Iteration |   Area    | Resized | Buffers | Nets repaired | Remaining
---------------------------------------------------------------------
        0 |     +0.0% |       0 |       0 |             0 |      4648
       10 |     +0.0% |       0 |       0 |             0 |      4638
       20 |     +0.0% |       0 |       0 |             0 |      4628
       30 |     +0.0% |       0 |       0 |             0 |      4618
       40 |     +0.0% |       0 |       0 |             0 |      4608
       50 |     +0.0% |       0 |       0 |             0 |      4598
       60 |     +0.0% |       0 |       0 |             0 |      4588
       70 |     +0.0% |       0 |       0 |             0 |      4578
       80 |     +0.0% |       0 |       0 |             0 |      4568
[WARNING RSZ-0104] Net _3495_ only has one pin. Check if it is intended to be dangling.
       90 |     +0.0% |       0 |       0 |             0 |      4558
      100 |     +0.0% |       0 |       0 |             0 |      4548
      110 |     +0.0% |       0 |       0 |             0 |      4538
      120 |     +0.0% |       0 |       0 |             0 |      4528
      130 |     +0.0% |       0 |       0 |             0 |      4518
      140 |     +0.0% |       0 |       0 |             0 |      4508
      150 |     +0.0% |       0 |       0 |             0 |      4498
      160 |     +0.0% |       0 |       0 |             0 |      4488
      170 |     +0.0% |       0 |       0 |             0 |      4478
      180 |     +0.0% |       0 |       0 |             0 |      4468
      190 |     +0.0% |       0 |       0 |             0 |      4458
      200 |     +0.0% |       0 |       0 |             0 |      4448
      210 |     +0.0% |       0 |       0 |             0 |      4438
      220 |     +0.0% |       0 |       0 |             0 |      4428
      230 |     +0.0% |       0 |       0 |             0 |      4418
      240 |     +0.0% |       0 |       0 |             0 |      4408
      250 |     +0.0% |       0 |       0 |             0 |      4398
      260 |     +0.0% |       0 |       0 |             0 |      4388
[WARNING RSZ-0104] Net _3517_ only has one pin. Check if it is intended to be dangling.
      270 |     +0.0% |       0 |       0 |             0 |      4378
      280 |     +0.0% |       0 |       0 |             0 |      4368
      290 |     +0.0% |       0 |       0 |             0 |      4358
      300 |     +0.0% |       0 |       0 |             0 |      4348
      310 |     +0.0% |       0 |       0 |             0 |      4338
      320 |     +0.0% |       0 |       0 |             0 |      4328
      330 |     +0.0% |       0 |       0 |             0 |      4318
      340 |     +0.0% |       0 |       0 |             0 |      4308
      350 |     +0.0% |       0 |       0 |             0 |      4298
      360 |     +0.0% |       0 |       0 |             0 |      4288
      370 |     +0.0% |       0 |       0 |             0 |      4278
      380 |     +0.0% |       0 |       0 |             0 |      4268
      390 |     +0.0% |       0 |       0 |             0 |      4258
      400 |     +0.0% |       0 |       0 |             0 |      4248
      410 |     +0.0% |       0 |       0 |             0 |      4238
      420 |     +0.0% |       0 |       0 |             0 |      4228
      430 |     +0.0% |       0 |       0 |             0 |      4218
      440 |     +0.0% |       0 |       0 |             0 |      4208
      450 |     +0.0% |       0 |       0 |             0 |      4198
      460 |     +0.0% |       0 |       0 |             0 |      4188
      470 |     +0.0% |       0 |       0 |             0 |      4178
      480 |     +0.0% |       0 |       0 |             0 |      4168
      490 |     +0.0% |       0 |       0 |             0 |      4158
      500 |     +0.0% |       0 |       0 |             0 |      4148
      510 |     +0.0% |       0 |       0 |             0 |      4138
      520 |     +0.0% |       0 |       0 |             0 |      4128
      530 |     +0.0% |       0 |       0 |             0 |      4118
      540 |     +0.0% |       0 |       0 |             0 |      4108
      550 |     +0.0% |       0 |       0 |             0 |      4098
      560 |     +0.0% |       0 |       0 |             0 |      4088
      570 |     +0.0% |       0 |       0 |             0 |      4078
      580 |     +0.0% |       0 |       0 |             0 |      4068
      590 |     +0.0% |       0 |       0 |             0 |      4058
      600 |     +0.0% |       0 |       0 |             0 |      4048
      610 |     +0.0% |       0 |       0 |             0 |      4038
      620 |     +0.0% |       0 |       0 |             0 |      4028
      630 |     +0.0% |       0 |       0 |             0 |      4018
      640 |     +0.0% |       0 |       0 |             0 |      4008
      650 |     +0.0% |       0 |       0 |             0 |      3998
      660 |     +0.0% |       0 |       0 |             0 |      3988
      670 |     +0.0% |       0 |       0 |             0 |      3978
      680 |     +0.0% |       0 |       0 |             0 |      3968
      690 |     +0.0% |       0 |       0 |             0 |      3958
      700 |     +0.0% |       0 |       0 |             0 |      3948
      710 |     +0.0% |       0 |       0 |             0 |      3938
      720 |     +0.0% |       0 |       0 |             0 |      3928
      730 |     +0.0% |       0 |       0 |             0 |      3918
      740 |     +0.0% |       0 |       0 |             0 |      3908
      750 |     +0.0% |       0 |       0 |             0 |      3898
      760 |     +0.0% |       0 |       0 |             0 |      3888
      770 |     +0.0% |       0 |       0 |             0 |      3878
      780 |     +0.0% |       0 |       0 |             0 |      3868
      790 |     +0.0% |       0 |       0 |             0 |      3858
      800 |     +0.0% |       0 |       0 |             0 |      3848
      810 |     +0.0% |       0 |       0 |             0 |      3838
      820 |     +0.0% |       0 |       0 |             0 |      3828
      830 |     +0.0% |       0 |       0 |             0 |      3818
      840 |     +0.0% |       0 |       0 |             0 |      3808
[WARNING RSZ-0104] Net _3633_ only has one pin. Check if it is intended to be dangling.
      850 |     +0.0% |       0 |       0 |             0 |      3798
[WARNING RSZ-0104] Net _3632_ only has one pin. Check if it is intended to be dangling.
[WARNING RSZ-0104] Net _3598_ only has one pin. Check if it is intended to be dangling.
      860 |     +0.0% |       0 |       0 |             0 |      3788
[WARNING RSZ-0104] Net _3519_ only has one pin. Check if it is intended to be dangling.
[WARNING RSZ-0104] Net _3518_ only has one pin. Check if it is intended to be dangling.
      870 |     +0.0% |       0 |       0 |             0 |      3778
      880 |     +0.0% |       0 |       0 |             0 |      3768
      890 |     +0.0% |       0 |       0 |             0 |      3758
      900 |     +0.0% |       0 |       0 |             0 |      3748
      910 |     +0.0% |       0 |       0 |             0 |      3738
      920 |     +0.0% |       0 |       0 |             0 |      3728
      930 |     +0.0% |       0 |       0 |             0 |      3718
      940 |     +0.0% |       0 |       0 |             0 |      3708
[WARNING RSZ-0104] Net _3523_ only has one pin. Check if it is intended to be dangling.
      950 |     +0.0% |       0 |       0 |             0 |      3698
[WARNING RSZ-0104] Net _3522_ only has one pin. Check if it is intended to be dangling.
[WARNING RSZ-0104] Net _3520_ only has one pin. Check if it is intended to be dangling.
      960 |     +0.0% |       0 |       0 |             0 |      3688
      970 |     +0.0% |       0 |       0 |             0 |      3678
      980 |     +0.0% |       0 |       0 |             0 |      3668
      990 |     +0.0% |       0 |       0 |             0 |      3658
     1000 |     +0.0% |       0 |       0 |             0 |      3648
[WARNING RSZ-0104] Net _3521_ only has one pin. Check if it is intended to be dangling.
     1010 |     +0.0% |       0 |       0 |             0 |      3638
     1020 |     +0.0% |       0 |       0 |             0 |      3628
     1030 |     +0.0% |       0 |       0 |             0 |      3618
[WARNING RSZ-0104] Net _3722_ only has one pin. Check if it is intended to be dangling.
[WARNING RSZ-0104] Net _3717_ only has one pin. Check if it is intended to be dangling.
     1040 |     +0.0% |       0 |       0 |             0 |      3608
     1050 |     +0.0% |       0 |       0 |             0 |      3598
[WARNING RSZ-0104] Net _3554_ only has one pin. Check if it is intended to be dangling.
     1060 |     +0.0% |       0 |       0 |             0 |      3588
     1070 |     +0.0% |       0 |       0 |             0 |      3578
     1080 |     +0.0% |       0 |       0 |             0 |      3568
[WARNING RSZ-0104] Net _3720_ only has one pin. Check if it is intended to be dangling.
[WARNING RSZ-0104] Net _3718_ only has one pin. Check if it is intended to be dangling.
[WARNING RSZ-0104] Net _3712_ only has one pin. Check if it is intended to be dangling.
     1090 |     +0.0% |       0 |       0 |             0 |      3558
[WARNING RSZ-0104] Net _3619_ only has one pin. Check if it is intended to be dangling.
     1100 |     +0.0% |       0 |       0 |             0 |      3548
     1110 |     +0.0% |       0 |       0 |             0 |      3538
[WARNING RSZ-0104] Net _3553_ only has one pin. Check if it is intended to be dangling.
[WARNING RSZ-0104] Net _3552_ only has one pin. Check if it is intended to be dangling.
     1120 |     +0.0% |       0 |       0 |             0 |      3528
     1130 |     +0.0% |       0 |       0 |             0 |      3518
[WARNING RSZ-0104] Net _3721_ only has one pin. Check if it is intended to be dangling.
[WARNING RSZ-0104] Net _3719_ only has one pin. Check if it is intended to be dangling.
[WARNING RSZ-0104] Net _3716_ only has one pin. Check if it is intended to be dangling.
     1140 |     +0.0% |       0 |       0 |             0 |      3508
[WARNING RSZ-0104] Net _3714_ only has one pin. Check if it is intended to be dangling.
[WARNING RSZ-0104] Net _3711_ only has one pin. Check if it is intended to be dangling.
[WARNING RSZ-0104] Net _3667_ only has one pin. Check if it is intended to be dangling.
     1150 |     +0.0% |       0 |       0 |             0 |      3498
[WARNING RSZ-0104] Net _3618_ only has one pin. Check if it is intended to be dangling.
     1160 |     +0.0% |       0 |       0 |             0 |      3488
[WARNING RSZ-0104] Net _3543_ only has one pin. Check if it is intended to be dangling.
[WARNING RSZ-0104] Net _3514_ only has one pin. Check if it is intended to be dangling.
     1170 |     +0.0% |       0 |       0 |             0 |      3478
     1180 |     +0.0% |       0 |       0 |             0 |      3468
[WARNING RSZ-0104] Net _3715_ only has one pin. Check if it is intended to be dangling.
[WARNING RSZ-0104] Net _3713_ only has one pin. Check if it is intended to be dangling.
[WARNING RSZ-0104] Net _3707_ only has one pin. Check if it is intended to be dangling.
     1190 |     +0.0% |       0 |       0 |             0 |      3458
[WARNING RSZ-0104] Net _3668_ only has one pin. Check if it is intended to be dangling.
[WARNING RSZ-0104] Net _3527_ only has one pin. Check if it is intended to be dangling.
     1200 |     +0.0% |       0 |       0 |             0 |      3448
     1210 |     +0.0% |       0 |       0 |             0 |      3438
[WARNING RSZ-0104] Net _3706_ only has one pin. Check if it is intended to be dangling.
[WARNING RSZ-0104] Net _3685_ only has one pin. Check if it is intended to be dangling.
     1220 |     +0.0% |       0 |       0 |             0 |      3428
[WARNING RSZ-0104] Net _3542_ only has one pin. Check if it is intended to be dangling.
[WARNING RSZ-0104] Net _3529_ only has one pin. Check if it is intended to be dangling.
[WARNING RSZ-0104] Net _3512_ only has one pin. Check if it is intended to be dangling.
     1230 |     +0.0% |       0 |       0 |             0 |      3418
     1240 |     +0.0% |       0 |       0 |             0 |      3408
[WARNING RSZ-0104] Net _3688_ only has one pin. Check if it is intended to be dangling.
     1250 |     +0.0% |       0 |       0 |             0 |      3398
[WARNING RSZ-0104] Net _3684_ only has one pin. Check if it is intended to be dangling.
[WARNING RSZ-0104] Net _3528_ only has one pin. Check if it is intended to be dangling.
[WARNING RSZ-0104] Net _3526_ only has one pin. Check if it is intended to be dangling.
     1260 |     +0.0% |       0 |       0 |             0 |      3388
     1270 |     +0.0% |       0 |       0 |             0 |      3378
[WARNING RSZ-0104] Net _3687_ only has one pin. Check if it is intended to be dangling.
     1280 |     +0.0% |       0 |       0 |             0 |      3368
     1290 |     +0.0% |       0 |       0 |             0 |      3358
     1300 |     +0.0% |       0 |       0 |             0 |      3348
     1310 |     +0.0% |       0 |       0 |             0 |      3338
     1320 |     +0.0% |       0 |       0 |             0 |      3328
     1330 |     +0.0% |       0 |       0 |             0 |      3318
     1340 |     +0.0% |       0 |       0 |             0 |      3308
     1350 |     +0.0% |       0 |       0 |             0 |      3298
     1360 |     +0.0% |       0 |       0 |             0 |      3288
     1370 |     +0.0% |       0 |       0 |             0 |      3278
     1380 |     +0.0% |       0 |       0 |             0 |      3268
     1390 |     +0.0% |       0 |       0 |             0 |      3258
     1400 |     +0.0% |       0 |       0 |             0 |      3248
     1410 |     +0.0% |       0 |       0 |             0 |      3238
     1420 |     +0.0% |       0 |       0 |             0 |      3228
     1430 |     +0.0% |       0 |       0 |             0 |      3218
[WARNING RSZ-0104] Net _3656_ only has one pin. Check if it is intended to be dangling.
     1440 |     +0.0% |       0 |       0 |             0 |      3208
     1450 |     +0.0% |       0 |       0 |             0 |      3198
     1460 |     +0.0% |       0 |       0 |             0 |      3188
[WARNING RSZ-0104] Net _3705_ only has one pin. Check if it is intended to be dangling.
     1470 |     +0.0% |       0 |       0 |             0 |      3178
[WARNING RSZ-0104] Net _3704_ only has one pin. Check if it is intended to be dangling.
     1480 |     +0.0% |       0 |       0 |             0 |      3168
[WARNING RSZ-0104] Net _3328_ only has one pin. Check if it is intended to be dangling.
     1490 |     +0.0% |       0 |       0 |             0 |      3158
     1500 |     +0.0% |       0 |       0 |             0 |      3148
     1510 |     +0.0% |       0 |       0 |             0 |      3138
     1520 |     +0.0% |       0 |       0 |             0 |      3128
     1530 |     +0.0% |       0 |       0 |             0 |      3118
     1540 |     +0.0% |       0 |       0 |             0 |      3108
     1550 |     +0.0% |       0 |       0 |             0 |      3098
     1560 |     +0.0% |       0 |       0 |             0 |      3088
     1570 |     +0.0% |       0 |       0 |             0 |      3078
     1580 |     +0.0% |       0 |       0 |             0 |      3068
     1590 |     +0.0% |       0 |       0 |             0 |      3058
     1600 |     +0.0% |       0 |       0 |             0 |      3048
     1610 |     +0.0% |       0 |       0 |             0 |      3038
     1620 |     +0.0% |       0 |       0 |             0 |      3028
     1630 |     +0.0% |       0 |       0 |             0 |      3018
     1640 |     +0.0% |       0 |       0 |             0 |      3008
     1650 |     +0.0% |       0 |       0 |             0 |      2998
     1660 |     +0.0% |       0 |       0 |             0 |      2988
     1670 |     +0.0% |       0 |       0 |             0 |      2978
     1680 |     +0.0% |       0 |       0 |             0 |      2968
     1690 |     +0.0% |       0 |       0 |             0 |      2958
     1700 |     +0.0% |       0 |       0 |             0 |      2948
     1710 |     +0.0% |       0 |       0 |             0 |      2938
     1720 |     +0.0% |       0 |       0 |             0 |      2928
     1730 |     +0.0% |       0 |       0 |             0 |      2918
     1740 |     +0.0% |       0 |       0 |             0 |      2908
     1750 |     +0.0% |       0 |       0 |             0 |      2898
     1760 |     +0.0% |       0 |       0 |             0 |      2888
     1770 |     +0.0% |       0 |       0 |             0 |      2878
     1780 |     +0.0% |       0 |       0 |             0 |      2868
     1790 |     +0.0% |       0 |       0 |             0 |      2858
     1800 |     +0.0% |       0 |       0 |             0 |      2848
     1810 |     +0.0% |       0 |       0 |             0 |      2838
     1820 |     +0.0% |       0 |       0 |             0 |      2828
     1830 |     +0.0% |       0 |       0 |             0 |      2818
     1840 |     +0.0% |       0 |       0 |             0 |      2808
     1850 |     +0.0% |       0 |       0 |             0 |      2798
     1860 |     +0.0% |       0 |       0 |             0 |      2788
     1870 |     +0.0% |       0 |       0 |             0 |      2778
     1880 |     +0.0% |       0 |       0 |             0 |      2768
     1890 |     +0.0% |       0 |       0 |             0 |      2758
     1900 |     +0.0% |       0 |       0 |             0 |      2748
     1910 |     +0.0% |       0 |       0 |             0 |      2738
     1920 |     +0.0% |       0 |       0 |             0 |      2728
     1930 |     +0.0% |       0 |       0 |             0 |      2718
     1940 |     +0.0% |       0 |       0 |             0 |      2708
     1950 |     +0.0% |       0 |       0 |             0 |      2698
     1960 |     +0.0% |       0 |       0 |             0 |      2688
     1970 |     +0.0% |       0 |       0 |             0 |      2678
     1980 |     +0.0% |       0 |       0 |             0 |      2668
     1990 |     +0.0% |       0 |       0 |             0 |      2658
     2000 |     +0.0% |       0 |       0 |             0 |      2648
     2010 |     +0.0% |       0 |       0 |             0 |      2638
     2020 |     +0.0% |       0 |       0 |             0 |      2628
     2030 |     +0.0% |       0 |       0 |             0 |      2618
     2040 |     +0.0% |       0 |       0 |             0 |      2608
     2050 |     +0.0% |       0 |       0 |             0 |      2598
     2060 |     +0.0% |       0 |       0 |             0 |      2588
     2070 |     +0.0% |       0 |       0 |             0 |      2578
     2080 |     +0.0% |       0 |       0 |             0 |      2568
     2090 |     +0.0% |       0 |       0 |             0 |      2558
[WARNING RSZ-0104] Net _3587_ only has one pin. Check if it is intended to be dangling.
     2100 |     +0.0% |       0 |       0 |             0 |      2548
     2110 |     +0.0% |       0 |       0 |             0 |      2538
     2120 |     +0.0% |       0 |       0 |             0 |      2528
     2130 |     +0.0% |       0 |       0 |             0 |      2518
     2140 |     +0.0% |       0 |       0 |             0 |      2508
     2150 |     +0.0% |       0 |       0 |             0 |      2498
     2160 |     +0.0% |       0 |       0 |             0 |      2488
     2170 |     +0.0% |       0 |       0 |             0 |      2478
[WARNING RSZ-0104] Net u_mul_reduce.prod\[2\] only has one pin. Check if it is intended to be dangling.
     2180 |     +0.0% |       0 |       0 |             0 |      2468
     2190 |     +0.0% |       0 |       0 |             0 |      2458
     2200 |     +0.0% |       0 |       0 |             0 |      2448
     2210 |     +0.0% |       0 |       0 |             0 |      2438
     2220 |     +0.0% |       0 |       0 |             0 |      2428
[WARNING RSZ-0104] Net _3545_ only has one pin. Check if it is intended to be dangling.
     2230 |     +0.0% |       0 |       0 |             0 |      2418
     2240 |     +0.0% |       0 |       0 |             0 |      2408
     2250 |     +0.0% |       0 |       0 |             0 |      2398
     2260 |     +0.0% |       0 |       0 |             0 |      2388
     2270 |     +0.0% |       0 |       0 |             0 |      2378
     2280 |     +0.0% |       0 |       0 |             0 |      2368
     2290 |     +0.0% |       0 |       0 |             0 |      2358
     2300 |     +0.0% |       0 |       0 |             0 |      2348
     2310 |     +0.0% |       0 |       0 |             0 |      2338
     2320 |     +0.0% |       0 |       0 |             0 |      2328
     2330 |     +0.0% |       0 |       0 |             0 |      2318
     2340 |     +0.0% |       0 |       0 |             0 |      2308
     2350 |     +0.0% |       0 |       0 |             0 |      2298
     2360 |     +0.0% |       0 |       0 |             0 |      2288
     2370 |     +0.0% |       0 |       0 |             0 |      2278
     2380 |     +0.0% |       0 |       0 |             0 |      2268
     2390 |     +0.0% |       0 |       0 |             0 |      2258
     2400 |     +0.0% |       0 |       0 |             0 |      2248
     2410 |     +0.0% |       0 |       0 |             0 |      2238
     2420 |     +0.0% |       0 |       0 |             0 |      2228
     2430 |     +0.0% |       0 |       0 |             0 |      2218
     2440 |     +0.0% |       0 |       0 |             0 |      2208
     2450 |     +0.0% |       0 |       0 |             0 |      2198
     2460 |     +0.0% |       0 |       0 |             0 |      2188
     2470 |     +0.0% |       0 |       0 |             0 |      2178
     2480 |     +0.0% |       0 |       0 |             0 |      2168
     2490 |     +0.0% |       0 |       0 |             0 |      2158
     2500 |     +0.0% |       0 |       0 |             0 |      2148
     2510 |     +0.0% |       0 |       0 |             0 |      2138
     2520 |     +0.0% |       0 |       0 |             0 |      2128
     2530 |     +0.0% |       0 |       0 |             0 |      2118
     2540 |     +0.0% |       0 |       0 |             0 |      2108
     2550 |     +0.0% |       0 |       0 |             0 |      2098
     2560 |     +0.0% |       0 |       0 |             0 |      2088
     2570 |     +0.0% |       0 |       0 |             0 |      2078
     2580 |     +0.0% |       0 |       0 |             0 |      2068
     2590 |     +0.0% |       0 |       0 |             0 |      2058
     2600 |     +0.0% |       0 |       0 |             0 |      2048
     2610 |     +0.0% |       0 |       0 |             0 |      2038
     2620 |     +0.0% |       0 |       0 |             0 |      2028
     2630 |     +0.0% |       0 |       0 |             0 |      2018
     2640 |     +0.0% |       0 |       0 |             0 |      2008
     2650 |     +0.0% |       0 |       0 |             0 |      1998
     2660 |     +0.0% |       0 |       0 |             0 |      1988
     2670 |     +0.0% |       0 |       0 |             0 |      1978
     2680 |     +0.0% |       0 |       0 |             0 |      1968
     2690 |     +0.0% |       0 |       0 |             0 |      1958
     2700 |     +0.0% |       0 |       0 |             0 |      1948
     2710 |     +0.0% |       0 |       0 |             0 |      1938
     2720 |     +0.0% |       0 |       0 |             0 |      1928
     2730 |     +0.0% |       0 |       0 |             0 |      1918
     2740 |     +0.0% |       0 |       0 |             0 |      1908
     2750 |     +0.0% |       0 |       0 |             0 |      1898
     2760 |     +0.0% |       0 |       0 |             0 |      1888
     2770 |     +0.0% |       0 |       0 |             0 |      1878
     2780 |     +0.0% |       0 |       0 |             0 |      1868
     2790 |     +0.0% |       0 |       0 |             0 |      1858
     2800 |     +0.0% |       0 |       0 |             0 |      1848
     2810 |     +0.0% |       0 |       0 |             0 |      1838
     2820 |     +0.0% |       0 |       0 |             0 |      1828
     2830 |     +0.0% |       0 |       0 |             0 |      1818
     2840 |     +0.0% |       0 |       0 |             0 |      1808
     2850 |     +0.0% |       0 |       0 |             0 |      1798
     2860 |     +0.0% |       0 |       0 |             0 |      1788
     2870 |     +0.0% |       0 |       0 |             0 |      1778
     2880 |     +0.0% |       0 |       0 |             0 |      1768
     2890 |     +0.0% |       0 |       0 |             0 |      1758
     2900 |     +0.0% |       0 |       0 |             0 |      1748
     2910 |     +0.0% |       0 |       0 |             0 |      1738
     2920 |     +0.0% |       0 |       0 |             0 |      1728
     2930 |     +0.0% |       0 |       1 |             1 |      1718
     2940 |     +0.0% |       0 |       1 |             1 |      1708
     2950 |     +0.0% |       0 |       1 |             1 |      1698
     2960 |     +0.0% |       0 |       1 |             1 |      1688
     2970 |     +0.0% |       0 |       1 |             1 |      1678
     2980 |     +0.0% |       0 |       2 |             2 |      1668
     2990 |     +0.0% |       0 |       2 |             2 |      1658
     3000 |     +0.0% |       0 |       3 |             3 |      1648
     3010 |     +0.0% |       0 |       3 |             3 |      1638
     3020 |     +0.0% |       0 |       3 |             3 |      1628
     3030 |     +0.0% |       0 |       3 |             3 |      1618
     3040 |     +0.0% |       0 |       3 |             3 |      1608
     3050 |     +0.0% |       0 |       5 |             5 |      1598
     3060 |     +0.0% |       0 |       5 |             5 |      1588
     3070 |     +0.0% |       0 |       5 |             5 |      1578
     3080 |     +0.0% |       0 |       5 |             5 |      1568
     3090 |     +0.0% |       0 |       5 |             5 |      1558
     3100 |     +0.0% |       0 |       5 |             5 |      1548
     3110 |     +0.0% |       0 |       5 |             5 |      1538
     3120 |     +0.0% |       0 |       5 |             5 |      1528
     3130 |     +0.0% |       0 |       5 |             5 |      1518
     3140 |     +0.0% |       0 |       5 |             5 |      1508
     3150 |     +0.0% |       0 |       5 |             5 |      1498
     3160 |     +0.0% |       0 |       6 |             7 |      1488
[WARNING RSZ-0104] Net _3507_ only has one pin. Check if it is intended to be dangling.
     3170 |     +0.0% |       0 |       6 |             8 |      1478
[WARNING RSZ-0104] Net _3498_ only has one pin. Check if it is intended to be dangling.
     3180 |     +0.0% |       0 |       6 |             8 |      1468
     3190 |     +0.0% |       0 |       6 |             8 |      1458
     3200 |     +0.0% |       0 |       6 |             8 |      1448
     3210 |     +0.0% |       0 |       6 |             8 |      1438
     3220 |     +0.0% |       0 |       6 |             8 |      1428
     3230 |     +0.0% |       0 |       6 |             8 |      1418
     3240 |     +0.0% |       0 |       6 |             8 |      1408
     3250 |     +0.0% |       0 |       6 |             8 |      1398
     3260 |     +0.0% |       0 |       6 |             8 |      1388
     3270 |     +0.0% |       0 |       6 |             8 |      1378
     3280 |     +0.0% |       0 |       6 |             8 |      1368
     3290 |     +0.0% |       0 |       6 |             8 |      1358
     3300 |     +0.0% |       0 |       6 |             8 |      1348
     3310 |     +0.0% |       0 |       6 |             8 |      1338
     3320 |     +0.0% |       0 |       6 |             8 |      1328
[WARNING RSZ-0104] Net _3645_ only has one pin. Check if it is intended to be dangling.
     3330 |     +0.0% |       0 |       6 |             8 |      1318
[WARNING RSZ-0104] Net _3503_ only has one pin. Check if it is intended to be dangling.
     3340 |     +0.0% |       0 |       6 |             8 |      1308
     3350 |     +0.0% |       0 |       6 |             8 |      1298
     3360 |     +0.0% |       0 |       6 |             8 |      1288
     3370 |     +0.0% |       0 |       6 |             8 |      1278
     3380 |     +0.0% |       0 |       6 |             9 |      1268
     3390 |     +0.0% |       0 |       6 |            10 |      1258
     3400 |     +0.0% |       0 |       6 |            10 |      1248
     3410 |     +0.0% |       0 |       6 |            10 |      1238
     3420 |     +0.0% |       0 |       6 |            10 |      1228
     3430 |     +0.0% |       0 |       6 |            10 |      1218
     3440 |     +0.0% |       0 |       6 |            10 |      1208
     3450 |     +0.0% |       0 |       6 |            10 |      1198
     3460 |     +0.0% |       0 |       6 |            10 |      1188
     3470 |     +0.0% |       0 |       6 |            10 |      1178
     3480 |     +0.0% |       0 |       6 |            10 |      1168
     3490 |     +0.0% |       0 |       6 |            10 |      1158
     3500 |     +0.0% |       0 |       6 |            10 |      1148
     3510 |     +0.0% |       0 |       6 |            10 |      1138
     3520 |     +0.0% |       0 |       6 |            10 |      1128
     3530 |     +0.0% |       0 |       6 |            10 |      1118
     3540 |     +0.0% |       0 |       6 |            10 |      1108
     3550 |     +0.0% |       0 |       6 |            10 |      1098
     3560 |     +0.0% |       0 |       6 |            10 |      1088
     3570 |     +0.0% |       0 |       6 |            10 |      1078
     3580 |     +0.0% |       0 |       6 |            10 |      1068
     3590 |     +0.0% |       0 |       6 |            10 |      1058
     3600 |     +0.0% |       0 |       6 |            10 |      1048
     3610 |     +0.0% |       0 |       6 |            10 |      1038
     3620 |     +0.0% |       0 |       6 |            10 |      1028
     3630 |     +0.0% |       0 |       6 |            10 |      1018
     3640 |     +0.0% |       0 |       6 |            10 |      1008
     3650 |     +0.0% |       0 |       6 |            10 |       998
     3660 |     +0.0% |       0 |       6 |            10 |       988
     3670 |     +0.0% |       0 |       6 |            10 |       978
     3680 |     +0.0% |       0 |       6 |            10 |       968
     3690 |     +0.0% |       0 |       6 |            10 |       958
     3700 |     +0.0% |       0 |       6 |            10 |       948
[WARNING RSZ-0104] Net _3646_ only has one pin. Check if it is intended to be dangling.
     3710 |     +0.0% |       0 |       6 |            10 |       938
     3720 |     +0.0% |       0 |       6 |            10 |       928
[WARNING RSZ-0104] Net _3582_ only has one pin. Check if it is intended to be dangling.
     3730 |     +0.0% |       0 |       6 |            10 |       918
     3740 |     +0.0% |       0 |       6 |            10 |       908
     3750 |     +0.0% |       0 |       6 |            10 |       898
     3760 |     +0.0% |       0 |       6 |            10 |       888
     3770 |     +0.0% |       0 |       6 |            10 |       878
     3780 |     +0.0% |       0 |       6 |            10 |       868
     3790 |     +0.0% |       0 |       6 |            10 |       858
     3800 |     +0.0% |       0 |       6 |            10 |       848
     3810 |     +0.0% |       0 |       6 |            10 |       838
     3820 |     +0.0% |       0 |       6 |            10 |       828
     3830 |     +0.0% |       0 |       6 |            10 |       818
     3840 |     +0.0% |       0 |       6 |            10 |       808
     3850 |     +0.0% |       0 |       6 |            10 |       798
     3860 |     +0.0% |       0 |       6 |            10 |       788
     3870 |     +0.0% |       0 |       6 |            10 |       778
     3880 |     +0.0% |       0 |       6 |            10 |       768
     3890 |     +0.0% |       0 |       6 |            10 |       758
     3900 |     +0.0% |       0 |       7 |            11 |       748
     3910 |     +0.0% |       0 |       7 |            11 |       738
[INFO DPL-0006] Core area: 288635.57 um^2
[INFO DPL-0007] Movable instances area: 35061.13 um^2
[INFO DPL-0008] Fixed instances area within core: 105745.12 um^2
[INFO DPL-0009] Utilization: 48.8%
[INFO DPL-0005] Diamond search max displacement: +/- 500 sites horizontally, +/- 100 rows vertically.
[INFO DPL-1102] Legalizing using negotiation legalizer.
[INFO DPL-1103] Negotiation base search window: +/-20 sites horizontally, +/-5 rows vertically 
	Automatic search window extension enabled.
	Search window extendable up to the max displacement cap of +/-500 sites, +/-100 rows near walls.
[INFO DPL-1104] NegotiationLegalizer DRC penalty: 5.
[INFO DPL-0392] Negotiation cell height distribution (2 unique row-count(s)):
[INFO DPL-0393]   height 1 row(s): 6353 cells
[INFO DPL-0393]   height 80 row(s): 1 cells
          |      Total |  Illegal |  Illegal
Iteration | Violations |    Cells |    Sites
---------------------------------------------
        0 |          0 |         0 |         0
Negotiation phase 1 converged at iteration 0.
[INFO DPL-0500] Runtime: 0.04s
[WARNING RSZ-0104] Net _3709_ only has one pin. Check if it is intended to be dangling.
[WARNING RSZ-0104] Net _3708_ only has one pin. Check if it is intended to be dangling.
     3920 |     +0.0% |       0 |       7 |            11 |       728
[WARNING RSZ-0104] Net _3703_ only has one pin. Check if it is intended to be dangling.
[WARNING RSZ-0104] Net _3702_ only has one pin. Check if it is intended to be dangling.
[WARNING RSZ-0104] Net _3686_ only has one pin. Check if it is intended to be dangling.
[WARNING RSZ-0104] Net _3682_ only has one pin. Check if it is intended to be dangling.
     3930 |     +0.0% |       0 |       7 |            11 |       718
[WARNING RSZ-0104] Net _3678_ only has one pin. Check if it is intended to be dangling.
     3940 |     +0.0% |       0 |       7 |            11 |       708
[WARNING RSZ-0104] Net _3677_ only has one pin. Check if it is intended to be dangling.
[WARNING RSZ-0104] Net _3674_ only has one pin. Check if it is intended to be dangling.
[WARNING RSZ-0104] Net _3673_ only has one pin. Check if it is intended to be dangling.
     3950 |     +0.0% |       0 |       7 |            11 |       698
[WARNING RSZ-0104] Net _3672_ only has one pin. Check if it is intended to be dangling.
[WARNING RSZ-0104] Net _3671_ only has one pin. Check if it is intended to be dangling.
[WARNING RSZ-0104] Net _3670_ only has one pin. Check if it is intended to be dangling.
[WARNING RSZ-0104] Net _3669_ only has one pin. Check if it is intended to be dangling.
[WARNING RSZ-0104] Net _3666_ only has one pin. Check if it is intended to be dangling.
     3960 |     +0.0% |       0 |       7 |            11 |       688
[WARNING RSZ-0104] Net _3652_ only has one pin. Check if it is intended to be dangling.
[WARNING RSZ-0104] Net _3648_ only has one pin. Check if it is intended to be dangling.
     3970 |     +0.0% |       0 |       7 |            11 |       678
[WARNING RSZ-0104] Net _3647_ only has one pin. Check if it is intended to be dangling.
[WARNING RSZ-0104] Net _3644_ only has one pin. Check if it is intended to be dangling.
[WARNING RSZ-0104] Net _3643_ only has one pin. Check if it is intended to be dangling.
[WARNING RSZ-0104] Net _3640_ only has one pin. Check if it is intended to be dangling.
     3980 |     +0.0% |       0 |       7 |            11 |       668
[WARNING RSZ-0104] Net _3630_ only has one pin. Check if it is intended to be dangling.
     3990 |     +0.0% |       0 |       7 |            11 |       658
[WARNING RSZ-0104] Net _3629_ only has one pin. Check if it is intended to be dangling.
[WARNING RSZ-0104] Net _3628_ only has one pin. Check if it is intended to be dangling.
[WARNING RSZ-0104] Net _3611_ only has one pin. Check if it is intended to be dangling.
     4000 |     +0.0% |       0 |       7 |            11 |       648
[WARNING RSZ-0104] Net _3608_ only has one pin. Check if it is intended to be dangling.
     4010 |     +0.0% |       0 |       7 |            11 |       638
[WARNING RSZ-0104] Net _3583_ only has one pin. Check if it is intended to be dangling.
     4020 |     +0.0% |       0 |       7 |            11 |       628
[WARNING RSZ-0104] Net _3539_ only has one pin. Check if it is intended to be dangling.
[WARNING RSZ-0104] Net _3516_ only has one pin. Check if it is intended to be dangling.
     4030 |     +0.0% |       0 |       7 |            11 |       618
     4040 |     +0.0% |       0 |       7 |            11 |       608
     4050 |     +0.0% |       0 |       7 |            11 |       598
     4060 |     +0.0% |       0 |       7 |            11 |       588
     4070 |     +0.0% |       0 |       7 |            11 |       578
     4080 |     +0.0% |       0 |       7 |            11 |       568
     4090 |     +0.0% |       0 |       7 |            11 |       558
     4100 |     +0.0% |       0 |       7 |            11 |       548
     4110 |     +0.0% |       0 |       7 |            11 |       538
     4120 |     +0.0% |       0 |       7 |            11 |       528
     4130 |     +0.0% |       0 |       7 |            11 |       518
     4140 |     +0.0% |       0 |       7 |            11 |       508
     4150 |     +0.0% |       0 |       7 |            11 |       498
     4160 |     +0.0% |       0 |       7 |            11 |       488
     4170 |     +0.0% |       0 |       7 |            11 |       478
     4180 |     +0.0% |       0 |       7 |            11 |       468
     4190 |     +0.0% |       0 |       7 |            11 |       458
     4200 |     +0.0% |       0 |       7 |            11 |       448
     4210 |     +0.0% |       0 |       7 |            11 |       438
     4220 |     +0.0% |       0 |       7 |            11 |       428
     4230 |     +0.0% |       0 |       7 |            11 |       418
     4240 |     +0.0% |       0 |       7 |            11 |       408
[WARNING RSZ-0104] Net _3636_ only has one pin. Check if it is intended to be dangling.
     4250 |     +0.0% |       0 |       7 |            11 |       398
[WARNING RSZ-0104] Net _3595_ only has one pin. Check if it is intended to be dangling.
     4260 |     +0.0% |       0 |       7 |            11 |       388
[WARNING RSZ-0104] Net _3586_ only has one pin. Check if it is intended to be dangling.
     4270 |     +0.0% |       0 |       7 |            11 |       378
     4280 |     +0.0% |       0 |       7 |            11 |       368
     4290 |     +0.0% |       0 |       7 |            11 |       358
     4300 |     +0.0% |       0 |       7 |            11 |       348
     4310 |     +0.0% |       0 |       7 |            11 |       338
     4320 |     +0.0% |       0 |       7 |            11 |       328
     4330 |     +0.0% |       0 |       7 |            11 |       318
     4340 |     +0.0% |       0 |       7 |            11 |       308
     4350 |     +0.0% |       0 |       7 |            11 |       298
     4360 |     +0.0% |       0 |       7 |            11 |       288
     4370 |     +0.0% |       0 |       7 |            11 |       278
     4380 |     +0.0% |       0 |       7 |            11 |       268
     4390 |     +0.0% |       0 |       7 |            11 |       258
     4400 |     +0.0% |       0 |       7 |            11 |       248
     4410 |     +0.0% |       0 |       7 |            11 |       238
     4420 |     +0.0% |       0 |       7 |            11 |       228
     4430 |     +0.0% |       0 |       7 |            11 |       218
     4440 |     +0.0% |       0 |       7 |            11 |       208
     4450 |     +0.0% |       0 |       7 |            11 |       198
     4460 |     +0.0% |       0 |       7 |            11 |       188
     4470 |     +0.0% |       0 |       7 |            11 |       178
     4480 |     +0.0% |       0 |       7 |            11 |       168
     4490 |     +0.0% |       0 |       7 |            11 |       158
     4500 |     +0.0% |       0 |       7 |            11 |       148
     4510 |     +0.0% |       0 |       7 |            11 |       138
     4520 |     +0.0% |       0 |       7 |            11 |       128
     4530 |     +0.0% |       0 |       7 |            11 |       118
     4540 |     +0.0% |       0 |       7 |            11 |       108
     4550 |     +0.0% |       0 |       7 |            11 |        98
     4560 |     +0.0% |       0 |       7 |            11 |        88
     4570 |     +0.0% |       0 |       7 |            11 |        78
     4580 |     +0.0% |       0 |       7 |            11 |        68
     4590 |     +0.0% |       0 |       7 |            11 |        58
     4600 |     +0.0% |       0 |       7 |            11 |        48
     4610 |     +0.0% |       0 |       7 |            11 |        38
[WARNING RSZ-0104] Net u_coeff_ram.dout0\[16\] only has one pin. Check if it is intended to be dangling.
     4620 |     +0.0% |       0 |       7 |            11 |        28
     4630 |     +0.0% |       0 |       7 |            11 |        18
     4640 |     +0.0% |       0 |       7 |            11 |         8
    final |     +0.0% |       0 |       7 |            11 |         0
---------------------------------------------------------------------
[INFO RSZ-0034] Found 10 slew violations.
[INFO RSZ-0036] Found 1 capacitance violations.
[INFO RSZ-0038] Inserted 7 buffers in 11 nets.
[INFO RSZ-0504] Runtime: 2.85s
global_route -start_incremental
detailed_placement
[INFO DPL-0006] Core area: 288635.57 um^2
[INFO DPL-0007] Movable instances area: 35061.13 um^2
[INFO DPL-0008] Fixed instances area within core: 105745.12 um^2
[INFO DPL-0009] Utilization: 48.8%
[INFO DPL-0005] Diamond search max displacement: +/- 500 sites horizontally, +/- 100 rows vertically.
[INFO DPL-1102] Legalizing using negotiation legalizer.
[INFO DPL-1103] Negotiation base search window: +/-20 sites horizontally, +/-5 rows vertically 
	Automatic search window extension enabled.
	Search window extendable up to the max displacement cap of +/-500 sites, +/-100 rows near walls.
[INFO DPL-1104] NegotiationLegalizer DRC penalty: 5.
[INFO DPL-0392] Negotiation cell height distribution (2 unique row-count(s)):
[INFO DPL-0393]   height 1 row(s): 6353 cells
[INFO DPL-0393]   height 80 row(s): 1 cells
[INFO DPL-0500] Runtime: 0.03s
Placement Analysis
---------------------------------
total displacement          0.0 u
average displacement        0.0 u
max displacement            0.0 u
original HPWL           94440.1 u
legalized HPWL          94440.1 u
delta HPWL                    0 %

global_route -end_incremental -congestion_report_file /root/cac_runs/ntt_macro_20ns_pinfix4/reports/sky130hd/cac_ntt_macro_20ns/base/congestion_post_repair_design.rpt
Repair setup and hold violations...
estimate_parasitics -global_routing
repair_timing -setup_margin 0 -hold_margin 0 -repair_tns 100 -verbose
[INFO RSZ-0100] Repair move sequence: UnbufferMove SizeUpMove SwapPinsMove BufferMove CloneMove SplitLoadMove 
[INFO RSZ-0094] Found 12 endpoints with setup violations.
[INFO RSZ-0099] Repairing 12 out of 12 (100.00%) violating endpoints...
   Iter   | Removed | Resized | Inserted | Cloned |  Pin  |   Area   |    WNS   |   StTNS    |   EnTNS    |  Viol  |  Worst  
          | Buffers |  Gates  | Buffers  |  Gates | Swaps |          |          |            |            | Endpts | St/EnPt 
------------------------------------------------------------------------------------------------------------------------------
       0* |       0 |       0 |        0 |      0 |     0 |    +0.0% |   -2.172 |      -37.5 |      -25.2 |     12 | mul_reduced_q\[6\]$_DFFE_PN0P_/D
      10* |       0 |       1 |        1 |      0 |     7 |    +0.0% |   -2.184 |      -37.8 |      -25.4 |     12 | mul_reduced_q\[6\]$_DFFE_PN0P_/D
      20* |       0 |       6 |        2 |      0 |    11 |    +0.0% |   -2.099 |      -36.6 |      -24.4 |     12 | mul_reduced_q\[6\]$_DFFE_PN0P_/D
      30* |       0 |       7 |        5 |      0 |    17 |    +0.0% |   -2.039 |      -35.5 |      -23.7 |     12 | mul_reduced_q\[6\]$_DFFE_PN0P_/D
      40* |       0 |      13 |        6 |      0 |    20 |    +0.1% |   -2.009 |      -34.7 |      -23.3 |     12 | mul_reduced_q\[6\]$_DFFE_PN0P_/D
      50* |       0 |      17 |        8 |      0 |    24 |    +0.1% |   -2.023 |      -35.0 |      -23.4 |     12 | mul_reduced_q\[6\]$_DFFE_PN0P_/D
      60* |       0 |      21 |       10 |      0 |    28 |    +0.1% |   -1.979 |      -34.3 |      -23.0 |     12 | mul_reduced_q\[6\]$_DFFE_PN0P_/D
      70* |       0 |      25 |       12 |      0 |    32 |    +0.2% |   -1.880 |      -31.8 |      -21.8 |     12 | mul_reduced_q\[6\]$_DFFE_PN0P_/D
      80* |       0 |      28 |       12 |      0 |    39 |    +0.2% |   -1.929 |      -33.0 |      -22.3 |     12 | mul_reduced_q\[6\]$_DFFE_PN0P_/D
      90* |       0 |      28 |       12 |      0 |    49 |    +0.2% |   -1.867 |      -31.5 |      -21.6 |     12 | mul_reduced_q\[6\]$_DFFE_PN0P_/D
     100* |       0 |      31 |       13 |      0 |    55 |    +0.2% |   -1.906 |      -32.6 |      -22.0 |     12 | mul_reduced_q\[6\]$_DFFE_PN0P_/D
     110* |       0 |      34 |       13 |      0 |    62 |    +0.2% |   -1.922 |      -32.8 |      -22.4 |     12 | mul_reduced_q\[6\]$_DFFE_PN0P_/D
     120* |       0 |      38 |       13 |      0 |    68 |    +0.2% |   -1.905 |      -32.4 |      -22.2 |     12 | mul_reduced_q\[6\]$_DFFE_PN0P_/D
     130* |       0 |      40 |       14 |      0 |    75 |    +0.2% |   -1.993 |      -33.8 |      -23.1 |     12 | mul_reduced_q\[6\]$_DFFE_PN0P_/D
     140* |       0 |      41 |       16 |      0 |    82 |    +0.2% |   -2.046 |      -35.2 |      -23.8 |     12 | mul_reduced_q\[6\]$_DFFE_PN0P_/D
     141* |       0 |      28 |       12 |      0 |    50 |    +0.2% |   -1.851 |      -31.3 |      -21.4 |     12 | mul_reduced_q\[6\]$_DFFE_PN0P_/D
     150* |       0 |      31 |       12 |      0 |    55 |    +0.2% |   -1.837 |      -31.0 |      -21.4 |     12 | mul_reduced_q\[6\]$_DFFE_PN0P_/D
     160* |       0 |      37 |       13 |      0 |    58 |    +0.2% |   -1.780 |      -29.6 |      -20.6 |     12 | mul_reduced_q\[6\]$_DFFE_PN0P_/D
     170* |       0 |      43 |       14 |      0 |    61 |    +0.2% |   -1.711 |      -27.7 |      -19.9 |     12 | mul_reduced_q\[6\]$_DFFE_PN0P_/D
     180* |       0 |      50 |       14 |      0 |    64 |    +0.3% |   -1.665 |      -26.8 |      -19.3 |     12 | mul_reduced_q\[6\]$_DFFE_PN0P_/D
     190* |       0 |      55 |       15 |      0 |    68 |    +0.3% |   -1.699 |      -27.6 |      -19.7 |     12 | mul_reduced_q\[6\]$_DFFE_PN0P_/D
     200* |       0 |      57 |       15 |      0 |    76 |    +0.3% |   -1.732 |      -28.4 |      -20.0 |     12 | mul_reduced_q\[6\]$_DFFE_PN0P_/D
     210* |       0 |      59 |       15 |      0 |    84 |    +0.3% |   -1.745 |      -28.7 |      -20.1 |     12 | mul_reduced_q\[6\]$_DFFE_PN0P_/D
     220* |       0 |      66 |       15 |      0 |    87 |    +0.3% |   -1.706 |      -27.9 |      -19.6 |     12 | mul_reduced_q\[6\]$_DFFE_PN0P_/D
     230* |       0 |      69 |       17 |      0 |    92 |    +0.4% |   -1.699 |      -27.8 |      -19.6 |     12 | mul_reduced_q\[6\]$_DFFE_PN0P_/D
     230* |       0 |      50 |       14 |      0 |    64 |    +0.3% |   -1.665 |      -26.8 |      -19.3 |     12 | mul_reduced_q\[6\]$_DFFE_PN0P_/D
     240* |       0 |      57 |       15 |      0 |    65 |    +0.3% |   -1.676 |      -27.1 |      -19.3 |     12 | mul_reduced_q\[6\]$_DFFE_PN0P_/D
     250* |       0 |      65 |       16 |      0 |    66 |    +0.3% |   -1.660 |      -26.8 |      -19.1 |     12 | mul_reduced_q\[6\]$_DFFE_PN0P_/D
     260* |       0 |      73 |       16 |      0 |    68 |    +0.4% |   -1.618 |      -25.9 |      -18.6 |     12 | mul_reduced_q\[6\]$_DFFE_PN0P_/D
     270* |       0 |      75 |       16 |      0 |    76 |    +0.4% |   -1.617 |      -25.9 |      -18.6 |     12 | mul_reduced_q\[6\]$_DFFE_PN0P_/D
     278* |       0 |      76 |       17 |      0 |    77 |    +0.4% |   -1.605 |      -25.6 |      -18.5 |     12 | mul_reduced_q\[6\]$_DFFE_PN0P_/D
     280* |       0 |      76 |       17 |      0 |    78 |    +0.4% |   -1.605 |      -25.6 |      -18.4 |     12 | mul_reduced_q\[6\]$_DFFE_PN0P_/D
     282* |       0 |      76 |       17 |      0 |    78 |    +0.4% |   -1.605 |      -25.6 |      -18.4 |     12 | mul_reduced_q\[6\]$_DFFE_PN0P_/D
     288* |       0 |      76 |       17 |      0 |    80 |    +0.4% |   -1.605 |      -25.6 |      -18.4 |     12 | mul_reduced_q\[6\]$_DFFE_PN0P_/D
     290* |       0 |      76 |       17 |      0 |    81 |    +0.4% |   -1.605 |      -25.6 |      -18.4 |     12 | mul_reduced_q\[6\]$_DFFE_PN0P_/D
     298* |       0 |      76 |       17 |      0 |    80 |    +0.4% |   -1.605 |      -25.6 |      -18.4 |     12 | mul_reduced_q\[6\]$_DFFE_PN0P_/D
     300* |       0 |      77 |       17 |      0 |    80 |    +0.4% |   -1.605 |      -25.6 |      -18.4 |     12 | mul_reduced_q\[6\]$_DFFE_PN0P_/D
     310* |       0 |      82 |       18 |      0 |    84 |    +0.4% |   -1.628 |      -26.2 |      -18.4 |     12 | mul_reduced_q\[4\]$_DFFE_PN0P_/D
     312* |       0 |      78 |       17 |      0 |    81 |    +0.4% |   -1.605 |      -25.6 |      -18.3 |     12 | mul_reduced_q\[6\]$_DFFE_PN0P_/D
     320* |       0 |      81 |       18 |      0 |    84 |    +0.4% |   -1.609 |      -25.7 |      -18.4 |     12 | mul_reduced_q\[6\]$_DFFE_PN0P_/D
     320* |       0 |      80 |       17 |      0 |    84 |    +0.4% |   -1.605 |      -25.6 |      -18.3 |     12 | mul_reduced_q\[6\]$_DFFE_PN0P_/D
     330* |       1 |      84 |       19 |      0 |    86 |    +0.4% |   -1.608 |      -25.7 |      -18.3 |     12 | mul_reduced_q\[6\]$_DFFE_PN0P_/D
     333* |       0 |      82 |       17 |      0 |    86 |    +0.4% |   -1.605 |      -25.6 |      -18.3 |     12 | mul_reduced_q\[6\]$_DFFE_PN0P_/D
     340* |       0 |      86 |       17 |      0 |    88 |    +0.4% |   -1.621 |      -26.0 |      -18.3 |     12 | mul_reduced_q\[4\]$_DFFE_PN0P_/D
     343* |       0 |      82 |       17 |      0 |    86 |    +0.4% |   -1.605 |      -25.6 |      -18.3 |     12 | mul_reduced_q\[6\]$_DFFE_PN0P_/D
     350* |       0 |      85 |       19 |      0 |    87 |    +0.4% |   -1.621 |      -26.0 |      -18.3 |     12 | mul_reduced_q\[4\]$_DFFE_PN0P_/D
     352* |       0 |      82 |       18 |      0 |    87 |    +0.4% |   -1.605 |      -25.6 |      -18.3 |     12 | mul_reduced_q\[6\]$_DFFE_PN0P_/D
     360* |       0 |      85 |       18 |      0 |    91 |    +0.4% |   -1.612 |      -25.8 |      -18.4 |     12 | mul_reduced_q\[6\]$_DFFE_PN0P_/D
     368* |       0 |      82 |       18 |      0 |    87 |    +0.4% |   -1.605 |      -25.6 |      -18.3 |     12 | mul_reduced_q\[6\]$_DFFE_PN0P_/D
     368* |       0 |      82 |       18 |      0 |    87 |    +0.4% |   -1.605 |      -25.6 |      -18.3 |     12 | mul_reduced_q\[6\]$_DFFE_PN0P_/D
     369+ |       0 |      82 |       18 |      0 |    87 |    +0.4% |   -1.605 |      -25.6 |      -18.3 |     12 | mul_reduced_q\[6\]$_DFFE_PN0P_/D
     370+ |       0 |      82 |       18 |      0 |    87 |    +0.4% |   -1.605 |      -25.6 |      -18.3 |     12 | mul_reduced_q\[6\]$_DFFE_PN0P_/D
     370+ |       0 |      82 |       18 |      0 |    87 |    +0.4% |   -1.605 |      -25.6 |      -18.3 |     12 | mul_reduced_q\[6\]$_DFFE_PN0P_/D
     371+ |       0 |      82 |       18 |      0 |    87 |    +0.4% |   -1.605 |      -25.6 |      -18.3 |     12 | mul_reduced_q\[6\]$_DFFE_PN0P_/D
     372+ |       0 |      82 |       18 |      0 |    87 |    +0.4% |   -1.605 |      -25.6 |      -18.3 |     12 | mul_reduced_q\[6\]$_DFFE_PN0P_/D
     374+ |       0 |      83 |       18 |      0 |    87 |    +0.4% |   -1.605 |      -25.6 |      -18.3 |     12 | mul_reduced_q\[6\]$_DFFE_PN0P_/D
     375+ |       0 |      83 |       18 |      0 |    87 |    +0.4% |   -1.605 |      -25.6 |      -18.3 |     12 | mul_reduced_q\[6\]$_DFFE_PN0P_/D
     376+ |       0 |      83 |       18 |      0 |    87 |    +0.4% |   -1.605 |      -25.6 |      -18.3 |     12 | mul_reduced_q\[6\]$_DFFE_PN0P_/D
     377+ |       0 |      83 |       18 |      0 |    87 |    +0.4% |   -1.605 |      -25.6 |      -18.3 |     12 | mul_reduced_q\[6\]$_DFFE_PN0P_/D
     378+ |       0 |      83 |       18 |      0 |    87 |    +0.4% |   -1.605 |      -25.6 |      -18.3 |     12 | mul_reduced_q\[6\]$_DFFE_PN0P_/D
     379+ |       0 |      83 |       18 |      0 |    87 |    +0.4% |   -1.605 |      -25.6 |      -18.3 |     12 | mul_reduced_q\[6\]$_DFFE_PN0P_/D
     380+ |       0 |      83 |       18 |      0 |    87 |    +0.4% |   -1.605 |      -25.6 |      -18.3 |     12 | mul_reduced_q\[6\]$_DFFE_PN0P_/D
     380+ |       0 |      83 |       18 |      0 |    87 |    +0.4% |   -1.605 |      -25.6 |      -18.3 |     12 | mul_reduced_q\[6\]$_DFFE_PN0P_/D
     383+ |       0 |      85 |       18 |      0 |    87 |    +0.4% |   -1.605 |      -25.6 |      -18.2 |     12 | mul_reduced_q\[6\]$_DFFE_PN0P_/D
    final |       0 |      85 |       18 |      0 |    87 |    +0.4% |   -1.605 |      -25.6 |      -18.2 |     12 | mul_reduced_q\[6\]$_DFFE_PN0P_/D
------------------------------------------------------------------------------------------------------------------------------
[INFO RSZ-0040] Inserted 18 buffers.
[INFO RSZ-0051] Resized 85 instances: 85 up, 0 up match, 0 down, 0 VT
[INFO RSZ-0043] Swapped pins on 87 instances.
[WARNING RSZ-0062] Unable to repair all setup violations.
[INFO RSZ-0505] Runtime: 54.32s
[INFO RSZ-0033] No hold violations found.
[INFO RSZ-0506] Runtime: 0.03s
Took 59 seconds: repair_timing -setup_margin 0 -hold_margin 0 -repair_tns 100 -verbose
global_route -start_incremental
detailed_placement
[INFO DPL-0006] Core area: 288635.57 um^2
[INFO DPL-0007] Movable instances area: 35620.41 um^2
[INFO DPL-0008] Fixed instances area within core: 105745.12 um^2
[INFO DPL-0009] Utilization: 49.0%
[INFO DPL-0005] Diamond search max displacement: +/- 500 sites horizontally, +/- 100 rows vertically.
[INFO DPL-1102] Legalizing using negotiation legalizer.
[INFO DPL-1103] Negotiation base search window: +/-20 sites horizontally, +/-5 rows vertically 
	Automatic search window extension enabled.
	Search window extendable up to the max displacement cap of +/-500 sites, +/-100 rows near walls.
[INFO DPL-1104] NegotiationLegalizer DRC penalty: 5.
[INFO DPL-0392] Negotiation cell height distribution (2 unique row-count(s)):
[INFO DPL-0393]   height 1 row(s): 6371 cells
[INFO DPL-0393]   height 80 row(s): 1 cells
          |      Total |  Illegal |  Illegal
Iteration | Violations |    Cells |    Sites
---------------------------------------------
        0 |          0 |         0 |         0
Negotiation phase 1 converged at iteration 0.
[INFO DPL-0500] Runtime: 0.04s
Placement Analysis
---------------------------------
total displacement        231.9 u
average displacement        0.0 u
max displacement           11.8 u
original HPWL           94607.9 u
legalized HPWL          94831.1 u
delta HPWL                    0 %

check_placement -verbose
global_route -end_incremental -congestion_report_file /root/cac_runs/ntt_macro_20ns_pinfix4/reports/sky130hd/cac_ntt_macro_20ns/base/congestion_post_repair_timing.rpt
estimate_parasitics -global_routing
global_route -start_incremental
global_route -end_incremental -congestion_report_file /root/cac_runs/ntt_macro_20ns_pinfix4/reports/sky130hd/cac_ntt_macro_20ns/base/congestion_post_recover_power.rpt
Repair antennas...
[INFO GRT-0012] Found 11 antenna violations.
[INFO GRT-0302] Inserted 8 jumpers for 8 nets.
[INFO GRT-0012] Found 3 antenna violations.
[INFO DPL-0006] Core area: 288635.57 um^2
[INFO DPL-0007] Movable instances area: 35597.89 um^2
[INFO DPL-0008] Fixed instances area within core: 105775.15 um^2
[INFO DPL-0009] Utilization: 49.0%
[INFO DPL-0005] Diamond search max displacement: +/- 500 sites horizontally, +/- 100 rows vertically.
[INFO DPL-1102] Legalizing using negotiation legalizer.
[INFO DPL-1103] Negotiation base search window: +/-20 sites horizontally, +/-5 rows vertically 
	Automatic search window extension enabled.
	Search window extendable up to the max displacement cap of +/-500 sites, +/-100 rows near walls.
[INFO DPL-1104] NegotiationLegalizer DRC penalty: 5.
[INFO DPL-0392] Negotiation cell height distribution (2 unique row-count(s)):
[INFO DPL-0393]   height 1 row(s): 6374 cells
[INFO DPL-0393]   height 80 row(s): 1 cells
          |      Total |  Illegal |  Illegal
Iteration | Violations |    Cells |    Sites
---------------------------------------------
        0 |          0 |         0 |         0
Negotiation phase 1 converged at iteration 0.
[INFO DPL-0500] Runtime: 0.03s
[INFO GRT-0015] Inserted 3 diodes.
[INFO GRT-0012] Found 0 antenna violations.
[INFO ANT-0002] Found 0 net violations.
[INFO ANT-0001] Found 0 pin violations.
Estimate parasitics...
estimate_parasitics -global_routing
Report metrics stage 5, global route...

==========================================================================
global route report_design_area
--------------------------------------------------------------------------
Design area 141373 um^2 49% utilization.
[INFO FLW-0007] clock clk period 20.000000
[INFO FLW-0008] Clock clk period 20.559
[INFO FLW-0009] Clock clk slack -1.641
write_sdc -no_timestamp /root/cac_runs/ntt_macro_20ns_pinfix4/results/sky130hd/cac_ntt_macro_20ns/base/updated_clks.sdc
[INFO FLW-0011] Path endpoint path count 460
source /mnt/d/TKVM_ATTT_2026_test/codeachip/flow/post_grt_macro_pins.tcl
CAC_MACRO_PIN_ECO: placed 8 address-pin drivers (sky130_fd_sc_hd__buf_12) at the macro halo, upsized 8 of their drivers
[INFO DPL-0006] Core area: 288635.57 um^2
[INFO DPL-0007] Movable instances area: 35748.04 um^2
[INFO DPL-0008] Fixed instances area within core: 105745.12 um^2
[INFO DPL-0009] Utilization: 49.0%
[INFO DPL-0005] Diamond search max displacement: +/- 500 sites horizontally, +/- 100 rows vertically.
[INFO DPL-1102] Legalizing using negotiation legalizer.
[INFO DPL-1103] Negotiation base search window: +/-20 sites horizontally, +/-5 rows vertically 
	Automatic search window extension enabled.
	Search window extendable up to the max displacement cap of +/-500 sites, +/-100 rows near walls.
[INFO DPL-1104] NegotiationLegalizer DRC penalty: 5.
[INFO DPL-0392] Negotiation cell height distribution (2 unique row-count(s)):
[INFO DPL-0393]   height 1 row(s): 6374 cells
[INFO DPL-0393]   height 80 row(s): 1 cells
          |      Total |  Illegal |  Illegal
Iteration | Violations |    Cells |    Sites
---------------------------------------------
        0 |          0 |         0 |         0
Negotiation phase 1 converged at iteration 0.
[INFO DPL-0500] Runtime: 0.03s
Placement Analysis
---------------------------------
total displacement         65.7 u
average displacement        0.0 u
max displacement           13.8 u
original HPWL           94885.2 u
legalized HPWL          94937.4 u
delta HPWL                    0 %

write_db /root/cac_runs/ntt_macro_20ns_pinfix4/results/sky130hd/cac_ntt_macro_20ns/base/5_1_grt.odb
write_sdc -no_timestamp /root/cac_runs/ntt_macro_20ns_pinfix4/results/sky130hd/cac_ntt_macro_20ns/base/5_1_grt.sdc
Elapsed time: 1:39.05[h:]min:sec. CPU time: user 478.67 sys 22.85 (506%). Peak memory: 361068KB.
Log                       Ext     Elapsed/s Peak Memory/MB sha1sum result [0:20)
5_1_grt                   .odb           99            352 8119097acc39d6b926e7
5_1_grt                   .sdc                             ee7d33e068a23a61264e
