OpenROAD f552262465b0bfef8f097e258f94bc501d01e19d 
Features included (+) or not (-): +GPU +GUI +Python
This program is licensed under the BSD-3 license. See the LICENSE file for details.
Components of this program may be licensed under more restrictive licenses which must be honored.
[INFO ORD-0030] Using 12 thread(s).
read_liberty /opt/eda/orfs-6101364b/flow/platforms/sky130hd/lib/sky130_fd_sc_hd__tt_025C_1v80.lib
read_liberty /mnt/d/TKVM_ATTT_2026_test/codeachip/flow/macros/sky130_sram_1rw_16x256_wpr8_TT_1p8V_25C.lib
read_db /root/cac_runs/ntt_macro_20ns/results/sky130hd/cac_ntt_macro_20ns/base/5_1_grt.odb
read_sdc /root/cac_runs/ntt_macro_20ns/results/sky130hd/cac_ntt_macro_20ns/base/5_1_grt.sdc
source /opt/eda/orfs-6101364b/flow/platforms/sky130hd/setRC.tcl
detailed_route -output_drc /root/cac_runs/ntt_macro_20ns/reports/sky130hd/cac_ntt_macro_20ns/base/5_route_drc.rpt -output_maze /root/cac_runs/ntt_macro_20ns/results/sky130hd/cac_ntt_macro_20ns/base/maze.log -droute_end_iter 64 -verbose 1 -drc_report_iter_step 5
[INFO DRT-0149] Reading tech and libs.
[WARNING DRT-0349] LEF58_ENCLOSURE with no CUTCLASS is not supported. Skipping for layer mcon
[WARNING DRT-0349] LEF58_ENCLOSURE with no CUTCLASS is not supported. Skipping for layer mcon
[WARNING DRT-0349] LEF58_ENCLOSURE with no CUTCLASS is not supported. Skipping for layer via
[WARNING DRT-0349] LEF58_ENCLOSURE with no CUTCLASS is not supported. Skipping for layer via
[WARNING DRT-0349] LEF58_ENCLOSURE with no CUTCLASS is not supported. Skipping for layer via2
[WARNING DRT-0349] LEF58_ENCLOSURE with no CUTCLASS is not supported. Skipping for layer via2
[WARNING DRT-0349] LEF58_ENCLOSURE with no CUTCLASS is not supported. Skipping for layer via3
[WARNING DRT-0349] LEF58_ENCLOSURE with no CUTCLASS is not supported. Skipping for layer via3
[WARNING DRT-0349] LEF58_ENCLOSURE with no CUTCLASS is not supported. Skipping for layer via4
[WARNING DRT-0349] LEF58_ENCLOSURE with no CUTCLASS is not supported. Skipping for layer via4

Units:                1000
Number of layers:     13
Number of macros:     442
Number of vias:       30
Number of viarulegen: 25

[INFO DRT-0150] Reading design.

Design:                   kyber_ntt_engine
Die area:                 ( 0 0 ) ( 541485 541485 )
Number of track patterns: 12
Number of DEF vias:       0
Number of components:     6263
Number of terminals:      57
Number of snets:          2
Number of nets:           4633

[WARNING DRT-0418] Term u_coeff_ram.u_macro/din0[1] has no pins on routing grid
[WARNING DRT-0418] Term u_coeff_ram.u_macro/din0[2] has no pins on routing grid
[WARNING DRT-0418] Term u_coeff_ram.u_macro/din0[4] has no pins on routing grid
[WARNING DRT-0418] Term u_coeff_ram.u_macro/din0[5] has no pins on routing grid
[WARNING DRT-0418] Term u_coeff_ram.u_macro/din0[7] has no pins on routing grid
[WARNING DRT-0418] Term u_coeff_ram.u_macro/din0[8] has no pins on routing grid
[WARNING DRT-0418] Term u_coeff_ram.u_macro/din0[10] has no pins on routing grid
[WARNING DRT-0418] Term u_coeff_ram.u_macro/din0[11] has no pins on routing grid
[WARNING DRT-0418] Term u_coeff_ram.u_macro/din0[13] has no pins on routing grid
[WARNING DRT-0418] Term u_coeff_ram.u_macro/din0[16] has no pins on routing grid
[WARNING DRT-0418] Term u_coeff_ram.u_macro/addr0[0] has no pins on routing grid
[WARNING DRT-0418] Term u_coeff_ram.u_macro/addr0[1] has no pins on routing grid
[WARNING DRT-0418] Term u_coeff_ram.u_macro/web0 has no pins on routing grid
[WARNING DRT-0418] Term u_coeff_ram.u_macro/wmask0[0] has no pins on routing grid
[WARNING DRT-0418] Term u_coeff_ram.u_macro/wmask0[1] has no pins on routing grid
[WARNING DRT-0418] Term u_coeff_ram.u_macro/dout0[3] has no pins on routing grid
[WARNING DRT-0418] Term u_coeff_ram.u_macro/dout0[4] has no pins on routing grid
[WARNING DRT-0418] Term u_coeff_ram.u_macro/dout0[7] has no pins on routing grid
[WARNING DRT-0418] Term u_coeff_ram.u_macro/dout0[10] has no pins on routing grid
[WARNING DRT-0418] Term u_coeff_ram.u_macro/dout0[11] has no pins on routing grid
[WARNING DRT-0418] Term u_coeff_ram.u_macro/dout0[12] has no pins on routing grid
[INFO DRT-0167] List of default vias:
  Layer via
    default via: M1M2_PR
  Layer via2
    default via: M2M3_PR
  Layer via3
    default via: M3M4_PR
  Layer via4
    default via: M4M5_PR
[INFO DRT-0162] Library cell analysis.
[INFO DRT-0163] Instance analysis.
[INFO DRT-0164] Number of unique instances = 232.
[INFO DRT-0168] Init region query.
[INFO DRT-0024]   Complete FR_MASTERSLICE.
[INFO DRT-0024]   Complete Fr_VIA.
[INFO DRT-0024]   Complete li1.
[INFO DRT-0024]   Complete mcon.
[INFO DRT-0024]   Complete met1.
[INFO DRT-0024]   Complete via.
[INFO DRT-0024]   Complete met2.
[INFO DRT-0024]   Complete via2.
[INFO DRT-0024]   Complete met3.
[INFO DRT-0024]   Complete via3.
[INFO DRT-0024]   Complete met4.
[INFO DRT-0024]   Complete via4.
[INFO DRT-0024]   Complete met5.
[INFO DRT-0033] FR_MASTERSLICE shape region query size = 0.
[INFO DRT-0033] FR_VIA shape region query size = 0.
[INFO DRT-0033] li1 shape region query size = 118759.
[INFO DRT-0033] mcon shape region query size = 65084.
[INFO DRT-0033] met1 shape region query size = 22639.
[INFO DRT-0033] via shape region query size = 12300.
[INFO DRT-0033] met2 shape region query size = 7396.
[INFO DRT-0033] via2 shape region query size = 9840.
[INFO DRT-0033] met3 shape region query size = 7445.
[INFO DRT-0033] via3 shape region query size = 9840.
[INFO DRT-0033] met4 shape region query size = 3124.
[INFO DRT-0033] via4 shape region query size = 528.
[INFO DRT-0033] met5 shape region query size = 606.
[INFO DRT-0165] Start pin access.
[INFO DRT-0076]   Complete 1000 pins.
[INFO DRT-0078]   Complete 1911 pins.
[INFO DRT-0079]   Complete 100 unique inst patterns.
[INFO DRT-0079]   Complete 200 unique inst patterns.
[INFO DRT-0081]   Complete 231 unique inst patterns.
[INFO DRT-0084]   Complete 2853 groups.
#scanned instances     = 6263
#unique  instances     = 232
#stdCellGenAp          = 8897
#stdCellValidPlanarAp  = 105
#stdCellValidViaAp     = 5541
#stdCellPinNoAp        = 10
#stdCellPinCnt         = 13314
#instTermValidViaApCnt = 0
#macroGenAp            = 98
#macroValidPlanarAp    = 81
#macroValidViaAp       = 0
#macroNoAp             = 0
[INFO DRT-0166] Complete pin access.
[INFO DRT-0267] cpu time = 00:03:37, elapsed time = 00:00:24, memory = 274.49 (MB), peak = 273.60 (MB)

[INFO DRT-0157] Number of guides:     28869

[INFO DRT-0169] Post process guides.
[INFO DRT-0176] GCELLGRID X 0 DO 78 STEP 6900 ;
[INFO DRT-0177] GCELLGRID Y 0 DO 78 STEP 6900 ;
[INFO DRT-0028]   Complete FR_MASTERSLICE.
[INFO DRT-0028]   Complete Fr_VIA.
[INFO DRT-0028]   Complete li1.
[INFO DRT-0028]   Complete mcon.
[INFO DRT-0028]   Complete met1.
[INFO DRT-0028]   Complete via.
[INFO DRT-0028]   Complete met2.
[INFO DRT-0028]   Complete via2.
[INFO DRT-0028]   Complete met3.
[INFO DRT-0028]   Complete via3.
[INFO DRT-0028]   Complete met4.
[INFO DRT-0028]   Complete via4.
[INFO DRT-0028]   Complete met5.
[INFO DRT-0178] Init guide query.
[INFO DRT-0035]   Complete FR_MASTERSLICE (guide).
[INFO DRT-0035]   Complete Fr_VIA (guide).
[INFO DRT-0035]   Complete li1 (guide).
[INFO DRT-0035]   Complete mcon (guide).
[INFO DRT-0035]   Complete met1 (guide).
[INFO DRT-0035]   Complete via (guide).
[INFO DRT-0035]   Complete met2 (guide).
[INFO DRT-0035]   Complete via2 (guide).
[INFO DRT-0035]   Complete met3 (guide).
[INFO DRT-0035]   Complete via3 (guide).
[INFO DRT-0035]   Complete met4 (guide).
[INFO DRT-0035]   Complete via4 (guide).
[INFO DRT-0035]   Complete met5 (guide).
[INFO DRT-0036] FR_MASTERSLICE guide region query size = 0.
[INFO DRT-0036] FR_VIA guide region query size = 0.
[INFO DRT-0036] li1 guide region query size = 10325.
[INFO DRT-0036] mcon guide region query size = 0.
[INFO DRT-0036] met1 guide region query size = 8795.
[INFO DRT-0036] via guide region query size = 0.
[INFO DRT-0036] met2 guide region query size = 4010.
[INFO DRT-0036] via2 guide region query size = 0.
[INFO DRT-0036] met3 guide region query size = 160.
[INFO DRT-0036] via3 guide region query size = 0.
[INFO DRT-0036] met4 guide region query size = 79.
[INFO DRT-0036] via4 guide region query size = 0.
[INFO DRT-0036] met5 guide region query size = 3.
[INFO DRT-0179] Init gr pin query.
[INFO DRT-0267] cpu time = 00:00:00, elapsed time = 00:00:00, memory = 282.69 (MB), peak = 281.72 (MB)
[INFO DRT-0245] skipped writing guide updates to database.
[INFO DRT-0181] Start track assignment.
[INFO DRT-0184] Done with 14414 vertical wires in 2 frboxes and 8958 horizontal wires in 2 frboxes.
[INFO DRT-0186] Done with 1271 vertical wires in 2 frboxes and 2422 horizontal wires in 2 frboxes.
[INFO DRT-0182] Complete track assignment.
[INFO DRT-0267] cpu time = 00:00:01, elapsed time = 00:00:00, memory = 344.61 (MB), peak = 355.97 (MB)
[INFO DRT-0187] Start routing data preparation.
[INFO DRT-0267] cpu time = 00:00:00, elapsed time = 00:00:00, memory = 346.14 (MB), peak = 355.97 (MB)
[INFO DRT-0194] Start detail routing.
[INFO DRT-0195] Start 0th optimization iteration.
    Completing 10% with 0 violations.
    elapsed time = 00:00:00, memory = 479.54 (MB).
    Completing 20% with 0 violations.
    elapsed time = 00:00:00, memory = 584.81 (MB).
    Completing 30% with 326 violations.
    elapsed time = 00:00:08, memory = 474.11 (MB).
    Completing 40% with 326 violations.
    elapsed time = 00:00:08, memory = 688.95 (MB).
    Completing 50% with 326 violations.
    elapsed time = 00:00:14, memory = 686.80 (MB).
    Completing 60% with 759 violations.
    elapsed time = 00:00:14, memory = 724.81 (MB).
    Completing 70% with 759 violations.
    elapsed time = 00:00:15, memory = 757.48 (MB).
    Completing 80% with 1041 violations.
    elapsed time = 00:00:19, memory = 776.63 (MB).
    Completing 90% with 1041 violations.
    elapsed time = 00:00:19, memory = 876.15 (MB).
    Completing 100% with 1444 violations.
    elapsed time = 00:00:24, memory = 881.46 (MB).
[INFO DRT-0199]   Number of violations = 1727.
Viol/Layer         li1   mcon   met1    via   met2   met3   met4
Cut Spacing          0      4      0      0      0      0      0
Metal Spacing        0      0    342      0     83      5      9
Min Hole             0      0      3      0      0      0      0
Recheck              1      0    216      0     64      2      0
Short                0      4    944      2     48      0      0
[INFO DRT-0267] cpu time = 00:01:39, elapsed time = 00:00:25, memory = 1189.64 (MB), peak = 1188.48 (MB)
Total wire length = 108556 um.
Total wire length on LAYER li1 = 0 um.
Total wire length on LAYER met1 = 56073 um.
Total wire length on LAYER met2 = 48819 um.
Total wire length on LAYER met3 = 2058 um.
Total wire length on LAYER met4 = 1577 um.
Total wire length on LAYER met5 = 27 um.
Total number of vias = 25822.
Up-via summary (total 25822):

------------------------
 FR_MASTERSLICE        0
            li1    12669
           met1    12843
           met2      209
           met3       97
           met4        4
------------------------
               25822


[INFO DRT-0195] Start 1st optimization iteration.
    Completing 10% with 1727 violations.
    elapsed time = 00:00:00, memory = 1216.06 (MB).
    Completing 20% with 1727 violations.
    elapsed time = 00:00:00, memory = 1263.42 (MB).
    Completing 30% with 1474 violations.
    elapsed time = 00:00:14, memory = 1209.77 (MB).
    Completing 40% with 1474 violations.
    elapsed time = 00:00:14, memory = 1215.88 (MB).
    Completing 50% with 1474 violations.
    elapsed time = 00:00:19, memory = 1227.65 (MB).
    Completing 60% with 1297 violations.
    elapsed time = 00:00:19, memory = 1229.93 (MB).
    Completing 70% with 1297 violations.
    elapsed time = 00:00:21, memory = 1235.09 (MB).
    Completing 80% with 974 violations.
    elapsed time = 00:00:25, memory = 1242.21 (MB).
    Completing 90% with 974 violations.
    elapsed time = 00:00:25, memory = 1242.21 (MB).
    Completing 100% with 806 violations.
    elapsed time = 00:00:29, memory = 1243.68 (MB).
[INFO DRT-0199]   Number of violations = 806.
Viol/Layer        mcon   met1   met2   met3   met4
Cut Spacing          3      0      0      0      0
Metal Spacing        0    155     20      2      7
Short                0    612      7      0      0
[INFO DRT-0267] cpu time = 00:01:47, elapsed time = 00:00:31, memory = 1246.68 (MB), peak = 1271.61 (MB)
Total wire length = 107651 um.
Total wire length on LAYER li1 = 0 um.
Total wire length on LAYER met1 = 55475 um.
Total wire length on LAYER met2 = 48591 um.
Total wire length on LAYER met3 = 2040 um.
Total wire length on LAYER met4 = 1516 um.
Total wire length on LAYER met5 = 28 um.
Total number of vias = 25544.
Up-via summary (total 25544):

------------------------
 FR_MASTERSLICE        0
            li1    12656
           met1    12592
           met2      204
           met3       88
           met4        4
------------------------
               25544


[INFO DRT-0195] Start 2nd optimization iteration.
    Completing 10% with 806 violations.
    elapsed time = 00:00:00, memory = 1246.68 (MB).
    Completing 20% with 806 violations.
    elapsed time = 00:00:00, memory = 1295.50 (MB).
    Completing 30% with 826 violations.
    elapsed time = 00:00:08, memory = 1262.65 (MB).
    Completing 40% with 826 violations.
    elapsed time = 00:00:08, memory = 1262.65 (MB).
    Completing 50% with 826 violations.
    elapsed time = 00:00:19, memory = 1273.64 (MB).
    Completing 60% with 837 violations.
    elapsed time = 00:00:19, memory = 1273.64 (MB).
    Completing 70% with 837 violations.
    elapsed time = 00:00:19, memory = 1273.64 (MB).
    Completing 80% with 805 violations.
    elapsed time = 00:00:22, memory = 1276.94 (MB).
    Completing 90% with 805 violations.
    elapsed time = 00:00:22, memory = 1276.94 (MB).
    Completing 100% with 698 violations.
    elapsed time = 00:00:26, memory = 1278.35 (MB).
[INFO DRT-0199]   Number of violations = 698.
Viol/Layer        mcon   met1   met2   met3   met4
Cut Spacing          2      0      0      0      0
Metal Spacing        0    101     22      1      4
Short                0    554     14      0      0
[INFO DRT-0267] cpu time = 00:01:31, elapsed time = 00:00:26, memory = 1278.35 (MB), peak = 1315.78 (MB)
Total wire length = 107519 um.
Total wire length on LAYER li1 = 0 um.
Total wire length on LAYER met1 = 55300 um.
Total wire length on LAYER met2 = 48611 um.
Total wire length on LAYER met3 = 2050 um.
Total wire length on LAYER met4 = 1529 um.
Total wire length on LAYER met5 = 27 um.
Total number of vias = 25514.
Up-via summary (total 25514):

------------------------
 FR_MASTERSLICE        0
            li1    12651
           met1    12560
           met2      207
           met3       92
           met4        4
------------------------
               25514


[INFO DRT-0195] Start 3rd optimization iteration.
    Completing 10% with 698 violations.
    elapsed time = 00:00:00, memory = 1278.35 (MB).
    Completing 20% with 698 violations.
    elapsed time = 00:00:00, memory = 1314.64 (MB).
    Completing 30% with 531 violations.
    elapsed time = 00:00:15, memory = 1281.99 (MB).
    Completing 40% with 531 violations.
    elapsed time = 00:00:15, memory = 1281.99 (MB).
    Completing 50% with 531 violations.
    elapsed time = 00:00:22, memory = 1281.99 (MB).
    Completing 60% with 275 violations.
    elapsed time = 00:00:22, memory = 1281.99 (MB).
    Completing 70% with 275 violations.
    elapsed time = 00:00:22, memory = 1281.99 (MB).
    Completing 80% with 187 violations.
    elapsed time = 00:00:27, memory = 1290.18 (MB).
    Completing 90% with 187 violations.
    elapsed time = 00:00:27, memory = 1290.18 (MB).
    Completing 100% with 65 violations.
    elapsed time = 00:00:31, memory = 1297.36 (MB).
[INFO DRT-0199]   Number of violations = 65.
Viol/Layer        met1   met2
Metal Spacing       26      6
Short               32      1
[INFO DRT-0267] cpu time = 00:01:07, elapsed time = 00:00:31, memory = 1297.36 (MB), peak = 1343.71 (MB)
Total wire length = 107408 um.
Total wire length on LAYER li1 = 0 um.
Total wire length on LAYER met1 = 53911 um.
Total wire length on LAYER met2 = 48619 um.
Total wire length on LAYER met3 = 3312 um.
Total wire length on LAYER met4 = 1537 um.
Total wire length on LAYER met5 = 27 um.
Total number of vias = 25850.
Up-via summary (total 25850):

------------------------
 FR_MASTERSLICE        0
            li1    12656
           met1    12650
           met2      447
           met3       93
           met4        4
------------------------
               25850


[INFO DRT-0195] Start 4th guides tiles iteration.
    Completing 10% with 65 violations.
    elapsed time = 00:00:00, memory = 1297.36 (MB).
    Completing 20% with 65 violations.
    elapsed time = 00:00:00, memory = 1297.36 (MB).
    Completing 30% with 65 violations.
    elapsed time = 00:00:00, memory = 1297.36 (MB).
    Completing 40% with 65 violations.
    elapsed time = 00:00:01, memory = 1297.36 (MB).
    Completing 50% with 7 violations.
    elapsed time = 00:00:01, memory = 1297.36 (MB).
    Completing 60% with 7 violations.
    elapsed time = 00:00:03, memory = 1297.36 (MB).
    Completing 70% with 5 violations.
    elapsed time = 00:00:03, memory = 1297.36 (MB).
    Completing 80% with 5 violations.
    elapsed time = 00:00:03, memory = 1297.36 (MB).
    Completing 90% with 5 violations.
    elapsed time = 00:00:03, memory = 1297.36 (MB).
    Completing 100% with 0 violations.
    elapsed time = 00:00:03, memory = 1297.36 (MB).
[INFO DRT-0199]   Number of violations = 0.
[INFO DRT-0267] cpu time = 00:00:06, elapsed time = 00:00:03, memory = 1297.36 (MB), peak = 1351.30 (MB)
Total wire length = 107423 um.
Total wire length on LAYER li1 = 0 um.
Total wire length on LAYER met1 = 53909 um.
Total wire length on LAYER met2 = 48624 um.
Total wire length on LAYER met3 = 3311 um.
Total wire length on LAYER met4 = 1549 um.
Total wire length on LAYER met5 = 27 um.
Total number of vias = 25850.
Up-via summary (total 25850):

------------------------
 FR_MASTERSLICE        0
            li1    12654
           met1    12649
           met2      449
           met3       94
           met4        4
------------------------
               25850


[INFO DRT-0198] Complete detail routing.
Total wire length = 107423 um.
Total wire length on LAYER li1 = 0 um.
Total wire length on LAYER met1 = 53909 um.
Total wire length on LAYER met2 = 48624 um.
Total wire length on LAYER met3 = 3311 um.
Total wire length on LAYER met4 = 1549 um.
Total wire length on LAYER met5 = 27 um.
Total number of vias = 25850.
Up-via summary (total 25850):

------------------------
 FR_MASTERSLICE        0
            li1    12654
           met1    12649
           met2      449
           met3       94
           met4        4
------------------------
               25850


[INFO DRT-0267] cpu time = 00:06:12, elapsed time = 00:01:58, memory = 1297.48 (MB), peak = 1351.30 (MB)

[INFO DRT-0180] Post processing.
[INFO DRT-0501] Runtime: 136.44s
Took 143 seconds: detailed_route -output_drc /root/cac_runs/ntt_macro_20ns/reports/sky130hd/cac_ntt_macro_20ns/base/5_route_drc.rpt -output_maze /root/cac_runs/ntt_macro_20ns/results/sky130hd/cac_ntt_macro_20ns/base/maze.log -droute_end_iter 64 -verbose 1 -drc_report_iter_step 5
[INFO GRT-0012] Found 4 antenna violations.
[INFO DPL-0006] Core area: 288635.57 um^2
[INFO DPL-0007] Movable instances area: 0.00 um^2
[INFO DPL-0008] Fixed instances area within core: 141005.19 um^2
[INFO DPL-0009] Utilization: 48.9%
[INFO DPL-0005] Diamond search max displacement: +/- 500 sites horizontally, +/- 100 rows vertically.
[INFO DPL-1102] Legalizing using negotiation legalizer.
[INFO DPL-1103] Negotiation base search window: +/-20 sites horizontally, +/-5 rows vertically 
	Automatic search window extension enabled.
	Search window extendable up to the max displacement cap of +/-500 sites, +/-100 rows near walls.
[INFO DPL-1104] NegotiationLegalizer DRC penalty: 5.
[INFO DPL-0392] Negotiation cell height distribution (2 unique row-count(s)):
[INFO DPL-0393]   height 1 row(s): 6266 cells
[INFO DPL-0393]   height 80 row(s): 1 cells
[INFO DPL-0500] Runtime: 0.02s
[INFO GRT-0015] Inserted 4 diodes.
[INFO DRT-0024]   Complete FR_MASTERSLICE.
[INFO DRT-0024]   Complete Fr_VIA.
[INFO DRT-0024]   Complete li1.
[INFO DRT-0024]   Complete mcon.
[INFO DRT-0024]   Complete met1.
[INFO DRT-0024]   Complete via.
[INFO DRT-0024]   Complete met2.
[INFO DRT-0024]   Complete via2.
[INFO DRT-0024]   Complete met3.
[INFO DRT-0024]   Complete via3.
[INFO DRT-0024]   Complete met4.
[INFO DRT-0024]   Complete via4.
[INFO DRT-0024]   Complete met5.
[INFO DRT-0165] Start pin access.
[INFO DRT-0076]   Complete 1000 pins.
[INFO DRT-0078]   Complete 1911 pins.
[INFO DRT-0079]   Complete 100 unique inst patterns.
[INFO DRT-0079]   Complete 200 unique inst patterns.
[INFO DRT-0081]   Complete 231 unique inst patterns.
[INFO DRT-0084]   Complete 2853 groups.
#scanned instances     = 6267
#unique  instances     = 232
#stdCellGenAp          = 8897
#stdCellValidPlanarAp  = 105
#stdCellValidViaAp     = 5541
#stdCellPinNoAp        = 10
#stdCellPinCnt         = 13314
#instTermValidViaApCnt = 0
#macroGenAp            = 98
#macroValidPlanarAp    = 81
#macroValidViaAp       = 0
#macroNoAp             = 0
[INFO DRT-0166] Complete pin access.
[INFO DRT-0267] cpu time = 00:03:42, elapsed time = 00:00:25, memory = 1149.38 (MB), peak = 1351.30 (MB)

[INFO DRT-0157] Number of guides:     28867

[INFO DRT-0169] Post process guides.
[INFO DRT-0176] GCELLGRID X 0 DO 78 STEP 6900 ;
[INFO DRT-0177] GCELLGRID Y 0 DO 78 STEP 6900 ;
[INFO DRT-0028]   Complete FR_MASTERSLICE.
[INFO DRT-0028]   Complete Fr_VIA.
[INFO DRT-0028]   Complete li1.
[INFO DRT-0028]   Complete mcon.
[INFO DRT-0028]   Complete met1.
[INFO DRT-0028]   Complete via.
[INFO DRT-0028]   Complete met2.
[INFO DRT-0028]   Complete via2.
[INFO DRT-0028]   Complete met3.
[INFO DRT-0028]   Complete via3.
[INFO DRT-0028]   Complete met4.
[INFO DRT-0028]   Complete via4.
[INFO DRT-0028]   Complete met5.
[INFO DRT-0178] Init guide query.
[INFO DRT-0035]   Complete FR_MASTERSLICE (guide).
[INFO DRT-0035]   Complete Fr_VIA (guide).
[INFO DRT-0035]   Complete li1 (guide).
[INFO DRT-0035]   Complete mcon (guide).
[INFO DRT-0035]   Complete met1 (guide).
[INFO DRT-0035]   Complete via (guide).
[INFO DRT-0035]   Complete met2 (guide).
[INFO DRT-0035]   Complete via2 (guide).
[INFO DRT-0035]   Complete met3 (guide).
[INFO DRT-0035]   Complete via3 (guide).
[INFO DRT-0035]   Complete met4 (guide).
[INFO DRT-0035]   Complete via4 (guide).
[INFO DRT-0035]   Complete met5 (guide).
[INFO DRT-0036] FR_MASTERSLICE guide region query size = 0.
[INFO DRT-0036] FR_VIA guide region query size = 0.
[INFO DRT-0036] li1 guide region query size = 10327.
[INFO DRT-0036] mcon guide region query size = 0.
[INFO DRT-0036] met1 guide region query size = 8794.
[INFO DRT-0036] via guide region query size = 0.
[INFO DRT-0036] met2 guide region query size = 4007.
[INFO DRT-0036] via2 guide region query size = 0.
[INFO DRT-0036] met3 guide region query size = 159.
[INFO DRT-0036] via3 guide region query size = 0.
[INFO DRT-0036] met4 guide region query size = 79.
[INFO DRT-0036] via4 guide region query size = 0.
[INFO DRT-0036] met5 guide region query size = 3.
[INFO DRT-0179] Init gr pin query.
[INFO DRT-0267] cpu time = 00:00:00, elapsed time = 00:00:00, memory = 1149.38 (MB), peak = 1351.30 (MB)
[INFO DRT-0245] skipped writing guide updates to database.
[INFO DRT-0181] Start track assignment.
[INFO DRT-0184] Done with 14413 vertical wires in 2 frboxes and 8956 horizontal wires in 2 frboxes.
[INFO DRT-0186] Done with 1286 vertical wires in 2 frboxes and 2423 horizontal wires in 2 frboxes.
[INFO DRT-0182] Complete track assignment.
[INFO DRT-0267] cpu time = 00:00:01, elapsed time = 00:00:00, memory = 1149.38 (MB), peak = 1351.30 (MB)
[INFO DRT-0187] Start routing data preparation.
[INFO DRT-0267] cpu time = 00:00:00, elapsed time = 00:00:00, memory = 1149.38 (MB), peak = 1351.30 (MB)
[INFO DRT-0194] Start detail routing.
[INFO DRT-0195] Start 0th optimization iteration.
    Completing 10% with 0 violations.
    elapsed time = 00:00:00, memory = 1186.09 (MB).
    Completing 20% with 0 violations.
    elapsed time = 00:00:00, memory = 1197.09 (MB).
    Completing 30% with 18 violations.
    elapsed time = 00:00:01, memory = 1164.64 (MB).
    Completing 40% with 18 violations.
    elapsed time = 00:00:01, memory = 1218.81 (MB).
    Completing 50% with 18 violations.
    elapsed time = 00:00:02, memory = 1185.15 (MB).
    Completing 60% with 64 violations.
    elapsed time = 00:00:03, memory = 1185.15 (MB).
    Completing 70% with 64 violations.
    elapsed time = 00:00:03, memory = 1185.15 (MB).
    Completing 80% with 84 violations.
    elapsed time = 00:00:04, memory = 1185.15 (MB).
    Completing 90% with 84 violations.
    elapsed time = 00:00:04, memory = 1199.64 (MB).
    Completing 100% with 156 violations.
    elapsed time = 00:00:05, memory = 1199.64 (MB).
[INFO DRT-0199]   Number of violations = 188.
Viol/Layer        mcon   met1    via   met2
Metal Spacing        0     28      0      1
Recheck              0     27      0      5
Short                3    106      1     17
[INFO DRT-0267] cpu time = 00:00:32, elapsed time = 00:00:05, memory = 1309.02 (MB), peak = 1351.30 (MB)
Total wire length = 107463 um.
Total wire length on LAYER li1 = 0 um.
Total wire length on LAYER met1 = 54098 um.
Total wire length on LAYER met2 = 48603 um.
Total wire length on LAYER met3 = 3184 um.
Total wire length on LAYER met4 = 1549 um.
Total wire length on LAYER met5 = 27 um.
Total number of vias = 25836.
Up-via summary (total 25836):

------------------------
 FR_MASTERSLICE        0
            li1    12663
           met1    12647
           met2      428
           met3       94
           met4        4
------------------------
               25836


[INFO DRT-0195] Start 1st optimization iteration.
    Completing 10% with 188 violations.
    elapsed time = 00:00:00, memory = 1325.35 (MB).
    Completing 20% with 188 violations.
    elapsed time = 00:00:00, memory = 1344.39 (MB).
    Completing 30% with 130 violations.
    elapsed time = 00:00:01, memory = 1309.02 (MB).
    Completing 40% with 130 violations.
    elapsed time = 00:00:01, memory = 1310.98 (MB).
    Completing 50% with 130 violations.
    elapsed time = 00:00:02, memory = 1310.98 (MB).
    Completing 60% with 96 violations.
    elapsed time = 00:00:02, memory = 1315.35 (MB).
    Completing 70% with 96 violations.
    elapsed time = 00:00:03, memory = 1315.35 (MB).
    Completing 80% with 82 violations.
    elapsed time = 00:00:03, memory = 1317.24 (MB).
    Completing 90% with 82 violations.
    elapsed time = 00:00:03, memory = 1317.24 (MB).
    Completing 100% with 60 violations.
    elapsed time = 00:00:04, memory = 1317.24 (MB).
[INFO DRT-0199]   Number of violations = 60.
Viol/Layer        met1   met2
Metal Spacing        4      0
Short               55      1
[INFO DRT-0267] cpu time = 00:00:30, elapsed time = 00:00:04, memory = 1317.24 (MB), peak = 1351.30 (MB)
Total wire length = 107457 um.
Total wire length on LAYER li1 = 0 um.
Total wire length on LAYER met1 = 54100 um.
Total wire length on LAYER met2 = 48596 um.
Total wire length on LAYER met3 = 3184 um.
Total wire length on LAYER met4 = 1549 um.
Total wire length on LAYER met5 = 27 um.
Total number of vias = 25827.
Up-via summary (total 25827):

------------------------
 FR_MASTERSLICE        0
            li1    12659
           met1    12642
           met2      428
           met3       94
           met4        4
------------------------
               25827


[INFO DRT-0195] Start 2nd optimization iteration.
    Completing 10% with 60 violations.
    elapsed time = 00:00:00, memory = 1317.24 (MB).
    Completing 20% with 60 violations.
    elapsed time = 00:00:00, memory = 1317.24 (MB).
    Completing 30% with 57 violations.
    elapsed time = 00:00:00, memory = 1317.24 (MB).
    Completing 40% with 57 violations.
    elapsed time = 00:00:00, memory = 1317.24 (MB).
    Completing 50% with 57 violations.
    elapsed time = 00:00:03, memory = 1317.24 (MB).
    Completing 60% with 54 violations.
    elapsed time = 00:00:03, memory = 1204.99 (MB).
    Completing 70% with 54 violations.
    elapsed time = 00:00:03, memory = 1204.99 (MB).
    Completing 80% with 53 violations.
    elapsed time = 00:00:04, memory = 1204.99 (MB).
    Completing 90% with 53 violations.
    elapsed time = 00:00:04, memory = 1204.99 (MB).
    Completing 100% with 38 violations.
    elapsed time = 00:00:05, memory = 1204.99 (MB).
[INFO DRT-0199]   Number of violations = 38.
Viol/Layer        met1   met2
Metal Spacing        0      5
Short               32      1
[INFO DRT-0267] cpu time = 00:00:09, elapsed time = 00:00:05, memory = 1317.23 (MB), peak = 1351.30 (MB)
Total wire length = 107451 um.
Total wire length on LAYER li1 = 0 um.
Total wire length on LAYER met1 = 54082 um.
Total wire length on LAYER met2 = 48607 um.
Total wire length on LAYER met3 = 3184 um.
Total wire length on LAYER met4 = 1549 um.
Total wire length on LAYER met5 = 27 um.
Total number of vias = 25830.
Up-via summary (total 25830):

------------------------
 FR_MASTERSLICE        0
            li1    12660
           met1    12644
           met2      428
           met3       94
           met4        4
------------------------
               25830


[INFO DRT-0195] Start 3rd guides tiles iteration.
    Completing 10% with 38 violations.
    elapsed time = 00:00:00, memory = 1317.23 (MB).
    Completing 20% with 38 violations.
    elapsed time = 00:00:00, memory = 1317.23 (MB).
    Completing 30% with 38 violations.
    elapsed time = 00:00:00, memory = 1317.23 (MB).
    Completing 40% with 38 violations.
    elapsed time = 00:00:01, memory = 1317.23 (MB).
    Completing 50% with 6 violations.
    elapsed time = 00:00:01, memory = 1317.23 (MB).
    Completing 60% with 6 violations.
    elapsed time = 00:00:01, memory = 1317.23 (MB).
    Completing 70% with 6 violations.
    elapsed time = 00:00:01, memory = 1317.23 (MB).
    Completing 80% with 5 violations.
    elapsed time = 00:00:01, memory = 1317.23 (MB).
    Completing 90% with 5 violations.
    elapsed time = 00:00:01, memory = 1317.23 (MB).
    Completing 100% with 0 violations.
    elapsed time = 00:00:01, memory = 1317.23 (MB).
[INFO DRT-0199]   Number of violations = 0.
[INFO DRT-0267] cpu time = 00:00:03, elapsed time = 00:00:01, memory = 1319.20 (MB), peak = 1351.30 (MB)
Total wire length = 107442 um.
Total wire length on LAYER li1 = 0 um.
Total wire length on LAYER met1 = 53560 um.
Total wire length on LAYER met2 = 48620 um.
Total wire length on LAYER met3 = 3684 um.
Total wire length on LAYER met4 = 1549 um.
Total wire length on LAYER met5 = 27 um.
Total number of vias = 25851.
Up-via summary (total 25851):

------------------------
 FR_MASTERSLICE        0
            li1    12658
           met1    12645
           met2      450
           met3       94
           met4        4
------------------------
               25851


[INFO DRT-0198] Complete detail routing.
Total wire length = 107442 um.
Total wire length on LAYER li1 = 0 um.
Total wire length on LAYER met1 = 53560 um.
Total wire length on LAYER met2 = 48620 um.
Total wire length on LAYER met3 = 3684 um.
Total wire length on LAYER met4 = 1549 um.
Total wire length on LAYER met5 = 27 um.
Total number of vias = 25851.
Up-via summary (total 25851):

------------------------
 FR_MASTERSLICE        0
            li1    12658
           met1    12645
           met2      450
           met3       94
           met4        4
------------------------
               25851


[INFO DRT-0267] cpu time = 00:01:15, elapsed time = 00:00:17, memory = 1319.20 (MB), peak = 1351.30 (MB)

[INFO DRT-0180] Post processing.
[INFO DRT-0501] Runtime: 39.97s
[INFO ANT-0002] Found 0 net violations.
[INFO ANT-0001] Found 0 pin violations.
[INFO ANT-0002] Found 0 net violations.
[INFO ANT-0001] Found 0 pin violations.
Design area 141005 um^2 49% utilization.
write_db /root/cac_runs/ntt_macro_20ns/results/sky130hd/cac_ntt_macro_20ns/base/5_2_route.odb
Elapsed time: 2:58.99[h:]min:sec. CPU time: user 907.05 sys 1.88 (507%). Peak memory: 1383736KB.
Log                       Ext     Elapsed/s Peak Memory/MB sha1sum result [0:20)
5_2_route                 .odb          178           1351 6ca25f2551bf4ff82beb
