
===========================================================================
report_checks -path_delay max (Setup)
============================================================================
======================= nom_tt_025C_1v80 Corner ===================================

Startpoint: _39_ (rising edge-triggered flip-flop clocked by clk)
Endpoint: count[4] (output port clocked by clk)
Path Group: clk
Path Type: max

Fanout         Cap        Slew       Delay        Time   Description
---------------------------------------------------------------------------------------------
                                  0.000000    0.000000   clock clk (rise edge)
                                  0.000000    0.000000   clock source latency
     1    0.010642    0.054292    0.036144    0.036144 ^ clk (in)
                                                         clk (net)
                      0.054294    0.000000    0.036144 ^ clkbuf_0_clk/A (sky130_fd_sc_hd__clkbuf_16)
     2    0.017939    0.040083    0.126688    0.162832 ^ clkbuf_0_clk/X (sky130_fd_sc_hd__clkbuf_16)
                                                         clknet_0_clk (net)
                      0.040094    0.000504    0.163336 ^ clkbuf_1_1__f_clk/A (sky130_fd_sc_hd__clkbuf_16)
     4    0.010475    0.033744    0.114516    0.277851 ^ clkbuf_1_1__f_clk/X (sky130_fd_sc_hd__clkbuf_16)
                                                         clknet_1_1__leaf_clk (net)
                      0.033744    0.000199    0.278050 ^ _39_/CLK (sky130_fd_sc_hd__dfrtp_1)
     5    0.013108    0.125708    0.377670    0.655720 ^ _39_/Q (sky130_fd_sc_hd__dfrtp_1)
                                                         net7 (net)
                      0.125708    0.000219    0.655939 ^ output7/A (sky130_fd_sc_hd__buf_2)
     1    0.034140    0.170007    0.227085    0.883024 ^ output7/X (sky130_fd_sc_hd__buf_2)
                                                         count[4] (net)
                      0.170007    0.000660    0.883684 ^ count[4] (out)
                                              0.883684   data arrival time

                                 20.000000   20.000000   clock clk (rise edge)
                                  0.000000   20.000000   clock network delay (propagated)
                                 -0.250000   19.750002   clock uncertainty
                                  0.000000   19.750002   clock reconvergence pessimism
                                 -4.000000   15.750001   output external delay
                                             15.750001   data required time
---------------------------------------------------------------------------------------------
                                             15.750001   data required time
                                             -0.883684   data arrival time
---------------------------------------------------------------------------------------------
                                             14.866317   slack (MET)


Startpoint: _40_ (rising edge-triggered flip-flop clocked by clk)
Endpoint: count[5] (output port clocked by clk)
Path Group: clk
Path Type: max

Fanout         Cap        Slew       Delay        Time   Description
---------------------------------------------------------------------------------------------
                                  0.000000    0.000000   clock clk (rise edge)
                                  0.000000    0.000000   clock source latency
     1    0.010642    0.054292    0.036144    0.036144 ^ clk (in)
                                                         clk (net)
                      0.054294    0.000000    0.036144 ^ clkbuf_0_clk/A (sky130_fd_sc_hd__clkbuf_16)
     2    0.017939    0.040083    0.126688    0.162832 ^ clkbuf_0_clk/X (sky130_fd_sc_hd__clkbuf_16)
                                                         clknet_0_clk (net)
                      0.040094    0.000504    0.163336 ^ clkbuf_1_1__f_clk/A (sky130_fd_sc_hd__clkbuf_16)
     4    0.010475    0.033744    0.114516    0.277851 ^ clkbuf_1_1__f_clk/X (sky130_fd_sc_hd__clkbuf_16)
                                                         clknet_1_1__leaf_clk (net)
                      0.033744    0.000193    0.278044 ^ _40_/CLK (sky130_fd_sc_hd__dfrtp_1)
     4    0.010797    0.106768    0.363702    0.641746 ^ _40_/Q (sky130_fd_sc_hd__dfrtp_1)
                                                         net8 (net)
                      0.106768    0.000258    0.642004 ^ output8/A (sky130_fd_sc_hd__buf_2)
     1    0.033971    0.169115    0.219892    0.861896 ^ output8/X (sky130_fd_sc_hd__buf_2)
                                                         count[5] (net)
                      0.169115    0.000616    0.862513 ^ count[5] (out)
                                              0.862513   data arrival time

                                 20.000000   20.000000   clock clk (rise edge)
                                  0.000000   20.000000   clock network delay (propagated)
                                 -0.250000   19.750002   clock uncertainty
                                  0.000000   19.750002   clock reconvergence pessimism
                                 -4.000000   15.750001   output external delay
                                             15.750001   data required time
---------------------------------------------------------------------------------------------
                                             15.750001   data required time
                                             -0.862513   data arrival time
---------------------------------------------------------------------------------------------
                                             14.887488   slack (MET)


Startpoint: _45_ (rising edge-triggered flip-flop clocked by clk)
Endpoint: count[2] (output port clocked by clk)
Path Group: clk
Path Type: max

Fanout         Cap        Slew       Delay        Time   Description
---------------------------------------------------------------------------------------------
                                  0.000000    0.000000   clock clk (rise edge)
                                  0.000000    0.000000   clock source latency
     1    0.010642    0.054292    0.036144    0.036144 ^ clk (in)
                                                         clk (net)
                      0.054294    0.000000    0.036144 ^ clkbuf_0_clk/A (sky130_fd_sc_hd__clkbuf_16)
     2    0.017939    0.040083    0.126688    0.162832 ^ clkbuf_0_clk/X (sky130_fd_sc_hd__clkbuf_16)
                                                         clknet_0_clk (net)
                      0.040095    0.000655    0.163487 ^ clkbuf_1_0__f_clk/A (sky130_fd_sc_hd__clkbuf_16)
     4    0.011887    0.034949    0.115861    0.279348 ^ clkbuf_1_0__f_clk/X (sky130_fd_sc_hd__clkbuf_16)
                                                         clknet_1_0__leaf_clk (net)
                      0.034949    0.000243    0.279591 ^ _45_/CLK (sky130_fd_sc_hd__dfrtp_1)
     4    0.010033    0.100528    0.359541    0.639132 ^ _45_/Q (sky130_fd_sc_hd__dfrtp_1)
                                                         net5 (net)
                      0.100528    0.000234    0.639366 ^ output5/A (sky130_fd_sc_hd__buf_2)
     1    0.034061    0.169503    0.217862    0.857228 ^ output5/X (sky130_fd_sc_hd__buf_2)
                                                         count[2] (net)
                      0.169504    0.000656    0.857884 ^ count[2] (out)
                                              0.857884   data arrival time

                                 20.000000   20.000000   clock clk (rise edge)
                                  0.000000   20.000000   clock network delay (propagated)
                                 -0.250000   19.750002   clock uncertainty
                                  0.000000   19.750002   clock reconvergence pessimism
                                 -4.000000   15.750001   output external delay
                                             15.750001   data required time
---------------------------------------------------------------------------------------------
                                             15.750001   data required time
                                             -0.857884   data arrival time
---------------------------------------------------------------------------------------------
                                             14.892118   slack (MET)


Startpoint: _41_ (rising edge-triggered flip-flop clocked by clk)
Endpoint: count[6] (output port clocked by clk)
Path Group: clk
Path Type: max

Fanout         Cap        Slew       Delay        Time   Description
---------------------------------------------------------------------------------------------
                                  0.000000    0.000000   clock clk (rise edge)
                                  0.000000    0.000000   clock source latency
     1    0.010642    0.054292    0.036144    0.036144 ^ clk (in)
                                                         clk (net)
                      0.054294    0.000000    0.036144 ^ clkbuf_0_clk/A (sky130_fd_sc_hd__clkbuf_16)
     2    0.017939    0.040083    0.126688    0.162832 ^ clkbuf_0_clk/X (sky130_fd_sc_hd__clkbuf_16)
                                                         clknet_0_clk (net)
                      0.040094    0.000504    0.163336 ^ clkbuf_1_1__f_clk/A (sky130_fd_sc_hd__clkbuf_16)
     4    0.010475    0.033744    0.114516    0.277851 ^ clkbuf_1_1__f_clk/X (sky130_fd_sc_hd__clkbuf_16)
                                                         clknet_1_1__leaf_clk (net)
                      0.033744    0.000212    0.278063 ^ _41_/CLK (sky130_fd_sc_hd__dfrtp_1)
     3    0.007285    0.060157    0.373772    0.651835 v _41_/Q (sky130_fd_sc_hd__dfrtp_1)
                                                         net9 (net)
                      0.060157    0.000088    0.651923 v output9/A (sky130_fd_sc_hd__buf_2)
     1    0.034221    0.089377    0.186691    0.838613 v output9/X (sky130_fd_sc_hd__buf_2)
                                                         count[6] (net)
                      0.089382    0.000682    0.839295 v count[6] (out)
                                              0.839295   data arrival time

                                 20.000000   20.000000   clock clk (rise edge)
                                  0.000000   20.000000   clock network delay (propagated)
                                 -0.250000   19.750002   clock uncertainty
                                  0.000000   19.750002   clock reconvergence pessimism
                                 -4.000000   15.750001   output external delay
                                             15.750001   data required time
---------------------------------------------------------------------------------------------
                                             15.750001   data required time
                                             -0.839295   data arrival time
---------------------------------------------------------------------------------------------
                                             14.910706   slack (MET)


Startpoint: _38_ (rising edge-triggered flip-flop clocked by clk)
Endpoint: count[3] (output port clocked by clk)
Path Group: clk
Path Type: max

Fanout         Cap        Slew       Delay        Time   Description
---------------------------------------------------------------------------------------------
                                  0.000000    0.000000   clock clk (rise edge)
                                  0.000000    0.000000   clock source latency
     1    0.010642    0.054292    0.036144    0.036144 ^ clk (in)
                                                         clk (net)
                      0.054294    0.000000    0.036144 ^ clkbuf_0_clk/A (sky130_fd_sc_hd__clkbuf_16)
     2    0.017939    0.040083    0.126688    0.162832 ^ clkbuf_0_clk/X (sky130_fd_sc_hd__clkbuf_16)
                                                         clknet_0_clk (net)
                      0.040095    0.000655    0.163487 ^ clkbuf_1_0__f_clk/A (sky130_fd_sc_hd__clkbuf_16)
     4    0.011887    0.034949    0.115861    0.279348 ^ clkbuf_1_0__f_clk/X (sky130_fd_sc_hd__clkbuf_16)
                                                         clknet_1_0__leaf_clk (net)
                      0.034949    0.000218    0.279567 ^ _38_/CLK (sky130_fd_sc_hd__dfrtp_1)
     3    0.006852    0.057917    0.371892    0.651458 v _38_/Q (sky130_fd_sc_hd__dfrtp_1)
                                                         net6 (net)
                      0.057994    0.000172    0.651630 v output6/A (sky130_fd_sc_hd__buf_2)
     1    0.034296    0.089565    0.185794    0.837424 v output6/X (sky130_fd_sc_hd__buf_2)
                                                         count[3] (net)
                      0.089571    0.000753    0.838176 v count[3] (out)
                                              0.838176   data arrival time

                                 20.000000   20.000000   clock clk (rise edge)
                                  0.000000   20.000000   clock network delay (propagated)
                                 -0.250000   19.750002   clock uncertainty
                                  0.000000   19.750002   clock reconvergence pessimism
                                 -4.000000   15.750001   output external delay
                                             15.750001   data required time
---------------------------------------------------------------------------------------------
                                             15.750001   data required time
                                             -0.838176   data arrival time
---------------------------------------------------------------------------------------------
                                             14.911825   slack (MET)


Startpoint: _44_ (rising edge-triggered flip-flop clocked by clk)
Endpoint: count[1] (output port clocked by clk)
Path Group: clk
Path Type: max

Fanout         Cap        Slew       Delay        Time   Description
---------------------------------------------------------------------------------------------
                                  0.000000    0.000000   clock clk (rise edge)
                                  0.000000    0.000000   clock source latency
     1    0.010642    0.054292    0.036144    0.036144 ^ clk (in)
                                                         clk (net)
                      0.054294    0.000000    0.036144 ^ clkbuf_0_clk/A (sky130_fd_sc_hd__clkbuf_16)
     2    0.017939    0.040083    0.126688    0.162832 ^ clkbuf_0_clk/X (sky130_fd_sc_hd__clkbuf_16)
                                                         clknet_0_clk (net)
                      0.040095    0.000655    0.163487 ^ clkbuf_1_0__f_clk/A (sky130_fd_sc_hd__clkbuf_16)
     4    0.011887    0.034949    0.115861    0.279348 ^ clkbuf_1_0__f_clk/X (sky130_fd_sc_hd__clkbuf_16)
                                                         clknet_1_0__leaf_clk (net)
                      0.034949    0.000251    0.279600 ^ _44_/CLK (sky130_fd_sc_hd__dfrtp_1)
     3    0.006476    0.056101    0.369842    0.649442 v _44_/Q (sky130_fd_sc_hd__dfrtp_1)
                                                         net4 (net)
                      0.056101    0.000166    0.649608 v output4/A (sky130_fd_sc_hd__buf_2)
     1    0.034165    0.089262    0.184724    0.834331 v output4/X (sky130_fd_sc_hd__buf_2)
                                                         count[1] (net)
                      0.089267    0.000706    0.835037 v count[1] (out)
                                              0.835037   data arrival time

                                 20.000000   20.000000   clock clk (rise edge)
                                  0.000000   20.000000   clock network delay (propagated)
                                 -0.250000   19.750002   clock uncertainty
                                  0.000000   19.750002   clock reconvergence pessimism
                                 -4.000000   15.750001   output external delay
                                             15.750001   data required time
---------------------------------------------------------------------------------------------
                                             15.750001   data required time
                                             -0.835037   data arrival time
---------------------------------------------------------------------------------------------
                                             14.914964   slack (MET)


Startpoint: _43_ (rising edge-triggered flip-flop clocked by clk)
Endpoint: count[0] (output port clocked by clk)
Path Group: clk
Path Type: max

Fanout         Cap        Slew       Delay        Time   Description
---------------------------------------------------------------------------------------------
                                  0.000000    0.000000   clock clk (rise edge)
                                  0.000000    0.000000   clock source latency
     1    0.010642    0.054292    0.036144    0.036144 ^ clk (in)
                                                         clk (net)
                      0.054294    0.000000    0.036144 ^ clkbuf_0_clk/A (sky130_fd_sc_hd__clkbuf_16)
     2    0.017939    0.040083    0.126688    0.162832 ^ clkbuf_0_clk/X (sky130_fd_sc_hd__clkbuf_16)
                                                         clknet_0_clk (net)
                      0.040095    0.000655    0.163487 ^ clkbuf_1_0__f_clk/A (sky130_fd_sc_hd__clkbuf_16)
     4    0.011887    0.034949    0.115861    0.279348 ^ clkbuf_1_0__f_clk/X (sky130_fd_sc_hd__clkbuf_16)
                                                         clknet_1_0__leaf_clk (net)
                      0.034949    0.000257    0.279605 ^ _43_/CLK (sky130_fd_sc_hd__dfrtp_1)
     3    0.006440    0.055929    0.369650    0.649254 v _43_/Q (sky130_fd_sc_hd__dfrtp_1)
                                                         net3 (net)
                      0.055929    0.000161    0.649415 v output3/A (sky130_fd_sc_hd__buf_2)
     1    0.034246    0.089445    0.184779    0.834194 v output3/X (sky130_fd_sc_hd__buf_2)
                                                         count[0] (net)
                      0.089450    0.000728    0.834922 v count[0] (out)
                                              0.834922   data arrival time

                                 20.000000   20.000000   clock clk (rise edge)
                                  0.000000   20.000000   clock network delay (propagated)
                                 -0.250000   19.750002   clock uncertainty
                                  0.000000   19.750002   clock reconvergence pessimism
                                 -4.000000   15.750001   output external delay
                                             15.750001   data required time
---------------------------------------------------------------------------------------------
                                             15.750001   data required time
                                             -0.834922   data arrival time
---------------------------------------------------------------------------------------------
                                             14.915079   slack (MET)


Startpoint: _42_ (rising edge-triggered flip-flop clocked by clk)
Endpoint: count[7] (output port clocked by clk)
Path Group: clk
Path Type: max

Fanout         Cap        Slew       Delay        Time   Description
---------------------------------------------------------------------------------------------
                                  0.000000    0.000000   clock clk (rise edge)
                                  0.000000    0.000000   clock source latency
     1    0.010642    0.054292    0.036144    0.036144 ^ clk (in)
                                                         clk (net)
                      0.054294    0.000000    0.036144 ^ clkbuf_0_clk/A (sky130_fd_sc_hd__clkbuf_16)
     2    0.017939    0.040083    0.126688    0.162832 ^ clkbuf_0_clk/X (sky130_fd_sc_hd__clkbuf_16)
                                                         clknet_0_clk (net)
                      0.040094    0.000504    0.163336 ^ clkbuf_1_1__f_clk/A (sky130_fd_sc_hd__clkbuf_16)
     4    0.010475    0.033744    0.114516    0.277851 ^ clkbuf_1_1__f_clk/X (sky130_fd_sc_hd__clkbuf_16)
                                                         clknet_1_1__leaf_clk (net)
                      0.033744    0.000187    0.278038 ^ _42_/CLK (sky130_fd_sc_hd__dfrtp_1)
     2    0.004625    0.047568    0.359454    0.637492 v _42_/Q (sky130_fd_sc_hd__dfrtp_1)
                                                         net10 (net)
                      0.047568    0.000123    0.637614 v output10/A (sky130_fd_sc_hd__buf_2)
     1    0.034421    0.089865    0.181421    0.819035 v output10/X (sky130_fd_sc_hd__buf_2)
                                                         count[7] (net)
                      0.089871    0.000746    0.819781 v count[7] (out)
                                              0.819781   data arrival time

                                 20.000000   20.000000   clock clk (rise edge)
                                  0.000000   20.000000   clock network delay (propagated)
                                 -0.250000   19.750002   clock uncertainty
                                  0.000000   19.750002   clock reconvergence pessimism
                                 -4.000000   15.750001   output external delay
                                             15.750001   data required time
---------------------------------------------------------------------------------------------
                                             15.750001   data required time
                                             -0.819781   data arrival time
---------------------------------------------------------------------------------------------
                                             14.930220   slack (MET)


Startpoint: en (input port clocked by clk)
Endpoint: _41_ (rising edge-triggered flip-flop clocked by clk)
Path Group: clk
Path Type: max

Fanout         Cap        Slew       Delay        Time   Description
---------------------------------------------------------------------------------------------
                                  0.000000    0.000000   clock clk (rise edge)
                                  0.000000    0.000000   clock network delay (propagated)
                                  4.000000    4.000000 ^ input external delay
     1    0.002810    0.019776    0.010355    4.010355 ^ en (in)
                                                         en (net)
                      0.019776    0.000000    4.010355 ^ input1/A (sky130_fd_sc_hd__buf_1)
     3    0.010975    0.135718    0.136560    4.146915 ^ input1/X (sky130_fd_sc_hd__buf_1)
                                                         net1 (net)
                      0.135719    0.000322    4.147237 ^ _19_/C (sky130_fd_sc_hd__and3_2)
     7    0.024974    0.140892    0.278564    4.425801 ^ _19_/X (sky130_fd_sc_hd__and3_2)
                                                         _08_ (net)
                      0.140895    0.000874    4.426676 ^ _29_/B (sky130_fd_sc_hd__and4_1)
     2    0.008732    0.103991    0.244045    4.670721 ^ _29_/X (sky130_fd_sc_hd__and4_1)
                                                         _15_ (net)
                      0.103991    0.000140    4.670861 ^ _31_/A_N (sky130_fd_sc_hd__and2b_1)
     1    0.002696    0.033203    0.184433    4.855294 v _31_/X (sky130_fd_sc_hd__and2b_1)
                                                         _03_ (net)
                      0.033218    0.000075    4.855369 v _41_/D (sky130_fd_sc_hd__dfrtp_1)
                                              4.855369   data arrival time

                                 20.000000   20.000000   clock clk (rise edge)
                                  0.000000   20.000000   clock source latency
     1    0.010642    0.054292    0.036144   20.036144 ^ clk (in)
                                                         clk (net)
                      0.054294    0.000000   20.036144 ^ clkbuf_0_clk/A (sky130_fd_sc_hd__clkbuf_16)
     2    0.017939    0.040083    0.126688   20.162832 ^ clkbuf_0_clk/X (sky130_fd_sc_hd__clkbuf_16)
                                                         clknet_0_clk (net)
                      0.040094    0.000504   20.163336 ^ clkbuf_1_1__f_clk/A (sky130_fd_sc_hd__clkbuf_16)
     4    0.010475    0.033744    0.114515   20.277851 ^ clkbuf_1_1__f_clk/X (sky130_fd_sc_hd__clkbuf_16)
                                                         clknet_1_1__leaf_clk (net)
                      0.033744    0.000213   20.278065 ^ _41_/CLK (sky130_fd_sc_hd__dfrtp_1)
                                 -0.250000   20.028065   clock uncertainty
                                  0.000000   20.028065   clock reconvergence pessimism
                                 -0.111705   19.916359   library setup time
                                             19.916359   data required time
---------------------------------------------------------------------------------------------
                                             19.916359   data required time
                                             -4.855369   data arrival time
---------------------------------------------------------------------------------------------
                                             15.060989   slack (MET)


Startpoint: en (input port clocked by clk)
Endpoint: _42_ (rising edge-triggered flip-flop clocked by clk)
Path Group: clk
Path Type: max

Fanout         Cap        Slew       Delay        Time   Description
---------------------------------------------------------------------------------------------
                                  0.000000    0.000000   clock clk (rise edge)
                                  0.000000    0.000000   clock network delay (propagated)
                                  4.000000    4.000000 ^ input external delay
     1    0.002810    0.019776    0.010355    4.010355 ^ en (in)
                                                         en (net)
                      0.019776    0.000000    4.010355 ^ input1/A (sky130_fd_sc_hd__buf_1)
     3    0.010975    0.135718    0.136560    4.146915 ^ input1/X (sky130_fd_sc_hd__buf_1)
                                                         net1 (net)
                      0.135719    0.000322    4.147237 ^ _19_/C (sky130_fd_sc_hd__and3_2)
     7    0.024974    0.140892    0.278564    4.425801 ^ _19_/X (sky130_fd_sc_hd__and3_2)
                                                         _08_ (net)
                      0.140895    0.000874    4.426676 ^ _29_/B (sky130_fd_sc_hd__and4_1)
     2    0.008732    0.103991    0.244045    4.670721 ^ _29_/X (sky130_fd_sc_hd__and4_1)
                                                         _15_ (net)
                      0.103991    0.000209    4.670929 ^ _32_/B (sky130_fd_sc_hd__xor2_1)
     1    0.003590    0.125272    0.158899    4.829828 ^ _32_/X (sky130_fd_sc_hd__xor2_1)
                                                         _04_ (net)
                      0.125272    0.000112    4.829941 ^ _42_/D (sky130_fd_sc_hd__dfrtp_1)
                                              4.829941   data arrival time

                                 20.000000   20.000000   clock clk (rise edge)
                                  0.000000   20.000000   clock source latency
     1    0.010642    0.054292    0.036144   20.036144 ^ clk (in)
                                                         clk (net)
                      0.054294    0.000000   20.036144 ^ clkbuf_0_clk/A (sky130_fd_sc_hd__clkbuf_16)
     2    0.017939    0.040083    0.126688   20.162832 ^ clkbuf_0_clk/X (sky130_fd_sc_hd__clkbuf_16)
                                                         clknet_0_clk (net)
                      0.040094    0.000504   20.163336 ^ clkbuf_1_1__f_clk/A (sky130_fd_sc_hd__clkbuf_16)
     4    0.010475    0.033744    0.114515   20.277851 ^ clkbuf_1_1__f_clk/X (sky130_fd_sc_hd__clkbuf_16)
                                                         clknet_1_1__leaf_clk (net)
                      0.033744    0.000187   20.278038 ^ _42_/CLK (sky130_fd_sc_hd__dfrtp_1)
                                 -0.250000   20.028038   clock uncertainty
                                  0.000000   20.028038   clock reconvergence pessimism
                                 -0.080108   19.947929   library setup time
                                             19.947929   data required time
---------------------------------------------------------------------------------------------
                                             19.947929   data required time
                                             -4.829941   data arrival time
---------------------------------------------------------------------------------------------
                                             15.117990   slack (MET)


Startpoint: en (input port clocked by clk)
Endpoint: _40_ (rising edge-triggered flip-flop clocked by clk)
Path Group: clk
Path Type: max

Fanout         Cap        Slew       Delay        Time   Description
---------------------------------------------------------------------------------------------
                                  0.000000    0.000000   clock clk (rise edge)
                                  0.000000    0.000000   clock network delay (propagated)
                                  4.000000    4.000000 ^ input external delay
     1    0.002810    0.019776    0.010355    4.010355 ^ en (in)
                                                         en (net)
                      0.019776    0.000000    4.010355 ^ input1/A (sky130_fd_sc_hd__buf_1)
     3    0.010975    0.135718    0.136560    4.146915 ^ input1/X (sky130_fd_sc_hd__buf_1)
                                                         net1 (net)
                      0.135719    0.000322    4.147237 ^ _19_/C (sky130_fd_sc_hd__and3_2)
     7    0.024974    0.140892    0.278564    4.425801 ^ _19_/X (sky130_fd_sc_hd__and3_2)
                                                         _08_ (net)
                      0.140892    0.000645    4.426446 ^ _21_/A (sky130_fd_sc_hd__nand2_1)
     3    0.011356    0.095113    0.120143    4.546590 v _21_/Y (sky130_fd_sc_hd__nand2_1)
                                                         _10_ (net)
                      0.095113    0.000134    4.546724 v _28_/A1 (sky130_fd_sc_hd__o21a_1)
     1    0.002233    0.032118    0.193678    4.740402 v _28_/X (sky130_fd_sc_hd__o21a_1)
                                                         _02_ (net)
                      0.032118    0.000064    4.740465 v _40_/D (sky130_fd_sc_hd__dfrtp_1)
                                              4.740465   data arrival time

                                 20.000000   20.000000   clock clk (rise edge)
                                  0.000000   20.000000   clock source latency
     1    0.010642    0.054292    0.036144   20.036144 ^ clk (in)
                                                         clk (net)
                      0.054294    0.000000   20.036144 ^ clkbuf_0_clk/A (sky130_fd_sc_hd__clkbuf_16)
     2    0.017939    0.040083    0.126688   20.162832 ^ clkbuf_0_clk/X (sky130_fd_sc_hd__clkbuf_16)
                                                         clknet_0_clk (net)
                      0.040094    0.000504   20.163336 ^ clkbuf_1_1__f_clk/A (sky130_fd_sc_hd__clkbuf_16)
     4    0.010475    0.033744    0.114515   20.277851 ^ clkbuf_1_1__f_clk/X (sky130_fd_sc_hd__clkbuf_16)
                                                         clknet_1_1__leaf_clk (net)
                      0.033744    0.000194   20.278046 ^ _40_/CLK (sky130_fd_sc_hd__dfrtp_1)
                                 -0.250000   20.028046   clock uncertainty
                                  0.000000   20.028046   clock reconvergence pessimism
                                 -0.111225   19.916821   library setup time
                                             19.916821   data required time
---------------------------------------------------------------------------------------------
                                             19.916821   data required time
                                             -4.740465   data arrival time
---------------------------------------------------------------------------------------------
                                             15.176354   slack (MET)


Startpoint: en (input port clocked by clk)
Endpoint: _38_ (rising edge-triggered flip-flop clocked by clk)
Path Group: clk
Path Type: max

Fanout         Cap        Slew       Delay        Time   Description
---------------------------------------------------------------------------------------------
                                  0.000000    0.000000   clock clk (rise edge)
                                  0.000000    0.000000   clock network delay (propagated)
                                  4.000000    4.000000 v input external delay
     1    0.002634    0.008241    0.004156    4.004156 v en (in)
                                                         en (net)
                      0.008241    0.000000    4.004156 v input1/A (sky130_fd_sc_hd__buf_1)
     3    0.010291    0.066090    0.105892    4.110048 v input1/X (sky130_fd_sc_hd__buf_1)
                                                         net1 (net)
                      0.066090    0.000301    4.110349 v _19_/C (sky130_fd_sc_hd__and3_2)
     7    0.023848    0.084187    0.270846    4.381195 v _19_/X (sky130_fd_sc_hd__and3_2)
                                                         _08_ (net)
                      0.084191    0.000683    4.381878 v _22_/B (sky130_fd_sc_hd__and2_1)
     2    0.006422    0.049974    0.185148    4.567026 v _22_/X (sky130_fd_sc_hd__and2_1)
                                                         _11_ (net)
                      0.049974    0.000147    4.567173 v _23_/A2 (sky130_fd_sc_hd__o21a_1)
     1    0.003063    0.036261    0.165555    4.732728 v _23_/X (sky130_fd_sc_hd__o21a_1)
                                                         _00_ (net)
                      0.036261    0.000088    4.732817 v _38_/D (sky130_fd_sc_hd__dfrtp_1)
                                              4.732817   data arrival time

                                 20.000000   20.000000   clock clk (rise edge)
                                  0.000000   20.000000   clock source latency
     1    0.010642    0.054292    0.036144   20.036144 ^ clk (in)
                                                         clk (net)
                      0.054294    0.000000   20.036144 ^ clkbuf_0_clk/A (sky130_fd_sc_hd__clkbuf_16)
     2    0.017939    0.040083    0.126688   20.162832 ^ clkbuf_0_clk/X (sky130_fd_sc_hd__clkbuf_16)
                                                         clknet_0_clk (net)
                      0.040095    0.000655   20.163488 ^ clkbuf_1_0__f_clk/A (sky130_fd_sc_hd__clkbuf_16)
     4    0.011887    0.034949    0.115861   20.279348 ^ clkbuf_1_0__f_clk/X (sky130_fd_sc_hd__clkbuf_16)
                                                         clknet_1_0__leaf_clk (net)
                      0.034949    0.000218   20.279568 ^ _38_/CLK (sky130_fd_sc_hd__dfrtp_1)
                                 -0.250000   20.029568   clock uncertainty
                                  0.000000   20.029568   clock reconvergence pessimism
                                 -0.112759   19.916811   library setup time
                                             19.916811   data required time
---------------------------------------------------------------------------------------------
                                             19.916811   data required time
                                             -4.732817   data arrival time
---------------------------------------------------------------------------------------------
                                             15.183993   slack (MET)


Startpoint: en (input port clocked by clk)
Endpoint: _39_ (rising edge-triggered flip-flop clocked by clk)
Path Group: clk
Path Type: max

Fanout         Cap        Slew       Delay        Time   Description
---------------------------------------------------------------------------------------------
                                  0.000000    0.000000   clock clk (rise edge)
                                  0.000000    0.000000   clock network delay (propagated)
                                  4.000000    4.000000 ^ input external delay
     1    0.002810    0.019776    0.010355    4.010355 ^ en (in)
                                                         en (net)
                      0.019776    0.000000    4.010355 ^ input1/A (sky130_fd_sc_hd__buf_1)
     3    0.010975    0.135718    0.136560    4.146915 ^ input1/X (sky130_fd_sc_hd__buf_1)
                                                         net1 (net)
                      0.135719    0.000322    4.147237 ^ _19_/C (sky130_fd_sc_hd__and3_2)
     7    0.024974    0.140892    0.278564    4.425801 ^ _19_/X (sky130_fd_sc_hd__and3_2)
                                                         _08_ (net)
                      0.140892    0.000645    4.426446 ^ _21_/A (sky130_fd_sc_hd__nand2_1)
     3    0.011356    0.095113    0.120143    4.546590 v _21_/Y (sky130_fd_sc_hd__nand2_1)
                                                         _10_ (net)
                      0.095113    0.000301    4.546891 v _24_/B (sky130_fd_sc_hd__xnor2_1)
     1    0.002239    0.041837    0.135432    4.682323 v _24_/Y (sky130_fd_sc_hd__xnor2_1)
                                                         _01_ (net)
                      0.041837    0.000044    4.682366 v _39_/D (sky130_fd_sc_hd__dfrtp_1)
                                              4.682366   data arrival time

                                 20.000000   20.000000   clock clk (rise edge)
                                  0.000000   20.000000   clock source latency
     1    0.010642    0.054292    0.036144   20.036144 ^ clk (in)
                                                         clk (net)
                      0.054294    0.000000   20.036144 ^ clkbuf_0_clk/A (sky130_fd_sc_hd__clkbuf_16)
     2    0.017939    0.040083    0.126688   20.162832 ^ clkbuf_0_clk/X (sky130_fd_sc_hd__clkbuf_16)
                                                         clknet_0_clk (net)
                      0.040094    0.000504   20.163336 ^ clkbuf_1_1__f_clk/A (sky130_fd_sc_hd__clkbuf_16)
     4    0.010475    0.033744    0.114515   20.277851 ^ clkbuf_1_1__f_clk/X (sky130_fd_sc_hd__clkbuf_16)
                                                         clknet_1_1__leaf_clk (net)
                      0.033744    0.000199   20.278049 ^ _39_/CLK (sky130_fd_sc_hd__dfrtp_1)
                                 -0.250000   20.028051   clock uncertainty
                                  0.000000   20.028051   clock reconvergence pessimism
                                 -0.115468   19.912582   library setup time
                                             19.912582   data required time
---------------------------------------------------------------------------------------------
                                             19.912582   data required time
                                             -4.682366   data arrival time
---------------------------------------------------------------------------------------------
                                             15.230216   slack (MET)


Startpoint: en (input port clocked by clk)
Endpoint: _45_ (rising edge-triggered flip-flop clocked by clk)
Path Group: clk
Path Type: max

Fanout         Cap        Slew       Delay        Time   Description
---------------------------------------------------------------------------------------------
                                  0.000000    0.000000   clock clk (rise edge)
                                  0.000000    0.000000   clock network delay (propagated)
                                  4.000000    4.000000 ^ input external delay
     1    0.002810    0.019776    0.010355    4.010355 ^ en (in)
                                                         en (net)
                      0.019776    0.000000    4.010355 ^ input1/A (sky130_fd_sc_hd__buf_1)
     3    0.010975    0.135718    0.136560    4.146915 ^ input1/X (sky130_fd_sc_hd__buf_1)
                                                         net1 (net)
                      0.135719    0.000322    4.147237 ^ _19_/C (sky130_fd_sc_hd__and3_2)
     7    0.024974    0.140892    0.278564    4.425801 ^ _19_/X (sky130_fd_sc_hd__and3_2)
                                                         _08_ (net)
                      0.140893    0.000720    4.426521 ^ _22_/B (sky130_fd_sc_hd__and2_1)
     2    0.006910    0.081925    0.169309    4.595830 ^ _22_/X (sky130_fd_sc_hd__and2_1)
                                                         _11_ (net)
                      0.081925    0.000157    4.595988 ^ _37_/A (sky130_fd_sc_hd__nor2_1)
     1    0.003609    0.033871    0.054418    4.650406 v _37_/Y (sky130_fd_sc_hd__nor2_1)
                                                         _07_ (net)
                      0.033871    0.000112    4.650518 v _45_/D (sky130_fd_sc_hd__dfrtp_1)
                                              4.650518   data arrival time

                                 20.000000   20.000000   clock clk (rise edge)
                                  0.000000   20.000000   clock source latency
     1    0.010642    0.054292    0.036144   20.036144 ^ clk (in)
                                                         clk (net)
                      0.054294    0.000000   20.036144 ^ clkbuf_0_clk/A (sky130_fd_sc_hd__clkbuf_16)
     2    0.017939    0.040083    0.126688   20.162832 ^ clkbuf_0_clk/X (sky130_fd_sc_hd__clkbuf_16)
                                                         clknet_0_clk (net)
                      0.040095    0.000655   20.163488 ^ clkbuf_1_0__f_clk/A (sky130_fd_sc_hd__clkbuf_16)
     4    0.011887    0.034949    0.115861   20.279348 ^ clkbuf_1_0__f_clk/X (sky130_fd_sc_hd__clkbuf_16)
                                                         clknet_1_0__leaf_clk (net)
                      0.034949    0.000243   20.279593 ^ _45_/CLK (sky130_fd_sc_hd__dfrtp_1)
                                 -0.250000   20.029593   clock uncertainty
                                  0.000000   20.029593   clock reconvergence pessimism
                                 -0.111715   19.917877   library setup time
                                             19.917877   data required time
---------------------------------------------------------------------------------------------
                                             19.917877   data required time
                                             -4.650518   data arrival time
---------------------------------------------------------------------------------------------
                                             15.267360   slack (MET)


Startpoint: en (input port clocked by clk)
Endpoint: _44_ (rising edge-triggered flip-flop clocked by clk)
Path Group: clk
Path Type: max

Fanout         Cap        Slew       Delay        Time   Description
---------------------------------------------------------------------------------------------
                                  0.000000    0.000000   clock clk (rise edge)
                                  0.000000    0.000000   clock network delay (propagated)
                                  4.000000    4.000000 ^ input external delay
     1    0.002810    0.019776    0.010355    4.010355 ^ en (in)
                                                         en (net)
                      0.019776    0.000000    4.010355 ^ input1/A (sky130_fd_sc_hd__buf_1)
     3    0.010975    0.135718    0.136560    4.146915 ^ input1/X (sky130_fd_sc_hd__buf_1)
                                                         net1 (net)
                      0.135719    0.000322    4.147237 ^ _19_/C (sky130_fd_sc_hd__and3_2)
     7    0.024974    0.140892    0.278564    4.425801 ^ _19_/X (sky130_fd_sc_hd__and3_2)
                                                         _08_ (net)
                      0.140892    0.000616    4.426417 ^ _35_/A (sky130_fd_sc_hd__nor2_1)
     1    0.002414    0.040732    0.062657    4.489074 v _35_/Y (sky130_fd_sc_hd__nor2_1)
                                                         _06_ (net)
                      0.040732    0.000069    4.489143 v _44_/D (sky130_fd_sc_hd__dfrtp_1)
                                              4.489143   data arrival time

                                 20.000000   20.000000   clock clk (rise edge)
                                  0.000000   20.000000   clock source latency
     1    0.010642    0.054292    0.036144   20.036144 ^ clk (in)
                                                         clk (net)
                      0.054294    0.000000   20.036144 ^ clkbuf_0_clk/A (sky130_fd_sc_hd__clkbuf_16)
     2    0.017939    0.040083    0.126688   20.162832 ^ clkbuf_0_clk/X (sky130_fd_sc_hd__clkbuf_16)
                                                         clknet_0_clk (net)
                      0.040095    0.000655   20.163488 ^ clkbuf_1_0__f_clk/A (sky130_fd_sc_hd__clkbuf_16)
     4    0.011887    0.034949    0.115861   20.279348 ^ clkbuf_1_0__f_clk/X (sky130_fd_sc_hd__clkbuf_16)
                                                         clknet_1_0__leaf_clk (net)
                      0.034949    0.000252   20.279600 ^ _44_/CLK (sky130_fd_sc_hd__dfrtp_1)
                                 -0.250000   20.029602   clock uncertainty
                                  0.000000   20.029602   clock reconvergence pessimism
                                 -0.114710   19.914892   library setup time
                                             19.914892   data required time
---------------------------------------------------------------------------------------------
                                             19.914892   data required time
                                             -4.489143   data arrival time
---------------------------------------------------------------------------------------------
                                             15.425748   slack (MET)


Startpoint: en (input port clocked by clk)
Endpoint: _43_ (rising edge-triggered flip-flop clocked by clk)
Path Group: clk
Path Type: max

Fanout         Cap        Slew       Delay        Time   Description
---------------------------------------------------------------------------------------------
                                  0.000000    0.000000   clock clk (rise edge)
                                  0.000000    0.000000   clock network delay (propagated)
                                  4.000000    4.000000 ^ input external delay
     1    0.002810    0.019776    0.010355    4.010355 ^ en (in)
                                                         en (net)
                      0.019776    0.000000    4.010355 ^ input1/A (sky130_fd_sc_hd__buf_1)
     3    0.010975    0.135718    0.136560    4.146915 ^ input1/X (sky130_fd_sc_hd__buf_1)
                                                         net1 (net)
                      0.135719    0.000330    4.147245 ^ _33_/B (sky130_fd_sc_hd__xor2_1)
     1    0.002792    0.111485    0.153293    4.300538 ^ _33_/X (sky130_fd_sc_hd__xor2_1)
                                                         _05_ (net)
                      0.111485    0.000086    4.300623 ^ _43_/D (sky130_fd_sc_hd__dfrtp_1)
                                              4.300623   data arrival time

                                 20.000000   20.000000   clock clk (rise edge)
                                  0.000000   20.000000   clock source latency
     1    0.010642    0.054292    0.036144   20.036144 ^ clk (in)
                                                         clk (net)
                      0.054294    0.000000   20.036144 ^ clkbuf_0_clk/A (sky130_fd_sc_hd__clkbuf_16)
     2    0.017939    0.040083    0.126688   20.162832 ^ clkbuf_0_clk/X (sky130_fd_sc_hd__clkbuf_16)
                                                         clknet_0_clk (net)
                      0.040095    0.000655   20.163488 ^ clkbuf_1_0__f_clk/A (sky130_fd_sc_hd__clkbuf_16)
     4    0.011887    0.034949    0.115861   20.279348 ^ clkbuf_1_0__f_clk/X (sky130_fd_sc_hd__clkbuf_16)
                                                         clknet_1_0__leaf_clk (net)
                      0.034949    0.000258   20.279606 ^ _43_/CLK (sky130_fd_sc_hd__dfrtp_1)
                                 -0.250000   20.029608   clock uncertainty
                                  0.000000   20.029608   clock reconvergence pessimism
                                 -0.076729   19.952877   library setup time
                                             19.952877   data required time
---------------------------------------------------------------------------------------------
                                             19.952877   data required time
                                             -4.300623   data arrival time
---------------------------------------------------------------------------------------------
                                             15.652253   slack (MET)


Startpoint: rst_n (input port clocked by clk)
Endpoint: _40_ (recovery check against rising-edge clock clk)
Path Group: asynchronous
Path Type: max

Fanout         Cap        Slew       Delay        Time   Description
---------------------------------------------------------------------------------------------
                                  0.000000    0.000000   clock clk (rise edge)
                                  0.000000    0.000000   clock network delay (propagated)
                                  4.000000    4.000000 ^ input external delay
     1    0.002450    0.018245    0.009092    4.009092 ^ rst_n (in)
                                                         rst_n (net)
                      0.018245    0.000000    4.009092 ^ input2/A (sky130_fd_sc_hd__buf_2)
     8    0.038057    0.187712    0.200009    4.209101 ^ input2/X (sky130_fd_sc_hd__buf_2)
                                                         net2 (net)
                      0.187718    0.000864    4.209964 ^ _40_/RESET_B (sky130_fd_sc_hd__dfrtp_1)
                                              4.209964   data arrival time

                                 20.000000   20.000000   clock clk (rise edge)
                                  0.000000   20.000000   clock source latency
     1    0.010642    0.054292    0.036144   20.036144 ^ clk (in)
                                                         clk (net)
                      0.054294    0.000000   20.036144 ^ clkbuf_0_clk/A (sky130_fd_sc_hd__clkbuf_16)
     2    0.017939    0.040083    0.126688   20.162832 ^ clkbuf_0_clk/X (sky130_fd_sc_hd__clkbuf_16)
                                                         clknet_0_clk (net)
                      0.040094    0.000504   20.163336 ^ clkbuf_1_1__f_clk/A (sky130_fd_sc_hd__clkbuf_16)
     4    0.010475    0.033744    0.114515   20.277851 ^ clkbuf_1_1__f_clk/X (sky130_fd_sc_hd__clkbuf_16)
                                                         clknet_1_1__leaf_clk (net)
                      0.033744    0.000194   20.278046 ^ _40_/CLK (sky130_fd_sc_hd__dfrtp_1)
                                 -0.250000   20.028046   clock uncertainty
                                  0.000000   20.028046   clock reconvergence pessimism
                                  0.189867   20.217913   library recovery time
                                             20.217913   data required time
---------------------------------------------------------------------------------------------
                                             20.217913   data required time
                                             -4.209964   data arrival time
---------------------------------------------------------------------------------------------
                                             16.007950   slack (MET)


Startpoint: rst_n (input port clocked by clk)
Endpoint: _39_ (recovery check against rising-edge clock clk)
Path Group: asynchronous
Path Type: max

Fanout         Cap        Slew       Delay        Time   Description
---------------------------------------------------------------------------------------------
                                  0.000000    0.000000   clock clk (rise edge)
                                  0.000000    0.000000   clock network delay (propagated)
                                  4.000000    4.000000 ^ input external delay
     1    0.002450    0.018245    0.009092    4.009092 ^ rst_n (in)
                                                         rst_n (net)
                      0.018245    0.000000    4.009092 ^ input2/A (sky130_fd_sc_hd__buf_2)
     8    0.038057    0.187712    0.200009    4.209101 ^ input2/X (sky130_fd_sc_hd__buf_2)
                                                         net2 (net)
                      0.187716    0.000670    4.209771 ^ _39_/RESET_B (sky130_fd_sc_hd__dfrtp_1)
                                              4.209771   data arrival time

                                 20.000000   20.000000   clock clk (rise edge)
                                  0.000000   20.000000   clock source latency
     1    0.010642    0.054292    0.036144   20.036144 ^ clk (in)
                                                         clk (net)
                      0.054294    0.000000   20.036144 ^ clkbuf_0_clk/A (sky130_fd_sc_hd__clkbuf_16)
     2    0.017939    0.040083    0.126688   20.162832 ^ clkbuf_0_clk/X (sky130_fd_sc_hd__clkbuf_16)
                                                         clknet_0_clk (net)
                      0.040094    0.000504   20.163336 ^ clkbuf_1_1__f_clk/A (sky130_fd_sc_hd__clkbuf_16)
     4    0.010475    0.033744    0.114515   20.277851 ^ clkbuf_1_1__f_clk/X (sky130_fd_sc_hd__clkbuf_16)
                                                         clknet_1_1__leaf_clk (net)
                      0.033744    0.000199   20.278049 ^ _39_/CLK (sky130_fd_sc_hd__dfrtp_1)
                                 -0.250000   20.028051   clock uncertainty
                                  0.000000   20.028051   clock reconvergence pessimism
                                  0.189868   20.217918   library recovery time
                                             20.217918   data required time
---------------------------------------------------------------------------------------------
                                             20.217918   data required time
                                             -4.209771   data arrival time
---------------------------------------------------------------------------------------------
                                             16.008148   slack (MET)


Startpoint: rst_n (input port clocked by clk)
Endpoint: _41_ (recovery check against rising-edge clock clk)
Path Group: asynchronous
Path Type: max

Fanout         Cap        Slew       Delay        Time   Description
---------------------------------------------------------------------------------------------
                                  0.000000    0.000000   clock clk (rise edge)
                                  0.000000    0.000000   clock network delay (propagated)
                                  4.000000    4.000000 ^ input external delay
     1    0.002450    0.018245    0.009092    4.009092 ^ rst_n (in)
                                                         rst_n (net)
                      0.018245    0.000000    4.009092 ^ input2/A (sky130_fd_sc_hd__buf_2)
     8    0.038057    0.187712    0.200009    4.209101 ^ input2/X (sky130_fd_sc_hd__buf_2)
                                                         net2 (net)
                      0.187714    0.000531    4.209632 ^ _41_/RESET_B (sky130_fd_sc_hd__dfrtp_1)
                                              4.209632   data arrival time

                                 20.000000   20.000000   clock clk (rise edge)
                                  0.000000   20.000000   clock source latency
     1    0.010642    0.054292    0.036144   20.036144 ^ clk (in)
                                                         clk (net)
                      0.054294    0.000000   20.036144 ^ clkbuf_0_clk/A (sky130_fd_sc_hd__clkbuf_16)
     2    0.017939    0.040083    0.126688   20.162832 ^ clkbuf_0_clk/X (sky130_fd_sc_hd__clkbuf_16)
                                                         clknet_0_clk (net)
                      0.040094    0.000504   20.163336 ^ clkbuf_1_1__f_clk/A (sky130_fd_sc_hd__clkbuf_16)
     4    0.010475    0.033744    0.114515   20.277851 ^ clkbuf_1_1__f_clk/X (sky130_fd_sc_hd__clkbuf_16)
                                                         clknet_1_1__leaf_clk (net)
                      0.033744    0.000213   20.278065 ^ _41_/CLK (sky130_fd_sc_hd__dfrtp_1)
                                 -0.250000   20.028065   clock uncertainty
                                  0.000000   20.028065   clock reconvergence pessimism
                                  0.189868   20.217934   library recovery time
                                             20.217934   data required time
---------------------------------------------------------------------------------------------
                                             20.217934   data required time
                                             -4.209632   data arrival time
---------------------------------------------------------------------------------------------
                                             16.008301   slack (MET)


Startpoint: rst_n (input port clocked by clk)
Endpoint: _42_ (recovery check against rising-edge clock clk)
Path Group: asynchronous
Path Type: max

Fanout         Cap        Slew       Delay        Time   Description
---------------------------------------------------------------------------------------------
                                  0.000000    0.000000   clock clk (rise edge)
                                  0.000000    0.000000   clock network delay (propagated)
                                  4.000000    4.000000 ^ input external delay
     1    0.002450    0.018245    0.009092    4.009092 ^ rst_n (in)
                                                         rst_n (net)
                      0.018245    0.000000    4.009092 ^ input2/A (sky130_fd_sc_hd__buf_2)
     8    0.038057    0.187712    0.200009    4.209101 ^ input2/X (sky130_fd_sc_hd__buf_2)
                                                         net2 (net)
                      0.187714    0.000502    4.209602 ^ _42_/RESET_B (sky130_fd_sc_hd__dfrtp_1)
                                              4.209602   data arrival time

                                 20.000000   20.000000   clock clk (rise edge)
                                  0.000000   20.000000   clock source latency
     1    0.010642    0.054292    0.036144   20.036144 ^ clk (in)
                                                         clk (net)
                      0.054294    0.000000   20.036144 ^ clkbuf_0_clk/A (sky130_fd_sc_hd__clkbuf_16)
     2    0.017939    0.040083    0.126688   20.162832 ^ clkbuf_0_clk/X (sky130_fd_sc_hd__clkbuf_16)
                                                         clknet_0_clk (net)
                      0.040094    0.000504   20.163336 ^ clkbuf_1_1__f_clk/A (sky130_fd_sc_hd__clkbuf_16)
     4    0.010475    0.033744    0.114515   20.277851 ^ clkbuf_1_1__f_clk/X (sky130_fd_sc_hd__clkbuf_16)
                                                         clknet_1_1__leaf_clk (net)
                      0.033744    0.000187   20.278038 ^ _42_/CLK (sky130_fd_sc_hd__dfrtp_1)
                                 -0.250000   20.028038   clock uncertainty
                                  0.000000   20.028038   clock reconvergence pessimism
                                  0.189868   20.217907   library recovery time
                                             20.217907   data required time
---------------------------------------------------------------------------------------------
                                             20.217907   data required time
                                             -4.209602   data arrival time
---------------------------------------------------------------------------------------------
                                             16.008305   slack (MET)


Startpoint: rst_n (input port clocked by clk)
Endpoint: _43_ (recovery check against rising-edge clock clk)
Path Group: asynchronous
Path Type: max

Fanout         Cap        Slew       Delay        Time   Description
---------------------------------------------------------------------------------------------
                                  0.000000    0.000000   clock clk (rise edge)
                                  0.000000    0.000000   clock network delay (propagated)
                                  4.000000    4.000000 ^ input external delay
     1    0.002450    0.018245    0.009092    4.009092 ^ rst_n (in)
                                                         rst_n (net)
                      0.018245    0.000000    4.009092 ^ input2/A (sky130_fd_sc_hd__buf_2)
     8    0.038057    0.187712    0.200009    4.209101 ^ input2/X (sky130_fd_sc_hd__buf_2)
                                                         net2 (net)
                      0.187728    0.001431    4.210532 ^ _43_/RESET_B (sky130_fd_sc_hd__dfrtp_1)
                                              4.210532   data arrival time

                                 20.000000   20.000000   clock clk (rise edge)
                                  0.000000   20.000000   clock source latency
     1    0.010642    0.054292    0.036144   20.036144 ^ clk (in)
                                                         clk (net)
                      0.054294    0.000000   20.036144 ^ clkbuf_0_clk/A (sky130_fd_sc_hd__clkbuf_16)
     2    0.017939    0.040083    0.126688   20.162832 ^ clkbuf_0_clk/X (sky130_fd_sc_hd__clkbuf_16)
                                                         clknet_0_clk (net)
                      0.040095    0.000655   20.163488 ^ clkbuf_1_0__f_clk/A (sky130_fd_sc_hd__clkbuf_16)
     4    0.011887    0.034949    0.115861   20.279348 ^ clkbuf_1_0__f_clk/X (sky130_fd_sc_hd__clkbuf_16)
                                                         clknet_1_0__leaf_clk (net)
                      0.034949    0.000258   20.279606 ^ _43_/CLK (sky130_fd_sc_hd__dfrtp_1)
                                 -0.250000   20.029608   clock uncertainty
                                  0.000000   20.029608   clock reconvergence pessimism
                                  0.190241   20.219849   library recovery time
                                             20.219849   data required time
---------------------------------------------------------------------------------------------
                                             20.219849   data required time
                                             -4.210532   data arrival time
---------------------------------------------------------------------------------------------
                                             16.009317   slack (MET)


Startpoint: rst_n (input port clocked by clk)
Endpoint: _44_ (recovery check against rising-edge clock clk)
Path Group: asynchronous
Path Type: max

Fanout         Cap        Slew       Delay        Time   Description
---------------------------------------------------------------------------------------------
                                  0.000000    0.000000   clock clk (rise edge)
                                  0.000000    0.000000   clock network delay (propagated)
                                  4.000000    4.000000 ^ input external delay
     1    0.002450    0.018245    0.009092    4.009092 ^ rst_n (in)
                                                         rst_n (net)
                      0.018245    0.000000    4.009092 ^ input2/A (sky130_fd_sc_hd__buf_2)
     8    0.038057    0.187712    0.200009    4.209101 ^ input2/X (sky130_fd_sc_hd__buf_2)
                                                         net2 (net)
                      0.187728    0.001418    4.210519 ^ _44_/RESET_B (sky130_fd_sc_hd__dfrtp_1)
                                              4.210519   data arrival time

                                 20.000000   20.000000   clock clk (rise edge)
                                  0.000000   20.000000   clock source latency
     1    0.010642    0.054292    0.036144   20.036144 ^ clk (in)
                                                         clk (net)
                      0.054294    0.000000   20.036144 ^ clkbuf_0_clk/A (sky130_fd_sc_hd__clkbuf_16)
     2    0.017939    0.040083    0.126688   20.162832 ^ clkbuf_0_clk/X (sky130_fd_sc_hd__clkbuf_16)
                                                         clknet_0_clk (net)
                      0.040095    0.000655   20.163488 ^ clkbuf_1_0__f_clk/A (sky130_fd_sc_hd__clkbuf_16)
     4    0.011887    0.034949    0.115861   20.279348 ^ clkbuf_1_0__f_clk/X (sky130_fd_sc_hd__clkbuf_16)
                                                         clknet_1_0__leaf_clk (net)
                      0.034949    0.000252   20.279600 ^ _44_/CLK (sky130_fd_sc_hd__dfrtp_1)
                                 -0.250000   20.029602   clock uncertainty
                                  0.000000   20.029602   clock reconvergence pessimism
                                  0.190241   20.219843   library recovery time
                                             20.219843   data required time
---------------------------------------------------------------------------------------------
                                             20.219843   data required time
                                             -4.210519   data arrival time
---------------------------------------------------------------------------------------------
                                             16.009325   slack (MET)


Startpoint: rst_n (input port clocked by clk)
Endpoint: _38_ (recovery check against rising-edge clock clk)
Path Group: asynchronous
Path Type: max

Fanout         Cap        Slew       Delay        Time   Description
---------------------------------------------------------------------------------------------
                                  0.000000    0.000000   clock clk (rise edge)
                                  0.000000    0.000000   clock network delay (propagated)
                                  4.000000    4.000000 ^ input external delay
     1    0.002450    0.018245    0.009092    4.009092 ^ rst_n (in)
                                                         rst_n (net)
                      0.018245    0.000000    4.009092 ^ input2/A (sky130_fd_sc_hd__buf_2)
     8    0.038057    0.187712    0.200009    4.209101 ^ input2/X (sky130_fd_sc_hd__buf_2)
                                                         net2 (net)
                      0.187725    0.001288    4.210389 ^ _38_/RESET_B (sky130_fd_sc_hd__dfrtp_1)
                                              4.210389   data arrival time

                                 20.000000   20.000000   clock clk (rise edge)
                                  0.000000   20.000000   clock source latency
     1    0.010642    0.054292    0.036144   20.036144 ^ clk (in)
                                                         clk (net)
                      0.054294    0.000000   20.036144 ^ clkbuf_0_clk/A (sky130_fd_sc_hd__clkbuf_16)
     2    0.017939    0.040083    0.126688   20.162832 ^ clkbuf_0_clk/X (sky130_fd_sc_hd__clkbuf_16)
                                                         clknet_0_clk (net)
                      0.040095    0.000655   20.163488 ^ clkbuf_1_0__f_clk/A (sky130_fd_sc_hd__clkbuf_16)
     4    0.011887    0.034949    0.115861   20.279348 ^ clkbuf_1_0__f_clk/X (sky130_fd_sc_hd__clkbuf_16)
                                                         clknet_1_0__leaf_clk (net)
                      0.034949    0.000218   20.279568 ^ _38_/CLK (sky130_fd_sc_hd__dfrtp_1)
                                 -0.250000   20.029568   clock uncertainty
                                  0.000000   20.029568   clock reconvergence pessimism
                                  0.190242   20.219810   library recovery time
                                             20.219810   data required time
---------------------------------------------------------------------------------------------
                                             20.219810   data required time
                                             -4.210389   data arrival time
---------------------------------------------------------------------------------------------
                                             16.009422   slack (MET)


Startpoint: rst_n (input port clocked by clk)
Endpoint: _45_ (recovery check against rising-edge clock clk)
Path Group: asynchronous
Path Type: max

Fanout         Cap        Slew       Delay        Time   Description
---------------------------------------------------------------------------------------------
                                  0.000000    0.000000   clock clk (rise edge)
                                  0.000000    0.000000   clock network delay (propagated)
                                  4.000000    4.000000 ^ input external delay
     1    0.002450    0.018245    0.009092    4.009092 ^ rst_n (in)
                                                         rst_n (net)
                      0.018245    0.000000    4.009092 ^ input2/A (sky130_fd_sc_hd__buf_2)
     8    0.038057    0.187712    0.200009    4.209101 ^ input2/X (sky130_fd_sc_hd__buf_2)
                                                         net2 (net)
                      0.187725    0.001287    4.210388 ^ _45_/RESET_B (sky130_fd_sc_hd__dfrtp_1)
                                              4.210388   data arrival time

                                 20.000000   20.000000   clock clk (rise edge)
                                  0.000000   20.000000   clock source latency
     1    0.010642    0.054292    0.036144   20.036144 ^ clk (in)
                                                         clk (net)
                      0.054294    0.000000   20.036144 ^ clkbuf_0_clk/A (sky130_fd_sc_hd__clkbuf_16)
     2    0.017939    0.040083    0.126688   20.162832 ^ clkbuf_0_clk/X (sky130_fd_sc_hd__clkbuf_16)
                                                         clknet_0_clk (net)
                      0.040095    0.000655   20.163488 ^ clkbuf_1_0__f_clk/A (sky130_fd_sc_hd__clkbuf_16)
     4    0.011887    0.034949    0.115861   20.279348 ^ clkbuf_1_0__f_clk/X (sky130_fd_sc_hd__clkbuf_16)
                                                         clknet_1_0__leaf_clk (net)
                      0.034949    0.000243   20.279593 ^ _45_/CLK (sky130_fd_sc_hd__dfrtp_1)
                                 -0.250000   20.029593   clock uncertainty
                                  0.000000   20.029593   clock reconvergence pessimism
                                  0.190242   20.219835   library recovery time
                                             20.219835   data required time
---------------------------------------------------------------------------------------------
                                             20.219835   data required time
                                             -4.210388   data arrival time
---------------------------------------------------------------------------------------------
                                             16.009447   slack (MET)



