
===========================================================================
report_checks -path_delay min (Hold)
============================================================================
======================= nom_tt_025C_1v80 Corner ===================================

Startpoint: _41_ (rising edge-triggered flip-flop clocked by clk)
Endpoint: _41_ (rising edge-triggered flip-flop clocked by clk)
Path Group: clk
Path Type: min

Fanout         Cap        Slew       Delay        Time   Description
---------------------------------------------------------------------------------------------
                                  0.000000    0.000000   clock clk (rise edge)
                                  0.000000    0.000000   clock source latency
     1    0.010642    0.054292    0.036144    0.036144 ^ clk (in)
                                                         clk (net)
                      0.054294    0.000000    0.036144 ^ clkbuf_0_clk/A (sky130_fd_sc_hd__clkbuf_16)
     2    0.017939    0.040083    0.126688    0.162832 ^ clkbuf_0_clk/X (sky130_fd_sc_hd__clkbuf_16)
                                                         clknet_0_clk (net)
                      0.040094    0.000504    0.163336 ^ clkbuf_1_1__f_clk/A (sky130_fd_sc_hd__clkbuf_16)
     4    0.010475    0.033744    0.114516    0.277851 ^ clkbuf_1_1__f_clk/X (sky130_fd_sc_hd__clkbuf_16)
                                                         clknet_1_1__leaf_clk (net)
                      0.033744    0.000212    0.278063 ^ _41_/CLK (sky130_fd_sc_hd__dfrtp_1)
     3    0.007816    0.083869    0.344621    0.622684 ^ _41_/Q (sky130_fd_sc_hd__dfrtp_1)
                                                         net9 (net)
                      0.083869    0.000191    0.622876 ^ _30_/B1 (sky130_fd_sc_hd__a31o_1)
     1    0.001863    0.033615    0.091919    0.714795 ^ _30_/X (sky130_fd_sc_hd__a31o_1)
                                                         _16_ (net)
                      0.033615    0.000035    0.714830 ^ _31_/B (sky130_fd_sc_hd__and2b_1)
     1    0.002753    0.040945    0.109074    0.823904 ^ _31_/X (sky130_fd_sc_hd__and2b_1)
                                                         _03_ (net)
                      0.040945    0.000077    0.823981 ^ _41_/D (sky130_fd_sc_hd__dfrtp_1)
                                              0.823981   data arrival time

                                  0.000000    0.000000   clock clk (rise edge)
                                  0.000000    0.000000   clock source latency
     1    0.010642    0.054292    0.036144    0.036144 ^ clk (in)
                                                         clk (net)
                      0.054294    0.000000    0.036144 ^ clkbuf_0_clk/A (sky130_fd_sc_hd__clkbuf_16)
     2    0.017939    0.040083    0.126688    0.162832 ^ clkbuf_0_clk/X (sky130_fd_sc_hd__clkbuf_16)
                                                         clknet_0_clk (net)
                      0.040094    0.000504    0.163336 ^ clkbuf_1_1__f_clk/A (sky130_fd_sc_hd__clkbuf_16)
     4    0.010475    0.033744    0.114516    0.277851 ^ clkbuf_1_1__f_clk/X (sky130_fd_sc_hd__clkbuf_16)
                                                         clknet_1_1__leaf_clk (net)
                      0.033744    0.000212    0.278063 ^ _41_/CLK (sky130_fd_sc_hd__dfrtp_1)
                                  0.250000    0.528063   clock uncertainty
                                  0.000000    0.528063   clock reconvergence pessimism
                                 -0.035451    0.492612   library hold time
                                              0.492612   data required time
---------------------------------------------------------------------------------------------
                                              0.492612   data required time
                                             -0.823981   data arrival time
---------------------------------------------------------------------------------------------
                                              0.331369   slack (MET)


Startpoint: _40_ (rising edge-triggered flip-flop clocked by clk)
Endpoint: _40_ (rising edge-triggered flip-flop clocked by clk)
Path Group: clk
Path Type: min

Fanout         Cap        Slew       Delay        Time   Description
---------------------------------------------------------------------------------------------
                                  0.000000    0.000000   clock clk (rise edge)
                                  0.000000    0.000000   clock source latency
     1    0.010642    0.054292    0.036144    0.036144 ^ clk (in)
                                                         clk (net)
                      0.054294    0.000000    0.036144 ^ clkbuf_0_clk/A (sky130_fd_sc_hd__clkbuf_16)
     2    0.017939    0.040083    0.126688    0.162832 ^ clkbuf_0_clk/X (sky130_fd_sc_hd__clkbuf_16)
                                                         clknet_0_clk (net)
                      0.040094    0.000504    0.163336 ^ clkbuf_1_1__f_clk/A (sky130_fd_sc_hd__clkbuf_16)
     4    0.010475    0.033744    0.114516    0.277851 ^ clkbuf_1_1__f_clk/X (sky130_fd_sc_hd__clkbuf_16)
                                                         clknet_1_1__leaf_clk (net)
                      0.033744    0.000193    0.278044 ^ _40_/CLK (sky130_fd_sc_hd__dfrtp_1)
     4    0.009962    0.070653    0.387373    0.665417 v _40_/Q (sky130_fd_sc_hd__dfrtp_1)
                                                         net8 (net)
                      0.070653    0.000226    0.665643 v _27_/B (sky130_fd_sc_hd__nand2_1)
     1    0.003630    0.048537    0.077838    0.743481 ^ _27_/Y (sky130_fd_sc_hd__nand2_1)
                                                         _14_ (net)
                      0.048537    0.000081    0.743562 ^ _28_/A2 (sky130_fd_sc_hd__o21a_1)
     1    0.002290    0.035267    0.096579    0.840140 ^ _28_/X (sky130_fd_sc_hd__o21a_1)
                                                         _02_ (net)
                      0.035268    0.000065    0.840205 ^ _40_/D (sky130_fd_sc_hd__dfrtp_1)
                                              0.840205   data arrival time

                                  0.000000    0.000000   clock clk (rise edge)
                                  0.000000    0.000000   clock source latency
     1    0.010642    0.054292    0.036144    0.036144 ^ clk (in)
                                                         clk (net)
                      0.054294    0.000000    0.036144 ^ clkbuf_0_clk/A (sky130_fd_sc_hd__clkbuf_16)
     2    0.017939    0.040083    0.126688    0.162832 ^ clkbuf_0_clk/X (sky130_fd_sc_hd__clkbuf_16)
                                                         clknet_0_clk (net)
                      0.040094    0.000504    0.163336 ^ clkbuf_1_1__f_clk/A (sky130_fd_sc_hd__clkbuf_16)
     4    0.010475    0.033744    0.114516    0.277851 ^ clkbuf_1_1__f_clk/X (sky130_fd_sc_hd__clkbuf_16)
                                                         clknet_1_1__leaf_clk (net)
                      0.033744    0.000193    0.278044 ^ _40_/CLK (sky130_fd_sc_hd__dfrtp_1)
                                  0.250000    0.528044   clock uncertainty
                                  0.000000    0.528044   clock reconvergence pessimism
                                 -0.034260    0.493784   library hold time
                                              0.493784   data required time
---------------------------------------------------------------------------------------------
                                              0.493784   data required time
                                             -0.840205   data arrival time
---------------------------------------------------------------------------------------------
                                              0.346421   slack (MET)


Startpoint: _45_ (rising edge-triggered flip-flop clocked by clk)
Endpoint: _45_ (rising edge-triggered flip-flop clocked by clk)
Path Group: clk
Path Type: min

Fanout         Cap        Slew       Delay        Time   Description
---------------------------------------------------------------------------------------------
                                  0.000000    0.000000   clock clk (rise edge)
                                  0.000000    0.000000   clock source latency
     1    0.010642    0.054292    0.036144    0.036144 ^ clk (in)
                                                         clk (net)
                      0.054294    0.000000    0.036144 ^ clkbuf_0_clk/A (sky130_fd_sc_hd__clkbuf_16)
     2    0.017939    0.040083    0.126688    0.162832 ^ clkbuf_0_clk/X (sky130_fd_sc_hd__clkbuf_16)
                                                         clknet_0_clk (net)
                      0.040095    0.000655    0.163487 ^ clkbuf_1_0__f_clk/A (sky130_fd_sc_hd__clkbuf_16)
     4    0.011887    0.034949    0.115861    0.279348 ^ clkbuf_1_0__f_clk/X (sky130_fd_sc_hd__clkbuf_16)
                                                         clknet_1_0__leaf_clk (net)
                      0.034949    0.000243    0.279591 ^ _45_/CLK (sky130_fd_sc_hd__dfrtp_1)
     4    0.010033    0.100528    0.359541    0.639132 ^ _45_/Q (sky130_fd_sc_hd__dfrtp_1)
                                                         net5 (net)
                      0.100528    0.000216    0.639349 ^ _22_/A (sky130_fd_sc_hd__and2_1)
     2    0.006910    0.081669    0.157503    0.796851 ^ _22_/X (sky130_fd_sc_hd__and2_1)
                                                         _11_ (net)
                      0.081669    0.000157    0.797009 ^ _37_/A (sky130_fd_sc_hd__nor2_1)
     1    0.003609    0.029697    0.054344    0.851352 v _37_/Y (sky130_fd_sc_hd__nor2_1)
                                                         _07_ (net)
                      0.029697    0.000112    0.851464 v _45_/D (sky130_fd_sc_hd__dfrtp_1)
                                              0.851464   data arrival time

                                  0.000000    0.000000   clock clk (rise edge)
                                  0.000000    0.000000   clock source latency
     1    0.010642    0.054292    0.036144    0.036144 ^ clk (in)
                                                         clk (net)
                      0.054294    0.000000    0.036144 ^ clkbuf_0_clk/A (sky130_fd_sc_hd__clkbuf_16)
     2    0.017939    0.040083    0.126688    0.162832 ^ clkbuf_0_clk/X (sky130_fd_sc_hd__clkbuf_16)
                                                         clknet_0_clk (net)
                      0.040095    0.000655    0.163487 ^ clkbuf_1_0__f_clk/A (sky130_fd_sc_hd__clkbuf_16)
     4    0.011887    0.034949    0.115861    0.279348 ^ clkbuf_1_0__f_clk/X (sky130_fd_sc_hd__clkbuf_16)
                                                         clknet_1_0__leaf_clk (net)
                      0.034949    0.000243    0.279591 ^ _45_/CLK (sky130_fd_sc_hd__dfrtp_1)
                                  0.250000    0.529591   clock uncertainty
                                  0.000000    0.529591   clock reconvergence pessimism
                                 -0.041837    0.487754   library hold time
                                              0.487754   data required time
---------------------------------------------------------------------------------------------
                                              0.487754   data required time
                                             -0.851464   data arrival time
---------------------------------------------------------------------------------------------
                                              0.363711   slack (MET)


Startpoint: _45_ (rising edge-triggered flip-flop clocked by clk)
Endpoint: _38_ (rising edge-triggered flip-flop clocked by clk)
Path Group: clk
Path Type: min

Fanout         Cap        Slew       Delay        Time   Description
---------------------------------------------------------------------------------------------
                                  0.000000    0.000000   clock clk (rise edge)
                                  0.000000    0.000000   clock source latency
     1    0.010642    0.054292    0.036144    0.036144 ^ clk (in)
                                                         clk (net)
                      0.054294    0.000000    0.036144 ^ clkbuf_0_clk/A (sky130_fd_sc_hd__clkbuf_16)
     2    0.017939    0.040083    0.126688    0.162832 ^ clkbuf_0_clk/X (sky130_fd_sc_hd__clkbuf_16)
                                                         clknet_0_clk (net)
                      0.040095    0.000655    0.163487 ^ clkbuf_1_0__f_clk/A (sky130_fd_sc_hd__clkbuf_16)
     4    0.011887    0.034949    0.115861    0.279348 ^ clkbuf_1_0__f_clk/X (sky130_fd_sc_hd__clkbuf_16)
                                                         clknet_1_0__leaf_clk (net)
                      0.034949    0.000243    0.279591 ^ _45_/CLK (sky130_fd_sc_hd__dfrtp_1)
     4    0.010033    0.100528    0.359541    0.639132 ^ _45_/Q (sky130_fd_sc_hd__dfrtp_1)
                                                         net5 (net)
                      0.100528    0.000216    0.639349 ^ _22_/A (sky130_fd_sc_hd__and2_1)
     2    0.006910    0.081669    0.157503    0.796851 ^ _22_/X (sky130_fd_sc_hd__and2_1)
                                                         _11_ (net)
                      0.081669    0.000160    0.797012 ^ _23_/A2 (sky130_fd_sc_hd__o21a_1)
     1    0.003120    0.042334    0.111792    0.908804 ^ _23_/X (sky130_fd_sc_hd__o21a_1)
                                                         _00_ (net)
                      0.042334    0.000090    0.908894 ^ _38_/D (sky130_fd_sc_hd__dfrtp_1)
                                              0.908894   data arrival time

                                  0.000000    0.000000   clock clk (rise edge)
                                  0.000000    0.000000   clock source latency
     1    0.010642    0.054292    0.036144    0.036144 ^ clk (in)
                                                         clk (net)
                      0.054294    0.000000    0.036144 ^ clkbuf_0_clk/A (sky130_fd_sc_hd__clkbuf_16)
     2    0.017939    0.040083    0.126688    0.162832 ^ clkbuf_0_clk/X (sky130_fd_sc_hd__clkbuf_16)
                                                         clknet_0_clk (net)
                      0.040095    0.000655    0.163487 ^ clkbuf_1_0__f_clk/A (sky130_fd_sc_hd__clkbuf_16)
     4    0.011887    0.034949    0.115861    0.279348 ^ clkbuf_1_0__f_clk/X (sky130_fd_sc_hd__clkbuf_16)
                                                         clknet_1_0__leaf_clk (net)
                      0.034949    0.000218    0.279567 ^ _38_/CLK (sky130_fd_sc_hd__dfrtp_1)
                                  0.250000    0.529567   clock uncertainty
                                  0.000000    0.529567   clock reconvergence pessimism
                                 -0.035578    0.493988   library hold time
                                              0.493988   data required time
---------------------------------------------------------------------------------------------
                                              0.493988   data required time
                                             -0.908894   data arrival time
---------------------------------------------------------------------------------------------
                                              0.414906   slack (MET)


Startpoint: _41_ (rising edge-triggered flip-flop clocked by clk)
Endpoint: _42_ (rising edge-triggered flip-flop clocked by clk)
Path Group: clk
Path Type: min

Fanout         Cap        Slew       Delay        Time   Description
---------------------------------------------------------------------------------------------
                                  0.000000    0.000000   clock clk (rise edge)
                                  0.000000    0.000000   clock source latency
     1    0.010642    0.054292    0.036144    0.036144 ^ clk (in)
                                                         clk (net)
                      0.054294    0.000000    0.036144 ^ clkbuf_0_clk/A (sky130_fd_sc_hd__clkbuf_16)
     2    0.017939    0.040083    0.126688    0.162832 ^ clkbuf_0_clk/X (sky130_fd_sc_hd__clkbuf_16)
                                                         clknet_0_clk (net)
                      0.040094    0.000504    0.163336 ^ clkbuf_1_1__f_clk/A (sky130_fd_sc_hd__clkbuf_16)
     4    0.010475    0.033744    0.114516    0.277851 ^ clkbuf_1_1__f_clk/X (sky130_fd_sc_hd__clkbuf_16)
                                                         clknet_1_1__leaf_clk (net)
                      0.033744    0.000212    0.278063 ^ _41_/CLK (sky130_fd_sc_hd__dfrtp_1)
     3    0.007816    0.083869    0.344621    0.622684 ^ _41_/Q (sky130_fd_sc_hd__dfrtp_1)
                                                         net9 (net)
                      0.083869    0.000166    0.622851 ^ _29_/A (sky130_fd_sc_hd__and4_1)
     2    0.008732    0.103805    0.218064    0.840915 ^ _29_/X (sky130_fd_sc_hd__and4_1)
                                                         _15_ (net)
                      0.103805    0.000209    0.841123 ^ _32_/B (sky130_fd_sc_hd__xor2_1)
     1    0.003533    0.039049    0.077093    0.918217 v _32_/X (sky130_fd_sc_hd__xor2_1)
                                                         _04_ (net)
                      0.039049    0.000110    0.918327 v _42_/D (sky130_fd_sc_hd__dfrtp_1)
                                              0.918327   data arrival time

                                  0.000000    0.000000   clock clk (rise edge)
                                  0.000000    0.000000   clock source latency
     1    0.010642    0.054292    0.036144    0.036144 ^ clk (in)
                                                         clk (net)
                      0.054294    0.000000    0.036144 ^ clkbuf_0_clk/A (sky130_fd_sc_hd__clkbuf_16)
     2    0.017939    0.040083    0.126688    0.162832 ^ clkbuf_0_clk/X (sky130_fd_sc_hd__clkbuf_16)
                                                         clknet_0_clk (net)
                      0.040094    0.000504    0.163336 ^ clkbuf_1_1__f_clk/A (sky130_fd_sc_hd__clkbuf_16)
     4    0.010475    0.033744    0.114516    0.277851 ^ clkbuf_1_1__f_clk/X (sky130_fd_sc_hd__clkbuf_16)
                                                         clknet_1_1__leaf_clk (net)
                      0.033744    0.000187    0.278038 ^ _42_/CLK (sky130_fd_sc_hd__dfrtp_1)
                                  0.250000    0.528038   clock uncertainty
                                  0.000000    0.528038   clock reconvergence pessimism
                                 -0.045920    0.482118   library hold time
                                              0.482118   data required time
---------------------------------------------------------------------------------------------
                                              0.482118   data required time
                                             -0.918327   data arrival time
---------------------------------------------------------------------------------------------
                                              0.436209   slack (MET)


Startpoint: _43_ (rising edge-triggered flip-flop clocked by clk)
Endpoint: _44_ (rising edge-triggered flip-flop clocked by clk)
Path Group: clk
Path Type: min

Fanout         Cap        Slew       Delay        Time   Description
---------------------------------------------------------------------------------------------
                                  0.000000    0.000000   clock clk (rise edge)
                                  0.000000    0.000000   clock source latency
     1    0.010642    0.054292    0.036144    0.036144 ^ clk (in)
                                                         clk (net)
                      0.054294    0.000000    0.036144 ^ clkbuf_0_clk/A (sky130_fd_sc_hd__clkbuf_16)
     2    0.017939    0.040083    0.126688    0.162832 ^ clkbuf_0_clk/X (sky130_fd_sc_hd__clkbuf_16)
                                                         clknet_0_clk (net)
                      0.040095    0.000655    0.163487 ^ clkbuf_1_0__f_clk/A (sky130_fd_sc_hd__clkbuf_16)
     4    0.011887    0.034949    0.115861    0.279348 ^ clkbuf_1_0__f_clk/X (sky130_fd_sc_hd__clkbuf_16)
                                                         clknet_1_0__leaf_clk (net)
                      0.034949    0.000257    0.279605 ^ _43_/CLK (sky130_fd_sc_hd__dfrtp_1)
     3    0.006808    0.075872    0.338258    0.617863 ^ _43_/Q (sky130_fd_sc_hd__dfrtp_1)
                                                         net3 (net)
                      0.075872    0.000201    0.618064 ^ _19_/A (sky130_fd_sc_hd__and3_2)
     7    0.024974    0.140814    0.254683    0.872747 ^ _19_/X (sky130_fd_sc_hd__and3_2)
                                                         _08_ (net)
                      0.140814    0.000616    0.873363 ^ _35_/A (sky130_fd_sc_hd__nor2_1)
     1    0.002414    0.031752    0.062646    0.936009 v _35_/Y (sky130_fd_sc_hd__nor2_1)
                                                         _06_ (net)
                      0.031752    0.000069    0.936077 v _44_/D (sky130_fd_sc_hd__dfrtp_1)
                                              0.936077   data arrival time

                                  0.000000    0.000000   clock clk (rise edge)
                                  0.000000    0.000000   clock source latency
     1    0.010642    0.054292    0.036144    0.036144 ^ clk (in)
                                                         clk (net)
                      0.054294    0.000000    0.036144 ^ clkbuf_0_clk/A (sky130_fd_sc_hd__clkbuf_16)
     2    0.017939    0.040083    0.126688    0.162832 ^ clkbuf_0_clk/X (sky130_fd_sc_hd__clkbuf_16)
                                                         clknet_0_clk (net)
                      0.040095    0.000655    0.163487 ^ clkbuf_1_0__f_clk/A (sky130_fd_sc_hd__clkbuf_16)
     4    0.011887    0.034949    0.115861    0.279348 ^ clkbuf_1_0__f_clk/X (sky130_fd_sc_hd__clkbuf_16)
                                                         clknet_1_0__leaf_clk (net)
                      0.034949    0.000251    0.279600 ^ _44_/CLK (sky130_fd_sc_hd__dfrtp_1)
                                  0.250000    0.529600   clock uncertainty
                                  0.000000    0.529600   clock reconvergence pessimism
                                 -0.042674    0.486925   library hold time
                                              0.486925   data required time
---------------------------------------------------------------------------------------------
                                              0.486925   data required time
                                             -0.936077   data arrival time
---------------------------------------------------------------------------------------------
                                              0.449152   slack (MET)


Startpoint: _38_ (rising edge-triggered flip-flop clocked by clk)
Endpoint: _39_ (rising edge-triggered flip-flop clocked by clk)
Path Group: clk
Path Type: min

Fanout         Cap        Slew       Delay        Time   Description
---------------------------------------------------------------------------------------------
                                  0.000000    0.000000   clock clk (rise edge)
                                  0.000000    0.000000   clock source latency
     1    0.010642    0.054292    0.036144    0.036144 ^ clk (in)
                                                         clk (net)
                      0.054294    0.000000    0.036144 ^ clkbuf_0_clk/A (sky130_fd_sc_hd__clkbuf_16)
     2    0.017939    0.040083    0.126688    0.162832 ^ clkbuf_0_clk/X (sky130_fd_sc_hd__clkbuf_16)
                                                         clknet_0_clk (net)
                      0.040095    0.000655    0.163487 ^ clkbuf_1_0__f_clk/A (sky130_fd_sc_hd__clkbuf_16)
     4    0.011887    0.034949    0.115861    0.279348 ^ clkbuf_1_0__f_clk/X (sky130_fd_sc_hd__clkbuf_16)
                                                         clknet_1_0__leaf_clk (net)
                      0.034949    0.000218    0.279567 ^ _38_/CLK (sky130_fd_sc_hd__dfrtp_1)
     3    0.006852    0.057917    0.371892    0.651458 v _38_/Q (sky130_fd_sc_hd__dfrtp_1)
                                                         net6 (net)
                      0.057994    0.000088    0.651547 v _20_/B (sky130_fd_sc_hd__and2_1)
     4    0.012360    0.072852    0.197066    0.848613 v _20_/X (sky130_fd_sc_hd__and2_1)
                                                         _09_ (net)
                      0.072852    0.000153    0.848765 v _21_/B (sky130_fd_sc_hd__nand2_1)
     3    0.011904    0.116130    0.129852    0.978617 ^ _21_/Y (sky130_fd_sc_hd__nand2_1)
                                                         _10_ (net)
                      0.116132    0.000313    0.978931 ^ _24_/B (sky130_fd_sc_hd__xnor2_1)
     1    0.002239    0.033493    0.070368    1.049299 v _24_/Y (sky130_fd_sc_hd__xnor2_1)
                                                         _01_ (net)
                      0.033493    0.000044    1.049343 v _39_/D (sky130_fd_sc_hd__dfrtp_1)
                                              1.049343   data arrival time

                                  0.000000    0.000000   clock clk (rise edge)
                                  0.000000    0.000000   clock source latency
     1    0.010642    0.054292    0.036144    0.036144 ^ clk (in)
                                                         clk (net)
                      0.054294    0.000000    0.036144 ^ clkbuf_0_clk/A (sky130_fd_sc_hd__clkbuf_16)
     2    0.017939    0.040083    0.126688    0.162832 ^ clkbuf_0_clk/X (sky130_fd_sc_hd__clkbuf_16)
                                                         clknet_0_clk (net)
                      0.040094    0.000504    0.163336 ^ clkbuf_1_1__f_clk/A (sky130_fd_sc_hd__clkbuf_16)
     4    0.010475    0.033744    0.114516    0.277851 ^ clkbuf_1_1__f_clk/X (sky130_fd_sc_hd__clkbuf_16)
                                                         clknet_1_1__leaf_clk (net)
                      0.033744    0.000199    0.278050 ^ _39_/CLK (sky130_fd_sc_hd__dfrtp_1)
                                  0.250000    0.528050   clock uncertainty
                                  0.000000    0.528050   clock reconvergence pessimism
                                 -0.043658    0.484392   library hold time
                                              0.484392   data required time
---------------------------------------------------------------------------------------------
                                              0.484392   data required time
                                             -1.049343   data arrival time
---------------------------------------------------------------------------------------------
                                              0.564951   slack (MET)


Startpoint: _43_ (rising edge-triggered flip-flop clocked by clk)
Endpoint: _43_ (rising edge-triggered flip-flop clocked by clk)
Path Group: clk
Path Type: min

Fanout         Cap        Slew       Delay        Time   Description
---------------------------------------------------------------------------------------------
                                  0.000000    0.000000   clock clk (rise edge)
                                  0.000000    0.000000   clock source latency
     1    0.010642    0.054292    0.036144    0.036144 ^ clk (in)
                                                         clk (net)
                      0.054294    0.000000    0.036144 ^ clkbuf_0_clk/A (sky130_fd_sc_hd__clkbuf_16)
     2    0.017939    0.040083    0.126688    0.162832 ^ clkbuf_0_clk/X (sky130_fd_sc_hd__clkbuf_16)
                                                         clknet_0_clk (net)
                      0.040095    0.000655    0.163487 ^ clkbuf_1_0__f_clk/A (sky130_fd_sc_hd__clkbuf_16)
     4    0.011887    0.034949    0.115861    0.279348 ^ clkbuf_1_0__f_clk/X (sky130_fd_sc_hd__clkbuf_16)
                                                         clknet_1_0__leaf_clk (net)
                      0.034949    0.000257    0.279605 ^ _43_/CLK (sky130_fd_sc_hd__dfrtp_1)
     3    0.006808    0.075872    0.338258    0.617863 ^ _43_/Q (sky130_fd_sc_hd__dfrtp_1)
                                                         net3 (net)
                      0.075872    0.000170    0.618033 ^ hold2/A (sky130_fd_sc_hd__dlygate4sd3_1)
     2    0.008338    0.101188    0.587635    1.205668 ^ hold2/X (sky130_fd_sc_hd__dlygate4sd3_1)
                                                         net12 (net)
                      0.101188    0.000131    1.205799 ^ _33_/A (sky130_fd_sc_hd__xor2_1)
     1    0.002735    0.036019    0.073925    1.279724 v _33_/X (sky130_fd_sc_hd__xor2_1)
                                                         _05_ (net)
                      0.036019    0.000084    1.279808 v _43_/D (sky130_fd_sc_hd__dfrtp_1)
                                              1.279808   data arrival time

                                  0.000000    0.000000   clock clk (rise edge)
                                  0.000000    0.000000   clock source latency
     1    0.010642    0.054292    0.036144    0.036144 ^ clk (in)
                                                         clk (net)
                      0.054294    0.000000    0.036144 ^ clkbuf_0_clk/A (sky130_fd_sc_hd__clkbuf_16)
     2    0.017939    0.040083    0.126688    0.162832 ^ clkbuf_0_clk/X (sky130_fd_sc_hd__clkbuf_16)
                                                         clknet_0_clk (net)
                      0.040095    0.000655    0.163487 ^ clkbuf_1_0__f_clk/A (sky130_fd_sc_hd__clkbuf_16)
     4    0.011887    0.034949    0.115861    0.279348 ^ clkbuf_1_0__f_clk/X (sky130_fd_sc_hd__clkbuf_16)
                                                         clknet_1_0__leaf_clk (net)
                      0.034949    0.000257    0.279605 ^ _43_/CLK (sky130_fd_sc_hd__dfrtp_1)
                                  0.250000    0.529605   clock uncertainty
                                  0.000000    0.529605   clock reconvergence pessimism
                                 -0.044411    0.485194   library hold time
                                              0.485194   data required time
---------------------------------------------------------------------------------------------
                                              0.485194   data required time
                                             -1.279808   data arrival time
---------------------------------------------------------------------------------------------
                                              0.794615   slack (MET)


Startpoint: rst_n (input port clocked by clk)
Endpoint: _45_ (removal check against rising-edge clock clk)
Path Group: asynchronous
Path Type: min

Fanout         Cap        Slew       Delay        Time   Description
---------------------------------------------------------------------------------------------
                                  0.000000    0.000000   clock clk (rise edge)
                                  0.000000    0.000000   clock network delay (propagated)
                                  4.000000    4.000000 ^ input external delay
     1    0.002450    0.018245    0.009092    4.009092 ^ rst_n (in)
                                                         rst_n (net)
                      0.018245    0.000000    4.009092 ^ input2/A (sky130_fd_sc_hd__buf_2)
     8    0.038057    0.187712    0.200009    4.209101 ^ input2/X (sky130_fd_sc_hd__buf_2)
                                                         net2 (net)
                      0.187725    0.001287    4.210388 ^ _45_/RESET_B (sky130_fd_sc_hd__dfrtp_1)
                                              4.210388   data arrival time

                                  0.000000    0.000000   clock clk (rise edge)
                                  0.000000    0.000000   clock source latency
     1    0.010642    0.054292    0.036144    0.036144 ^ clk (in)
                                                         clk (net)
                      0.054294    0.000000    0.036144 ^ clkbuf_0_clk/A (sky130_fd_sc_hd__clkbuf_16)
     2    0.017939    0.040083    0.126688    0.162832 ^ clkbuf_0_clk/X (sky130_fd_sc_hd__clkbuf_16)
                                                         clknet_0_clk (net)
                      0.040095    0.000655    0.163487 ^ clkbuf_1_0__f_clk/A (sky130_fd_sc_hd__clkbuf_16)
     4    0.011887    0.034949    0.115861    0.279348 ^ clkbuf_1_0__f_clk/X (sky130_fd_sc_hd__clkbuf_16)
                                                         clknet_1_0__leaf_clk (net)
                      0.034949    0.000243    0.279591 ^ _45_/CLK (sky130_fd_sc_hd__dfrtp_1)
                                  0.250000    0.529591   clock uncertainty
                                  0.000000    0.529591   clock reconvergence pessimism
                                  0.356782    0.886373   library removal time
                                              0.886373   data required time
---------------------------------------------------------------------------------------------
                                              0.886373   data required time
                                             -4.210388   data arrival time
---------------------------------------------------------------------------------------------
                                              3.324015   slack (MET)


Startpoint: rst_n (input port clocked by clk)
Endpoint: _38_ (removal check against rising-edge clock clk)
Path Group: asynchronous
Path Type: min

Fanout         Cap        Slew       Delay        Time   Description
---------------------------------------------------------------------------------------------
                                  0.000000    0.000000   clock clk (rise edge)
                                  0.000000    0.000000   clock network delay (propagated)
                                  4.000000    4.000000 ^ input external delay
     1    0.002450    0.018245    0.009092    4.009092 ^ rst_n (in)
                                                         rst_n (net)
                      0.018245    0.000000    4.009092 ^ input2/A (sky130_fd_sc_hd__buf_2)
     8    0.038057    0.187712    0.200009    4.209101 ^ input2/X (sky130_fd_sc_hd__buf_2)
                                                         net2 (net)
                      0.187725    0.001288    4.210389 ^ _38_/RESET_B (sky130_fd_sc_hd__dfrtp_1)
                                              4.210389   data arrival time

                                  0.000000    0.000000   clock clk (rise edge)
                                  0.000000    0.000000   clock source latency
     1    0.010642    0.054292    0.036144    0.036144 ^ clk (in)
                                                         clk (net)
                      0.054294    0.000000    0.036144 ^ clkbuf_0_clk/A (sky130_fd_sc_hd__clkbuf_16)
     2    0.017939    0.040083    0.126688    0.162832 ^ clkbuf_0_clk/X (sky130_fd_sc_hd__clkbuf_16)
                                                         clknet_0_clk (net)
                      0.040095    0.000655    0.163487 ^ clkbuf_1_0__f_clk/A (sky130_fd_sc_hd__clkbuf_16)
     4    0.011887    0.034949    0.115861    0.279348 ^ clkbuf_1_0__f_clk/X (sky130_fd_sc_hd__clkbuf_16)
                                                         clknet_1_0__leaf_clk (net)
                      0.034949    0.000218    0.279567 ^ _38_/CLK (sky130_fd_sc_hd__dfrtp_1)
                                  0.250000    0.529567   clock uncertainty
                                  0.000000    0.529567   clock reconvergence pessimism
                                  0.356782    0.886349   library removal time
                                              0.886349   data required time
---------------------------------------------------------------------------------------------
                                              0.886349   data required time
                                             -4.210389   data arrival time
---------------------------------------------------------------------------------------------
                                              3.324040   slack (MET)


Startpoint: rst_n (input port clocked by clk)
Endpoint: _44_ (removal check against rising-edge clock clk)
Path Group: asynchronous
Path Type: min

Fanout         Cap        Slew       Delay        Time   Description
---------------------------------------------------------------------------------------------
                                  0.000000    0.000000   clock clk (rise edge)
                                  0.000000    0.000000   clock network delay (propagated)
                                  4.000000    4.000000 ^ input external delay
     1    0.002450    0.018245    0.009092    4.009092 ^ rst_n (in)
                                                         rst_n (net)
                      0.018245    0.000000    4.009092 ^ input2/A (sky130_fd_sc_hd__buf_2)
     8    0.038057    0.187712    0.200009    4.209101 ^ input2/X (sky130_fd_sc_hd__buf_2)
                                                         net2 (net)
                      0.187728    0.001418    4.210519 ^ _44_/RESET_B (sky130_fd_sc_hd__dfrtp_1)
                                              4.210519   data arrival time

                                  0.000000    0.000000   clock clk (rise edge)
                                  0.000000    0.000000   clock source latency
     1    0.010642    0.054292    0.036144    0.036144 ^ clk (in)
                                                         clk (net)
                      0.054294    0.000000    0.036144 ^ clkbuf_0_clk/A (sky130_fd_sc_hd__clkbuf_16)
     2    0.017939    0.040083    0.126688    0.162832 ^ clkbuf_0_clk/X (sky130_fd_sc_hd__clkbuf_16)
                                                         clknet_0_clk (net)
                      0.040095    0.000655    0.163487 ^ clkbuf_1_0__f_clk/A (sky130_fd_sc_hd__clkbuf_16)
     4    0.011887    0.034949    0.115861    0.279348 ^ clkbuf_1_0__f_clk/X (sky130_fd_sc_hd__clkbuf_16)
                                                         clknet_1_0__leaf_clk (net)
                      0.034949    0.000251    0.279600 ^ _44_/CLK (sky130_fd_sc_hd__dfrtp_1)
                                  0.250000    0.529600   clock uncertainty
                                  0.000000    0.529600   clock reconvergence pessimism
                                  0.356783    0.886383   library removal time
                                              0.886383   data required time
---------------------------------------------------------------------------------------------
                                              0.886383   data required time
                                             -4.210519   data arrival time
---------------------------------------------------------------------------------------------
                                              3.324136   slack (MET)


Startpoint: rst_n (input port clocked by clk)
Endpoint: _43_ (removal check against rising-edge clock clk)
Path Group: asynchronous
Path Type: min

Fanout         Cap        Slew       Delay        Time   Description
---------------------------------------------------------------------------------------------
                                  0.000000    0.000000   clock clk (rise edge)
                                  0.000000    0.000000   clock network delay (propagated)
                                  4.000000    4.000000 ^ input external delay
     1    0.002450    0.018245    0.009092    4.009092 ^ rst_n (in)
                                                         rst_n (net)
                      0.018245    0.000000    4.009092 ^ input2/A (sky130_fd_sc_hd__buf_2)
     8    0.038057    0.187712    0.200009    4.209101 ^ input2/X (sky130_fd_sc_hd__buf_2)
                                                         net2 (net)
                      0.187728    0.001431    4.210532 ^ _43_/RESET_B (sky130_fd_sc_hd__dfrtp_1)
                                              4.210532   data arrival time

                                  0.000000    0.000000   clock clk (rise edge)
                                  0.000000    0.000000   clock source latency
     1    0.010642    0.054292    0.036144    0.036144 ^ clk (in)
                                                         clk (net)
                      0.054294    0.000000    0.036144 ^ clkbuf_0_clk/A (sky130_fd_sc_hd__clkbuf_16)
     2    0.017939    0.040083    0.126688    0.162832 ^ clkbuf_0_clk/X (sky130_fd_sc_hd__clkbuf_16)
                                                         clknet_0_clk (net)
                      0.040095    0.000655    0.163487 ^ clkbuf_1_0__f_clk/A (sky130_fd_sc_hd__clkbuf_16)
     4    0.011887    0.034949    0.115861    0.279348 ^ clkbuf_1_0__f_clk/X (sky130_fd_sc_hd__clkbuf_16)
                                                         clknet_1_0__leaf_clk (net)
                      0.034949    0.000257    0.279605 ^ _43_/CLK (sky130_fd_sc_hd__dfrtp_1)
                                  0.250000    0.529605   clock uncertainty
                                  0.000000    0.529605   clock reconvergence pessimism
                                  0.356783    0.886388   library removal time
                                              0.886388   data required time
---------------------------------------------------------------------------------------------
                                              0.886388   data required time
                                             -4.210532   data arrival time
---------------------------------------------------------------------------------------------
                                              3.324143   slack (MET)


Startpoint: rst_n (input port clocked by clk)
Endpoint: _42_ (removal check against rising-edge clock clk)
Path Group: asynchronous
Path Type: min

Fanout         Cap        Slew       Delay        Time   Description
---------------------------------------------------------------------------------------------
                                  0.000000    0.000000   clock clk (rise edge)
                                  0.000000    0.000000   clock network delay (propagated)
                                  4.000000    4.000000 ^ input external delay
     1    0.002450    0.018245    0.009092    4.009092 ^ rst_n (in)
                                                         rst_n (net)
                      0.018245    0.000000    4.009092 ^ input2/A (sky130_fd_sc_hd__buf_2)
     8    0.038057    0.187712    0.200009    4.209101 ^ input2/X (sky130_fd_sc_hd__buf_2)
                                                         net2 (net)
                      0.187714    0.000502    4.209602 ^ _42_/RESET_B (sky130_fd_sc_hd__dfrtp_1)
                                              4.209602   data arrival time

                                  0.000000    0.000000   clock clk (rise edge)
                                  0.000000    0.000000   clock source latency
     1    0.010642    0.054292    0.036144    0.036144 ^ clk (in)
                                                         clk (net)
                      0.054294    0.000000    0.036144 ^ clkbuf_0_clk/A (sky130_fd_sc_hd__clkbuf_16)
     2    0.017939    0.040083    0.126688    0.162832 ^ clkbuf_0_clk/X (sky130_fd_sc_hd__clkbuf_16)
                                                         clknet_0_clk (net)
                      0.040094    0.000504    0.163336 ^ clkbuf_1_1__f_clk/A (sky130_fd_sc_hd__clkbuf_16)
     4    0.010475    0.033744    0.114516    0.277851 ^ clkbuf_1_1__f_clk/X (sky130_fd_sc_hd__clkbuf_16)
                                                         clknet_1_1__leaf_clk (net)
                      0.033744    0.000187    0.278038 ^ _42_/CLK (sky130_fd_sc_hd__dfrtp_1)
                                  0.250000    0.528038   clock uncertainty
                                  0.000000    0.528038   clock reconvergence pessimism
                                  0.356452    0.884490   library removal time
                                              0.884490   data required time
---------------------------------------------------------------------------------------------
                                              0.884490   data required time
                                             -4.209602   data arrival time
---------------------------------------------------------------------------------------------
                                              3.325113   slack (MET)


Startpoint: rst_n (input port clocked by clk)
Endpoint: _41_ (removal check against rising-edge clock clk)
Path Group: asynchronous
Path Type: min

Fanout         Cap        Slew       Delay        Time   Description
---------------------------------------------------------------------------------------------
                                  0.000000    0.000000   clock clk (rise edge)
                                  0.000000    0.000000   clock network delay (propagated)
                                  4.000000    4.000000 ^ input external delay
     1    0.002450    0.018245    0.009092    4.009092 ^ rst_n (in)
                                                         rst_n (net)
                      0.018245    0.000000    4.009092 ^ input2/A (sky130_fd_sc_hd__buf_2)
     8    0.038057    0.187712    0.200009    4.209101 ^ input2/X (sky130_fd_sc_hd__buf_2)
                                                         net2 (net)
                      0.187714    0.000531    4.209632 ^ _41_/RESET_B (sky130_fd_sc_hd__dfrtp_1)
                                              4.209632   data arrival time

                                  0.000000    0.000000   clock clk (rise edge)
                                  0.000000    0.000000   clock source latency
     1    0.010642    0.054292    0.036144    0.036144 ^ clk (in)
                                                         clk (net)
                      0.054294    0.000000    0.036144 ^ clkbuf_0_clk/A (sky130_fd_sc_hd__clkbuf_16)
     2    0.017939    0.040083    0.126688    0.162832 ^ clkbuf_0_clk/X (sky130_fd_sc_hd__clkbuf_16)
                                                         clknet_0_clk (net)
                      0.040094    0.000504    0.163336 ^ clkbuf_1_1__f_clk/A (sky130_fd_sc_hd__clkbuf_16)
     4    0.010475    0.033744    0.114516    0.277851 ^ clkbuf_1_1__f_clk/X (sky130_fd_sc_hd__clkbuf_16)
                                                         clknet_1_1__leaf_clk (net)
                      0.033744    0.000212    0.278063 ^ _41_/CLK (sky130_fd_sc_hd__dfrtp_1)
                                  0.250000    0.528063   clock uncertainty
                                  0.000000    0.528063   clock reconvergence pessimism
                                  0.356452    0.884515   library removal time
                                              0.884515   data required time
---------------------------------------------------------------------------------------------
                                              0.884515   data required time
                                             -4.209632   data arrival time
---------------------------------------------------------------------------------------------
                                              3.325117   slack (MET)


Startpoint: rst_n (input port clocked by clk)
Endpoint: _39_ (removal check against rising-edge clock clk)
Path Group: asynchronous
Path Type: min

Fanout         Cap        Slew       Delay        Time   Description
---------------------------------------------------------------------------------------------
                                  0.000000    0.000000   clock clk (rise edge)
                                  0.000000    0.000000   clock network delay (propagated)
                                  4.000000    4.000000 ^ input external delay
     1    0.002450    0.018245    0.009092    4.009092 ^ rst_n (in)
                                                         rst_n (net)
                      0.018245    0.000000    4.009092 ^ input2/A (sky130_fd_sc_hd__buf_2)
     8    0.038057    0.187712    0.200009    4.209101 ^ input2/X (sky130_fd_sc_hd__buf_2)
                                                         net2 (net)
                      0.187716    0.000670    4.209771 ^ _39_/RESET_B (sky130_fd_sc_hd__dfrtp_1)
                                              4.209771   data arrival time

                                  0.000000    0.000000   clock clk (rise edge)
                                  0.000000    0.000000   clock source latency
     1    0.010642    0.054292    0.036144    0.036144 ^ clk (in)
                                                         clk (net)
                      0.054294    0.000000    0.036144 ^ clkbuf_0_clk/A (sky130_fd_sc_hd__clkbuf_16)
     2    0.017939    0.040083    0.126688    0.162832 ^ clkbuf_0_clk/X (sky130_fd_sc_hd__clkbuf_16)
                                                         clknet_0_clk (net)
                      0.040094    0.000504    0.163336 ^ clkbuf_1_1__f_clk/A (sky130_fd_sc_hd__clkbuf_16)
     4    0.010475    0.033744    0.114516    0.277851 ^ clkbuf_1_1__f_clk/X (sky130_fd_sc_hd__clkbuf_16)
                                                         clknet_1_1__leaf_clk (net)
                      0.033744    0.000199    0.278050 ^ _39_/CLK (sky130_fd_sc_hd__dfrtp_1)
                                  0.250000    0.528050   clock uncertainty
                                  0.000000    0.528050   clock reconvergence pessimism
                                  0.356452    0.884502   library removal time
                                              0.884502   data required time
---------------------------------------------------------------------------------------------
                                              0.884502   data required time
                                             -4.209771   data arrival time
---------------------------------------------------------------------------------------------
                                              3.325269   slack (MET)


Startpoint: rst_n (input port clocked by clk)
Endpoint: _40_ (removal check against rising-edge clock clk)
Path Group: asynchronous
Path Type: min

Fanout         Cap        Slew       Delay        Time   Description
---------------------------------------------------------------------------------------------
                                  0.000000    0.000000   clock clk (rise edge)
                                  0.000000    0.000000   clock network delay (propagated)
                                  4.000000    4.000000 ^ input external delay
     1    0.002450    0.018245    0.009092    4.009092 ^ rst_n (in)
                                                         rst_n (net)
                      0.018245    0.000000    4.009092 ^ input2/A (sky130_fd_sc_hd__buf_2)
     8    0.038057    0.187712    0.200009    4.209101 ^ input2/X (sky130_fd_sc_hd__buf_2)
                                                         net2 (net)
                      0.187718    0.000864    4.209964 ^ _40_/RESET_B (sky130_fd_sc_hd__dfrtp_1)
                                              4.209964   data arrival time

                                  0.000000    0.000000   clock clk (rise edge)
                                  0.000000    0.000000   clock source latency
     1    0.010642    0.054292    0.036144    0.036144 ^ clk (in)
                                                         clk (net)
                      0.054294    0.000000    0.036144 ^ clkbuf_0_clk/A (sky130_fd_sc_hd__clkbuf_16)
     2    0.017939    0.040083    0.126688    0.162832 ^ clkbuf_0_clk/X (sky130_fd_sc_hd__clkbuf_16)
                                                         clknet_0_clk (net)
                      0.040094    0.000504    0.163336 ^ clkbuf_1_1__f_clk/A (sky130_fd_sc_hd__clkbuf_16)
     4    0.010475    0.033744    0.114516    0.277851 ^ clkbuf_1_1__f_clk/X (sky130_fd_sc_hd__clkbuf_16)
                                                         clknet_1_1__leaf_clk (net)
                      0.033744    0.000193    0.278044 ^ _40_/CLK (sky130_fd_sc_hd__dfrtp_1)
                                  0.250000    0.528044   clock uncertainty
                                  0.000000    0.528044   clock reconvergence pessimism
                                  0.356453    0.884497   library removal time
                                              0.884497   data required time
---------------------------------------------------------------------------------------------
                                              0.884497   data required time
                                             -4.209964   data arrival time
---------------------------------------------------------------------------------------------
                                              3.325468   slack (MET)


Startpoint: _42_ (rising edge-triggered flip-flop clocked by clk)
Endpoint: count[7] (output port clocked by clk)
Path Group: clk
Path Type: min

Fanout         Cap        Slew       Delay        Time   Description
---------------------------------------------------------------------------------------------
                                  0.000000    0.000000   clock clk (rise edge)
                                  0.000000    0.000000   clock source latency
     1    0.010642    0.054292    0.036144    0.036144 ^ clk (in)
                                                         clk (net)
                      0.054294    0.000000    0.036144 ^ clkbuf_0_clk/A (sky130_fd_sc_hd__clkbuf_16)
     2    0.017939    0.040083    0.126688    0.162832 ^ clkbuf_0_clk/X (sky130_fd_sc_hd__clkbuf_16)
                                                         clknet_0_clk (net)
                      0.040094    0.000504    0.163336 ^ clkbuf_1_1__f_clk/A (sky130_fd_sc_hd__clkbuf_16)
     4    0.010475    0.033744    0.114516    0.277851 ^ clkbuf_1_1__f_clk/X (sky130_fd_sc_hd__clkbuf_16)
                                                         clknet_1_1__leaf_clk (net)
                      0.033744    0.000187    0.278038 ^ _42_/CLK (sky130_fd_sc_hd__dfrtp_1)
     2    0.004950    0.061356    0.325314    0.603351 ^ _42_/Q (sky130_fd_sc_hd__dfrtp_1)
                                                         net10 (net)
                      0.061356    0.000131    0.603483 ^ output10/A (sky130_fd_sc_hd__buf_2)
     1    0.034421    0.170976    0.204560    0.808042 ^ output10/X (sky130_fd_sc_hd__buf_2)
                                                         count[7] (net)
                      0.170977    0.000746    0.808788 ^ count[7] (out)
                                              0.808788   data arrival time

                                  0.000000    0.000000   clock clk (rise edge)
                                  0.000000    0.000000   clock network delay (propagated)
                                  0.250000    0.250000   clock uncertainty
                                  0.000000    0.250000   clock reconvergence pessimism
                                 -4.000000   -3.750000   output external delay
                                             -3.750000   data required time
---------------------------------------------------------------------------------------------
                                             -3.750000   data required time
                                             -0.808788   data arrival time
---------------------------------------------------------------------------------------------
                                              4.558788   slack (MET)


Startpoint: _43_ (rising edge-triggered flip-flop clocked by clk)
Endpoint: count[0] (output port clocked by clk)
Path Group: clk
Path Type: min

Fanout         Cap        Slew       Delay        Time   Description
---------------------------------------------------------------------------------------------
                                  0.000000    0.000000   clock clk (rise edge)
                                  0.000000    0.000000   clock source latency
     1    0.010642    0.054292    0.036144    0.036144 ^ clk (in)
                                                         clk (net)
                      0.054294    0.000000    0.036144 ^ clkbuf_0_clk/A (sky130_fd_sc_hd__clkbuf_16)
     2    0.017939    0.040083    0.126688    0.162832 ^ clkbuf_0_clk/X (sky130_fd_sc_hd__clkbuf_16)
                                                         clknet_0_clk (net)
                      0.040095    0.000655    0.163487 ^ clkbuf_1_0__f_clk/A (sky130_fd_sc_hd__clkbuf_16)
     4    0.011887    0.034949    0.115861    0.279348 ^ clkbuf_1_0__f_clk/X (sky130_fd_sc_hd__clkbuf_16)
                                                         clknet_1_0__leaf_clk (net)
                      0.034949    0.000257    0.279605 ^ _43_/CLK (sky130_fd_sc_hd__dfrtp_1)
     3    0.006808    0.075872    0.338258    0.617863 ^ _43_/Q (sky130_fd_sc_hd__dfrtp_1)
                                                         net3 (net)
                      0.075872    0.000171    0.618034 ^ output3/A (sky130_fd_sc_hd__buf_2)
     1    0.034246    0.170240    0.209341    0.827375 ^ output3/X (sky130_fd_sc_hd__buf_2)
                                                         count[0] (net)
                      0.170241    0.000728    0.828103 ^ count[0] (out)
                                              0.828103   data arrival time

                                  0.000000    0.000000   clock clk (rise edge)
                                  0.000000    0.000000   clock network delay (propagated)
                                  0.250000    0.250000   clock uncertainty
                                  0.000000    0.250000   clock reconvergence pessimism
                                 -4.000000   -3.750000   output external delay
                                             -3.750000   data required time
---------------------------------------------------------------------------------------------
                                             -3.750000   data required time
                                             -0.828103   data arrival time
---------------------------------------------------------------------------------------------
                                              4.578103   slack (MET)


Startpoint: _44_ (rising edge-triggered flip-flop clocked by clk)
Endpoint: count[1] (output port clocked by clk)
Path Group: clk
Path Type: min

Fanout         Cap        Slew       Delay        Time   Description
---------------------------------------------------------------------------------------------
                                  0.000000    0.000000   clock clk (rise edge)
                                  0.000000    0.000000   clock source latency
     1    0.010642    0.054292    0.036144    0.036144 ^ clk (in)
                                                         clk (net)
                      0.054294    0.000000    0.036144 ^ clkbuf_0_clk/A (sky130_fd_sc_hd__clkbuf_16)
     2    0.017939    0.040083    0.126688    0.162832 ^ clkbuf_0_clk/X (sky130_fd_sc_hd__clkbuf_16)
                                                         clknet_0_clk (net)
                      0.040095    0.000655    0.163487 ^ clkbuf_1_0__f_clk/A (sky130_fd_sc_hd__clkbuf_16)
     4    0.011887    0.034949    0.115861    0.279348 ^ clkbuf_1_0__f_clk/X (sky130_fd_sc_hd__clkbuf_16)
                                                         clknet_1_0__leaf_clk (net)
                      0.034949    0.000251    0.279600 ^ _44_/CLK (sky130_fd_sc_hd__dfrtp_1)
     3    0.006861    0.076290    0.338613    0.618213 ^ _44_/Q (sky130_fd_sc_hd__dfrtp_1)
                                                         net4 (net)
                      0.076290    0.000177    0.618390 ^ output4/A (sky130_fd_sc_hd__buf_2)
     1    0.034165    0.169860    0.209241    0.827631 ^ output4/X (sky130_fd_sc_hd__buf_2)
                                                         count[1] (net)
                      0.169861    0.000706    0.828337 ^ count[1] (out)
                                              0.828337   data arrival time

                                  0.000000    0.000000   clock clk (rise edge)
                                  0.000000    0.000000   clock network delay (propagated)
                                  0.250000    0.250000   clock uncertainty
                                  0.000000    0.250000   clock reconvergence pessimism
                                 -4.000000   -3.750000   output external delay
                                             -3.750000   data required time
---------------------------------------------------------------------------------------------
                                             -3.750000   data required time
                                             -0.828337   data arrival time
---------------------------------------------------------------------------------------------
                                              4.578337   slack (MET)


Startpoint: _38_ (rising edge-triggered flip-flop clocked by clk)
Endpoint: count[3] (output port clocked by clk)
Path Group: clk
Path Type: min

Fanout         Cap        Slew       Delay        Time   Description
---------------------------------------------------------------------------------------------
                                  0.000000    0.000000   clock clk (rise edge)
                                  0.000000    0.000000   clock source latency
     1    0.010642    0.054292    0.036144    0.036144 ^ clk (in)
                                                         clk (net)
                      0.054294    0.000000    0.036144 ^ clkbuf_0_clk/A (sky130_fd_sc_hd__clkbuf_16)
     2    0.017939    0.040083    0.126688    0.162832 ^ clkbuf_0_clk/X (sky130_fd_sc_hd__clkbuf_16)
                                                         clknet_0_clk (net)
                      0.040095    0.000655    0.163487 ^ clkbuf_1_0__f_clk/A (sky130_fd_sc_hd__clkbuf_16)
     4    0.011887    0.034949    0.115861    0.279348 ^ clkbuf_1_0__f_clk/X (sky130_fd_sc_hd__clkbuf_16)
                                                         clknet_1_0__leaf_clk (net)
                      0.034949    0.000218    0.279567 ^ _38_/CLK (sky130_fd_sc_hd__dfrtp_1)
     3    0.007306    0.079811    0.341639    0.621205 ^ _38_/Q (sky130_fd_sc_hd__dfrtp_1)
                                                         net6 (net)
                      0.079811    0.000183    0.621388 ^ output6/A (sky130_fd_sc_hd__buf_2)
     1    0.034296    0.170503    0.210943    0.832331 ^ output6/X (sky130_fd_sc_hd__buf_2)
                                                         count[3] (net)
                      0.170504    0.000753    0.833085 ^ count[3] (out)
                                              0.833085   data arrival time

                                  0.000000    0.000000   clock clk (rise edge)
                                  0.000000    0.000000   clock network delay (propagated)
                                  0.250000    0.250000   clock uncertainty
                                  0.000000    0.250000   clock reconvergence pessimism
                                 -4.000000   -3.750000   output external delay
                                             -3.750000   data required time
---------------------------------------------------------------------------------------------
                                             -3.750000   data required time
                                             -0.833085   data arrival time
---------------------------------------------------------------------------------------------
                                              4.583085   slack (MET)


Startpoint: _41_ (rising edge-triggered flip-flop clocked by clk)
Endpoint: count[6] (output port clocked by clk)
Path Group: clk
Path Type: min

Fanout         Cap        Slew       Delay        Time   Description
---------------------------------------------------------------------------------------------
                                  0.000000    0.000000   clock clk (rise edge)
                                  0.000000    0.000000   clock source latency
     1    0.010642    0.054292    0.036144    0.036144 ^ clk (in)
                                                         clk (net)
                      0.054294    0.000000    0.036144 ^ clkbuf_0_clk/A (sky130_fd_sc_hd__clkbuf_16)
     2    0.017939    0.040083    0.126688    0.162832 ^ clkbuf_0_clk/X (sky130_fd_sc_hd__clkbuf_16)
                                                         clknet_0_clk (net)
                      0.040094    0.000504    0.163336 ^ clkbuf_1_1__f_clk/A (sky130_fd_sc_hd__clkbuf_16)
     4    0.010475    0.033744    0.114516    0.277851 ^ clkbuf_1_1__f_clk/X (sky130_fd_sc_hd__clkbuf_16)
                                                         clknet_1_1__leaf_clk (net)
                      0.033744    0.000212    0.278063 ^ _41_/CLK (sky130_fd_sc_hd__dfrtp_1)
     3    0.007816    0.083869    0.344621    0.622684 ^ _41_/Q (sky130_fd_sc_hd__dfrtp_1)
                                                         net9 (net)
                      0.083869    0.000094    0.622779 ^ output9/A (sky130_fd_sc_hd__buf_2)
     1    0.034221    0.170162    0.212236    0.835015 ^ output9/X (sky130_fd_sc_hd__buf_2)
                                                         count[6] (net)
                      0.170163    0.000682    0.835697 ^ count[6] (out)
                                              0.835697   data arrival time

                                  0.000000    0.000000   clock clk (rise edge)
                                  0.000000    0.000000   clock network delay (propagated)
                                  0.250000    0.250000   clock uncertainty
                                  0.000000    0.250000   clock reconvergence pessimism
                                 -4.000000   -3.750000   output external delay
                                             -3.750000   data required time
---------------------------------------------------------------------------------------------
                                             -3.750000   data required time
                                             -0.835697   data arrival time
---------------------------------------------------------------------------------------------
                                              4.585697   slack (MET)


Startpoint: _45_ (rising edge-triggered flip-flop clocked by clk)
Endpoint: count[2] (output port clocked by clk)
Path Group: clk
Path Type: min

Fanout         Cap        Slew       Delay        Time   Description
---------------------------------------------------------------------------------------------
                                  0.000000    0.000000   clock clk (rise edge)
                                  0.000000    0.000000   clock source latency
     1    0.010642    0.054292    0.036144    0.036144 ^ clk (in)
                                                         clk (net)
                      0.054294    0.000000    0.036144 ^ clkbuf_0_clk/A (sky130_fd_sc_hd__clkbuf_16)
     2    0.017939    0.040083    0.126688    0.162832 ^ clkbuf_0_clk/X (sky130_fd_sc_hd__clkbuf_16)
                                                         clknet_0_clk (net)
                      0.040095    0.000655    0.163487 ^ clkbuf_1_0__f_clk/A (sky130_fd_sc_hd__clkbuf_16)
     4    0.011887    0.034949    0.115861    0.279348 ^ clkbuf_1_0__f_clk/X (sky130_fd_sc_hd__clkbuf_16)
                                                         clknet_1_0__leaf_clk (net)
                      0.034949    0.000243    0.279591 ^ _45_/CLK (sky130_fd_sc_hd__dfrtp_1)
     4    0.009586    0.068983    0.386313    0.665904 v _45_/Q (sky130_fd_sc_hd__dfrtp_1)
                                                         net5 (net)
                      0.068983    0.000222    0.666126 v output5/A (sky130_fd_sc_hd__buf_2)
     1    0.034061    0.089030    0.190428    0.856554 v output5/X (sky130_fd_sc_hd__buf_2)
                                                         count[2] (net)
                      0.089034    0.000655    0.857209 v count[2] (out)
                                              0.857209   data arrival time

                                  0.000000    0.000000   clock clk (rise edge)
                                  0.000000    0.000000   clock network delay (propagated)
                                  0.250000    0.250000   clock uncertainty
                                  0.000000    0.250000   clock reconvergence pessimism
                                 -4.000000   -3.750000   output external delay
                                             -3.750000   data required time
---------------------------------------------------------------------------------------------
                                             -3.750000   data required time
                                             -0.857209   data arrival time
---------------------------------------------------------------------------------------------
                                              4.607209   slack (MET)


Startpoint: _40_ (rising edge-triggered flip-flop clocked by clk)
Endpoint: count[5] (output port clocked by clk)
Path Group: clk
Path Type: min

Fanout         Cap        Slew       Delay        Time   Description
---------------------------------------------------------------------------------------------
                                  0.000000    0.000000   clock clk (rise edge)
                                  0.000000    0.000000   clock source latency
     1    0.010642    0.054292    0.036144    0.036144 ^ clk (in)
                                                         clk (net)
                      0.054294    0.000000    0.036144 ^ clkbuf_0_clk/A (sky130_fd_sc_hd__clkbuf_16)
     2    0.017939    0.040083    0.126688    0.162832 ^ clkbuf_0_clk/X (sky130_fd_sc_hd__clkbuf_16)
                                                         clknet_0_clk (net)
                      0.040094    0.000504    0.163336 ^ clkbuf_1_1__f_clk/A (sky130_fd_sc_hd__clkbuf_16)
     4    0.010475    0.033744    0.114516    0.277851 ^ clkbuf_1_1__f_clk/X (sky130_fd_sc_hd__clkbuf_16)
                                                         clknet_1_1__leaf_clk (net)
                      0.033744    0.000193    0.278044 ^ _40_/CLK (sky130_fd_sc_hd__dfrtp_1)
     4    0.009962    0.070653    0.387373    0.665417 v _40_/Q (sky130_fd_sc_hd__dfrtp_1)
                                                         net8 (net)
                      0.070653    0.000238    0.665655 v output8/A (sky130_fd_sc_hd__buf_2)
     1    0.033971    0.088823    0.191052    0.856707 v output8/X (sky130_fd_sc_hd__buf_2)
                                                         count[5] (net)
                      0.088826    0.000616    0.857323 v count[5] (out)
                                              0.857323   data arrival time

                                  0.000000    0.000000   clock clk (rise edge)
                                  0.000000    0.000000   clock network delay (propagated)
                                  0.250000    0.250000   clock uncertainty
                                  0.000000    0.250000   clock reconvergence pessimism
                                 -4.000000   -3.750000   output external delay
                                             -3.750000   data required time
---------------------------------------------------------------------------------------------
                                             -3.750000   data required time
                                             -0.857323   data arrival time
---------------------------------------------------------------------------------------------
                                              4.607323   slack (MET)


Startpoint: _39_ (rising edge-triggered flip-flop clocked by clk)
Endpoint: count[4] (output port clocked by clk)
Path Group: clk
Path Type: min

Fanout         Cap        Slew       Delay        Time   Description
---------------------------------------------------------------------------------------------
                                  0.000000    0.000000   clock clk (rise edge)
                                  0.000000    0.000000   clock source latency
     1    0.010642    0.054292    0.036144    0.036144 ^ clk (in)
                                                         clk (net)
                      0.054294    0.000000    0.036144 ^ clkbuf_0_clk/A (sky130_fd_sc_hd__clkbuf_16)
     2    0.017939    0.040083    0.126688    0.162832 ^ clkbuf_0_clk/X (sky130_fd_sc_hd__clkbuf_16)
                                                         clknet_0_clk (net)
                      0.040094    0.000504    0.163336 ^ clkbuf_1_1__f_clk/A (sky130_fd_sc_hd__clkbuf_16)
     4    0.010475    0.033744    0.114516    0.277851 ^ clkbuf_1_1__f_clk/X (sky130_fd_sc_hd__clkbuf_16)
                                                         clknet_1_1__leaf_clk (net)
                      0.033744    0.000199    0.278050 ^ _39_/CLK (sky130_fd_sc_hd__dfrtp_1)
     5    0.012449    0.081321    0.397382    0.675432 v _39_/Q (sky130_fd_sc_hd__dfrtp_1)
                                                         net7 (net)
                      0.081321    0.000207    0.675639 v output7/A (sky130_fd_sc_hd__buf_2)
     1    0.034140    0.089216    0.196186    0.871825 v output7/X (sky130_fd_sc_hd__buf_2)
                                                         count[4] (net)
                      0.089220    0.000659    0.872484 v count[4] (out)
                                              0.872484   data arrival time

                                  0.000000    0.000000   clock clk (rise edge)
                                  0.000000    0.000000   clock network delay (propagated)
                                  0.250000    0.250000   clock uncertainty
                                  0.000000    0.250000   clock reconvergence pessimism
                                 -4.000000   -3.750000   output external delay
                                             -3.750000   data required time
---------------------------------------------------------------------------------------------
                                             -3.750000   data required time
                                             -0.872484   data arrival time
---------------------------------------------------------------------------------------------
                                              4.622484   slack (MET)



