OpenROAD f552262465b0bfef8f097e258f94bc501d01e19d 
Features included (+) or not (-): +GPU +GUI +Python
This program is licensed under the BSD-3 license. See the LICENSE file for details.
Components of this program may be licensed under more restrictive licenses which must be honored.
[INFO ORD-0030] Using 12 thread(s).
read_liberty /opt/eda/orfs-6101364b/flow/platforms/sky130hd/lib/sky130_fd_sc_hd__tt_025C_1v80.lib
read_db /root/cac_runs/ntt_dp_20ns/results/sky130hd/cac_ntt_dp_20ns/base/3_3_place_gp.odb
read_sdc /root/cac_runs/ntt_dp_20ns/results/sky130hd/cac_ntt_dp_20ns/base/2_floorplan.sdc
source /opt/eda/orfs-6101364b/flow/platforms/sky130hd/setRC.tcl
estimate_parasitics -placement
Took 5 seconds: estimate_parasitics -placement
Perform buffer insertion and gate resizing...
repair_design -verbose -match_cell_footprint
Iteration |   Area    | Resized | Buffers | Nets repaired | Remaining
---------------------------------------------------------------------
        0 |     +0.0% |       0 |       0 |             0 |     29738
     1000 |     +0.0% |       0 |       0 |             0 |     28738
     2000 |     +0.0% |       0 |       0 |             0 |     27738
     3000 |     +0.0% |       0 |       1 |             1 |     26738
     4000 |     +0.0% |       0 |       1 |             1 |     25738
     5000 |     +0.0% |       0 |       1 |             1 |     24738
     6000 |     +0.0% |       0 |       1 |             1 |     23738
     7000 |     +0.0% |       0 |       1 |             1 |     22738
     8000 |     +0.0% |       0 |       1 |             1 |     21738
     9000 |     +0.0% |       0 |       1 |             1 |     20738
    10000 |     +0.0% |       0 |       1 |             1 |     19738
    11000 |     +0.0% |       0 |       1 |             1 |     18738
    12000 |     +0.0% |       0 |       1 |             1 |     17738
    13000 |     +0.0% |       0 |       1 |             1 |     16738
    14000 |     +0.0% |       0 |       1 |             1 |     15738
    15000 |     +0.0% |       1 |       1 |             2 |     14738
    16000 |     +0.0% |       1 |       1 |             2 |     13738
    17000 |     +0.0% |       1 |       1 |             2 |     12738
    18000 |     +0.0% |       1 |       1 |             2 |     11738
    19000 |     +0.0% |       1 |       1 |             2 |     10738
    20000 |     +0.0% |       1 |       1 |             2 |      9738
    21000 |     +0.0% |       1 |       1 |             2 |      8738
    22000 |     +0.0% |       1 |       1 |             2 |      7738
    23000 |     +0.0% |       1 |       1 |             2 |      6738
    24000 |     +0.0% |       1 |       1 |             2 |      5738
    25000 |     +0.0% |       1 |       1 |             2 |      4738
    26000 |     +0.0% |       1 |       1 |             2 |      3738
    27000 |     +0.0% |       1 |       1 |             2 |      2738
    28000 |     +0.0% |       1 |       1 |             2 |      1738
    29000 |     +0.0% |       1 |       1 |             2 |       738
    final |     +0.0% |       1 |       1 |             2 |         0
---------------------------------------------------------------------
[INFO RSZ-0034] Found 1 slew violations.
[INFO RSZ-0036] Found 1 capacitance violations.
[INFO RSZ-0039] Resized 1 instances.
[INFO RSZ-0038] Inserted 1 buffers in 2 nets.
[INFO RSZ-0504] Runtime: 5.79s
Took 8 seconds: repair_design -verbose -match_cell_footprint
Floating nets: 
Report metrics stage 3, resizer...

==========================================================================
resizer report_design_area
--------------------------------------------------------------------------
Design area 269813 um^2 47% utilization.
Instance count before 36556, after 36557
Pin count before 107752, after 107754
write_db /root/cac_runs/ntt_dp_20ns/results/sky130hd/cac_ntt_dp_20ns/base/3_4_place_resized.odb
Elapsed time: 0:32.07[h:]min:sec. CPU time: user 28.73 sys 3.56 (100%). Peak memory: 296812KB.
Log                       Ext     Elapsed/s Peak Memory/MB sha1sum result [0:20)
3_4_place_resized         .odb           32            289 c4d029f36195d854da07
